[2026-07-26 16:08:42,339] [INFO] [latex_compiler.py:337]: Starting LaTeX compilation for: G:\work\Journal2LaTeX\backend\temp\59a0c0ec-56e4-404b-82b2-f9a237f6a486\rendered\main.tex
[2026-07-26 16:08:42,497] [INFO] [latex_compiler.py:364]: Applied template compatibility layer to main.tex
[2026-07-26 16:08:42,500] [INFO] [latex_compiler.py:126]: Rendered working directory tree before compilation:
  everyshi.sty
  logo7pt-eps-converted-to.pdf
  logo7pt.eps
  main.tex
  media/
    image1.jpeg
    image10.jpeg
    image4.jpeg
    image5.png
    image6.png
    image7.png
    image8.jpeg
    image9.jpeg
    office_obj_1.png
  NSP1.cls
  psfig.sty
  template.aux
  template.log
  template.out
  template.pdf
  template.synctex.gz
  template.tex
[2026-07-26 16:08:42,503] [INFO] [latex_compiler.py:132]: Template resource manifest (21 files):
  everyshi.sty                             template resource (package / style)
  logo7pt-eps-converted-to.pdf             template resource (graphic (PDF))
  logo7pt.eps                              template resource (graphic (EPS))
  main.tex                                 generated document / build artefact
  media\image1.jpeg                        renderer-generated media
  media\image10.jpeg                       renderer-generated media
  media\image4.jpeg                        renderer-generated media
  media\image5.png                         renderer-generated media
  media\image6.png                         renderer-generated media
  media\image7.png                         renderer-generated media
  media\image8.jpeg                        renderer-generated media
  media\image9.jpeg                        renderer-generated media
  media\office_obj_1.png                   renderer-generated media
  NSP1.cls                                 template resource (document class)
  psfig.sty                                template resource (package / style)
  template.aux                             generated document / build artefact
  template.log                             generated document / build artefact
  template.out                             generated document / build artefact
  template.pdf                             template resource (graphic (PDF))
  template.synctex.gz                      generated document / build artefact
  template.tex                             template resource (included source)
[2026-07-26 16:08:43,110] [INFO] [latex_compiler.py:154]: Dependency resolution (28 references):
  [LOCAL  ] documentclass   NSP1
  [SYSTEM ] usepackage      xcolor
  [SYSTEM ] usepackage      makecell
  [SYSTEM ] usepackage      url
  [SYSTEM ] usepackage      floatflt
  [SYSTEM ] usepackage      helvet
  [SYSTEM ] usepackage      times
  [SYSTEM ] usepackage      float
  [SYSTEM ] usepackage      graphicx
  [SYSTEM ] usepackage      mathptmx
  [SYSTEM ] usepackage      amsmath
  [SYSTEM ] usepackage      amssymb
  [SYSTEM ] usepackage      bm
  [SYSTEM ] usepackage      caption
  [SYSTEM ] usepackage      multirow
  [SYSTEM ] usepackage      array
  [SYSTEM ] usepackage      newunicodechar
  [SYSTEM ] usepackage      cuted
  [SYSTEM ] usepackage      fancyhdr
  [DYNAMIC] includegraphics #1
  [LOCAL  ] includegraphics media/image4.jpeg
  [LOCAL  ] includegraphics media/image5.png
  [LOCAL  ] includegraphics media/office_obj_1.png
  [LOCAL  ] includegraphics media/image6.png
  [LOCAL  ] includegraphics media/image7.png
  [LOCAL  ] includegraphics media/image8.jpeg
  [LOCAL  ] includegraphics media/image9.jpeg
  [LOCAL  ] includegraphics media/image10.jpeg
[2026-07-26 16:08:43,110] [INFO] [latex_compiler.py:395]: Using latexmk compiler.
[2026-07-26 16:08:45,734] [INFO] [latex_compiler.py:462]: Compilation completed successfully. PDF generated at: G:\work\Journal2LaTeX\backend\temp\59a0c0ec-56e4-404b-82b2-f9a237f6a486\output\paper.pdf
