STDOUT:
Initial Win CP for (console input, console output, system): (CP437, CP65001, CP1252)
I changed them all to CP1252
Rc files read (in order):
  NONE
Latexmk: This is Latexmk, John Collins, 9 March 2026. Version 4.88.
No existing .aux file, so I'll make a simple one, and require run of *latex.
Force everything to be remade.
Latexmk: applying rule 'pdflatex'...
Rule 'pdflatex':  Reasons for rerun
Category 'other':
  Rerun of 'pdflatex' forced or previously required:
    Reason or flag: 'go_mode'

------------
Run number 1 of rule 'pdflatex'
------------
------------
Running 'pdflatex  -interaction=nonstopmode -file-line-error -recorder  "G:/work/Journal2LaTeX/backend/temp/59a0c0ec-56e4-404b-82b2-f9a237f6a486/rendered/main.tex"'
------------
This is pdfTeX, Version 3.141592653-2.6-1.40.29 (MiKTeX 26.5) (preloaded format=pdflatex.fmt)
 restricted \write18 enabled.
entering extended mode

(G:/work/Journal2LaTeX/backend/temp/59a0c0ec-56e4-404b-82b2-f9a237f6a486/render
ed/main.tex
LaTeX2e <2026-06-01>
L3 programming layer <2026-06-18>
(C:\Users\asus\AppData\Local\Programs\MiKTeX\tex/latex/xcolor\xcolor.sty
(C:\Users\asus\AppData\Local\Programs\MiKTeX\tex/latex/graphics-cfg\color.cfg)
(C:\Users\asus\AppData\Local\Programs\MiKTeX\tex/latex/graphics-def\pdftex.def)
 (C:\Users\asus\AppData\Local\Programs\MiKTeX\tex/latex/graphics\mathcolor.ltx)
) (C:\Users\asus\AppData\Local\Programs\MiKTeX\tex/latex/graphics\dvipsnam.def)
 (C:\Users\asus\AppData\Local\Programs\MiKTeX\tex/latex/xcolor\svgnam.def)
(C:\Users\asus\AppData\Local\Programs\MiKTeX\tex/latex/xcolor\x11nam.def)
(C:\Users\asus\AppData\Local\Programs\MiKTeX\tex/latex/colortbl\colortbl.sty
(C:\Users\asus\AppData\Local\Programs\MiKTeX\tex/latex/tools\array.sty)
new hooks used!!
) (NSP1.cls
Document Class: NSP1 2012/01/01
(C:\Users\asus\AppData\Local\Programs\MiKTeX\tex/latex/base\fleqn.clo)
(C:\Users\asus\AppData\Local\Programs\MiKTeX\tex/latex/graphics\graphicx.sty
(C:\Users\asus\AppData\Local\Programs\MiKTeX\tex/latex/graphics\keyval.sty)
(C:\Users\asus\AppData\Local\Programs\MiKTeX\tex/latex/graphics\graphics.sty
(C:\Users\asus\AppData\Local\Programs\MiKTeX\tex/latex/graphics\trig.sty)
(C:\Users\asus\AppData\Local\Programs\MiKTeX\tex/latex/graphics-cfg\graphics.cf
g)))
(C:\Users\asus\AppData\Local\Programs\MiKTeX\tex/latex/lastpage\lastpage.sty
(C:\Users\asus\AppData\Local\Programs\MiKTeX\tex/latex/lastpage\lastpage2e.sty
(C:\Users\asus\AppData\Local\Programs\MiKTeX\tex/latex/lastpage\lastpagemodern.
sty) 
)) (C:\Users\asus\AppData\Local\Programs\MiKTeX\tex/latex/hyperref\hyperref.sty
(C:\Users\asus\AppData\Local\Programs\MiKTeX\tex/generic/iftex\iftex.sty)
(C:\Users\asus\AppData\Local\Programs\MiKTeX\tex/latex/kvsetkeys\kvsetkeys.sty)

(C:\Users\asus\AppData\Local\Programs\MiKTeX\tex/generic/kvdefinekeys\kvdefinek
eys.sty)
(C:\Users\asus\AppData\Local\Programs\MiKTeX\tex/generic/pdfescape\pdfescape.st
y (C:\Users\asus\AppData\Local\Programs\MiKTeX\tex/generic/ltxcmds\ltxcmds.sty)

(C:\Users\asus\AppData\Local\Programs\MiKTeX\tex/generic/pdftexcmds\pdftexcmds.
sty
(C:\Users\asus\AppData\Local\Programs\MiKTeX\tex/generic/infwarerr\infwarerr.st
y))) (C:\Users\asus\AppData\Local\Programs\MiKTeX\tex/latex/hycolor\hycolor.sty
) (C:\Users\asus\AppData\Local\Programs\MiKTeX\tex/latex/hyperref\nameref.sty
(C:\Users\asus\AppData\Local\Programs\MiKTeX\tex/latex/refcount\refcount.sty)
(C:\Users\asus\AppData\Local\Programs\MiKTeX\tex/generic/gettitlestring\gettitl
estring.sty
(C:\Users\asus\AppData\Local\Programs\MiKTeX\tex/latex/kvoptions\kvoptions.sty)
)) (C:\Users\asus\AppData\Local\Programs\MiKTeX\tex/latex/etoolbox\etoolbox.sty
)
(C:\Users\asus\AppData\Local\Programs\MiKTeX\tex/generic/stringenc\stringenc.st
y) (C:\Users\asus\AppData\Local\Programs\MiKTeX\tex/latex/hyperref\pd1enc.def)
(C:\Users\asus\AppData\Local\Programs\MiKTeX\tex/generic/intcalc\intcalc.sty)
(C:\Users\asus\AppData\Local\Programs\MiKTeX\tex/latex/hyperref\puenc.def)
(C:\Users\asus\AppData\Local\Programs\MiKTeX\tex/latex/url\url.sty)
(C:\Users\asus\AppData\Local\Programs\MiKTeX\tex/generic/bitset\bitset.sty
(C:\Users\asus\AppData\Local\Programs\MiKTeX\tex/generic/bigintcalc\bigintcalc.
sty))

Package hyperref Warning: Option `pdfpagelabels' is turned off
(hyperref)                because \thepage is undefined.

) (C:\Users\asus\AppData\Local\Programs\MiKTeX\tex/latex/hyperref\hpdftex.def
(C:\Users\asus\AppData\Local\Programs\MiKTeX\tex/latex/rerunfilecheck\rerunfile
check.sty
(C:\Users\asus\AppData\Local\Programs\MiKTeX\tex/generic/uniquecounter\uniqueco
unter.sty))))
(C:\Users\asus\AppData\Local\Programs\MiKTeX\tex/latex/makecell\makecell.sty)
(C:\Users\asus\AppData\Local\Programs\MiKTeX\tex/latex/floatflt\floatflt.sty)
(C:\Users\asus\AppData\Local\Programs\MiKTeX\tex/latex/psnfss\helvet.sty)
(C:\Users\asus\AppData\Local\Programs\MiKTeX\tex/latex/psnfss\times.sty)
(C:\Users\asus\AppData\Local\Programs\MiKTeX\tex/latex/float\float.sty)
(C:\Users\asus\AppData\Local\Programs\MiKTeX\tex/latex/psnfss\mathptmx.sty)
(C:\Users\asus\AppData\Local\Programs\MiKTeX\tex/latex/amsmath\amsmath.sty
For additional information on amsmath, use the `?' option.
(C:\Users\asus\AppData\Local\Programs\MiKTeX\tex/latex/amsmath\amstext.sty
(C:\Users\asus\AppData\Local\Programs\MiKTeX\tex/latex/amsmath\amsgen.sty))
(C:\Users\asus\AppData\Local\Programs\MiKTeX\tex/latex/amsmath\amsbsy.sty)
(C:\Users\asus\AppData\Local\Programs\MiKTeX\tex/latex/amsmath\amsopn.sty))
(C:\Users\asus\AppData\Local\Programs\MiKTeX\tex/latex/amsfonts\amssymb.sty
(C:\Users\asus\AppData\Local\Programs\MiKTeX\tex/latex/amsfonts\amsfonts.sty))
(C:\Users\asus\AppData\Local\Programs\MiKTeX\tex/latex/tools\bm.sty)
(C:\Users\asus\AppData\Local\Programs\MiKTeX\tex/latex/caption\caption.sty
(C:\Users\asus\AppData\Local\Programs\MiKTeX\tex/latex/caption\caption3.sty)

Package caption Warning: Unknown document class (or package),
(caption)                standard defaults will be used.
See the caption package documentation for explanation.

) (C:\Users\asus\AppData\Local\Programs\MiKTeX\tex/latex/multirow\multirow.sty)

(C:\Users\asus\AppData\Local\Programs\MiKTeX\tex/latex/newunicodechar\newunicod
echar.sty)
(C:\Users\asus\AppData\Local\Programs\MiKTeX\tex/latex/sttools\cuted.sty)

Package newunicodechar Warning: Redefining Unicode character on input line 101.



Package newunicodechar Warning: Redefining Unicode character on input line 102.



Package newunicodechar Warning: Redefining Unicode character on input line 103.



Package newunicodechar Warning: Redefining Unicode character on input line 104.



Package newunicodechar Warning: Redefining Unicode character on input line 105.



Package newunicodechar Warning: Redefining Unicode character on input line 106.



Package newunicodechar Warning: Redefining Unicode character on input line 107.



Package newunicodechar Warning: Redefining Unicode character on input line 108.



Package newunicodechar Warning: Redefining Unicode character on input line 109.



Package newunicodechar Warning: Redefining Unicode character on input line 110.


(C:\Users\asus\AppData\Local\Programs\MiKTeX\tex/latex/fancyhdr\fancyhdr.sty)
(C:\Users\asus\AppData\Local\Programs\MiKTeX\tex/latex/psnfss\ot1ptm.fd)
(C:\Users\asus\AppData\Local\Programs\MiKTeX\tex/latex/l3backend\l3backend-pdft
ex.def) (main.aux)
(C:\Users\asus\AppData\Local\Programs\MiKTeX\tex/context/base/mkii\supp-pdf.mki
i
[Loading MPS to PDF converter (version 2006.09.02).]
)
(C:\Users\asus\AppData\Local\Programs\MiKTeX\tex/latex/epstopdf-pkg\epstopdf-ba
se.sty
(C:\Users\asus\AppData\Local\Programs\MiKTeX\tex/latex/00miktex\epstopdf-sys.cf
g)) (C:\Users\asus\AppData\Local\Programs\MiKTeX\tex/latex/psnfss\ts1ptm.fd)
[1{C:/Users/asus/AppData/Local/MiKTeX/fonts/map/pdftex/pdftex.map}{C:/Users/asu
s/AppData/Local/Programs/MiKTeX/fonts/enc/dvips/base/8r.enc} <./media/image4.jp
eg>] [2]
Underfull \vbox (badness 1558) has occurred while \output is active [3]
[4] [5] [6] [7] [8] [9] [10] [11] [12] [13]

G:/work/Journal2LaTeX/backend/temp/59a0c0ec-56e4-404b-82b2-f9a237f6a486/rendere
d/main.tex:372: LaTeX Error: strip used only in twocolumn mode!.

See the LaTeX manual or LaTeX Companion for explanation.
Type  H <return>  for immediate help.
 ...                                              
                                                  
l.372 \JLTXaboveplacement \begin{strip}
                                       
(C:\Users\asus\AppData\Local\Programs\MiKTeX\tex/latex/psnfss\ot1ztmcm.fd)
(C:\Users\asus\AppData\Local\Programs\MiKTeX\tex/latex/psnfss\omlztmcm.fd)
(C:\Users\asus\AppData\Local\Programs\MiKTeX\tex/latex/psnfss\omsztmcm.fd)
(C:\Users\asus\AppData\Local\Programs\MiKTeX\tex/latex/psnfss\omxztmcm.fd)

Package caption Warning: The option `hypcap=true' will be ignored for this
(caption)                particular \caption on input line 404.
See the caption package documentation for explanation.


G:/work/Journal2LaTeX/backend/temp/59a0c0ec-56e4-404b-82b2-f9a237f6a486/rendere
d/main.tex:406: LaTeX Error: strip used only in twocolumn mode!.

See the LaTeX manual or LaTeX Companion for explanation.
Type  H <return>  for immediate help.
 ...                                              
                                                  
l.406 \end{strip}
                 \JLTXbelowplacement

Overfull \hbox (2.29428pt too wide) in paragraph at lines 372--406
 [] 

Underfull \vbox (badness 10000) has occurred while \output is active [14]

G:/work/Journal2LaTeX/backend/temp/59a0c0ec-56e4-404b-82b2-f9a237f6a486/rendere
d/main.tex:423: LaTeX Error: strip used only in twocolumn mode!.

See the LaTeX manual or LaTeX Companion for explanation.
Type  H <return>  for immediate help.
 ...                                              
                                                  
l.423 \JLTXaboveplacement \begin{strip}
                                       

Package caption Warning: The option `hypcap=true' will be ignored for this
(caption)                particular \caption on input line 428.
See the caption package documentation for explanation.


G:/work/Journal2LaTeX/backend/temp/59a0c0ec-56e4-404b-82b2-f9a237f6a486/rendere
d/main.tex:431: LaTeX Error: strip used only in twocolumn mode!.

See the LaTeX manual or LaTeX Companion for explanation.
Type  H <return>  for immediate help.
 ...                                              
                                                  
l.431 \end{strip}
                 \JLTXbelowplacement

Overfull \hbox (2.29428pt too wide) in paragraph at lines 423--431
 [] 
[15 <./media/image5.png (PNG copy)> <./media/office_obj_1.png (PNG copy)>]
[16 <./media/image6.png (PNG copy)>]

G:/work/Journal2LaTeX/backend/temp/59a0c0ec-56e4-404b-82b2-f9a237f6a486/rendere
d/main.tex:470: LaTeX Error: strip used only in twocolumn mode!.

See the LaTeX manual or LaTeX Companion for explanation.
Type  H <return>  for immediate help.
 ...                                              
                                                  
l.470 \JLTXaboveplacement \begin{strip}
                                       

Package caption Warning: The option `hypcap=true' will be ignored for this
(caption)                particular \caption on input line 494.
See the caption package documentation for explanation.


G:/work/Journal2LaTeX/backend/temp/59a0c0ec-56e4-404b-82b2-f9a237f6a486/rendere
d/main.tex:496: LaTeX Error: strip used only in twocolumn mode!.

See the LaTeX manual or LaTeX Companion for explanation.
Type  H <return>  for immediate help.
 ...                                              
                                                  
l.496 \end{strip}
                 \JLTXbelowplacement

Overfull \hbox (2.29428pt too wide) in paragraph at lines 470--496
 [] 

G:/work/Journal2LaTeX/backend/temp/59a0c0ec-56e4-404b-82b2-f9a237f6a486/rendere
d/main.tex:504: LaTeX Error: strip used only in twocolumn mode!.

See the LaTeX manual or LaTeX Companion for explanation.
Type  H <return>  for immediate help.
 ...                                              
                                                  
l.504 \JLTXaboveplacement \begin{strip}
                                       

Package caption Warning: The option `hypcap=true' will be ignored for this
(caption)                particular \caption on input line 516.
See the caption package documentation for explanation.


G:/work/Journal2LaTeX/backend/temp/59a0c0ec-56e4-404b-82b2-f9a237f6a486/rendere
d/main.tex:518: LaTeX Error: strip used only in twocolumn mode!.

See the LaTeX manual or LaTeX Companion for explanation.
Type  H <return>  for immediate help.
 ...                                              
                                                  
l.518 \end{strip}
                 \JLTXbelowplacement

Overfull \hbox (2.29428pt too wide) in paragraph at lines 504--518
 [] 

Underfull \vbox (badness 2418) has occurred while \output is active [17]
(C:\Users\asus\AppData\Local\Programs\MiKTeX\tex/latex/psnfss\omlptm.fd)

G:/work/Journal2LaTeX/backend/temp/59a0c0ec-56e4-404b-82b2-f9a237f6a486/rendere
d/main.tex:528: LaTeX Error: strip used only in twocolumn mode!.

See the LaTeX manual or LaTeX Companion for explanation.
Type  H <return>  for immediate help.
 ...                                              
                                                  
l.528 \JLTXaboveplacement \begin{strip}
                                       

Package caption Warning: The option `hypcap=true' will be ignored for this
(caption)                particular \caption on input line 562.
See the caption package documentation for explanation.


G:/work/Journal2LaTeX/backend/temp/59a0c0ec-56e4-404b-82b2-f9a237f6a486/rendere
d/main.tex:564: LaTeX Error: strip used only in twocolumn mode!.

See the LaTeX manual or LaTeX Companion for explanation.
Type  H <return>  for immediate help.
 ...                                              
                                                  
l.564 \end{strip}
                 \JLTXbelowplacement

Overfull \hbox (2.29428pt too wide) in paragraph at lines 528--564
 [] 
[18]

G:/work/Journal2LaTeX/backend/temp/59a0c0ec-56e4-404b-82b2-f9a237f6a486/rendere
d/main.tex:582: LaTeX Error: strip used only in twocolumn mode!.

See the LaTeX manual or LaTeX Companion for explanation.
Type  H <return>  for immediate help.
 ...                                              
                                                  
l.582 \JLTXaboveplacement \begin{strip}
                                       

Package caption Warning: The option `hypcap=true' will be ignored for this
(caption)                particular \caption on input line 606.
See the caption package documentation for explanation.


G:/work/Journal2LaTeX/backend/temp/59a0c0ec-56e4-404b-82b2-f9a237f6a486/rendere
d/main.tex:608: LaTeX Error: strip used only in twocolumn mode!.

See the LaTeX manual or LaTeX Companion for explanation.
Type  H <return>  for immediate help.
 ...                                              
                                                  
l.608 \end{strip}
                 \JLTXbelowplacement

Overfull \hbox (2.29428pt too wide) in paragraph at lines 582--608
 [] 
[19 <./media/image7.png (PNG copy)>]

G:/work/Journal2LaTeX/backend/temp/59a0c0ec-56e4-404b-82b2-f9a237f6a486/rendere
d/main.tex:629: LaTeX Error: strip used only in twocolumn mode!.

See the LaTeX manual or LaTeX Companion for explanation.
Type  H <return>  for immediate help.
 ...                                              
                                                  
l.629 \JLTXaboveplacement \begin{strip}
                                       

Package caption Warning: The option `hypcap=true' will be ignored for this
(caption)                particular \caption on input line 645.
See the caption package documentation for explanation.


G:/work/Journal2LaTeX/backend/temp/59a0c0ec-56e4-404b-82b2-f9a237f6a486/rendere
d/main.tex:647: LaTeX Error: strip used only in twocolumn mode!.

See the LaTeX manual or LaTeX Companion for explanation.
Type  H <return>  for immediate help.
 ...                                              
                                                  
l.647 \end{strip}
                 \JLTXbelowplacement

Overfull \hbox (2.29428pt too wide) in paragraph at lines 629--647
 [] 

G:/work/Journal2LaTeX/backend/temp/59a0c0ec-56e4-404b-82b2-f9a237f6a486/rendere
d/main.tex:659: LaTeX Error: strip used only in twocolumn mode!.

See the LaTeX manual or LaTeX Companion for explanation.
Type  H <return>  for immediate help.
 ...                                              
                                                  
l.659 \JLTXaboveplacement \begin{strip}
                                       

Package caption Warning: The option `hypcap=true' will be ignored for this
(caption)                particular \caption on input line 675.
See the caption package documentation for explanation.


G:/work/Journal2LaTeX/backend/temp/59a0c0ec-56e4-404b-82b2-f9a237f6a486/rendere
d/main.tex:677: LaTeX Error: strip used only in twocolumn mode!.

See the LaTeX manual or LaTeX Companion for explanation.
Type  H <return>  for immediate help.
 ...                                              
                                                  
l.677 \end{strip}
                 \JLTXbelowplacement

Overfull \hbox (2.29428pt too wide) in paragraph at lines 659--677
 [] 
[20]

G:/work/Journal2LaTeX/backend/temp/59a0c0ec-56e4-404b-82b2-f9a237f6a486/rendere
d/main.tex:687: LaTeX Error: strip used only in twocolumn mode!.

See the LaTeX manual or LaTeX Companion for explanation.
Type  H <return>  for immediate help.
 ...                                              
                                                  
l.687 \JLTXaboveplacement \begin{strip}
                                       

Package caption Warning: The option `hypcap=true' will be ignored for this
(caption)                particular \caption on input line 703.
See the caption package documentation for explanation.


G:/work/Journal2LaTeX/backend/temp/59a0c0ec-56e4-404b-82b2-f9a237f6a486/rendere
d/main.tex:705: LaTeX Error: strip used only in twocolumn mode!.

See the LaTeX manual or LaTeX Companion for explanation.
Type  H <return>  for immediate help.
 ...                                              
                                                  
l.705 \end{strip}
                 \JLTXbelowplacement

Overfull \hbox (2.29428pt too wide) in paragraph at lines 687--705
 [] 

G:/work/Journal2LaTeX/backend/temp/59a0c0ec-56e4-404b-82b2-f9a237f6a486/rendere
d/main.tex:715: LaTeX Error: strip used only in twocolumn mode!.

See the LaTeX manual or LaTeX Companion for explanation.
Type  H <return>  for immediate help.
 ...                                              
                                                  
l.715 \JLTXaboveplacement \begin{strip}
                                       

Package caption Warning: The option `hypcap=true' will be ignored for this
(caption)                particular \caption on input line 729.
See the caption package documentation for explanation.


G:/work/Journal2LaTeX/backend/temp/59a0c0ec-56e4-404b-82b2-f9a237f6a486/rendere
d/main.tex:731: LaTeX Error: strip used only in twocolumn mode!.

See the LaTeX manual or LaTeX Companion for explanation.
Type  H <return>  for immediate help.
 ...                                              
                                                  
l.731 \end{strip}
                 \JLTXbelowplacement

Overfull \hbox (2.29428pt too wide) in paragraph at lines 715--731
 [] 
[21] [22] [23] [24] [25 <./media/image8.jpeg> <./media/image9.jpeg>] [26 <./med
ia/image10.jpeg>]

enddocument/afterlastpage (AED): lastpage setting LastPage.
(main.aux)

LaTeX Warning: Label(s) may have changed. Rerun to get cross-references right.


Package rerunfilecheck Warning: File `main.out' has changed.
(rerunfilecheck)                Rerun to get outlines right
(rerunfilecheck)                or use package `bookmark'.


Package lastpage Warning: Rerun to get the references right on input line 918.

 )
(see the transcript file for additional information)<C:/Users/asus/AppData/Loca
l/Programs/MiKTeX/fonts/type1/public/amsfonts/cm/cmmi12.pfb><C:/Users/asus/AppD
ata/Local/Programs/MiKTeX/fonts/type1/public/amsfonts/cm/cmmi9.pfb><C:/Users/as
us/AppData/Local/Programs/MiKTeX/fonts/type1/public/amsfonts/cm/cmsy10.pfb><C:/
Users/asus/AppData/Local/Programs/MiKTeX/fonts/type1/urw/symbol/usyr.pfb><C:/Us
ers/asus/AppData/Local/Programs/MiKTeX/fonts/type1/urw/times/utmb8a.pfb><C:/Use
rs/asus/AppData/Local/Programs/MiKTeX/fonts/type1/urw/times/utmr8a.pfb>
Output written on main.pdf (26 pages, 367179 bytes).
Transcript written on main.log.
Latexmk: Getting log file 'main.log'
Latexmk: Examining 'main.fls'
Latexmk: Examining 'main.log'
Latexmk: References changed.
Latexmk: References changed.
Latexmk: References changed.
Latexmk: Log file says output to 'main.pdf'
Latexmk: Errors, so I did not complete making targets
Collected error summary (may duplicate other messages):
  pdflatex: Command for 'pdflatex' gave return code 1
      Refer to 'main.log' and/or above output for details



STDERR:
Latexmk: Sometimes, the -f option can be used to get latexmk
  to try to force complete processing.
  But normally, you will need to correct the file(s) that caused the
  error, and then rerun latexmk.
  In some cases, it is best to clean out generated files before rerunning
  latexmk after you've corrected the files.
Reverting Windows console CPs to (in,out) = (437,65001)
