[2026-07-26 16:08:33,835] [INFO] [job_manager.py:136]: Job 59a0c0ec-56e4-404b-82b2-f9a237f6a486 workspace created successfully
[2026-07-26 16:08:33,867] [INFO] [pipeline_service.py:46]: Starting validation for job: 59a0c0ec-56e4-404b-82b2-f9a237f6a486
[2026-07-26 16:08:33,881] [INFO] [job_manager.py:180]: Job status updated to: VALIDATING
[2026-07-26 16:08:33,896] [INFO] [job_manager.py:204]: Progress updated to 10%: Validating input Word Document
[2026-07-26 16:08:33,916] [INFO] [pipeline_service.py:61]: Validation successful.
[2026-07-26 16:08:33,931] [INFO] [job_manager.py:204]: Progress updated to 20%: Input document validated successfully
[2026-07-26 16:08:33,931] [INFO] [pipeline_service.py:68]: Starting document analysis for job: 59a0c0ec-56e4-404b-82b2-f9a237f6a486
[2026-07-26 16:08:33,945] [INFO] [job_manager.py:180]: Job status updated to: ANALYZING_DOCUMENT
[2026-07-26 16:08:33,961] [INFO] [job_manager.py:204]: Progress updated to 30%: Analyzing document structure and content blocks
[2026-07-26 16:08:33,961] [INFO] [document_analyzer.py:33]: Starting improved document analysis for: G:\work\Journal2LaTeX\backend\temp\59a0c0ec-56e4-404b-82b2-f9a237f6a486\input\The role.docx
[2026-07-26 16:08:35,318] [INFO] [document_analyzer.py:517]: Parsed document: title='The Role of Social Media in the Spread and Countering of Cyber-Extremism: An Islamic Jurisprudential and Educational Perspective', authors=3, sections=41, references=42
[2026-07-26 16:08:35,327] [INFO] [pipeline_service.py:96]: Document analysis completed. Saved structure to: G:\work\Journal2LaTeX\backend\temp\59a0c0ec-56e4-404b-82b2-f9a237f6a486\intermediate\document_structure.json, report to: G:\work\Journal2LaTeX\backend\temp\59a0c0ec-56e4-404b-82b2-f9a237f6a486\intermediate\conversion_report.json
[2026-07-26 16:08:35,347] [INFO] [job_manager.py:204]: Progress updated to 45%: Document structure extracted successfully
[2026-07-26 16:08:35,348] [INFO] [pipeline_service.py:109]: Starting asset extraction for job: 59a0c0ec-56e4-404b-82b2-f9a237f6a486
[2026-07-26 16:08:35,364] [INFO] [job_manager.py:180]: Job status updated to: EXTRACTING_ASSETS
[2026-07-26 16:08:35,380] [INFO] [job_manager.py:204]: Progress updated to 50%: Extracting images and figure assets from document
[2026-07-26 16:08:41,513] [INFO] [pipeline_service.py:251]: Office object fig:office1 placed=True
[2026-07-26 16:08:41,561] [INFO] [pipeline_service.py:142]: Assets extracted to: G:\work\Journal2LaTeX\backend\temp\59a0c0ec-56e4-404b-82b2-f9a237f6a486\intermediate\media
[2026-07-26 16:08:41,578] [INFO] [job_manager.py:204]: Progress updated to 60%: Document assets extracted successfully
[2026-07-26 16:08:41,578] [INFO] [pipeline_service.py:259]: Classifying extracted assets for job: 59a0c0ec-56e4-404b-82b2-f9a237f6a486
[2026-07-26 16:08:41,578] [INFO] [asset_analyzer.py:23]: Starting extended asset analysis for job: 59a0c0ec-56e4-404b-82b2-f9a237f6a486
[2026-07-26 16:08:41,581] [INFO] [asset_analyzer.py:153]: Extended asset classification completed. Assets classified: 8
[2026-07-26 16:08:41,599] [INFO] [job_manager.py:204]: Progress updated to 65%: Extracted assets analyzed and mapped successfully
[2026-07-26 16:08:41,674] [INFO] [pipeline_service.py:275]: Loading template The role for job: 59a0c0ec-56e4-404b-82b2-f9a237f6a486
[2026-07-26 16:08:41,691] [INFO] [job_manager.py:180]: Job status updated to: LOADING_TEMPLATE
[2026-07-26 16:08:41,706] [INFO] [job_manager.py:204]: Progress updated to 70%: Loading template styles: The role
[2026-07-26 16:08:41,826] [INFO] [pipeline_service.py:297]: Template loaded and workspace prepared at: G:\work\Journal2LaTeX\backend\temp\59a0c0ec-56e4-404b-82b2-f9a237f6a486\rendered
[2026-07-26 16:08:41,844] [INFO] [job_manager.py:204]: Progress updated to 80%: Template workspace initialized
[2026-07-26 16:08:41,846] [INFO] [pipeline_service.py:322]: Starting LaTeX rendering for job: 59a0c0ec-56e4-404b-82b2-f9a237f6a486
[2026-07-26 16:08:41,864] [INFO] [job_manager.py:180]: Job status updated to: RENDERING_LATEX
[2026-07-26 16:08:41,882] [INFO] [job_manager.py:204]: Progress updated to 85%: Rendering document content to LaTeX
[2026-07-26 16:08:41,906] [INFO] [latex_renderer.py:72]: Starting LaTeX rendering inside workspace: G:\work\Journal2LaTeX\backend\temp\59a0c0ec-56e4-404b-82b2-f9a237f6a486\rendered
[2026-07-26 16:08:42,131] [INFO] [latex_renderer.py:412]: LaTeX document main.tex rendered successfully.
[2026-07-26 16:08:42,307] [INFO] [job_manager.py:204]: Progress updated to 90%: LaTeX document rendering completed
[2026-07-26 16:08:42,307] [INFO] [pipeline_service.py:385]: Starting document compilation for job: 59a0c0ec-56e4-404b-82b2-f9a237f6a486
[2026-07-26 16:08:42,323] [INFO] [job_manager.py:180]: Job status updated to: COMPILING
[2026-07-26 16:08:42,338] [INFO] [job_manager.py:204]: Progress updated to 92%: Compiling LaTeX source to PDF
[2026-07-26 16:08:45,749] [INFO] [pipeline_service.py:408]: Compilation completed successfully.
[2026-07-26 16:08:45,753] [INFO] [pipeline_service.py:423]: Running E2E publication fidelity checker for job: 59a0c0ec-56e4-404b-82b2-f9a237f6a486
[2026-07-26 16:08:45,753] [INFO] [fidelity_checker.py:24]: Generating advanced fidelity report and scores for job: 59a0c0ec-56e4-404b-82b2-f9a237f6a486
[2026-07-26 16:08:45,756] [INFO] [fidelity_checker.py:163]: Fidelity report written to G:\work\Journal2LaTeX\backend\temp\59a0c0ec-56e4-404b-82b2-f9a237f6a486\intermediate\fidelity_report.json. Overall Score: 89.8%, Critical missing: 2
[2026-07-26 16:08:45,774] [INFO] [job_manager.py:180]: Job status updated to: COMPLETED
[2026-07-26 16:08:45,785] [INFO] [job_manager.py:204]: Progress updated to 100%: Pipeline process completed successfully
