[2026-07-18 18:35:04,232] [INFO] [job_manager.py:117]: Job a172ba1b-1263-4ec3-aad7-4196e11b0624 workspace created successfully
[2026-07-18 18:35:04,234] [INFO] [pipeline_service.py:36]: Starting validation for job: a172ba1b-1263-4ec3-aad7-4196e11b0624
[2026-07-18 18:35:04,245] [INFO] [job_manager.py:161]: Job status updated to: VALIDATING
[2026-07-18 18:35:04,258] [INFO] [job_manager.py:185]: Progress updated to 10%: Validating input Word Document
[2026-07-18 18:35:04,276] [INFO] [pipeline_service.py:51]: Validation successful.
[2026-07-18 18:35:04,288] [INFO] [job_manager.py:185]: Progress updated to 20%: Input document validated successfully
[2026-07-18 18:35:04,288] [INFO] [pipeline_service.py:58]: Starting document analysis for job: a172ba1b-1263-4ec3-aad7-4196e11b0624
[2026-07-18 18:35:04,303] [INFO] [job_manager.py:161]: Job status updated to: ANALYZING_DOCUMENT
[2026-07-18 18:35:04,319] [INFO] [job_manager.py:185]: Progress updated to 30%: Analyzing document structure and content blocks
[2026-07-18 18:35:04,319] [INFO] [document_analyzer.py:33]: Starting improved document analysis for: G:\work\Journal2LaTeX\temp\a172ba1b-1263-4ec3-aad7-4196e11b0624\input\style_vancouver.docx
[2026-07-18 18:35:04,555] [INFO] [document_analyzer.py:416]: Parsed document: title='Test Document Title', authors=2, sections=1, references=2
[2026-07-18 18:35:04,564] [INFO] [pipeline_service.py:86]: Document analysis completed. Saved structure to: G:\work\Journal2LaTeX\temp\a172ba1b-1263-4ec3-aad7-4196e11b0624\intermediate\document_structure.json, report to: G:\work\Journal2LaTeX\temp\a172ba1b-1263-4ec3-aad7-4196e11b0624\intermediate\conversion_report.json
[2026-07-18 18:35:04,579] [INFO] [job_manager.py:185]: Progress updated to 45%: Document structure extracted successfully
[2026-07-18 18:35:04,579] [INFO] [pipeline_service.py:99]: Starting asset extraction for job: a172ba1b-1263-4ec3-aad7-4196e11b0624
[2026-07-18 18:35:04,595] [INFO] [job_manager.py:161]: Job status updated to: EXTRACTING_ASSETS
[2026-07-18 18:35:04,609] [INFO] [job_manager.py:185]: Progress updated to 50%: Extracting images and figure assets from document
[2026-07-18 18:35:04,782] [INFO] [pipeline_service.py:111]: Assets extracted to: G:\work\Journal2LaTeX\temp\a172ba1b-1263-4ec3-aad7-4196e11b0624\intermediate\media
[2026-07-18 18:35:04,797] [INFO] [job_manager.py:185]: Progress updated to 60%: Document assets extracted successfully
[2026-07-18 18:35:04,797] [INFO] [pipeline_service.py:123]: Classifying extracted assets for job: a172ba1b-1263-4ec3-aad7-4196e11b0624
[2026-07-18 18:35:04,798] [INFO] [asset_analyzer.py:23]: Starting extended asset analysis for job: a172ba1b-1263-4ec3-aad7-4196e11b0624
[2026-07-18 18:35:04,799] [INFO] [asset_analyzer.py:153]: Extended asset classification completed. Assets classified: 0
[2026-07-18 18:35:04,815] [INFO] [job_manager.py:185]: Progress updated to 65%: Extracted assets analyzed and mapped successfully
[2026-07-18 18:35:04,815] [INFO] [pipeline_service.py:139]: Loading template default for job: a172ba1b-1263-4ec3-aad7-4196e11b0624
[2026-07-18 18:35:04,830] [INFO] [job_manager.py:161]: Job status updated to: LOADING_TEMPLATE
[2026-07-18 18:35:04,846] [INFO] [job_manager.py:185]: Progress updated to 70%: Loading template styles: default
[2026-07-18 18:35:04,853] [INFO] [pipeline_service.py:157]: Template loaded and workspace prepared at: G:\work\Journal2LaTeX\temp\a172ba1b-1263-4ec3-aad7-4196e11b0624\rendered
[2026-07-18 18:35:04,866] [INFO] [job_manager.py:185]: Progress updated to 80%: Template workspace initialized
[2026-07-18 18:35:04,866] [INFO] [pipeline_service.py:170]: Starting LaTeX rendering for job: a172ba1b-1263-4ec3-aad7-4196e11b0624
[2026-07-18 18:35:04,884] [INFO] [job_manager.py:161]: Job status updated to: RENDERING_LATEX
[2026-07-18 18:35:04,897] [INFO] [job_manager.py:185]: Progress updated to 85%: Rendering document content to LaTeX
[2026-07-18 18:35:04,899] [INFO] [latex_renderer.py:70]: Starting LaTeX rendering inside workspace: G:\work\Journal2LaTeX\temp\a172ba1b-1263-4ec3-aad7-4196e11b0624\rendered
[2026-07-18 18:35:04,906] [INFO] [latex_renderer.py:337]: LaTeX document main.tex rendered successfully.
[2026-07-18 18:35:04,922] [INFO] [job_manager.py:185]: Progress updated to 90%: LaTeX document rendering completed
[2026-07-18 18:35:04,923] [INFO] [pipeline_service.py:204]: Starting document compilation for job: a172ba1b-1263-4ec3-aad7-4196e11b0624
[2026-07-18 18:35:04,935] [INFO] [job_manager.py:161]: Job status updated to: COMPILING
[2026-07-18 18:35:04,949] [INFO] [job_manager.py:185]: Progress updated to 92%: Compiling LaTeX source to PDF
[2026-07-18 18:35:08,229] [INFO] [pipeline_service.py:226]: Compilation completed successfully.
