[2026-07-18 00:14:34,762] [INFO] [job_manager.py:92]: Job 89027f80-262c-4b20-877d-750a5a98c225 workspace created successfully
[2026-07-18 00:14:34,785] [INFO] [pipeline_service.py:30]: Starting validation for job: 89027f80-262c-4b20-877d-750a5a98c225
[2026-07-18 00:14:34,786] [INFO] [job_manager.py:136]: Job status updated to: VALIDATING
[2026-07-18 00:14:34,801] [INFO] [job_manager.py:160]: Progress updated to 10%: Validating input Word Document
[2026-07-18 00:14:34,817] [INFO] [pipeline_service.py:45]: Validation successful.
[2026-07-18 00:14:34,830] [INFO] [job_manager.py:160]: Progress updated to 20%: Input document validated successfully
[2026-07-18 00:14:34,830] [INFO] [pipeline_service.py:52]: Starting document analysis for job: 89027f80-262c-4b20-877d-750a5a98c225
[2026-07-18 00:14:34,844] [INFO] [job_manager.py:136]: Job status updated to: ANALYZING_DOCUMENT
[2026-07-18 00:14:34,859] [INFO] [job_manager.py:160]: Progress updated to 30%: Analyzing document structure and content blocks
[2026-07-18 00:14:34,859] [INFO] [document_analyzer.py:33]: Starting improved document analysis for: G:\work\Journal2LaTeX\backend\temp\89027f80-262c-4b20-877d-750a5a98c225\input\test.docx
[2026-07-18 00:14:35,203] [INFO] [document_analyzer.py:234]: Parsed E2E document: title='J. Stat. Appl. Pro. Vol. No. (20--) 185', authors=25, sections=1, references=0
[2026-07-18 00:14:35,206] [INFO] [pipeline_service.py:80]: Document analysis completed. Saved structure to: G:\work\Journal2LaTeX\backend\temp\89027f80-262c-4b20-877d-750a5a98c225\intermediate\document_structure.json, report to: G:\work\Journal2LaTeX\backend\temp\89027f80-262c-4b20-877d-750a5a98c225\intermediate\conversion_report.json
[2026-07-18 00:14:35,220] [INFO] [job_manager.py:160]: Progress updated to 45%: Document structure extracted successfully
[2026-07-18 00:14:35,221] [INFO] [pipeline_service.py:93]: Starting asset extraction for job: 89027f80-262c-4b20-877d-750a5a98c225
[2026-07-18 00:14:35,233] [INFO] [job_manager.py:136]: Job status updated to: EXTRACTING_ASSETS
[2026-07-18 00:14:35,247] [INFO] [job_manager.py:160]: Progress updated to 50%: Extracting images and figure assets from document
[2026-07-18 00:14:35,640] [INFO] [pipeline_service.py:104]: Assets extracted to: G:\work\Journal2LaTeX\backend\temp\89027f80-262c-4b20-877d-750a5a98c225\intermediate\media
[2026-07-18 00:14:35,654] [INFO] [job_manager.py:160]: Progress updated to 60%: Document assets extracted successfully
[2026-07-18 00:14:35,674] [INFO] [pipeline_service.py:116]: Loading template default for job: 89027f80-262c-4b20-877d-750a5a98c225
[2026-07-18 00:14:35,675] [INFO] [job_manager.py:136]: Job status updated to: LOADING_TEMPLATE
[2026-07-18 00:14:35,689] [INFO] [job_manager.py:160]: Progress updated to 70%: Loading template styles: default
[2026-07-18 00:14:35,705] [INFO] [pipeline_service.py:134]: Template loaded and workspace prepared at: G:\work\Journal2LaTeX\backend\temp\89027f80-262c-4b20-877d-750a5a98c225\rendered
[2026-07-18 00:14:35,717] [INFO] [job_manager.py:160]: Progress updated to 80%: Template workspace initialized
[2026-07-18 00:14:35,717] [INFO] [pipeline_service.py:147]: Starting LaTeX rendering for job: 89027f80-262c-4b20-877d-750a5a98c225
[2026-07-18 00:14:35,729] [INFO] [job_manager.py:136]: Job status updated to: RENDERING_LATEX
[2026-07-18 00:14:35,742] [INFO] [job_manager.py:160]: Progress updated to 85%: Rendering document content to LaTeX
[2026-07-18 00:14:35,758] [INFO] [latex_renderer.py:29]: Starting LaTeX rendering inside workspace: G:\work\Journal2LaTeX\backend\temp\89027f80-262c-4b20-877d-750a5a98c225\rendered
[2026-07-18 00:14:35,764] [INFO] [latex_renderer.py:105]: LaTeX document main.tex rendered successfully.
[2026-07-18 00:14:35,778] [INFO] [job_manager.py:160]: Progress updated to 90%: LaTeX document rendering completed
[2026-07-18 00:14:35,778] [INFO] [pipeline_service.py:181]: Starting document compilation for job: 89027f80-262c-4b20-877d-750a5a98c225
[2026-07-18 00:14:35,790] [INFO] [job_manager.py:136]: Job status updated to: COMPILING
[2026-07-18 00:14:35,804] [INFO] [job_manager.py:160]: Progress updated to 92%: Compiling LaTeX source to PDF
[2026-07-18 00:14:40,750] [INFO] [pipeline_service.py:203]: Compilation completed successfully.
[2026-07-18 00:14:40,766] [INFO] [job_manager.py:136]: Job status updated to: COMPLETED
[2026-07-18 00:14:40,780] [INFO] [job_manager.py:160]: Progress updated to 100%: Pipeline process completed successfully
