[2026-07-21 20:30:31,858] [INFO] [latex_compiler.py:321]: Starting LaTeX compilation for: G:\work\Journal2LaTeX\backend\temp\048e19e5-ec17-4797-af4d-5fc013c8f298\rendered\main.tex
[2026-07-21 20:30:31,864] [INFO] [latex_compiler.py:125]: Rendered working directory tree before compilation:
  chart1.png
  chart2.png
  chart3.png
  chart4.png
  everyshi.sty
  logo7pt-eps-converted-to.pdf
  logo7pt.eps
  main.tex
  media/
    image1.jpeg
    image10.jpeg
    image4.jpeg
    image5.png
    image6.png
    image7.png
    image8.jpeg
    image9.jpeg
    office_obj_1.png
  NSP1.cls
  paper.aux
  paper.log
  paper.out
  paper.pdf
  paper.synctex.gz
  paper.tex
  psfig.sty
  Ref. JSAP paper.tex
  template.json
[2026-07-21 20:30:31,868] [INFO] [latex_compiler.py:131]: Template resource manifest (27 files):
  chart1.png                               template resource (graphic (PNG))
  chart2.png                               template resource (graphic (PNG))
  chart3.png                               template resource (graphic (PNG))
  chart4.png                               template resource (graphic (PNG))
  everyshi.sty                             template resource (package / style)
  logo7pt-eps-converted-to.pdf             template resource (graphic (PDF))
  logo7pt.eps                              template resource (graphic (EPS))
  main.tex                                 generated document / build artefact
  media\image1.jpeg                        renderer-generated media
  media\image10.jpeg                       renderer-generated media
  media\image4.jpeg                        renderer-generated media
  media\image5.png                         renderer-generated media
  media\image6.png                         renderer-generated media
  media\image7.png                         renderer-generated media
  media\image8.jpeg                        renderer-generated media
  media\image9.jpeg                        renderer-generated media
  media\office_obj_1.png                   renderer-generated media
  NSP1.cls                                 template resource (document class)
  paper.aux                                generated document / build artefact
  paper.log                                generated document / build artefact
  paper.out                                generated document / build artefact
  paper.pdf                                template resource (graphic (PDF))
  paper.synctex.gz                         generated document / build artefact
  paper.tex                                template resource (included source)
  psfig.sty                                template resource (package / style)
  Ref. JSAP paper.tex                      template resource (included source)
  template.json                            template metadata
[2026-07-21 20:30:41,144] [INFO] [latex_compiler.py:144]: Dependency resolution (25 references):
  [LOCAL  ] documentclass   NSP1
  [SYSTEM ] usepackage      url
  [SYSTEM ] usepackage      floatflt
  [SYSTEM ] usepackage      cite
  [SYSTEM ] usepackage      helvet
  [SYSTEM ] usepackage      times
  [LOCAL  ] usepackage      psfig
  [SYSTEM ] usepackage      graphicx
  [SYSTEM ] usepackage      mathptmx
  [SYSTEM ] usepackage      amsmath
  [SYSTEM ] usepackage      amssymb
  [SYSTEM ] usepackage      bm
  [SYSTEM ] usepackage      float
  [SYSTEM ] usepackage      caption
  [SYSTEM ] usepackage      placeins
  [SYSTEM ] usepackage      booktabs
  [SYSTEM ] usepackage      array
  [SYSTEM ] usepackage      multirow
  [SYSTEM ] usepackage      makecell
  [SYSTEM ] usepackage      xcolor
  [DYNAMIC] includegraphics #1
  [LOCAL  ] includegraphics media/office_obj_1.png
  [LOCAL  ] includegraphics media/image5.png
  [LOCAL  ] includegraphics media/image6.png
  [LOCAL  ] includegraphics media/image7.png
[2026-07-21 20:30:41,823] [INFO] [latex_compiler.py:357]: Using latexmk compiler.
[2026-07-21 20:30:45,902] [INFO] [latex_compiler.py:424]: Compilation completed successfully. PDF generated at: G:\work\Journal2LaTeX\backend\temp\048e19e5-ec17-4797-af4d-5fc013c8f298\output\paper.pdf
[2026-07-21 20:30:45,940] [INFO] [latex_compiler.py:321]: Starting LaTeX compilation for: G:\work\Journal2LaTeX\backend\temp\048e19e5-ec17-4797-af4d-5fc013c8f298\rendered\main.tex
[2026-07-21 20:30:45,944] [INFO] [latex_compiler.py:125]: Rendered working directory tree before compilation:
  chart1.png
  chart2.png
  chart3.png
  chart4.png
  everyshi.sty
  logo7pt-eps-converted-to.pdf
  logo7pt.eps
  main.aux
  main.fdb_latexmk
  main.fls
  main.log
  main.out
  main.pdf
  main.tex
  media/
    image1.jpeg
    image10.jpeg
    image4.jpeg
    image5.png
    image6.png
    image7.png
    image8.jpeg
    image9.jpeg
    office_obj_1.png
  NSP1.cls
  paper.aux
  paper.log
  paper.out
  paper.pdf
  paper.synctex.gz
  paper.tex
  psfig.sty
  Ref. JSAP paper.tex
  template.json
[2026-07-21 20:30:45,947] [INFO] [latex_compiler.py:131]: Template resource manifest (33 files):
  chart1.png                               template resource (graphic (PNG))
  chart2.png                               template resource (graphic (PNG))
  chart3.png                               template resource (graphic (PNG))
  chart4.png                               template resource (graphic (PNG))
  everyshi.sty                             template resource (package / style)
  logo7pt-eps-converted-to.pdf             template resource (graphic (PDF))
  logo7pt.eps                              template resource (graphic (EPS))
  main.aux                                 generated document / build artefact
  main.fdb_latexmk                         generated document / build artefact
  main.fls                                 generated document / build artefact
  main.log                                 generated document / build artefact
  main.out                                 generated document / build artefact
  main.pdf                                 generated document / build artefact
  main.tex                                 generated document / build artefact
  media\image1.jpeg                        renderer-generated media
  media\image10.jpeg                       renderer-generated media
  media\image4.jpeg                        renderer-generated media
  media\image5.png                         renderer-generated media
  media\image6.png                         renderer-generated media
  media\image7.png                         renderer-generated media
  media\image8.jpeg                        renderer-generated media
  media\image9.jpeg                        renderer-generated media
  media\office_obj_1.png                   renderer-generated media
  NSP1.cls                                 template resource (document class)
  paper.aux                                generated document / build artefact
  paper.log                                generated document / build artefact
  paper.out                                generated document / build artefact
  paper.pdf                                template resource (graphic (PDF))
  paper.synctex.gz                         generated document / build artefact
  paper.tex                                template resource (included source)
  psfig.sty                                template resource (package / style)
  Ref. JSAP paper.tex                      template resource (included source)
  template.json                            template metadata
[2026-07-21 20:30:46,597] [INFO] [latex_compiler.py:144]: Dependency resolution (26 references):
  [LOCAL  ] documentclass   NSP1
  [SYSTEM ] usepackage      url
  [SYSTEM ] usepackage      floatflt
  [SYSTEM ] usepackage      cite
  [SYSTEM ] usepackage      helvet
  [SYSTEM ] usepackage      times
  [LOCAL  ] usepackage      psfig
  [SYSTEM ] usepackage      graphicx
  [SYSTEM ] usepackage      mathptmx
  [SYSTEM ] usepackage      amsmath
  [SYSTEM ] usepackage      amssymb
  [SYSTEM ] usepackage      bm
  [SYSTEM ] usepackage      float
  [SYSTEM ] usepackage      caption
  [SYSTEM ] usepackage      placeins
  [SYSTEM ] usepackage      booktabs
  [SYSTEM ] usepackage      array
  [SYSTEM ] usepackage      multirow
  [SYSTEM ] usepackage      makecell
  [SYSTEM ] usepackage      xcolor
  [SYSTEM ] usepackage      geometry
  [DYNAMIC] includegraphics #1
  [LOCAL  ] includegraphics media/office_obj_1.png
  [LOCAL  ] includegraphics media/image5.png
  [LOCAL  ] includegraphics media/image6.png
  [LOCAL  ] includegraphics media/image7.png
[2026-07-21 20:30:46,598] [INFO] [latex_compiler.py:357]: Using latexmk compiler.
[2026-07-21 20:30:50,506] [INFO] [latex_compiler.py:424]: Compilation completed successfully. PDF generated at: G:\work\Journal2LaTeX\backend\temp\048e19e5-ec17-4797-af4d-5fc013c8f298\output\paper.pdf
[2026-07-21 20:31:06,239] [INFO] [latex_compiler.py:321]: Starting LaTeX compilation for: G:\work\Journal2LaTeX\backend\temp\048e19e5-ec17-4797-af4d-5fc013c8f298\rendered\main.tex
[2026-07-21 20:31:06,244] [INFO] [latex_compiler.py:125]: Rendered working directory tree before compilation:
  chart1.png
  chart2.png
  chart3.png
  chart4.png
  everyshi.sty
  logo7pt-eps-converted-to.pdf
  logo7pt.eps
  main.aux
  main.fdb_latexmk
  main.fls
  main.log
  main.out
  main.pdf
  main.tex
  media/
    image1.jpeg
    image10.jpeg
    image4.jpeg
    image5.png
    image6.png
    image7.png
    image8.jpeg
    image9.jpeg
    office_obj_1.png
  NSP1.cls
  paper.aux
  paper.log
  paper.out
  paper.pdf
  paper.synctex.gz
  paper.tex
  psfig.sty
  Ref. JSAP paper.tex
  template.json
[2026-07-21 20:31:06,250] [INFO] [latex_compiler.py:131]: Template resource manifest (33 files):
  chart1.png                               template resource (graphic (PNG))
  chart2.png                               template resource (graphic (PNG))
  chart3.png                               template resource (graphic (PNG))
  chart4.png                               template resource (graphic (PNG))
  everyshi.sty                             template resource (package / style)
  logo7pt-eps-converted-to.pdf             template resource (graphic (PDF))
  logo7pt.eps                              template resource (graphic (EPS))
  main.aux                                 generated document / build artefact
  main.fdb_latexmk                         generated document / build artefact
  main.fls                                 generated document / build artefact
  main.log                                 generated document / build artefact
  main.out                                 generated document / build artefact
  main.pdf                                 generated document / build artefact
  main.tex                                 generated document / build artefact
  media\image1.jpeg                        renderer-generated media
  media\image10.jpeg                       renderer-generated media
  media\image4.jpeg                        renderer-generated media
  media\image5.png                         renderer-generated media
  media\image6.png                         renderer-generated media
  media\image7.png                         renderer-generated media
  media\image8.jpeg                        renderer-generated media
  media\image9.jpeg                        renderer-generated media
  media\office_obj_1.png                   renderer-generated media
  NSP1.cls                                 template resource (document class)
  paper.aux                                generated document / build artefact
  paper.log                                generated document / build artefact
  paper.out                                generated document / build artefact
  paper.pdf                                template resource (graphic (PDF))
  paper.synctex.gz                         generated document / build artefact
  paper.tex                                template resource (included source)
  psfig.sty                                template resource (package / style)
  Ref. JSAP paper.tex                      template resource (included source)
  template.json                            template metadata
[2026-07-21 20:31:06,406] [INFO] [latex_compiler.py:144]: Dependency resolution (26 references):
  [LOCAL  ] documentclass   NSP1
  [SYSTEM ] usepackage      url
  [SYSTEM ] usepackage      floatflt
  [SYSTEM ] usepackage      cite
  [SYSTEM ] usepackage      helvet
  [SYSTEM ] usepackage      times
  [LOCAL  ] usepackage      psfig
  [SYSTEM ] usepackage      graphicx
  [SYSTEM ] usepackage      mathptmx
  [SYSTEM ] usepackage      amsmath
  [SYSTEM ] usepackage      amssymb
  [SYSTEM ] usepackage      bm
  [SYSTEM ] usepackage      float
  [SYSTEM ] usepackage      caption
  [SYSTEM ] usepackage      placeins
  [SYSTEM ] usepackage      booktabs
  [SYSTEM ] usepackage      array
  [SYSTEM ] usepackage      multirow
  [SYSTEM ] usepackage      makecell
  [SYSTEM ] usepackage      xcolor
  [SYSTEM ] usepackage      geometry
  [DYNAMIC] includegraphics #1
  [LOCAL  ] includegraphics media/office_obj_1.png
  [LOCAL  ] includegraphics media/image5.png
  [LOCAL  ] includegraphics media/image6.png
  [LOCAL  ] includegraphics media/image7.png
[2026-07-21 20:31:06,407] [INFO] [latex_compiler.py:357]: Using latexmk compiler.
[2026-07-21 20:31:10,881] [INFO] [latex_compiler.py:424]: Compilation completed successfully. PDF generated at: G:\work\Journal2LaTeX\backend\temp\048e19e5-ec17-4797-af4d-5fc013c8f298\output\paper.pdf
[2026-07-21 20:31:19,539] [INFO] [latex_compiler.py:321]: Starting LaTeX compilation for: G:\work\Journal2LaTeX\backend\temp\048e19e5-ec17-4797-af4d-5fc013c8f298\rendered\main.tex
[2026-07-21 20:31:19,543] [INFO] [latex_compiler.py:125]: Rendered working directory tree before compilation:
  chart1.png
  chart2.png
  chart3.png
  chart4.png
  everyshi.sty
  logo7pt-eps-converted-to.pdf
  logo7pt.eps
  main.aux
  main.fdb_latexmk
  main.fls
  main.log
  main.out
  main.pdf
  main.tex
  media/
    image1.jpeg
    image10.jpeg
    image4.jpeg
    image5.png
    image6.png
    image7.png
    image8.jpeg
    image9.jpeg
    office_obj_1.png
  NSP1.cls
  paper.aux
  paper.log
  paper.out
  paper.pdf
  paper.synctex.gz
  paper.tex
  psfig.sty
  Ref. JSAP paper.tex
  template.json
[2026-07-21 20:31:19,547] [INFO] [latex_compiler.py:131]: Template resource manifest (33 files):
  chart1.png                               template resource (graphic (PNG))
  chart2.png                               template resource (graphic (PNG))
  chart3.png                               template resource (graphic (PNG))
  chart4.png                               template resource (graphic (PNG))
  everyshi.sty                             template resource (package / style)
  logo7pt-eps-converted-to.pdf             template resource (graphic (PDF))
  logo7pt.eps                              template resource (graphic (EPS))
  main.aux                                 generated document / build artefact
  main.fdb_latexmk                         generated document / build artefact
  main.fls                                 generated document / build artefact
  main.log                                 generated document / build artefact
  main.out                                 generated document / build artefact
  main.pdf                                 generated document / build artefact
  main.tex                                 generated document / build artefact
  media\image1.jpeg                        renderer-generated media
  media\image10.jpeg                       renderer-generated media
  media\image4.jpeg                        renderer-generated media
  media\image5.png                         renderer-generated media
  media\image6.png                         renderer-generated media
  media\image7.png                         renderer-generated media
  media\image8.jpeg                        renderer-generated media
  media\image9.jpeg                        renderer-generated media
  media\office_obj_1.png                   renderer-generated media
  NSP1.cls                                 template resource (document class)
  paper.aux                                generated document / build artefact
  paper.log                                generated document / build artefact
  paper.out                                generated document / build artefact
  paper.pdf                                template resource (graphic (PDF))
  paper.synctex.gz                         generated document / build artefact
  paper.tex                                template resource (included source)
  psfig.sty                                template resource (package / style)
  Ref. JSAP paper.tex                      template resource (included source)
  template.json                            template metadata
[2026-07-21 20:31:19,692] [INFO] [latex_compiler.py:144]: Dependency resolution (26 references):
  [LOCAL  ] documentclass   NSP1
  [SYSTEM ] usepackage      url
  [SYSTEM ] usepackage      floatflt
  [SYSTEM ] usepackage      cite
  [SYSTEM ] usepackage      helvet
  [SYSTEM ] usepackage      times
  [LOCAL  ] usepackage      psfig
  [SYSTEM ] usepackage      graphicx
  [SYSTEM ] usepackage      mathptmx
  [SYSTEM ] usepackage      amsmath
  [SYSTEM ] usepackage      amssymb
  [SYSTEM ] usepackage      bm
  [SYSTEM ] usepackage      float
  [SYSTEM ] usepackage      caption
  [SYSTEM ] usepackage      placeins
  [SYSTEM ] usepackage      booktabs
  [SYSTEM ] usepackage      array
  [SYSTEM ] usepackage      multirow
  [SYSTEM ] usepackage      makecell
  [SYSTEM ] usepackage      xcolor
  [SYSTEM ] usepackage      geometry
  [DYNAMIC] includegraphics #1
  [LOCAL  ] includegraphics media/office_obj_1.png
  [LOCAL  ] includegraphics media/image5.png
  [LOCAL  ] includegraphics media/image6.png
  [LOCAL  ] includegraphics media/image7.png
[2026-07-21 20:31:19,694] [INFO] [latex_compiler.py:357]: Using latexmk compiler.
[2026-07-21 20:31:24,029] [INFO] [latex_compiler.py:424]: Compilation completed successfully. PDF generated at: G:\work\Journal2LaTeX\backend\temp\048e19e5-ec17-4797-af4d-5fc013c8f298\output\paper.pdf
[2026-07-21 20:31:32,620] [INFO] [latex_compiler.py:321]: Starting LaTeX compilation for: G:\work\Journal2LaTeX\backend\temp\048e19e5-ec17-4797-af4d-5fc013c8f298\rendered\main.tex
[2026-07-21 20:31:32,625] [INFO] [latex_compiler.py:125]: Rendered working directory tree before compilation:
  chart1.png
  chart2.png
  chart3.png
  chart4.png
  everyshi.sty
  logo7pt-eps-converted-to.pdf
  logo7pt.eps
  main.aux
  main.fdb_latexmk
  main.fls
  main.log
  main.out
  main.pdf
  main.tex
  media/
    image1.jpeg
    image10.jpeg
    image4.jpeg
    image5.png
    image6.png
    image7.png
    image8.jpeg
    image9.jpeg
    office_obj_1.png
  NSP1.cls
  paper.aux
  paper.log
  paper.out
  paper.pdf
  paper.synctex.gz
  paper.tex
  psfig.sty
  Ref. JSAP paper.tex
  template.json
[2026-07-21 20:31:32,628] [INFO] [latex_compiler.py:131]: Template resource manifest (33 files):
  chart1.png                               template resource (graphic (PNG))
  chart2.png                               template resource (graphic (PNG))
  chart3.png                               template resource (graphic (PNG))
  chart4.png                               template resource (graphic (PNG))
  everyshi.sty                             template resource (package / style)
  logo7pt-eps-converted-to.pdf             template resource (graphic (PDF))
  logo7pt.eps                              template resource (graphic (EPS))
  main.aux                                 generated document / build artefact
  main.fdb_latexmk                         generated document / build artefact
  main.fls                                 generated document / build artefact
  main.log                                 generated document / build artefact
  main.out                                 generated document / build artefact
  main.pdf                                 generated document / build artefact
  main.tex                                 generated document / build artefact
  media\image1.jpeg                        renderer-generated media
  media\image10.jpeg                       renderer-generated media
  media\image4.jpeg                        renderer-generated media
  media\image5.png                         renderer-generated media
  media\image6.png                         renderer-generated media
  media\image7.png                         renderer-generated media
  media\image8.jpeg                        renderer-generated media
  media\image9.jpeg                        renderer-generated media
  media\office_obj_1.png                   renderer-generated media
  NSP1.cls                                 template resource (document class)
  paper.aux                                generated document / build artefact
  paper.log                                generated document / build artefact
  paper.out                                generated document / build artefact
  paper.pdf                                template resource (graphic (PDF))
  paper.synctex.gz                         generated document / build artefact
  paper.tex                                template resource (included source)
  psfig.sty                                template resource (package / style)
  Ref. JSAP paper.tex                      template resource (included source)
  template.json                            template metadata
[2026-07-21 20:31:32,800] [INFO] [latex_compiler.py:144]: Dependency resolution (26 references):
  [LOCAL  ] documentclass   NSP1
  [SYSTEM ] usepackage      url
  [SYSTEM ] usepackage      floatflt
  [SYSTEM ] usepackage      cite
  [SYSTEM ] usepackage      helvet
  [SYSTEM ] usepackage      times
  [LOCAL  ] usepackage      psfig
  [SYSTEM ] usepackage      graphicx
  [SYSTEM ] usepackage      mathptmx
  [SYSTEM ] usepackage      amsmath
  [SYSTEM ] usepackage      amssymb
  [SYSTEM ] usepackage      bm
  [SYSTEM ] usepackage      float
  [SYSTEM ] usepackage      caption
  [SYSTEM ] usepackage      placeins
  [SYSTEM ] usepackage      booktabs
  [SYSTEM ] usepackage      array
  [SYSTEM ] usepackage      multirow
  [SYSTEM ] usepackage      makecell
  [SYSTEM ] usepackage      xcolor
  [SYSTEM ] usepackage      geometry
  [DYNAMIC] includegraphics #1
  [LOCAL  ] includegraphics media/office_obj_1.png
  [LOCAL  ] includegraphics media/image5.png
  [LOCAL  ] includegraphics media/image6.png
  [LOCAL  ] includegraphics media/image7.png
[2026-07-21 20:31:32,801] [INFO] [latex_compiler.py:357]: Using latexmk compiler.
[2026-07-21 20:31:37,158] [INFO] [latex_compiler.py:424]: Compilation completed successfully. PDF generated at: G:\work\Journal2LaTeX\backend\temp\048e19e5-ec17-4797-af4d-5fc013c8f298\output\paper.pdf
[2026-07-21 20:31:46,176] [INFO] [latex_compiler.py:321]: Starting LaTeX compilation for: G:\work\Journal2LaTeX\backend\temp\048e19e5-ec17-4797-af4d-5fc013c8f298\rendered\main.tex
[2026-07-21 20:31:46,181] [INFO] [latex_compiler.py:125]: Rendered working directory tree before compilation:
  chart1.png
  chart2.png
  chart3.png
  chart4.png
  everyshi.sty
  logo7pt-eps-converted-to.pdf
  logo7pt.eps
  main.aux
  main.fdb_latexmk
  main.fls
  main.log
  main.out
  main.pdf
  main.tex
  media/
    image1.jpeg
    image10.jpeg
    image4.jpeg
    image5.png
    image6.png
    image7.png
    image8.jpeg
    image9.jpeg
    office_obj_1.png
  NSP1.cls
  paper.aux
  paper.log
  paper.out
  paper.pdf
  paper.synctex.gz
  paper.tex
  psfig.sty
  Ref. JSAP paper.tex
  template.json
[2026-07-21 20:31:46,187] [INFO] [latex_compiler.py:131]: Template resource manifest (33 files):
  chart1.png                               template resource (graphic (PNG))
  chart2.png                               template resource (graphic (PNG))
  chart3.png                               template resource (graphic (PNG))
  chart4.png                               template resource (graphic (PNG))
  everyshi.sty                             template resource (package / style)
  logo7pt-eps-converted-to.pdf             template resource (graphic (PDF))
  logo7pt.eps                              template resource (graphic (EPS))
  main.aux                                 generated document / build artefact
  main.fdb_latexmk                         generated document / build artefact
  main.fls                                 generated document / build artefact
  main.log                                 generated document / build artefact
  main.out                                 generated document / build artefact
  main.pdf                                 generated document / build artefact
  main.tex                                 generated document / build artefact
  media\image1.jpeg                        renderer-generated media
  media\image10.jpeg                       renderer-generated media
  media\image4.jpeg                        renderer-generated media
  media\image5.png                         renderer-generated media
  media\image6.png                         renderer-generated media
  media\image7.png                         renderer-generated media
  media\image8.jpeg                        renderer-generated media
  media\image9.jpeg                        renderer-generated media
  media\office_obj_1.png                   renderer-generated media
  NSP1.cls                                 template resource (document class)
  paper.aux                                generated document / build artefact
  paper.log                                generated document / build artefact
  paper.out                                generated document / build artefact
  paper.pdf                                template resource (graphic (PDF))
  paper.synctex.gz                         generated document / build artefact
  paper.tex                                template resource (included source)
  psfig.sty                                template resource (package / style)
  Ref. JSAP paper.tex                      template resource (included source)
  template.json                            template metadata
[2026-07-21 20:31:46,347] [INFO] [latex_compiler.py:144]: Dependency resolution (26 references):
  [LOCAL  ] documentclass   NSP1
  [SYSTEM ] usepackage      url
  [SYSTEM ] usepackage      floatflt
  [SYSTEM ] usepackage      cite
  [SYSTEM ] usepackage      helvet
  [SYSTEM ] usepackage      times
  [LOCAL  ] usepackage      psfig
  [SYSTEM ] usepackage      graphicx
  [SYSTEM ] usepackage      mathptmx
  [SYSTEM ] usepackage      amsmath
  [SYSTEM ] usepackage      amssymb
  [SYSTEM ] usepackage      bm
  [SYSTEM ] usepackage      float
  [SYSTEM ] usepackage      caption
  [SYSTEM ] usepackage      placeins
  [SYSTEM ] usepackage      booktabs
  [SYSTEM ] usepackage      array
  [SYSTEM ] usepackage      multirow
  [SYSTEM ] usepackage      makecell
  [SYSTEM ] usepackage      xcolor
  [SYSTEM ] usepackage      geometry
  [DYNAMIC] includegraphics #1
  [LOCAL  ] includegraphics media/office_obj_1.png
  [LOCAL  ] includegraphics media/image5.png
  [LOCAL  ] includegraphics media/image6.png
  [LOCAL  ] includegraphics media/image7.png
[2026-07-21 20:31:46,348] [INFO] [latex_compiler.py:357]: Using latexmk compiler.
[2026-07-21 20:31:51,074] [INFO] [latex_compiler.py:424]: Compilation completed successfully. PDF generated at: G:\work\Journal2LaTeX\backend\temp\048e19e5-ec17-4797-af4d-5fc013c8f298\output\paper.pdf
[2026-07-21 20:32:00,517] [INFO] [latex_compiler.py:321]: Starting LaTeX compilation for: G:\work\Journal2LaTeX\backend\temp\048e19e5-ec17-4797-af4d-5fc013c8f298\rendered\main.tex
[2026-07-21 20:32:00,522] [INFO] [latex_compiler.py:125]: Rendered working directory tree before compilation:
  chart1.png
  chart2.png
  chart3.png
  chart4.png
  everyshi.sty
  logo7pt-eps-converted-to.pdf
  logo7pt.eps
  main.aux
  main.fdb_latexmk
  main.fls
  main.log
  main.out
  main.pdf
  main.tex
  media/
    image1.jpeg
    image10.jpeg
    image4.jpeg
    image5.png
    image6.png
    image7.png
    image8.jpeg
    image9.jpeg
    office_obj_1.png
  NSP1.cls
  paper.aux
  paper.log
  paper.out
  paper.pdf
  paper.synctex.gz
  paper.tex
  psfig.sty
  Ref. JSAP paper.tex
  template.json
[2026-07-21 20:32:00,526] [INFO] [latex_compiler.py:131]: Template resource manifest (33 files):
  chart1.png                               template resource (graphic (PNG))
  chart2.png                               template resource (graphic (PNG))
  chart3.png                               template resource (graphic (PNG))
  chart4.png                               template resource (graphic (PNG))
  everyshi.sty                             template resource (package / style)
  logo7pt-eps-converted-to.pdf             template resource (graphic (PDF))
  logo7pt.eps                              template resource (graphic (EPS))
  main.aux                                 generated document / build artefact
  main.fdb_latexmk                         generated document / build artefact
  main.fls                                 generated document / build artefact
  main.log                                 generated document / build artefact
  main.out                                 generated document / build artefact
  main.pdf                                 generated document / build artefact
  main.tex                                 generated document / build artefact
  media\image1.jpeg                        renderer-generated media
  media\image10.jpeg                       renderer-generated media
  media\image4.jpeg                        renderer-generated media
  media\image5.png                         renderer-generated media
  media\image6.png                         renderer-generated media
  media\image7.png                         renderer-generated media
  media\image8.jpeg                        renderer-generated media
  media\image9.jpeg                        renderer-generated media
  media\office_obj_1.png                   renderer-generated media
  NSP1.cls                                 template resource (document class)
  paper.aux                                generated document / build artefact
  paper.log                                generated document / build artefact
  paper.out                                generated document / build artefact
  paper.pdf                                template resource (graphic (PDF))
  paper.synctex.gz                         generated document / build artefact
  paper.tex                                template resource (included source)
  psfig.sty                                template resource (package / style)
  Ref. JSAP paper.tex                      template resource (included source)
  template.json                            template metadata
[2026-07-21 20:32:00,698] [INFO] [latex_compiler.py:144]: Dependency resolution (26 references):
  [LOCAL  ] documentclass   NSP1
  [SYSTEM ] usepackage      url
  [SYSTEM ] usepackage      floatflt
  [SYSTEM ] usepackage      cite
  [SYSTEM ] usepackage      helvet
  [SYSTEM ] usepackage      times
  [LOCAL  ] usepackage      psfig
  [SYSTEM ] usepackage      graphicx
  [SYSTEM ] usepackage      mathptmx
  [SYSTEM ] usepackage      amsmath
  [SYSTEM ] usepackage      amssymb
  [SYSTEM ] usepackage      bm
  [SYSTEM ] usepackage      float
  [SYSTEM ] usepackage      caption
  [SYSTEM ] usepackage      placeins
  [SYSTEM ] usepackage      booktabs
  [SYSTEM ] usepackage      array
  [SYSTEM ] usepackage      multirow
  [SYSTEM ] usepackage      makecell
  [SYSTEM ] usepackage      xcolor
  [SYSTEM ] usepackage      geometry
  [DYNAMIC] includegraphics #1
  [LOCAL  ] includegraphics media/office_obj_1.png
  [LOCAL  ] includegraphics media/image5.png
  [LOCAL  ] includegraphics media/image6.png
  [LOCAL  ] includegraphics media/image7.png
[2026-07-21 20:32:00,699] [INFO] [latex_compiler.py:357]: Using latexmk compiler.
[2026-07-21 20:32:05,703] [INFO] [latex_compiler.py:424]: Compilation completed successfully. PDF generated at: G:\work\Journal2LaTeX\backend\temp\048e19e5-ec17-4797-af4d-5fc013c8f298\output\paper.pdf
[2026-07-21 20:32:14,607] [INFO] [latex_compiler.py:321]: Starting LaTeX compilation for: G:\work\Journal2LaTeX\backend\temp\048e19e5-ec17-4797-af4d-5fc013c8f298\rendered\main.tex
[2026-07-21 20:32:14,613] [INFO] [latex_compiler.py:125]: Rendered working directory tree before compilation:
  chart1.png
  chart2.png
  chart3.png
  chart4.png
  everyshi.sty
  logo7pt-eps-converted-to.pdf
  logo7pt.eps
  main.aux
  main.fdb_latexmk
  main.fls
  main.log
  main.out
  main.pdf
  main.tex
  media/
    image1.jpeg
    image10.jpeg
    image4.jpeg
    image5.png
    image6.png
    image7.png
    image8.jpeg
    image9.jpeg
    office_obj_1.png
  NSP1.cls
  paper.aux
  paper.log
  paper.out
  paper.pdf
  paper.synctex.gz
  paper.tex
  psfig.sty
  Ref. JSAP paper.tex
  template.json
[2026-07-21 20:32:14,617] [INFO] [latex_compiler.py:131]: Template resource manifest (33 files):
  chart1.png                               template resource (graphic (PNG))
  chart2.png                               template resource (graphic (PNG))
  chart3.png                               template resource (graphic (PNG))
  chart4.png                               template resource (graphic (PNG))
  everyshi.sty                             template resource (package / style)
  logo7pt-eps-converted-to.pdf             template resource (graphic (PDF))
  logo7pt.eps                              template resource (graphic (EPS))
  main.aux                                 generated document / build artefact
  main.fdb_latexmk                         generated document / build artefact
  main.fls                                 generated document / build artefact
  main.log                                 generated document / build artefact
  main.out                                 generated document / build artefact
  main.pdf                                 generated document / build artefact
  main.tex                                 generated document / build artefact
  media\image1.jpeg                        renderer-generated media
  media\image10.jpeg                       renderer-generated media
  media\image4.jpeg                        renderer-generated media
  media\image5.png                         renderer-generated media
  media\image6.png                         renderer-generated media
  media\image7.png                         renderer-generated media
  media\image8.jpeg                        renderer-generated media
  media\image9.jpeg                        renderer-generated media
  media\office_obj_1.png                   renderer-generated media
  NSP1.cls                                 template resource (document class)
  paper.aux                                generated document / build artefact
  paper.log                                generated document / build artefact
  paper.out                                generated document / build artefact
  paper.pdf                                template resource (graphic (PDF))
  paper.synctex.gz                         generated document / build artefact
  paper.tex                                template resource (included source)
  psfig.sty                                template resource (package / style)
  Ref. JSAP paper.tex                      template resource (included source)
  template.json                            template metadata
[2026-07-21 20:32:14,809] [INFO] [latex_compiler.py:144]: Dependency resolution (26 references):
  [LOCAL  ] documentclass   NSP1
  [SYSTEM ] usepackage      url
  [SYSTEM ] usepackage      floatflt
  [SYSTEM ] usepackage      cite
  [SYSTEM ] usepackage      helvet
  [SYSTEM ] usepackage      times
  [LOCAL  ] usepackage      psfig
  [SYSTEM ] usepackage      graphicx
  [SYSTEM ] usepackage      mathptmx
  [SYSTEM ] usepackage      amsmath
  [SYSTEM ] usepackage      amssymb
  [SYSTEM ] usepackage      bm
  [SYSTEM ] usepackage      float
  [SYSTEM ] usepackage      caption
  [SYSTEM ] usepackage      placeins
  [SYSTEM ] usepackage      booktabs
  [SYSTEM ] usepackage      array
  [SYSTEM ] usepackage      multirow
  [SYSTEM ] usepackage      makecell
  [SYSTEM ] usepackage      xcolor
  [SYSTEM ] usepackage      geometry
  [DYNAMIC] includegraphics #1
  [LOCAL  ] includegraphics media/office_obj_1.png
  [LOCAL  ] includegraphics media/image5.png
  [LOCAL  ] includegraphics media/image6.png
  [LOCAL  ] includegraphics media/image7.png
[2026-07-21 20:32:14,810] [INFO] [latex_compiler.py:357]: Using latexmk compiler.
[2026-07-21 20:32:19,857] [INFO] [latex_compiler.py:424]: Compilation completed successfully. PDF generated at: G:\work\Journal2LaTeX\backend\temp\048e19e5-ec17-4797-af4d-5fc013c8f298\output\paper.pdf
[2026-07-21 20:32:29,069] [INFO] [latex_compiler.py:321]: Starting LaTeX compilation for: G:\work\Journal2LaTeX\backend\temp\048e19e5-ec17-4797-af4d-5fc013c8f298\rendered\main.tex
[2026-07-21 20:32:29,072] [INFO] [latex_compiler.py:125]: Rendered working directory tree before compilation:
  chart1.png
  chart2.png
  chart3.png
  chart4.png
  everyshi.sty
  logo7pt-eps-converted-to.pdf
  logo7pt.eps
  main.aux
  main.fdb_latexmk
  main.fls
  main.log
  main.out
  main.pdf
  main.tex
  media/
    image1.jpeg
    image10.jpeg
    image4.jpeg
    image5.png
    image6.png
    image7.png
    image8.jpeg
    image9.jpeg
    office_obj_1.png
  NSP1.cls
  paper.aux
  paper.log
  paper.out
  paper.pdf
  paper.synctex.gz
  paper.tex
  psfig.sty
  Ref. JSAP paper.tex
  template.json
[2026-07-21 20:32:29,075] [INFO] [latex_compiler.py:131]: Template resource manifest (33 files):
  chart1.png                               template resource (graphic (PNG))
  chart2.png                               template resource (graphic (PNG))
  chart3.png                               template resource (graphic (PNG))
  chart4.png                               template resource (graphic (PNG))
  everyshi.sty                             template resource (package / style)
  logo7pt-eps-converted-to.pdf             template resource (graphic (PDF))
  logo7pt.eps                              template resource (graphic (EPS))
  main.aux                                 generated document / build artefact
  main.fdb_latexmk                         generated document / build artefact
  main.fls                                 generated document / build artefact
  main.log                                 generated document / build artefact
  main.out                                 generated document / build artefact
  main.pdf                                 generated document / build artefact
  main.tex                                 generated document / build artefact
  media\image1.jpeg                        renderer-generated media
  media\image10.jpeg                       renderer-generated media
  media\image4.jpeg                        renderer-generated media
  media\image5.png                         renderer-generated media
  media\image6.png                         renderer-generated media
  media\image7.png                         renderer-generated media
  media\image8.jpeg                        renderer-generated media
  media\image9.jpeg                        renderer-generated media
  media\office_obj_1.png                   renderer-generated media
  NSP1.cls                                 template resource (document class)
  paper.aux                                generated document / build artefact
  paper.log                                generated document / build artefact
  paper.out                                generated document / build artefact
  paper.pdf                                template resource (graphic (PDF))
  paper.synctex.gz                         generated document / build artefact
  paper.tex                                template resource (included source)
  psfig.sty                                template resource (package / style)
  Ref. JSAP paper.tex                      template resource (included source)
  template.json                            template metadata
[2026-07-21 20:32:29,215] [INFO] [latex_compiler.py:144]: Dependency resolution (26 references):
  [LOCAL  ] documentclass   NSP1
  [SYSTEM ] usepackage      url
  [SYSTEM ] usepackage      floatflt
  [SYSTEM ] usepackage      cite
  [SYSTEM ] usepackage      helvet
  [SYSTEM ] usepackage      times
  [LOCAL  ] usepackage      psfig
  [SYSTEM ] usepackage      graphicx
  [SYSTEM ] usepackage      mathptmx
  [SYSTEM ] usepackage      amsmath
  [SYSTEM ] usepackage      amssymb
  [SYSTEM ] usepackage      bm
  [SYSTEM ] usepackage      float
  [SYSTEM ] usepackage      caption
  [SYSTEM ] usepackage      placeins
  [SYSTEM ] usepackage      booktabs
  [SYSTEM ] usepackage      array
  [SYSTEM ] usepackage      multirow
  [SYSTEM ] usepackage      makecell
  [SYSTEM ] usepackage      xcolor
  [SYSTEM ] usepackage      geometry
  [DYNAMIC] includegraphics #1
  [LOCAL  ] includegraphics media/office_obj_1.png
  [LOCAL  ] includegraphics media/image5.png
  [LOCAL  ] includegraphics media/image6.png
  [LOCAL  ] includegraphics media/image7.png
[2026-07-21 20:32:29,216] [INFO] [latex_compiler.py:357]: Using latexmk compiler.
[2026-07-21 20:32:33,666] [INFO] [latex_compiler.py:424]: Compilation completed successfully. PDF generated at: G:\work\Journal2LaTeX\backend\temp\048e19e5-ec17-4797-af4d-5fc013c8f298\output\paper.pdf
