[2026-07-21 20:30:24,315] [INFO] [job_manager.py:136]: Job 048e19e5-ec17-4797-af4d-5fc013c8f298 workspace created successfully
[2026-07-21 20:30:24,350] [INFO] [pipeline_service.py:45]: Starting validation for job: 048e19e5-ec17-4797-af4d-5fc013c8f298
[2026-07-21 20:30:24,364] [INFO] [job_manager.py:180]: Job status updated to: VALIDATING
[2026-07-21 20:30:24,378] [INFO] [job_manager.py:204]: Progress updated to 10%: Validating input Word Document
[2026-07-21 20:30:24,395] [INFO] [pipeline_service.py:60]: Validation successful.
[2026-07-21 20:30:24,409] [INFO] [job_manager.py:204]: Progress updated to 20%: Input document validated successfully
[2026-07-21 20:30:24,409] [INFO] [pipeline_service.py:67]: Starting document analysis for job: 048e19e5-ec17-4797-af4d-5fc013c8f298
[2026-07-21 20:30:24,424] [INFO] [job_manager.py:180]: Job status updated to: ANALYZING_DOCUMENT
[2026-07-21 20:30:24,438] [INFO] [job_manager.py:204]: Progress updated to 30%: Analyzing document structure and content blocks
[2026-07-21 20:30:24,438] [INFO] [document_analyzer.py:33]: Starting improved document analysis for: G:\work\Journal2LaTeX\backend\temp\048e19e5-ec17-4797-af4d-5fc013c8f298\input\The role.docx
[2026-07-21 20:30:25,300] [INFO] [document_analyzer.py:461]: Parsed document: title='The Role of Social Media in the Spread and Countering of Cyber-Extremism: An Islamic Jurisprudential and Educational Perspective', authors=19, sections=1, references=42
[2026-07-21 20:30:25,307] [INFO] [pipeline_service.py:95]: Document analysis completed. Saved structure to: G:\work\Journal2LaTeX\backend\temp\048e19e5-ec17-4797-af4d-5fc013c8f298\intermediate\document_structure.json, report to: G:\work\Journal2LaTeX\backend\temp\048e19e5-ec17-4797-af4d-5fc013c8f298\intermediate\conversion_report.json
[2026-07-21 20:30:25,324] [INFO] [job_manager.py:204]: Progress updated to 45%: Document structure extracted successfully
[2026-07-21 20:30:25,324] [INFO] [pipeline_service.py:108]: Starting asset extraction for job: 048e19e5-ec17-4797-af4d-5fc013c8f298
[2026-07-21 20:30:25,339] [INFO] [job_manager.py:180]: Job status updated to: EXTRACTING_ASSETS
[2026-07-21 20:30:25,353] [INFO] [job_manager.py:204]: Progress updated to 50%: Extracting images and figure assets from document
[2026-07-21 20:30:31,281] [INFO] [pipeline_service.py:223]: Office object fig:office1 placed=True
[2026-07-21 20:30:31,325] [INFO] [pipeline_service.py:141]: Assets extracted to: G:\work\Journal2LaTeX\backend\temp\048e19e5-ec17-4797-af4d-5fc013c8f298\intermediate\media
[2026-07-21 20:30:31,341] [INFO] [job_manager.py:204]: Progress updated to 60%: Document assets extracted successfully
[2026-07-21 20:30:31,341] [INFO] [pipeline_service.py:231]: Classifying extracted assets for job: 048e19e5-ec17-4797-af4d-5fc013c8f298
[2026-07-21 20:30:31,342] [INFO] [asset_analyzer.py:23]: Starting extended asset analysis for job: 048e19e5-ec17-4797-af4d-5fc013c8f298
[2026-07-21 20:30:31,344] [INFO] [asset_analyzer.py:153]: Extended asset classification completed. Assets classified: 8
[2026-07-21 20:30:31,357] [INFO] [job_manager.py:204]: Progress updated to 65%: Extracted assets analyzed and mapped successfully
[2026-07-21 20:30:31,421] [INFO] [pipeline_service.py:247]: Loading template cc281b13-413c-4531-9286-7368d9eaafc3 for job: 048e19e5-ec17-4797-af4d-5fc013c8f298
[2026-07-21 20:30:31,437] [INFO] [job_manager.py:180]: Job status updated to: LOADING_TEMPLATE
[2026-07-21 20:30:31,450] [INFO] [job_manager.py:204]: Progress updated to 70%: Loading template styles: cc281b13-413c-4531-9286-7368d9eaafc3
[2026-07-21 20:30:31,524] [INFO] [pipeline_service.py:269]: Template loaded and workspace prepared at: G:\work\Journal2LaTeX\backend\temp\048e19e5-ec17-4797-af4d-5fc013c8f298\rendered
[2026-07-21 20:30:31,537] [INFO] [job_manager.py:204]: Progress updated to 80%: Template workspace initialized
[2026-07-21 20:30:31,539] [INFO] [pipeline_service.py:294]: Starting LaTeX rendering for job: 048e19e5-ec17-4797-af4d-5fc013c8f298
[2026-07-21 20:30:31,555] [INFO] [job_manager.py:180]: Job status updated to: RENDERING_LATEX
[2026-07-21 20:30:31,570] [INFO] [job_manager.py:204]: Progress updated to 85%: Rendering document content to LaTeX
[2026-07-21 20:30:31,594] [INFO] [latex_renderer.py:72]: Starting LaTeX rendering inside workspace: G:\work\Journal2LaTeX\backend\temp\048e19e5-ec17-4797-af4d-5fc013c8f298\rendered
[2026-07-21 20:30:31,684] [INFO] [latex_renderer.py:355]: LaTeX document main.tex rendered successfully.
[2026-07-21 20:30:31,819] [INFO] [header_reconstructor.py:124]: Template class draws its own header; skipping fancyhdr injection.
[2026-07-21 20:30:31,823] [INFO] [job_manager.py:204]: Progress updated to 90%: LaTeX document rendering completed
[2026-07-21 20:30:31,824] [INFO] [pipeline_service.py:357]: Starting document compilation for job: 048e19e5-ec17-4797-af4d-5fc013c8f298
[2026-07-21 20:30:31,843] [INFO] [job_manager.py:180]: Job status updated to: COMPILING
[2026-07-21 20:30:31,858] [INFO] [job_manager.py:204]: Progress updated to 92%: Compiling LaTeX source to PDF
[2026-07-21 20:30:45,916] [INFO] [pipeline_service.py:380]: Compilation completed successfully.
[2026-07-21 20:30:45,919] [INFO] [pipeline_service.py:395]: Running E2E publication fidelity checker for job: 048e19e5-ec17-4797-af4d-5fc013c8f298
[2026-07-21 20:30:45,919] [INFO] [fidelity_checker.py:24]: Generating advanced fidelity report and scores for job: 048e19e5-ec17-4797-af4d-5fc013c8f298
[2026-07-21 20:30:45,923] [INFO] [fidelity_checker.py:163]: Fidelity report written to G:\work\Journal2LaTeX\backend\temp\048e19e5-ec17-4797-af4d-5fc013c8f298\intermediate\fidelity_report.json. Overall Score: 90.4%, Critical missing: 0
[2026-07-21 20:30:45,940] [INFO] [pipeline_service.py:357]: Starting document compilation for job: 048e19e5-ec17-4797-af4d-5fc013c8f298
[2026-07-21 20:30:50,508] [INFO] [pipeline_service.py:380]: Compilation completed successfully.
[2026-07-21 20:31:06,239] [INFO] [pipeline_service.py:357]: Starting document compilation for job: 048e19e5-ec17-4797-af4d-5fc013c8f298
[2026-07-21 20:31:10,895] [INFO] [pipeline_service.py:380]: Compilation completed successfully.
[2026-07-21 20:31:19,539] [INFO] [pipeline_service.py:357]: Starting document compilation for job: 048e19e5-ec17-4797-af4d-5fc013c8f298
[2026-07-21 20:31:24,042] [INFO] [pipeline_service.py:380]: Compilation completed successfully.
[2026-07-21 20:31:32,620] [INFO] [pipeline_service.py:357]: Starting document compilation for job: 048e19e5-ec17-4797-af4d-5fc013c8f298
[2026-07-21 20:31:37,172] [INFO] [pipeline_service.py:380]: Compilation completed successfully.
[2026-07-21 20:31:46,176] [INFO] [pipeline_service.py:357]: Starting document compilation for job: 048e19e5-ec17-4797-af4d-5fc013c8f298
[2026-07-21 20:31:51,090] [INFO] [pipeline_service.py:380]: Compilation completed successfully.
[2026-07-21 20:32:00,517] [INFO] [pipeline_service.py:357]: Starting document compilation for job: 048e19e5-ec17-4797-af4d-5fc013c8f298
[2026-07-21 20:32:05,716] [INFO] [pipeline_service.py:380]: Compilation completed successfully.
[2026-07-21 20:32:14,607] [INFO] [pipeline_service.py:357]: Starting document compilation for job: 048e19e5-ec17-4797-af4d-5fc013c8f298
[2026-07-21 20:32:19,871] [INFO] [pipeline_service.py:380]: Compilation completed successfully.
[2026-07-21 20:32:29,068] [INFO] [pipeline_service.py:357]: Starting document compilation for job: 048e19e5-ec17-4797-af4d-5fc013c8f298
[2026-07-21 20:32:33,679] [INFO] [pipeline_service.py:380]: Compilation completed successfully.
[2026-07-21 20:32:33,693] [INFO] [job_manager.py:180]: Job status updated to: COMPLETED
[2026-07-21 20:32:33,710] [INFO] [job_manager.py:204]: Progress updated to 100%: Pipeline process completed successfully
