[2026-07-18 00:19:18,962] [INFO] [job_manager.py:92]: Job 35054ebf-0d07-4a4a-aead-b5b3f40961bd workspace created successfully
[2026-07-18 00:19:18,990] [INFO] [pipeline_service.py:30]: Starting validation for job: 35054ebf-0d07-4a4a-aead-b5b3f40961bd
[2026-07-18 00:19:18,991] [INFO] [job_manager.py:136]: Job status updated to: VALIDATING
[2026-07-18 00:19:19,005] [INFO] [job_manager.py:160]: Progress updated to 10%: Validating input Word Document
[2026-07-18 00:19:19,022] [INFO] [pipeline_service.py:45]: Validation successful.
[2026-07-18 00:19:19,036] [INFO] [job_manager.py:160]: Progress updated to 20%: Input document validated successfully
[2026-07-18 00:19:19,036] [INFO] [pipeline_service.py:52]: Starting document analysis for job: 35054ebf-0d07-4a4a-aead-b5b3f40961bd
[2026-07-18 00:19:19,057] [INFO] [job_manager.py:136]: Job status updated to: ANALYZING_DOCUMENT
[2026-07-18 00:19:19,070] [INFO] [job_manager.py:160]: Progress updated to 30%: Analyzing document structure and content blocks
[2026-07-18 00:19:19,070] [INFO] [document_analyzer.py:33]: Starting improved document analysis for: G:\work\Journal2LaTeX\backend\temp\35054ebf-0d07-4a4a-aead-b5b3f40961bd\input\test.docx
[2026-07-18 00:19:19,424] [ERROR] [document_analyzer.py:67]: Unexpected error during document analysis: global flags not at the start of the expression at position 1
Traceback (most recent call last):
  File "G:\work\Journal2LaTeX\backend\app\services\document_analyzer.py", line 62, in analyze_document
    return self._parse_ast(ast_data, job_id)
           ~~~~~~~~~~~~~~~^^^^^^^^^^^^^^^^^^
  File "G:\work\Journal2LaTeX\backend\app\services\document_analyzer.py", line 137, in _parse_ast
    abstract_text = re.sub(r"^(?i)abstract(text)?:?\s*", "", txt).strip()
                    ~~~~~~^^^^^^^^^^^^^^^^^^^^^^^^^^^^^^^^^^^^^^^
  File "C:\Users\asus\anaconda3\Lib\re\__init__.py", line 208, in sub
    return _compile(pattern, flags).sub(repl, string, count)
           ~~~~~~~~^^^^^^^^^^^^^^^^
  File "C:\Users\asus\anaconda3\Lib\re\__init__.py", line 350, in _compile
    p = _compiler.compile(pattern, flags)
  File "C:\Users\asus\anaconda3\Lib\re\_compiler.py", line 748, in compile
    p = _parser.parse(p, flags)
  File "C:\Users\asus\anaconda3\Lib\re\_parser.py", line 980, in parse
    p = _parse_sub(source, state, flags & SRE_FLAG_VERBOSE, 0)
  File "C:\Users\asus\anaconda3\Lib\re\_parser.py", line 459, in _parse_sub
    itemsappend(_parse(source, state, verbose, nested + 1,
                ~~~~~~^^^^^^^^^^^^^^^^^^^^^^^^^^^^^^^^^^^^
                       not nested and not items))
                       ^^^^^^^^^^^^^^^^^^^^^^^^^
  File "C:\Users\asus\anaconda3\Lib\re\_parser.py", line 841, in _parse
    raise source.error('global flags not at the start '
                       'of the expression',
                       source.tell() - start)
re.PatternError: global flags not at the start of the expression at position 1
[2026-07-18 00:19:19,432] [ERROR] [pipeline_service.py:86]: Document analysis failed: Unexpected error during document analysis: global flags not at the start of the expression at position 1
[2026-07-18 00:19:19,446] [ERROR] [job_manager.py:184]: Job error added: Document analysis failed: Unexpected error during document analysis: global flags not at the start of the expression at position 1
[2026-07-18 00:19:19,469] [INFO] [pipeline_service.py:116]: Loading template default for job: 35054ebf-0d07-4a4a-aead-b5b3f40961bd
[2026-07-18 00:19:19,470] [INFO] [job_manager.py:136]: Job status updated to: LOADING_TEMPLATE
[2026-07-18 00:19:19,482] [INFO] [job_manager.py:160]: Progress updated to 70%: Loading template styles: default
[2026-07-18 00:19:19,494] [INFO] [pipeline_service.py:134]: Template loaded and workspace prepared at: G:\work\Journal2LaTeX\backend\temp\35054ebf-0d07-4a4a-aead-b5b3f40961bd\rendered
[2026-07-18 00:19:19,510] [INFO] [job_manager.py:160]: Progress updated to 80%: Template workspace initialized
[2026-07-18 00:19:19,510] [INFO] [pipeline_service.py:147]: Starting LaTeX rendering for job: 35054ebf-0d07-4a4a-aead-b5b3f40961bd
[2026-07-18 00:19:19,525] [INFO] [job_manager.py:136]: Job status updated to: RENDERING_LATEX
[2026-07-18 00:19:19,538] [INFO] [job_manager.py:160]: Progress updated to 85%: Rendering document content to LaTeX
[2026-07-18 00:19:19,539] [ERROR] [pipeline_service.py:158]: Document structure JSON not found. Run analysis stage first.
[2026-07-18 00:19:19,551] [ERROR] [job_manager.py:184]: Job error added: Document structure JSON not found. Run analysis stage first.
