[2026-07-18 12:34:32,421] [INFO] [job_manager.py:117]: Job a16da9e5-3e00-4a96-b046-5c5ca94ed8f6 workspace created successfully
[2026-07-18 12:34:32,495] [INFO] [pipeline_service.py:34]: Starting validation for job: a16da9e5-3e00-4a96-b046-5c5ca94ed8f6
[2026-07-18 12:34:32,497] [INFO] [job_manager.py:161]: Job status updated to: VALIDATING
[2026-07-18 12:34:32,517] [INFO] [job_manager.py:185]: Progress updated to 10%: Validating input Word Document
[2026-07-18 12:34:40,384] [INFO] [pipeline_service.py:49]: Validation successful.
[2026-07-18 12:34:40,401] [INFO] [job_manager.py:185]: Progress updated to 20%: Input document validated successfully
[2026-07-18 12:34:40,401] [INFO] [pipeline_service.py:56]: Starting document analysis for job: a16da9e5-3e00-4a96-b046-5c5ca94ed8f6
[2026-07-18 12:34:40,417] [INFO] [job_manager.py:161]: Job status updated to: ANALYZING_DOCUMENT
[2026-07-18 12:34:40,431] [INFO] [job_manager.py:185]: Progress updated to 30%: Analyzing document structure and content blocks
[2026-07-18 12:34:40,431] [INFO] [document_analyzer.py:33]: Starting improved document analysis for: G:\work\Journal2LaTeX\backend\temp\a16da9e5-3e00-4a96-b046-5c5ca94ed8f6\input\New_Paper.docx
[2026-07-18 12:34:41,343] [INFO] [document_analyzer.py:416]: Parsed document: title='Modification of the Authentication in the Routing Protocols in Mobile Ad Hoc Networks (MANETs)', authors=5, sections=1, references=14
[2026-07-18 12:34:41,350] [INFO] [pipeline_service.py:84]: Document analysis completed. Saved structure to: G:\work\Journal2LaTeX\backend\temp\a16da9e5-3e00-4a96-b046-5c5ca94ed8f6\intermediate\document_structure.json, report to: G:\work\Journal2LaTeX\backend\temp\a16da9e5-3e00-4a96-b046-5c5ca94ed8f6\intermediate\conversion_report.json
[2026-07-18 12:34:41,365] [INFO] [job_manager.py:185]: Progress updated to 45%: Document structure extracted successfully
[2026-07-18 12:34:41,365] [INFO] [pipeline_service.py:97]: Starting asset extraction for job: a16da9e5-3e00-4a96-b046-5c5ca94ed8f6
[2026-07-18 12:34:41,375] [INFO] [job_manager.py:161]: Job status updated to: EXTRACTING_ASSETS
[2026-07-18 12:34:41,388] [INFO] [job_manager.py:185]: Progress updated to 50%: Extracting images and figure assets from document
[2026-07-18 12:34:42,241] [INFO] [pipeline_service.py:108]: Assets extracted to: G:\work\Journal2LaTeX\backend\temp\a16da9e5-3e00-4a96-b046-5c5ca94ed8f6\intermediate\media
[2026-07-18 12:34:42,255] [INFO] [job_manager.py:185]: Progress updated to 60%: Document assets extracted successfully
[2026-07-18 12:34:42,255] [INFO] [pipeline_service.py:120]: Classifying extracted assets for job: a16da9e5-3e00-4a96-b046-5c5ca94ed8f6
[2026-07-18 12:34:42,255] [INFO] [asset_analyzer.py:23]: Starting extended asset analysis for job: a16da9e5-3e00-4a96-b046-5c5ca94ed8f6
[2026-07-18 12:34:42,263] [INFO] [asset_analyzer.py:153]: Extended asset classification completed. Assets classified: 81
[2026-07-18 12:34:42,280] [INFO] [job_manager.py:185]: Progress updated to 65%: Extracted assets analyzed and mapped successfully
[2026-07-18 12:38:32,484] [INFO] [pipeline_service.py:136]: Loading template default for job: a16da9e5-3e00-4a96-b046-5c5ca94ed8f6
[2026-07-18 12:38:32,485] [INFO] [job_manager.py:161]: Job status updated to: LOADING_TEMPLATE
[2026-07-18 12:38:32,501] [INFO] [job_manager.py:185]: Progress updated to 70%: Loading template styles: default
[2026-07-18 12:38:32,608] [INFO] [pipeline_service.py:154]: Template loaded and workspace prepared at: G:\work\Journal2LaTeX\backend\temp\a16da9e5-3e00-4a96-b046-5c5ca94ed8f6\rendered
[2026-07-18 12:38:32,625] [INFO] [job_manager.py:185]: Progress updated to 80%: Template workspace initialized
[2026-07-18 12:38:32,625] [INFO] [pipeline_service.py:167]: Starting LaTeX rendering for job: a16da9e5-3e00-4a96-b046-5c5ca94ed8f6
[2026-07-18 12:38:32,641] [INFO] [job_manager.py:161]: Job status updated to: RENDERING_LATEX
[2026-07-18 12:38:32,654] [INFO] [job_manager.py:185]: Progress updated to 85%: Rendering document content to LaTeX
[2026-07-18 12:38:32,671] [INFO] [latex_renderer.py:29]: Starting LaTeX rendering inside workspace: G:\work\Journal2LaTeX\backend\temp\a16da9e5-3e00-4a96-b046-5c5ca94ed8f6\rendered
[2026-07-18 12:38:32,705] [INFO] [latex_renderer.py:174]: LaTeX document main.tex rendered successfully.
[2026-07-18 12:38:32,720] [INFO] [job_manager.py:185]: Progress updated to 90%: LaTeX document rendering completed
[2026-07-18 12:38:32,720] [INFO] [pipeline_service.py:201]: Starting document compilation for job: a16da9e5-3e00-4a96-b046-5c5ca94ed8f6
[2026-07-18 12:38:32,733] [INFO] [job_manager.py:161]: Job status updated to: COMPILING
[2026-07-18 12:38:32,747] [INFO] [job_manager.py:185]: Progress updated to 92%: Compiling LaTeX source to PDF
[2026-07-18 12:38:42,078] [INFO] [pipeline_service.py:223]: Compilation completed successfully.
[2026-07-18 12:38:42,080] [INFO] [pipeline_service.py:235]: Running E2E publication fidelity checker for job: a16da9e5-3e00-4a96-b046-5c5ca94ed8f6
[2026-07-18 12:38:42,080] [INFO] [fidelity_checker.py:24]: Generating advanced fidelity report and scores for job: a16da9e5-3e00-4a96-b046-5c5ca94ed8f6
[2026-07-18 12:38:42,093] [INFO] [fidelity_checker.py:163]: Fidelity report written to G:\work\Journal2LaTeX\backend\temp\a16da9e5-3e00-4a96-b046-5c5ca94ed8f6\intermediate\fidelity_report.json. Overall Score: 99.5%, Critical missing: 0
[2026-07-18 12:38:42,108] [INFO] [job_manager.py:161]: Job status updated to: COMPLETED
[2026-07-18 12:38:42,125] [INFO] [job_manager.py:185]: Progress updated to 100%: Pipeline process completed successfully
[2026-07-18 12:38:42,144] [INFO] [pipeline_service.py:136]: Loading template default for job: a16da9e5-3e00-4a96-b046-5c5ca94ed8f6
[2026-07-18 12:38:42,145] [INFO] [job_manager.py:161]: Job status updated to: LOADING_TEMPLATE
[2026-07-18 12:38:42,159] [INFO] [job_manager.py:185]: Progress updated to 70%: Loading template styles: default
[2026-07-18 12:38:42,236] [INFO] [pipeline_service.py:154]: Template loaded and workspace prepared at: G:\work\Journal2LaTeX\backend\temp\a16da9e5-3e00-4a96-b046-5c5ca94ed8f6\rendered
[2026-07-18 12:38:42,251] [INFO] [job_manager.py:185]: Progress updated to 80%: Template workspace initialized
[2026-07-18 12:38:42,252] [INFO] [pipeline_service.py:167]: Starting LaTeX rendering for job: a16da9e5-3e00-4a96-b046-5c5ca94ed8f6
[2026-07-18 12:38:42,269] [INFO] [job_manager.py:161]: Job status updated to: RENDERING_LATEX
[2026-07-18 12:38:42,284] [INFO] [job_manager.py:185]: Progress updated to 85%: Rendering document content to LaTeX
[2026-07-18 12:38:42,287] [INFO] [latex_renderer.py:29]: Starting LaTeX rendering inside workspace: G:\work\Journal2LaTeX\backend\temp\a16da9e5-3e00-4a96-b046-5c5ca94ed8f6\rendered
[2026-07-18 12:38:42,297] [INFO] [latex_renderer.py:174]: LaTeX document main.tex rendered successfully.
[2026-07-18 12:38:42,312] [INFO] [job_manager.py:185]: Progress updated to 90%: LaTeX document rendering completed
[2026-07-18 12:38:42,313] [INFO] [pipeline_service.py:201]: Starting document compilation for job: a16da9e5-3e00-4a96-b046-5c5ca94ed8f6
[2026-07-18 12:38:42,327] [INFO] [job_manager.py:161]: Job status updated to: COMPILING
[2026-07-18 12:38:42,341] [INFO] [job_manager.py:185]: Progress updated to 92%: Compiling LaTeX source to PDF
[2026-07-18 12:38:43,892] [INFO] [pipeline_service.py:223]: Compilation completed successfully.
[2026-07-18 12:38:43,893] [INFO] [pipeline_service.py:235]: Running E2E publication fidelity checker for job: a16da9e5-3e00-4a96-b046-5c5ca94ed8f6
[2026-07-18 12:38:43,893] [INFO] [fidelity_checker.py:24]: Generating advanced fidelity report and scores for job: a16da9e5-3e00-4a96-b046-5c5ca94ed8f6
[2026-07-18 12:38:43,901] [INFO] [fidelity_checker.py:163]: Fidelity report written to G:\work\Journal2LaTeX\backend\temp\a16da9e5-3e00-4a96-b046-5c5ca94ed8f6\intermediate\fidelity_report.json. Overall Score: 99.5%, Critical missing: 0
[2026-07-18 12:38:43,916] [INFO] [job_manager.py:161]: Job status updated to: COMPLETED
[2026-07-18 12:38:43,930] [INFO] [job_manager.py:185]: Progress updated to 100%: Pipeline process completed successfully
