[2026-07-28 17:55:13,483] [INFO] [job_manager.py:136]: Job 9cf3fc2a-11bb-430d-994f-45e9ccc00061 workspace created successfully
[2026-07-28 17:55:13,507] [INFO] [pipeline_service.py:46]: Starting validation for job: 9cf3fc2a-11bb-430d-994f-45e9ccc00061
[2026-07-28 17:55:13,524] [INFO] [job_manager.py:180]: Job status updated to: VALIDATING
[2026-07-28 17:55:13,537] [INFO] [job_manager.py:204]: Progress updated to 10%: Validating input Word Document
[2026-07-28 17:55:13,553] [INFO] [pipeline_service.py:61]: Validation successful.
[2026-07-28 17:55:13,569] [INFO] [job_manager.py:204]: Progress updated to 20%: Input document validated successfully
[2026-07-28 17:55:13,569] [INFO] [pipeline_service.py:68]: Starting document analysis for job: 9cf3fc2a-11bb-430d-994f-45e9ccc00061
[2026-07-28 17:55:13,589] [INFO] [job_manager.py:180]: Job status updated to: ANALYZING_DOCUMENT
[2026-07-28 17:55:13,603] [INFO] [job_manager.py:204]: Progress updated to 30%: Analyzing document structure and content blocks
[2026-07-28 17:55:13,604] [INFO] [document_analyzer.py:44]: Starting improved document analysis for: G:\work\Journal2LaTeX\backend\temp\9cf3fc2a-11bb-430d-994f-45e9ccc00061\input\5.docx
[2026-07-28 17:55:16,342] [INFO] [document_analyzer.py:528]: Parsed document: title='Mittag-Leffler Stability Analysis for a fractional order model of co-contaminated soil and water pollution', authors=265, sections=0, references=0
[2026-07-28 17:55:16,348] [INFO] [pipeline_service.py:96]: Document analysis completed. Saved structure to: G:\work\Journal2LaTeX\backend\temp\9cf3fc2a-11bb-430d-994f-45e9ccc00061\intermediate\document_structure.json, report to: G:\work\Journal2LaTeX\backend\temp\9cf3fc2a-11bb-430d-994f-45e9ccc00061\intermediate\conversion_report.json
[2026-07-28 17:55:16,379] [INFO] [job_manager.py:204]: Progress updated to 45%: Document structure extracted successfully
[2026-07-28 17:55:16,379] [INFO] [pipeline_service.py:109]: Starting asset extraction for job: 9cf3fc2a-11bb-430d-994f-45e9ccc00061
[2026-07-28 17:55:16,394] [INFO] [job_manager.py:180]: Job status updated to: EXTRACTING_ASSETS
[2026-07-28 17:55:16,409] [INFO] [job_manager.py:204]: Progress updated to 50%: Extracting images and figure assets from document
[2026-07-28 17:55:18,505] [INFO] [pipeline_service.py:142]: Assets extracted to: G:\work\Journal2LaTeX\backend\temp\9cf3fc2a-11bb-430d-994f-45e9ccc00061\intermediate\media
[2026-07-28 17:55:18,525] [INFO] [job_manager.py:204]: Progress updated to 60%: Document assets extracted successfully
[2026-07-28 17:55:18,525] [INFO] [pipeline_service.py:259]: Classifying extracted assets for job: 9cf3fc2a-11bb-430d-994f-45e9ccc00061
[2026-07-28 17:55:18,525] [INFO] [asset_analyzer.py:23]: Starting extended asset analysis for job: 9cf3fc2a-11bb-430d-994f-45e9ccc00061
[2026-07-28 17:55:18,528] [INFO] [asset_analyzer.py:153]: Extended asset classification completed. Assets classified: 6
[2026-07-28 17:55:18,545] [INFO] [job_manager.py:204]: Progress updated to 65%: Extracted assets analyzed and mapped successfully
[2026-07-28 17:55:18,607] [INFO] [pipeline_service.py:275]: Loading template dcd4d007-4470-4338-b5b0-89aae71a0842 for job: 9cf3fc2a-11bb-430d-994f-45e9ccc00061
[2026-07-28 17:55:18,625] [INFO] [job_manager.py:180]: Job status updated to: LOADING_TEMPLATE
[2026-07-28 17:55:18,642] [INFO] [job_manager.py:204]: Progress updated to 70%: Loading template styles: dcd4d007-4470-4338-b5b0-89aae71a0842
[2026-07-28 17:55:18,753] [INFO] [pipeline_service.py:297]: Template loaded and workspace prepared at: G:\work\Journal2LaTeX\backend\temp\9cf3fc2a-11bb-430d-994f-45e9ccc00061\rendered
[2026-07-28 17:55:18,767] [INFO] [job_manager.py:204]: Progress updated to 80%: Template workspace initialized
[2026-07-28 17:55:18,769] [INFO] [pipeline_service.py:322]: Starting LaTeX rendering for job: 9cf3fc2a-11bb-430d-994f-45e9ccc00061
[2026-07-28 17:55:18,784] [INFO] [job_manager.py:180]: Job status updated to: RENDERING_LATEX
[2026-07-28 17:55:18,799] [INFO] [job_manager.py:204]: Progress updated to 85%: Rendering document content to LaTeX
[2026-07-28 17:55:18,840] [INFO] [latex_renderer.py:104]: Starting LaTeX rendering inside workspace: G:\work\Journal2LaTeX\backend\temp\9cf3fc2a-11bb-430d-994f-45e9ccc00061\rendered
[2026-07-28 17:55:18,867] [INFO] [latex_renderer.py:479]: LaTeX document main.tex rendered successfully.
[2026-07-28 17:55:19,130] [INFO] [header_reconstructor.py:124]: Template class draws its own header; skipping fancyhdr injection.
[2026-07-28 17:55:19,140] [INFO] [job_manager.py:204]: Progress updated to 90%: LaTeX document rendering completed
[2026-07-28 17:55:19,141] [INFO] [pipeline_service.py:385]: Starting document compilation for job: 9cf3fc2a-11bb-430d-994f-45e9ccc00061
[2026-07-28 17:55:19,157] [INFO] [job_manager.py:180]: Job status updated to: COMPILING
[2026-07-28 17:55:19,172] [INFO] [job_manager.py:204]: Progress updated to 92%: Compiling LaTeX source to PDF
[2026-07-28 17:55:22,935] [INFO] [pipeline_service.py:408]: Compilation completed successfully.
[2026-07-28 17:55:22,937] [INFO] [pipeline_service.py:423]: Running E2E publication fidelity checker for job: 9cf3fc2a-11bb-430d-994f-45e9ccc00061
[2026-07-28 17:55:22,937] [INFO] [fidelity_checker.py:24]: Generating advanced fidelity report and scores for job: 9cf3fc2a-11bb-430d-994f-45e9ccc00061
[2026-07-28 17:55:22,940] [INFO] [fidelity_checker.py:175]: Fidelity report written to G:\work\Journal2LaTeX\backend\temp\9cf3fc2a-11bb-430d-994f-45e9ccc00061\intermediate\fidelity_report.json. Overall Score: 94.8%, Critical missing: 0
[2026-07-28 17:55:22,956] [INFO] [job_manager.py:180]: Job status updated to: COMPLETED
[2026-07-28 17:55:22,972] [INFO] [job_manager.py:204]: Progress updated to 100%: Pipeline process completed successfully
