[2026-07-18 02:39:04,760] [INFO] [job_manager.py:92]: Job 1e310520-c89d-481d-82c2-37a50b88c2c7 workspace created successfully
[2026-07-18 02:39:04,781] [INFO] [pipeline_service.py:34]: Starting validation for job: 1e310520-c89d-481d-82c2-37a50b88c2c7
[2026-07-18 02:39:04,782] [INFO] [job_manager.py:136]: Job status updated to: VALIDATING
[2026-07-18 02:39:04,795] [INFO] [job_manager.py:160]: Progress updated to 10%: Validating input Word Document
[2026-07-18 02:39:04,813] [INFO] [pipeline_service.py:49]: Validation successful.
[2026-07-18 02:39:04,825] [INFO] [job_manager.py:160]: Progress updated to 20%: Input document validated successfully
[2026-07-18 02:39:04,825] [INFO] [pipeline_service.py:56]: Starting document analysis for job: 1e310520-c89d-481d-82c2-37a50b88c2c7
[2026-07-18 02:39:04,836] [INFO] [job_manager.py:136]: Job status updated to: ANALYZING_DOCUMENT
[2026-07-18 02:39:04,848] [INFO] [job_manager.py:160]: Progress updated to 30%: Analyzing document structure and content blocks
[2026-07-18 02:39:04,849] [INFO] [document_analyzer.py:33]: Starting improved document analysis for: G:\work\Journal2LaTeX\backend\temp\1e310520-c89d-481d-82c2-37a50b88c2c7\input\with_author_photo.docx
[2026-07-18 02:39:05,196] [INFO] [document_analyzer.py:416]: Parsed document: title='Statistical Analysis of Body Dysmorphic Disorder, Quality of Life, and Social Anxiety in Fire Victims: Path Analysis', authors=3, sections=1, references=21
[2026-07-18 02:39:05,199] [INFO] [pipeline_service.py:84]: Document analysis completed. Saved structure to: G:\work\Journal2LaTeX\backend\temp\1e310520-c89d-481d-82c2-37a50b88c2c7\intermediate\document_structure.json, report to: G:\work\Journal2LaTeX\backend\temp\1e310520-c89d-481d-82c2-37a50b88c2c7\intermediate\conversion_report.json
[2026-07-18 02:39:05,211] [INFO] [job_manager.py:160]: Progress updated to 45%: Document structure extracted successfully
[2026-07-18 02:39:05,211] [INFO] [pipeline_service.py:97]: Starting asset extraction for job: 1e310520-c89d-481d-82c2-37a50b88c2c7
[2026-07-18 02:39:05,221] [INFO] [job_manager.py:136]: Job status updated to: EXTRACTING_ASSETS
[2026-07-18 02:39:05,231] [INFO] [job_manager.py:160]: Progress updated to 50%: Extracting images and figure assets from document
[2026-07-18 02:39:05,560] [INFO] [pipeline_service.py:108]: Assets extracted to: G:\work\Journal2LaTeX\backend\temp\1e310520-c89d-481d-82c2-37a50b88c2c7\intermediate\media
[2026-07-18 02:39:05,575] [INFO] [job_manager.py:160]: Progress updated to 60%: Document assets extracted successfully
[2026-07-18 02:39:05,575] [INFO] [pipeline_service.py:120]: Classifying extracted assets for job: 1e310520-c89d-481d-82c2-37a50b88c2c7
[2026-07-18 02:39:05,575] [INFO] [asset_analyzer.py:23]: Starting extended asset analysis for job: 1e310520-c89d-481d-82c2-37a50b88c2c7
[2026-07-18 02:39:05,577] [INFO] [asset_analyzer.py:153]: Extended asset classification completed. Assets classified: 8
[2026-07-18 02:39:05,590] [INFO] [job_manager.py:160]: Progress updated to 65%: Extracted assets analyzed and mapped successfully
[2026-07-18 02:39:05,607] [INFO] [pipeline_service.py:136]: Loading template JSAP for job: 1e310520-c89d-481d-82c2-37a50b88c2c7
[2026-07-18 02:39:05,608] [INFO] [job_manager.py:136]: Job status updated to: LOADING_TEMPLATE
[2026-07-18 02:39:05,619] [INFO] [job_manager.py:160]: Progress updated to 70%: Loading template styles: JSAP
[2026-07-18 02:39:05,636] [INFO] [pipeline_service.py:154]: Template loaded and workspace prepared at: G:\work\Journal2LaTeX\backend\temp\1e310520-c89d-481d-82c2-37a50b88c2c7\rendered
[2026-07-18 02:39:05,647] [INFO] [job_manager.py:160]: Progress updated to 80%: Template workspace initialized
[2026-07-18 02:39:05,647] [INFO] [pipeline_service.py:167]: Starting LaTeX rendering for job: 1e310520-c89d-481d-82c2-37a50b88c2c7
[2026-07-18 02:39:05,658] [INFO] [job_manager.py:136]: Job status updated to: RENDERING_LATEX
[2026-07-18 02:39:05,668] [INFO] [job_manager.py:160]: Progress updated to 85%: Rendering document content to LaTeX
[2026-07-18 02:39:05,682] [INFO] [latex_renderer.py:30]: Starting LaTeX rendering inside workspace: G:\work\Journal2LaTeX\backend\temp\1e310520-c89d-481d-82c2-37a50b88c2c7\rendered
[2026-07-18 02:39:05,689] [INFO] [latex_renderer.py:173]: LaTeX document main.tex rendered successfully.
[2026-07-18 02:39:05,700] [INFO] [job_manager.py:160]: Progress updated to 90%: LaTeX document rendering completed
[2026-07-18 02:39:05,701] [INFO] [pipeline_service.py:201]: Starting document compilation for job: 1e310520-c89d-481d-82c2-37a50b88c2c7
[2026-07-18 02:39:05,714] [INFO] [job_manager.py:136]: Job status updated to: COMPILING
[2026-07-18 02:39:05,724] [INFO] [job_manager.py:160]: Progress updated to 92%: Compiling LaTeX source to PDF
[2026-07-18 02:39:09,687] [INFO] [pipeline_service.py:223]: Compilation completed successfully.
[2026-07-18 02:39:09,689] [INFO] [pipeline_service.py:235]: Running E2E publication fidelity checker for job: 1e310520-c89d-481d-82c2-37a50b88c2c7
[2026-07-18 02:39:09,689] [INFO] [fidelity_checker.py:24]: Generating advanced fidelity report and scores for job: 1e310520-c89d-481d-82c2-37a50b88c2c7
[2026-07-18 02:39:09,692] [INFO] [fidelity_checker.py:163]: Fidelity report written to G:\work\Journal2LaTeX\backend\temp\1e310520-c89d-481d-82c2-37a50b88c2c7\intermediate\fidelity_report.json. Overall Score: 99.1%, Critical missing: 0
[2026-07-18 02:39:09,704] [INFO] [job_manager.py:136]: Job status updated to: COMPLETED
[2026-07-18 02:39:09,716] [INFO] [job_manager.py:160]: Progress updated to 100%: Pipeline process completed successfully
