[2026-07-23 15:05:48,689] [INFO] [job_manager.py:136]: Job 2842ac11-6101-4b0e-8bb3-da829ad85d37 workspace created successfully
[2026-07-23 15:05:48,714] [INFO] [pipeline_service.py:45]: Starting validation for job: 2842ac11-6101-4b0e-8bb3-da829ad85d37
[2026-07-23 15:05:48,728] [INFO] [job_manager.py:180]: Job status updated to: VALIDATING
[2026-07-23 15:05:48,741] [INFO] [job_manager.py:204]: Progress updated to 10%: Validating input Word Document
[2026-07-23 15:05:48,745] [INFO] [pipeline_service.py:60]: Validation successful.
[2026-07-23 15:05:48,759] [INFO] [job_manager.py:204]: Progress updated to 20%: Input document validated successfully
[2026-07-23 15:05:48,759] [INFO] [pipeline_service.py:67]: Starting document analysis for job: 2842ac11-6101-4b0e-8bb3-da829ad85d37
[2026-07-23 15:05:48,772] [INFO] [job_manager.py:180]: Job status updated to: ANALYZING_DOCUMENT
[2026-07-23 15:05:48,786] [INFO] [job_manager.py:204]: Progress updated to 30%: Analyzing document structure and content blocks
[2026-07-23 15:05:48,786] [INFO] [document_analyzer.py:33]: Starting improved document analysis for: G:\work\Journal2LaTeX\backend\temp\2842ac11-6101-4b0e-8bb3-da829ad85d37\input\sample.docx
[2026-07-23 15:05:48,828] [INFO] [document_analyzer.py:517]: Parsed document: title='Hello from Journal2LaTeX. This is a minimal DOCX document to verify the conversion engine.', authors=0, sections=0, references=0
[2026-07-23 15:05:48,829] [INFO] [pipeline_service.py:95]: Document analysis completed. Saved structure to: G:\work\Journal2LaTeX\backend\temp\2842ac11-6101-4b0e-8bb3-da829ad85d37\intermediate\document_structure.json, report to: G:\work\Journal2LaTeX\backend\temp\2842ac11-6101-4b0e-8bb3-da829ad85d37\intermediate\conversion_report.json
[2026-07-23 15:05:48,845] [INFO] [job_manager.py:204]: Progress updated to 45%: Document structure extracted successfully
[2026-07-23 15:05:48,845] [INFO] [pipeline_service.py:108]: Starting asset extraction for job: 2842ac11-6101-4b0e-8bb3-da829ad85d37
[2026-07-23 15:05:48,864] [INFO] [job_manager.py:180]: Job status updated to: EXTRACTING_ASSETS
[2026-07-23 15:05:48,878] [INFO] [job_manager.py:204]: Progress updated to 50%: Extracting images and figure assets from document
[2026-07-23 15:05:48,950] [INFO] [pipeline_service.py:141]: Assets extracted to: G:\work\Journal2LaTeX\backend\temp\2842ac11-6101-4b0e-8bb3-da829ad85d37\intermediate\media
[2026-07-23 15:05:48,967] [INFO] [job_manager.py:204]: Progress updated to 60%: Document assets extracted successfully
[2026-07-23 15:05:48,967] [INFO] [pipeline_service.py:231]: Classifying extracted assets for job: 2842ac11-6101-4b0e-8bb3-da829ad85d37
[2026-07-23 15:05:48,967] [INFO] [asset_analyzer.py:23]: Starting extended asset analysis for job: 2842ac11-6101-4b0e-8bb3-da829ad85d37
[2026-07-23 15:05:48,970] [INFO] [asset_analyzer.py:153]: Extended asset classification completed. Assets classified: 0
[2026-07-23 15:05:48,985] [INFO] [job_manager.py:204]: Progress updated to 65%: Extracted assets analyzed and mapped successfully
