[2026-07-26 21:03:02,662] [INFO] [job_manager.py:136]: Job 50ebfa00-ae62-4efe-a2d9-fa20ad08bfc5 workspace created successfully
[2026-07-26 21:03:02,692] [INFO] [pipeline_service.py:46]: Starting validation for job: 50ebfa00-ae62-4efe-a2d9-fa20ad08bfc5
[2026-07-26 21:03:02,707] [INFO] [job_manager.py:180]: Job status updated to: VALIDATING
[2026-07-26 21:03:02,724] [INFO] [job_manager.py:204]: Progress updated to 10%: Validating input Word Document
[2026-07-26 21:03:02,741] [INFO] [pipeline_service.py:61]: Validation successful.
[2026-07-26 21:03:02,760] [INFO] [job_manager.py:204]: Progress updated to 20%: Input document validated successfully
[2026-07-26 21:03:02,761] [INFO] [pipeline_service.py:68]: Starting document analysis for job: 50ebfa00-ae62-4efe-a2d9-fa20ad08bfc5
[2026-07-26 21:03:02,777] [INFO] [job_manager.py:180]: Job status updated to: ANALYZING_DOCUMENT
[2026-07-26 21:03:02,795] [INFO] [job_manager.py:204]: Progress updated to 30%: Analyzing document structure and content blocks
[2026-07-26 21:03:02,795] [INFO] [document_analyzer.py:44]: Starting improved document analysis for: G:\work\Journal2LaTeX\backend\temp\50ebfa00-ae62-4efe-a2d9-fa20ad08bfc5\input\The role.docx
[2026-07-26 21:03:04,105] [INFO] [document_analyzer.py:528]: Parsed document: title='The Role of Social Media in the Spread and Countering of Cyber-Extremism: An Islamic Jurisprudential and Educational Perspective', authors=3, sections=43, references=42
[2026-07-26 21:03:04,112] [INFO] [pipeline_service.py:96]: Document analysis completed. Saved structure to: G:\work\Journal2LaTeX\backend\temp\50ebfa00-ae62-4efe-a2d9-fa20ad08bfc5\intermediate\document_structure.json, report to: G:\work\Journal2LaTeX\backend\temp\50ebfa00-ae62-4efe-a2d9-fa20ad08bfc5\intermediate\conversion_report.json
[2026-07-26 21:03:04,131] [INFO] [job_manager.py:204]: Progress updated to 45%: Document structure extracted successfully
[2026-07-26 21:03:04,131] [INFO] [pipeline_service.py:109]: Starting asset extraction for job: 50ebfa00-ae62-4efe-a2d9-fa20ad08bfc5
[2026-07-26 21:03:04,148] [INFO] [job_manager.py:180]: Job status updated to: EXTRACTING_ASSETS
[2026-07-26 21:03:04,166] [INFO] [job_manager.py:204]: Progress updated to 50%: Extracting images and figure assets from document
[2026-07-26 21:03:09,869] [INFO] [pipeline_service.py:251]: Office object fig:office1 placed=True
[2026-07-26 21:03:09,917] [INFO] [pipeline_service.py:142]: Assets extracted to: G:\work\Journal2LaTeX\backend\temp\50ebfa00-ae62-4efe-a2d9-fa20ad08bfc5\intermediate\media
[2026-07-26 21:03:09,938] [INFO] [job_manager.py:204]: Progress updated to 60%: Document assets extracted successfully
[2026-07-26 21:03:09,938] [INFO] [pipeline_service.py:259]: Classifying extracted assets for job: 50ebfa00-ae62-4efe-a2d9-fa20ad08bfc5
[2026-07-26 21:03:09,939] [INFO] [asset_analyzer.py:23]: Starting extended asset analysis for job: 50ebfa00-ae62-4efe-a2d9-fa20ad08bfc5
[2026-07-26 21:03:09,942] [INFO] [asset_analyzer.py:153]: Extended asset classification completed. Assets classified: 8
[2026-07-26 21:03:09,957] [INFO] [job_manager.py:204]: Progress updated to 65%: Extracted assets analyzed and mapped successfully
[2026-07-26 21:03:10,026] [INFO] [pipeline_service.py:275]: Loading template JSAP for job: 50ebfa00-ae62-4efe-a2d9-fa20ad08bfc5
[2026-07-26 21:03:10,043] [INFO] [job_manager.py:180]: Job status updated to: LOADING_TEMPLATE
[2026-07-26 21:03:10,059] [INFO] [job_manager.py:204]: Progress updated to 70%: Loading template styles: JSAP
[2026-07-26 21:03:10,147] [INFO] [pipeline_service.py:297]: Template loaded and workspace prepared at: G:\work\Journal2LaTeX\backend\temp\50ebfa00-ae62-4efe-a2d9-fa20ad08bfc5\rendered
[2026-07-26 21:03:10,162] [INFO] [job_manager.py:204]: Progress updated to 80%: Template workspace initialized
[2026-07-26 21:03:10,164] [INFO] [pipeline_service.py:322]: Starting LaTeX rendering for job: 50ebfa00-ae62-4efe-a2d9-fa20ad08bfc5
[2026-07-26 21:03:10,178] [INFO] [job_manager.py:180]: Job status updated to: RENDERING_LATEX
[2026-07-26 21:03:10,193] [INFO] [job_manager.py:204]: Progress updated to 85%: Rendering document content to LaTeX
[2026-07-26 21:03:10,211] [INFO] [latex_renderer.py:104]: Starting LaTeX rendering inside workspace: G:\work\Journal2LaTeX\backend\temp\50ebfa00-ae62-4efe-a2d9-fa20ad08bfc5\rendered
[2026-07-26 21:03:10,317] [INFO] [latex_renderer.py:479]: LaTeX document main.tex rendered successfully.
[2026-07-26 21:03:10,448] [INFO] [header_reconstructor.py:124]: Template class draws its own header; skipping fancyhdr injection.
[2026-07-26 21:03:10,466] [INFO] [job_manager.py:204]: Progress updated to 90%: LaTeX document rendering completed
[2026-07-26 21:03:10,468] [INFO] [pipeline_service.py:385]: Starting document compilation for job: 50ebfa00-ae62-4efe-a2d9-fa20ad08bfc5
[2026-07-26 21:03:10,487] [INFO] [job_manager.py:180]: Job status updated to: COMPILING
[2026-07-26 21:03:10,511] [INFO] [job_manager.py:204]: Progress updated to 92%: Compiling LaTeX source to PDF
[2026-07-26 21:03:21,829] [INFO] [pipeline_service.py:408]: Compilation completed successfully.
[2026-07-26 21:03:21,833] [INFO] [pipeline_service.py:423]: Running E2E publication fidelity checker for job: 50ebfa00-ae62-4efe-a2d9-fa20ad08bfc5
[2026-07-26 21:03:21,833] [INFO] [fidelity_checker.py:24]: Generating advanced fidelity report and scores for job: 50ebfa00-ae62-4efe-a2d9-fa20ad08bfc5
[2026-07-26 21:03:21,836] [INFO] [fidelity_checker.py:175]: Fidelity report written to G:\work\Journal2LaTeX\backend\temp\50ebfa00-ae62-4efe-a2d9-fa20ad08bfc5\intermediate\fidelity_report.json. Overall Score: 88.8%, Critical missing: 0
[2026-07-26 21:03:21,851] [INFO] [job_manager.py:180]: Job status updated to: COMPLETED
[2026-07-26 21:03:21,863] [INFO] [job_manager.py:204]: Progress updated to 100%: Pipeline process completed successfully
