STDOUT:
Initial Win CP for (console input, console output, system): (CP437, CP65001, CP1252)
I changed them all to CP1252
Rc files read (in order):
  NONE
Latexmk: This is Latexmk, John Collins, 9 March 2026. Version 4.88.
Latexmk: Getting log file 'main.log'
Latexmk: Examining 'main.log'
Latexmk: Log file says output to 'main.pdf'
Force everything to be remade.
Latexmk: applying rule 'pdflatex'...
Rule 'pdflatex':  Reasons for rerun
Category 'other':
  Rerun of 'pdflatex' forced or previously required:
    Reason or flag: 'go_mode'

------------
Run number 1 of rule 'pdflatex'
------------
------------
Running 'pdflatex  -interaction=nonstopmode -file-line-error -recorder  "G:/work/Journal2LaTeX/backend/temp/0931102f-bd23-4c07-aff7-64483e592759/rendered/main.tex"'
------------
This is pdfTeX, Version 3.141592653-2.6-1.40.29 (MiKTeX 26.5) (preloaded format=pdflatex.fmt)
 restricted \write18 enabled.
entering extended mode

(G:/work/Journal2LaTeX/backend/temp/0931102f-bd23-4c07-aff7-64483e592759/render
ed/main.tex
LaTeX2e <2026-06-01>
L3 programming layer <2026-06-18>
(C:\Users\asus\AppData\Local\Programs\MiKTeX\tex/latex/xcolor\xcolor.sty
(C:\Users\asus\AppData\Local\Programs\MiKTeX\tex/latex/graphics-cfg\color.cfg)
(C:\Users\asus\AppData\Local\Programs\MiKTeX\tex/latex/graphics-def\pdftex.def)
 (C:\Users\asus\AppData\Local\Programs\MiKTeX\tex/latex/graphics\mathcolor.ltx)
) (C:\Users\asus\AppData\Local\Programs\MiKTeX\tex/latex/graphics\dvipsnam.def)
 (C:\Users\asus\AppData\Local\Programs\MiKTeX\tex/latex/xcolor\svgnam.def)
(C:\Users\asus\AppData\Local\Programs\MiKTeX\tex/latex/xcolor\x11nam.def)
(C:\Users\asus\AppData\Local\Programs\MiKTeX\tex/latex/colortbl\colortbl.sty
(C:\Users\asus\AppData\Local\Programs\MiKTeX\tex/latex/tools\array.sty)
new hooks used!!
) (NSP1.cls

LaTeX Warning: You have requested document class `NSP1',
               but the document class provides `NSP'.

Document Class: NSP 2012/01/01
(C:\Users\asus\AppData\Local\Programs\MiKTeX\tex/latex/base\fleqn.clo)
(C:\Users\asus\AppData\Local\Programs\MiKTeX\tex/latex/graphics\graphicx.sty
(C:\Users\asus\AppData\Local\Programs\MiKTeX\tex/latex/graphics\keyval.sty)
(C:\Users\asus\AppData\Local\Programs\MiKTeX\tex/latex/graphics\graphics.sty
(C:\Users\asus\AppData\Local\Programs\MiKTeX\tex/latex/graphics\trig.sty)
(C:\Users\asus\AppData\Local\Programs\MiKTeX\tex/latex/graphics-cfg\graphics.cf
g)))
(C:\Users\asus\AppData\Local\Programs\MiKTeX\tex/latex/lastpage\lastpage.sty
(C:\Users\asus\AppData\Local\Programs\MiKTeX\tex/latex/lastpage\lastpage2e.sty
(C:\Users\asus\AppData\Local\Programs\MiKTeX\tex/latex/lastpage\lastpagemodern.
sty) 
)) (C:\Users\asus\AppData\Local\Programs\MiKTeX\tex/latex/hyperref\hyperref.sty
(C:\Users\asus\AppData\Local\Programs\MiKTeX\tex/generic/iftex\iftex.sty)
(C:\Users\asus\AppData\Local\Programs\MiKTeX\tex/latex/kvsetkeys\kvsetkeys.sty)

(C:\Users\asus\AppData\Local\Programs\MiKTeX\tex/generic/kvdefinekeys\kvdefinek
eys.sty)
(C:\Users\asus\AppData\Local\Programs\MiKTeX\tex/generic/pdfescape\pdfescape.st
y (C:\Users\asus\AppData\Local\Programs\MiKTeX\tex/generic/ltxcmds\ltxcmds.sty)

(C:\Users\asus\AppData\Local\Programs\MiKTeX\tex/generic/pdftexcmds\pdftexcmds.
sty
(C:\Users\asus\AppData\Local\Programs\MiKTeX\tex/generic/infwarerr\infwarerr.st
y))) (C:\Users\asus\AppData\Local\Programs\MiKTeX\tex/latex/hycolor\hycolor.sty
) (C:\Users\asus\AppData\Local\Programs\MiKTeX\tex/latex/hyperref\nameref.sty
(C:\Users\asus\AppData\Local\Programs\MiKTeX\tex/latex/refcount\refcount.sty)
(C:\Users\asus\AppData\Local\Programs\MiKTeX\tex/generic/gettitlestring\gettitl
estring.sty
(C:\Users\asus\AppData\Local\Programs\MiKTeX\tex/latex/kvoptions\kvoptions.sty)
)) (C:\Users\asus\AppData\Local\Programs\MiKTeX\tex/latex/etoolbox\etoolbox.sty
)
(C:\Users\asus\AppData\Local\Programs\MiKTeX\tex/generic/stringenc\stringenc.st
y) (C:\Users\asus\AppData\Local\Programs\MiKTeX\tex/latex/hyperref\pd1enc.def)
(C:\Users\asus\AppData\Local\Programs\MiKTeX\tex/generic/intcalc\intcalc.sty)
(C:\Users\asus\AppData\Local\Programs\MiKTeX\tex/latex/hyperref\puenc.def)
(C:\Users\asus\AppData\Local\Programs\MiKTeX\tex/latex/url\url.sty)
(C:\Users\asus\AppData\Local\Programs\MiKTeX\tex/generic/bitset\bitset.sty
(C:\Users\asus\AppData\Local\Programs\MiKTeX\tex/generic/bigintcalc\bigintcalc.
sty))

Package hyperref Warning: Option `pdfpagelabels' is turned off
(hyperref)                because \thepage is undefined.

) (C:\Users\asus\AppData\Local\Programs\MiKTeX\tex/latex/hyperref\hpdftex.def
(C:\Users\asus\AppData\Local\Programs\MiKTeX\tex/latex/rerunfilecheck\rerunfile
check.sty
(C:\Users\asus\AppData\Local\Programs\MiKTeX\tex/generic/uniquecounter\uniqueco
unter.sty))))
(C:\Users\asus\AppData\Local\Programs\MiKTeX\tex/latex/floatflt\floatflt.sty)
(C:\Users\asus\AppData\Local\Programs\MiKTeX\tex/latex/psnfss\helvet.sty)
(C:\Users\asus\AppData\Local\Programs\MiKTeX\tex/latex/psnfss\times.sty)
(psfig.sty
psfig/tex 1.10-dvips
) (C:\Users\asus\AppData\Local\Programs\MiKTeX\tex/latex/psnfss\mathptmx.sty)
(C:\Users\asus\AppData\Local\Programs\MiKTeX\tex/latex/amsmath\amsmath.sty
For additional information on amsmath, use the `?' option.
(C:\Users\asus\AppData\Local\Programs\MiKTeX\tex/latex/amsmath\amstext.sty
(C:\Users\asus\AppData\Local\Programs\MiKTeX\tex/latex/amsmath\amsgen.sty))
(C:\Users\asus\AppData\Local\Programs\MiKTeX\tex/latex/amsmath\amsbsy.sty)
(C:\Users\asus\AppData\Local\Programs\MiKTeX\tex/latex/amsmath\amsopn.sty))
(C:\Users\asus\AppData\Local\Programs\MiKTeX\tex/latex/amsfonts\amssymb.sty
(C:\Users\asus\AppData\Local\Programs\MiKTeX\tex/latex/amsfonts\amsfonts.sty))
(C:\Users\asus\AppData\Local\Programs\MiKTeX\tex/latex/tools\bm.sty)
(C:\Users\asus\AppData\Local\Programs\MiKTeX\tex/latex/float\float.sty)
(C:\Users\asus\AppData\Local\Programs\MiKTeX\tex/latex/caption\caption.sty
(C:\Users\asus\AppData\Local\Programs\MiKTeX\tex/latex/caption\caption3.sty)

Package caption Warning: Unknown document class (or package),
(caption)                standard defaults will be used.
See the caption package documentation for explanation.

) (C:\Users\asus\AppData\Local\Programs\MiKTeX\tex/latex/tools\longtable.sty)
(C:\Users\asus\AppData\Local\Programs\MiKTeX\tex/latex/booktabs\booktabs.sty)
(C:\Users\asus\AppData\Local\Programs\MiKTeX\tex/latex/tools\calc.sty)
(C:\Users\asus\AppData\Local\Programs\MiKTeX\tex/latex/multirow\multirow.sty)
(C:\Users\asus\AppData\Local\Programs\MiKTeX\tex/latex/sttools\cuted.sty)
(C:\Users\asus\AppData\Local\Programs\MiKTeX\tex/latex/newunicodechar\newunicod
echar.sty)

Package newunicodechar Warning: Redefining Unicode character on input line 102.


(C:\Users\asus\AppData\Local\Programs\MiKTeX\tex/latex/type1cm\type1cm.sty)
(C:\Users\asus\AppData\Local\Programs\MiKTeX\tex/latex/base\fix-cm.sty
(C:\Users\asus\AppData\Local\Programs\MiKTeX\tex/latex/base\ts1enc.def))
(C:\Users\asus\AppData\Local\Programs\MiKTeX\tex/latex/psnfss\ot1ptm.fd)
(C:\Users\asus\AppData\Local\Programs\MiKTeX\tex/latex/l3backend\l3backend-pdft
ex.def) (main.aux)
(C:\Users\asus\AppData\Local\Programs\MiKTeX\tex/context/base/mkii\supp-pdf.mki
i
[Loading MPS to PDF converter (version 2006.09.02).]
)
(C:\Users\asus\AppData\Local\Programs\MiKTeX\tex/latex/epstopdf-pkg\epstopdf-ba
se.sty
(C:\Users\asus\AppData\Local\Programs\MiKTeX\tex/latex/00miktex\epstopdf-sys.cf
g)) (main.out) (main.out)
(C:\Users\asus\AppData\Local\Programs\MiKTeX\tex/latex/caption\ltcaption.sty)
Overfull \hbox (12.0pt too wide) in paragraph at lines 166--166
[][] [] 
(C:\Users\asus\AppData\Local\Programs\MiKTeX\tex/latex/psnfss\ot1ztmcm.fd)
(C:\Users\asus\AppData\Local\Programs\MiKTeX\tex/latex/psnfss\omlztmcm.fd)
(C:\Users\asus\AppData\Local\Programs\MiKTeX\tex/latex/psnfss\omsztmcm.fd)
(C:\Users\asus\AppData\Local\Programs\MiKTeX\tex/latex/psnfss\omxztmcm.fd)

Package mathptmx Warning: There are no bold math fonts on input line 166.

(C:\Users\asus\AppData\Local\Programs\MiKTeX\tex/latex/psnfss\ot1phv.fd)

LaTeX Warning: Citation `14' on page 1 undefined on input line 184.


LaTeX Warning: Citation `4' on page 1 undefined on input line 186.


LaTeX Warning: Citation `13' on page 1 undefined on input line 190.


LaTeX Warning: Citation `19' on page 1 undefined on input line 192.


LaTeX Warning: Citation `19' on page 1 undefined on input line 194.

(C:\Users\asus\AppData\Local\Programs\MiKTeX\tex/latex/psnfss\ts1ptm.fd)
[1{C:/Users/asus/AppData/Local/MiKTeX/fonts/map/pdftex/pdftex.map}{C:/Users/asu
s/AppData/Local/Programs/MiKTeX/fonts/enc/dvips/base/8r.enc} <./logo7pt-eps-con
verted-to.pdf>]

LaTeX Warning: Citation `1' on page 2 undefined on input line 196.


LaTeX Warning: Citation `11' on page 2 undefined on input line 196.


LaTeX Warning: Citation `21' on page 2 undefined on input line 196.


LaTeX Warning: Citation `11' on page 2 undefined on input line 196.


LaTeX Warning: Citation `1' on page 2 undefined on input line 198.


LaTeX Warning: Citation `2' on page 2 undefined on input line 200.


LaTeX Warning: Citation `7' on page 2 undefined on input line 204.


LaTeX Warning: Citation `16' on page 2 undefined on input line 204.


LaTeX Warning: Citation `6' on page 2 undefined on input line 206.


LaTeX Warning: Citation `3' on page 2 undefined on input line 208.


LaTeX Warning: Citation `15' on page 2 undefined on input line 212.


Overfull \hbox (193.28954pt too wide) has occurred while \output is active
[] [] \OT1/ptm/m/n/9 Sawsan Kara et al.: Statistical analysis of the impact of 
integrating students with special educational needs on their regular peers with
in the educational environment
[2]

LaTeX Warning: Citation `12' on page 3 undefined on input line 220.


LaTeX Warning: Citation `20' on page 3 undefined on input line 222.


LaTeX Warning: Citation `18' on page 3 undefined on input line 224.


LaTeX Warning: Citation `6' on page 3 undefined on input line 224.


LaTeX Warning: Citation `3' on page 3 undefined on input line 224.


LaTeX Warning: Citation `15' on page 3 undefined on input line 228.

[3]
Overfull \hbox (193.28954pt too wide) has occurred while \output is active
[] [] \OT1/ptm/m/n/9 Sawsan Kara et al.: Statistical analysis of the impact of 
integrating students with special educational needs on their regular peers with
in the educational environment
[4]

Package caption Warning: The option `hypcap=true' will be ignored for this
(caption)                particular \caption on input line 297.
See the caption package documentation for explanation.

(C:\Users\asus\AppData\Local\Programs\MiKTeX\tex/latex/psnfss\omlptm.fd)

Package caption Warning: The option `hypcap=true' will be ignored for this
(caption)                particular \caption on input line 329.
See the caption package documentation for explanation.

[5 <./media/image1.png>]

Package caption Warning: The option `hypcap=true' will be ignored for this
(caption)                particular \caption on input line 356.
See the caption package documentation for explanation.


Overfull \hbox (193.28954pt too wide) has occurred while \output is active
[] [] \OT1/ptm/m/n/9 Sawsan Kara et al.: Statistical analysis of the impact of 
integrating students with special educational needs on their regular peers with
in the educational environment
[6 <./media/image2.png>]

Package caption Warning: The option `hypcap=true' will be ignored for this
(caption)                particular \caption on input line 394.
See the caption package documentation for explanation.


Package caption Warning: The option `hypcap=true' will be ignored for this
(caption)                particular \caption on input line 430.
See the caption package documentation for explanation.

[7 <./media/image3.png>]

Package caption Warning: The option `hypcap=true' will be ignored for this
(caption)                particular \caption on input line 466.
See the caption package documentation for explanation.


Overfull \hbox (193.28954pt too wide) has occurred while \output is active
[] [] \OT1/ptm/m/n/9 Sawsan Kara et al.: Statistical analysis of the impact of 
integrating students with special educational needs on their regular peers with
in the educational environment
[8 <./media/image4.png>]

Package caption Warning: The option `hypcap=true' will be ignored for this
(caption)                particular \caption on input line 510.
See the caption package documentation for explanation.


Package caption Warning: The option `hypcap=true' will be ignored for this
(caption)                particular \caption on input line 541.
See the caption package documentation for explanation.

[9 <./media/image5.png>]

Package caption Warning: The option `hypcap=true' will be ignored for this
(caption)                particular \caption on input line 577.
See the caption package documentation for explanation.


Overfull \hbox (193.28954pt too wide) has occurred while \output is active
[] [] \OT1/ptm/m/n/9 Sawsan Kara et al.: Statistical analysis of the impact of 
integrating students with special educational needs on their regular peers with
in the educational environment
[10 <./media/image6.png>]

LaTeX Warning: Citation `1' on page 11 undefined on input line 592.


LaTeX Warning: Citation `12' on page 11 undefined on input line 594.


LaTeX Warning: Citation `12' on page 11 undefined on input line 596.

[11 <./media/image7.png>]
Overfull \hbox (193.28954pt too wide) has occurred while \output is active
[] [] \OT1/ptm/m/n/9 Sawsan Kara et al.: Statistical analysis of the impact of 
integrating students with special educational needs on their regular peers with
in the educational environment
[12] 
enddocument/afterlastpage (AED): lastpage setting LastPage.
(main.aux)

LaTeX Warning: Label(s) may have changed. Rerun to get cross-references right.


Package rerunfilecheck Warning: File `main.out' has changed.
(rerunfilecheck)                Rerun to get outlines right
(rerunfilecheck)                or use package `bookmark'.

 )
(see the transcript file for additional information)
pdfTeX warning (dest): name{section.7} has been referenced but does not exist, 
replaced by a fixed one


pdfTeX warning (dest): name{section.6} has been referenced but does not exist, 
replaced by a fixed one


pdfTeX warning (dest): name{section.5} has been referenced but does not exist, 
replaced by a fixed one


pdfTeX warning (dest): name{section.4} has been referenced but does not exist, 
replaced by a fixed one


pdfTeX warning (dest): name{section.3} has been referenced but does not exist, 
replaced by a fixed one


pdfTeX warning (dest): name{section.2} has been referenced but does not exist, 
replaced by a fixed one


pdfTeX warning (dest): name{section.1} has been referenced but does not exist, 
replaced by a fixed one

<C:/Users/asus/AppData/Local/Programs/MiKTeX/fonts/type1/public/amsfonts/cm/cmm
i10.pfb><C:/Users/asus/AppData/Local/Programs/MiKTeX/fonts/type1/public/amsfont
s/cm/cmmi9.pfb><C:/Users/asus/AppData/Local/Programs/MiKTeX/fonts/type1/public/
amsfonts/cm/cmsy10.pfb><C:/Users/asus/AppData/Local/Programs/MiKTeX/fonts/type1
/urw/helvetic/uhvb8a.pfb><C:/Users/asus/AppData/Local/Programs/MiKTeX/fonts/typ
e1/urw/times/utmb8a.pfb><C:/Users/asus/AppData/Local/Programs/MiKTeX/fonts/type
1/urw/times/utmr8a.pfb><C:/Users/asus/AppData/Local/Programs/MiKTeX/fonts/type1
/urw/times/utmri8a.pfb>
Output written on main.pdf (12 pages, 265580 bytes).
Transcript written on main.log.
Latexmk: Getting log file 'main.log'
Latexmk: Examining 'main.fls'
Latexmk: Examining 'main.log'
Latexmk: References changed.
Latexmk: References changed.
Latexmk: Log file says output to 'main.pdf'
Latexmk: applying rule 'pdflatex'...
Rule 'pdflatex':  Reasons for rerun
Changed files or newly in use/created:
  main.aux
  main.out

------------
Run number 2 of rule 'pdflatex'
------------
------------
Running 'pdflatex  -interaction=nonstopmode -file-line-error -recorder  "G:/work/Journal2LaTeX/backend/temp/0931102f-bd23-4c07-aff7-64483e592759/rendered/main.tex"'
------------
This is pdfTeX, Version 3.141592653-2.6-1.40.29 (MiKTeX 26.5) (preloaded format=pdflatex.fmt)
 restricted \write18 enabled.
entering extended mode

(G:/work/Journal2LaTeX/backend/temp/0931102f-bd23-4c07-aff7-64483e592759/render
ed/main.tex
LaTeX2e <2026-06-01>
L3 programming layer <2026-06-18>
(C:\Users\asus\AppData\Local\Programs\MiKTeX\tex/latex/xcolor\xcolor.sty
(C:\Users\asus\AppData\Local\Programs\MiKTeX\tex/latex/graphics-cfg\color.cfg)
(C:\Users\asus\AppData\Local\Programs\MiKTeX\tex/latex/graphics-def\pdftex.def)
 (C:\Users\asus\AppData\Local\Programs\MiKTeX\tex/latex/graphics\mathcolor.ltx)
) (C:\Users\asus\AppData\Local\Programs\MiKTeX\tex/latex/graphics\dvipsnam.def)
 (C:\Users\asus\AppData\Local\Programs\MiKTeX\tex/latex/xcolor\svgnam.def)
(C:\Users\asus\AppData\Local\Programs\MiKTeX\tex/latex/xcolor\x11nam.def)
(C:\Users\asus\AppData\Local\Programs\MiKTeX\tex/latex/colortbl\colortbl.sty
(C:\Users\asus\AppData\Local\Programs\MiKTeX\tex/latex/tools\array.sty)
new hooks used!!
) (NSP1.cls

LaTeX Warning: You have requested document class `NSP1',
               but the document class provides `NSP'.

Document Class: NSP 2012/01/01
(C:\Users\asus\AppData\Local\Programs\MiKTeX\tex/latex/base\fleqn.clo)
(C:\Users\asus\AppData\Local\Programs\MiKTeX\tex/latex/graphics\graphicx.sty
(C:\Users\asus\AppData\Local\Programs\MiKTeX\tex/latex/graphics\keyval.sty)
(C:\Users\asus\AppData\Local\Programs\MiKTeX\tex/latex/graphics\graphics.sty
(C:\Users\asus\AppData\Local\Programs\MiKTeX\tex/latex/graphics\trig.sty)
(C:\Users\asus\AppData\Local\Programs\MiKTeX\tex/latex/graphics-cfg\graphics.cf
g)))
(C:\Users\asus\AppData\Local\Programs\MiKTeX\tex/latex/lastpage\lastpage.sty
(C:\Users\asus\AppData\Local\Programs\MiKTeX\tex/latex/lastpage\lastpage2e.sty
(C:\Users\asus\AppData\Local\Programs\MiKTeX\tex/latex/lastpage\lastpagemodern.
sty) 
)) (C:\Users\asus\AppData\Local\Programs\MiKTeX\tex/latex/hyperref\hyperref.sty
(C:\Users\asus\AppData\Local\Programs\MiKTeX\tex/generic/iftex\iftex.sty)
(C:\Users\asus\AppData\Local\Programs\MiKTeX\tex/latex/kvsetkeys\kvsetkeys.sty)

(C:\Users\asus\AppData\Local\Programs\MiKTeX\tex/generic/kvdefinekeys\kvdefinek
eys.sty)
(C:\Users\asus\AppData\Local\Programs\MiKTeX\tex/generic/pdfescape\pdfescape.st
y (C:\Users\asus\AppData\Local\Programs\MiKTeX\tex/generic/ltxcmds\ltxcmds.sty)

(C:\Users\asus\AppData\Local\Programs\MiKTeX\tex/generic/pdftexcmds\pdftexcmds.
sty
(C:\Users\asus\AppData\Local\Programs\MiKTeX\tex/generic/infwarerr\infwarerr.st
y))) (C:\Users\asus\AppData\Local\Programs\MiKTeX\tex/latex/hycolor\hycolor.sty
) (C:\Users\asus\AppData\Local\Programs\MiKTeX\tex/latex/hyperref\nameref.sty
(C:\Users\asus\AppData\Local\Programs\MiKTeX\tex/latex/refcount\refcount.sty)
(C:\Users\asus\AppData\Local\Programs\MiKTeX\tex/generic/gettitlestring\gettitl
estring.sty
(C:\Users\asus\AppData\Local\Programs\MiKTeX\tex/latex/kvoptions\kvoptions.sty)
)) (C:\Users\asus\AppData\Local\Programs\MiKTeX\tex/latex/etoolbox\etoolbox.sty
)
(C:\Users\asus\AppData\Local\Programs\MiKTeX\tex/generic/stringenc\stringenc.st
y) (C:\Users\asus\AppData\Local\Programs\MiKTeX\tex/latex/hyperref\pd1enc.def)
(C:\Users\asus\AppData\Local\Programs\MiKTeX\tex/generic/intcalc\intcalc.sty)
(C:\Users\asus\AppData\Local\Programs\MiKTeX\tex/latex/hyperref\puenc.def)
(C:\Users\asus\AppData\Local\Programs\MiKTeX\tex/latex/url\url.sty)
(C:\Users\asus\AppData\Local\Programs\MiKTeX\tex/generic/bitset\bitset.sty
(C:\Users\asus\AppData\Local\Programs\MiKTeX\tex/generic/bigintcalc\bigintcalc.
sty))

Package hyperref Warning: Option `pdfpagelabels' is turned off
(hyperref)                because \thepage is undefined.

) (C:\Users\asus\AppData\Local\Programs\MiKTeX\tex/latex/hyperref\hpdftex.def
(C:\Users\asus\AppData\Local\Programs\MiKTeX\tex/latex/rerunfilecheck\rerunfile
check.sty
(C:\Users\asus\AppData\Local\Programs\MiKTeX\tex/generic/uniquecounter\uniqueco
unter.sty))))
(C:\Users\asus\AppData\Local\Programs\MiKTeX\tex/latex/floatflt\floatflt.sty)
(C:\Users\asus\AppData\Local\Programs\MiKTeX\tex/latex/psnfss\helvet.sty)
(C:\Users\asus\AppData\Local\Programs\MiKTeX\tex/latex/psnfss\times.sty)
(psfig.sty
psfig/tex 1.10-dvips
) (C:\Users\asus\AppData\Local\Programs\MiKTeX\tex/latex/psnfss\mathptmx.sty)
(C:\Users\asus\AppData\Local\Programs\MiKTeX\tex/latex/amsmath\amsmath.sty
For additional information on amsmath, use the `?' option.
(C:\Users\asus\AppData\Local\Programs\MiKTeX\tex/latex/amsmath\amstext.sty
(C:\Users\asus\AppData\Local\Programs\MiKTeX\tex/latex/amsmath\amsgen.sty))
(C:\Users\asus\AppData\Local\Programs\MiKTeX\tex/latex/amsmath\amsbsy.sty)
(C:\Users\asus\AppData\Local\Programs\MiKTeX\tex/latex/amsmath\amsopn.sty))
(C:\Users\asus\AppData\Local\Programs\MiKTeX\tex/latex/amsfonts\amssymb.sty
(C:\Users\asus\AppData\Local\Programs\MiKTeX\tex/latex/amsfonts\amsfonts.sty))
(C:\Users\asus\AppData\Local\Programs\MiKTeX\tex/latex/tools\bm.sty)
(C:\Users\asus\AppData\Local\Programs\MiKTeX\tex/latex/float\float.sty)
(C:\Users\asus\AppData\Local\Programs\MiKTeX\tex/latex/caption\caption.sty
(C:\Users\asus\AppData\Local\Programs\MiKTeX\tex/latex/caption\caption3.sty)

Package caption Warning: Unknown document class (or package),
(caption)                standard defaults will be used.
See the caption package documentation for explanation.

) (C:\Users\asus\AppData\Local\Programs\MiKTeX\tex/latex/tools\longtable.sty)
(C:\Users\asus\AppData\Local\Programs\MiKTeX\tex/latex/booktabs\booktabs.sty)
(C:\Users\asus\AppData\Local\Programs\MiKTeX\tex/latex/tools\calc.sty)
(C:\Users\asus\AppData\Local\Programs\MiKTeX\tex/latex/multirow\multirow.sty)
(C:\Users\asus\AppData\Local\Programs\MiKTeX\tex/latex/sttools\cuted.sty)
(C:\Users\asus\AppData\Local\Programs\MiKTeX\tex/latex/newunicodechar\newunicod
echar.sty)

Package newunicodechar Warning: Redefining Unicode character on input line 102.


(C:\Users\asus\AppData\Local\Programs\MiKTeX\tex/latex/type1cm\type1cm.sty)
(C:\Users\asus\AppData\Local\Programs\MiKTeX\tex/latex/base\fix-cm.sty
(C:\Users\asus\AppData\Local\Programs\MiKTeX\tex/latex/base\ts1enc.def))
(C:\Users\asus\AppData\Local\Programs\MiKTeX\tex/latex/psnfss\ot1ptm.fd)
(C:\Users\asus\AppData\Local\Programs\MiKTeX\tex/latex/l3backend\l3backend-pdft
ex.def) (main.aux)
(C:\Users\asus\AppData\Local\Programs\MiKTeX\tex/context/base/mkii\supp-pdf.mki
i
[Loading MPS to PDF converter (version 2006.09.02).]
)
(C:\Users\asus\AppData\Local\Programs\MiKTeX\tex/latex/epstopdf-pkg\epstopdf-ba
se.sty
(C:\Users\asus\AppData\Local\Programs\MiKTeX\tex/latex/00miktex\epstopdf-sys.cf
g)) (main.out) (main.out)
(C:\Users\asus\AppData\Local\Programs\MiKTeX\tex/latex/caption\ltcaption.sty)
Overfull \hbox (12.0pt too wide) in paragraph at lines 166--166
[][] [] 
(C:\Users\asus\AppData\Local\Programs\MiKTeX\tex/latex/psnfss\ot1ztmcm.fd)
(C:\Users\asus\AppData\Local\Programs\MiKTeX\tex/latex/psnfss\omlztmcm.fd)
(C:\Users\asus\AppData\Local\Programs\MiKTeX\tex/latex/psnfss\omsztmcm.fd)
(C:\Users\asus\AppData\Local\Programs\MiKTeX\tex/latex/psnfss\omxztmcm.fd)

Package mathptmx Warning: There are no bold math fonts on input line 166.

(C:\Users\asus\AppData\Local\Programs\MiKTeX\tex/latex/psnfss\ot1phv.fd)
(C:\Users\asus\AppData\Local\Programs\MiKTeX\tex/latex/psnfss\ts1ptm.fd)
[1{C:/Users/asus/AppData/Local/MiKTeX/fonts/map/pdftex/pdftex.map}{C:/Users/asu
s/AppData/Local/Programs/MiKTeX/fonts/enc/dvips/base/8r.enc} <./logo7pt-eps-con
verted-to.pdf>]
Overfull \hbox (193.28954pt too wide) has occurred while \output is active
[] [] \OT1/ptm/m/n/9 Sawsan Kara et al.: Statistical analysis of the impact of 
integrating students with special educational needs on their regular peers with
in the educational environment
[2] [3]
Overfull \hbox (193.28954pt too wide) has occurred while \output is active
[] [] \OT1/ptm/m/n/9 Sawsan Kara et al.: Statistical analysis of the impact of 
integrating students with special educational needs on their regular peers with
in the educational environment
[4]

Package caption Warning: The option `hypcap=true' will be ignored for this
(caption)                particular \caption on input line 297.
See the caption package documentation for explanation.

(C:\Users\asus\AppData\Local\Programs\MiKTeX\tex/latex/psnfss\omlptm.fd)

Package caption Warning: The option `hypcap=true' will be ignored for this
(caption)                particular \caption on input line 329.
See the caption package documentation for explanation.

[5 <./media/image1.png>]

Package caption Warning: The option `hypcap=true' will be ignored for this
(caption)                particular \caption on input line 356.
See the caption package documentation for explanation.


Overfull \hbox (193.28954pt too wide) has occurred while \output is active
[] [] \OT1/ptm/m/n/9 Sawsan Kara et al.: Statistical analysis of the impact of 
integrating students with special educational needs on their regular peers with
in the educational environment
[6 <./media/image2.png>]

Package caption Warning: The option `hypcap=true' will be ignored for this
(caption)                particular \caption on input line 394.
See the caption package documentation for explanation.


Package caption Warning: The option `hypcap=true' will be ignored for this
(caption)                particular \caption on input line 430.
See the caption package documentation for explanation.

[7 <./media/image3.png>]

Package caption Warning: The option `hypcap=true' will be ignored for this
(caption)                particular \caption on input line 466.
See the caption package documentation for explanation.


Overfull \hbox (193.28954pt too wide) has occurred while \output is active
[] [] \OT1/ptm/m/n/9 Sawsan Kara et al.: Statistical analysis of the impact of 
integrating students with special educational needs on their regular peers with
in the educational environment
[8 <./media/image4.png>]

Package caption Warning: The option `hypcap=true' will be ignored for this
(caption)                particular \caption on input line 510.
See the caption package documentation for explanation.


Package caption Warning: The option `hypcap=true' will be ignored for this
(caption)                particular \caption on input line 541.
See the caption package documentation for explanation.

[9 <./media/image5.png>]

Package caption Warning: The option `hypcap=true' will be ignored for this
(caption)                particular \caption on input line 577.
See the caption package documentation for explanation.


Overfull \hbox (193.28954pt too wide) has occurred while \output is active
[] [] \OT1/ptm/m/n/9 Sawsan Kara et al.: Statistical analysis of the impact of 
integrating students with special educational needs on their regular peers with
in the educational environment
[10 <./media/image6.png>] [11 <./media/image7.png>]
Overfull \hbox (193.28954pt too wide) has occurred while \output is active
[] [] \OT1/ptm/m/n/9 Sawsan Kara et al.: Statistical analysis of the impact of 
integrating students with special educational needs on their regular peers with
in the educational environment
[12] 
enddocument/afterlastpage (AED): lastpage setting LastPage.
(main.aux) )
(see the transcript file for additional information)<C:/Users/asus/AppData/Loca
l/Programs/MiKTeX/fonts/type1/public/amsfonts/cm/cmmi10.pfb><C:/Users/asus/AppD
ata/Local/Programs/MiKTeX/fonts/type1/public/amsfonts/cm/cmmi9.pfb><C:/Users/as
us/AppData/Local/Programs/MiKTeX/fonts/type1/public/amsfonts/cm/cmsy10.pfb><C:/
Users/asus/AppData/Local/Programs/MiKTeX/fonts/type1/urw/helvetic/uhvb8a.pfb><C
:/Users/asus/AppData/Local/Programs/MiKTeX/fonts/type1/urw/times/utmb8a.pfb><C:
/Users/asus/AppData/Local/Programs/MiKTeX/fonts/type1/urw/times/utmr8a.pfb><C:/
Users/asus/AppData/Local/Programs/MiKTeX/fonts/type1/urw/times/utmri8a.pfb>
Output written on main.pdf (12 pages, 267430 bytes).
Transcript written on main.log.
Latexmk: Getting log file 'main.log'
Latexmk: Examining 'main.fls'
Latexmk: Examining 'main.log'
Latexmk: Log file says output to 'main.pdf'
Latexmk: All targets (main.pdf) are up-to-date



STDERR:
Reverting Windows console CPs to (in,out) = (437,65001)
