[2026-07-18 15:17:22,351] [INFO] [job_manager.py:117]: Job 139923fc-3b76-4cba-bcae-b9e2b70088b6 workspace created successfully
[2026-07-18 15:17:22,411] [INFO] [pipeline_service.py:34]: Starting validation for job: 139923fc-3b76-4cba-bcae-b9e2b70088b6
[2026-07-18 15:17:22,427] [INFO] [job_manager.py:161]: Job status updated to: VALIDATING
[2026-07-18 15:17:22,448] [INFO] [job_manager.py:185]: Progress updated to 10%: Validating input Word Document
[2026-07-18 15:17:22,464] [INFO] [pipeline_service.py:49]: Validation successful.
[2026-07-18 15:17:22,481] [INFO] [job_manager.py:185]: Progress updated to 20%: Input document validated successfully
[2026-07-18 15:17:22,481] [INFO] [pipeline_service.py:56]: Starting document analysis for job: 139923fc-3b76-4cba-bcae-b9e2b70088b6
[2026-07-18 15:17:22,499] [INFO] [job_manager.py:161]: Job status updated to: ANALYZING_DOCUMENT
[2026-07-18 15:17:22,511] [INFO] [job_manager.py:185]: Progress updated to 30%: Analyzing document structure and content blocks
[2026-07-18 15:17:22,512] [INFO] [document_analyzer.py:33]: Starting improved document analysis for: G:\work\Journal2LaTeX\backend\temp\139923fc-3b76-4cba-bcae-b9e2b70088b6\input\research in the journal form.docx
[2026-07-18 15:17:23,530] [INFO] [document_analyzer.py:416]: Parsed document: title='Statistical Analysis of Body Dysmorphic Disorder, Quality of Life, and Social Anxiety in Fire Victims: Path Analysis', authors=3, sections=1, references=21
[2026-07-18 15:17:23,534] [INFO] [pipeline_service.py:84]: Document analysis completed. Saved structure to: G:\work\Journal2LaTeX\backend\temp\139923fc-3b76-4cba-bcae-b9e2b70088b6\intermediate\document_structure.json, report to: G:\work\Journal2LaTeX\backend\temp\139923fc-3b76-4cba-bcae-b9e2b70088b6\intermediate\conversion_report.json
[2026-07-18 15:17:23,552] [INFO] [job_manager.py:185]: Progress updated to 45%: Document structure extracted successfully
[2026-07-18 15:17:23,553] [INFO] [pipeline_service.py:97]: Starting asset extraction for job: 139923fc-3b76-4cba-bcae-b9e2b70088b6
[2026-07-18 15:17:23,569] [INFO] [job_manager.py:161]: Job status updated to: EXTRACTING_ASSETS
[2026-07-18 15:17:23,583] [INFO] [job_manager.py:185]: Progress updated to 50%: Extracting images and figure assets from document
[2026-07-18 15:17:24,061] [INFO] [pipeline_service.py:108]: Assets extracted to: G:\work\Journal2LaTeX\backend\temp\139923fc-3b76-4cba-bcae-b9e2b70088b6\intermediate\media
[2026-07-18 15:17:24,075] [INFO] [job_manager.py:185]: Progress updated to 60%: Document assets extracted successfully
[2026-07-18 15:17:24,076] [INFO] [pipeline_service.py:120]: Classifying extracted assets for job: 139923fc-3b76-4cba-bcae-b9e2b70088b6
[2026-07-18 15:17:24,076] [INFO] [asset_analyzer.py:23]: Starting extended asset analysis for job: 139923fc-3b76-4cba-bcae-b9e2b70088b6
[2026-07-18 15:17:24,080] [INFO] [asset_analyzer.py:153]: Extended asset classification completed. Assets classified: 8
[2026-07-18 15:17:24,096] [INFO] [job_manager.py:185]: Progress updated to 65%: Extracted assets analyzed and mapped successfully
[2026-07-18 15:17:24,177] [INFO] [pipeline_service.py:136]: Loading template default for job: 139923fc-3b76-4cba-bcae-b9e2b70088b6
[2026-07-18 15:17:24,179] [INFO] [job_manager.py:161]: Job status updated to: LOADING_TEMPLATE
[2026-07-18 15:17:24,199] [INFO] [job_manager.py:185]: Progress updated to 70%: Loading template styles: default
[2026-07-18 15:17:24,222] [INFO] [pipeline_service.py:154]: Template loaded and workspace prepared at: G:\work\Journal2LaTeX\backend\temp\139923fc-3b76-4cba-bcae-b9e2b70088b6\rendered
[2026-07-18 15:17:24,240] [INFO] [job_manager.py:185]: Progress updated to 80%: Template workspace initialized
[2026-07-18 15:17:24,240] [INFO] [pipeline_service.py:167]: Starting LaTeX rendering for job: 139923fc-3b76-4cba-bcae-b9e2b70088b6
[2026-07-18 15:17:24,259] [INFO] [job_manager.py:161]: Job status updated to: RENDERING_LATEX
[2026-07-18 15:17:24,277] [INFO] [job_manager.py:185]: Progress updated to 85%: Rendering document content to LaTeX
[2026-07-18 15:17:24,298] [INFO] [latex_renderer.py:70]: Starting LaTeX rendering inside workspace: G:\work\Journal2LaTeX\backend\temp\139923fc-3b76-4cba-bcae-b9e2b70088b6\rendered
[2026-07-18 15:17:24,325] [INFO] [latex_renderer.py:335]: LaTeX document main.tex rendered successfully.
[2026-07-18 15:17:24,343] [INFO] [job_manager.py:185]: Progress updated to 90%: LaTeX document rendering completed
[2026-07-18 15:17:24,343] [INFO] [pipeline_service.py:201]: Starting document compilation for job: 139923fc-3b76-4cba-bcae-b9e2b70088b6
[2026-07-18 15:17:24,361] [INFO] [job_manager.py:161]: Job status updated to: COMPILING
[2026-07-18 15:17:24,377] [INFO] [job_manager.py:185]: Progress updated to 92%: Compiling LaTeX source to PDF
[2026-07-18 15:17:31,899] [INFO] [pipeline_service.py:223]: Compilation completed successfully.
[2026-07-18 15:17:31,901] [INFO] [pipeline_service.py:235]: Running E2E publication fidelity checker for job: 139923fc-3b76-4cba-bcae-b9e2b70088b6
[2026-07-18 15:17:31,901] [INFO] [fidelity_checker.py:24]: Generating advanced fidelity report and scores for job: 139923fc-3b76-4cba-bcae-b9e2b70088b6
[2026-07-18 15:17:31,904] [INFO] [fidelity_checker.py:163]: Fidelity report written to G:\work\Journal2LaTeX\backend\temp\139923fc-3b76-4cba-bcae-b9e2b70088b6\intermediate\fidelity_report.json. Overall Score: 99.5%, Critical missing: 0
[2026-07-18 15:17:31,921] [INFO] [job_manager.py:161]: Job status updated to: COMPLETED
[2026-07-18 15:17:31,934] [INFO] [job_manager.py:185]: Progress updated to 100%: Pipeline process completed successfully
