[2026-07-18 13:37:15,121] [INFO] [job_manager.py:117]: Job 3e65c2fb-5fcb-4005-bced-231150565643 workspace created successfully
[2026-07-18 13:37:15,171] [INFO] [pipeline_service.py:34]: Starting validation for job: 3e65c2fb-5fcb-4005-bced-231150565643
[2026-07-18 13:37:15,186] [INFO] [job_manager.py:161]: Job status updated to: VALIDATING
[2026-07-18 13:37:15,206] [INFO] [job_manager.py:185]: Progress updated to 10%: Validating input Word Document
[2026-07-18 13:37:15,232] [INFO] [pipeline_service.py:49]: Validation successful.
[2026-07-18 13:37:15,248] [INFO] [job_manager.py:185]: Progress updated to 20%: Input document validated successfully
[2026-07-18 13:37:15,248] [INFO] [pipeline_service.py:56]: Starting document analysis for job: 3e65c2fb-5fcb-4005-bced-231150565643
[2026-07-18 13:37:15,262] [INFO] [job_manager.py:161]: Job status updated to: ANALYZING_DOCUMENT
[2026-07-18 13:37:15,276] [INFO] [job_manager.py:185]: Progress updated to 30%: Analyzing document structure and content blocks
[2026-07-18 13:37:15,276] [INFO] [document_analyzer.py:33]: Starting improved document analysis for: G:\work\Journal2LaTeX\backend\temp\3e65c2fb-5fcb-4005-bced-231150565643\input\research in the journal form.docx
[2026-07-18 13:37:15,772] [INFO] [document_analyzer.py:416]: Parsed document: title='Statistical Analysis of Body Dysmorphic Disorder, Quality of Life, and Social Anxiety in Fire Victims: Path Analysis', authors=3, sections=1, references=21
[2026-07-18 13:37:15,776] [INFO] [pipeline_service.py:84]: Document analysis completed. Saved structure to: G:\work\Journal2LaTeX\backend\temp\3e65c2fb-5fcb-4005-bced-231150565643\intermediate\document_structure.json, report to: G:\work\Journal2LaTeX\backend\temp\3e65c2fb-5fcb-4005-bced-231150565643\intermediate\conversion_report.json
[2026-07-18 13:37:15,792] [INFO] [job_manager.py:185]: Progress updated to 45%: Document structure extracted successfully
[2026-07-18 13:37:15,792] [INFO] [pipeline_service.py:97]: Starting asset extraction for job: 3e65c2fb-5fcb-4005-bced-231150565643
[2026-07-18 13:37:15,806] [INFO] [job_manager.py:161]: Job status updated to: EXTRACTING_ASSETS
[2026-07-18 13:37:15,822] [INFO] [job_manager.py:185]: Progress updated to 50%: Extracting images and figure assets from document
[2026-07-18 13:37:16,324] [INFO] [pipeline_service.py:108]: Assets extracted to: G:\work\Journal2LaTeX\backend\temp\3e65c2fb-5fcb-4005-bced-231150565643\intermediate\media
[2026-07-18 13:37:16,340] [INFO] [job_manager.py:185]: Progress updated to 60%: Document assets extracted successfully
[2026-07-18 13:37:16,340] [INFO] [pipeline_service.py:120]: Classifying extracted assets for job: 3e65c2fb-5fcb-4005-bced-231150565643
[2026-07-18 13:37:16,340] [INFO] [asset_analyzer.py:23]: Starting extended asset analysis for job: 3e65c2fb-5fcb-4005-bced-231150565643
[2026-07-18 13:37:16,344] [INFO] [asset_analyzer.py:153]: Extended asset classification completed. Assets classified: 8
[2026-07-18 13:37:16,361] [INFO] [job_manager.py:185]: Progress updated to 65%: Extracted assets analyzed and mapped successfully
[2026-07-18 13:37:16,482] [INFO] [pipeline_service.py:136]: Loading template db78be29-3392-48b5-9c39-a5dbfebdb002 for job: 3e65c2fb-5fcb-4005-bced-231150565643
[2026-07-18 13:37:16,483] [INFO] [job_manager.py:161]: Job status updated to: LOADING_TEMPLATE
[2026-07-18 13:37:16,502] [INFO] [job_manager.py:185]: Progress updated to 70%: Loading template styles: db78be29-3392-48b5-9c39-a5dbfebdb002
[2026-07-18 13:37:16,539] [INFO] [pipeline_service.py:154]: Template loaded and workspace prepared at: G:\work\Journal2LaTeX\backend\temp\3e65c2fb-5fcb-4005-bced-231150565643\rendered
[2026-07-18 13:37:16,558] [INFO] [job_manager.py:185]: Progress updated to 80%: Template workspace initialized
[2026-07-18 13:37:16,558] [INFO] [pipeline_service.py:167]: Starting LaTeX rendering for job: 3e65c2fb-5fcb-4005-bced-231150565643
[2026-07-18 13:37:16,576] [INFO] [job_manager.py:161]: Job status updated to: RENDERING_LATEX
[2026-07-18 13:37:16,594] [INFO] [job_manager.py:185]: Progress updated to 85%: Rendering document content to LaTeX
[2026-07-18 13:37:16,616] [INFO] [latex_renderer.py:29]: Starting LaTeX rendering inside workspace: G:\work\Journal2LaTeX\backend\temp\3e65c2fb-5fcb-4005-bced-231150565643\rendered
[2026-07-18 13:37:16,639] [ERROR] [latex_renderer.py:191]: Failed to render LaTeX document: 'utf-8' codec can't decode byte 0x96 in position 25504: invalid start byte
Traceback (most recent call last):
  File "G:\work\Journal2LaTeX\backend\app\services\latex_renderer.py", line 90, in render_document
    template_content = template_tex_path.read_text(encoding="utf-8")
  File "C:\Users\asus\anaconda3\Lib\pathlib\_local.py", line 546, in read_text
    return PathBase.read_text(self, encoding, errors, newline)
           ~~~~~~~~~~~~~~~~~~^^^^^^^^^^^^^^^^^^^^^^^^^^^^^^^^^
  File "C:\Users\asus\anaconda3\Lib\pathlib\_abc.py", line 633, in read_text
    return f.read()
           ~~~~~~^^
  File "<frozen codecs>", line 325, in decode
UnicodeDecodeError: 'utf-8' codec can't decode byte 0x96 in position 25504: invalid start byte
[2026-07-18 13:37:16,644] [ERROR] [pipeline_service.py:194]: LaTeX rendering failed: Failed to render LaTeX document: 'utf-8' codec can't decode byte 0x96 in position 25504: invalid start byte
[2026-07-18 13:37:16,663] [ERROR] [job_manager.py:209]: Job error added: LaTeX rendering failed: Failed to render LaTeX document: 'utf-8' codec can't decode byte 0x96 in position 25504: invalid start byte
