[2026-07-23 15:00:36,643] [INFO] [job_manager.py:136]: Job 15ffd68b-927f-44fe-9cdd-4b5e32dee1af workspace created successfully
[2026-07-23 15:00:36,662] [INFO] [pipeline_service.py:45]: Starting validation for job: 15ffd68b-927f-44fe-9cdd-4b5e32dee1af
[2026-07-23 15:00:36,676] [INFO] [job_manager.py:180]: Job status updated to: VALIDATING
[2026-07-23 15:00:36,690] [INFO] [job_manager.py:204]: Progress updated to 10%: Validating input Word Document
[2026-07-23 15:00:36,691] [INFO] [pipeline_service.py:60]: Validation successful.
[2026-07-23 15:00:36,705] [INFO] [job_manager.py:204]: Progress updated to 20%: Input document validated successfully
[2026-07-23 15:00:36,705] [INFO] [pipeline_service.py:67]: Starting document analysis for job: 15ffd68b-927f-44fe-9cdd-4b5e32dee1af
[2026-07-23 15:00:36,720] [INFO] [job_manager.py:180]: Job status updated to: ANALYZING_DOCUMENT
[2026-07-23 15:00:36,733] [INFO] [job_manager.py:204]: Progress updated to 30%: Analyzing document structure and content blocks
[2026-07-23 15:00:36,733] [INFO] [document_analyzer.py:33]: Starting improved document analysis for: G:\work\Journal2LaTeX\backend\temp\15ffd68b-927f-44fe-9cdd-4b5e32dee1af\input\sample.docx
[2026-07-23 15:00:36,772] [INFO] [document_analyzer.py:517]: Parsed document: title='Hello from Journal2LaTeX. This is a minimal DOCX document to verify the conversion engine.', authors=0, sections=0, references=0
[2026-07-23 15:00:36,773] [INFO] [pipeline_service.py:95]: Document analysis completed. Saved structure to: G:\work\Journal2LaTeX\backend\temp\15ffd68b-927f-44fe-9cdd-4b5e32dee1af\intermediate\document_structure.json, report to: G:\work\Journal2LaTeX\backend\temp\15ffd68b-927f-44fe-9cdd-4b5e32dee1af\intermediate\conversion_report.json
[2026-07-23 15:00:36,787] [INFO] [job_manager.py:204]: Progress updated to 45%: Document structure extracted successfully
[2026-07-23 15:00:36,787] [INFO] [pipeline_service.py:108]: Starting asset extraction for job: 15ffd68b-927f-44fe-9cdd-4b5e32dee1af
[2026-07-23 15:00:36,800] [INFO] [job_manager.py:180]: Job status updated to: EXTRACTING_ASSETS
[2026-07-23 15:00:36,817] [INFO] [job_manager.py:204]: Progress updated to 50%: Extracting images and figure assets from document
[2026-07-23 15:00:36,890] [INFO] [pipeline_service.py:141]: Assets extracted to: G:\work\Journal2LaTeX\backend\temp\15ffd68b-927f-44fe-9cdd-4b5e32dee1af\intermediate\media
[2026-07-23 15:00:36,906] [INFO] [job_manager.py:204]: Progress updated to 60%: Document assets extracted successfully
[2026-07-23 15:00:36,906] [INFO] [pipeline_service.py:231]: Classifying extracted assets for job: 15ffd68b-927f-44fe-9cdd-4b5e32dee1af
[2026-07-23 15:00:36,906] [INFO] [asset_analyzer.py:23]: Starting extended asset analysis for job: 15ffd68b-927f-44fe-9cdd-4b5e32dee1af
[2026-07-23 15:00:36,907] [INFO] [asset_analyzer.py:153]: Extended asset classification completed. Assets classified: 0
[2026-07-23 15:00:36,922] [INFO] [job_manager.py:204]: Progress updated to 65%: Extracted assets analyzed and mapped successfully
[2026-07-23 15:00:36,948] [INFO] [pipeline_service.py:247]: Loading template default for job: 15ffd68b-927f-44fe-9cdd-4b5e32dee1af
[2026-07-23 15:00:36,963] [INFO] [job_manager.py:180]: Job status updated to: LOADING_TEMPLATE
[2026-07-23 15:00:36,979] [INFO] [job_manager.py:204]: Progress updated to 70%: Loading template styles: default
[2026-07-23 15:00:37,018] [INFO] [pipeline_service.py:269]: Template loaded and workspace prepared at: G:\work\Journal2LaTeX\backend\temp\15ffd68b-927f-44fe-9cdd-4b5e32dee1af\rendered
[2026-07-23 15:00:37,037] [INFO] [job_manager.py:204]: Progress updated to 80%: Template workspace initialized
[2026-07-23 15:00:37,039] [INFO] [pipeline_service.py:294]: Starting LaTeX rendering for job: 15ffd68b-927f-44fe-9cdd-4b5e32dee1af
[2026-07-23 15:00:37,054] [INFO] [job_manager.py:180]: Job status updated to: RENDERING_LATEX
[2026-07-23 15:00:37,071] [INFO] [job_manager.py:204]: Progress updated to 85%: Rendering document content to LaTeX
[2026-07-23 15:00:37,073] [INFO] [latex_renderer.py:72]: Starting LaTeX rendering inside workspace: G:\work\Journal2LaTeX\backend\temp\15ffd68b-927f-44fe-9cdd-4b5e32dee1af\rendered
[2026-07-23 15:00:37,147] [INFO] [latex_renderer.py:386]: LaTeX document main.tex rendered successfully.
[2026-07-23 15:00:37,165] [INFO] [job_manager.py:204]: Progress updated to 90%: LaTeX document rendering completed
[2026-07-23 15:00:37,165] [INFO] [pipeline_service.py:357]: Starting document compilation for job: 15ffd68b-927f-44fe-9cdd-4b5e32dee1af
[2026-07-23 15:00:37,185] [INFO] [job_manager.py:180]: Job status updated to: COMPILING
[2026-07-23 15:00:37,200] [INFO] [job_manager.py:204]: Progress updated to 92%: Compiling LaTeX source to PDF
[2026-07-23 15:00:41,409] [INFO] [pipeline_service.py:380]: Compilation completed successfully.
[2026-07-23 15:00:41,409] [INFO] [pipeline_service.py:395]: Running E2E publication fidelity checker for job: 15ffd68b-927f-44fe-9cdd-4b5e32dee1af
[2026-07-23 15:00:41,410] [INFO] [fidelity_checker.py:24]: Generating advanced fidelity report and scores for job: 15ffd68b-927f-44fe-9cdd-4b5e32dee1af
[2026-07-23 15:00:41,411] [INFO] [fidelity_checker.py:163]: Fidelity report written to G:\work\Journal2LaTeX\backend\temp\15ffd68b-927f-44fe-9cdd-4b5e32dee1af\intermediate\fidelity_report.json. Overall Score: 70.0%, Critical missing: 0
[2026-07-23 15:00:41,427] [INFO] [pipeline_service.py:357]: Starting document compilation for job: 15ffd68b-927f-44fe-9cdd-4b5e32dee1af
[2026-07-23 15:00:43,608] [ERROR] [pipeline_service.py:385]: LaTeX compilation failed: LaTeX compilation failed. PDF not generated.
[2026-07-23 15:00:43,609] [WARNING] [job_manager.py:250]: Job warning added: LaTeX compilation failed: LaTeX compilation failed. PDF not generated.
[2026-07-23 15:00:43,609] [INFO] [pipeline_service.py:357]: Starting document compilation for job: 15ffd68b-927f-44fe-9cdd-4b5e32dee1af
[2026-07-23 15:00:45,308] [ERROR] [pipeline_service.py:385]: LaTeX compilation failed: LaTeX compilation failed. PDF not generated.
[2026-07-23 15:00:45,324] [WARNING] [job_manager.py:250]: Job warning added: LaTeX compilation failed: LaTeX compilation failed. PDF not generated.
[2026-07-23 15:00:45,344] [INFO] [job_manager.py:180]: Job status updated to: COMPLETED
[2026-07-23 15:00:45,358] [INFO] [job_manager.py:204]: Progress updated to 100%: Pipeline process completed successfully
