[2026-07-18 00:04:38,024] [INFO] [job_manager.py:92]: Job 0b2e6aa2-0c57-4951-aa1f-11150c1e4d88 workspace created successfully
[2026-07-18 00:04:38,051] [INFO] [pipeline_service.py:30]: Starting validation for job: 0b2e6aa2-0c57-4951-aa1f-11150c1e4d88
[2026-07-18 00:04:38,052] [INFO] [job_manager.py:136]: Job status updated to: VALIDATING
[2026-07-18 00:04:38,063] [INFO] [job_manager.py:160]: Progress updated to 10%: Validating input Word Document
[2026-07-18 00:04:38,065] [INFO] [pipeline_service.py:45]: Validation successful.
[2026-07-18 00:04:38,075] [INFO] [job_manager.py:160]: Progress updated to 20%: Input document validated successfully
[2026-07-18 00:04:38,075] [INFO] [pipeline_service.py:52]: Starting document analysis for job: 0b2e6aa2-0c57-4951-aa1f-11150c1e4d88
[2026-07-18 00:04:38,092] [INFO] [job_manager.py:136]: Job status updated to: ANALYZING_DOCUMENT
[2026-07-18 00:04:38,102] [INFO] [job_manager.py:160]: Progress updated to 30%: Analyzing document structure and content blocks
[2026-07-18 00:04:38,102] [INFO] [document_analyzer.py:32]: Starting document analysis for: G:\work\Journal2LaTeX\backend\temp\0b2e6aa2-0c57-4951-aa1f-11150c1e4d88\input\sample.docx
[2026-07-18 00:04:38,102] [DEBUG] [document_analyzer.py:46]: Running Pandoc AST command: pandoc G:\work\Journal2LaTeX\backend\temp\0b2e6aa2-0c57-4951-aa1f-11150c1e4d88\input\sample.docx -t json
[2026-07-18 00:04:38,134] [INFO] [document_analyzer.py:183]: Successfully parsed document: title='', sections=1
[2026-07-18 00:04:38,135] [INFO] [pipeline_service.py:73]: Document analysis completed. Saved structure to: G:\work\Journal2LaTeX\backend\temp\0b2e6aa2-0c57-4951-aa1f-11150c1e4d88\intermediate\document_structure.json
[2026-07-18 00:04:38,147] [INFO] [job_manager.py:160]: Progress updated to 45%: Document structure extracted successfully
[2026-07-18 00:04:38,147] [INFO] [pipeline_service.py:86]: Starting asset extraction for job: 0b2e6aa2-0c57-4951-aa1f-11150c1e4d88
[2026-07-18 00:04:38,158] [INFO] [job_manager.py:136]: Job status updated to: EXTRACTING_ASSETS
[2026-07-18 00:04:38,170] [INFO] [job_manager.py:160]: Progress updated to 50%: Extracting images and figure assets from document
[2026-07-18 00:04:38,202] [INFO] [pipeline_service.py:97]: Assets extracted to: G:\work\Journal2LaTeX\backend\temp\0b2e6aa2-0c57-4951-aa1f-11150c1e4d88\intermediate\media
[2026-07-18 00:04:38,214] [INFO] [job_manager.py:160]: Progress updated to 60%: Document assets extracted successfully
[2026-07-18 00:04:38,231] [INFO] [pipeline_service.py:109]: Loading template default for job: 0b2e6aa2-0c57-4951-aa1f-11150c1e4d88
[2026-07-18 00:04:38,232] [INFO] [job_manager.py:136]: Job status updated to: LOADING_TEMPLATE
[2026-07-18 00:04:38,242] [INFO] [job_manager.py:160]: Progress updated to 70%: Loading template styles: default
[2026-07-18 00:04:38,248] [INFO] [pipeline_service.py:127]: Template loaded and workspace prepared at: G:\work\Journal2LaTeX\backend\temp\0b2e6aa2-0c57-4951-aa1f-11150c1e4d88\rendered
[2026-07-18 00:04:38,258] [INFO] [job_manager.py:160]: Progress updated to 80%: Template workspace initialized
[2026-07-18 00:04:38,258] [INFO] [pipeline_service.py:140]: Starting LaTeX rendering for job: 0b2e6aa2-0c57-4951-aa1f-11150c1e4d88
[2026-07-18 00:04:38,268] [INFO] [job_manager.py:136]: Job status updated to: RENDERING_LATEX
[2026-07-18 00:04:38,278] [INFO] [job_manager.py:160]: Progress updated to 85%: Rendering document content to LaTeX
[2026-07-18 00:04:38,280] [INFO] [latex_renderer.py:29]: Starting LaTeX rendering inside workspace: G:\work\Journal2LaTeX\backend\temp\0b2e6aa2-0c57-4951-aa1f-11150c1e4d88\rendered
[2026-07-18 00:04:38,282] [INFO] [latex_renderer.py:81]: LaTeX document main.tex rendered successfully.
[2026-07-18 00:04:38,292] [INFO] [job_manager.py:160]: Progress updated to 90%: LaTeX document rendering completed
[2026-07-18 00:04:38,292] [INFO] [pipeline_service.py:174]: Starting document compilation for job: 0b2e6aa2-0c57-4951-aa1f-11150c1e4d88
[2026-07-18 00:04:38,301] [INFO] [job_manager.py:136]: Job status updated to: COMPILING
[2026-07-18 00:04:38,310] [INFO] [job_manager.py:160]: Progress updated to 92%: Compiling LaTeX source to PDF
[2026-07-18 00:04:41,144] [INFO] [pipeline_service.py:196]: Compilation completed successfully.
[2026-07-18 00:04:41,155] [INFO] [job_manager.py:136]: Job status updated to: COMPLETED
[2026-07-18 00:04:41,168] [INFO] [job_manager.py:160]: Progress updated to 100%: Pipeline process completed successfully
