[2026-07-18 18:35:00,287] [INFO] [job_manager.py:117]: Job 58326d37-2910-489f-9798-6d5ef3053967 workspace created successfully
[2026-07-18 18:35:00,290] [INFO] [pipeline_service.py:36]: Starting validation for job: 58326d37-2910-489f-9798-6d5ef3053967
[2026-07-18 18:35:00,306] [INFO] [job_manager.py:161]: Job status updated to: VALIDATING
[2026-07-18 18:35:00,322] [INFO] [job_manager.py:185]: Progress updated to 10%: Validating input Word Document
[2026-07-18 18:35:00,341] [INFO] [pipeline_service.py:51]: Validation successful.
[2026-07-18 18:35:00,355] [INFO] [job_manager.py:185]: Progress updated to 20%: Input document validated successfully
[2026-07-18 18:35:00,355] [INFO] [pipeline_service.py:58]: Starting document analysis for job: 58326d37-2910-489f-9798-6d5ef3053967
[2026-07-18 18:35:00,369] [INFO] [job_manager.py:161]: Job status updated to: ANALYZING_DOCUMENT
[2026-07-18 18:35:00,383] [INFO] [job_manager.py:185]: Progress updated to 30%: Analyzing document structure and content blocks
[2026-07-18 18:35:00,383] [INFO] [document_analyzer.py:33]: Starting improved document analysis for: G:\work\Journal2LaTeX\temp\58326d37-2910-489f-9798-6d5ef3053967\input\style_ieee.docx
[2026-07-18 18:35:00,583] [INFO] [document_analyzer.py:416]: Parsed document: title='Test Document Title', authors=2, sections=1, references=2
[2026-07-18 18:35:00,585] [INFO] [pipeline_service.py:86]: Document analysis completed. Saved structure to: G:\work\Journal2LaTeX\temp\58326d37-2910-489f-9798-6d5ef3053967\intermediate\document_structure.json, report to: G:\work\Journal2LaTeX\temp\58326d37-2910-489f-9798-6d5ef3053967\intermediate\conversion_report.json
[2026-07-18 18:35:00,598] [INFO] [job_manager.py:185]: Progress updated to 45%: Document structure extracted successfully
[2026-07-18 18:35:00,598] [INFO] [pipeline_service.py:99]: Starting asset extraction for job: 58326d37-2910-489f-9798-6d5ef3053967
[2026-07-18 18:35:00,613] [INFO] [job_manager.py:161]: Job status updated to: EXTRACTING_ASSETS
[2026-07-18 18:35:00,629] [INFO] [job_manager.py:185]: Progress updated to 50%: Extracting images and figure assets from document
[2026-07-18 18:35:00,848] [INFO] [pipeline_service.py:111]: Assets extracted to: G:\work\Journal2LaTeX\temp\58326d37-2910-489f-9798-6d5ef3053967\intermediate\media
[2026-07-18 18:35:00,862] [INFO] [job_manager.py:185]: Progress updated to 60%: Document assets extracted successfully
[2026-07-18 18:35:00,862] [INFO] [pipeline_service.py:123]: Classifying extracted assets for job: 58326d37-2910-489f-9798-6d5ef3053967
[2026-07-18 18:35:00,862] [INFO] [asset_analyzer.py:23]: Starting extended asset analysis for job: 58326d37-2910-489f-9798-6d5ef3053967
[2026-07-18 18:35:00,864] [INFO] [asset_analyzer.py:153]: Extended asset classification completed. Assets classified: 0
[2026-07-18 18:35:00,878] [INFO] [job_manager.py:185]: Progress updated to 65%: Extracted assets analyzed and mapped successfully
[2026-07-18 18:35:00,878] [INFO] [pipeline_service.py:139]: Loading template default for job: 58326d37-2910-489f-9798-6d5ef3053967
[2026-07-18 18:35:00,893] [INFO] [job_manager.py:161]: Job status updated to: LOADING_TEMPLATE
[2026-07-18 18:35:00,909] [INFO] [job_manager.py:185]: Progress updated to 70%: Loading template styles: default
[2026-07-18 18:35:00,916] [INFO] [pipeline_service.py:157]: Template loaded and workspace prepared at: G:\work\Journal2LaTeX\temp\58326d37-2910-489f-9798-6d5ef3053967\rendered
[2026-07-18 18:35:00,931] [INFO] [job_manager.py:185]: Progress updated to 80%: Template workspace initialized
[2026-07-18 18:35:00,931] [INFO] [pipeline_service.py:170]: Starting LaTeX rendering for job: 58326d37-2910-489f-9798-6d5ef3053967
[2026-07-18 18:35:00,947] [INFO] [job_manager.py:161]: Job status updated to: RENDERING_LATEX
[2026-07-18 18:35:00,961] [INFO] [job_manager.py:185]: Progress updated to 85%: Rendering document content to LaTeX
[2026-07-18 18:35:00,962] [INFO] [latex_renderer.py:70]: Starting LaTeX rendering inside workspace: G:\work\Journal2LaTeX\temp\58326d37-2910-489f-9798-6d5ef3053967\rendered
[2026-07-18 18:35:01,025] [INFO] [latex_renderer.py:337]: LaTeX document main.tex rendered successfully.
[2026-07-18 18:35:01,037] [INFO] [job_manager.py:185]: Progress updated to 90%: LaTeX document rendering completed
[2026-07-18 18:35:01,038] [INFO] [pipeline_service.py:204]: Starting document compilation for job: 58326d37-2910-489f-9798-6d5ef3053967
[2026-07-18 18:35:01,050] [INFO] [job_manager.py:161]: Job status updated to: COMPILING
[2026-07-18 18:35:01,063] [INFO] [job_manager.py:185]: Progress updated to 92%: Compiling LaTeX source to PDF
[2026-07-18 18:35:04,188] [INFO] [pipeline_service.py:226]: Compilation completed successfully.
