STDOUT:
Initial Win CP for (console input, console output, system): (CP437, CP65001, CP1252)
I changed them all to CP1252
Rc files read (in order):
  NONE
Latexmk: This is Latexmk, John Collins, 9 March 2026. Version 4.88.
No existing .aux file, so I'll make a simple one, and require run of *latex.
Force everything to be remade.
Latexmk: applying rule 'pdflatex'...
Rule 'pdflatex':  Reasons for rerun
Category 'other':
  Rerun of 'pdflatex' forced or previously required:
    Reason or flag: 'go_mode'

------------
Run number 1 of rule 'pdflatex'
------------
------------
Running 'pdflatex  -interaction=nonstopmode -file-line-error -recorder  "G:/work/Journal2LaTeX/backend/temp/cc8689ec-b684-46b9-a9d1-5e515c461554/rendered/main.tex"'
------------
This is pdfTeX, Version 3.141592653-2.6-1.40.29 (MiKTeX 26.5) (preloaded format=pdflatex.fmt)
 restricted \write18 enabled.
entering extended mode

(G:/work/Journal2LaTeX/backend/temp/cc8689ec-b684-46b9-a9d1-5e515c461554/render
ed/main.tex
LaTeX2e <2026-06-01>
L3 programming layer <2026-06-18>
(C:\Users\asus\AppData\Local\Programs\MiKTeX\tex/latex/xcolor\xcolor.sty
(C:\Users\asus\AppData\Local\Programs\MiKTeX\tex/latex/graphics-cfg\color.cfg)
(C:\Users\asus\AppData\Local\Programs\MiKTeX\tex/latex/graphics-def\pdftex.def)
 (C:\Users\asus\AppData\Local\Programs\MiKTeX\tex/latex/graphics\mathcolor.ltx)
) (C:\Users\asus\AppData\Local\Programs\MiKTeX\tex/latex/graphics\dvipsnam.def)
 (C:\Users\asus\AppData\Local\Programs\MiKTeX\tex/latex/xcolor\svgnam.def)
(C:\Users\asus\AppData\Local\Programs\MiKTeX\tex/latex/xcolor\x11nam.def)
(C:\Users\asus\AppData\Local\Programs\MiKTeX\tex/latex/colortbl\colortbl.sty
(C:\Users\asus\AppData\Local\Programs\MiKTeX\tex/latex/tools\array.sty)
new hooks used!!
) (NSP1.cls

LaTeX Warning: You have requested document class `NSP1',
               but the document class provides `NSP'.

Document Class: NSP 2012/01/01
(C:\Users\asus\AppData\Local\Programs\MiKTeX\tex/latex/base\fleqn.clo)
(C:\Users\asus\AppData\Local\Programs\MiKTeX\tex/latex/graphics\graphicx.sty
(C:\Users\asus\AppData\Local\Programs\MiKTeX\tex/latex/graphics\keyval.sty)
(C:\Users\asus\AppData\Local\Programs\MiKTeX\tex/latex/graphics\graphics.sty
(C:\Users\asus\AppData\Local\Programs\MiKTeX\tex/latex/graphics\trig.sty)
(C:\Users\asus\AppData\Local\Programs\MiKTeX\tex/latex/graphics-cfg\graphics.cf
g)))
(C:\Users\asus\AppData\Local\Programs\MiKTeX\tex/latex/lastpage\lastpage.sty
(C:\Users\asus\AppData\Local\Programs\MiKTeX\tex/latex/lastpage\lastpage2e.sty
(C:\Users\asus\AppData\Local\Programs\MiKTeX\tex/latex/lastpage\lastpagemodern.
sty) 
)) (C:\Users\asus\AppData\Local\Programs\MiKTeX\tex/latex/hyperref\hyperref.sty
(C:\Users\asus\AppData\Local\Programs\MiKTeX\tex/generic/iftex\iftex.sty)
(C:\Users\asus\AppData\Local\Programs\MiKTeX\tex/latex/kvsetkeys\kvsetkeys.sty)

(C:\Users\asus\AppData\Local\Programs\MiKTeX\tex/generic/kvdefinekeys\kvdefinek
eys.sty)
(C:\Users\asus\AppData\Local\Programs\MiKTeX\tex/generic/pdfescape\pdfescape.st
y (C:\Users\asus\AppData\Local\Programs\MiKTeX\tex/generic/ltxcmds\ltxcmds.sty)

(C:\Users\asus\AppData\Local\Programs\MiKTeX\tex/generic/pdftexcmds\pdftexcmds.
sty
(C:\Users\asus\AppData\Local\Programs\MiKTeX\tex/generic/infwarerr\infwarerr.st
y))) (C:\Users\asus\AppData\Local\Programs\MiKTeX\tex/latex/hycolor\hycolor.sty
) (C:\Users\asus\AppData\Local\Programs\MiKTeX\tex/latex/hyperref\nameref.sty
(C:\Users\asus\AppData\Local\Programs\MiKTeX\tex/latex/refcount\refcount.sty)
(C:\Users\asus\AppData\Local\Programs\MiKTeX\tex/generic/gettitlestring\gettitl
estring.sty
(C:\Users\asus\AppData\Local\Programs\MiKTeX\tex/latex/kvoptions\kvoptions.sty)
)) (C:\Users\asus\AppData\Local\Programs\MiKTeX\tex/latex/etoolbox\etoolbox.sty
)
(C:\Users\asus\AppData\Local\Programs\MiKTeX\tex/generic/stringenc\stringenc.st
y) (C:\Users\asus\AppData\Local\Programs\MiKTeX\tex/latex/hyperref\pd1enc.def)
(C:\Users\asus\AppData\Local\Programs\MiKTeX\tex/generic/intcalc\intcalc.sty)
(C:\Users\asus\AppData\Local\Programs\MiKTeX\tex/latex/hyperref\puenc.def)
(C:\Users\asus\AppData\Local\Programs\MiKTeX\tex/latex/url\url.sty)
(C:\Users\asus\AppData\Local\Programs\MiKTeX\tex/generic/bitset\bitset.sty
(C:\Users\asus\AppData\Local\Programs\MiKTeX\tex/generic/bigintcalc\bigintcalc.
sty))

Package hyperref Warning: Option `pdfpagelabels' is turned off
(hyperref)                because \thepage is undefined.

) (C:\Users\asus\AppData\Local\Programs\MiKTeX\tex/latex/hyperref\hpdftex.def
(C:\Users\asus\AppData\Local\Programs\MiKTeX\tex/latex/rerunfilecheck\rerunfile
check.sty
(C:\Users\asus\AppData\Local\Programs\MiKTeX\tex/generic/uniquecounter\uniqueco
unter.sty))))
(C:\Users\asus\AppData\Local\Programs\MiKTeX\tex/latex/floatflt\floatflt.sty)
(C:\Users\asus\AppData\Local\Programs\MiKTeX\tex/latex/psnfss\helvet.sty)
(C:\Users\asus\AppData\Local\Programs\MiKTeX\tex/latex/psnfss\times.sty)
(psfig.sty
psfig/tex 1.10-dvips
) (C:\Users\asus\AppData\Local\Programs\MiKTeX\tex/latex/psnfss\mathptmx.sty)
(C:\Users\asus\AppData\Local\Programs\MiKTeX\tex/latex/amsmath\amsmath.sty
For additional information on amsmath, use the `?' option.
(C:\Users\asus\AppData\Local\Programs\MiKTeX\tex/latex/amsmath\amstext.sty
(C:\Users\asus\AppData\Local\Programs\MiKTeX\tex/latex/amsmath\amsgen.sty))
(C:\Users\asus\AppData\Local\Programs\MiKTeX\tex/latex/amsmath\amsbsy.sty)
(C:\Users\asus\AppData\Local\Programs\MiKTeX\tex/latex/amsmath\amsopn.sty))
(C:\Users\asus\AppData\Local\Programs\MiKTeX\tex/latex/amsfonts\amssymb.sty
(C:\Users\asus\AppData\Local\Programs\MiKTeX\tex/latex/amsfonts\amsfonts.sty))
(C:\Users\asus\AppData\Local\Programs\MiKTeX\tex/latex/tools\bm.sty)
(C:\Users\asus\AppData\Local\Programs\MiKTeX\tex/latex/float\float.sty)
(C:\Users\asus\AppData\Local\Programs\MiKTeX\tex/latex/caption\caption.sty
(C:\Users\asus\AppData\Local\Programs\MiKTeX\tex/latex/caption\caption3.sty)

Package caption Warning: Unknown document class (or package),
(caption)                standard defaults will be used.
See the caption package documentation for explanation.

)

LaTeX Warning: Package "xcolor" has already been loaded: ignoring load-time
(LaTeX)        option "xcdraw".

(C:\Users\asus\AppData\Local\Programs\MiKTeX\tex/latex/type1cm\type1cm.sty)
(C:\Users\asus\AppData\Local\Programs\MiKTeX\tex/latex/base\fix-cm.sty
(C:\Users\asus\AppData\Local\Programs\MiKTeX\tex/latex/base\ts1enc.def))
(C:\Users\asus\AppData\Local\Programs\MiKTeX\tex/latex/psnfss\ot1ptm.fd)
(C:\Users\asus\AppData\Local\Programs\MiKTeX\tex/latex/l3backend\l3backend-pdft
ex.def) (main.aux)
(C:\Users\asus\AppData\Local\Programs\MiKTeX\tex/context/base/mkii\supp-pdf.mki
i
[Loading MPS to PDF converter (version 2006.09.02).]
)
(C:\Users\asus\AppData\Local\Programs\MiKTeX\tex/latex/epstopdf-pkg\epstopdf-ba
se.sty
(C:\Users\asus\AppData\Local\Programs\MiKTeX\tex/latex/00miktex\epstopdf-sys.cf
g))
Runaway argument?
{{\large \bf \rm Progress in Fractional Differentiation 
G:/work/Journal2LaTeX/backend/temp/cc8689ec-b684-46b9-a9d1-5e515c461554/rendere
d/main.tex:137: Paragraph ended before \titlefigurecaption was complete.
<to be read again> 
                   \par 
l.137 
      
G:/work/Journal2LaTeX/backend/temp/cc8689ec-b684-46b9-a9d1-5e515c461554/rendere
d/main.tex:138: Too many }'s.
l.138 and Applications}
                       \\ {\it\small An International Journal}}
G:/work/Journal2LaTeX/backend/temp/cc8689ec-b684-46b9-a9d1-5e515c461554/rendere
d/main.tex:138: Too many }'s.
l.138 ...}\\ {\it\small An International Journal}}
                                                  
(C:\Users\asus\AppData\Local\Programs\MiKTeX\tex/latex/psnfss\ot1ztmcm.fd)
(C:\Users\asus\AppData\Local\Programs\MiKTeX\tex/latex/psnfss\omlztmcm.fd)
(C:\Users\asus\AppData\Local\Programs\MiKTeX\tex/latex/psnfss\omsztmcm.fd)
(C:\Users\asus\AppData\Local\Programs\MiKTeX\tex/latex/psnfss\omxztmcm.fd)

Package mathptmx Warning: There are no bold math fonts on input line 182.

(C:\Users\asus\AppData\Local\Programs\MiKTeX\tex/latex/psnfss\ot1phv.fd)
(C:\Users\asus\AppData\Local\Programs\MiKTeX\tex/latex/psnfss\omsptm.fd)

G:/work/Journal2LaTeX/backend/temp/cc8689ec-b684-46b9-a9d1-5e515c461554/rendere
d/main.tex:182: LaTeX Error: Unicode character ₀ (U+2080)
               not set up for use with LaTeX.

See the LaTeX manual or LaTeX Companion for explanation.
Type  H <return>  for immediate help.
 ...                                              
                                                  
l.182 \maketitle
                

LaTeX Warning: Reference `LastPage' on page 1 undefined on input line 199.

(C:\Users\asus\AppData\Local\Programs\MiKTeX\tex/latex/psnfss\ts1ptm.fd)
[1{C:/Users/asus/AppData/Local/MiKTeX/fonts/map/pdftex/pdftex.map}{C:/Users/asu
s/AppData/Local/Programs/MiKTeX/fonts/enc/dvips/base/8r.enc} <./logo7pt-eps-con
verted-to.pdf>]

LaTeX Warning: Citation `ref1' on page 2 undefined on input line 205.


LaTeX Warning: Citation `ref7' on page 2 undefined on input line 211.


LaTeX Warning: Citation `ref7' on page 2 undefined on input line 221.


LaTeX Warning: Citation `ref11' on page 2 undefined on input line 225.


Overfull \hbox (36.26831pt too wide) has occurred while \output is active
[] [] \OT1/ptm/m/n/9 Priya P. et al.: Mittag-Leffler Stability Analysis for a f
ractional order model of co-contaminated soil and water pollution
[2]

LaTeX Warning: Citation `ref7' on page 3 undefined on input line 287.


LaTeX Warning: Citation `ref7' on page 3 undefined on input line 289.

G:/work/Journal2LaTeX/backend/temp/cc8689ec-b684-46b9-a9d1-5e515c461554/rendere
d/main.tex:306: Missing $ inserted.
<inserted text> 
                $
l.306 
      

LaTeX Warning: Reference `LastPage' on page 3 undefined on input line 353.

[3]
Overfull \hbox (315.47565pt too wide) detected at line 357
\OML/ztmcm/m/it/10.50003 J\OT1/ztmcm/m/n/10.50003 (\OML/ztmcm/m/it/10.50003 E\O
T1/ztmcm/m/n/10.50003 ) = []

G:/work/Journal2LaTeX/backend/temp/cc8689ec-b684-46b9-a9d1-5e515c461554/rendere
d/main.tex:393: LaTeX Error: Unicode character ◻ (U+25FB)
               not set up for use with LaTeX.

See the LaTeX manual or LaTeX Companion for explanation.
Type  H <return>  for immediate help.
 ...                                              
                                                  
l.393 ...en \(\lambda\) is real and negative. ◻
                                                  

Overfull \hbox (6.91199pt too wide) detected at line 417
\OML/ztmcm/m/it/10.50003 J[] \OMS/ztmcm/m/n/10.50003 ^^@ \OML/ztmcm/m/it/10.500
03 ^^UI \OT1/ztmcm/m/n/10.50003 = []

Overfull \hbox (679.78003pt too wide) detected at line 437
\OML/ztmcm/m/it/10.50003 M[]  \OT1/ztmcm/m/n/10.50003 = \OMS/ztmcm/m/n/10.50003
 ^^@\OML/ztmcm/m/it/10.50003 ^^U []    \OT1/ztmcm/m/n/10.50003 + \OML/ztmcm/m/i
t/10.50003 ^^N[]S[] []    \OMS/ztmcm/m/n/10.50003 ^^@ \OML/ztmcm/m/it/10.50003 
^^N[]S[] []   \OT1/ztmcm/m/n/10.50003 = \OMS/ztmcm/m/n/10.50003 ^^@\OML/ztmcm/m
/it/10.50003 ^^U[] \OMS/ztmcm/m/n/10.50003 ^^@ \OML/ztmcm/m/it/10.50003 ^^U^^Z[
]W[]F[] \OMS/ztmcm/m/n/10.50003 ^^@ \OML/ztmcm/m/it/10.50003 ^^U^^N[]S[]W[] \OM
S/ztmcm/m/n/10.50003 ^^@ \OML/ztmcm/m/it/10.50003 ^^U^^N[]S[]F[]    \OT1/ztmcm/
m/n/10.50003 + \OML/ztmcm/m/it/10.50003 ^^N[]^^N[]^^ZS[]W[]F[] \OT1/ztmcm/m/n/1
0.50003 + \OML/ztmcm/m/it/10.50003 ^^N[]^^N[]^^ZS[]W[]F[]   \OT1/ztmcm/m/n/10.5
0003 = \OMS/ztmcm/m/n/10.50003 ^^@\OML/ztmcm/m/it/10.50003 ^^U[] \OMS/ztmcm/m/n
/10.50003 ^^@ \OML/ztmcm/m/it/10.50003 ^^U [] \OT1/ztmcm/m/n/10.50003 + 2\OML/z
tmcm/m/it/10.50003 ^^N[]^^N[]^^ZS[]W[]F[] 

Overfull \hbox (36.26831pt too wide) has occurred while \output is active
[] [] \OT1/ptm/m/n/9 Priya P. et al.: Mittag-Leffler Stability Analysis for a f
ractional order model of co-contaminated soil and water pollution
[4]
Overfull \hbox (256.56078pt too wide) detected at line 459
[] []  \OT1/ztmcm/m/n/10.50003 = [] [\OMS/ztmcm/m/n/10.50003 ^^@\OML/ztmcm/m/it
/10.50003 ^^U[] \OMS/ztmcm/m/n/10.50003 ^^@ \OML/ztmcm/m/it/10.50003 ^^U []    
\OT1/ztmcm/m/n/10.50003 + 2\OML/ztmcm/m/it/10.50003 ^^N[]^^N[]^^ZS[]W[]F[]\OT1/
ztmcm/m/n/10.50003 ]    + \OML/ztmcm/m/it/10.50003 LC[] []    \OT1/ztmcm/m/n/10
.50003 + \OML/ztmcm/m/it/10.50003 BC[] [] 

Overfull \hbox (904.36462pt too wide) detected at line 471
\OML/ztmcm/m/it/10.50003 a[]  \OT1/ztmcm/m/n/10.50003 = \OML/ztmcm/m/it/10.5000
3 ^^H[] \OT1/ztmcm/m/n/10.50003 + \OML/ztmcm/m/it/10.50003 LS[] \OT1/ztmcm/m/n/
10.50003 + \OML/ztmcm/m/it/10.50003 BW[] a[]  \OT1/ztmcm/m/n/10.50003 = \OML/zt
mcm/m/it/10.50003 ^^Z[]W[]F[] \OT1/ztmcm/m/n/10.50003 + \OML/ztmcm/m/it/10.5000
3 ^^N[]S[]W[] \OT1/ztmcm/m/n/10.50003 + \OML/ztmcm/m/it/10.50003 ^^N[]S[]F[] \O
T1/ztmcm/m/n/10.50003 + \OML/ztmcm/m/it/10.50003 LC[] \OMS/ztmcm/m/n/10.50003 ^
^A \OML/ztmcm/m/it/10.50003 LS[]    \OMS/ztmcm/m/n/10.50003 ^^@ \OML/ztmcm/m/it
/10.50003 LC[] \OMS/ztmcm/m/n/10.50003 ^^A \OML/ztmcm/m/it/10.50003 ^^N[]W[] \O
T1/ztmcm/m/n/10.50003 + \OML/ztmcm/m/it/10.50003 BC[] \OMS/ztmcm/m/n/10.50003 ^
^A \OML/ztmcm/m/it/10.50003 ^^Z [] F[] a[]  \OT1/ztmcm/m/n/10.50003 = \OMS/ztmc
m/m/n/10.50003 ^^@\OT1/ztmcm/m/n/10.50003 2\OML/ztmcm/m/it/10.50003 ^^N[]^^N[]^
^ZS[]W[]F[] []    \OMS/ztmcm/m/n/10.50003 ^^@ \OML/ztmcm/m/it/10.50003 LC[]LS[]
^^Z[]W[]F[] \OMS/ztmcm/m/n/10.50003 ^^@ \OML/ztmcm/m/it/10.50003 LC[]LS[]^^N[]W
[] \OMS/ztmcm/m/n/10.50003 ^^@ \OML/ztmcm/m/it/10.50003 LC[]LS[]^^N[]F[]    \OT
1/ztmcm/m/n/10.50003 + \OML/ztmcm/m/it/10.50003 BC[]LS[]^^Z[] [] W[]F[] a[]  \O
T1/ztmcm/m/n/10.50003 = 2\OML/ztmcm/m/it/10.50003 ^^N[]^^N[]^^ZS[]W[]F[] []    
\OT1/ztmcm/m/n/10.50003 + \OML/ztmcm/m/it/10.50003 LC[]LS[]^^Z[]W[]F[] \OT1/ztm
cm/m/n/10.50003 + \OML/ztmcm/m/it/10.50003 BC[]LS[]^^Z[] [] W[]F[] 

G:/work/Journal2LaTeX/backend/temp/cc8689ec-b684-46b9-a9d1-5e515c461554/rendere
d/main.tex:495: LaTeX Error: Unicode character ◻ (U+25FB)
               not set up for use with LaTeX.

See the LaTeX manual or LaTeX Companion for explanation.
Type  H <return>  for immediate help.
 ...                                              
                                                  
l.495 ...r values and equilibrium magnitudes. ◻
                                                  

Overfull \hbox (506.7624pt too wide) detected at line 515
[]\OML/ztmcm/m/it/10.50003 D[]V[]  \OT1/ztmcm/m/n/10.50003 =[] \OML/ztmcm/m/it/
10.50003 D[]S[] \OT1/ztmcm/m/n/10.50003 +[] \OML/ztmcm/m/it/10.50003 D[]W \OT1/
ztmcm/m/n/10.50003 +[] \OML/ztmcm/m/it/10.50003 D[]F   \OT1/ztmcm/m/n/10.50003 
= \OML/ztmcm/m/it/10.50003 LCS[] \OMS/ztmcm/m/n/10.50003 ^^@ \OML/ztmcm/m/it/10
.50003 ^^N[]S[]W \OMS/ztmcm/m/n/10.50003 ^^@ \OML/ztmcm/m/it/10.50003 ^^N[]S[]F
 \OMS/ztmcm/m/n/10.50003 ^^@ \OML/ztmcm/m/it/10.50003 ^^H[]S[] \OMS/ztmcm/m/n/1
0.50003 ^^@ \OML/ztmcm/m/it/10.50003 ^^M[]S[]    \OT1/ztmcm/m/n/10.50003 + \OML
/ztmcm/m/it/10.50003 ^^N[]S[]W \OMS/ztmcm/m/n/10.50003 ^^@ \OML/ztmcm/m/it/10.5
0003 ^^ZWF \OMS/ztmcm/m/n/10.50003 ^^@ \OML/ztmcm/m/it/10.50003 ^^H[]W    \OT1/
ztmcm/m/n/10.50003 + \OML/ztmcm/m/it/10.50003 ^^N[]S[]F \OT1/ztmcm/m/n/10.50003
 + \OML/ztmcm/m/it/10.50003 ^^ZWF \OMS/ztmcm/m/n/10.50003 ^^@ \OML/ztmcm/m/it/1
0.50003 ^^M[]F \OMS/ztmcm/m/n/10.50003 ^^@ \OML/ztmcm/m/it/10.50003 ^^H[]F   \O
T1/ztmcm/m/n/10.50003 = \OML/ztmcm/m/it/10.50003 LCS[] \OMS/ztmcm/m/n/10.50003 
^^@ \OML/ztmcm/m/it/10.50003 ^^H[]S[] \OMS/ztmcm/m/n/10.50003 ^^@ \OML/ztmcm/m/
it/10.50003 ^^M[]S[] \OMS/ztmcm/m/n/10.50003 ^^@ \OML/ztmcm/m/it/10.50003 ^^H[]
W \OMS/ztmcm/m/n/10.50003 ^^@ \OML/ztmcm/m/it/10.50003 ^^M[]F \OMS/ztmcm/m/n/10
.50003 ^^@ \OML/ztmcm/m/it/10.50003 ^^H[]F   \OT1/ztmcm/m/n/10.50003 = \OML/ztm
cm/m/it/10.50003 S[] [] \OMS/ztmcm/m/n/10.50003 ^^@ \OML/ztmcm/m/it/10.50003 ^^
H[]W \OMS/ztmcm/m/n/10.50003 ^^@ [] \OML/ztmcm/m/it/10.50003 F 

LaTeX Warning: Reference `LastPage' on page 5 undefined on input line 523.

[5]
Overfull \hbox (218.90753pt too wide) detected at line 531
[]\OML/ztmcm/m/it/10.50003 D[] []  \OT1/ztmcm/m/n/10.50003 = [][] \OML/ztmcm/m/
it/10.50003 D[]C   \OT1/ztmcm/m/n/10.50003 = [] []   = [] []   = \OMS/ztmcm/m/n
/10.50003 ^^@\OML/ztmcm/m/it/10.50003 LCS[] [] \OMS/ztmcm/m/n/10.50003 ^^@ \OML
/ztmcm/m/it/10.50003 BCW [] 

G:/work/Journal2LaTeX/backend/temp/cc8689ec-b684-46b9-a9d1-5e515c461554/rendere
d/main.tex:545: LaTeX Error: Unicode character ◻ (U+25FB)
               not set up for use with LaTeX.

See the LaTeX manual or LaTeX Companion for explanation.
Type  H <return>  for immediate help.
 ...                                              
                                                  
l.545 ...\Phi_{C}} < \Phi_{2} + \gamma_{1}\). ◻
                                                  

G:/work/Journal2LaTeX/backend/temp/cc8689ec-b684-46b9-a9d1-5e515c461554/rendere
d/main.tex:568: LaTeX Error: Unicode character ◻ (U+25FB)
               not set up for use with LaTeX.

See the LaTeX manual or LaTeX Companion for explanation.
Type  H <return>  for immediate help.
 ...                                              
                                                  
l.568 ...g to a negative definite derivative. ◻
                                                  

LaTeX Warning: Citation `ref5' on page 6 undefined on input line 572.


Overfull \hbox (36.26831pt too wide) has occurred while \output is active
[] [] \OT1/ptm/m/n/9 Priya P. et al.: Mittag-Leffler Stability Analysis for a f
ractional order model of co-contaminated soil and water pollution
[6]

LaTeX Warning: Reference `LastPage' on page 7 undefined on input line 674.

[7]
Overfull \hbox (442.10124pt too wide) detected at line 700
[]\OML/ztmcm/m/it/10.50003 D[]V\OT1/ztmcm/m/n/10.50003 (\OML/ztmcm/m/it/10.5000
3 t; X\OT1/ztmcm/m/n/10.50003 )  = \OMS/ztmcm/m/n/10.50003 ^^@ [][] \OML/ztmcm/
m/it/10.50003 ^^H[] \OMS/ztmcm/m/n/10.50003 ^^@ [] \OML/ztmcm/m/it/10.50003 LCS
[] \OMS/ztmcm/m/n/10.50003 ^^@ [] \OML/ztmcm/m/it/10.50003 BCW    \OT1/ztmcm/m/
n/10.50003 + \OML/ztmcm/m/it/10.50003 S[] [] \OMS/ztmcm/m/n/10.50003 ^^@ \OML/z
tmcm/m/it/10.50003 ^^N[]S[]W \OMS/ztmcm/m/n/10.50003 ^^@ \OML/ztmcm/m/it/10.500
03 ^^N[]S[]F    \OT1/ztmcm/m/n/10.50003 + \OML/ztmcm/m/it/10.50003 ^^N[]S[]W[] 
\OMS/ztmcm/m/n/10.50003 ^^@ \OML/ztmcm/m/it/10.50003 ^^ZW[]F \OMS/ztmcm/m/n/10.
50003 ^^@ \OML/ztmcm/m/it/10.50003 ^^H[]W[]    \OT1/ztmcm/m/n/10.50003 + \OML/z
tmcm/m/it/10.50003 ^^N[]S[]F[] \OT1/ztmcm/m/n/10.50003 + \OML/ztmcm/m/it/10.500
03 ^^ZWF[] \OMS/ztmcm/m/n/10.50003 ^^@ [] \OML/ztmcm/m/it/10.50003 F[]    \OT1/
ztmcm/m/n/10.50003 + \OML/ztmcm/m/it/10.50003 ^^M[]S[]S[] \OT1/ztmcm/m/n/10.500
03 + \OML/ztmcm/m/it/10.50003 ^^M[]FS[] \OMS/ztmcm/m/n/10.50003 ^^@ \OML/ztmcm/
m/it/10.50003 ^^H[]S[] 

Overfull \hbox (36.26831pt too wide) has occurred while \output is active
[] [] \OT1/ptm/m/n/9 Priya P. et al.: Mittag-Leffler Stability Analysis for a f
ractional order model of co-contaminated soil and water pollution
[8]

G:/work/Journal2LaTeX/backend/temp/cc8689ec-b684-46b9-a9d1-5e515c461554/rendere
d/main.tex:776: LaTeX Error: Unicode character ◻ (U+25FB)
               not set up for use with LaTeX.

See the LaTeX manual or LaTeX Companion for explanation.
Type  H <return>  for immediate help.
 ...                                              
                                                  
l.776 ...e considered fractional-order model. ◻
                                                  

G:/work/Journal2LaTeX/backend/temp/cc8689ec-b684-46b9-a9d1-5e515c461554/rendere
d/main.tex:820: LaTeX Error: Unicode character ◻ (U+25FB)
               not set up for use with LaTeX.

See the LaTeX manual or LaTeX Companion for explanation.
Type  H <return>  for immediate help.
 ...                                              
                                                  
l.820 ...hing local Mittag-Leffler stability. ◻
                                                  

Overfull \hbox (6.58728pt too wide) detected at line 838
\OML/ztmcm/m/it/10.50003 w[]  \OT1/ztmcm/m/n/10.50003 = 1 \OML/ztmcm/m/it/10.50
003 w[]  \OT1/ztmcm/m/n/10.50003 = (\OML/ztmcm/m/it/10.50003 k \OT1/ztmcm/m/n/1
0.50003 + 1)[] \OMS/ztmcm/m/n/10.50003 ^^@ \OT1/ztmcm/m/n/10.50003 2\OML/ztmcm/
m/it/10.50003 k[] \OT1/ztmcm/m/n/10.50003 + (\OML/ztmcm/m/it/10.50003 k \OMS/zt
mcm/m/n/10.50003 ^^@ \OT1/ztmcm/m/n/10.50003 1)[]\OML/ztmcm/m/it/10.50003 ;  k 
\OMS/ztmcm/m/n/10.50003 ^^U \OT1/ztmcm/m/n/10.50003 1 []  = 0 []  = (\OML/ztmcm
/m/it/10.50003 k \OT1/ztmcm/m/n/10.50003 + 1)[] \OMS/ztmcm/m/n/10.50003 ^^@ \OT
1/ztmcm/m/n/10.50003 2\OML/ztmcm/m/it/10.50003 k[] \OT1/ztmcm/m/n/10.50003 + (\
OML/ztmcm/m/it/10.50003 k \OMS/ztmcm/m/n/10.50003 ^^@ \OT1/ztmcm/m/n/10.50003 1
)[]\OML/ztmcm/m/it/10.50003 ;  k \OMS/ztmcm/m/n/10.50003 ^^U \OT1/ztmcm/m/n/10.
50003 1 

LaTeX Warning: Reference `LastPage' on page 9 undefined on input line 842.

[9]
Overfull \hbox (15.02077pt too wide) detected at line 860
\OML/ztmcm/m/it/10.50003 b[]  \OT1/ztmcm/m/n/10.50003 = \OMS/ztmcm/m/n/10.50003
 f[] [] \OML/ztmcm/m/it/10.50003 ;  j \OT1/ztmcm/m/n/10.50003 = 0 [] [] \OML/zt
mcm/m/it/10.50003 ;  \OT1/ztmcm/m/n/10.50003 1 \OMS/ztmcm/m/n/10.50003 ^^T \OML
/ztmcm/m/it/10.50003 j \OMS/ztmcm/m/n/10.50003 ^^T \OML/ztmcm/m/it/10.50003 n [
];  j \OT1/ztmcm/m/n/10.50003 = \OML/ztmcm/m/it/10.50003 n \OT1/ztmcm/m/n/10.50
003 + 1  

Overfull \hbox (297.38342pt too wide) detected at line 864
[]  \OT1/ztmcm/m/n/10.50003 = \OMS/ztmcm/m/n/10.50003 f[] [] \OML/ztmcm/m/it/10
.50003 ;  j \OT1/ztmcm/m/n/10.50003 = 0 [] [] \OML/ztmcm/m/it/10.50003 ;  \OT1/
ztmcm/m/n/10.50003 1 \OMS/ztmcm/m/n/10.50003 ^^T \OML/ztmcm/m/it/10.50003 j \OM
S/ztmcm/m/n/10.50003 ^^T \OML/ztmcm/m/it/10.50003 n [] [] ;  j \OT1/ztmcm/m/n/1
0.50003 = \OML/ztmcm/m/it/10.50003 n \OT1/ztmcm/m/n/10.50003 + 1  

Overfull \hbox (277.68285pt too wide) detected at line 872
\OML/ztmcm/m/it/10.50003 F[]\OT1/ztmcm/m/n/10.50003 (\OML/ztmcm/m/it/10.50003 X
\OT1/ztmcm/m/n/10.50003 )  = \OML/ztmcm/m/it/10.50003 aN \OMS/ztmcm/m/n/10.5000
3 ^^@ \OML/ztmcm/m/it/10.50003 LCS[] \OMS/ztmcm/m/n/10.50003 ^^@ \OML/ztmcm/m/i
t/10.50003 BCW \OMS/ztmcm/m/n/10.50003 ^^@ \OML/ztmcm/m/it/10.50003 ^^H[]C F[]\
OT1/ztmcm/m/n/10.50003 (\OML/ztmcm/m/it/10.50003 X\OT1/ztmcm/m/n/10.50003 )  = 
\OML/ztmcm/m/it/10.50003 LCS[] \OMS/ztmcm/m/n/10.50003 ^^@ \OML/ztmcm/m/it/10.5
0003 ^^N[]S[]W \OMS/ztmcm/m/n/10.50003 ^^@ \OML/ztmcm/m/it/10.50003 ^^N[]S[]F \
OMS/ztmcm/m/n/10.50003 ^^@ \OML/ztmcm/m/it/10.50003 ^^H[]S[] \OMS/ztmcm/m/n/10.
50003 ^^@ \OML/ztmcm/m/it/10.50003 ^^M[]S[] F[]\OT1/ztmcm/m/n/10.50003 (\OML/zt
mcm/m/it/10.50003 X\OT1/ztmcm/m/n/10.50003 )  = \OML/ztmcm/m/it/10.50003 ^^N[]S
[]W \OMS/ztmcm/m/n/10.50003 ^^@ \OML/ztmcm/m/it/10.50003 ^^ZWF \OMS/ztmcm/m/n/1
0.50003 ^^@ \OML/ztmcm/m/it/10.50003 ^^H[]W F[]\OT1/ztmcm/m/n/10.50003 (\OML/zt
mcm/m/it/10.50003 X\OT1/ztmcm/m/n/10.50003 )  = \OML/ztmcm/m/it/10.50003 ^^N[]S
[]F \OT1/ztmcm/m/n/10.50003 + \OML/ztmcm/m/it/10.50003 ^^ZWF \OMS/ztmcm/m/n/10.
50003 ^^@ \OML/ztmcm/m/it/10.50003 ^^M[]F \OMS/ztmcm/m/n/10.50003 ^^@ \OML/ztmc
m/m/it/10.50003 ^^H[]F F[]\OT1/ztmcm/m/n/10.50003 (\OML/ztmcm/m/it/10.50003 X\O
T1/ztmcm/m/n/10.50003 )  = \OML/ztmcm/m/it/10.50003 ^^M[]S[] \OT1/ztmcm/m/n/10.
50003 + \OML/ztmcm/m/it/10.50003 ^^M[]F \OMS/ztmcm/m/n/10.50003 ^^@ \OML/ztmcm/
m/it/10.50003 ^^H[]S[] 

Overfull \hbox (857.40096pt too wide) detected at line 880
\OML/ztmcm/m/it/10.50003 C[]  \OT1/ztmcm/m/n/10.50003 = \OML/ztmcm/m/it/10.5000
3 C[] \OT1/ztmcm/m/n/10.50003 + []\OML/ztmcm/m/it/10.50003 F[] [] \OT1/ztmcm/m/
n/10.50003 + [] [] []\OML/ztmcm/m/it/10.50003 b[]F[] []  S[]  \OT1/ztmcm/m/n/10
.50003 = \OML/ztmcm/m/it/10.50003 S[] \OT1/ztmcm/m/n/10.50003 + []\OML/ztmcm/m/
it/10.50003 F[] [] \OT1/ztmcm/m/n/10.50003 + [] [] []\OML/ztmcm/m/it/10.50003 b
[]F[] []  W[]  \OT1/ztmcm/m/n/10.50003 = \OML/ztmcm/m/it/10.50003 W[] \OT1/ztmc
m/m/n/10.50003 + []\OML/ztmcm/m/it/10.50003 F[] [] \OT1/ztmcm/m/n/10.50003 + []
 [] []\OML/ztmcm/m/it/10.50003 b[]F[] []  F[]  \OT1/ztmcm/m/n/10.50003 = \OML/z
tmcm/m/it/10.50003 F[] \OT1/ztmcm/m/n/10.50003 + []\OML/ztmcm/m/it/10.50003 F[]
 [] \OT1/ztmcm/m/n/10.50003 + [] [] []\OML/ztmcm/m/it/10.50003 b[]F[] []  S[]  
\OT1/ztmcm/m/n/10.50003 = \OML/ztmcm/m/it/10.50003 S[] \OT1/ztmcm/m/n/10.50003 
+ []\OML/ztmcm/m/it/10.50003 F[] [] \OT1/ztmcm/m/n/10.50003 + [] [] []\OML/ztmc
m/m/it/10.50003 b[]F[] [] 

Overfull \hbox (1038.38667pt too wide) detected at line 886
\OML/ztmcm/m/it/10.50003 C[]  \OT1/ztmcm/m/n/10.50003 = \OML/ztmcm/m/it/10.5000
3 C[] \OT1/ztmcm/m/n/10.50003 + []\OML/ztmcm/m/it/10.50003 F[] [] \OT1/ztmcm/m/
n/10.50003 + [] [] [][]\OML/ztmcm/m/it/10.50003 F[] []  S[]  \OT1/ztmcm/m/n/10.
50003 = \OML/ztmcm/m/it/10.50003 S[] \OT1/ztmcm/m/n/10.50003 + []\OML/ztmcm/m/i
t/10.50003 F[] [] \OT1/ztmcm/m/n/10.50003 + [] [] [][]\OML/ztmcm/m/it/10.50003 
F[] []  W[]  \OT1/ztmcm/m/n/10.50003 = \OML/ztmcm/m/it/10.50003 W[] \OT1/ztmcm/
m/n/10.50003 + []\OML/ztmcm/m/it/10.50003 F[] [] \OT1/ztmcm/m/n/10.50003 + [] [
] [][]\OML/ztmcm/m/it/10.50003 F[] []  F[]  \OT1/ztmcm/m/n/10.50003 = \OML/ztmc
m/m/it/10.50003 F[] \OT1/ztmcm/m/n/10.50003 + []\OML/ztmcm/m/it/10.50003 F[] []
 \OT1/ztmcm/m/n/10.50003 + [] [] [][]\OML/ztmcm/m/it/10.50003 F[] []  S[]  \OT1
/ztmcm/m/n/10.50003 = \OML/ztmcm/m/it/10.50003 S[] \OT1/ztmcm/m/n/10.50003 + []
\OML/ztmcm/m/it/10.50003 F[] [] \OT1/ztmcm/m/n/10.50003 + [] [] [][]\OML/ztmcm/
m/it/10.50003 F[] [] 

Overfull \hbox (36.26831pt too wide) has occurred while \output is active
[] [] \OT1/ptm/m/n/9 Priya P. et al.: Mittag-Leffler Stability Analysis for a f
ractional order model of co-contaminated soil and water pollution
[10]

LaTeX Warning: Reference `LastPage' on page 11 undefined on input line 928.

[11 <./media/image1.png> <./media/image2.png>]
Underfull \vbox (badness 10000) has occurred while \output is active
Overfull \hbox (36.26831pt too wide) has occurred while \output is active
[] [] \OT1/ptm/m/n/9 Priya P. et al.: Mittag-Leffler Stability Analysis for a f
ractional order model of co-contaminated soil and water pollution
[12 <./media/image3.png> <./media/image4.png>]
Underfull \vbox (badness 1237) has occurred while \output is active

LaTeX Warning: Reference `LastPage' on page 13 undefined on input line 968.

[13 <./media/image5.png> <./media/image6.png>]
Overfull \hbox (36.26831pt too wide) has occurred while \output is active
[] [] \OT1/ptm/m/n/9 Priya P. et al.: Mittag-Leffler Stability Analysis for a f
ractional order model of co-contaminated soil and water pollution
[14]

LaTeX Warning: Reference `LastPage' on page 15 undefined on input line 1064.

[15] 
enddocument/afterlastpage (AED): lastpage setting LastPage.
(main.aux)

LaTeX Warning: There were undefined references.


LaTeX Warning: Label(s) may have changed. Rerun to get cross-references right.


Package rerunfilecheck Warning: File `main.out' has changed.
(rerunfilecheck)                Rerun to get outlines right
(rerunfilecheck)                or use package `bookmark'.


Package lastpage Warning: Rerun to get the references right on input line 1064.


 )
(see the transcript file for additional information)<C:/Users/asus/AppData/Loca
l/Programs/MiKTeX/fonts/type1/public/amsfonts/cm/cmex10.pfb><C:/Users/asus/AppD
ata/Local/Programs/MiKTeX/fonts/type1/public/amsfonts/cm/cmmi10.pfb><C:/Users/a
sus/AppData/Local/Programs/MiKTeX/fonts/type1/public/amsfonts/cm/cmr10.pfb><C:/
Users/asus/AppData/Local/Programs/MiKTeX/fonts/type1/public/amsfonts/cm/cmsy10.
pfb><C:/Users/asus/AppData/Local/Programs/MiKTeX/fonts/type1/public/amsfonts/sy
mbols/msbm10.pfb><C:/Users/asus/AppData/Local/Programs/MiKTeX/fonts/type1/urw/h
elvetic/uhvb8a.pfb><C:/Users/asus/AppData/Local/Programs/MiKTeX/fonts/type1/urw
/symbol/usyr.pfb><C:/Users/asus/AppData/Local/Programs/MiKTeX/fonts/type1/urw/s
ymbol/usyr.pfb><C:/Users/asus/AppData/Local/Programs/MiKTeX/fonts/type1/urw/tim
es/utmb8a.pfb><C:/Users/asus/AppData/Local/Programs/MiKTeX/fonts/type1/urw/time
s/utmr8a.pfb><C:/Users/asus/AppData/Local/Programs/MiKTeX/fonts/type1/urw/times
/utmri8a.pfb>
Output written on main.pdf (15 pages, 539059 bytes).
Transcript written on main.log.
Latexmk: Getting log file 'main.log'
Latexmk: Examining 'main.fls'
Latexmk: Examining 'main.log'
Latexmk: References changed.
Latexmk: References changed.
Latexmk: References changed.
Latexmk: References changed.
Latexmk: Log file says output to 'main.pdf'
Latexmk: Summary of warnings from last run of *latex:
  Latex failed to resolve 8 reference(s)
  Latex failed to resolve 7 citation(s)
Latexmk: Errors, so I did not complete making targets
Collected error summary (may duplicate other messages):
  pdflatex: Command for 'pdflatex' gave return code 1
      Refer to 'main.log' and/or above output for details



STDERR:
Latexmk: ====Problematic refs and citations with line #s in .tex file:
  Reference `LastPage' on page 1 undefined on input line 199
  Citation `ref1' on page 2 undefined on input line 205
  Citation `ref7' on page 2 undefined on input line 211
  Citation `ref7' on page 2 undefined on input line 221
  Citation `ref11' on page 2 undefined on input line 225
  Citation `ref7' on page 3 undefined on input line 287
  Citation `ref7' on page 3 undefined on input line 289
 And 8 more --- see log file 'main.log'
Latexmk: Sometimes, the -f option can be used to get latexmk
  to try to force complete processing.
  But normally, you will need to correct the file(s) that caused the
  error, and then rerun latexmk.
  In some cases, it is best to clean out generated files before rerunning
  latexmk after you've corrected the files.
Reverting Windows console CPs to (in,out) = (437,65001)
