[2026-07-28 18:36:08,712] [INFO] [job_manager.py:136]: Job cc8689ec-b684-46b9-a9d1-5e515c461554 workspace created successfully
[2026-07-28 18:36:08,740] [INFO] [pipeline_service.py:46]: Starting validation for job: cc8689ec-b684-46b9-a9d1-5e515c461554
[2026-07-28 18:36:08,756] [INFO] [job_manager.py:180]: Job status updated to: VALIDATING
[2026-07-28 18:36:08,775] [INFO] [job_manager.py:204]: Progress updated to 10%: Validating input Word Document
[2026-07-28 18:36:08,799] [INFO] [pipeline_service.py:61]: Validation successful.
[2026-07-28 18:36:08,816] [INFO] [job_manager.py:204]: Progress updated to 20%: Input document validated successfully
[2026-07-28 18:36:08,816] [INFO] [pipeline_service.py:68]: Starting document analysis for job: cc8689ec-b684-46b9-a9d1-5e515c461554
[2026-07-28 18:36:08,830] [INFO] [job_manager.py:180]: Job status updated to: ANALYZING_DOCUMENT
[2026-07-28 18:36:08,850] [INFO] [job_manager.py:204]: Progress updated to 30%: Analyzing document structure and content blocks
[2026-07-28 18:36:08,850] [INFO] [document_analyzer.py:119]: Starting improved document analysis for: G:\work\Journal2LaTeX\backend\temp\cc8689ec-b684-46b9-a9d1-5e515c461554\input\5.docx
[2026-07-28 18:36:11,750] [INFO] [document_analyzer.py:777]: Parsed document: title='Mittag-Leffler Stability Analysis for a fractional order model of co-contaminated soil and water pollution', authors=7, sections=31, references=16
[2026-07-28 18:36:11,755] [INFO] [pipeline_service.py:96]: Document analysis completed. Saved structure to: G:\work\Journal2LaTeX\backend\temp\cc8689ec-b684-46b9-a9d1-5e515c461554\intermediate\document_structure.json, report to: G:\work\Journal2LaTeX\backend\temp\cc8689ec-b684-46b9-a9d1-5e515c461554\intermediate\conversion_report.json
[2026-07-28 18:36:11,775] [INFO] [job_manager.py:204]: Progress updated to 45%: Document structure extracted successfully
[2026-07-28 18:36:11,775] [INFO] [pipeline_service.py:109]: Starting asset extraction for job: cc8689ec-b684-46b9-a9d1-5e515c461554
[2026-07-28 18:36:11,794] [INFO] [job_manager.py:180]: Job status updated to: EXTRACTING_ASSETS
[2026-07-28 18:36:11,813] [INFO] [job_manager.py:204]: Progress updated to 50%: Extracting images and figure assets from document
[2026-07-28 18:36:13,916] [INFO] [pipeline_service.py:156]: Assets extracted to: G:\work\Journal2LaTeX\backend\temp\cc8689ec-b684-46b9-a9d1-5e515c461554\intermediate\media
[2026-07-28 18:36:13,933] [INFO] [job_manager.py:204]: Progress updated to 60%: Document assets extracted successfully
[2026-07-28 18:36:13,933] [INFO] [pipeline_service.py:273]: Classifying extracted assets for job: cc8689ec-b684-46b9-a9d1-5e515c461554
[2026-07-28 18:36:13,933] [INFO] [asset_analyzer.py:23]: Starting extended asset analysis for job: cc8689ec-b684-46b9-a9d1-5e515c461554
[2026-07-28 18:36:13,945] [INFO] [asset_analyzer.py:153]: Extended asset classification completed. Assets classified: 6
[2026-07-28 18:36:13,965] [INFO] [job_manager.py:204]: Progress updated to 65%: Extracted assets analyzed and mapped successfully
[2026-07-28 18:36:14,027] [INFO] [pipeline_service.py:289]: Loading template 6257f1e7-ab0f-4103-896c-268f9925959f for job: cc8689ec-b684-46b9-a9d1-5e515c461554
[2026-07-28 18:36:14,046] [INFO] [job_manager.py:180]: Job status updated to: LOADING_TEMPLATE
[2026-07-28 18:36:14,066] [INFO] [job_manager.py:204]: Progress updated to 70%: Loading template styles: 6257f1e7-ab0f-4103-896c-268f9925959f
[2026-07-28 18:36:14,138] [INFO] [pipeline_service.py:311]: Template loaded and workspace prepared at: G:\work\Journal2LaTeX\backend\temp\cc8689ec-b684-46b9-a9d1-5e515c461554\rendered
[2026-07-28 18:36:14,153] [INFO] [job_manager.py:204]: Progress updated to 80%: Template workspace initialized
[2026-07-28 18:36:14,154] [INFO] [pipeline_service.py:336]: Starting LaTeX rendering for job: cc8689ec-b684-46b9-a9d1-5e515c461554
[2026-07-28 18:36:14,170] [INFO] [job_manager.py:180]: Job status updated to: RENDERING_LATEX
[2026-07-28 18:36:14,187] [INFO] [job_manager.py:204]: Progress updated to 85%: Rendering document content to LaTeX
[2026-07-28 18:36:14,208] [INFO] [latex_renderer.py:104]: Starting LaTeX rendering inside workspace: G:\work\Journal2LaTeX\backend\temp\cc8689ec-b684-46b9-a9d1-5e515c461554\rendered
[2026-07-28 18:36:14,353] [INFO] [latex_renderer.py:507]: LaTeX document main.tex rendered successfully.
[2026-07-28 18:36:14,624] [INFO] [header_reconstructor.py:124]: Template class draws its own header; skipping fancyhdr injection.
[2026-07-28 18:36:14,634] [INFO] [job_manager.py:204]: Progress updated to 90%: LaTeX document rendering completed
[2026-07-28 18:36:14,634] [INFO] [pipeline_service.py:399]: Starting document compilation for job: cc8689ec-b684-46b9-a9d1-5e515c461554
[2026-07-28 18:36:14,649] [INFO] [job_manager.py:180]: Job status updated to: COMPILING
[2026-07-28 18:36:14,665] [INFO] [job_manager.py:204]: Progress updated to 92%: Compiling LaTeX source to PDF
[2026-07-28 18:36:20,443] [INFO] [pipeline_service.py:422]: Compilation completed successfully.
[2026-07-28 18:36:20,447] [INFO] [pipeline_service.py:437]: Running E2E publication fidelity checker for job: cc8689ec-b684-46b9-a9d1-5e515c461554
[2026-07-28 18:36:20,447] [INFO] [fidelity_checker.py:70]: Generating advanced fidelity report and scores for job: cc8689ec-b684-46b9-a9d1-5e515c461554
[2026-07-28 18:36:20,453] [INFO] [fidelity_checker.py:250]: Fidelity report written to G:\work\Journal2LaTeX\backend\temp\cc8689ec-b684-46b9-a9d1-5e515c461554\intermediate\fidelity_report.json. Overall Score: 89.0%, Critical missing: 1
[2026-07-28 18:36:20,472] [INFO] [job_manager.py:180]: Job status updated to: COMPLETED
[2026-07-28 18:36:20,492] [INFO] [job_manager.py:204]: Progress updated to 100%: Pipeline process completed successfully
