[2026-07-23 15:02:08,709] [INFO] [latex_compiler.py:337]: Starting LaTeX compilation for: G:\work\Journal2LaTeX\backend\temp\137b36dd-b4fb-4f46-88c4-33c033350047\rendered\main.tex
[2026-07-23 15:02:08,715] [INFO] [latex_compiler.py:364]: Applied template compatibility layer to main.tex
[2026-07-23 15:02:08,716] [INFO] [latex_compiler.py:126]: Rendered working directory tree before compilation:
  default.cls
  default.sty
  logo.png
  main.tex
  media/
  template.json
  template.tex
[2026-07-23 15:02:08,717] [INFO] [latex_compiler.py:132]: Template resource manifest (6 files):
  default.cls                              template resource (document class)
  default.sty                              template resource (package / style)
  logo.png                                 template resource (graphic (PNG))
  main.tex                                 generated document / build artefact
  template.json                            template metadata
  template.tex                             template resource (included source)
[2026-07-23 15:02:09,220] [INFO] [latex_compiler.py:154]: Dependency resolution (3 references):
  [LOCAL  ] documentclass   default
  [SYSTEM ] usepackage      xcolor
  [LOCAL  ] usepackage      default
[2026-07-23 15:02:09,874] [INFO] [latex_compiler.py:395]: Using latexmk compiler.
[2026-07-23 15:02:12,738] [INFO] [latex_compiler.py:462]: Compilation completed successfully. PDF generated at: G:\work\Journal2LaTeX\backend\temp\137b36dd-b4fb-4f46-88c4-33c033350047\output\paper.pdf
[2026-07-23 15:02:12,780] [INFO] [latex_compiler.py:337]: Starting LaTeX compilation for: G:\work\Journal2LaTeX\backend\temp\137b36dd-b4fb-4f46-88c4-33c033350047\rendered\main.tex
[2026-07-23 15:02:12,782] [INFO] [latex_compiler.py:364]: Applied template compatibility layer to main.tex
[2026-07-23 15:02:12,784] [INFO] [latex_compiler.py:126]: Rendered working directory tree before compilation:
  default.cls
  default.sty
  logo.png
  main.aux
  main.fdb_latexmk
  main.fls
  main.log
  main.out
  main.pdf
  main.tex
  media/
  template.json
  template.tex
[2026-07-23 15:02:12,786] [INFO] [latex_compiler.py:132]: Template resource manifest (12 files):
  default.cls                              template resource (document class)
  default.sty                              template resource (package / style)
  logo.png                                 template resource (graphic (PNG))
  main.aux                                 generated document / build artefact
  main.fdb_latexmk                         generated document / build artefact
  main.fls                                 generated document / build artefact
  main.log                                 generated document / build artefact
  main.out                                 generated document / build artefact
  main.pdf                                 generated document / build artefact
  main.tex                                 generated document / build artefact
  template.json                            template metadata
  template.tex                             template resource (included source)
[2026-07-23 15:02:13,209] [INFO] [latex_compiler.py:154]: Dependency resolution (4 references):
  [LOCAL  ] documentclass   default
  [SYSTEM ] usepackage      xcolor
  [LOCAL  ] usepackage      default
  [SYSTEM ] usepackage      geometry
[2026-07-23 15:02:13,210] [INFO] [latex_compiler.py:395]: Using latexmk compiler.
[2026-07-23 15:02:14,586] [INFO] [latex_compiler.py:462]: Compilation completed successfully. PDF generated at: G:\work\Journal2LaTeX\backend\temp\137b36dd-b4fb-4f46-88c4-33c033350047\output\paper.pdf
[2026-07-23 15:02:18,734] [INFO] [latex_compiler.py:337]: Starting LaTeX compilation for: G:\work\Journal2LaTeX\backend\temp\137b36dd-b4fb-4f46-88c4-33c033350047\rendered\main.tex
[2026-07-23 15:02:18,736] [INFO] [latex_compiler.py:364]: Applied template compatibility layer to main.tex
[2026-07-23 15:02:18,738] [INFO] [latex_compiler.py:126]: Rendered working directory tree before compilation:
  default.cls
  default.sty
  logo.png
  main.aux
  main.fdb_latexmk
  main.fls
  main.log
  main.out
  main.pdf
  main.tex
  media/
  template.json
  template.tex
[2026-07-23 15:02:18,739] [INFO] [latex_compiler.py:132]: Template resource manifest (12 files):
  default.cls                              template resource (document class)
  default.sty                              template resource (package / style)
  logo.png                                 template resource (graphic (PNG))
  main.aux                                 generated document / build artefact
  main.fdb_latexmk                         generated document / build artefact
  main.fls                                 generated document / build artefact
  main.log                                 generated document / build artefact
  main.out                                 generated document / build artefact
  main.pdf                                 generated document / build artefact
  main.tex                                 generated document / build artefact
  template.json                            template metadata
  template.tex                             template resource (included source)
[2026-07-23 15:02:18,741] [INFO] [latex_compiler.py:154]: Dependency resolution (4 references):
  [LOCAL  ] documentclass   default
  [SYSTEM ] usepackage      xcolor
  [LOCAL  ] usepackage      default
  [SYSTEM ] usepackage      geometry
[2026-07-23 15:02:18,742] [INFO] [latex_compiler.py:395]: Using latexmk compiler.
[2026-07-23 15:02:20,175] [INFO] [latex_compiler.py:462]: Compilation completed successfully. PDF generated at: G:\work\Journal2LaTeX\backend\temp\137b36dd-b4fb-4f46-88c4-33c033350047\output\paper.pdf
[2026-07-23 15:02:20,442] [INFO] [latex_compiler.py:337]: Starting LaTeX compilation for: G:\work\Journal2LaTeX\backend\temp\137b36dd-b4fb-4f46-88c4-33c033350047\rendered\main.tex
[2026-07-23 15:02:20,445] [INFO] [latex_compiler.py:364]: Applied template compatibility layer to main.tex
[2026-07-23 15:02:20,446] [INFO] [latex_compiler.py:126]: Rendered working directory tree before compilation:
  default.cls
  default.sty
  logo.png
  main.aux
  main.fdb_latexmk
  main.fls
  main.log
  main.out
  main.pdf
  main.tex
  media/
  template.json
  template.tex
[2026-07-23 15:02:20,448] [INFO] [latex_compiler.py:132]: Template resource manifest (12 files):
  default.cls                              template resource (document class)
  default.sty                              template resource (package / style)
  logo.png                                 template resource (graphic (PNG))
  main.aux                                 generated document / build artefact
  main.fdb_latexmk                         generated document / build artefact
  main.fls                                 generated document / build artefact
  main.log                                 generated document / build artefact
  main.out                                 generated document / build artefact
  main.pdf                                 generated document / build artefact
  main.tex                                 generated document / build artefact
  template.json                            template metadata
  template.tex                             template resource (included source)
[2026-07-23 15:02:20,450] [INFO] [latex_compiler.py:154]: Dependency resolution (4 references):
  [LOCAL  ] documentclass   default
  [SYSTEM ] usepackage      xcolor
  [LOCAL  ] usepackage      default
  [SYSTEM ] usepackage      geometry
[2026-07-23 15:02:20,451] [INFO] [latex_compiler.py:395]: Using latexmk compiler.
[2026-07-23 15:02:21,906] [INFO] [latex_compiler.py:462]: Compilation completed successfully. PDF generated at: G:\work\Journal2LaTeX\backend\temp\137b36dd-b4fb-4f46-88c4-33c033350047\output\paper.pdf
[2026-07-23 15:02:22,178] [INFO] [latex_compiler.py:337]: Starting LaTeX compilation for: G:\work\Journal2LaTeX\backend\temp\137b36dd-b4fb-4f46-88c4-33c033350047\rendered\main.tex
[2026-07-23 15:02:22,181] [INFO] [latex_compiler.py:364]: Applied template compatibility layer to main.tex
[2026-07-23 15:02:22,183] [INFO] [latex_compiler.py:126]: Rendered working directory tree before compilation:
  default.cls
  default.sty
  logo.png
  main.aux
  main.fdb_latexmk
  main.fls
  main.log
  main.out
  main.pdf
  main.tex
  media/
  template.json
  template.tex
[2026-07-23 15:02:22,185] [INFO] [latex_compiler.py:132]: Template resource manifest (12 files):
  default.cls                              template resource (document class)
  default.sty                              template resource (package / style)
  logo.png                                 template resource (graphic (PNG))
  main.aux                                 generated document / build artefact
  main.fdb_latexmk                         generated document / build artefact
  main.fls                                 generated document / build artefact
  main.log                                 generated document / build artefact
  main.out                                 generated document / build artefact
  main.pdf                                 generated document / build artefact
  main.tex                                 generated document / build artefact
  template.json                            template metadata
  template.tex                             template resource (included source)
[2026-07-23 15:02:22,188] [INFO] [latex_compiler.py:154]: Dependency resolution (4 references):
  [LOCAL  ] documentclass   default
  [SYSTEM ] usepackage      xcolor
  [LOCAL  ] usepackage      default
  [SYSTEM ] usepackage      geometry
[2026-07-23 15:02:22,189] [INFO] [latex_compiler.py:395]: Using latexmk compiler.
[2026-07-23 15:02:23,603] [INFO] [latex_compiler.py:462]: Compilation completed successfully. PDF generated at: G:\work\Journal2LaTeX\backend\temp\137b36dd-b4fb-4f46-88c4-33c033350047\output\paper.pdf
[2026-07-23 15:02:23,879] [INFO] [latex_compiler.py:337]: Starting LaTeX compilation for: G:\work\Journal2LaTeX\backend\temp\137b36dd-b4fb-4f46-88c4-33c033350047\rendered\main.tex
[2026-07-23 15:02:23,882] [INFO] [latex_compiler.py:364]: Applied template compatibility layer to main.tex
[2026-07-23 15:02:23,884] [INFO] [latex_compiler.py:126]: Rendered working directory tree before compilation:
  default.cls
  default.sty
  logo.png
  main.aux
  main.fdb_latexmk
  main.fls
  main.log
  main.out
  main.pdf
  main.tex
  media/
  template.json
  template.tex
[2026-07-23 15:02:23,886] [INFO] [latex_compiler.py:132]: Template resource manifest (12 files):
  default.cls                              template resource (document class)
  default.sty                              template resource (package / style)
  logo.png                                 template resource (graphic (PNG))
  main.aux                                 generated document / build artefact
  main.fdb_latexmk                         generated document / build artefact
  main.fls                                 generated document / build artefact
  main.log                                 generated document / build artefact
  main.out                                 generated document / build artefact
  main.pdf                                 generated document / build artefact
  main.tex                                 generated document / build artefact
  template.json                            template metadata
  template.tex                             template resource (included source)
[2026-07-23 15:02:23,887] [INFO] [latex_compiler.py:154]: Dependency resolution (4 references):
  [LOCAL  ] documentclass   default
  [SYSTEM ] usepackage      xcolor
  [LOCAL  ] usepackage      default
  [SYSTEM ] usepackage      geometry
[2026-07-23 15:02:23,888] [INFO] [latex_compiler.py:395]: Using latexmk compiler.
[2026-07-23 15:02:25,278] [INFO] [latex_compiler.py:462]: Compilation completed successfully. PDF generated at: G:\work\Journal2LaTeX\backend\temp\137b36dd-b4fb-4f46-88c4-33c033350047\output\paper.pdf
