[2026-07-23 15:02:08,140] [INFO] [job_manager.py:136]: Job 137b36dd-b4fb-4f46-88c4-33c033350047 workspace created successfully
[2026-07-23 15:02:08,164] [INFO] [pipeline_service.py:45]: Starting validation for job: 137b36dd-b4fb-4f46-88c4-33c033350047
[2026-07-23 15:02:08,181] [INFO] [job_manager.py:180]: Job status updated to: VALIDATING
[2026-07-23 15:02:08,196] [INFO] [job_manager.py:204]: Progress updated to 10%: Validating input Word Document
[2026-07-23 15:02:08,199] [INFO] [pipeline_service.py:60]: Validation successful.
[2026-07-23 15:02:08,213] [INFO] [job_manager.py:204]: Progress updated to 20%: Input document validated successfully
[2026-07-23 15:02:08,213] [INFO] [pipeline_service.py:67]: Starting document analysis for job: 137b36dd-b4fb-4f46-88c4-33c033350047
[2026-07-23 15:02:08,226] [INFO] [job_manager.py:180]: Job status updated to: ANALYZING_DOCUMENT
[2026-07-23 15:02:08,241] [INFO] [job_manager.py:204]: Progress updated to 30%: Analyzing document structure and content blocks
[2026-07-23 15:02:08,241] [INFO] [document_analyzer.py:33]: Starting improved document analysis for: G:\work\Journal2LaTeX\backend\temp\137b36dd-b4fb-4f46-88c4-33c033350047\input\sample.docx
[2026-07-23 15:02:08,288] [INFO] [document_analyzer.py:517]: Parsed document: title='Hello from Journal2LaTeX. This is a minimal DOCX document to verify the conversion engine.', authors=0, sections=0, references=0
[2026-07-23 15:02:08,289] [INFO] [pipeline_service.py:95]: Document analysis completed. Saved structure to: G:\work\Journal2LaTeX\backend\temp\137b36dd-b4fb-4f46-88c4-33c033350047\intermediate\document_structure.json, report to: G:\work\Journal2LaTeX\backend\temp\137b36dd-b4fb-4f46-88c4-33c033350047\intermediate\conversion_report.json
[2026-07-23 15:02:08,308] [INFO] [job_manager.py:204]: Progress updated to 45%: Document structure extracted successfully
[2026-07-23 15:02:08,308] [INFO] [pipeline_service.py:108]: Starting asset extraction for job: 137b36dd-b4fb-4f46-88c4-33c033350047
[2026-07-23 15:02:08,327] [INFO] [job_manager.py:180]: Job status updated to: EXTRACTING_ASSETS
[2026-07-23 15:02:08,342] [INFO] [job_manager.py:204]: Progress updated to 50%: Extracting images and figure assets from document
[2026-07-23 15:02:08,417] [INFO] [pipeline_service.py:141]: Assets extracted to: G:\work\Journal2LaTeX\backend\temp\137b36dd-b4fb-4f46-88c4-33c033350047\intermediate\media
[2026-07-23 15:02:08,431] [INFO] [job_manager.py:204]: Progress updated to 60%: Document assets extracted successfully
[2026-07-23 15:02:08,431] [INFO] [pipeline_service.py:231]: Classifying extracted assets for job: 137b36dd-b4fb-4f46-88c4-33c033350047
[2026-07-23 15:02:08,431] [INFO] [asset_analyzer.py:23]: Starting extended asset analysis for job: 137b36dd-b4fb-4f46-88c4-33c033350047
[2026-07-23 15:02:08,432] [INFO] [asset_analyzer.py:153]: Extended asset classification completed. Assets classified: 0
[2026-07-23 15:02:08,447] [INFO] [job_manager.py:204]: Progress updated to 65%: Extracted assets analyzed and mapped successfully
[2026-07-23 15:02:08,468] [INFO] [pipeline_service.py:247]: Loading template default for job: 137b36dd-b4fb-4f46-88c4-33c033350047
[2026-07-23 15:02:08,481] [INFO] [job_manager.py:180]: Job status updated to: LOADING_TEMPLATE
[2026-07-23 15:02:08,496] [INFO] [job_manager.py:204]: Progress updated to 70%: Loading template styles: default
[2026-07-23 15:02:08,537] [INFO] [pipeline_service.py:269]: Template loaded and workspace prepared at: G:\work\Journal2LaTeX\backend\temp\137b36dd-b4fb-4f46-88c4-33c033350047\rendered
[2026-07-23 15:02:08,555] [INFO] [job_manager.py:204]: Progress updated to 80%: Template workspace initialized
[2026-07-23 15:02:08,556] [INFO] [pipeline_service.py:294]: Starting LaTeX rendering for job: 137b36dd-b4fb-4f46-88c4-33c033350047
[2026-07-23 15:02:08,571] [INFO] [job_manager.py:180]: Job status updated to: RENDERING_LATEX
[2026-07-23 15:02:08,585] [INFO] [job_manager.py:204]: Progress updated to 85%: Rendering document content to LaTeX
[2026-07-23 15:02:08,587] [INFO] [latex_renderer.py:72]: Starting LaTeX rendering inside workspace: G:\work\Journal2LaTeX\backend\temp\137b36dd-b4fb-4f46-88c4-33c033350047\rendered
[2026-07-23 15:02:08,656] [INFO] [latex_renderer.py:386]: LaTeX document main.tex rendered successfully.
[2026-07-23 15:02:08,675] [INFO] [job_manager.py:204]: Progress updated to 90%: LaTeX document rendering completed
[2026-07-23 15:02:08,675] [INFO] [pipeline_service.py:357]: Starting document compilation for job: 137b36dd-b4fb-4f46-88c4-33c033350047
[2026-07-23 15:02:08,691] [INFO] [job_manager.py:180]: Job status updated to: COMPILING
[2026-07-23 15:02:08,709] [INFO] [job_manager.py:204]: Progress updated to 92%: Compiling LaTeX source to PDF
[2026-07-23 15:02:12,761] [INFO] [pipeline_service.py:380]: Compilation completed successfully.
[2026-07-23 15:02:12,762] [INFO] [pipeline_service.py:395]: Running E2E publication fidelity checker for job: 137b36dd-b4fb-4f46-88c4-33c033350047
[2026-07-23 15:02:12,762] [INFO] [fidelity_checker.py:24]: Generating advanced fidelity report and scores for job: 137b36dd-b4fb-4f46-88c4-33c033350047
[2026-07-23 15:02:12,764] [INFO] [fidelity_checker.py:163]: Fidelity report written to G:\work\Journal2LaTeX\backend\temp\137b36dd-b4fb-4f46-88c4-33c033350047\intermediate\fidelity_report.json. Overall Score: 70.0%, Critical missing: 0
[2026-07-23 15:02:12,780] [INFO] [pipeline_service.py:357]: Starting document compilation for job: 137b36dd-b4fb-4f46-88c4-33c033350047
[2026-07-23 15:02:14,588] [INFO] [pipeline_service.py:380]: Compilation completed successfully.
[2026-07-23 15:02:18,734] [INFO] [pipeline_service.py:357]: Starting document compilation for job: 137b36dd-b4fb-4f46-88c4-33c033350047
[2026-07-23 15:02:20,189] [INFO] [pipeline_service.py:380]: Compilation completed successfully.
[2026-07-23 15:02:20,442] [INFO] [pipeline_service.py:357]: Starting document compilation for job: 137b36dd-b4fb-4f46-88c4-33c033350047
[2026-07-23 15:02:21,921] [INFO] [pipeline_service.py:380]: Compilation completed successfully.
[2026-07-23 15:02:22,178] [INFO] [pipeline_service.py:357]: Starting document compilation for job: 137b36dd-b4fb-4f46-88c4-33c033350047
[2026-07-23 15:02:23,618] [INFO] [pipeline_service.py:380]: Compilation completed successfully.
[2026-07-23 15:02:23,879] [INFO] [pipeline_service.py:357]: Starting document compilation for job: 137b36dd-b4fb-4f46-88c4-33c033350047
[2026-07-23 15:02:25,292] [INFO] [pipeline_service.py:380]: Compilation completed successfully.
[2026-07-23 15:02:25,309] [INFO] [job_manager.py:180]: Job status updated to: COMPLETED
[2026-07-23 15:02:25,321] [INFO] [job_manager.py:204]: Progress updated to 100%: Pipeline process completed successfully
