[2026-07-26 15:18:56,016] [INFO] [job_manager.py:136]: Job 7f4823f5-51d7-410a-b514-0ae5c38bd344 workspace created successfully
[2026-07-26 15:18:56,065] [INFO] [pipeline_service.py:46]: Starting validation for job: 7f4823f5-51d7-410a-b514-0ae5c38bd344
[2026-07-26 15:18:56,081] [INFO] [job_manager.py:180]: Job status updated to: VALIDATING
[2026-07-26 15:18:56,100] [INFO] [job_manager.py:204]: Progress updated to 10%: Validating input Word Document
[2026-07-26 15:18:56,208] [INFO] [pipeline_service.py:61]: Validation successful.
[2026-07-26 15:18:56,223] [INFO] [job_manager.py:204]: Progress updated to 20%: Input document validated successfully
[2026-07-26 15:18:56,223] [INFO] [pipeline_service.py:68]: Starting document analysis for job: 7f4823f5-51d7-410a-b514-0ae5c38bd344
[2026-07-26 15:18:56,238] [INFO] [job_manager.py:180]: Job status updated to: ANALYZING_DOCUMENT
[2026-07-26 15:18:56,255] [INFO] [job_manager.py:204]: Progress updated to 30%: Analyzing document structure and content blocks
[2026-07-26 15:18:56,255] [INFO] [document_analyzer.py:33]: Starting improved document analysis for: G:\work\Journal2LaTeX\backend\temp\7f4823f5-51d7-410a-b514-0ae5c38bd344\input\Zakaria- Optimal   control strategies. July.docx
[2026-07-26 15:19:00,045] [INFO] [document_analyzer.py:517]: Parsed document: title='Optimal control strategies for overwhelming social media scrolling addiction by using fractional order mathematical modelling', authors=21, sections=10, references=47
[2026-07-26 15:19:00,052] [INFO] [pipeline_service.py:96]: Document analysis completed. Saved structure to: G:\work\Journal2LaTeX\backend\temp\7f4823f5-51d7-410a-b514-0ae5c38bd344\intermediate\document_structure.json, report to: G:\work\Journal2LaTeX\backend\temp\7f4823f5-51d7-410a-b514-0ae5c38bd344\intermediate\conversion_report.json
[2026-07-26 15:19:00,077] [INFO] [job_manager.py:204]: Progress updated to 45%: Document structure extracted successfully
[2026-07-26 15:19:00,077] [INFO] [pipeline_service.py:109]: Starting asset extraction for job: 7f4823f5-51d7-410a-b514-0ae5c38bd344
[2026-07-26 15:19:00,096] [INFO] [job_manager.py:180]: Job status updated to: EXTRACTING_ASSETS
[2026-07-26 15:19:00,113] [INFO] [job_manager.py:204]: Progress updated to 50%: Extracting images and figure assets from document
[2026-07-26 15:19:12,004] [INFO] [pipeline_service.py:251]: Office object fig:office1 placed=True
[2026-07-26 15:19:12,005] [INFO] [pipeline_service.py:251]: Office object fig:office2 placed=True
[2026-07-26 15:19:12,005] [INFO] [pipeline_service.py:251]: Office object fig:office3 placed=True
[2026-07-26 15:19:12,059] [INFO] [pipeline_service.py:142]: Assets extracted to: G:\work\Journal2LaTeX\backend\temp\7f4823f5-51d7-410a-b514-0ae5c38bd344\intermediate\media
[2026-07-26 15:19:12,082] [INFO] [job_manager.py:204]: Progress updated to 60%: Document assets extracted successfully
[2026-07-26 15:19:12,082] [INFO] [pipeline_service.py:259]: Classifying extracted assets for job: 7f4823f5-51d7-410a-b514-0ae5c38bd344
[2026-07-26 15:19:12,082] [INFO] [asset_analyzer.py:23]: Starting extended asset analysis for job: 7f4823f5-51d7-410a-b514-0ae5c38bd344
[2026-07-26 15:19:12,086] [INFO] [asset_analyzer.py:153]: Extended asset classification completed. Assets classified: 10
[2026-07-26 15:19:12,105] [INFO] [job_manager.py:204]: Progress updated to 65%: Extracted assets analyzed and mapped successfully
[2026-07-26 15:19:12,228] [INFO] [pipeline_service.py:275]: Loading template 1f4a1eb5-9ae8-4c2a-9f22-ee7be170a6e2 for job: 7f4823f5-51d7-410a-b514-0ae5c38bd344
[2026-07-26 15:19:12,257] [INFO] [job_manager.py:180]: Job status updated to: LOADING_TEMPLATE
[2026-07-26 15:19:12,278] [INFO] [job_manager.py:204]: Progress updated to 70%: Loading template styles: 1f4a1eb5-9ae8-4c2a-9f22-ee7be170a6e2
[2026-07-26 15:19:12,375] [INFO] [pipeline_service.py:297]: Template loaded and workspace prepared at: G:\work\Journal2LaTeX\backend\temp\7f4823f5-51d7-410a-b514-0ae5c38bd344\rendered
[2026-07-26 15:19:12,394] [INFO] [job_manager.py:204]: Progress updated to 80%: Template workspace initialized
[2026-07-26 15:19:12,397] [INFO] [pipeline_service.py:322]: Starting LaTeX rendering for job: 7f4823f5-51d7-410a-b514-0ae5c38bd344
[2026-07-26 15:19:12,412] [INFO] [job_manager.py:180]: Job status updated to: RENDERING_LATEX
[2026-07-26 15:19:12,429] [INFO] [job_manager.py:204]: Progress updated to 85%: Rendering document content to LaTeX
[2026-07-26 15:19:12,447] [INFO] [latex_renderer.py:72]: Starting LaTeX rendering inside workspace: G:\work\Journal2LaTeX\backend\temp\7f4823f5-51d7-410a-b514-0ae5c38bd344\rendered
[2026-07-26 15:19:12,680] [INFO] [latex_renderer.py:412]: LaTeX document main.tex rendered successfully.
[2026-07-26 15:19:12,902] [INFO] [header_reconstructor.py:124]: Template class draws its own header; skipping fancyhdr injection.
[2026-07-26 15:19:12,911] [INFO] [job_manager.py:204]: Progress updated to 90%: LaTeX document rendering completed
[2026-07-26 15:19:12,911] [INFO] [pipeline_service.py:385]: Starting document compilation for job: 7f4823f5-51d7-410a-b514-0ae5c38bd344
[2026-07-26 15:19:12,926] [INFO] [job_manager.py:180]: Job status updated to: COMPILING
[2026-07-26 15:19:12,942] [INFO] [job_manager.py:204]: Progress updated to 92%: Compiling LaTeX source to PDF
[2026-07-26 15:19:28,174] [ERROR] [pipeline_service.py:413]: LaTeX compilation failed: LaTeX compilation failed. PDF not generated.
[2026-07-26 15:19:28,200] [ERROR] [job_manager.py:228]: Job error added: LaTeX compilation failed: LaTeX compilation failed. PDF not generated.
