[2026-07-23 15:05:32,371] [INFO] [job_manager.py:136]: Job 08099bc6-3f07-4652-b4f5-46888f2aefc5 workspace created successfully
[2026-07-23 15:05:32,400] [INFO] [pipeline_service.py:45]: Starting validation for job: 08099bc6-3f07-4652-b4f5-46888f2aefc5
[2026-07-23 15:05:32,413] [INFO] [job_manager.py:180]: Job status updated to: VALIDATING
[2026-07-23 15:05:32,426] [INFO] [job_manager.py:204]: Progress updated to 10%: Validating input Word Document
[2026-07-23 15:05:32,429] [INFO] [pipeline_service.py:60]: Validation successful.
[2026-07-23 15:05:32,442] [INFO] [job_manager.py:204]: Progress updated to 20%: Input document validated successfully
[2026-07-23 15:05:32,442] [INFO] [pipeline_service.py:67]: Starting document analysis for job: 08099bc6-3f07-4652-b4f5-46888f2aefc5
[2026-07-23 15:05:32,455] [INFO] [job_manager.py:180]: Job status updated to: ANALYZING_DOCUMENT
[2026-07-23 15:05:32,468] [INFO] [job_manager.py:204]: Progress updated to 30%: Analyzing document structure and content blocks
[2026-07-23 15:05:32,468] [INFO] [document_analyzer.py:33]: Starting improved document analysis for: G:\work\Journal2LaTeX\backend\temp\08099bc6-3f07-4652-b4f5-46888f2aefc5\input\sample.docx
[2026-07-23 15:05:32,511] [INFO] [document_analyzer.py:517]: Parsed document: title='Hello from Journal2LaTeX. This is a minimal DOCX document to verify the conversion engine.', authors=0, sections=0, references=0
[2026-07-23 15:05:32,512] [INFO] [pipeline_service.py:95]: Document analysis completed. Saved structure to: G:\work\Journal2LaTeX\backend\temp\08099bc6-3f07-4652-b4f5-46888f2aefc5\intermediate\document_structure.json, report to: G:\work\Journal2LaTeX\backend\temp\08099bc6-3f07-4652-b4f5-46888f2aefc5\intermediate\conversion_report.json
[2026-07-23 15:05:32,529] [INFO] [job_manager.py:204]: Progress updated to 45%: Document structure extracted successfully
[2026-07-23 15:05:32,529] [INFO] [pipeline_service.py:108]: Starting asset extraction for job: 08099bc6-3f07-4652-b4f5-46888f2aefc5
[2026-07-23 15:05:32,545] [INFO] [job_manager.py:180]: Job status updated to: EXTRACTING_ASSETS
[2026-07-23 15:05:32,558] [INFO] [job_manager.py:204]: Progress updated to 50%: Extracting images and figure assets from document
[2026-07-23 15:05:32,634] [INFO] [pipeline_service.py:141]: Assets extracted to: G:\work\Journal2LaTeX\backend\temp\08099bc6-3f07-4652-b4f5-46888f2aefc5\intermediate\media
[2026-07-23 15:05:32,651] [INFO] [job_manager.py:204]: Progress updated to 60%: Document assets extracted successfully
[2026-07-23 15:05:32,652] [INFO] [pipeline_service.py:231]: Classifying extracted assets for job: 08099bc6-3f07-4652-b4f5-46888f2aefc5
[2026-07-23 15:05:32,652] [INFO] [asset_analyzer.py:23]: Starting extended asset analysis for job: 08099bc6-3f07-4652-b4f5-46888f2aefc5
[2026-07-23 15:05:32,654] [INFO] [asset_analyzer.py:153]: Extended asset classification completed. Assets classified: 0
[2026-07-23 15:05:32,669] [INFO] [job_manager.py:204]: Progress updated to 65%: Extracted assets analyzed and mapped successfully
