[2026-07-18 18:34:09,432] [INFO] [job_manager.py:117]: Job 5852e490-1d96-468f-a719-4f76478a8b9e workspace created successfully
[2026-07-18 18:34:09,434] [INFO] [pipeline_service.py:36]: Starting validation for job: 5852e490-1d96-468f-a719-4f76478a8b9e
[2026-07-18 18:34:09,446] [INFO] [job_manager.py:161]: Job status updated to: VALIDATING
[2026-07-18 18:34:09,458] [INFO] [job_manager.py:185]: Progress updated to 10%: Validating input Word Document
[2026-07-18 18:34:09,470] [INFO] [pipeline_service.py:51]: Validation successful.
[2026-07-18 18:34:09,483] [INFO] [job_manager.py:185]: Progress updated to 20%: Input document validated successfully
[2026-07-18 18:34:09,483] [INFO] [pipeline_service.py:58]: Starting document analysis for job: 5852e490-1d96-468f-a719-4f76478a8b9e
[2026-07-18 18:34:09,494] [INFO] [job_manager.py:161]: Job status updated to: ANALYZING_DOCUMENT
[2026-07-18 18:34:09,504] [INFO] [job_manager.py:185]: Progress updated to 30%: Analyzing document structure and content blocks
[2026-07-18 18:34:09,504] [INFO] [document_analyzer.py:33]: Starting improved document analysis for: G:\work\Journal2LaTeX\temp\5852e490-1d96-468f-a719-4f76478a8b9e\input\style_ieee.docx
[2026-07-18 18:34:09,697] [INFO] [document_analyzer.py:416]: Parsed document: title='Test Document Title', authors=2, sections=1, references=2
[2026-07-18 18:34:09,706] [INFO] [pipeline_service.py:86]: Document analysis completed. Saved structure to: G:\work\Journal2LaTeX\temp\5852e490-1d96-468f-a719-4f76478a8b9e\intermediate\document_structure.json, report to: G:\work\Journal2LaTeX\temp\5852e490-1d96-468f-a719-4f76478a8b9e\intermediate\conversion_report.json
[2026-07-18 18:34:09,724] [INFO] [job_manager.py:185]: Progress updated to 45%: Document structure extracted successfully
[2026-07-18 18:34:09,725] [INFO] [pipeline_service.py:99]: Starting asset extraction for job: 5852e490-1d96-468f-a719-4f76478a8b9e
[2026-07-18 18:34:09,738] [INFO] [job_manager.py:161]: Job status updated to: EXTRACTING_ASSETS
[2026-07-18 18:34:09,750] [INFO] [job_manager.py:185]: Progress updated to 50%: Extracting images and figure assets from document
[2026-07-18 18:34:09,942] [INFO] [pipeline_service.py:111]: Assets extracted to: G:\work\Journal2LaTeX\temp\5852e490-1d96-468f-a719-4f76478a8b9e\intermediate\media
[2026-07-18 18:34:09,953] [INFO] [job_manager.py:185]: Progress updated to 60%: Document assets extracted successfully
[2026-07-18 18:34:09,953] [INFO] [pipeline_service.py:123]: Classifying extracted assets for job: 5852e490-1d96-468f-a719-4f76478a8b9e
[2026-07-18 18:34:09,954] [INFO] [asset_analyzer.py:23]: Starting extended asset analysis for job: 5852e490-1d96-468f-a719-4f76478a8b9e
[2026-07-18 18:34:09,956] [INFO] [asset_analyzer.py:153]: Extended asset classification completed. Assets classified: 0
[2026-07-18 18:34:09,970] [INFO] [job_manager.py:185]: Progress updated to 65%: Extracted assets analyzed and mapped successfully
[2026-07-18 18:34:09,970] [INFO] [pipeline_service.py:139]: Loading template default for job: 5852e490-1d96-468f-a719-4f76478a8b9e
[2026-07-18 18:34:09,984] [INFO] [job_manager.py:161]: Job status updated to: LOADING_TEMPLATE
[2026-07-18 18:34:09,996] [INFO] [job_manager.py:185]: Progress updated to 70%: Loading template styles: default
[2026-07-18 18:34:10,001] [INFO] [pipeline_service.py:157]: Template loaded and workspace prepared at: G:\work\Journal2LaTeX\temp\5852e490-1d96-468f-a719-4f76478a8b9e\rendered
[2026-07-18 18:34:10,015] [INFO] [job_manager.py:185]: Progress updated to 80%: Template workspace initialized
[2026-07-18 18:34:10,015] [INFO] [pipeline_service.py:170]: Starting LaTeX rendering for job: 5852e490-1d96-468f-a719-4f76478a8b9e
[2026-07-18 18:34:10,030] [INFO] [job_manager.py:161]: Job status updated to: RENDERING_LATEX
[2026-07-18 18:34:10,045] [INFO] [job_manager.py:185]: Progress updated to 85%: Rendering document content to LaTeX
[2026-07-18 18:34:10,047] [INFO] [latex_renderer.py:70]: Starting LaTeX rendering inside workspace: G:\work\Journal2LaTeX\temp\5852e490-1d96-468f-a719-4f76478a8b9e\rendered
[2026-07-18 18:34:10,099] [INFO] [latex_renderer.py:337]: LaTeX document main.tex rendered successfully.
[2026-07-18 18:34:10,111] [INFO] [job_manager.py:185]: Progress updated to 90%: LaTeX document rendering completed
[2026-07-18 18:34:10,111] [INFO] [pipeline_service.py:204]: Starting document compilation for job: 5852e490-1d96-468f-a719-4f76478a8b9e
[2026-07-18 18:34:10,122] [INFO] [job_manager.py:161]: Job status updated to: COMPILING
[2026-07-18 18:34:10,133] [INFO] [job_manager.py:185]: Progress updated to 92%: Compiling LaTeX source to PDF
[2026-07-18 18:34:13,636] [INFO] [pipeline_service.py:226]: Compilation completed successfully.
