[2026-07-23 15:00:45,914] [INFO] [latex_compiler.py:337]: Starting LaTeX compilation for: G:\work\Journal2LaTeX\backend\temp\42aafcb1-6184-4ff4-b65d-cfb1b2ad41b7\rendered\main.tex
[2026-07-23 15:00:45,919] [INFO] [latex_compiler.py:364]: Applied template compatibility layer to main.tex
[2026-07-23 15:00:45,921] [INFO] [latex_compiler.py:126]: Rendered working directory tree before compilation:
  default.cls
  default.sty
  logo.png
  main.tex
  media/
  template.json
  template.tex
[2026-07-23 15:00:45,921] [INFO] [latex_compiler.py:132]: Template resource manifest (6 files):
  default.cls                              template resource (document class)
  default.sty                              template resource (package / style)
  logo.png                                 template resource (graphic (PNG))
  main.tex                                 generated document / build artefact
  template.json                            template metadata
  template.tex                             template resource (included source)
[2026-07-23 15:00:45,925] [INFO] [latex_compiler.py:154]: Dependency resolution (3 references):
  [LOCAL  ] documentclass   default
  [SYSTEM ] usepackage      xcolor
  [LOCAL  ] usepackage      default
[2026-07-23 15:00:45,925] [INFO] [latex_compiler.py:395]: Using latexmk compiler.
[2026-07-23 15:00:48,759] [INFO] [latex_compiler.py:462]: Compilation completed successfully. PDF generated at: G:\work\Journal2LaTeX\backend\temp\42aafcb1-6184-4ff4-b65d-cfb1b2ad41b7\output\paper.pdf
[2026-07-23 15:00:48,792] [INFO] [latex_compiler.py:337]: Starting LaTeX compilation for: G:\work\Journal2LaTeX\backend\temp\42aafcb1-6184-4ff4-b65d-cfb1b2ad41b7\rendered\main.tex
[2026-07-23 15:00:48,795] [INFO] [latex_compiler.py:364]: Applied template compatibility layer to main.tex
[2026-07-23 15:00:48,796] [INFO] [latex_compiler.py:126]: Rendered working directory tree before compilation:
  default.cls
  default.sty
  logo.png
  main.aux
  main.fdb_latexmk
  main.fls
  main.log
  main.out
  main.pdf
  main.tex
  media/
  template.json
  template.tex
[2026-07-23 15:00:48,797] [INFO] [latex_compiler.py:132]: Template resource manifest (12 files):
  default.cls                              template resource (document class)
  default.sty                              template resource (package / style)
  logo.png                                 template resource (graphic (PNG))
  main.aux                                 generated document / build artefact
  main.fdb_latexmk                         generated document / build artefact
  main.fls                                 generated document / build artefact
  main.log                                 generated document / build artefact
  main.out                                 generated document / build artefact
  main.pdf                                 generated document / build artefact
  main.tex                                 generated document / build artefact
  template.json                            template metadata
  template.tex                             template resource (included source)
[2026-07-23 15:00:48,800] [INFO] [latex_compiler.py:154]: Dependency resolution (4 references):
  [LOCAL  ] documentclass   default
  [SYSTEM ] usepackage      xcolor
  [LOCAL  ] usepackage      default
  [SYSTEM ] usepackage      geometry
[2026-07-23 15:00:48,800] [INFO] [latex_compiler.py:395]: Using latexmk compiler.
[2026-07-23 15:00:50,399] [ERROR] [latex_compiler.py:450]: LaTeX compilation failed. PDF not generated. Check raw logs for details.
[2026-07-23 15:00:50,400] [INFO] [latex_compiler.py:337]: Starting LaTeX compilation for: G:\work\Journal2LaTeX\backend\temp\42aafcb1-6184-4ff4-b65d-cfb1b2ad41b7\rendered\main.tex
[2026-07-23 15:00:50,404] [INFO] [latex_compiler.py:364]: Applied template compatibility layer to main.tex
[2026-07-23 15:00:50,405] [INFO] [latex_compiler.py:126]: Rendered working directory tree before compilation:
  default.cls
  default.sty
  logo.png
  main.aux
  main.fdb_latexmk
  main.fls
  main.log
  main.out
  main.tex
  media/
  template.json
  template.tex
[2026-07-23 15:00:50,406] [INFO] [latex_compiler.py:132]: Template resource manifest (11 files):
  default.cls                              template resource (document class)
  default.sty                              template resource (package / style)
  logo.png                                 template resource (graphic (PNG))
  main.aux                                 generated document / build artefact
  main.fdb_latexmk                         generated document / build artefact
  main.fls                                 generated document / build artefact
  main.log                                 generated document / build artefact
  main.out                                 generated document / build artefact
  main.tex                                 generated document / build artefact
  template.json                            template metadata
  template.tex                             template resource (included source)
[2026-07-23 15:00:50,408] [INFO] [latex_compiler.py:154]: Dependency resolution (3 references):
  [LOCAL  ] documentclass   default
  [SYSTEM ] usepackage      xcolor
  [LOCAL  ] usepackage      default
[2026-07-23 15:00:50,409] [INFO] [latex_compiler.py:395]: Using latexmk compiler.
[2026-07-23 15:00:52,094] [ERROR] [latex_compiler.py:450]: LaTeX compilation failed. PDF not generated. Check raw logs for details.
