[2026-07-23 15:00:45,445] [INFO] [job_manager.py:136]: Job 42aafcb1-6184-4ff4-b65d-cfb1b2ad41b7 workspace created successfully
[2026-07-23 15:00:45,467] [INFO] [pipeline_service.py:45]: Starting validation for job: 42aafcb1-6184-4ff4-b65d-cfb1b2ad41b7
[2026-07-23 15:00:45,482] [INFO] [job_manager.py:180]: Job status updated to: VALIDATING
[2026-07-23 15:00:45,498] [INFO] [job_manager.py:204]: Progress updated to 10%: Validating input Word Document
[2026-07-23 15:00:45,500] [INFO] [pipeline_service.py:60]: Validation successful.
[2026-07-23 15:00:45,515] [INFO] [job_manager.py:204]: Progress updated to 20%: Input document validated successfully
[2026-07-23 15:00:45,515] [INFO] [pipeline_service.py:67]: Starting document analysis for job: 42aafcb1-6184-4ff4-b65d-cfb1b2ad41b7
[2026-07-23 15:00:45,530] [INFO] [job_manager.py:180]: Job status updated to: ANALYZING_DOCUMENT
[2026-07-23 15:00:45,548] [INFO] [job_manager.py:204]: Progress updated to 30%: Analyzing document structure and content blocks
[2026-07-23 15:00:45,548] [INFO] [document_analyzer.py:33]: Starting improved document analysis for: G:\work\Journal2LaTeX\backend\temp\42aafcb1-6184-4ff4-b65d-cfb1b2ad41b7\input\sample.docx
[2026-07-23 15:00:45,588] [INFO] [document_analyzer.py:517]: Parsed document: title='Hello from Journal2LaTeX. This is a minimal DOCX document to verify the conversion engine.', authors=0, sections=0, references=0
[2026-07-23 15:00:45,590] [INFO] [pipeline_service.py:95]: Document analysis completed. Saved structure to: G:\work\Journal2LaTeX\backend\temp\42aafcb1-6184-4ff4-b65d-cfb1b2ad41b7\intermediate\document_structure.json, report to: G:\work\Journal2LaTeX\backend\temp\42aafcb1-6184-4ff4-b65d-cfb1b2ad41b7\intermediate\conversion_report.json
[2026-07-23 15:00:45,604] [INFO] [job_manager.py:204]: Progress updated to 45%: Document structure extracted successfully
[2026-07-23 15:00:45,604] [INFO] [pipeline_service.py:108]: Starting asset extraction for job: 42aafcb1-6184-4ff4-b65d-cfb1b2ad41b7
[2026-07-23 15:00:45,620] [INFO] [job_manager.py:180]: Job status updated to: EXTRACTING_ASSETS
[2026-07-23 15:00:45,633] [INFO] [job_manager.py:204]: Progress updated to 50%: Extracting images and figure assets from document
[2026-07-23 15:00:45,702] [INFO] [pipeline_service.py:141]: Assets extracted to: G:\work\Journal2LaTeX\backend\temp\42aafcb1-6184-4ff4-b65d-cfb1b2ad41b7\intermediate\media
[2026-07-23 15:00:45,719] [INFO] [job_manager.py:204]: Progress updated to 60%: Document assets extracted successfully
[2026-07-23 15:00:45,719] [INFO] [pipeline_service.py:231]: Classifying extracted assets for job: 42aafcb1-6184-4ff4-b65d-cfb1b2ad41b7
[2026-07-23 15:00:45,719] [INFO] [asset_analyzer.py:23]: Starting extended asset analysis for job: 42aafcb1-6184-4ff4-b65d-cfb1b2ad41b7
[2026-07-23 15:00:45,720] [INFO] [asset_analyzer.py:153]: Extended asset classification completed. Assets classified: 0
[2026-07-23 15:00:45,734] [INFO] [job_manager.py:204]: Progress updated to 65%: Extracted assets analyzed and mapped successfully
[2026-07-23 15:00:45,753] [INFO] [pipeline_service.py:247]: Loading template default for job: 42aafcb1-6184-4ff4-b65d-cfb1b2ad41b7
[2026-07-23 15:00:45,765] [INFO] [job_manager.py:180]: Job status updated to: LOADING_TEMPLATE
[2026-07-23 15:00:45,778] [INFO] [job_manager.py:204]: Progress updated to 70%: Loading template styles: default
[2026-07-23 15:00:45,814] [INFO] [pipeline_service.py:269]: Template loaded and workspace prepared at: G:\work\Journal2LaTeX\backend\temp\42aafcb1-6184-4ff4-b65d-cfb1b2ad41b7\rendered
[2026-07-23 15:00:45,829] [INFO] [job_manager.py:204]: Progress updated to 80%: Template workspace initialized
[2026-07-23 15:00:45,830] [INFO] [pipeline_service.py:294]: Starting LaTeX rendering for job: 42aafcb1-6184-4ff4-b65d-cfb1b2ad41b7
[2026-07-23 15:00:45,845] [INFO] [job_manager.py:180]: Job status updated to: RENDERING_LATEX
[2026-07-23 15:00:45,860] [INFO] [job_manager.py:204]: Progress updated to 85%: Rendering document content to LaTeX
[2026-07-23 15:00:45,862] [INFO] [latex_renderer.py:72]: Starting LaTeX rendering inside workspace: G:\work\Journal2LaTeX\backend\temp\42aafcb1-6184-4ff4-b65d-cfb1b2ad41b7\rendered
[2026-07-23 15:00:45,868] [INFO] [latex_renderer.py:386]: LaTeX document main.tex rendered successfully.
[2026-07-23 15:00:45,885] [INFO] [job_manager.py:204]: Progress updated to 90%: LaTeX document rendering completed
[2026-07-23 15:00:45,885] [INFO] [pipeline_service.py:357]: Starting document compilation for job: 42aafcb1-6184-4ff4-b65d-cfb1b2ad41b7
[2026-07-23 15:00:45,899] [INFO] [job_manager.py:180]: Job status updated to: COMPILING
[2026-07-23 15:00:45,913] [INFO] [job_manager.py:204]: Progress updated to 92%: Compiling LaTeX source to PDF
[2026-07-23 15:00:48,774] [INFO] [pipeline_service.py:380]: Compilation completed successfully.
[2026-07-23 15:00:48,775] [INFO] [pipeline_service.py:395]: Running E2E publication fidelity checker for job: 42aafcb1-6184-4ff4-b65d-cfb1b2ad41b7
[2026-07-23 15:00:48,775] [INFO] [fidelity_checker.py:24]: Generating advanced fidelity report and scores for job: 42aafcb1-6184-4ff4-b65d-cfb1b2ad41b7
[2026-07-23 15:00:48,776] [INFO] [fidelity_checker.py:163]: Fidelity report written to G:\work\Journal2LaTeX\backend\temp\42aafcb1-6184-4ff4-b65d-cfb1b2ad41b7\intermediate\fidelity_report.json. Overall Score: 70.0%, Critical missing: 0
[2026-07-23 15:00:48,792] [INFO] [pipeline_service.py:357]: Starting document compilation for job: 42aafcb1-6184-4ff4-b65d-cfb1b2ad41b7
[2026-07-23 15:00:50,399] [ERROR] [pipeline_service.py:385]: LaTeX compilation failed: LaTeX compilation failed. PDF not generated.
[2026-07-23 15:00:50,400] [WARNING] [job_manager.py:250]: Job warning added: LaTeX compilation failed: LaTeX compilation failed. PDF not generated.
[2026-07-23 15:00:50,400] [INFO] [pipeline_service.py:357]: Starting document compilation for job: 42aafcb1-6184-4ff4-b65d-cfb1b2ad41b7
[2026-07-23 15:00:52,095] [ERROR] [pipeline_service.py:385]: LaTeX compilation failed: LaTeX compilation failed. PDF not generated.
[2026-07-23 15:00:52,112] [WARNING] [job_manager.py:250]: Job warning added: LaTeX compilation failed: LaTeX compilation failed. PDF not generated.
[2026-07-23 15:00:52,141] [INFO] [job_manager.py:180]: Job status updated to: COMPLETED
[2026-07-23 15:00:52,158] [INFO] [job_manager.py:204]: Progress updated to 100%: Pipeline process completed successfully
