[2026-07-18 00:19:31,375] [INFO] [job_manager.py:92]: Job 35cffa41-a649-4f80-8d98-3deb98fc9c38 workspace created successfully
[2026-07-18 00:19:31,399] [INFO] [pipeline_service.py:30]: Starting validation for job: 35cffa41-a649-4f80-8d98-3deb98fc9c38
[2026-07-18 00:19:31,403] [INFO] [job_manager.py:136]: Job status updated to: VALIDATING
[2026-07-18 00:19:31,416] [INFO] [job_manager.py:160]: Progress updated to 10%: Validating input Word Document
[2026-07-18 00:19:31,440] [INFO] [pipeline_service.py:45]: Validation successful.
[2026-07-18 00:19:31,453] [INFO] [job_manager.py:160]: Progress updated to 20%: Input document validated successfully
[2026-07-18 00:19:31,453] [INFO] [pipeline_service.py:52]: Starting document analysis for job: 35cffa41-a649-4f80-8d98-3deb98fc9c38
[2026-07-18 00:19:31,468] [INFO] [job_manager.py:136]: Job status updated to: ANALYZING_DOCUMENT
[2026-07-18 00:19:31,481] [INFO] [job_manager.py:160]: Progress updated to 30%: Analyzing document structure and content blocks
[2026-07-18 00:19:31,482] [INFO] [document_analyzer.py:33]: Starting improved document analysis for: G:\work\Journal2LaTeX\backend\temp\35cffa41-a649-4f80-8d98-3deb98fc9c38\input\test.docx
[2026-07-18 00:19:31,903] [INFO] [document_analyzer.py:254]: Parsed document: title='Statistical Analysis of Body Dysmorphic Disorder, Quality of Life, and Social Anxiety in Fire Victims: Path Analysis', authors=4, sections=1, references=0
[2026-07-18 00:19:31,905] [INFO] [pipeline_service.py:80]: Document analysis completed. Saved structure to: G:\work\Journal2LaTeX\backend\temp\35cffa41-a649-4f80-8d98-3deb98fc9c38\intermediate\document_structure.json, report to: G:\work\Journal2LaTeX\backend\temp\35cffa41-a649-4f80-8d98-3deb98fc9c38\intermediate\conversion_report.json
[2026-07-18 00:19:31,920] [INFO] [job_manager.py:160]: Progress updated to 45%: Document structure extracted successfully
[2026-07-18 00:19:31,920] [INFO] [pipeline_service.py:93]: Starting asset extraction for job: 35cffa41-a649-4f80-8d98-3deb98fc9c38
[2026-07-18 00:19:31,934] [INFO] [job_manager.py:136]: Job status updated to: EXTRACTING_ASSETS
[2026-07-18 00:19:31,947] [INFO] [job_manager.py:160]: Progress updated to 50%: Extracting images and figure assets from document
[2026-07-18 00:19:32,358] [INFO] [pipeline_service.py:104]: Assets extracted to: G:\work\Journal2LaTeX\backend\temp\35cffa41-a649-4f80-8d98-3deb98fc9c38\intermediate\media
[2026-07-18 00:19:32,372] [INFO] [job_manager.py:160]: Progress updated to 60%: Document assets extracted successfully
[2026-07-18 00:19:32,394] [INFO] [pipeline_service.py:116]: Loading template default for job: 35cffa41-a649-4f80-8d98-3deb98fc9c38
[2026-07-18 00:19:32,395] [INFO] [job_manager.py:136]: Job status updated to: LOADING_TEMPLATE
[2026-07-18 00:19:32,408] [INFO] [job_manager.py:160]: Progress updated to 70%: Loading template styles: default
[2026-07-18 00:19:32,422] [INFO] [pipeline_service.py:134]: Template loaded and workspace prepared at: G:\work\Journal2LaTeX\backend\temp\35cffa41-a649-4f80-8d98-3deb98fc9c38\rendered
[2026-07-18 00:19:32,435] [INFO] [job_manager.py:160]: Progress updated to 80%: Template workspace initialized
[2026-07-18 00:19:32,435] [INFO] [pipeline_service.py:147]: Starting LaTeX rendering for job: 35cffa41-a649-4f80-8d98-3deb98fc9c38
[2026-07-18 00:19:32,449] [INFO] [job_manager.py:136]: Job status updated to: RENDERING_LATEX
[2026-07-18 00:19:32,462] [INFO] [job_manager.py:160]: Progress updated to 85%: Rendering document content to LaTeX
[2026-07-18 00:19:32,476] [INFO] [latex_renderer.py:29]: Starting LaTeX rendering inside workspace: G:\work\Journal2LaTeX\backend\temp\35cffa41-a649-4f80-8d98-3deb98fc9c38\rendered
[2026-07-18 00:19:32,481] [INFO] [latex_renderer.py:105]: LaTeX document main.tex rendered successfully.
[2026-07-18 00:19:32,496] [INFO] [job_manager.py:160]: Progress updated to 90%: LaTeX document rendering completed
[2026-07-18 00:19:32,496] [INFO] [pipeline_service.py:181]: Starting document compilation for job: 35cffa41-a649-4f80-8d98-3deb98fc9c38
[2026-07-18 00:19:32,512] [INFO] [job_manager.py:136]: Job status updated to: COMPILING
[2026-07-18 00:19:32,526] [INFO] [job_manager.py:160]: Progress updated to 92%: Compiling LaTeX source to PDF
[2026-07-18 00:19:35,079] [INFO] [pipeline_service.py:203]: Compilation completed successfully.
[2026-07-18 00:19:35,093] [INFO] [job_manager.py:136]: Job status updated to: COMPLETED
[2026-07-18 00:19:35,107] [INFO] [job_manager.py:160]: Progress updated to 100%: Pipeline process completed successfully
