[2026-07-18 02:03:24,332] [INFO] [job_manager.py:92]: Job caaf898d-7d0d-45ca-a7fc-aa155e8ebd2d workspace created successfully
[2026-07-18 02:03:24,361] [INFO] [pipeline_service.py:34]: Starting validation for job: caaf898d-7d0d-45ca-a7fc-aa155e8ebd2d
[2026-07-18 02:03:24,362] [INFO] [job_manager.py:136]: Job status updated to: VALIDATING
[2026-07-18 02:03:24,377] [INFO] [job_manager.py:160]: Progress updated to 10%: Validating input Word Document
[2026-07-18 02:03:24,397] [INFO] [pipeline_service.py:49]: Validation successful.
[2026-07-18 02:03:24,411] [INFO] [job_manager.py:160]: Progress updated to 20%: Input document validated successfully
[2026-07-18 02:03:24,411] [INFO] [pipeline_service.py:56]: Starting document analysis for job: caaf898d-7d0d-45ca-a7fc-aa155e8ebd2d
[2026-07-18 02:03:24,427] [INFO] [job_manager.py:136]: Job status updated to: ANALYZING_DOCUMENT
[2026-07-18 02:03:24,445] [INFO] [job_manager.py:160]: Progress updated to 30%: Analyzing document structure and content blocks
[2026-07-18 02:03:24,445] [INFO] [document_analyzer.py:33]: Starting improved document analysis for: G:\work\Journal2LaTeX\backend\temp\caaf898d-7d0d-45ca-a7fc-aa155e8ebd2d\input\with_author_photo.docx
[2026-07-18 02:03:24,813] [INFO] [document_analyzer.py:338]: Parsed document: title='Statistical Analysis of Body Dysmorphic Disorder, Quality of Life, and Social Anxiety in Fire Victims: Path Analysis', authors=3, sections=1, references=0
[2026-07-18 02:03:24,822] [INFO] [pipeline_service.py:84]: Document analysis completed. Saved structure to: G:\work\Journal2LaTeX\backend\temp\caaf898d-7d0d-45ca-a7fc-aa155e8ebd2d\intermediate\document_structure.json, report to: G:\work\Journal2LaTeX\backend\temp\caaf898d-7d0d-45ca-a7fc-aa155e8ebd2d\intermediate\conversion_report.json
[2026-07-18 02:03:24,837] [INFO] [job_manager.py:160]: Progress updated to 45%: Document structure extracted successfully
[2026-07-18 02:03:24,837] [INFO] [pipeline_service.py:97]: Starting asset extraction for job: caaf898d-7d0d-45ca-a7fc-aa155e8ebd2d
[2026-07-18 02:03:24,851] [INFO] [job_manager.py:136]: Job status updated to: EXTRACTING_ASSETS
[2026-07-18 02:03:24,864] [INFO] [job_manager.py:160]: Progress updated to 50%: Extracting images and figure assets from document
[2026-07-18 02:03:25,269] [INFO] [pipeline_service.py:108]: Assets extracted to: G:\work\Journal2LaTeX\backend\temp\caaf898d-7d0d-45ca-a7fc-aa155e8ebd2d\intermediate\media
[2026-07-18 02:03:25,280] [INFO] [job_manager.py:160]: Progress updated to 60%: Document assets extracted successfully
[2026-07-18 02:03:25,280] [INFO] [pipeline_service.py:120]: Classifying extracted assets for job: caaf898d-7d0d-45ca-a7fc-aa155e8ebd2d
[2026-07-18 02:03:25,280] [INFO] [asset_analyzer.py:23]: Starting extended asset analysis for job: caaf898d-7d0d-45ca-a7fc-aa155e8ebd2d
[2026-07-18 02:03:25,282] [INFO] [asset_analyzer.py:153]: Extended asset classification completed. Assets classified: 8
[2026-07-18 02:03:25,293] [INFO] [job_manager.py:160]: Progress updated to 65%: Extracted assets analyzed and mapped successfully
[2026-07-18 02:03:25,310] [INFO] [pipeline_service.py:136]: Loading template JSAP for job: caaf898d-7d0d-45ca-a7fc-aa155e8ebd2d
[2026-07-18 02:03:25,310] [INFO] [job_manager.py:136]: Job status updated to: LOADING_TEMPLATE
[2026-07-18 02:03:25,322] [INFO] [job_manager.py:160]: Progress updated to 70%: Loading template styles: JSAP
[2026-07-18 02:03:25,341] [INFO] [pipeline_service.py:154]: Template loaded and workspace prepared at: G:\work\Journal2LaTeX\backend\temp\caaf898d-7d0d-45ca-a7fc-aa155e8ebd2d\rendered
[2026-07-18 02:03:25,355] [INFO] [job_manager.py:160]: Progress updated to 80%: Template workspace initialized
[2026-07-18 02:03:25,355] [INFO] [pipeline_service.py:167]: Starting LaTeX rendering for job: caaf898d-7d0d-45ca-a7fc-aa155e8ebd2d
[2026-07-18 02:03:25,366] [INFO] [job_manager.py:136]: Job status updated to: RENDERING_LATEX
[2026-07-18 02:03:25,379] [INFO] [job_manager.py:160]: Progress updated to 85%: Rendering document content to LaTeX
[2026-07-18 02:03:25,393] [INFO] [latex_renderer.py:29]: Starting LaTeX rendering inside workspace: G:\work\Journal2LaTeX\backend\temp\caaf898d-7d0d-45ca-a7fc-aa155e8ebd2d\rendered
[2026-07-18 02:03:25,398] [INFO] [latex_renderer.py:105]: LaTeX document main.tex rendered successfully.
[2026-07-18 02:03:25,409] [INFO] [job_manager.py:160]: Progress updated to 90%: LaTeX document rendering completed
[2026-07-18 02:03:25,410] [INFO] [pipeline_service.py:201]: Starting document compilation for job: caaf898d-7d0d-45ca-a7fc-aa155e8ebd2d
[2026-07-18 02:03:25,423] [INFO] [job_manager.py:136]: Job status updated to: COMPILING
[2026-07-18 02:03:25,434] [INFO] [job_manager.py:160]: Progress updated to 92%: Compiling LaTeX source to PDF
[2026-07-18 02:03:29,682] [INFO] [pipeline_service.py:223]: Compilation completed successfully.
[2026-07-18 02:03:29,683] [INFO] [pipeline_service.py:235]: Running E2E publication fidelity checker for job: caaf898d-7d0d-45ca-a7fc-aa155e8ebd2d
[2026-07-18 02:03:29,683] [INFO] [fidelity_checker.py:24]: Generating advanced fidelity report and scores for job: caaf898d-7d0d-45ca-a7fc-aa155e8ebd2d
[2026-07-18 02:03:29,686] [INFO] [fidelity_checker.py:163]: Fidelity report written to G:\work\Journal2LaTeX\backend\temp\caaf898d-7d0d-45ca-a7fc-aa155e8ebd2d\intermediate\fidelity_report.json. Overall Score: 99.1%, Critical missing: 0
[2026-07-18 02:03:29,700] [INFO] [job_manager.py:136]: Job status updated to: COMPLETED
[2026-07-18 02:03:29,719] [INFO] [job_manager.py:160]: Progress updated to 100%: Pipeline process completed successfully
