[2026-07-22 01:54:23,232] [INFO] [job_manager.py:136]: Job a422eb6b-90b9-450b-80d2-66c442059a7c workspace created successfully
[2026-07-22 01:54:23,268] [INFO] [pipeline_service.py:45]: Starting validation for job: a422eb6b-90b9-450b-80d2-66c442059a7c
[2026-07-22 01:54:23,285] [INFO] [job_manager.py:180]: Job status updated to: VALIDATING
[2026-07-22 01:54:23,302] [INFO] [job_manager.py:204]: Progress updated to 10%: Validating input Word Document
[2026-07-22 01:54:23,326] [INFO] [pipeline_service.py:60]: Validation successful.
[2026-07-22 01:54:23,339] [INFO] [job_manager.py:204]: Progress updated to 20%: Input document validated successfully
[2026-07-22 01:54:23,339] [INFO] [pipeline_service.py:67]: Starting document analysis for job: a422eb6b-90b9-450b-80d2-66c442059a7c
[2026-07-22 01:54:23,354] [INFO] [job_manager.py:180]: Job status updated to: ANALYZING_DOCUMENT
[2026-07-22 01:54:23,369] [INFO] [job_manager.py:204]: Progress updated to 30%: Analyzing document structure and content blocks
[2026-07-22 01:54:23,369] [INFO] [document_analyzer.py:33]: Starting improved document analysis for: G:\work\Journal2LaTeX\backend\temp\a422eb6b-90b9-450b-80d2-66c442059a7c\input\The role.docx
[2026-07-22 01:54:24,755] [INFO] [document_analyzer.py:511]: Parsed document: title='The Role of Social Media in the Spread and Countering of Cyber-Extremism: An Islamic Jurisprudential and Educational Perspective', authors=3, sections=41, references=42
[2026-07-22 01:54:24,764] [INFO] [pipeline_service.py:95]: Document analysis completed. Saved structure to: G:\work\Journal2LaTeX\backend\temp\a422eb6b-90b9-450b-80d2-66c442059a7c\intermediate\document_structure.json, report to: G:\work\Journal2LaTeX\backend\temp\a422eb6b-90b9-450b-80d2-66c442059a7c\intermediate\conversion_report.json
[2026-07-22 01:54:24,784] [INFO] [job_manager.py:204]: Progress updated to 45%: Document structure extracted successfully
[2026-07-22 01:54:24,784] [INFO] [pipeline_service.py:108]: Starting asset extraction for job: a422eb6b-90b9-450b-80d2-66c442059a7c
[2026-07-22 01:54:24,798] [INFO] [job_manager.py:180]: Job status updated to: EXTRACTING_ASSETS
[2026-07-22 01:54:24,814] [INFO] [job_manager.py:204]: Progress updated to 50%: Extracting images and figure assets from document
[2026-07-22 01:54:31,985] [INFO] [pipeline_service.py:223]: Office object fig:office1 placed=True
[2026-07-22 01:54:32,051] [INFO] [pipeline_service.py:141]: Assets extracted to: G:\work\Journal2LaTeX\backend\temp\a422eb6b-90b9-450b-80d2-66c442059a7c\intermediate\media
[2026-07-22 01:54:32,069] [INFO] [job_manager.py:204]: Progress updated to 60%: Document assets extracted successfully
[2026-07-22 01:54:32,070] [INFO] [pipeline_service.py:231]: Classifying extracted assets for job: a422eb6b-90b9-450b-80d2-66c442059a7c
[2026-07-22 01:54:32,070] [INFO] [asset_analyzer.py:23]: Starting extended asset analysis for job: a422eb6b-90b9-450b-80d2-66c442059a7c
[2026-07-22 01:54:32,074] [INFO] [asset_analyzer.py:153]: Extended asset classification completed. Assets classified: 8
[2026-07-22 01:54:32,088] [INFO] [job_manager.py:204]: Progress updated to 65%: Extracted assets analyzed and mapped successfully
[2026-07-22 01:54:32,171] [INFO] [pipeline_service.py:247]: Loading template c07d654b-536c-4a28-892c-3f74cb0be49d for job: a422eb6b-90b9-450b-80d2-66c442059a7c
[2026-07-22 01:54:32,191] [INFO] [job_manager.py:180]: Job status updated to: LOADING_TEMPLATE
[2026-07-22 01:54:32,205] [INFO] [job_manager.py:204]: Progress updated to 70%: Loading template styles: c07d654b-536c-4a28-892c-3f74cb0be49d
[2026-07-22 01:54:32,293] [INFO] [pipeline_service.py:269]: Template loaded and workspace prepared at: G:\work\Journal2LaTeX\backend\temp\a422eb6b-90b9-450b-80d2-66c442059a7c\rendered
[2026-07-22 01:54:32,310] [INFO] [job_manager.py:204]: Progress updated to 80%: Template workspace initialized
[2026-07-22 01:54:32,312] [INFO] [pipeline_service.py:294]: Starting LaTeX rendering for job: a422eb6b-90b9-450b-80d2-66c442059a7c
[2026-07-22 01:54:32,333] [INFO] [job_manager.py:180]: Job status updated to: RENDERING_LATEX
[2026-07-22 01:54:32,346] [INFO] [job_manager.py:204]: Progress updated to 85%: Rendering document content to LaTeX
[2026-07-22 01:54:32,367] [INFO] [latex_renderer.py:72]: Starting LaTeX rendering inside workspace: G:\work\Journal2LaTeX\backend\temp\a422eb6b-90b9-450b-80d2-66c442059a7c\rendered
[2026-07-22 01:54:32,427] [INFO] [latex_renderer.py:359]: LaTeX document main.tex rendered successfully.
[2026-07-22 01:54:32,571] [INFO] [header_reconstructor.py:124]: Template class draws its own header; skipping fancyhdr injection.
[2026-07-22 01:54:32,576] [INFO] [job_manager.py:204]: Progress updated to 90%: LaTeX document rendering completed
[2026-07-22 01:54:32,577] [INFO] [pipeline_service.py:357]: Starting document compilation for job: a422eb6b-90b9-450b-80d2-66c442059a7c
[2026-07-22 01:54:32,591] [INFO] [job_manager.py:180]: Job status updated to: COMPILING
[2026-07-22 01:54:32,607] [INFO] [job_manager.py:204]: Progress updated to 92%: Compiling LaTeX source to PDF
[2026-07-22 01:54:51,270] [ERROR] [pipeline_service.py:385]: LaTeX compilation failed: Template is missing required local resource(s); aborting before pdflatex. Ensure the template package ships these files:
  - usepackage -> newunicodechar
[2026-07-22 01:54:51,285] [ERROR] [job_manager.py:228]: Job error added: LaTeX compilation failed: Template is missing required local resource(s); aborting before pdflatex. Ensure the template package ships these files:
  - usepackage -> newunicodechar
