[2026-07-18 02:08:23,563] [INFO] [job_manager.py:92]: Job 75a208f5-9293-41eb-ae46-7b38d3101826 workspace created successfully
[2026-07-18 02:08:23,588] [INFO] [pipeline_service.py:34]: Starting validation for job: 75a208f5-9293-41eb-ae46-7b38d3101826
[2026-07-18 02:08:23,589] [INFO] [job_manager.py:136]: Job status updated to: VALIDATING
[2026-07-18 02:08:23,601] [INFO] [job_manager.py:160]: Progress updated to 10%: Validating input Word Document
[2026-07-18 02:08:23,617] [INFO] [pipeline_service.py:49]: Validation successful.
[2026-07-18 02:08:23,630] [INFO] [job_manager.py:160]: Progress updated to 20%: Input document validated successfully
[2026-07-18 02:08:23,630] [INFO] [pipeline_service.py:56]: Starting document analysis for job: 75a208f5-9293-41eb-ae46-7b38d3101826
[2026-07-18 02:08:23,640] [INFO] [job_manager.py:136]: Job status updated to: ANALYZING_DOCUMENT
[2026-07-18 02:08:23,650] [INFO] [job_manager.py:160]: Progress updated to 30%: Analyzing document structure and content blocks
[2026-07-18 02:08:23,650] [INFO] [document_analyzer.py:33]: Starting improved document analysis for: G:\work\Journal2LaTeX\backend\temp\75a208f5-9293-41eb-ae46-7b38d3101826\input\with_author_photo.docx
[2026-07-18 02:08:23,961] [INFO] [document_analyzer.py:358]: Parsed document: title='Statistical Analysis of Body Dysmorphic Disorder, Quality of Life, and Social Anxiety in Fire Victims: Path Analysis', authors=3, sections=1, references=0
[2026-07-18 02:08:23,964] [INFO] [pipeline_service.py:84]: Document analysis completed. Saved structure to: G:\work\Journal2LaTeX\backend\temp\75a208f5-9293-41eb-ae46-7b38d3101826\intermediate\document_structure.json, report to: G:\work\Journal2LaTeX\backend\temp\75a208f5-9293-41eb-ae46-7b38d3101826\intermediate\conversion_report.json
[2026-07-18 02:08:23,977] [INFO] [job_manager.py:160]: Progress updated to 45%: Document structure extracted successfully
[2026-07-18 02:08:23,977] [INFO] [pipeline_service.py:97]: Starting asset extraction for job: 75a208f5-9293-41eb-ae46-7b38d3101826
[2026-07-18 02:08:23,991] [INFO] [job_manager.py:136]: Job status updated to: EXTRACTING_ASSETS
[2026-07-18 02:08:24,008] [INFO] [job_manager.py:160]: Progress updated to 50%: Extracting images and figure assets from document
[2026-07-18 02:08:24,365] [INFO] [pipeline_service.py:108]: Assets extracted to: G:\work\Journal2LaTeX\backend\temp\75a208f5-9293-41eb-ae46-7b38d3101826\intermediate\media
[2026-07-18 02:08:24,379] [INFO] [job_manager.py:160]: Progress updated to 60%: Document assets extracted successfully
[2026-07-18 02:08:24,379] [INFO] [pipeline_service.py:120]: Classifying extracted assets for job: 75a208f5-9293-41eb-ae46-7b38d3101826
[2026-07-18 02:08:24,379] [INFO] [asset_analyzer.py:23]: Starting extended asset analysis for job: 75a208f5-9293-41eb-ae46-7b38d3101826
[2026-07-18 02:08:24,381] [INFO] [asset_analyzer.py:153]: Extended asset classification completed. Assets classified: 8
[2026-07-18 02:08:24,393] [INFO] [job_manager.py:160]: Progress updated to 65%: Extracted assets analyzed and mapped successfully
[2026-07-18 02:08:24,414] [INFO] [pipeline_service.py:136]: Loading template JSAP for job: 75a208f5-9293-41eb-ae46-7b38d3101826
[2026-07-18 02:08:24,415] [INFO] [job_manager.py:136]: Job status updated to: LOADING_TEMPLATE
[2026-07-18 02:08:24,430] [INFO] [job_manager.py:160]: Progress updated to 70%: Loading template styles: JSAP
[2026-07-18 02:08:24,455] [INFO] [pipeline_service.py:154]: Template loaded and workspace prepared at: G:\work\Journal2LaTeX\backend\temp\75a208f5-9293-41eb-ae46-7b38d3101826\rendered
[2026-07-18 02:08:24,470] [INFO] [job_manager.py:160]: Progress updated to 80%: Template workspace initialized
[2026-07-18 02:08:24,470] [INFO] [pipeline_service.py:167]: Starting LaTeX rendering for job: 75a208f5-9293-41eb-ae46-7b38d3101826
[2026-07-18 02:08:24,484] [INFO] [job_manager.py:136]: Job status updated to: RENDERING_LATEX
[2026-07-18 02:08:24,498] [INFO] [job_manager.py:160]: Progress updated to 85%: Rendering document content to LaTeX
[2026-07-18 02:08:24,518] [INFO] [latex_renderer.py:30]: Starting LaTeX rendering inside workspace: G:\work\Journal2LaTeX\backend\temp\75a208f5-9293-41eb-ae46-7b38d3101826\rendered
[2026-07-18 02:08:24,537] [INFO] [latex_renderer.py:157]: LaTeX document main.tex rendered successfully.
[2026-07-18 02:08:24,552] [INFO] [job_manager.py:160]: Progress updated to 90%: LaTeX document rendering completed
[2026-07-18 02:08:24,553] [INFO] [pipeline_service.py:201]: Starting document compilation for job: 75a208f5-9293-41eb-ae46-7b38d3101826
[2026-07-18 02:08:24,566] [INFO] [job_manager.py:136]: Job status updated to: COMPILING
[2026-07-18 02:08:24,580] [INFO] [job_manager.py:160]: Progress updated to 92%: Compiling LaTeX source to PDF
[2026-07-18 02:08:29,255] [ERROR] [pipeline_service.py:228]: LaTeX compilation failed: LaTeX compilation failed with return code 12.
[2026-07-18 02:08:29,272] [ERROR] [job_manager.py:184]: Job error added: LaTeX compilation failed: LaTeX compilation failed with return code 12.
