[2026-07-26 21:05:58,051] [INFO] [job_manager.py:136]: Job 4690856b-0eaa-4274-b30e-2cf47a3a46cd workspace created successfully
[2026-07-26 21:05:58,076] [INFO] [pipeline_service.py:46]: Starting validation for job: 4690856b-0eaa-4274-b30e-2cf47a3a46cd
[2026-07-26 21:05:58,093] [INFO] [job_manager.py:180]: Job status updated to: VALIDATING
[2026-07-26 21:05:58,108] [INFO] [job_manager.py:204]: Progress updated to 10%: Validating input Word Document
[2026-07-26 21:05:58,129] [INFO] [pipeline_service.py:61]: Validation successful.
[2026-07-26 21:05:58,145] [INFO] [job_manager.py:204]: Progress updated to 20%: Input document validated successfully
[2026-07-26 21:05:58,145] [INFO] [pipeline_service.py:68]: Starting document analysis for job: 4690856b-0eaa-4274-b30e-2cf47a3a46cd
[2026-07-26 21:05:58,161] [INFO] [job_manager.py:180]: Job status updated to: ANALYZING_DOCUMENT
[2026-07-26 21:05:58,178] [INFO] [job_manager.py:204]: Progress updated to 30%: Analyzing document structure and content blocks
[2026-07-26 21:05:58,178] [INFO] [document_analyzer.py:44]: Starting improved document analysis for: G:\work\Journal2LaTeX\backend\temp\4690856b-0eaa-4274-b30e-2cf47a3a46cd\input\research in the journal form.docx
[2026-07-26 21:05:58,742] [INFO] [document_analyzer.py:528]: Parsed document: title='Statistical Analysis of Body Dysmorphic Disorder, Quality of Life, and Social Anxiety in Fire Victims: Path Analysis', authors=3, sections=2, references=20
[2026-07-26 21:05:58,747] [INFO] [pipeline_service.py:96]: Document analysis completed. Saved structure to: G:\work\Journal2LaTeX\backend\temp\4690856b-0eaa-4274-b30e-2cf47a3a46cd\intermediate\document_structure.json, report to: G:\work\Journal2LaTeX\backend\temp\4690856b-0eaa-4274-b30e-2cf47a3a46cd\intermediate\conversion_report.json
[2026-07-26 21:05:58,770] [INFO] [job_manager.py:204]: Progress updated to 45%: Document structure extracted successfully
[2026-07-26 21:05:58,771] [INFO] [pipeline_service.py:109]: Starting asset extraction for job: 4690856b-0eaa-4274-b30e-2cf47a3a46cd
[2026-07-26 21:05:58,787] [INFO] [job_manager.py:180]: Job status updated to: EXTRACTING_ASSETS
[2026-07-26 21:05:58,802] [INFO] [job_manager.py:204]: Progress updated to 50%: Extracting images and figure assets from document
[2026-07-26 21:06:05,452] [INFO] [pipeline_service.py:251]: Office object fig:office1 placed=True
[2026-07-26 21:06:05,499] [INFO] [pipeline_service.py:142]: Assets extracted to: G:\work\Journal2LaTeX\backend\temp\4690856b-0eaa-4274-b30e-2cf47a3a46cd\intermediate\media
[2026-07-26 21:06:05,516] [INFO] [job_manager.py:204]: Progress updated to 60%: Document assets extracted successfully
[2026-07-26 21:06:05,516] [INFO] [pipeline_service.py:259]: Classifying extracted assets for job: 4690856b-0eaa-4274-b30e-2cf47a3a46cd
[2026-07-26 21:06:05,516] [INFO] [asset_analyzer.py:23]: Starting extended asset analysis for job: 4690856b-0eaa-4274-b30e-2cf47a3a46cd
[2026-07-26 21:06:05,519] [INFO] [asset_analyzer.py:153]: Extended asset classification completed. Assets classified: 9
[2026-07-26 21:06:05,536] [INFO] [job_manager.py:204]: Progress updated to 65%: Extracted assets analyzed and mapped successfully
[2026-07-26 21:06:05,587] [INFO] [pipeline_service.py:275]: Loading template JSAP for job: 4690856b-0eaa-4274-b30e-2cf47a3a46cd
[2026-07-26 21:06:05,606] [INFO] [job_manager.py:180]: Job status updated to: LOADING_TEMPLATE
[2026-07-26 21:06:05,621] [INFO] [job_manager.py:204]: Progress updated to 70%: Loading template styles: JSAP
[2026-07-26 21:06:05,695] [INFO] [pipeline_service.py:297]: Template loaded and workspace prepared at: G:\work\Journal2LaTeX\backend\temp\4690856b-0eaa-4274-b30e-2cf47a3a46cd\rendered
[2026-07-26 21:06:05,711] [INFO] [job_manager.py:204]: Progress updated to 80%: Template workspace initialized
[2026-07-26 21:06:05,713] [INFO] [pipeline_service.py:322]: Starting LaTeX rendering for job: 4690856b-0eaa-4274-b30e-2cf47a3a46cd
[2026-07-26 21:06:05,730] [INFO] [job_manager.py:180]: Job status updated to: RENDERING_LATEX
[2026-07-26 21:06:05,746] [INFO] [job_manager.py:204]: Progress updated to 85%: Rendering document content to LaTeX
[2026-07-26 21:06:05,764] [INFO] [latex_renderer.py:104]: Starting LaTeX rendering inside workspace: G:\work\Journal2LaTeX\backend\temp\4690856b-0eaa-4274-b30e-2cf47a3a46cd\rendered
[2026-07-26 21:06:05,841] [INFO] [latex_renderer.py:479]: LaTeX document main.tex rendered successfully.
[2026-07-26 21:06:05,906] [INFO] [header_reconstructor.py:124]: Template class draws its own header; skipping fancyhdr injection.
[2026-07-26 21:06:05,909] [INFO] [job_manager.py:204]: Progress updated to 90%: LaTeX document rendering completed
[2026-07-26 21:06:05,909] [INFO] [pipeline_service.py:385]: Starting document compilation for job: 4690856b-0eaa-4274-b30e-2cf47a3a46cd
[2026-07-26 21:06:05,930] [INFO] [job_manager.py:180]: Job status updated to: COMPILING
[2026-07-26 21:06:05,944] [INFO] [job_manager.py:204]: Progress updated to 92%: Compiling LaTeX source to PDF
[2026-07-26 21:06:11,310] [INFO] [pipeline_service.py:408]: Compilation completed successfully.
[2026-07-26 21:06:11,312] [INFO] [pipeline_service.py:423]: Running E2E publication fidelity checker for job: 4690856b-0eaa-4274-b30e-2cf47a3a46cd
[2026-07-26 21:06:11,312] [INFO] [fidelity_checker.py:24]: Generating advanced fidelity report and scores for job: 4690856b-0eaa-4274-b30e-2cf47a3a46cd
[2026-07-26 21:06:11,316] [INFO] [fidelity_checker.py:175]: Fidelity report written to G:\work\Journal2LaTeX\backend\temp\4690856b-0eaa-4274-b30e-2cf47a3a46cd\intermediate\fidelity_report.json. Overall Score: 95.3%, Critical missing: 0
[2026-07-26 21:06:11,332] [INFO] [job_manager.py:180]: Job status updated to: COMPLETED
[2026-07-26 21:06:11,348] [INFO] [job_manager.py:204]: Progress updated to 100%: Pipeline process completed successfully
