[2026-08-03 15:09:27,906] [INFO] [job_manager.py:136]: Job e777eb94-4ff5-435c-8217-3dfd2036b9a3 workspace created successfully
[2026-08-03 15:09:27,940] [INFO] [pipeline_service.py:46]: Starting validation for job: e777eb94-4ff5-435c-8217-3dfd2036b9a3
[2026-08-03 15:09:27,955] [INFO] [job_manager.py:180]: Job status updated to: VALIDATING
[2026-08-03 15:09:27,973] [INFO] [job_manager.py:204]: Progress updated to 10%: Validating input Word Document
[2026-08-03 15:09:27,979] [INFO] [pipeline_service.py:61]: Validation successful.
[2026-08-03 15:09:27,996] [INFO] [job_manager.py:204]: Progress updated to 20%: Input document validated successfully
[2026-08-03 15:09:27,996] [INFO] [pipeline_service.py:68]: Starting document analysis for job: e777eb94-4ff5-435c-8217-3dfd2036b9a3
[2026-08-03 15:09:28,016] [INFO] [job_manager.py:180]: Job status updated to: ANALYZING_DOCUMENT
[2026-08-03 15:09:28,030] [INFO] [job_manager.py:204]: Progress updated to 30%: Analyzing document structure and content blocks
[2026-08-03 15:09:28,030] [INFO] [document_analyzer.py:119]: Starting improved document analysis for: G:\work\Journal2LaTeX\backend\temp\e777eb94-4ff5-435c-8217-3dfd2036b9a3\input\sample.docx
[2026-08-03 15:09:28,209] [INFO] [document_analyzer.py:777]: Parsed document: title='Hello from Journal2LaTeX. This is a minimal DOCX document to verify the conversion engine.', authors=0, sections=0, references=0
[2026-08-03 15:09:28,212] [INFO] [pipeline_service.py:96]: Document analysis completed. Saved structure to: G:\work\Journal2LaTeX\backend\temp\e777eb94-4ff5-435c-8217-3dfd2036b9a3\intermediate\document_structure.json, report to: G:\work\Journal2LaTeX\backend\temp\e777eb94-4ff5-435c-8217-3dfd2036b9a3\intermediate\conversion_report.json
[2026-08-03 15:09:28,226] [INFO] [job_manager.py:204]: Progress updated to 45%: Document structure extracted successfully
[2026-08-03 15:09:28,226] [INFO] [pipeline_service.py:109]: Starting asset extraction for job: e777eb94-4ff5-435c-8217-3dfd2036b9a3
[2026-08-03 15:09:28,242] [INFO] [job_manager.py:180]: Job status updated to: EXTRACTING_ASSETS
[2026-08-03 15:09:28,256] [INFO] [job_manager.py:204]: Progress updated to 50%: Extracting images and figure assets from document
[2026-08-03 15:09:28,373] [INFO] [pipeline_service.py:156]: Assets extracted to: G:\work\Journal2LaTeX\backend\temp\e777eb94-4ff5-435c-8217-3dfd2036b9a3\intermediate\media
[2026-08-03 15:09:28,390] [INFO] [job_manager.py:204]: Progress updated to 60%: Document assets extracted successfully
[2026-08-03 15:09:28,390] [INFO] [pipeline_service.py:273]: Classifying extracted assets for job: e777eb94-4ff5-435c-8217-3dfd2036b9a3
[2026-08-03 15:09:28,390] [INFO] [asset_analyzer.py:23]: Starting extended asset analysis for job: e777eb94-4ff5-435c-8217-3dfd2036b9a3
[2026-08-03 15:09:28,394] [INFO] [asset_analyzer.py:153]: Extended asset classification completed. Assets classified: 0
[2026-08-03 15:09:28,411] [INFO] [job_manager.py:204]: Progress updated to 65%: Extracted assets analyzed and mapped successfully
