[2026-07-21 18:08:05,965] [INFO] [job_manager.py:136]: Job 5e5e1e2f-2e70-443b-8f42-6d8c5548e774 workspace created successfully
[2026-07-21 18:08:05,996] [INFO] [pipeline_service.py:45]: Starting validation for job: 5e5e1e2f-2e70-443b-8f42-6d8c5548e774
[2026-07-21 18:08:06,016] [INFO] [job_manager.py:180]: Job status updated to: VALIDATING
[2026-07-21 18:08:06,033] [INFO] [job_manager.py:204]: Progress updated to 10%: Validating input Word Document
[2026-07-21 18:08:06,055] [INFO] [pipeline_service.py:60]: Validation successful.
[2026-07-21 18:08:06,071] [INFO] [job_manager.py:204]: Progress updated to 20%: Input document validated successfully
[2026-07-21 18:08:06,071] [INFO] [pipeline_service.py:67]: Starting document analysis for job: 5e5e1e2f-2e70-443b-8f42-6d8c5548e774
[2026-07-21 18:08:06,088] [INFO] [job_manager.py:180]: Job status updated to: ANALYZING_DOCUMENT
[2026-07-21 18:08:06,105] [INFO] [job_manager.py:204]: Progress updated to 30%: Analyzing document structure and content blocks
[2026-07-21 18:08:06,105] [INFO] [document_analyzer.py:33]: Starting improved document analysis for: G:\work\Journal2LaTeX\backend\temp\5e5e1e2f-2e70-443b-8f42-6d8c5548e774\input\The role.docx
[2026-07-21 18:08:07,011] [INFO] [document_analyzer.py:461]: Parsed document: title='The Role of Social Media in the Spread and Countering of Cyber-Extremism: An Islamic Jurisprudential and Educational Perspective', authors=19, sections=1, references=42
[2026-07-21 18:08:07,018] [INFO] [pipeline_service.py:95]: Document analysis completed. Saved structure to: G:\work\Journal2LaTeX\backend\temp\5e5e1e2f-2e70-443b-8f42-6d8c5548e774\intermediate\document_structure.json, report to: G:\work\Journal2LaTeX\backend\temp\5e5e1e2f-2e70-443b-8f42-6d8c5548e774\intermediate\conversion_report.json
[2026-07-21 18:08:07,034] [INFO] [job_manager.py:204]: Progress updated to 45%: Document structure extracted successfully
[2026-07-21 18:08:07,035] [INFO] [pipeline_service.py:108]: Starting asset extraction for job: 5e5e1e2f-2e70-443b-8f42-6d8c5548e774
[2026-07-21 18:08:07,051] [INFO] [job_manager.py:180]: Job status updated to: EXTRACTING_ASSETS
[2026-07-21 18:08:07,066] [INFO] [job_manager.py:204]: Progress updated to 50%: Extracting images and figure assets from document
[2026-07-21 18:08:08,323] [INFO] [pipeline_service.py:141]: Assets extracted to: G:\work\Journal2LaTeX\backend\temp\5e5e1e2f-2e70-443b-8f42-6d8c5548e774\intermediate\media
[2026-07-21 18:08:08,340] [INFO] [job_manager.py:204]: Progress updated to 60%: Document assets extracted successfully
[2026-07-21 18:08:08,341] [INFO] [pipeline_service.py:231]: Classifying extracted assets for job: 5e5e1e2f-2e70-443b-8f42-6d8c5548e774
[2026-07-21 18:08:08,341] [INFO] [asset_analyzer.py:23]: Starting extended asset analysis for job: 5e5e1e2f-2e70-443b-8f42-6d8c5548e774
[2026-07-21 18:08:08,344] [INFO] [asset_analyzer.py:153]: Extended asset classification completed. Assets classified: 7
[2026-07-21 18:08:08,365] [INFO] [job_manager.py:204]: Progress updated to 65%: Extracted assets analyzed and mapped successfully
[2026-07-21 18:08:08,434] [INFO] [pipeline_service.py:247]: Loading template aac5895f-ac89-48bb-8a7c-aaebed0ae592 for job: 5e5e1e2f-2e70-443b-8f42-6d8c5548e774
[2026-07-21 18:08:08,455] [INFO] [job_manager.py:180]: Job status updated to: LOADING_TEMPLATE
[2026-07-21 18:08:08,469] [INFO] [job_manager.py:204]: Progress updated to 70%: Loading template styles: aac5895f-ac89-48bb-8a7c-aaebed0ae592
[2026-07-21 18:08:08,554] [INFO] [pipeline_service.py:269]: Template loaded and workspace prepared at: G:\work\Journal2LaTeX\backend\temp\5e5e1e2f-2e70-443b-8f42-6d8c5548e774\rendered
[2026-07-21 18:08:08,570] [INFO] [job_manager.py:204]: Progress updated to 80%: Template workspace initialized
[2026-07-21 18:08:08,572] [INFO] [pipeline_service.py:294]: Starting LaTeX rendering for job: 5e5e1e2f-2e70-443b-8f42-6d8c5548e774
[2026-07-21 18:08:08,584] [INFO] [job_manager.py:180]: Job status updated to: RENDERING_LATEX
[2026-07-21 18:08:08,599] [INFO] [job_manager.py:204]: Progress updated to 85%: Rendering document content to LaTeX
[2026-07-21 18:08:08,618] [INFO] [latex_renderer.py:72]: Starting LaTeX rendering inside workspace: G:\work\Journal2LaTeX\backend\temp\5e5e1e2f-2e70-443b-8f42-6d8c5548e774\rendered
[2026-07-21 18:08:08,692] [INFO] [latex_renderer.py:355]: LaTeX document main.tex rendered successfully.
[2026-07-21 18:08:08,857] [INFO] [job_manager.py:204]: Progress updated to 90%: LaTeX document rendering completed
[2026-07-21 18:08:08,857] [INFO] [pipeline_service.py:357]: Starting document compilation for job: 5e5e1e2f-2e70-443b-8f42-6d8c5548e774
[2026-07-21 18:08:08,870] [INFO] [job_manager.py:180]: Job status updated to: COMPILING
[2026-07-21 18:08:08,885] [INFO] [job_manager.py:204]: Progress updated to 92%: Compiling LaTeX source to PDF
[2026-07-21 18:08:10,216] [ERROR] [pipeline_service.py:385]: LaTeX compilation failed: LaTeX compilation failed. PDF not generated.
[2026-07-21 18:08:10,234] [ERROR] [job_manager.py:228]: Job error added: LaTeX compilation failed: LaTeX compilation failed. PDF not generated.
