[2026-07-30 15:01:34,781] [INFO] [latex_compiler.py:337]: Starting LaTeX compilation for: G:\work\Journal2LaTeX\backend\temp\07fb4b48-804a-4c76-b6db-75fd3f4ec22e\rendered\main.tex
[2026-07-30 15:01:34,865] [INFO] [latex_compiler.py:364]: Applied template compatibility layer to main.tex
[2026-07-30 15:01:34,869] [INFO] [latex_compiler.py:126]: Rendered working directory tree before compilation:
  everyshi.sty
  logo7pt-eps-converted-to.pdf
  logo7pt.eps
  main.tex
  media/
    image1.jpeg
    image1.png
    image10.jpeg
    image2.png
    image3.png
    image4.jpeg
    image4.png
    image5.png
    image6.png
    image7.png
    image8.jpeg
    image9.jpeg
    office_obj_1.png
  NSP1.cls
  psfig.sty
  template.aux
  template.log
  template.out
  template.pdf
  template.synctex.gz
  template.tex
[2026-07-30 15:01:34,879] [INFO] [latex_compiler.py:132]: Template resource manifest (25 files):
  everyshi.sty                             template resource (package / style)
  logo7pt-eps-converted-to.pdf             template resource (graphic (PDF))
  logo7pt.eps                              template resource (graphic (EPS))
  main.tex                                 generated document / build artefact
  media\image1.jpeg                        renderer-generated media
  media\image1.png                         renderer-generated media
  media\image10.jpeg                       renderer-generated media
  media\image2.png                         renderer-generated media
  media\image3.png                         renderer-generated media
  media\image4.jpeg                        renderer-generated media
  media\image4.png                         renderer-generated media
  media\image5.png                         renderer-generated media
  media\image6.png                         renderer-generated media
  media\image7.png                         renderer-generated media
  media\image8.jpeg                        renderer-generated media
  media\image9.jpeg                        renderer-generated media
  media\office_obj_1.png                   renderer-generated media
  NSP1.cls                                 template resource (document class)
  psfig.sty                                template resource (package / style)
  template.aux                             generated document / build artefact
  template.log                             generated document / build artefact
  template.out                             generated document / build artefact
  template.pdf                             template resource (graphic (PDF))
  template.synctex.gz                      generated document / build artefact
  template.tex                             template resource (included source)
[2026-07-30 15:01:47,485] [INFO] [latex_compiler.py:154]: Dependency resolution (29 references):
  [LOCAL  ] documentclass   NSP1
  [SYSTEM ] usepackage      xcolor
  [SYSTEM ] usepackage      makecell
  [SYSTEM ] usepackage      url
  [SYSTEM ] usepackage      floatflt
  [SYSTEM ] usepackage      helvet
  [SYSTEM ] usepackage      times
  [SYSTEM ] usepackage      float
  [SYSTEM ] usepackage      graphicx
  [SYSTEM ] usepackage      mathptmx
  [SYSTEM ] usepackage      amsmath
  [SYSTEM ] usepackage      amssymb
  [SYSTEM ] usepackage      bm
  [SYSTEM ] usepackage      caption
  [SYSTEM ] usepackage      multirow
  [SYSTEM ] usepackage      array
  [SYSTEM ] usepackage      newunicodechar
  [SYSTEM ] usepackage      cuted
  [SYSTEM ] usepackage      fancyhdr
  [SYSTEM ] usepackage      type1cm
  [SYSTEM ] usepackage      fix-cm
  [DYNAMIC] includegraphics #1
  [LOCAL  ] includegraphics media/image1.png
  [LOCAL  ] includegraphics media/image2.png
  [LOCAL  ] includegraphics media/image3.png
  [LOCAL  ] includegraphics media/image4.png
  [LOCAL  ] includegraphics media/image5.png
  [LOCAL  ] includegraphics media/image6.png
  [LOCAL  ] includegraphics media/image7.png
[2026-07-30 15:01:50,959] [INFO] [latex_compiler.py:395]: Using latexmk compiler.
[2026-07-30 15:01:56,847] [INFO] [latex_compiler.py:462]: Compilation completed successfully. PDF generated at: G:\work\Journal2LaTeX\backend\temp\07fb4b48-804a-4c76-b6db-75fd3f4ec22e\output\paper.pdf
