[2026-07-18 18:31:49,877] [INFO] [job_manager.py:117]: Job d72fbbd6-9510-4107-b6ae-3fc366851bae workspace created successfully
[2026-07-18 18:31:51,927] [INFO] [pipeline_service.py:36]: Starting validation for job: d72fbbd6-9510-4107-b6ae-3fc366851bae
[2026-07-18 18:31:51,938] [INFO] [job_manager.py:161]: Job status updated to: VALIDATING
[2026-07-18 18:31:51,949] [INFO] [job_manager.py:185]: Progress updated to 10%: Validating input Word Document
[2026-07-18 18:31:51,962] [INFO] [pipeline_service.py:51]: Validation successful.
[2026-07-18 18:31:51,976] [INFO] [job_manager.py:185]: Progress updated to 20%: Input document validated successfully
[2026-07-18 18:31:51,976] [INFO] [pipeline_service.py:58]: Starting document analysis for job: d72fbbd6-9510-4107-b6ae-3fc366851bae
[2026-07-18 18:31:51,999] [INFO] [job_manager.py:161]: Job status updated to: ANALYZING_DOCUMENT
[2026-07-18 18:31:52,016] [INFO] [job_manager.py:185]: Progress updated to 30%: Analyzing document structure and content blocks
[2026-07-18 18:31:52,016] [INFO] [document_analyzer.py:33]: Starting improved document analysis for: G:\work\Journal2LaTeX\backend\temp\d72fbbd6-9510-4107-b6ae-3fc366851bae\input\style_vancouver.docx
[2026-07-18 18:31:52,272] [INFO] [document_analyzer.py:416]: Parsed document: title='Test Document Title', authors=2, sections=1, references=2
[2026-07-18 18:31:52,274] [INFO] [pipeline_service.py:86]: Document analysis completed. Saved structure to: G:\work\Journal2LaTeX\backend\temp\d72fbbd6-9510-4107-b6ae-3fc366851bae\intermediate\document_structure.json, report to: G:\work\Journal2LaTeX\backend\temp\d72fbbd6-9510-4107-b6ae-3fc366851bae\intermediate\conversion_report.json
[2026-07-18 18:31:52,286] [INFO] [job_manager.py:185]: Progress updated to 45%: Document structure extracted successfully
[2026-07-18 18:31:52,286] [INFO] [pipeline_service.py:99]: Starting asset extraction for job: d72fbbd6-9510-4107-b6ae-3fc366851bae
[2026-07-18 18:31:52,298] [INFO] [job_manager.py:161]: Job status updated to: EXTRACTING_ASSETS
[2026-07-18 18:31:52,313] [INFO] [job_manager.py:185]: Progress updated to 50%: Extracting images and figure assets from document
[2026-07-18 18:31:52,500] [INFO] [pipeline_service.py:111]: Assets extracted to: G:\work\Journal2LaTeX\backend\temp\d72fbbd6-9510-4107-b6ae-3fc366851bae\intermediate\media
[2026-07-18 18:31:52,518] [INFO] [job_manager.py:185]: Progress updated to 60%: Document assets extracted successfully
[2026-07-18 18:31:52,519] [INFO] [pipeline_service.py:123]: Classifying extracted assets for job: d72fbbd6-9510-4107-b6ae-3fc366851bae
[2026-07-18 18:31:52,519] [INFO] [asset_analyzer.py:23]: Starting extended asset analysis for job: d72fbbd6-9510-4107-b6ae-3fc366851bae
[2026-07-18 18:31:52,521] [INFO] [asset_analyzer.py:153]: Extended asset classification completed. Assets classified: 0
[2026-07-18 18:31:52,539] [INFO] [job_manager.py:185]: Progress updated to 65%: Extracted assets analyzed and mapped successfully
[2026-07-18 18:31:54,602] [INFO] [pipeline_service.py:139]: Loading template default for job: d72fbbd6-9510-4107-b6ae-3fc366851bae
[2026-07-18 18:31:54,604] [INFO] [job_manager.py:161]: Job status updated to: LOADING_TEMPLATE
[2026-07-18 18:31:54,625] [INFO] [job_manager.py:185]: Progress updated to 70%: Loading template styles: default
[2026-07-18 18:31:54,633] [INFO] [pipeline_service.py:157]: Template loaded and workspace prepared at: G:\work\Journal2LaTeX\backend\temp\d72fbbd6-9510-4107-b6ae-3fc366851bae\rendered
[2026-07-18 18:31:54,649] [INFO] [job_manager.py:185]: Progress updated to 80%: Template workspace initialized
[2026-07-18 18:31:54,651] [INFO] [pipeline_service.py:170]: Starting LaTeX rendering for job: d72fbbd6-9510-4107-b6ae-3fc366851bae
[2026-07-18 18:31:54,667] [INFO] [job_manager.py:161]: Job status updated to: RENDERING_LATEX
[2026-07-18 18:31:54,685] [INFO] [job_manager.py:185]: Progress updated to 85%: Rendering document content to LaTeX
[2026-07-18 18:31:54,687] [INFO] [latex_renderer.py:70]: Starting LaTeX rendering inside workspace: G:\work\Journal2LaTeX\backend\temp\d72fbbd6-9510-4107-b6ae-3fc366851bae\rendered
[2026-07-18 18:31:54,695] [INFO] [latex_renderer.py:337]: LaTeX document main.tex rendered successfully.
[2026-07-18 18:31:54,718] [INFO] [job_manager.py:185]: Progress updated to 90%: LaTeX document rendering completed
[2026-07-18 18:31:54,719] [INFO] [pipeline_service.py:204]: Starting document compilation for job: d72fbbd6-9510-4107-b6ae-3fc366851bae
[2026-07-18 18:31:54,736] [INFO] [job_manager.py:161]: Job status updated to: COMPILING
[2026-07-18 18:31:54,755] [INFO] [job_manager.py:185]: Progress updated to 92%: Compiling LaTeX source to PDF
[2026-07-18 18:31:58,594] [INFO] [pipeline_service.py:226]: Compilation completed successfully.
[2026-07-18 18:31:58,595] [INFO] [pipeline_service.py:238]: Running E2E publication fidelity checker for job: d72fbbd6-9510-4107-b6ae-3fc366851bae
[2026-07-18 18:31:58,595] [INFO] [fidelity_checker.py:24]: Generating advanced fidelity report and scores for job: d72fbbd6-9510-4107-b6ae-3fc366851bae
[2026-07-18 18:31:58,604] [INFO] [fidelity_checker.py:163]: Fidelity report written to G:\work\Journal2LaTeX\backend\temp\d72fbbd6-9510-4107-b6ae-3fc366851bae\intermediate\fidelity_report.json. Overall Score: 99.5%, Critical missing: 0
[2026-07-18 18:31:58,622] [INFO] [job_manager.py:161]: Job status updated to: COMPLETED
[2026-07-18 18:31:58,639] [INFO] [job_manager.py:185]: Progress updated to 100%: Pipeline process completed successfully
