[2026-07-18 02:39:09,741] [INFO] [job_manager.py:92]: Job 019adc43-73ea-4b2a-bb96-0900c1728de5 workspace created successfully
[2026-07-18 02:39:09,754] [INFO] [pipeline_service.py:34]: Starting validation for job: 019adc43-73ea-4b2a-bb96-0900c1728de5
[2026-07-18 02:39:09,755] [INFO] [job_manager.py:136]: Job status updated to: VALIDATING
[2026-07-18 02:39:09,766] [INFO] [job_manager.py:160]: Progress updated to 10%: Validating input Word Document
[2026-07-18 02:39:15,690] [INFO] [pipeline_service.py:49]: Validation successful.
[2026-07-18 02:39:15,702] [INFO] [job_manager.py:160]: Progress updated to 20%: Input document validated successfully
[2026-07-18 02:39:15,702] [INFO] [pipeline_service.py:56]: Starting document analysis for job: 019adc43-73ea-4b2a-bb96-0900c1728de5
[2026-07-18 02:39:15,722] [INFO] [job_manager.py:136]: Job status updated to: ANALYZING_DOCUMENT
[2026-07-18 02:39:15,740] [INFO] [job_manager.py:160]: Progress updated to 30%: Analyzing document structure and content blocks
[2026-07-18 02:39:15,741] [INFO] [document_analyzer.py:33]: Starting improved document analysis for: G:\work\Journal2LaTeX\backend\temp\019adc43-73ea-4b2a-bb96-0900c1728de5\input\normal_paper.docx
[2026-07-18 02:39:16,061] [INFO] [document_analyzer.py:416]: Parsed document: title='Modification of the Authentication in the Routing Protocols in Mobile Ad Hoc Networks (MANETs)', authors=5, sections=1, references=14
[2026-07-18 02:39:16,064] [INFO] [pipeline_service.py:84]: Document analysis completed. Saved structure to: G:\work\Journal2LaTeX\backend\temp\019adc43-73ea-4b2a-bb96-0900c1728de5\intermediate\document_structure.json, report to: G:\work\Journal2LaTeX\backend\temp\019adc43-73ea-4b2a-bb96-0900c1728de5\intermediate\conversion_report.json
[2026-07-18 02:39:16,078] [INFO] [job_manager.py:160]: Progress updated to 45%: Document structure extracted successfully
[2026-07-18 02:39:16,078] [INFO] [pipeline_service.py:97]: Starting asset extraction for job: 019adc43-73ea-4b2a-bb96-0900c1728de5
[2026-07-18 02:39:16,091] [INFO] [job_manager.py:136]: Job status updated to: EXTRACTING_ASSETS
[2026-07-18 02:39:16,101] [INFO] [job_manager.py:160]: Progress updated to 50%: Extracting images and figure assets from document
[2026-07-18 02:39:16,646] [INFO] [pipeline_service.py:108]: Assets extracted to: G:\work\Journal2LaTeX\backend\temp\019adc43-73ea-4b2a-bb96-0900c1728de5\intermediate\media
[2026-07-18 02:39:16,658] [INFO] [job_manager.py:160]: Progress updated to 60%: Document assets extracted successfully
[2026-07-18 02:39:16,658] [INFO] [pipeline_service.py:120]: Classifying extracted assets for job: 019adc43-73ea-4b2a-bb96-0900c1728de5
[2026-07-18 02:39:16,658] [INFO] [asset_analyzer.py:23]: Starting extended asset analysis for job: 019adc43-73ea-4b2a-bb96-0900c1728de5
[2026-07-18 02:39:16,665] [INFO] [asset_analyzer.py:153]: Extended asset classification completed. Assets classified: 81
[2026-07-18 02:39:16,681] [INFO] [job_manager.py:160]: Progress updated to 65%: Extracted assets analyzed and mapped successfully
[2026-07-18 02:39:16,703] [INFO] [pipeline_service.py:136]: Loading template JSAP for job: 019adc43-73ea-4b2a-bb96-0900c1728de5
[2026-07-18 02:39:16,704] [INFO] [job_manager.py:136]: Job status updated to: LOADING_TEMPLATE
[2026-07-18 02:39:16,718] [INFO] [job_manager.py:160]: Progress updated to 70%: Loading template styles: JSAP
[2026-07-18 02:39:16,809] [INFO] [pipeline_service.py:154]: Template loaded and workspace prepared at: G:\work\Journal2LaTeX\backend\temp\019adc43-73ea-4b2a-bb96-0900c1728de5\rendered
[2026-07-18 02:39:16,825] [INFO] [job_manager.py:160]: Progress updated to 80%: Template workspace initialized
[2026-07-18 02:39:16,826] [INFO] [pipeline_service.py:167]: Starting LaTeX rendering for job: 019adc43-73ea-4b2a-bb96-0900c1728de5
[2026-07-18 02:39:16,849] [INFO] [job_manager.py:136]: Job status updated to: RENDERING_LATEX
[2026-07-18 02:39:16,867] [INFO] [job_manager.py:160]: Progress updated to 85%: Rendering document content to LaTeX
[2026-07-18 02:39:16,882] [INFO] [latex_renderer.py:30]: Starting LaTeX rendering inside workspace: G:\work\Journal2LaTeX\backend\temp\019adc43-73ea-4b2a-bb96-0900c1728de5\rendered
[2026-07-18 02:39:16,892] [INFO] [latex_renderer.py:173]: LaTeX document main.tex rendered successfully.
[2026-07-18 02:39:16,909] [INFO] [job_manager.py:160]: Progress updated to 90%: LaTeX document rendering completed
[2026-07-18 02:39:16,909] [INFO] [pipeline_service.py:201]: Starting document compilation for job: 019adc43-73ea-4b2a-bb96-0900c1728de5
[2026-07-18 02:39:16,925] [INFO] [job_manager.py:136]: Job status updated to: COMPILING
[2026-07-18 02:39:16,939] [INFO] [job_manager.py:160]: Progress updated to 92%: Compiling LaTeX source to PDF
[2026-07-18 02:39:22,556] [INFO] [pipeline_service.py:223]: Compilation completed successfully.
[2026-07-18 02:39:22,558] [INFO] [pipeline_service.py:235]: Running E2E publication fidelity checker for job: 019adc43-73ea-4b2a-bb96-0900c1728de5
[2026-07-18 02:39:22,558] [INFO] [fidelity_checker.py:24]: Generating advanced fidelity report and scores for job: 019adc43-73ea-4b2a-bb96-0900c1728de5
[2026-07-18 02:39:22,573] [INFO] [fidelity_checker.py:163]: Fidelity report written to G:\work\Journal2LaTeX\backend\temp\019adc43-73ea-4b2a-bb96-0900c1728de5\intermediate\fidelity_report.json. Overall Score: 98.3%, Critical missing: 0
[2026-07-18 02:39:22,588] [INFO] [job_manager.py:136]: Job status updated to: COMPLETED
[2026-07-18 02:39:22,603] [INFO] [job_manager.py:160]: Progress updated to 100%: Pipeline process completed successfully
