[2026-07-22 00:42:48,796] [INFO] [latex_compiler.py:321]: Starting LaTeX compilation for: G:\work\Journal2LaTeX\backend\temp\336e11c2-3434-4720-b07f-40db05384bc9\rendered\main.tex
[2026-07-22 00:42:48,802] [INFO] [latex_compiler.py:125]: Rendered working directory tree before compilation:
  chart1.png
  chart2.png
  chart3.png
  chart4.png
  everyshi.sty
  logo7pt-eps-converted-to.pdf
  logo7pt.eps
  main.tex
  media/
    image1.jpeg
    image10.jpeg
    image4.jpeg
    image5.png
    image6.png
    image7.png
    image8.jpeg
    image9.jpeg
    office_obj_1.png
  NSP1.cls
  paper.aux
  paper.log
  paper.out
  paper.pdf
  paper.synctex.gz
  paper.tex
  psfig.sty
  Ref. JSAP paper.tex
  template.json
[2026-07-22 00:42:48,808] [INFO] [latex_compiler.py:131]: Template resource manifest (27 files):
  chart1.png                               template resource (graphic (PNG))
  chart2.png                               template resource (graphic (PNG))
  chart3.png                               template resource (graphic (PNG))
  chart4.png                               template resource (graphic (PNG))
  everyshi.sty                             template resource (package / style)
  logo7pt-eps-converted-to.pdf             template resource (graphic (PDF))
  logo7pt.eps                              template resource (graphic (EPS))
  main.tex                                 generated document / build artefact
  media\image1.jpeg                        renderer-generated media
  media\image10.jpeg                       renderer-generated media
  media\image4.jpeg                        renderer-generated media
  media\image5.png                         renderer-generated media
  media\image6.png                         renderer-generated media
  media\image7.png                         renderer-generated media
  media\image8.jpeg                        renderer-generated media
  media\image9.jpeg                        renderer-generated media
  media\office_obj_1.png                   renderer-generated media
  NSP1.cls                                 template resource (document class)
  paper.aux                                generated document / build artefact
  paper.log                                generated document / build artefact
  paper.out                                generated document / build artefact
  paper.pdf                                template resource (graphic (PDF))
  paper.synctex.gz                         generated document / build artefact
  paper.tex                                template resource (included source)
  psfig.sty                                template resource (package / style)
  Ref. JSAP paper.tex                      template resource (included source)
  template.json                            template metadata
[2026-07-22 00:43:01,541] [INFO] [latex_compiler.py:144]: Dependency resolution (25 references):
  [LOCAL  ] documentclass   NSP1
  [SYSTEM ] usepackage      url
  [SYSTEM ] usepackage      floatflt
  [SYSTEM ] usepackage      cite
  [SYSTEM ] usepackage      helvet
  [SYSTEM ] usepackage      times
  [LOCAL  ] usepackage      psfig
  [SYSTEM ] usepackage      graphicx
  [SYSTEM ] usepackage      mathptmx
  [SYSTEM ] usepackage      amsmath
  [SYSTEM ] usepackage      amssymb
  [SYSTEM ] usepackage      bm
  [SYSTEM ] usepackage      float
  [SYSTEM ] usepackage      caption
  [SYSTEM ] usepackage      placeins
  [SYSTEM ] usepackage      booktabs
  [SYSTEM ] usepackage      array
  [SYSTEM ] usepackage      multirow
  [SYSTEM ] usepackage      makecell
  [SYSTEM ] usepackage      xcolor
  [DYNAMIC] includegraphics #1
  [LOCAL  ] includegraphics media/office_obj_1.png
  [LOCAL  ] includegraphics media/image5.png
  [LOCAL  ] includegraphics media/image6.png
  [LOCAL  ] includegraphics media/image7.png
[2026-07-22 00:43:04,341] [INFO] [latex_compiler.py:357]: Using latexmk compiler.
[2026-07-22 00:43:11,648] [INFO] [latex_compiler.py:424]: Compilation completed successfully. PDF generated at: G:\work\Journal2LaTeX\backend\temp\336e11c2-3434-4720-b07f-40db05384bc9\output\paper.pdf
[2026-07-22 00:43:11,695] [INFO] [latex_compiler.py:321]: Starting LaTeX compilation for: G:\work\Journal2LaTeX\backend\temp\336e11c2-3434-4720-b07f-40db05384bc9\rendered\main.tex
[2026-07-22 00:43:11,701] [INFO] [latex_compiler.py:125]: Rendered working directory tree before compilation:
  chart1.png
  chart2.png
  chart3.png
  chart4.png
  everyshi.sty
  logo7pt-eps-converted-to.pdf
  logo7pt.eps
  main.aux
  main.fdb_latexmk
  main.fls
  main.log
  main.out
  main.pdf
  main.tex
  media/
    image1.jpeg
    image10.jpeg
    image4.jpeg
    image5.png
    image6.png
    image7.png
    image8.jpeg
    image9.jpeg
    office_obj_1.png
  NSP1.cls
  paper.aux
  paper.log
  paper.out
  paper.pdf
  paper.synctex.gz
  paper.tex
  psfig.sty
  Ref. JSAP paper.tex
  template.json
[2026-07-22 00:43:11,707] [INFO] [latex_compiler.py:131]: Template resource manifest (33 files):
  chart1.png                               template resource (graphic (PNG))
  chart2.png                               template resource (graphic (PNG))
  chart3.png                               template resource (graphic (PNG))
  chart4.png                               template resource (graphic (PNG))
  everyshi.sty                             template resource (package / style)
  logo7pt-eps-converted-to.pdf             template resource (graphic (PDF))
  logo7pt.eps                              template resource (graphic (EPS))
  main.aux                                 generated document / build artefact
  main.fdb_latexmk                         generated document / build artefact
  main.fls                                 generated document / build artefact
  main.log                                 generated document / build artefact
  main.out                                 generated document / build artefact
  main.pdf                                 generated document / build artefact
  main.tex                                 generated document / build artefact
  media\image1.jpeg                        renderer-generated media
  media\image10.jpeg                       renderer-generated media
  media\image4.jpeg                        renderer-generated media
  media\image5.png                         renderer-generated media
  media\image6.png                         renderer-generated media
  media\image7.png                         renderer-generated media
  media\image8.jpeg                        renderer-generated media
  media\image9.jpeg                        renderer-generated media
  media\office_obj_1.png                   renderer-generated media
  NSP1.cls                                 template resource (document class)
  paper.aux                                generated document / build artefact
  paper.log                                generated document / build artefact
  paper.out                                generated document / build artefact
  paper.pdf                                template resource (graphic (PDF))
  paper.synctex.gz                         generated document / build artefact
  paper.tex                                template resource (included source)
  psfig.sty                                template resource (package / style)
  Ref. JSAP paper.tex                      template resource (included source)
  template.json                            template metadata
[2026-07-22 00:43:12,359] [INFO] [latex_compiler.py:144]: Dependency resolution (26 references):
  [LOCAL  ] documentclass   NSP1
  [SYSTEM ] usepackage      url
  [SYSTEM ] usepackage      floatflt
  [SYSTEM ] usepackage      cite
  [SYSTEM ] usepackage      helvet
  [SYSTEM ] usepackage      times
  [LOCAL  ] usepackage      psfig
  [SYSTEM ] usepackage      graphicx
  [SYSTEM ] usepackage      mathptmx
  [SYSTEM ] usepackage      amsmath
  [SYSTEM ] usepackage      amssymb
  [SYSTEM ] usepackage      bm
  [SYSTEM ] usepackage      float
  [SYSTEM ] usepackage      caption
  [SYSTEM ] usepackage      placeins
  [SYSTEM ] usepackage      booktabs
  [SYSTEM ] usepackage      array
  [SYSTEM ] usepackage      multirow
  [SYSTEM ] usepackage      makecell
  [SYSTEM ] usepackage      xcolor
  [SYSTEM ] usepackage      geometry
  [DYNAMIC] includegraphics #1
  [LOCAL  ] includegraphics media/office_obj_1.png
  [LOCAL  ] includegraphics media/image5.png
  [LOCAL  ] includegraphics media/image6.png
  [LOCAL  ] includegraphics media/image7.png
[2026-07-22 00:43:12,360] [INFO] [latex_compiler.py:357]: Using latexmk compiler.
[2026-07-22 00:43:16,559] [INFO] [latex_compiler.py:424]: Compilation completed successfully. PDF generated at: G:\work\Journal2LaTeX\backend\temp\336e11c2-3434-4720-b07f-40db05384bc9\output\paper.pdf
[2026-07-22 00:43:31,874] [INFO] [latex_compiler.py:321]: Starting LaTeX compilation for: G:\work\Journal2LaTeX\backend\temp\336e11c2-3434-4720-b07f-40db05384bc9\rendered\main.tex
[2026-07-22 00:43:31,878] [INFO] [latex_compiler.py:125]: Rendered working directory tree before compilation:
  chart1.png
  chart2.png
  chart3.png
  chart4.png
  everyshi.sty
  logo7pt-eps-converted-to.pdf
  logo7pt.eps
  main.aux
  main.fdb_latexmk
  main.fls
  main.log
  main.out
  main.pdf
  main.tex
  media/
    image1.jpeg
    image10.jpeg
    image4.jpeg
    image5.png
    image6.png
    image7.png
    image8.jpeg
    image9.jpeg
    office_obj_1.png
  NSP1.cls
  paper.aux
  paper.log
  paper.out
  paper.pdf
  paper.synctex.gz
  paper.tex
  psfig.sty
  Ref. JSAP paper.tex
  template.json
[2026-07-22 00:43:31,880] [INFO] [latex_compiler.py:131]: Template resource manifest (33 files):
  chart1.png                               template resource (graphic (PNG))
  chart2.png                               template resource (graphic (PNG))
  chart3.png                               template resource (graphic (PNG))
  chart4.png                               template resource (graphic (PNG))
  everyshi.sty                             template resource (package / style)
  logo7pt-eps-converted-to.pdf             template resource (graphic (PDF))
  logo7pt.eps                              template resource (graphic (EPS))
  main.aux                                 generated document / build artefact
  main.fdb_latexmk                         generated document / build artefact
  main.fls                                 generated document / build artefact
  main.log                                 generated document / build artefact
  main.out                                 generated document / build artefact
  main.pdf                                 generated document / build artefact
  main.tex                                 generated document / build artefact
  media\image1.jpeg                        renderer-generated media
  media\image10.jpeg                       renderer-generated media
  media\image4.jpeg                        renderer-generated media
  media\image5.png                         renderer-generated media
  media\image6.png                         renderer-generated media
  media\image7.png                         renderer-generated media
  media\image8.jpeg                        renderer-generated media
  media\image9.jpeg                        renderer-generated media
  media\office_obj_1.png                   renderer-generated media
  NSP1.cls                                 template resource (document class)
  paper.aux                                generated document / build artefact
  paper.log                                generated document / build artefact
  paper.out                                generated document / build artefact
  paper.pdf                                template resource (graphic (PDF))
  paper.synctex.gz                         generated document / build artefact
  paper.tex                                template resource (included source)
  psfig.sty                                template resource (package / style)
  Ref. JSAP paper.tex                      template resource (included source)
  template.json                            template metadata
[2026-07-22 00:43:31,991] [INFO] [latex_compiler.py:144]: Dependency resolution (26 references):
  [LOCAL  ] documentclass   NSP1
  [SYSTEM ] usepackage      url
  [SYSTEM ] usepackage      floatflt
  [SYSTEM ] usepackage      cite
  [SYSTEM ] usepackage      helvet
  [SYSTEM ] usepackage      times
  [LOCAL  ] usepackage      psfig
  [SYSTEM ] usepackage      graphicx
  [SYSTEM ] usepackage      mathptmx
  [SYSTEM ] usepackage      amsmath
  [SYSTEM ] usepackage      amssymb
  [SYSTEM ] usepackage      bm
  [SYSTEM ] usepackage      float
  [SYSTEM ] usepackage      caption
  [SYSTEM ] usepackage      placeins
  [SYSTEM ] usepackage      booktabs
  [SYSTEM ] usepackage      array
  [SYSTEM ] usepackage      multirow
  [SYSTEM ] usepackage      makecell
  [SYSTEM ] usepackage      xcolor
  [SYSTEM ] usepackage      geometry
  [DYNAMIC] includegraphics #1
  [LOCAL  ] includegraphics media/office_obj_1.png
  [LOCAL  ] includegraphics media/image5.png
  [LOCAL  ] includegraphics media/image6.png
  [LOCAL  ] includegraphics media/image7.png
[2026-07-22 00:43:31,991] [INFO] [latex_compiler.py:357]: Using latexmk compiler.
[2026-07-22 00:43:35,447] [INFO] [latex_compiler.py:424]: Compilation completed successfully. PDF generated at: G:\work\Journal2LaTeX\backend\temp\336e11c2-3434-4720-b07f-40db05384bc9\output\paper.pdf
[2026-07-22 00:43:43,409] [INFO] [latex_compiler.py:321]: Starting LaTeX compilation for: G:\work\Journal2LaTeX\backend\temp\336e11c2-3434-4720-b07f-40db05384bc9\rendered\main.tex
[2026-07-22 00:43:43,413] [INFO] [latex_compiler.py:125]: Rendered working directory tree before compilation:
  chart1.png
  chart2.png
  chart3.png
  chart4.png
  everyshi.sty
  logo7pt-eps-converted-to.pdf
  logo7pt.eps
  main.aux
  main.fdb_latexmk
  main.fls
  main.log
  main.out
  main.pdf
  main.tex
  media/
    image1.jpeg
    image10.jpeg
    image4.jpeg
    image5.png
    image6.png
    image7.png
    image8.jpeg
    image9.jpeg
    office_obj_1.png
  NSP1.cls
  paper.aux
  paper.log
  paper.out
  paper.pdf
  paper.synctex.gz
  paper.tex
  psfig.sty
  Ref. JSAP paper.tex
  template.json
[2026-07-22 00:43:43,416] [INFO] [latex_compiler.py:131]: Template resource manifest (33 files):
  chart1.png                               template resource (graphic (PNG))
  chart2.png                               template resource (graphic (PNG))
  chart3.png                               template resource (graphic (PNG))
  chart4.png                               template resource (graphic (PNG))
  everyshi.sty                             template resource (package / style)
  logo7pt-eps-converted-to.pdf             template resource (graphic (PDF))
  logo7pt.eps                              template resource (graphic (EPS))
  main.aux                                 generated document / build artefact
  main.fdb_latexmk                         generated document / build artefact
  main.fls                                 generated document / build artefact
  main.log                                 generated document / build artefact
  main.out                                 generated document / build artefact
  main.pdf                                 generated document / build artefact
  main.tex                                 generated document / build artefact
  media\image1.jpeg                        renderer-generated media
  media\image10.jpeg                       renderer-generated media
  media\image4.jpeg                        renderer-generated media
  media\image5.png                         renderer-generated media
  media\image6.png                         renderer-generated media
  media\image7.png                         renderer-generated media
  media\image8.jpeg                        renderer-generated media
  media\image9.jpeg                        renderer-generated media
  media\office_obj_1.png                   renderer-generated media
  NSP1.cls                                 template resource (document class)
  paper.aux                                generated document / build artefact
  paper.log                                generated document / build artefact
  paper.out                                generated document / build artefact
  paper.pdf                                template resource (graphic (PDF))
  paper.synctex.gz                         generated document / build artefact
  paper.tex                                template resource (included source)
  psfig.sty                                template resource (package / style)
  Ref. JSAP paper.tex                      template resource (included source)
  template.json                            template metadata
[2026-07-22 00:43:43,529] [INFO] [latex_compiler.py:144]: Dependency resolution (26 references):
  [LOCAL  ] documentclass   NSP1
  [SYSTEM ] usepackage      url
  [SYSTEM ] usepackage      floatflt
  [SYSTEM ] usepackage      cite
  [SYSTEM ] usepackage      helvet
  [SYSTEM ] usepackage      times
  [LOCAL  ] usepackage      psfig
  [SYSTEM ] usepackage      graphicx
  [SYSTEM ] usepackage      mathptmx
  [SYSTEM ] usepackage      amsmath
  [SYSTEM ] usepackage      amssymb
  [SYSTEM ] usepackage      bm
  [SYSTEM ] usepackage      float
  [SYSTEM ] usepackage      caption
  [SYSTEM ] usepackage      placeins
  [SYSTEM ] usepackage      booktabs
  [SYSTEM ] usepackage      array
  [SYSTEM ] usepackage      multirow
  [SYSTEM ] usepackage      makecell
  [SYSTEM ] usepackage      xcolor
  [SYSTEM ] usepackage      geometry
  [DYNAMIC] includegraphics #1
  [LOCAL  ] includegraphics media/office_obj_1.png
  [LOCAL  ] includegraphics media/image5.png
  [LOCAL  ] includegraphics media/image6.png
  [LOCAL  ] includegraphics media/image7.png
[2026-07-22 00:43:43,530] [INFO] [latex_compiler.py:357]: Using latexmk compiler.
[2026-07-22 00:43:47,903] [INFO] [latex_compiler.py:424]: Compilation completed successfully. PDF generated at: G:\work\Journal2LaTeX\backend\temp\336e11c2-3434-4720-b07f-40db05384bc9\output\paper.pdf
[2026-07-22 00:43:57,461] [INFO] [latex_compiler.py:321]: Starting LaTeX compilation for: G:\work\Journal2LaTeX\backend\temp\336e11c2-3434-4720-b07f-40db05384bc9\rendered\main.tex
[2026-07-22 00:43:57,464] [INFO] [latex_compiler.py:125]: Rendered working directory tree before compilation:
  chart1.png
  chart2.png
  chart3.png
  chart4.png
  everyshi.sty
  logo7pt-eps-converted-to.pdf
  logo7pt.eps
  main.aux
  main.fdb_latexmk
  main.fls
  main.log
  main.out
  main.pdf
  main.tex
  media/
    image1.jpeg
    image10.jpeg
    image4.jpeg
    image5.png
    image6.png
    image7.png
    image8.jpeg
    image9.jpeg
    office_obj_1.png
  NSP1.cls
  paper.aux
  paper.log
  paper.out
  paper.pdf
  paper.synctex.gz
  paper.tex
  psfig.sty
  Ref. JSAP paper.tex
  template.json
[2026-07-22 00:43:57,467] [INFO] [latex_compiler.py:131]: Template resource manifest (33 files):
  chart1.png                               template resource (graphic (PNG))
  chart2.png                               template resource (graphic (PNG))
  chart3.png                               template resource (graphic (PNG))
  chart4.png                               template resource (graphic (PNG))
  everyshi.sty                             template resource (package / style)
  logo7pt-eps-converted-to.pdf             template resource (graphic (PDF))
  logo7pt.eps                              template resource (graphic (EPS))
  main.aux                                 generated document / build artefact
  main.fdb_latexmk                         generated document / build artefact
  main.fls                                 generated document / build artefact
  main.log                                 generated document / build artefact
  main.out                                 generated document / build artefact
  main.pdf                                 generated document / build artefact
  main.tex                                 generated document / build artefact
  media\image1.jpeg                        renderer-generated media
  media\image10.jpeg                       renderer-generated media
  media\image4.jpeg                        renderer-generated media
  media\image5.png                         renderer-generated media
  media\image6.png                         renderer-generated media
  media\image7.png                         renderer-generated media
  media\image8.jpeg                        renderer-generated media
  media\image9.jpeg                        renderer-generated media
  media\office_obj_1.png                   renderer-generated media
  NSP1.cls                                 template resource (document class)
  paper.aux                                generated document / build artefact
  paper.log                                generated document / build artefact
  paper.out                                generated document / build artefact
  paper.pdf                                template resource (graphic (PDF))
  paper.synctex.gz                         generated document / build artefact
  paper.tex                                template resource (included source)
  psfig.sty                                template resource (package / style)
  Ref. JSAP paper.tex                      template resource (included source)
  template.json                            template metadata
[2026-07-22 00:43:57,577] [INFO] [latex_compiler.py:144]: Dependency resolution (26 references):
  [LOCAL  ] documentclass   NSP1
  [SYSTEM ] usepackage      url
  [SYSTEM ] usepackage      floatflt
  [SYSTEM ] usepackage      cite
  [SYSTEM ] usepackage      helvet
  [SYSTEM ] usepackage      times
  [LOCAL  ] usepackage      psfig
  [SYSTEM ] usepackage      graphicx
  [SYSTEM ] usepackage      mathptmx
  [SYSTEM ] usepackage      amsmath
  [SYSTEM ] usepackage      amssymb
  [SYSTEM ] usepackage      bm
  [SYSTEM ] usepackage      float
  [SYSTEM ] usepackage      caption
  [SYSTEM ] usepackage      placeins
  [SYSTEM ] usepackage      booktabs
  [SYSTEM ] usepackage      array
  [SYSTEM ] usepackage      multirow
  [SYSTEM ] usepackage      makecell
  [SYSTEM ] usepackage      xcolor
  [SYSTEM ] usepackage      geometry
  [DYNAMIC] includegraphics #1
  [LOCAL  ] includegraphics media/office_obj_1.png
  [LOCAL  ] includegraphics media/image5.png
  [LOCAL  ] includegraphics media/image6.png
  [LOCAL  ] includegraphics media/image7.png
[2026-07-22 00:43:57,578] [INFO] [latex_compiler.py:357]: Using latexmk compiler.
[2026-07-22 00:44:01,987] [INFO] [latex_compiler.py:424]: Compilation completed successfully. PDF generated at: G:\work\Journal2LaTeX\backend\temp\336e11c2-3434-4720-b07f-40db05384bc9\output\paper.pdf
[2026-07-22 00:44:11,126] [INFO] [latex_compiler.py:321]: Starting LaTeX compilation for: G:\work\Journal2LaTeX\backend\temp\336e11c2-3434-4720-b07f-40db05384bc9\rendered\main.tex
[2026-07-22 00:44:11,128] [INFO] [latex_compiler.py:125]: Rendered working directory tree before compilation:
  chart1.png
  chart2.png
  chart3.png
  chart4.png
  everyshi.sty
  logo7pt-eps-converted-to.pdf
  logo7pt.eps
  main.aux
  main.fdb_latexmk
  main.fls
  main.log
  main.out
  main.pdf
  main.tex
  media/
    image1.jpeg
    image10.jpeg
    image4.jpeg
    image5.png
    image6.png
    image7.png
    image8.jpeg
    image9.jpeg
    office_obj_1.png
  NSP1.cls
  paper.aux
  paper.log
  paper.out
  paper.pdf
  paper.synctex.gz
  paper.tex
  psfig.sty
  Ref. JSAP paper.tex
  template.json
[2026-07-22 00:44:11,131] [INFO] [latex_compiler.py:131]: Template resource manifest (33 files):
  chart1.png                               template resource (graphic (PNG))
  chart2.png                               template resource (graphic (PNG))
  chart3.png                               template resource (graphic (PNG))
  chart4.png                               template resource (graphic (PNG))
  everyshi.sty                             template resource (package / style)
  logo7pt-eps-converted-to.pdf             template resource (graphic (PDF))
  logo7pt.eps                              template resource (graphic (EPS))
  main.aux                                 generated document / build artefact
  main.fdb_latexmk                         generated document / build artefact
  main.fls                                 generated document / build artefact
  main.log                                 generated document / build artefact
  main.out                                 generated document / build artefact
  main.pdf                                 generated document / build artefact
  main.tex                                 generated document / build artefact
  media\image1.jpeg                        renderer-generated media
  media\image10.jpeg                       renderer-generated media
  media\image4.jpeg                        renderer-generated media
  media\image5.png                         renderer-generated media
  media\image6.png                         renderer-generated media
  media\image7.png                         renderer-generated media
  media\image8.jpeg                        renderer-generated media
  media\image9.jpeg                        renderer-generated media
  media\office_obj_1.png                   renderer-generated media
  NSP1.cls                                 template resource (document class)
  paper.aux                                generated document / build artefact
  paper.log                                generated document / build artefact
  paper.out                                generated document / build artefact
  paper.pdf                                template resource (graphic (PDF))
  paper.synctex.gz                         generated document / build artefact
  paper.tex                                template resource (included source)
  psfig.sty                                template resource (package / style)
  Ref. JSAP paper.tex                      template resource (included source)
  template.json                            template metadata
[2026-07-22 00:44:11,232] [INFO] [latex_compiler.py:144]: Dependency resolution (26 references):
  [LOCAL  ] documentclass   NSP1
  [SYSTEM ] usepackage      url
  [SYSTEM ] usepackage      floatflt
  [SYSTEM ] usepackage      cite
  [SYSTEM ] usepackage      helvet
  [SYSTEM ] usepackage      times
  [LOCAL  ] usepackage      psfig
  [SYSTEM ] usepackage      graphicx
  [SYSTEM ] usepackage      mathptmx
  [SYSTEM ] usepackage      amsmath
  [SYSTEM ] usepackage      amssymb
  [SYSTEM ] usepackage      bm
  [SYSTEM ] usepackage      float
  [SYSTEM ] usepackage      caption
  [SYSTEM ] usepackage      placeins
  [SYSTEM ] usepackage      booktabs
  [SYSTEM ] usepackage      array
  [SYSTEM ] usepackage      multirow
  [SYSTEM ] usepackage      makecell
  [SYSTEM ] usepackage      xcolor
  [SYSTEM ] usepackage      geometry
  [DYNAMIC] includegraphics #1
  [LOCAL  ] includegraphics media/office_obj_1.png
  [LOCAL  ] includegraphics media/image5.png
  [LOCAL  ] includegraphics media/image6.png
  [LOCAL  ] includegraphics media/image7.png
[2026-07-22 00:44:11,232] [INFO] [latex_compiler.py:357]: Using latexmk compiler.
[2026-07-22 00:44:16,261] [INFO] [latex_compiler.py:424]: Compilation completed successfully. PDF generated at: G:\work\Journal2LaTeX\backend\temp\336e11c2-3434-4720-b07f-40db05384bc9\output\paper.pdf
[2026-07-22 00:44:25,494] [INFO] [latex_compiler.py:321]: Starting LaTeX compilation for: G:\work\Journal2LaTeX\backend\temp\336e11c2-3434-4720-b07f-40db05384bc9\rendered\main.tex
[2026-07-22 00:44:25,498] [INFO] [latex_compiler.py:125]: Rendered working directory tree before compilation:
  chart1.png
  chart2.png
  chart3.png
  chart4.png
  everyshi.sty
  logo7pt-eps-converted-to.pdf
  logo7pt.eps
  main.aux
  main.fdb_latexmk
  main.fls
  main.log
  main.out
  main.pdf
  main.tex
  media/
    image1.jpeg
    image10.jpeg
    image4.jpeg
    image5.png
    image6.png
    image7.png
    image8.jpeg
    image9.jpeg
    office_obj_1.png
  NSP1.cls
  paper.aux
  paper.log
  paper.out
  paper.pdf
  paper.synctex.gz
  paper.tex
  psfig.sty
  Ref. JSAP paper.tex
  template.json
[2026-07-22 00:44:25,501] [INFO] [latex_compiler.py:131]: Template resource manifest (33 files):
  chart1.png                               template resource (graphic (PNG))
  chart2.png                               template resource (graphic (PNG))
  chart3.png                               template resource (graphic (PNG))
  chart4.png                               template resource (graphic (PNG))
  everyshi.sty                             template resource (package / style)
  logo7pt-eps-converted-to.pdf             template resource (graphic (PDF))
  logo7pt.eps                              template resource (graphic (EPS))
  main.aux                                 generated document / build artefact
  main.fdb_latexmk                         generated document / build artefact
  main.fls                                 generated document / build artefact
  main.log                                 generated document / build artefact
  main.out                                 generated document / build artefact
  main.pdf                                 generated document / build artefact
  main.tex                                 generated document / build artefact
  media\image1.jpeg                        renderer-generated media
  media\image10.jpeg                       renderer-generated media
  media\image4.jpeg                        renderer-generated media
  media\image5.png                         renderer-generated media
  media\image6.png                         renderer-generated media
  media\image7.png                         renderer-generated media
  media\image8.jpeg                        renderer-generated media
  media\image9.jpeg                        renderer-generated media
  media\office_obj_1.png                   renderer-generated media
  NSP1.cls                                 template resource (document class)
  paper.aux                                generated document / build artefact
  paper.log                                generated document / build artefact
  paper.out                                generated document / build artefact
  paper.pdf                                template resource (graphic (PDF))
  paper.synctex.gz                         generated document / build artefact
  paper.tex                                template resource (included source)
  psfig.sty                                template resource (package / style)
  Ref. JSAP paper.tex                      template resource (included source)
  template.json                            template metadata
[2026-07-22 00:44:25,625] [INFO] [latex_compiler.py:144]: Dependency resolution (26 references):
  [LOCAL  ] documentclass   NSP1
  [SYSTEM ] usepackage      url
  [SYSTEM ] usepackage      floatflt
  [SYSTEM ] usepackage      cite
  [SYSTEM ] usepackage      helvet
  [SYSTEM ] usepackage      times
  [LOCAL  ] usepackage      psfig
  [SYSTEM ] usepackage      graphicx
  [SYSTEM ] usepackage      mathptmx
  [SYSTEM ] usepackage      amsmath
  [SYSTEM ] usepackage      amssymb
  [SYSTEM ] usepackage      bm
  [SYSTEM ] usepackage      float
  [SYSTEM ] usepackage      caption
  [SYSTEM ] usepackage      placeins
  [SYSTEM ] usepackage      booktabs
  [SYSTEM ] usepackage      array
  [SYSTEM ] usepackage      multirow
  [SYSTEM ] usepackage      makecell
  [SYSTEM ] usepackage      xcolor
  [SYSTEM ] usepackage      geometry
  [DYNAMIC] includegraphics #1
  [LOCAL  ] includegraphics media/office_obj_1.png
  [LOCAL  ] includegraphics media/image5.png
  [LOCAL  ] includegraphics media/image6.png
  [LOCAL  ] includegraphics media/image7.png
[2026-07-22 00:44:25,626] [INFO] [latex_compiler.py:357]: Using latexmk compiler.
[2026-07-22 00:44:29,757] [INFO] [latex_compiler.py:424]: Compilation completed successfully. PDF generated at: G:\work\Journal2LaTeX\backend\temp\336e11c2-3434-4720-b07f-40db05384bc9\output\paper.pdf
[2026-07-22 00:44:39,006] [INFO] [latex_compiler.py:321]: Starting LaTeX compilation for: G:\work\Journal2LaTeX\backend\temp\336e11c2-3434-4720-b07f-40db05384bc9\rendered\main.tex
[2026-07-22 00:44:39,011] [INFO] [latex_compiler.py:125]: Rendered working directory tree before compilation:
  chart1.png
  chart2.png
  chart3.png
  chart4.png
  everyshi.sty
  logo7pt-eps-converted-to.pdf
  logo7pt.eps
  main.aux
  main.fdb_latexmk
  main.fls
  main.log
  main.out
  main.pdf
  main.tex
  media/
    image1.jpeg
    image10.jpeg
    image4.jpeg
    image5.png
    image6.png
    image7.png
    image8.jpeg
    image9.jpeg
    office_obj_1.png
  NSP1.cls
  paper.aux
  paper.log
  paper.out
  paper.pdf
  paper.synctex.gz
  paper.tex
  psfig.sty
  Ref. JSAP paper.tex
  template.json
[2026-07-22 00:44:39,016] [INFO] [latex_compiler.py:131]: Template resource manifest (33 files):
  chart1.png                               template resource (graphic (PNG))
  chart2.png                               template resource (graphic (PNG))
  chart3.png                               template resource (graphic (PNG))
  chart4.png                               template resource (graphic (PNG))
  everyshi.sty                             template resource (package / style)
  logo7pt-eps-converted-to.pdf             template resource (graphic (PDF))
  logo7pt.eps                              template resource (graphic (EPS))
  main.aux                                 generated document / build artefact
  main.fdb_latexmk                         generated document / build artefact
  main.fls                                 generated document / build artefact
  main.log                                 generated document / build artefact
  main.out                                 generated document / build artefact
  main.pdf                                 generated document / build artefact
  main.tex                                 generated document / build artefact
  media\image1.jpeg                        renderer-generated media
  media\image10.jpeg                       renderer-generated media
  media\image4.jpeg                        renderer-generated media
  media\image5.png                         renderer-generated media
  media\image6.png                         renderer-generated media
  media\image7.png                         renderer-generated media
  media\image8.jpeg                        renderer-generated media
  media\image9.jpeg                        renderer-generated media
  media\office_obj_1.png                   renderer-generated media
  NSP1.cls                                 template resource (document class)
  paper.aux                                generated document / build artefact
  paper.log                                generated document / build artefact
  paper.out                                generated document / build artefact
  paper.pdf                                template resource (graphic (PDF))
  paper.synctex.gz                         generated document / build artefact
  paper.tex                                template resource (included source)
  psfig.sty                                template resource (package / style)
  Ref. JSAP paper.tex                      template resource (included source)
  template.json                            template metadata
[2026-07-22 00:44:39,135] [INFO] [latex_compiler.py:144]: Dependency resolution (26 references):
  [LOCAL  ] documentclass   NSP1
  [SYSTEM ] usepackage      url
  [SYSTEM ] usepackage      floatflt
  [SYSTEM ] usepackage      cite
  [SYSTEM ] usepackage      helvet
  [SYSTEM ] usepackage      times
  [LOCAL  ] usepackage      psfig
  [SYSTEM ] usepackage      graphicx
  [SYSTEM ] usepackage      mathptmx
  [SYSTEM ] usepackage      amsmath
  [SYSTEM ] usepackage      amssymb
  [SYSTEM ] usepackage      bm
  [SYSTEM ] usepackage      float
  [SYSTEM ] usepackage      caption
  [SYSTEM ] usepackage      placeins
  [SYSTEM ] usepackage      booktabs
  [SYSTEM ] usepackage      array
  [SYSTEM ] usepackage      multirow
  [SYSTEM ] usepackage      makecell
  [SYSTEM ] usepackage      xcolor
  [SYSTEM ] usepackage      geometry
  [DYNAMIC] includegraphics #1
  [LOCAL  ] includegraphics media/office_obj_1.png
  [LOCAL  ] includegraphics media/image5.png
  [LOCAL  ] includegraphics media/image6.png
  [LOCAL  ] includegraphics media/image7.png
[2026-07-22 00:44:39,136] [INFO] [latex_compiler.py:357]: Using latexmk compiler.
[2026-07-22 00:44:43,907] [INFO] [latex_compiler.py:424]: Compilation completed successfully. PDF generated at: G:\work\Journal2LaTeX\backend\temp\336e11c2-3434-4720-b07f-40db05384bc9\output\paper.pdf
[2026-07-22 00:44:53,234] [INFO] [latex_compiler.py:321]: Starting LaTeX compilation for: G:\work\Journal2LaTeX\backend\temp\336e11c2-3434-4720-b07f-40db05384bc9\rendered\main.tex
[2026-07-22 00:44:53,241] [INFO] [latex_compiler.py:125]: Rendered working directory tree before compilation:
  chart1.png
  chart2.png
  chart3.png
  chart4.png
  everyshi.sty
  logo7pt-eps-converted-to.pdf
  logo7pt.eps
  main.aux
  main.fdb_latexmk
  main.fls
  main.log
  main.out
  main.pdf
  main.tex
  media/
    image1.jpeg
    image10.jpeg
    image4.jpeg
    image5.png
    image6.png
    image7.png
    image8.jpeg
    image9.jpeg
    office_obj_1.png
  NSP1.cls
  paper.aux
  paper.log
  paper.out
  paper.pdf
  paper.synctex.gz
  paper.tex
  psfig.sty
  Ref. JSAP paper.tex
  template.json
[2026-07-22 00:44:53,246] [INFO] [latex_compiler.py:131]: Template resource manifest (33 files):
  chart1.png                               template resource (graphic (PNG))
  chart2.png                               template resource (graphic (PNG))
  chart3.png                               template resource (graphic (PNG))
  chart4.png                               template resource (graphic (PNG))
  everyshi.sty                             template resource (package / style)
  logo7pt-eps-converted-to.pdf             template resource (graphic (PDF))
  logo7pt.eps                              template resource (graphic (EPS))
  main.aux                                 generated document / build artefact
  main.fdb_latexmk                         generated document / build artefact
  main.fls                                 generated document / build artefact
  main.log                                 generated document / build artefact
  main.out                                 generated document / build artefact
  main.pdf                                 generated document / build artefact
  main.tex                                 generated document / build artefact
  media\image1.jpeg                        renderer-generated media
  media\image10.jpeg                       renderer-generated media
  media\image4.jpeg                        renderer-generated media
  media\image5.png                         renderer-generated media
  media\image6.png                         renderer-generated media
  media\image7.png                         renderer-generated media
  media\image8.jpeg                        renderer-generated media
  media\image9.jpeg                        renderer-generated media
  media\office_obj_1.png                   renderer-generated media
  NSP1.cls                                 template resource (document class)
  paper.aux                                generated document / build artefact
  paper.log                                generated document / build artefact
  paper.out                                generated document / build artefact
  paper.pdf                                template resource (graphic (PDF))
  paper.synctex.gz                         generated document / build artefact
  paper.tex                                template resource (included source)
  psfig.sty                                template resource (package / style)
  Ref. JSAP paper.tex                      template resource (included source)
  template.json                            template metadata
[2026-07-22 00:44:53,390] [INFO] [latex_compiler.py:144]: Dependency resolution (26 references):
  [LOCAL  ] documentclass   NSP1
  [SYSTEM ] usepackage      url
  [SYSTEM ] usepackage      floatflt
  [SYSTEM ] usepackage      cite
  [SYSTEM ] usepackage      helvet
  [SYSTEM ] usepackage      times
  [LOCAL  ] usepackage      psfig
  [SYSTEM ] usepackage      graphicx
  [SYSTEM ] usepackage      mathptmx
  [SYSTEM ] usepackage      amsmath
  [SYSTEM ] usepackage      amssymb
  [SYSTEM ] usepackage      bm
  [SYSTEM ] usepackage      float
  [SYSTEM ] usepackage      caption
  [SYSTEM ] usepackage      placeins
  [SYSTEM ] usepackage      booktabs
  [SYSTEM ] usepackage      array
  [SYSTEM ] usepackage      multirow
  [SYSTEM ] usepackage      makecell
  [SYSTEM ] usepackage      xcolor
  [SYSTEM ] usepackage      geometry
  [DYNAMIC] includegraphics #1
  [LOCAL  ] includegraphics media/office_obj_1.png
  [LOCAL  ] includegraphics media/image5.png
  [LOCAL  ] includegraphics media/image6.png
  [LOCAL  ] includegraphics media/image7.png
[2026-07-22 00:44:53,391] [INFO] [latex_compiler.py:357]: Using latexmk compiler.
[2026-07-22 00:44:58,094] [INFO] [latex_compiler.py:424]: Compilation completed successfully. PDF generated at: G:\work\Journal2LaTeX\backend\temp\336e11c2-3434-4720-b07f-40db05384bc9\output\paper.pdf
[2026-07-22 00:45:05,566] [INFO] [latex_compiler.py:321]: Starting LaTeX compilation for: G:\work\Journal2LaTeX\backend\temp\336e11c2-3434-4720-b07f-40db05384bc9\rendered\main.tex
[2026-07-22 00:45:05,570] [INFO] [latex_compiler.py:125]: Rendered working directory tree before compilation:
  chart1.png
  chart2.png
  chart3.png
  chart4.png
  everyshi.sty
  logo7pt-eps-converted-to.pdf
  logo7pt.eps
  main.aux
  main.fdb_latexmk
  main.fls
  main.log
  main.out
  main.pdf
  main.tex
  media/
    image1.jpeg
    image10.jpeg
    image4.jpeg
    image5.png
    image6.png
    image7.png
    image8.jpeg
    image9.jpeg
    office_obj_1.png
  NSP1.cls
  paper.aux
  paper.log
  paper.out
  paper.pdf
  paper.synctex.gz
  paper.tex
  psfig.sty
  Ref. JSAP paper.tex
  template.json
[2026-07-22 00:45:05,573] [INFO] [latex_compiler.py:131]: Template resource manifest (33 files):
  chart1.png                               template resource (graphic (PNG))
  chart2.png                               template resource (graphic (PNG))
  chart3.png                               template resource (graphic (PNG))
  chart4.png                               template resource (graphic (PNG))
  everyshi.sty                             template resource (package / style)
  logo7pt-eps-converted-to.pdf             template resource (graphic (PDF))
  logo7pt.eps                              template resource (graphic (EPS))
  main.aux                                 generated document / build artefact
  main.fdb_latexmk                         generated document / build artefact
  main.fls                                 generated document / build artefact
  main.log                                 generated document / build artefact
  main.out                                 generated document / build artefact
  main.pdf                                 generated document / build artefact
  main.tex                                 generated document / build artefact
  media\image1.jpeg                        renderer-generated media
  media\image10.jpeg                       renderer-generated media
  media\image4.jpeg                        renderer-generated media
  media\image5.png                         renderer-generated media
  media\image6.png                         renderer-generated media
  media\image7.png                         renderer-generated media
  media\image8.jpeg                        renderer-generated media
  media\image9.jpeg                        renderer-generated media
  media\office_obj_1.png                   renderer-generated media
  NSP1.cls                                 template resource (document class)
  paper.aux                                generated document / build artefact
  paper.log                                generated document / build artefact
  paper.out                                generated document / build artefact
  paper.pdf                                template resource (graphic (PDF))
  paper.synctex.gz                         generated document / build artefact
  paper.tex                                template resource (included source)
  psfig.sty                                template resource (package / style)
  Ref. JSAP paper.tex                      template resource (included source)
  template.json                            template metadata
[2026-07-22 00:45:05,721] [INFO] [latex_compiler.py:144]: Dependency resolution (26 references):
  [LOCAL  ] documentclass   NSP1
  [SYSTEM ] usepackage      url
  [SYSTEM ] usepackage      floatflt
  [SYSTEM ] usepackage      cite
  [SYSTEM ] usepackage      helvet
  [SYSTEM ] usepackage      times
  [LOCAL  ] usepackage      psfig
  [SYSTEM ] usepackage      graphicx
  [SYSTEM ] usepackage      mathptmx
  [SYSTEM ] usepackage      amsmath
  [SYSTEM ] usepackage      amssymb
  [SYSTEM ] usepackage      bm
  [SYSTEM ] usepackage      float
  [SYSTEM ] usepackage      caption
  [SYSTEM ] usepackage      placeins
  [SYSTEM ] usepackage      booktabs
  [SYSTEM ] usepackage      array
  [SYSTEM ] usepackage      multirow
  [SYSTEM ] usepackage      makecell
  [SYSTEM ] usepackage      xcolor
  [SYSTEM ] usepackage      geometry
  [DYNAMIC] includegraphics #1
  [LOCAL  ] includegraphics media/office_obj_1.png
  [LOCAL  ] includegraphics media/image5.png
  [LOCAL  ] includegraphics media/image6.png
  [LOCAL  ] includegraphics media/image7.png
[2026-07-22 00:45:05,722] [INFO] [latex_compiler.py:357]: Using latexmk compiler.
[2026-07-22 00:45:10,115] [INFO] [latex_compiler.py:424]: Compilation completed successfully. PDF generated at: G:\work\Journal2LaTeX\backend\temp\336e11c2-3434-4720-b07f-40db05384bc9\output\paper.pdf
[2026-07-22 00:45:17,777] [INFO] [latex_compiler.py:321]: Starting LaTeX compilation for: G:\work\Journal2LaTeX\backend\temp\336e11c2-3434-4720-b07f-40db05384bc9\rendered\main.tex
[2026-07-22 00:45:17,780] [INFO] [latex_compiler.py:125]: Rendered working directory tree before compilation:
  chart1.png
  chart2.png
  chart3.png
  chart4.png
  everyshi.sty
  logo7pt-eps-converted-to.pdf
  logo7pt.eps
  main.aux
  main.fdb_latexmk
  main.fls
  main.log
  main.out
  main.pdf
  main.tex
  media/
    image1.jpeg
    image10.jpeg
    image4.jpeg
    image5.png
    image6.png
    image7.png
    image8.jpeg
    image9.jpeg
    office_obj_1.png
  NSP1.cls
  paper.aux
  paper.log
  paper.out
  paper.pdf
  paper.synctex.gz
  paper.tex
  psfig.sty
  Ref. JSAP paper.tex
  template.json
[2026-07-22 00:45:17,782] [INFO] [latex_compiler.py:131]: Template resource manifest (33 files):
  chart1.png                               template resource (graphic (PNG))
  chart2.png                               template resource (graphic (PNG))
  chart3.png                               template resource (graphic (PNG))
  chart4.png                               template resource (graphic (PNG))
  everyshi.sty                             template resource (package / style)
  logo7pt-eps-converted-to.pdf             template resource (graphic (PDF))
  logo7pt.eps                              template resource (graphic (EPS))
  main.aux                                 generated document / build artefact
  main.fdb_latexmk                         generated document / build artefact
  main.fls                                 generated document / build artefact
  main.log                                 generated document / build artefact
  main.out                                 generated document / build artefact
  main.pdf                                 generated document / build artefact
  main.tex                                 generated document / build artefact
  media\image1.jpeg                        renderer-generated media
  media\image10.jpeg                       renderer-generated media
  media\image4.jpeg                        renderer-generated media
  media\image5.png                         renderer-generated media
  media\image6.png                         renderer-generated media
  media\image7.png                         renderer-generated media
  media\image8.jpeg                        renderer-generated media
  media\image9.jpeg                        renderer-generated media
  media\office_obj_1.png                   renderer-generated media
  NSP1.cls                                 template resource (document class)
  paper.aux                                generated document / build artefact
  paper.log                                generated document / build artefact
  paper.out                                generated document / build artefact
  paper.pdf                                template resource (graphic (PDF))
  paper.synctex.gz                         generated document / build artefact
  paper.tex                                template resource (included source)
  psfig.sty                                template resource (package / style)
  Ref. JSAP paper.tex                      template resource (included source)
  template.json                            template metadata
[2026-07-22 00:45:17,905] [INFO] [latex_compiler.py:144]: Dependency resolution (26 references):
  [LOCAL  ] documentclass   NSP1
  [SYSTEM ] usepackage      url
  [SYSTEM ] usepackage      floatflt
  [SYSTEM ] usepackage      cite
  [SYSTEM ] usepackage      helvet
  [SYSTEM ] usepackage      times
  [LOCAL  ] usepackage      psfig
  [SYSTEM ] usepackage      graphicx
  [SYSTEM ] usepackage      mathptmx
  [SYSTEM ] usepackage      amsmath
  [SYSTEM ] usepackage      amssymb
  [SYSTEM ] usepackage      bm
  [SYSTEM ] usepackage      float
  [SYSTEM ] usepackage      caption
  [SYSTEM ] usepackage      placeins
  [SYSTEM ] usepackage      booktabs
  [SYSTEM ] usepackage      array
  [SYSTEM ] usepackage      multirow
  [SYSTEM ] usepackage      makecell
  [SYSTEM ] usepackage      xcolor
  [SYSTEM ] usepackage      geometry
  [DYNAMIC] includegraphics #1
  [LOCAL  ] includegraphics media/office_obj_1.png
  [LOCAL  ] includegraphics media/image5.png
  [LOCAL  ] includegraphics media/image6.png
  [LOCAL  ] includegraphics media/image7.png
[2026-07-22 00:45:17,906] [INFO] [latex_compiler.py:357]: Using latexmk compiler.
[2026-07-22 00:45:22,522] [INFO] [latex_compiler.py:424]: Compilation completed successfully. PDF generated at: G:\work\Journal2LaTeX\backend\temp\336e11c2-3434-4720-b07f-40db05384bc9\output\paper.pdf
