[2026-07-18 18:34:21,528] [INFO] [job_manager.py:117]: Job 44d755bf-580e-456d-a452-b67e170de467 workspace created successfully
[2026-07-18 18:34:21,529] [INFO] [pipeline_service.py:36]: Starting validation for job: 44d755bf-580e-456d-a452-b67e170de467
[2026-07-18 18:34:21,541] [INFO] [job_manager.py:161]: Job status updated to: VALIDATING
[2026-07-18 18:34:21,552] [INFO] [job_manager.py:185]: Progress updated to 10%: Validating input Word Document
[2026-07-18 18:34:21,565] [INFO] [pipeline_service.py:51]: Validation successful.
[2026-07-18 18:34:21,579] [INFO] [job_manager.py:185]: Progress updated to 20%: Input document validated successfully
[2026-07-18 18:34:21,579] [INFO] [pipeline_service.py:58]: Starting document analysis for job: 44d755bf-580e-456d-a452-b67e170de467
[2026-07-18 18:34:21,591] [INFO] [job_manager.py:161]: Job status updated to: ANALYZING_DOCUMENT
[2026-07-18 18:34:21,606] [INFO] [job_manager.py:185]: Progress updated to 30%: Analyzing document structure and content blocks
[2026-07-18 18:34:21,606] [INFO] [document_analyzer.py:33]: Starting improved document analysis for: G:\work\Journal2LaTeX\temp\44d755bf-580e-456d-a452-b67e170de467\input\style_harvard.docx
[2026-07-18 18:34:21,809] [INFO] [document_analyzer.py:416]: Parsed document: title='Test Document Title', authors=2, sections=1, references=1
[2026-07-18 18:34:21,810] [INFO] [pipeline_service.py:86]: Document analysis completed. Saved structure to: G:\work\Journal2LaTeX\temp\44d755bf-580e-456d-a452-b67e170de467\intermediate\document_structure.json, report to: G:\work\Journal2LaTeX\temp\44d755bf-580e-456d-a452-b67e170de467\intermediate\conversion_report.json
[2026-07-18 18:34:21,826] [INFO] [job_manager.py:185]: Progress updated to 45%: Document structure extracted successfully
[2026-07-18 18:34:21,826] [INFO] [pipeline_service.py:99]: Starting asset extraction for job: 44d755bf-580e-456d-a452-b67e170de467
[2026-07-18 18:34:21,844] [INFO] [job_manager.py:161]: Job status updated to: EXTRACTING_ASSETS
[2026-07-18 18:34:21,859] [INFO] [job_manager.py:185]: Progress updated to 50%: Extracting images and figure assets from document
[2026-07-18 18:34:22,083] [INFO] [pipeline_service.py:111]: Assets extracted to: G:\work\Journal2LaTeX\temp\44d755bf-580e-456d-a452-b67e170de467\intermediate\media
[2026-07-18 18:34:22,097] [INFO] [job_manager.py:185]: Progress updated to 60%: Document assets extracted successfully
[2026-07-18 18:34:22,097] [INFO] [pipeline_service.py:123]: Classifying extracted assets for job: 44d755bf-580e-456d-a452-b67e170de467
[2026-07-18 18:34:22,097] [INFO] [asset_analyzer.py:23]: Starting extended asset analysis for job: 44d755bf-580e-456d-a452-b67e170de467
[2026-07-18 18:34:22,099] [INFO] [asset_analyzer.py:153]: Extended asset classification completed. Assets classified: 0
[2026-07-18 18:34:22,113] [INFO] [job_manager.py:185]: Progress updated to 65%: Extracted assets analyzed and mapped successfully
[2026-07-18 18:34:22,113] [INFO] [pipeline_service.py:139]: Loading template default for job: 44d755bf-580e-456d-a452-b67e170de467
[2026-07-18 18:34:22,125] [INFO] [job_manager.py:161]: Job status updated to: LOADING_TEMPLATE
[2026-07-18 18:34:22,140] [INFO] [job_manager.py:185]: Progress updated to 70%: Loading template styles: default
[2026-07-18 18:34:22,146] [INFO] [pipeline_service.py:157]: Template loaded and workspace prepared at: G:\work\Journal2LaTeX\temp\44d755bf-580e-456d-a452-b67e170de467\rendered
[2026-07-18 18:34:22,160] [INFO] [job_manager.py:185]: Progress updated to 80%: Template workspace initialized
[2026-07-18 18:34:22,161] [INFO] [pipeline_service.py:170]: Starting LaTeX rendering for job: 44d755bf-580e-456d-a452-b67e170de467
[2026-07-18 18:34:22,173] [INFO] [job_manager.py:161]: Job status updated to: RENDERING_LATEX
[2026-07-18 18:34:22,188] [INFO] [job_manager.py:185]: Progress updated to 85%: Rendering document content to LaTeX
[2026-07-18 18:34:22,190] [INFO] [latex_renderer.py:70]: Starting LaTeX rendering inside workspace: G:\work\Journal2LaTeX\temp\44d755bf-580e-456d-a452-b67e170de467\rendered
[2026-07-18 18:34:22,196] [INFO] [latex_renderer.py:337]: LaTeX document main.tex rendered successfully.
[2026-07-18 18:34:22,216] [INFO] [job_manager.py:185]: Progress updated to 90%: LaTeX document rendering completed
[2026-07-18 18:34:22,217] [INFO] [pipeline_service.py:204]: Starting document compilation for job: 44d755bf-580e-456d-a452-b67e170de467
[2026-07-18 18:34:22,232] [INFO] [job_manager.py:161]: Job status updated to: COMPILING
[2026-07-18 18:34:22,247] [INFO] [job_manager.py:185]: Progress updated to 92%: Compiling LaTeX source to PDF
[2026-07-18 18:34:24,716] [INFO] [pipeline_service.py:226]: Compilation completed successfully.
