[2026-07-23 15:00:59,984] [INFO] [latex_compiler.py:337]: Starting LaTeX compilation for: G:\work\Journal2LaTeX\backend\temp\c3f3d9c2-6689-4960-9508-d0480d69696e\rendered\main.tex
[2026-07-23 15:00:59,991] [INFO] [latex_compiler.py:364]: Applied template compatibility layer to main.tex
[2026-07-23 15:00:59,993] [INFO] [latex_compiler.py:126]: Rendered working directory tree before compilation:
  default.cls
  default.sty
  logo.png
  main.tex
  media/
  template.json
  template.tex
[2026-07-23 15:00:59,994] [INFO] [latex_compiler.py:132]: Template resource manifest (6 files):
  default.cls                              template resource (document class)
  default.sty                              template resource (package / style)
  logo.png                                 template resource (graphic (PNG))
  main.tex                                 generated document / build artefact
  template.json                            template metadata
  template.tex                             template resource (included source)
[2026-07-23 15:01:00,475] [INFO] [latex_compiler.py:154]: Dependency resolution (3 references):
  [LOCAL  ] documentclass   default
  [SYSTEM ] usepackage      xcolor
  [LOCAL  ] usepackage      default
[2026-07-23 15:01:01,255] [INFO] [latex_compiler.py:395]: Using latexmk compiler.
[2026-07-23 15:01:04,154] [INFO] [latex_compiler.py:462]: Compilation completed successfully. PDF generated at: G:\work\Journal2LaTeX\backend\temp\c3f3d9c2-6689-4960-9508-d0480d69696e\output\paper.pdf
[2026-07-23 15:01:04,188] [INFO] [latex_compiler.py:337]: Starting LaTeX compilation for: G:\work\Journal2LaTeX\backend\temp\c3f3d9c2-6689-4960-9508-d0480d69696e\rendered\main.tex
[2026-07-23 15:01:04,191] [INFO] [latex_compiler.py:364]: Applied template compatibility layer to main.tex
[2026-07-23 15:01:04,192] [INFO] [latex_compiler.py:126]: Rendered working directory tree before compilation:
  default.cls
  default.sty
  logo.png
  main.aux
  main.fdb_latexmk
  main.fls
  main.log
  main.out
  main.pdf
  main.tex
  media/
  template.json
  template.tex
[2026-07-23 15:01:04,194] [INFO] [latex_compiler.py:132]: Template resource manifest (12 files):
  default.cls                              template resource (document class)
  default.sty                              template resource (package / style)
  logo.png                                 template resource (graphic (PNG))
  main.aux                                 generated document / build artefact
  main.fdb_latexmk                         generated document / build artefact
  main.fls                                 generated document / build artefact
  main.log                                 generated document / build artefact
  main.out                                 generated document / build artefact
  main.pdf                                 generated document / build artefact
  main.tex                                 generated document / build artefact
  template.json                            template metadata
  template.tex                             template resource (included source)
[2026-07-23 15:01:04,676] [INFO] [latex_compiler.py:154]: Dependency resolution (4 references):
  [LOCAL  ] documentclass   default
  [SYSTEM ] usepackage      xcolor
  [LOCAL  ] usepackage      default
  [SYSTEM ] usepackage      geometry
[2026-07-23 15:01:04,676] [INFO] [latex_compiler.py:395]: Using latexmk compiler.
[2026-07-23 15:01:06,366] [ERROR] [latex_compiler.py:450]: LaTeX compilation failed. PDF not generated. Check raw logs for details.
[2026-07-23 15:01:06,369] [INFO] [latex_compiler.py:337]: Starting LaTeX compilation for: G:\work\Journal2LaTeX\backend\temp\c3f3d9c2-6689-4960-9508-d0480d69696e\rendered\main.tex
[2026-07-23 15:01:06,371] [INFO] [latex_compiler.py:364]: Applied template compatibility layer to main.tex
[2026-07-23 15:01:06,372] [INFO] [latex_compiler.py:126]: Rendered working directory tree before compilation:
  default.cls
  default.sty
  logo.png
  main.aux
  main.fdb_latexmk
  main.fls
  main.log
  main.out
  main.tex
  media/
  template.json
  template.tex
[2026-07-23 15:01:06,374] [INFO] [latex_compiler.py:132]: Template resource manifest (11 files):
  default.cls                              template resource (document class)
  default.sty                              template resource (package / style)
  logo.png                                 template resource (graphic (PNG))
  main.aux                                 generated document / build artefact
  main.fdb_latexmk                         generated document / build artefact
  main.fls                                 generated document / build artefact
  main.log                                 generated document / build artefact
  main.out                                 generated document / build artefact
  main.tex                                 generated document / build artefact
  template.json                            template metadata
  template.tex                             template resource (included source)
[2026-07-23 15:01:06,377] [INFO] [latex_compiler.py:154]: Dependency resolution (3 references):
  [LOCAL  ] documentclass   default
  [SYSTEM ] usepackage      xcolor
  [LOCAL  ] usepackage      default
[2026-07-23 15:01:06,377] [INFO] [latex_compiler.py:395]: Using latexmk compiler.
[2026-07-23 15:01:08,072] [ERROR] [latex_compiler.py:450]: LaTeX compilation failed. PDF not generated. Check raw logs for details.
