[2026-07-23 15:00:59,378] [INFO] [job_manager.py:136]: Job c3f3d9c2-6689-4960-9508-d0480d69696e workspace created successfully
[2026-07-23 15:00:59,405] [INFO] [pipeline_service.py:45]: Starting validation for job: c3f3d9c2-6689-4960-9508-d0480d69696e
[2026-07-23 15:00:59,421] [INFO] [job_manager.py:180]: Job status updated to: VALIDATING
[2026-07-23 15:00:59,435] [INFO] [job_manager.py:204]: Progress updated to 10%: Validating input Word Document
[2026-07-23 15:00:59,440] [INFO] [pipeline_service.py:60]: Validation successful.
[2026-07-23 15:00:59,460] [INFO] [job_manager.py:204]: Progress updated to 20%: Input document validated successfully
[2026-07-23 15:00:59,460] [INFO] [pipeline_service.py:67]: Starting document analysis for job: c3f3d9c2-6689-4960-9508-d0480d69696e
[2026-07-23 15:00:59,479] [INFO] [job_manager.py:180]: Job status updated to: ANALYZING_DOCUMENT
[2026-07-23 15:00:59,497] [INFO] [job_manager.py:204]: Progress updated to 30%: Analyzing document structure and content blocks
[2026-07-23 15:00:59,497] [INFO] [document_analyzer.py:33]: Starting improved document analysis for: G:\work\Journal2LaTeX\backend\temp\c3f3d9c2-6689-4960-9508-d0480d69696e\input\sample.docx
[2026-07-23 15:00:59,539] [INFO] [document_analyzer.py:517]: Parsed document: title='Hello from Journal2LaTeX. This is a minimal DOCX document to verify the conversion engine.', authors=0, sections=0, references=0
[2026-07-23 15:00:59,541] [INFO] [pipeline_service.py:95]: Document analysis completed. Saved structure to: G:\work\Journal2LaTeX\backend\temp\c3f3d9c2-6689-4960-9508-d0480d69696e\intermediate\document_structure.json, report to: G:\work\Journal2LaTeX\backend\temp\c3f3d9c2-6689-4960-9508-d0480d69696e\intermediate\conversion_report.json
[2026-07-23 15:00:59,559] [INFO] [job_manager.py:204]: Progress updated to 45%: Document structure extracted successfully
[2026-07-23 15:00:59,559] [INFO] [pipeline_service.py:108]: Starting asset extraction for job: c3f3d9c2-6689-4960-9508-d0480d69696e
[2026-07-23 15:00:59,574] [INFO] [job_manager.py:180]: Job status updated to: EXTRACTING_ASSETS
[2026-07-23 15:00:59,594] [INFO] [job_manager.py:204]: Progress updated to 50%: Extracting images and figure assets from document
[2026-07-23 15:00:59,668] [INFO] [pipeline_service.py:141]: Assets extracted to: G:\work\Journal2LaTeX\backend\temp\c3f3d9c2-6689-4960-9508-d0480d69696e\intermediate\media
[2026-07-23 15:00:59,686] [INFO] [job_manager.py:204]: Progress updated to 60%: Document assets extracted successfully
[2026-07-23 15:00:59,686] [INFO] [pipeline_service.py:231]: Classifying extracted assets for job: c3f3d9c2-6689-4960-9508-d0480d69696e
[2026-07-23 15:00:59,686] [INFO] [asset_analyzer.py:23]: Starting extended asset analysis for job: c3f3d9c2-6689-4960-9508-d0480d69696e
[2026-07-23 15:00:59,688] [INFO] [asset_analyzer.py:153]: Extended asset classification completed. Assets classified: 0
[2026-07-23 15:00:59,703] [INFO] [job_manager.py:204]: Progress updated to 65%: Extracted assets analyzed and mapped successfully
[2026-07-23 15:00:59,725] [INFO] [pipeline_service.py:247]: Loading template default for job: c3f3d9c2-6689-4960-9508-d0480d69696e
[2026-07-23 15:00:59,738] [INFO] [job_manager.py:180]: Job status updated to: LOADING_TEMPLATE
[2026-07-23 15:00:59,751] [INFO] [job_manager.py:204]: Progress updated to 70%: Loading template styles: default
[2026-07-23 15:00:59,788] [INFO] [pipeline_service.py:269]: Template loaded and workspace prepared at: G:\work\Journal2LaTeX\backend\temp\c3f3d9c2-6689-4960-9508-d0480d69696e\rendered
[2026-07-23 15:00:59,805] [INFO] [job_manager.py:204]: Progress updated to 80%: Template workspace initialized
[2026-07-23 15:00:59,806] [INFO] [pipeline_service.py:294]: Starting LaTeX rendering for job: c3f3d9c2-6689-4960-9508-d0480d69696e
[2026-07-23 15:00:59,824] [INFO] [job_manager.py:180]: Job status updated to: RENDERING_LATEX
[2026-07-23 15:00:59,842] [INFO] [job_manager.py:204]: Progress updated to 85%: Rendering document content to LaTeX
[2026-07-23 15:00:59,844] [INFO] [latex_renderer.py:72]: Starting LaTeX rendering inside workspace: G:\work\Journal2LaTeX\backend\temp\c3f3d9c2-6689-4960-9508-d0480d69696e\rendered
[2026-07-23 15:00:59,926] [INFO] [latex_renderer.py:386]: LaTeX document main.tex rendered successfully.
[2026-07-23 15:00:59,946] [INFO] [job_manager.py:204]: Progress updated to 90%: LaTeX document rendering completed
[2026-07-23 15:00:59,946] [INFO] [pipeline_service.py:357]: Starting document compilation for job: c3f3d9c2-6689-4960-9508-d0480d69696e
[2026-07-23 15:00:59,966] [INFO] [job_manager.py:180]: Job status updated to: COMPILING
[2026-07-23 15:00:59,983] [INFO] [job_manager.py:204]: Progress updated to 92%: Compiling LaTeX source to PDF
[2026-07-23 15:01:04,169] [INFO] [pipeline_service.py:380]: Compilation completed successfully.
[2026-07-23 15:01:04,169] [INFO] [pipeline_service.py:395]: Running E2E publication fidelity checker for job: c3f3d9c2-6689-4960-9508-d0480d69696e
[2026-07-23 15:01:04,169] [INFO] [fidelity_checker.py:24]: Generating advanced fidelity report and scores for job: c3f3d9c2-6689-4960-9508-d0480d69696e
[2026-07-23 15:01:04,170] [INFO] [fidelity_checker.py:163]: Fidelity report written to G:\work\Journal2LaTeX\backend\temp\c3f3d9c2-6689-4960-9508-d0480d69696e\intermediate\fidelity_report.json. Overall Score: 70.0%, Critical missing: 0
[2026-07-23 15:01:04,188] [INFO] [pipeline_service.py:357]: Starting document compilation for job: c3f3d9c2-6689-4960-9508-d0480d69696e
[2026-07-23 15:01:06,367] [ERROR] [pipeline_service.py:385]: LaTeX compilation failed: LaTeX compilation failed. PDF not generated.
[2026-07-23 15:01:06,368] [WARNING] [job_manager.py:250]: Job warning added: LaTeX compilation failed: LaTeX compilation failed. PDF not generated.
[2026-07-23 15:01:06,369] [INFO] [pipeline_service.py:357]: Starting document compilation for job: c3f3d9c2-6689-4960-9508-d0480d69696e
[2026-07-23 15:01:08,072] [ERROR] [pipeline_service.py:385]: LaTeX compilation failed: LaTeX compilation failed. PDF not generated.
[2026-07-23 15:01:08,086] [WARNING] [job_manager.py:250]: Job warning added: LaTeX compilation failed: LaTeX compilation failed. PDF not generated.
[2026-07-23 15:01:08,106] [INFO] [job_manager.py:180]: Job status updated to: COMPLETED
[2026-07-23 15:01:08,122] [INFO] [job_manager.py:204]: Progress updated to 100%: Pipeline process completed successfully
