[2026-07-22 01:10:41,142] [INFO] [latex_compiler.py:321]: Starting LaTeX compilation for: G:\work\Journal2LaTeX\backend\temp\561cc40c-3028-4b1b-9495-35893e8bba82\rendered\main.tex
[2026-07-22 01:10:41,147] [INFO] [latex_compiler.py:125]: Rendered working directory tree before compilation:
  chart1.png
  chart2.png
  chart3.png
  chart4.png
  everyshi.sty
  logo7pt-eps-converted-to.pdf
  logo7pt.eps
  main.tex
  media/
    image1.jpeg
    image10.jpeg
    image4.jpeg
    image5.png
    image6.png
    image7.png
    image8.jpeg
    image9.jpeg
    office_obj_1.png
  NSP1.cls
  paper.aux
  paper.log
  paper.out
  paper.pdf
  paper.synctex.gz
  paper.tex
  psfig.sty
  Ref. JSAP paper.tex
  template.json
[2026-07-22 01:10:41,152] [INFO] [latex_compiler.py:131]: Template resource manifest (27 files):
  chart1.png                               template resource (graphic (PNG))
  chart2.png                               template resource (graphic (PNG))
  chart3.png                               template resource (graphic (PNG))
  chart4.png                               template resource (graphic (PNG))
  everyshi.sty                             template resource (package / style)
  logo7pt-eps-converted-to.pdf             template resource (graphic (PDF))
  logo7pt.eps                              template resource (graphic (EPS))
  main.tex                                 generated document / build artefact
  media\image1.jpeg                        renderer-generated media
  media\image10.jpeg                       renderer-generated media
  media\image4.jpeg                        renderer-generated media
  media\image5.png                         renderer-generated media
  media\image6.png                         renderer-generated media
  media\image7.png                         renderer-generated media
  media\image8.jpeg                        renderer-generated media
  media\image9.jpeg                        renderer-generated media
  media\office_obj_1.png                   renderer-generated media
  NSP1.cls                                 template resource (document class)
  paper.aux                                generated document / build artefact
  paper.log                                generated document / build artefact
  paper.out                                generated document / build artefact
  paper.pdf                                template resource (graphic (PDF))
  paper.synctex.gz                         generated document / build artefact
  paper.tex                                template resource (included source)
  psfig.sty                                template resource (package / style)
  Ref. JSAP paper.tex                      template resource (included source)
  template.json                            template metadata
[2026-07-22 01:10:49,255] [INFO] [latex_compiler.py:144]: Dependency resolution (25 references):
  [LOCAL  ] documentclass   NSP1
  [SYSTEM ] usepackage      url
  [SYSTEM ] usepackage      floatflt
  [SYSTEM ] usepackage      cite
  [SYSTEM ] usepackage      helvet
  [SYSTEM ] usepackage      times
  [LOCAL  ] usepackage      psfig
  [SYSTEM ] usepackage      graphicx
  [SYSTEM ] usepackage      mathptmx
  [SYSTEM ] usepackage      amsmath
  [SYSTEM ] usepackage      amssymb
  [SYSTEM ] usepackage      bm
  [SYSTEM ] usepackage      float
  [SYSTEM ] usepackage      caption
  [SYSTEM ] usepackage      placeins
  [SYSTEM ] usepackage      booktabs
  [SYSTEM ] usepackage      array
  [SYSTEM ] usepackage      multirow
  [SYSTEM ] usepackage      makecell
  [SYSTEM ] usepackage      xcolor
  [DYNAMIC] includegraphics #1
  [LOCAL  ] includegraphics media/office_obj_1.png
  [LOCAL  ] includegraphics media/image5.png
  [LOCAL  ] includegraphics media/image6.png
  [LOCAL  ] includegraphics media/image7.png
[2026-07-22 01:10:49,951] [INFO] [latex_compiler.py:357]: Using latexmk compiler.
[2026-07-22 01:10:54,043] [INFO] [latex_compiler.py:424]: Compilation completed successfully. PDF generated at: G:\work\Journal2LaTeX\backend\temp\561cc40c-3028-4b1b-9495-35893e8bba82\output\paper.pdf
[2026-07-22 01:10:54,081] [INFO] [latex_compiler.py:321]: Starting LaTeX compilation for: G:\work\Journal2LaTeX\backend\temp\561cc40c-3028-4b1b-9495-35893e8bba82\rendered\main.tex
[2026-07-22 01:10:54,086] [INFO] [latex_compiler.py:125]: Rendered working directory tree before compilation:
  chart1.png
  chart2.png
  chart3.png
  chart4.png
  everyshi.sty
  logo7pt-eps-converted-to.pdf
  logo7pt.eps
  main.aux
  main.fdb_latexmk
  main.fls
  main.log
  main.out
  main.pdf
  main.tex
  media/
    image1.jpeg
    image10.jpeg
    image4.jpeg
    image5.png
    image6.png
    image7.png
    image8.jpeg
    image9.jpeg
    office_obj_1.png
  NSP1.cls
  paper.aux
  paper.log
  paper.out
  paper.pdf
  paper.synctex.gz
  paper.tex
  psfig.sty
  Ref. JSAP paper.tex
  template.json
[2026-07-22 01:10:54,089] [INFO] [latex_compiler.py:131]: Template resource manifest (33 files):
  chart1.png                               template resource (graphic (PNG))
  chart2.png                               template resource (graphic (PNG))
  chart3.png                               template resource (graphic (PNG))
  chart4.png                               template resource (graphic (PNG))
  everyshi.sty                             template resource (package / style)
  logo7pt-eps-converted-to.pdf             template resource (graphic (PDF))
  logo7pt.eps                              template resource (graphic (EPS))
  main.aux                                 generated document / build artefact
  main.fdb_latexmk                         generated document / build artefact
  main.fls                                 generated document / build artefact
  main.log                                 generated document / build artefact
  main.out                                 generated document / build artefact
  main.pdf                                 generated document / build artefact
  main.tex                                 generated document / build artefact
  media\image1.jpeg                        renderer-generated media
  media\image10.jpeg                       renderer-generated media
  media\image4.jpeg                        renderer-generated media
  media\image5.png                         renderer-generated media
  media\image6.png                         renderer-generated media
  media\image7.png                         renderer-generated media
  media\image8.jpeg                        renderer-generated media
  media\image9.jpeg                        renderer-generated media
  media\office_obj_1.png                   renderer-generated media
  NSP1.cls                                 template resource (document class)
  paper.aux                                generated document / build artefact
  paper.log                                generated document / build artefact
  paper.out                                generated document / build artefact
  paper.pdf                                template resource (graphic (PDF))
  paper.synctex.gz                         generated document / build artefact
  paper.tex                                template resource (included source)
  psfig.sty                                template resource (package / style)
  Ref. JSAP paper.tex                      template resource (included source)
  template.json                            template metadata
[2026-07-22 01:10:54,630] [INFO] [latex_compiler.py:144]: Dependency resolution (26 references):
  [LOCAL  ] documentclass   NSP1
  [SYSTEM ] usepackage      url
  [SYSTEM ] usepackage      floatflt
  [SYSTEM ] usepackage      cite
  [SYSTEM ] usepackage      helvet
  [SYSTEM ] usepackage      times
  [LOCAL  ] usepackage      psfig
  [SYSTEM ] usepackage      graphicx
  [SYSTEM ] usepackage      mathptmx
  [SYSTEM ] usepackage      amsmath
  [SYSTEM ] usepackage      amssymb
  [SYSTEM ] usepackage      bm
  [SYSTEM ] usepackage      float
  [SYSTEM ] usepackage      caption
  [SYSTEM ] usepackage      placeins
  [SYSTEM ] usepackage      booktabs
  [SYSTEM ] usepackage      array
  [SYSTEM ] usepackage      multirow
  [SYSTEM ] usepackage      makecell
  [SYSTEM ] usepackage      xcolor
  [SYSTEM ] usepackage      geometry
  [DYNAMIC] includegraphics #1
  [LOCAL  ] includegraphics media/office_obj_1.png
  [LOCAL  ] includegraphics media/image5.png
  [LOCAL  ] includegraphics media/image6.png
  [LOCAL  ] includegraphics media/image7.png
[2026-07-22 01:10:54,631] [INFO] [latex_compiler.py:357]: Using latexmk compiler.
[2026-07-22 01:10:58,030] [INFO] [latex_compiler.py:424]: Compilation completed successfully. PDF generated at: G:\work\Journal2LaTeX\backend\temp\561cc40c-3028-4b1b-9495-35893e8bba82\output\paper.pdf
[2026-07-22 01:11:13,780] [INFO] [latex_compiler.py:321]: Starting LaTeX compilation for: G:\work\Journal2LaTeX\backend\temp\561cc40c-3028-4b1b-9495-35893e8bba82\rendered\main.tex
[2026-07-22 01:11:13,784] [INFO] [latex_compiler.py:125]: Rendered working directory tree before compilation:
  chart1.png
  chart2.png
  chart3.png
  chart4.png
  everyshi.sty
  logo7pt-eps-converted-to.pdf
  logo7pt.eps
  main.aux
  main.fdb_latexmk
  main.fls
  main.log
  main.out
  main.pdf
  main.tex
  media/
    image1.jpeg
    image10.jpeg
    image4.jpeg
    image5.png
    image6.png
    image7.png
    image8.jpeg
    image9.jpeg
    office_obj_1.png
  NSP1.cls
  paper.aux
  paper.log
  paper.out
  paper.pdf
  paper.synctex.gz
  paper.tex
  psfig.sty
  Ref. JSAP paper.tex
  template.json
[2026-07-22 01:11:13,787] [INFO] [latex_compiler.py:131]: Template resource manifest (33 files):
  chart1.png                               template resource (graphic (PNG))
  chart2.png                               template resource (graphic (PNG))
  chart3.png                               template resource (graphic (PNG))
  chart4.png                               template resource (graphic (PNG))
  everyshi.sty                             template resource (package / style)
  logo7pt-eps-converted-to.pdf             template resource (graphic (PDF))
  logo7pt.eps                              template resource (graphic (EPS))
  main.aux                                 generated document / build artefact
  main.fdb_latexmk                         generated document / build artefact
  main.fls                                 generated document / build artefact
  main.log                                 generated document / build artefact
  main.out                                 generated document / build artefact
  main.pdf                                 generated document / build artefact
  main.tex                                 generated document / build artefact
  media\image1.jpeg                        renderer-generated media
  media\image10.jpeg                       renderer-generated media
  media\image4.jpeg                        renderer-generated media
  media\image5.png                         renderer-generated media
  media\image6.png                         renderer-generated media
  media\image7.png                         renderer-generated media
  media\image8.jpeg                        renderer-generated media
  media\image9.jpeg                        renderer-generated media
  media\office_obj_1.png                   renderer-generated media
  NSP1.cls                                 template resource (document class)
  paper.aux                                generated document / build artefact
  paper.log                                generated document / build artefact
  paper.out                                generated document / build artefact
  paper.pdf                                template resource (graphic (PDF))
  paper.synctex.gz                         generated document / build artefact
  paper.tex                                template resource (included source)
  psfig.sty                                template resource (package / style)
  Ref. JSAP paper.tex                      template resource (included source)
  template.json                            template metadata
[2026-07-22 01:11:13,901] [INFO] [latex_compiler.py:144]: Dependency resolution (26 references):
  [LOCAL  ] documentclass   NSP1
  [SYSTEM ] usepackage      url
  [SYSTEM ] usepackage      floatflt
  [SYSTEM ] usepackage      cite
  [SYSTEM ] usepackage      helvet
  [SYSTEM ] usepackage      times
  [LOCAL  ] usepackage      psfig
  [SYSTEM ] usepackage      graphicx
  [SYSTEM ] usepackage      mathptmx
  [SYSTEM ] usepackage      amsmath
  [SYSTEM ] usepackage      amssymb
  [SYSTEM ] usepackage      bm
  [SYSTEM ] usepackage      float
  [SYSTEM ] usepackage      caption
  [SYSTEM ] usepackage      placeins
  [SYSTEM ] usepackage      booktabs
  [SYSTEM ] usepackage      array
  [SYSTEM ] usepackage      multirow
  [SYSTEM ] usepackage      makecell
  [SYSTEM ] usepackage      xcolor
  [SYSTEM ] usepackage      geometry
  [DYNAMIC] includegraphics #1
  [LOCAL  ] includegraphics media/office_obj_1.png
  [LOCAL  ] includegraphics media/image5.png
  [LOCAL  ] includegraphics media/image6.png
  [LOCAL  ] includegraphics media/image7.png
[2026-07-22 01:11:13,901] [INFO] [latex_compiler.py:357]: Using latexmk compiler.
[2026-07-22 01:11:17,508] [INFO] [latex_compiler.py:424]: Compilation completed successfully. PDF generated at: G:\work\Journal2LaTeX\backend\temp\561cc40c-3028-4b1b-9495-35893e8bba82\output\paper.pdf
[2026-07-22 01:11:25,484] [INFO] [latex_compiler.py:321]: Starting LaTeX compilation for: G:\work\Journal2LaTeX\backend\temp\561cc40c-3028-4b1b-9495-35893e8bba82\rendered\main.tex
[2026-07-22 01:11:25,488] [INFO] [latex_compiler.py:125]: Rendered working directory tree before compilation:
  chart1.png
  chart2.png
  chart3.png
  chart4.png
  everyshi.sty
  logo7pt-eps-converted-to.pdf
  logo7pt.eps
  main.aux
  main.fdb_latexmk
  main.fls
  main.log
  main.out
  main.pdf
  main.tex
  media/
    image1.jpeg
    image10.jpeg
    image4.jpeg
    image5.png
    image6.png
    image7.png
    image8.jpeg
    image9.jpeg
    office_obj_1.png
  NSP1.cls
  paper.aux
  paper.log
  paper.out
  paper.pdf
  paper.synctex.gz
  paper.tex
  psfig.sty
  Ref. JSAP paper.tex
  template.json
[2026-07-22 01:11:25,491] [INFO] [latex_compiler.py:131]: Template resource manifest (33 files):
  chart1.png                               template resource (graphic (PNG))
  chart2.png                               template resource (graphic (PNG))
  chart3.png                               template resource (graphic (PNG))
  chart4.png                               template resource (graphic (PNG))
  everyshi.sty                             template resource (package / style)
  logo7pt-eps-converted-to.pdf             template resource (graphic (PDF))
  logo7pt.eps                              template resource (graphic (EPS))
  main.aux                                 generated document / build artefact
  main.fdb_latexmk                         generated document / build artefact
  main.fls                                 generated document / build artefact
  main.log                                 generated document / build artefact
  main.out                                 generated document / build artefact
  main.pdf                                 generated document / build artefact
  main.tex                                 generated document / build artefact
  media\image1.jpeg                        renderer-generated media
  media\image10.jpeg                       renderer-generated media
  media\image4.jpeg                        renderer-generated media
  media\image5.png                         renderer-generated media
  media\image6.png                         renderer-generated media
  media\image7.png                         renderer-generated media
  media\image8.jpeg                        renderer-generated media
  media\image9.jpeg                        renderer-generated media
  media\office_obj_1.png                   renderer-generated media
  NSP1.cls                                 template resource (document class)
  paper.aux                                generated document / build artefact
  paper.log                                generated document / build artefact
  paper.out                                generated document / build artefact
  paper.pdf                                template resource (graphic (PDF))
  paper.synctex.gz                         generated document / build artefact
  paper.tex                                template resource (included source)
  psfig.sty                                template resource (package / style)
  Ref. JSAP paper.tex                      template resource (included source)
  template.json                            template metadata
[2026-07-22 01:11:25,597] [INFO] [latex_compiler.py:144]: Dependency resolution (26 references):
  [LOCAL  ] documentclass   NSP1
  [SYSTEM ] usepackage      url
  [SYSTEM ] usepackage      floatflt
  [SYSTEM ] usepackage      cite
  [SYSTEM ] usepackage      helvet
  [SYSTEM ] usepackage      times
  [LOCAL  ] usepackage      psfig
  [SYSTEM ] usepackage      graphicx
  [SYSTEM ] usepackage      mathptmx
  [SYSTEM ] usepackage      amsmath
  [SYSTEM ] usepackage      amssymb
  [SYSTEM ] usepackage      bm
  [SYSTEM ] usepackage      float
  [SYSTEM ] usepackage      caption
  [SYSTEM ] usepackage      placeins
  [SYSTEM ] usepackage      booktabs
  [SYSTEM ] usepackage      array
  [SYSTEM ] usepackage      multirow
  [SYSTEM ] usepackage      makecell
  [SYSTEM ] usepackage      xcolor
  [SYSTEM ] usepackage      geometry
  [DYNAMIC] includegraphics #1
  [LOCAL  ] includegraphics media/office_obj_1.png
  [LOCAL  ] includegraphics media/image5.png
  [LOCAL  ] includegraphics media/image6.png
  [LOCAL  ] includegraphics media/image7.png
[2026-07-22 01:11:25,597] [INFO] [latex_compiler.py:357]: Using latexmk compiler.
[2026-07-22 01:11:29,365] [INFO] [latex_compiler.py:424]: Compilation completed successfully. PDF generated at: G:\work\Journal2LaTeX\backend\temp\561cc40c-3028-4b1b-9495-35893e8bba82\output\paper.pdf
[2026-07-22 01:11:37,587] [INFO] [latex_compiler.py:321]: Starting LaTeX compilation for: G:\work\Journal2LaTeX\backend\temp\561cc40c-3028-4b1b-9495-35893e8bba82\rendered\main.tex
[2026-07-22 01:11:37,590] [INFO] [latex_compiler.py:125]: Rendered working directory tree before compilation:
  chart1.png
  chart2.png
  chart3.png
  chart4.png
  everyshi.sty
  logo7pt-eps-converted-to.pdf
  logo7pt.eps
  main.aux
  main.fdb_latexmk
  main.fls
  main.log
  main.out
  main.pdf
  main.tex
  media/
    image1.jpeg
    image10.jpeg
    image4.jpeg
    image5.png
    image6.png
    image7.png
    image8.jpeg
    image9.jpeg
    office_obj_1.png
  NSP1.cls
  paper.aux
  paper.log
  paper.out
  paper.pdf
  paper.synctex.gz
  paper.tex
  psfig.sty
  Ref. JSAP paper.tex
  template.json
[2026-07-22 01:11:37,594] [INFO] [latex_compiler.py:131]: Template resource manifest (33 files):
  chart1.png                               template resource (graphic (PNG))
  chart2.png                               template resource (graphic (PNG))
  chart3.png                               template resource (graphic (PNG))
  chart4.png                               template resource (graphic (PNG))
  everyshi.sty                             template resource (package / style)
  logo7pt-eps-converted-to.pdf             template resource (graphic (PDF))
  logo7pt.eps                              template resource (graphic (EPS))
  main.aux                                 generated document / build artefact
  main.fdb_latexmk                         generated document / build artefact
  main.fls                                 generated document / build artefact
  main.log                                 generated document / build artefact
  main.out                                 generated document / build artefact
  main.pdf                                 generated document / build artefact
  main.tex                                 generated document / build artefact
  media\image1.jpeg                        renderer-generated media
  media\image10.jpeg                       renderer-generated media
  media\image4.jpeg                        renderer-generated media
  media\image5.png                         renderer-generated media
  media\image6.png                         renderer-generated media
  media\image7.png                         renderer-generated media
  media\image8.jpeg                        renderer-generated media
  media\image9.jpeg                        renderer-generated media
  media\office_obj_1.png                   renderer-generated media
  NSP1.cls                                 template resource (document class)
  paper.aux                                generated document / build artefact
  paper.log                                generated document / build artefact
  paper.out                                generated document / build artefact
  paper.pdf                                template resource (graphic (PDF))
  paper.synctex.gz                         generated document / build artefact
  paper.tex                                template resource (included source)
  psfig.sty                                template resource (package / style)
  Ref. JSAP paper.tex                      template resource (included source)
  template.json                            template metadata
[2026-07-22 01:11:37,703] [INFO] [latex_compiler.py:144]: Dependency resolution (26 references):
  [LOCAL  ] documentclass   NSP1
  [SYSTEM ] usepackage      url
  [SYSTEM ] usepackage      floatflt
  [SYSTEM ] usepackage      cite
  [SYSTEM ] usepackage      helvet
  [SYSTEM ] usepackage      times
  [LOCAL  ] usepackage      psfig
  [SYSTEM ] usepackage      graphicx
  [SYSTEM ] usepackage      mathptmx
  [SYSTEM ] usepackage      amsmath
  [SYSTEM ] usepackage      amssymb
  [SYSTEM ] usepackage      bm
  [SYSTEM ] usepackage      float
  [SYSTEM ] usepackage      caption
  [SYSTEM ] usepackage      placeins
  [SYSTEM ] usepackage      booktabs
  [SYSTEM ] usepackage      array
  [SYSTEM ] usepackage      multirow
  [SYSTEM ] usepackage      makecell
  [SYSTEM ] usepackage      xcolor
  [SYSTEM ] usepackage      geometry
  [DYNAMIC] includegraphics #1
  [LOCAL  ] includegraphics media/office_obj_1.png
  [LOCAL  ] includegraphics media/image5.png
  [LOCAL  ] includegraphics media/image6.png
  [LOCAL  ] includegraphics media/image7.png
[2026-07-22 01:11:37,704] [INFO] [latex_compiler.py:357]: Using latexmk compiler.
[2026-07-22 01:11:41,554] [INFO] [latex_compiler.py:424]: Compilation completed successfully. PDF generated at: G:\work\Journal2LaTeX\backend\temp\561cc40c-3028-4b1b-9495-35893e8bba82\output\paper.pdf
[2026-07-22 01:11:50,158] [INFO] [latex_compiler.py:321]: Starting LaTeX compilation for: G:\work\Journal2LaTeX\backend\temp\561cc40c-3028-4b1b-9495-35893e8bba82\rendered\main.tex
[2026-07-22 01:11:50,162] [INFO] [latex_compiler.py:125]: Rendered working directory tree before compilation:
  chart1.png
  chart2.png
  chart3.png
  chart4.png
  everyshi.sty
  logo7pt-eps-converted-to.pdf
  logo7pt.eps
  main.aux
  main.fdb_latexmk
  main.fls
  main.log
  main.out
  main.pdf
  main.tex
  media/
    image1.jpeg
    image10.jpeg
    image4.jpeg
    image5.png
    image6.png
    image7.png
    image8.jpeg
    image9.jpeg
    office_obj_1.png
  NSP1.cls
  paper.aux
  paper.log
  paper.out
  paper.pdf
  paper.synctex.gz
  paper.tex
  psfig.sty
  Ref. JSAP paper.tex
  template.json
[2026-07-22 01:11:50,165] [INFO] [latex_compiler.py:131]: Template resource manifest (33 files):
  chart1.png                               template resource (graphic (PNG))
  chart2.png                               template resource (graphic (PNG))
  chart3.png                               template resource (graphic (PNG))
  chart4.png                               template resource (graphic (PNG))
  everyshi.sty                             template resource (package / style)
  logo7pt-eps-converted-to.pdf             template resource (graphic (PDF))
  logo7pt.eps                              template resource (graphic (EPS))
  main.aux                                 generated document / build artefact
  main.fdb_latexmk                         generated document / build artefact
  main.fls                                 generated document / build artefact
  main.log                                 generated document / build artefact
  main.out                                 generated document / build artefact
  main.pdf                                 generated document / build artefact
  main.tex                                 generated document / build artefact
  media\image1.jpeg                        renderer-generated media
  media\image10.jpeg                       renderer-generated media
  media\image4.jpeg                        renderer-generated media
  media\image5.png                         renderer-generated media
  media\image6.png                         renderer-generated media
  media\image7.png                         renderer-generated media
  media\image8.jpeg                        renderer-generated media
  media\image9.jpeg                        renderer-generated media
  media\office_obj_1.png                   renderer-generated media
  NSP1.cls                                 template resource (document class)
  paper.aux                                generated document / build artefact
  paper.log                                generated document / build artefact
  paper.out                                generated document / build artefact
  paper.pdf                                template resource (graphic (PDF))
  paper.synctex.gz                         generated document / build artefact
  paper.tex                                template resource (included source)
  psfig.sty                                template resource (package / style)
  Ref. JSAP paper.tex                      template resource (included source)
  template.json                            template metadata
[2026-07-22 01:11:50,274] [INFO] [latex_compiler.py:144]: Dependency resolution (26 references):
  [LOCAL  ] documentclass   NSP1
  [SYSTEM ] usepackage      url
  [SYSTEM ] usepackage      floatflt
  [SYSTEM ] usepackage      cite
  [SYSTEM ] usepackage      helvet
  [SYSTEM ] usepackage      times
  [LOCAL  ] usepackage      psfig
  [SYSTEM ] usepackage      graphicx
  [SYSTEM ] usepackage      mathptmx
  [SYSTEM ] usepackage      amsmath
  [SYSTEM ] usepackage      amssymb
  [SYSTEM ] usepackage      bm
  [SYSTEM ] usepackage      float
  [SYSTEM ] usepackage      caption
  [SYSTEM ] usepackage      placeins
  [SYSTEM ] usepackage      booktabs
  [SYSTEM ] usepackage      array
  [SYSTEM ] usepackage      multirow
  [SYSTEM ] usepackage      makecell
  [SYSTEM ] usepackage      xcolor
  [SYSTEM ] usepackage      geometry
  [DYNAMIC] includegraphics #1
  [LOCAL  ] includegraphics media/office_obj_1.png
  [LOCAL  ] includegraphics media/image5.png
  [LOCAL  ] includegraphics media/image6.png
  [LOCAL  ] includegraphics media/image7.png
[2026-07-22 01:11:50,275] [INFO] [latex_compiler.py:357]: Using latexmk compiler.
[2026-07-22 01:11:54,649] [INFO] [latex_compiler.py:424]: Compilation completed successfully. PDF generated at: G:\work\Journal2LaTeX\backend\temp\561cc40c-3028-4b1b-9495-35893e8bba82\output\paper.pdf
[2026-07-22 01:12:03,553] [INFO] [latex_compiler.py:321]: Starting LaTeX compilation for: G:\work\Journal2LaTeX\backend\temp\561cc40c-3028-4b1b-9495-35893e8bba82\rendered\main.tex
[2026-07-22 01:12:03,558] [INFO] [latex_compiler.py:125]: Rendered working directory tree before compilation:
  chart1.png
  chart2.png
  chart3.png
  chart4.png
  everyshi.sty
  logo7pt-eps-converted-to.pdf
  logo7pt.eps
  main.aux
  main.fdb_latexmk
  main.fls
  main.log
  main.out
  main.pdf
  main.tex
  media/
    image1.jpeg
    image10.jpeg
    image4.jpeg
    image5.png
    image6.png
    image7.png
    image8.jpeg
    image9.jpeg
    office_obj_1.png
  NSP1.cls
  paper.aux
  paper.log
  paper.out
  paper.pdf
  paper.synctex.gz
  paper.tex
  psfig.sty
  Ref. JSAP paper.tex
  template.json
[2026-07-22 01:12:03,563] [INFO] [latex_compiler.py:131]: Template resource manifest (33 files):
  chart1.png                               template resource (graphic (PNG))
  chart2.png                               template resource (graphic (PNG))
  chart3.png                               template resource (graphic (PNG))
  chart4.png                               template resource (graphic (PNG))
  everyshi.sty                             template resource (package / style)
  logo7pt-eps-converted-to.pdf             template resource (graphic (PDF))
  logo7pt.eps                              template resource (graphic (EPS))
  main.aux                                 generated document / build artefact
  main.fdb_latexmk                         generated document / build artefact
  main.fls                                 generated document / build artefact
  main.log                                 generated document / build artefact
  main.out                                 generated document / build artefact
  main.pdf                                 generated document / build artefact
  main.tex                                 generated document / build artefact
  media\image1.jpeg                        renderer-generated media
  media\image10.jpeg                       renderer-generated media
  media\image4.jpeg                        renderer-generated media
  media\image5.png                         renderer-generated media
  media\image6.png                         renderer-generated media
  media\image7.png                         renderer-generated media
  media\image8.jpeg                        renderer-generated media
  media\image9.jpeg                        renderer-generated media
  media\office_obj_1.png                   renderer-generated media
  NSP1.cls                                 template resource (document class)
  paper.aux                                generated document / build artefact
  paper.log                                generated document / build artefact
  paper.out                                generated document / build artefact
  paper.pdf                                template resource (graphic (PDF))
  paper.synctex.gz                         generated document / build artefact
  paper.tex                                template resource (included source)
  psfig.sty                                template resource (package / style)
  Ref. JSAP paper.tex                      template resource (included source)
  template.json                            template metadata
[2026-07-22 01:12:03,703] [INFO] [latex_compiler.py:144]: Dependency resolution (26 references):
  [LOCAL  ] documentclass   NSP1
  [SYSTEM ] usepackage      url
  [SYSTEM ] usepackage      floatflt
  [SYSTEM ] usepackage      cite
  [SYSTEM ] usepackage      helvet
  [SYSTEM ] usepackage      times
  [LOCAL  ] usepackage      psfig
  [SYSTEM ] usepackage      graphicx
  [SYSTEM ] usepackage      mathptmx
  [SYSTEM ] usepackage      amsmath
  [SYSTEM ] usepackage      amssymb
  [SYSTEM ] usepackage      bm
  [SYSTEM ] usepackage      float
  [SYSTEM ] usepackage      caption
  [SYSTEM ] usepackage      placeins
  [SYSTEM ] usepackage      booktabs
  [SYSTEM ] usepackage      array
  [SYSTEM ] usepackage      multirow
  [SYSTEM ] usepackage      makecell
  [SYSTEM ] usepackage      xcolor
  [SYSTEM ] usepackage      geometry
  [DYNAMIC] includegraphics #1
  [LOCAL  ] includegraphics media/office_obj_1.png
  [LOCAL  ] includegraphics media/image5.png
  [LOCAL  ] includegraphics media/image6.png
  [LOCAL  ] includegraphics media/image7.png
[2026-07-22 01:12:03,704] [INFO] [latex_compiler.py:357]: Using latexmk compiler.
[2026-07-22 01:12:08,935] [INFO] [latex_compiler.py:424]: Compilation completed successfully. PDF generated at: G:\work\Journal2LaTeX\backend\temp\561cc40c-3028-4b1b-9495-35893e8bba82\output\paper.pdf
[2026-07-22 01:12:19,100] [INFO] [latex_compiler.py:321]: Starting LaTeX compilation for: G:\work\Journal2LaTeX\backend\temp\561cc40c-3028-4b1b-9495-35893e8bba82\rendered\main.tex
[2026-07-22 01:12:19,107] [INFO] [latex_compiler.py:125]: Rendered working directory tree before compilation:
  chart1.png
  chart2.png
  chart3.png
  chart4.png
  everyshi.sty
  logo7pt-eps-converted-to.pdf
  logo7pt.eps
  main.aux
  main.fdb_latexmk
  main.fls
  main.log
  main.out
  main.pdf
  main.tex
  media/
    image1.jpeg
    image10.jpeg
    image4.jpeg
    image5.png
    image6.png
    image7.png
    image8.jpeg
    image9.jpeg
    office_obj_1.png
  NSP1.cls
  paper.aux
  paper.log
  paper.out
  paper.pdf
  paper.synctex.gz
  paper.tex
  psfig.sty
  Ref. JSAP paper.tex
  template.json
[2026-07-22 01:12:19,113] [INFO] [latex_compiler.py:131]: Template resource manifest (33 files):
  chart1.png                               template resource (graphic (PNG))
  chart2.png                               template resource (graphic (PNG))
  chart3.png                               template resource (graphic (PNG))
  chart4.png                               template resource (graphic (PNG))
  everyshi.sty                             template resource (package / style)
  logo7pt-eps-converted-to.pdf             template resource (graphic (PDF))
  logo7pt.eps                              template resource (graphic (EPS))
  main.aux                                 generated document / build artefact
  main.fdb_latexmk                         generated document / build artefact
  main.fls                                 generated document / build artefact
  main.log                                 generated document / build artefact
  main.out                                 generated document / build artefact
  main.pdf                                 generated document / build artefact
  main.tex                                 generated document / build artefact
  media\image1.jpeg                        renderer-generated media
  media\image10.jpeg                       renderer-generated media
  media\image4.jpeg                        renderer-generated media
  media\image5.png                         renderer-generated media
  media\image6.png                         renderer-generated media
  media\image7.png                         renderer-generated media
  media\image8.jpeg                        renderer-generated media
  media\image9.jpeg                        renderer-generated media
  media\office_obj_1.png                   renderer-generated media
  NSP1.cls                                 template resource (document class)
  paper.aux                                generated document / build artefact
  paper.log                                generated document / build artefact
  paper.out                                generated document / build artefact
  paper.pdf                                template resource (graphic (PDF))
  paper.synctex.gz                         generated document / build artefact
  paper.tex                                template resource (included source)
  psfig.sty                                template resource (package / style)
  Ref. JSAP paper.tex                      template resource (included source)
  template.json                            template metadata
[2026-07-22 01:12:19,256] [INFO] [latex_compiler.py:144]: Dependency resolution (26 references):
  [LOCAL  ] documentclass   NSP1
  [SYSTEM ] usepackage      url
  [SYSTEM ] usepackage      floatflt
  [SYSTEM ] usepackage      cite
  [SYSTEM ] usepackage      helvet
  [SYSTEM ] usepackage      times
  [LOCAL  ] usepackage      psfig
  [SYSTEM ] usepackage      graphicx
  [SYSTEM ] usepackage      mathptmx
  [SYSTEM ] usepackage      amsmath
  [SYSTEM ] usepackage      amssymb
  [SYSTEM ] usepackage      bm
  [SYSTEM ] usepackage      float
  [SYSTEM ] usepackage      caption
  [SYSTEM ] usepackage      placeins
  [SYSTEM ] usepackage      booktabs
  [SYSTEM ] usepackage      array
  [SYSTEM ] usepackage      multirow
  [SYSTEM ] usepackage      makecell
  [SYSTEM ] usepackage      xcolor
  [SYSTEM ] usepackage      geometry
  [DYNAMIC] includegraphics #1
  [LOCAL  ] includegraphics media/office_obj_1.png
  [LOCAL  ] includegraphics media/image5.png
  [LOCAL  ] includegraphics media/image6.png
  [LOCAL  ] includegraphics media/image7.png
[2026-07-22 01:12:19,256] [INFO] [latex_compiler.py:357]: Using latexmk compiler.
[2026-07-22 01:12:23,843] [INFO] [latex_compiler.py:424]: Compilation completed successfully. PDF generated at: G:\work\Journal2LaTeX\backend\temp\561cc40c-3028-4b1b-9495-35893e8bba82\output\paper.pdf
[2026-07-22 01:12:32,389] [INFO] [latex_compiler.py:321]: Starting LaTeX compilation for: G:\work\Journal2LaTeX\backend\temp\561cc40c-3028-4b1b-9495-35893e8bba82\rendered\main.tex
[2026-07-22 01:12:32,393] [INFO] [latex_compiler.py:125]: Rendered working directory tree before compilation:
  chart1.png
  chart2.png
  chart3.png
  chart4.png
  everyshi.sty
  logo7pt-eps-converted-to.pdf
  logo7pt.eps
  main.aux
  main.fdb_latexmk
  main.fls
  main.log
  main.out
  main.pdf
  main.tex
  media/
    image1.jpeg
    image10.jpeg
    image4.jpeg
    image5.png
    image6.png
    image7.png
    image8.jpeg
    image9.jpeg
    office_obj_1.png
  NSP1.cls
  paper.aux
  paper.log
  paper.out
  paper.pdf
  paper.synctex.gz
  paper.tex
  psfig.sty
  Ref. JSAP paper.tex
  template.json
[2026-07-22 01:12:32,395] [INFO] [latex_compiler.py:131]: Template resource manifest (33 files):
  chart1.png                               template resource (graphic (PNG))
  chart2.png                               template resource (graphic (PNG))
  chart3.png                               template resource (graphic (PNG))
  chart4.png                               template resource (graphic (PNG))
  everyshi.sty                             template resource (package / style)
  logo7pt-eps-converted-to.pdf             template resource (graphic (PDF))
  logo7pt.eps                              template resource (graphic (EPS))
  main.aux                                 generated document / build artefact
  main.fdb_latexmk                         generated document / build artefact
  main.fls                                 generated document / build artefact
  main.log                                 generated document / build artefact
  main.out                                 generated document / build artefact
  main.pdf                                 generated document / build artefact
  main.tex                                 generated document / build artefact
  media\image1.jpeg                        renderer-generated media
  media\image10.jpeg                       renderer-generated media
  media\image4.jpeg                        renderer-generated media
  media\image5.png                         renderer-generated media
  media\image6.png                         renderer-generated media
  media\image7.png                         renderer-generated media
  media\image8.jpeg                        renderer-generated media
  media\image9.jpeg                        renderer-generated media
  media\office_obj_1.png                   renderer-generated media
  NSP1.cls                                 template resource (document class)
  paper.aux                                generated document / build artefact
  paper.log                                generated document / build artefact
  paper.out                                generated document / build artefact
  paper.pdf                                template resource (graphic (PDF))
  paper.synctex.gz                         generated document / build artefact
  paper.tex                                template resource (included source)
  psfig.sty                                template resource (package / style)
  Ref. JSAP paper.tex                      template resource (included source)
  template.json                            template metadata
[2026-07-22 01:12:32,494] [INFO] [latex_compiler.py:144]: Dependency resolution (26 references):
  [LOCAL  ] documentclass   NSP1
  [SYSTEM ] usepackage      url
  [SYSTEM ] usepackage      floatflt
  [SYSTEM ] usepackage      cite
  [SYSTEM ] usepackage      helvet
  [SYSTEM ] usepackage      times
  [LOCAL  ] usepackage      psfig
  [SYSTEM ] usepackage      graphicx
  [SYSTEM ] usepackage      mathptmx
  [SYSTEM ] usepackage      amsmath
  [SYSTEM ] usepackage      amssymb
  [SYSTEM ] usepackage      bm
  [SYSTEM ] usepackage      float
  [SYSTEM ] usepackage      caption
  [SYSTEM ] usepackage      placeins
  [SYSTEM ] usepackage      booktabs
  [SYSTEM ] usepackage      array
  [SYSTEM ] usepackage      multirow
  [SYSTEM ] usepackage      makecell
  [SYSTEM ] usepackage      xcolor
  [SYSTEM ] usepackage      geometry
  [DYNAMIC] includegraphics #1
  [LOCAL  ] includegraphics media/office_obj_1.png
  [LOCAL  ] includegraphics media/image5.png
  [LOCAL  ] includegraphics media/image6.png
  [LOCAL  ] includegraphics media/image7.png
[2026-07-22 01:12:32,495] [INFO] [latex_compiler.py:357]: Using latexmk compiler.
[2026-07-22 01:12:32,627] [ERROR] [latex_compiler.py:412]: LaTeX compilation failed. PDF not generated. Check raw logs for details.
