STDOUT:
Initial Win CP for (console input, console output, system): (CP437, CP65001, CP1252)
I changed them all to CP1252
Rc files read (in order):
  NONE
Latexmk: This is Latexmk, John Collins, 9 March 2026. Version 4.88.
No existing .aux file, so I'll make a simple one, and require run of *latex.
Latexmk: applying rule 'pdflatex'...
Rule 'pdflatex':  Reasons for rerun
Category 'other':
  Rerun of 'pdflatex' forced or previously required:
    Reason or flag: 'Initial setup'

------------
Run number 1 of rule 'pdflatex'
------------
------------
Running 'pdflatex  -interaction=nonstopmode -file-line-error -recorder  "G:/work/Journal2LaTeX/backend/temp/a21165ed-9db6-4e08-b5ec-ed1687adbdae/rendered/main.tex"'
------------
This is pdfTeX, Version 3.141592653-2.6-1.40.29 (MiKTeX 26.5) (preloaded format=pdflatex.fmt)
 restricted \write18 enabled.
entering extended mode

(G:/work/Journal2LaTeX/backend/temp/a21165ed-9db6-4e08-b5ec-ed1687adbdae/render
ed/main.tex
LaTeX2e <2026-06-01>
L3 programming layer <2026-06-18>
(NSP1.cls

LaTeX Warning: You have requested document class `NSP1',
               but the document class provides `NSP'.

Document Class: NSP 2012/01/01
(C:\Users\asus\AppData\Local\Programs\MiKTeX\tex/latex/base\fleqn.clo)
(C:\Users\asus\AppData\Local\Programs\MiKTeX\tex/latex/graphics\color.sty
(C:\Users\asus\AppData\Local\Programs\MiKTeX\tex/latex/graphics-cfg\color.cfg)
(C:\Users\asus\AppData\Local\Programs\MiKTeX\tex/latex/graphics-def\pdftex.def)
 (C:\Users\asus\AppData\Local\Programs\MiKTeX\tex/latex/graphics\mathcolor.ltx)
) (C:\Users\asus\AppData\Local\Programs\MiKTeX\tex/latex/graphics\graphicx.sty
(C:\Users\asus\AppData\Local\Programs\MiKTeX\tex/latex/graphics\keyval.sty)
(C:\Users\asus\AppData\Local\Programs\MiKTeX\tex/latex/graphics\graphics.sty
(C:\Users\asus\AppData\Local\Programs\MiKTeX\tex/latex/graphics\trig.sty)
(C:\Users\asus\AppData\Local\Programs\MiKTeX\tex/latex/graphics-cfg\graphics.cf
g)))
(C:\Users\asus\AppData\Local\Programs\MiKTeX\tex/latex/lastpage\lastpage.sty
(C:\Users\asus\AppData\Local\Programs\MiKTeX\tex/latex/lastpage\lastpage2e.sty
(C:\Users\asus\AppData\Local\Programs\MiKTeX\tex/latex/lastpage\lastpagemodern.
sty) 
)) (C:\Users\asus\AppData\Local\Programs\MiKTeX\tex/latex/hyperref\hyperref.sty
(C:\Users\asus\AppData\Local\Programs\MiKTeX\tex/generic/iftex\iftex.sty)
(C:\Users\asus\AppData\Local\Programs\MiKTeX\tex/latex/kvsetkeys\kvsetkeys.sty)

(C:\Users\asus\AppData\Local\Programs\MiKTeX\tex/generic/kvdefinekeys\kvdefinek
eys.sty)
(C:\Users\asus\AppData\Local\Programs\MiKTeX\tex/generic/pdfescape\pdfescape.st
y (C:\Users\asus\AppData\Local\Programs\MiKTeX\tex/generic/ltxcmds\ltxcmds.sty)

(C:\Users\asus\AppData\Local\Programs\MiKTeX\tex/generic/pdftexcmds\pdftexcmds.
sty
(C:\Users\asus\AppData\Local\Programs\MiKTeX\tex/generic/infwarerr\infwarerr.st
y))) (C:\Users\asus\AppData\Local\Programs\MiKTeX\tex/latex/hycolor\hycolor.sty
) (C:\Users\asus\AppData\Local\Programs\MiKTeX\tex/latex/hyperref\nameref.sty
(C:\Users\asus\AppData\Local\Programs\MiKTeX\tex/latex/refcount\refcount.sty)
(C:\Users\asus\AppData\Local\Programs\MiKTeX\tex/generic/gettitlestring\gettitl
estring.sty
(C:\Users\asus\AppData\Local\Programs\MiKTeX\tex/latex/kvoptions\kvoptions.sty)
)) (C:\Users\asus\AppData\Local\Programs\MiKTeX\tex/latex/etoolbox\etoolbox.sty
)
(C:\Users\asus\AppData\Local\Programs\MiKTeX\tex/generic/stringenc\stringenc.st
y) (C:\Users\asus\AppData\Local\Programs\MiKTeX\tex/latex/hyperref\pd1enc.def)
(C:\Users\asus\AppData\Local\Programs\MiKTeX\tex/generic/intcalc\intcalc.sty)
(C:\Users\asus\AppData\Local\Programs\MiKTeX\tex/latex/hyperref\puenc.def)
(C:\Users\asus\AppData\Local\Programs\MiKTeX\tex/latex/url\url.sty)
(C:\Users\asus\AppData\Local\Programs\MiKTeX\tex/generic/bitset\bitset.sty
(C:\Users\asus\AppData\Local\Programs\MiKTeX\tex/generic/bigintcalc\bigintcalc.
sty))

Package hyperref Warning: Option `pdfpagelabels' is turned off
(hyperref)                because \thepage is undefined.

) (C:\Users\asus\AppData\Local\Programs\MiKTeX\tex/latex/hyperref\hpdftex.def
(C:\Users\asus\AppData\Local\Programs\MiKTeX\tex/latex/rerunfilecheck\rerunfile
check.sty
(C:\Users\asus\AppData\Local\Programs\MiKTeX\tex/generic/uniquecounter\uniqueco
unter.sty)))

NSP1.cls:572: Package color Error: Undefined color `LimeGreen'.

See the color package documentation for explanation.
Type  H <return>  for immediate help.
 ...                                              
                                                  
l.572 ...inecolor{abstractcolor}{named}{LimeGreen}
                                                  

NSP1.cls:573: Package color Error: Undefined color `PineGreen'.

See the color package documentation for explanation.
Type  H <return>  for immediate help.
 ...                                              
                                                  
l.573 \definecolor{rulecolor}{named}{PineGreen}
                                               
) (C:\Users\asus\AppData\Local\Programs\MiKTeX\tex/latex/floatflt\floatflt.sty)
 (C:\Users\asus\AppData\Local\Programs\MiKTeX\tex/latex/psnfss\helvet.sty)
(C:\Users\asus\AppData\Local\Programs\MiKTeX\tex/latex/psnfss\times.sty)
(psfig.sty
psfig/tex 1.10-dvips
) (C:\Users\asus\AppData\Local\Programs\MiKTeX\tex/latex/psnfss\mathptmx.sty)
(C:\Users\asus\AppData\Local\Programs\MiKTeX\tex/latex/amsmath\amsmath.sty
For additional information on amsmath, use the `?' option.
(C:\Users\asus\AppData\Local\Programs\MiKTeX\tex/latex/amsmath\amstext.sty
(C:\Users\asus\AppData\Local\Programs\MiKTeX\tex/latex/amsmath\amsgen.sty))
(C:\Users\asus\AppData\Local\Programs\MiKTeX\tex/latex/amsmath\amsbsy.sty)
(C:\Users\asus\AppData\Local\Programs\MiKTeX\tex/latex/amsmath\amsopn.sty))
(C:\Users\asus\AppData\Local\Programs\MiKTeX\tex/latex/amsfonts\amssymb.sty
(C:\Users\asus\AppData\Local\Programs\MiKTeX\tex/latex/amsfonts\amsfonts.sty))
(C:\Users\asus\AppData\Local\Programs\MiKTeX\tex/latex/tools\bm.sty)
(C:\Users\asus\AppData\Local\Programs\MiKTeX\tex/latex/float\float.sty)
(C:\Users\asus\AppData\Local\Programs\MiKTeX\tex/latex/caption\caption.sty
(C:\Users\asus\AppData\Local\Programs\MiKTeX\tex/latex/caption\caption3.sty)

Package caption Warning: Unknown document class (or package),
(caption)                standard defaults will be used.
See the caption package documentation for explanation.

) (C:\Users\asus\AppData\Local\Programs\MiKTeX\tex/latex/psnfss\ot1ptm.fd)
(C:\Users\asus\AppData\Local\Programs\MiKTeX\tex/latex/l3backend\l3backend-pdft
ex.def) (main.aux)
(C:\Users\asus\AppData\Local\Programs\MiKTeX\tex/context/base/mkii\supp-pdf.mki
i
[Loading MPS to PDF converter (version 2006.09.02).]
)
(C:\Users\asus\AppData\Local\Programs\MiKTeX\tex/latex/epstopdf-pkg\epstopdf-ba
se.sty
(C:\Users\asus\AppData\Local\Programs\MiKTeX\tex/latex/00miktex\epstopdf-sys.cf
g))

G:/work/Journal2LaTeX/backend/temp/a21165ed-9db6-4e08-b5ec-ed1687adbdae/rendere
d/main.tex:84: LaTeX Error: Undefined color `abstractcolor'.

See the LaTeX manual or LaTeX Companion for explanation.
Type  H <return>  for immediate help.
 ...                                              
                                                  
l.84 \maketitle
               
(C:\Users\asus\AppData\Local\Programs\MiKTeX\tex/latex/psnfss\ot1ztmcm.fd)
(C:\Users\asus\AppData\Local\Programs\MiKTeX\tex/latex/psnfss\omlztmcm.fd)
(C:\Users\asus\AppData\Local\Programs\MiKTeX\tex/latex/psnfss\omsztmcm.fd)
(C:\Users\asus\AppData\Local\Programs\MiKTeX\tex/latex/psnfss\omxztmcm.fd)

Package mathptmx Warning: There are no bold math fonts on input line 84.

(C:\Users\asus\AppData\Local\Programs\MiKTeX\tex/latex/psnfss\ot1phv.fd)
G:/work/Journal2LaTeX/backend/temp/a21165ed-9db6-4e08-b5ec-ed1687adbdae/rendere
d/main.tex:84: Missing $ inserted.
<inserted text> 
                $
l.84 \maketitle
               
G:/work/Journal2LaTeX/backend/temp/a21165ed-9db6-4e08-b5ec-ed1687adbdae/rendere
d/main.tex:84: Extra }, or forgotten $.
\@maketitle ...twidth \def \thanks ##1{}\@author }
                                                  \value {inst}=\value {auth...
l.84 \maketitle
               

LaTeX Warning: Command \" invalid in math mode on input line 84.

G:/work/Journal2LaTeX/backend/temp/a21165ed-9db6-4e08-b5ec-ed1687adbdae/rendere
d/main.tex:84: Please use \mathaccent for accents in math mode.
\add@accent ... \let \ignorespaces \relax \accent 
                                                  #1 #2\egroup \ifmmode \els...
l.84 \maketitle
               
G:/work/Journal2LaTeX/backend/temp/a21165ed-9db6-4e08-b5ec-ed1687adbdae/rendere
d/main.tex:84: Missing $ inserted.
<inserted text> 
                $
l.84 \maketitle
               

G:/work/Journal2LaTeX/backend/temp/a21165ed-9db6-4e08-b5ec-ed1687adbdae/rendere
d/main.tex:84: LaTeX Error: Undefined color `rulecolor'.

See the LaTeX manual or LaTeX Companion for explanation.
Type  H <return>  for immediate help.
 ...                                              
                                                  
l.84 \maketitle
               

G:/work/Journal2LaTeX/backend/temp/a21165ed-9db6-4e08-b5ec-ed1687adbdae/rendere
d/main.tex:84: LaTeX Error: Undefined color `rulecolor'.

See the LaTeX manual or LaTeX Companion for explanation.
Type  H <return>  for immediate help.
 ...                                              
                                                  
l.84 \maketitle
               
G:/work/Journal2LaTeX/backend/temp/a21165ed-9db6-4e08-b5ec-ed1687adbdae/rendere
d/main.tex:84: Missing } inserted.
<inserted text> 
                }
l.84 \maketitle
               

Underfull \vbox (badness 1158) has occurred while \output is active

LaTeX Warning: Reference `LastPage' on page 1 undefined on input line 103.

(C:\Users\asus\AppData\Local\Programs\MiKTeX\tex/latex/psnfss\ts1ptm.fd)
[1{C:/Users/asus/AppData/Local/MiKTeX/fonts/map/pdftex/pdftex.map}{C:/Users/asu
s/AppData/Local/Programs/MiKTeX/fonts/enc/dvips/base/8r.enc} <./logo7pt-eps-con
verted-to.pdf>]
Overfull \hbox (251.4785pt too wide) has occurred while \output is active
[][] 
[2]

G:/work/Journal2LaTeX/backend/temp/a21165ed-9db6-4e08-b5ec-ed1687adbdae/rendere
d/main.tex:168: LaTeX Error: Unknown graphics extension: .wmf.

See the LaTeX manual or LaTeX Companion for explanation.
Type  H <return>  for immediate help.
 ...                                              
                                                  
l.168 ...height,keepaspectratio]{media/image3.wmf}
                                                  

LaTeX Warning: Reference `LastPage' on page 3 undefined on input line 184.

[3]

G:/work/Journal2LaTeX/backend/temp/a21165ed-9db6-4e08-b5ec-ed1687adbdae/rendere
d/main.tex:195: LaTeX Error: Unknown graphics extension: .wmf.

See the LaTeX manual or LaTeX Companion for explanation.
Type  H <return>  for immediate help.
 ...                                              
                                                  
l.195 ...height,keepaspectratio]{media/image4.wmf}
                                                  

G:/work/Journal2LaTeX/backend/temp/a21165ed-9db6-4e08-b5ec-ed1687adbdae/rendere
d/main.tex:202: LaTeX Error: Unknown graphics extension: .wmf.

See the LaTeX manual or LaTeX Companion for explanation.
Type  H <return>  for immediate help.
 ...                                              
                                                  
l.202 ...height,keepaspectratio]{media/image5.wmf}
                                                  

G:/work/Journal2LaTeX/backend/temp/a21165ed-9db6-4e08-b5ec-ed1687adbdae/rendere
d/main.tex:209: LaTeX Error: Unknown graphics extension: .wmf.

See the LaTeX manual or LaTeX Companion for explanation.
Type  H <return>  for immediate help.
 ...                                              
                                                  
l.209 ...height,keepaspectratio]{media/image6.wmf}
                                                  

G:/work/Journal2LaTeX/backend/temp/a21165ed-9db6-4e08-b5ec-ed1687adbdae/rendere
d/main.tex:216: LaTeX Error: Unknown graphics extension: .wmf.

See the LaTeX manual or LaTeX Companion for explanation.
Type  H <return>  for immediate help.
 ...                                              
                                                  
l.216 ...height,keepaspectratio]{media/image7.wmf}
                                                  

G:/work/Journal2LaTeX/backend/temp/a21165ed-9db6-4e08-b5ec-ed1687adbdae/rendere
d/main.tex:223: LaTeX Error: Unknown graphics extension: .wmf.

See the LaTeX manual or LaTeX Companion for explanation.
Type  H <return>  for immediate help.
 ...                                              
                                                  
l.223 ...height,keepaspectratio]{media/image8.wmf}
                                                  

G:/work/Journal2LaTeX/backend/temp/a21165ed-9db6-4e08-b5ec-ed1687adbdae/rendere
d/main.tex:230: LaTeX Error: Unknown graphics extension: .wmf.

See the LaTeX manual or LaTeX Companion for explanation.
Type  H <return>  for immediate help.
 ...                                              
                                                  
l.230 ...height,keepaspectratio]{media/image9.wmf}
                                                  

G:/work/Journal2LaTeX/backend/temp/a21165ed-9db6-4e08-b5ec-ed1687adbdae/rendere
d/main.tex:239: LaTeX Error: Unknown graphics extension: .wmf.

See the LaTeX manual or LaTeX Companion for explanation.
Type  H <return>  for immediate help.
 ...                                              
                                                  
l.239 ...eight,keepaspectratio]{media/image10.wmf}
                                                  

G:/work/Journal2LaTeX/backend/temp/a21165ed-9db6-4e08-b5ec-ed1687adbdae/rendere
d/main.tex:246: LaTeX Error: Unknown graphics extension: .wmf.

See the LaTeX manual or LaTeX Companion for explanation.
Type  H <return>  for immediate help.
 ...                                              
                                                  
l.246 ...eight,keepaspectratio]{media/image10.wmf}
                                                  

G:/work/Journal2LaTeX/backend/temp/a21165ed-9db6-4e08-b5ec-ed1687adbdae/rendere
d/main.tex:264: LaTeX Error: Unknown graphics extension: .wmf.

See the LaTeX manual or LaTeX Companion for explanation.
Type  H <return>  for immediate help.
 ...                                              
                                                  
l.264 ...eight,keepaspectratio]{media/image14.wmf}
                                                  

Overfull \hbox (251.4785pt too wide) has occurred while \output is active
[][] 
[4]

G:/work/Journal2LaTeX/backend/temp/a21165ed-9db6-4e08-b5ec-ed1687adbdae/rendere
d/main.tex:286: LaTeX Error: Unknown graphics extension: .wmf.

See the LaTeX manual or LaTeX Companion for explanation.
Type  H <return>  for immediate help.
 ...                                              
                                                  
l.286 ...eight,keepaspectratio]{media/image51.wmf}
                                                  

G:/work/Journal2LaTeX/backend/temp/a21165ed-9db6-4e08-b5ec-ed1687adbdae/rendere
d/main.tex:293: LaTeX Error: Unknown graphics extension: .wmf.

See the LaTeX manual or LaTeX Companion for explanation.
Type  H <return>  for immediate help.
 ...                                              
                                                  
l.293 ...eight,keepaspectratio]{media/image11.wmf}
                                                  

G:/work/Journal2LaTeX/backend/temp/a21165ed-9db6-4e08-b5ec-ed1687adbdae/rendere
d/main.tex:300: LaTeX Error: Unknown graphics extension: .wmf.

See the LaTeX manual or LaTeX Companion for explanation.
Type  H <return>  for immediate help.
 ...                                              
                                                  
l.300 ...eight,keepaspectratio]{media/image53.wmf}
                                                  

G:/work/Journal2LaTeX/backend/temp/a21165ed-9db6-4e08-b5ec-ed1687adbdae/rendere
d/main.tex:307: LaTeX Error: Unknown graphics extension: .wmf.

See the LaTeX manual or LaTeX Companion for explanation.
Type  H <return>  for immediate help.
 ...                                              
                                                  
l.307 ...eight,keepaspectratio]{media/image61.wmf}
                                                  

G:/work/Journal2LaTeX/backend/temp/a21165ed-9db6-4e08-b5ec-ed1687adbdae/rendere
d/main.tex:314: LaTeX Error: Unknown graphics extension: .wmf.

See the LaTeX manual or LaTeX Companion for explanation.
Type  H <return>  for immediate help.
 ...                                              
                                                  
l.314 ...eight,keepaspectratio]{media/image53.wmf}
                                                  

G:/work/Journal2LaTeX/backend/temp/a21165ed-9db6-4e08-b5ec-ed1687adbdae/rendere
d/main.tex:321: LaTeX Error: Unknown graphics extension: .wmf.

See the LaTeX manual or LaTeX Companion for explanation.
Type  H <return>  for immediate help.
 ...                                              
                                                  
l.321 ...eight,keepaspectratio]{media/image65.wmf}
                                                  

G:/work/Journal2LaTeX/backend/temp/a21165ed-9db6-4e08-b5ec-ed1687adbdae/rendere
d/main.tex:328: LaTeX Error: Unknown graphics extension: .wmf.

See the LaTeX manual or LaTeX Companion for explanation.
Type  H <return>  for immediate help.
 ...                                              
                                                  
l.328 ...eight,keepaspectratio]{media/image55.wmf}
                                                  

G:/work/Journal2LaTeX/backend/temp/a21165ed-9db6-4e08-b5ec-ed1687adbdae/rendere
d/main.tex:337: LaTeX Error: Unknown graphics extension: .wmf.

See the LaTeX manual or LaTeX Companion for explanation.
Type  H <return>  for immediate help.
 ...                                              
                                                  
l.337 ...eight,keepaspectratio]{media/image55.wmf}
                                                  

G:/work/Journal2LaTeX/backend/temp/a21165ed-9db6-4e08-b5ec-ed1687adbdae/rendere
d/main.tex:344: LaTeX Error: Unknown graphics extension: .wmf.

See the LaTeX manual or LaTeX Companion for explanation.
Type  H <return>  for immediate help.
 ...                                              
                                                  
l.344 ...eight,keepaspectratio]{media/image71.wmf}
                                                  

G:/work/Journal2LaTeX/backend/temp/a21165ed-9db6-4e08-b5ec-ed1687adbdae/rendere
d/main.tex:351: LaTeX Error: Unknown graphics extension: .wmf.

See the LaTeX manual or LaTeX Companion for explanation.
Type  H <return>  for immediate help.
 ...                                              
                                                  
l.351 ...eight,keepaspectratio]{media/image72.wmf}
                                                  

G:/work/Journal2LaTeX/backend/temp/a21165ed-9db6-4e08-b5ec-ed1687adbdae/rendere
d/main.tex:358: LaTeX Error: Unknown graphics extension: .wmf.

See the LaTeX manual or LaTeX Companion for explanation.
Type  H <return>  for immediate help.
 ...                                              
                                                  
l.358 ...eight,keepaspectratio]{media/image72.wmf}
                                                  

G:/work/Journal2LaTeX/backend/temp/a21165ed-9db6-4e08-b5ec-ed1687adbdae/rendere
d/main.tex:365: LaTeX Error: Unknown graphics extension: .wmf.

See the LaTeX manual or LaTeX Companion for explanation.
Type  H <return>  for immediate help.
 ...                                              
                                                  
l.365 ...eight,keepaspectratio]{media/image81.wmf}
                                                  

G:/work/Journal2LaTeX/backend/temp/a21165ed-9db6-4e08-b5ec-ed1687adbdae/rendere
d/main.tex:372: LaTeX Error: Unknown graphics extension: .wmf.

See the LaTeX manual or LaTeX Companion for explanation.
Type  H <return>  for immediate help.
 ...                                              
                                                  
l.372 ...eight,keepaspectratio]{media/image83.wmf}
                                                  

G:/work/Journal2LaTeX/backend/temp/a21165ed-9db6-4e08-b5ec-ed1687adbdae/rendere
d/main.tex:379: LaTeX Error: Unknown graphics extension: .wmf.

See the LaTeX manual or LaTeX Companion for explanation.
Type  H <return>  for immediate help.
 ...                                              
                                                  
l.379 ...eight,keepaspectratio]{media/image84.wmf}
                                                  

G:/work/Journal2LaTeX/backend/temp/a21165ed-9db6-4e08-b5ec-ed1687adbdae/rendere
d/main.tex:386: LaTeX Error: Unknown graphics extension: .wmf.

See the LaTeX manual or LaTeX Companion for explanation.
Type  H <return>  for immediate help.
 ...                                              
                                                  
l.386 ...eight,keepaspectratio]{media/image85.wmf}
                                                  

G:/work/Journal2LaTeX/backend/temp/a21165ed-9db6-4e08-b5ec-ed1687adbdae/rendere
d/main.tex:393: LaTeX Error: Unknown graphics extension: .wmf.

See the LaTeX manual or LaTeX Companion for explanation.
Type  H <return>  for immediate help.
 ...                                              
                                                  
l.393 ...eight,keepaspectratio]{media/image53.wmf}
                                                  

G:/work/Journal2LaTeX/backend/temp/a21165ed-9db6-4e08-b5ec-ed1687adbdae/rendere
d/main.tex:412: LaTeX Error: Unknown graphics extension: .wmf.

See the LaTeX manual or LaTeX Companion for explanation.
Type  H <return>  for immediate help.
 ...                                              
                                                  
l.412 ...eight,keepaspectratio]{media/image86.wmf}
                                                  

LaTeX Warning: Reference `LastPage' on page 5 undefined on input line 419.

[5]

G:/work/Journal2LaTeX/backend/temp/a21165ed-9db6-4e08-b5ec-ed1687adbdae/rendere
d/main.tex:429: LaTeX Error: Unknown graphics extension: .wmf.

See the LaTeX manual or LaTeX Companion for explanation.
Type  H <return>  for immediate help.
 ...                                              
                                                  
l.429 ...eight,keepaspectratio]{media/image90.wmf}
                                                  

Overfull \hbox (251.4785pt too wide) has occurred while \output is active
[][] 
[6]

LaTeX Warning: Reference `LastPage' on page 7 undefined on input line 494.

[7] 
enddocument/afterlastpage (AED): lastpage setting LastPage.
(main.aux)

LaTeX Warning: There were undefined references.


LaTeX Warning: Label(s) may have changed. Rerun to get cross-references right.


Package rerunfilecheck Warning: File `main.out' has changed.
(rerunfilecheck)                Rerun to get outlines right
(rerunfilecheck)                or use package `bookmark'.


Package lastpage Warning: Rerun to get the references right on input line 494.

 )
(see the transcript file for additional information)<C:/Users/asus/AppData/Loca
l/Programs/MiKTeX/fonts/type1/public/amsfonts/cm/cmsy10.pfb><C:/Users/asus/AppD
ata/Local/Programs/MiKTeX/fonts/type1/urw/times/utmb8a.pfb><C:/Users/asus/AppDa
ta/Local/Programs/MiKTeX/fonts/type1/urw/times/utmr8a.pfb><C:/Users/asus/AppDat
a/Local/Programs/MiKTeX/fonts/type1/urw/times/utmri8a.pfb>
Output written on main.pdf (7 pages, 119625 bytes).
Transcript written on main.log.
Latexmk: Getting log file 'main.log'
Latexmk: Examining 'main.fls'
Latexmk: Examining 'main.log'
Latexmk: References changed.
Latexmk: References changed.
Latexmk: References changed.
Latexmk: Log file says output to 'main.pdf'
Latexmk: Summary of warnings from last run of *latex:
  Latex failed to resolve 4 reference(s)
Latexmk: Errors, so I did not complete making targets
Collected error summary (may duplicate other messages):
  pdflatex: Command for 'pdflatex' gave return code 1
      Refer to 'main.log' and/or above output for details



STDERR:
Latexmk: ====Problematic refs and citations with line #s in .tex file:
  Reference `LastPage' on page 1 undefined on input line 103
  Reference `LastPage' on page 3 undefined on input line 184
  Reference `LastPage' on page 5 undefined on input line 419
  Reference `LastPage' on page 7 undefined on input line 494
Latexmk: Sometimes, the -f option can be used to get latexmk
  to try to force complete processing.
  But normally, you will need to correct the file(s) that caused the
  error, and then rerun latexmk.
  In some cases, it is best to clean out generated files before rerunning
  latexmk after you've corrected the files.
Reverting Windows console CPs to (in,out) = (437,65001)
