[2026-07-22 12:31:21,744] [INFO] [latex_compiler.py:321]: Starting LaTeX compilation for: G:\work\Journal2LaTeX\backend\temp\64184a4d-c735-4c20-9dc4-e4b1b0e132dc\rendered\main.tex
[2026-07-22 12:31:21,750] [INFO] [latex_compiler.py:125]: Rendered working directory tree before compilation:
  everyshi.sty
  fig1_likert.png
  fig2_alpha.png
  fig3_desc.png
  fig4_ks.png
  logo7pt.eps
  logo7pt.pdf
  main.pdf
  main.tex
  media/
    image1.jpeg
    image10.jpeg
    image4.jpeg
    image5.png
    image6.png
    image7.png
    image8.jpeg
    image9.jpeg
    office_obj_1.png
  NSP1.cls
  psfig.sty
  template.json
[2026-07-22 12:31:21,755] [INFO] [latex_compiler.py:131]: Template resource manifest (21 files):
  everyshi.sty                             template resource (package / style)
  fig1_likert.png                          template resource (graphic (PNG))
  fig2_alpha.png                           template resource (graphic (PNG))
  fig3_desc.png                            template resource (graphic (PNG))
  fig4_ks.png                              template resource (graphic (PNG))
  logo7pt.eps                              template resource (graphic (EPS))
  logo7pt.pdf                              template resource (graphic (PDF))
  main.pdf                                 generated document / build artefact
  main.tex                                 generated document / build artefact
  media\image1.jpeg                        renderer-generated media
  media\image10.jpeg                       renderer-generated media
  media\image4.jpeg                        renderer-generated media
  media\image5.png                         renderer-generated media
  media\image6.png                         renderer-generated media
  media\image7.png                         renderer-generated media
  media\image8.jpeg                        renderer-generated media
  media\image9.jpeg                        renderer-generated media
  media\office_obj_1.png                   renderer-generated media
  NSP1.cls                                 template resource (document class)
  psfig.sty                                template resource (package / style)
  template.json                            template metadata
[2026-07-22 12:31:21,964] [INFO] [latex_compiler.py:144]: Dependency resolution (14 references):
  [LOCAL  ] documentclass   NSP1
  [SYSTEM ] usepackage      amsmath
  [SYSTEM ] usepackage      amssymb
  [SYSTEM ] usepackage      multirow
  [SYSTEM ] usepackage      graphicx
  [SYSTEM ] usepackage      xcolor
  [SYSTEM ] usepackage      array
  [SYSTEM ] usepackage      newunicodechar
  [DYNAMIC] includegraphics #1
  [MISSING] includegraphics nsplogo.jpg
  [LOCAL  ] includegraphics media/office_obj_1.png
  [LOCAL  ] includegraphics media/image5.png
  [LOCAL  ] includegraphics media/image6.png
  [LOCAL  ] includegraphics media/image7.png
[2026-07-22 12:31:21,964] [ERROR] [latex_compiler.py:153]: Template is missing required local resource(s); aborting before pdflatex. Ensure the template package ships these files:
  - includegraphics -> nsplogo.jpg
