This is pdfTeX, Version 3.141592653-2.6-1.40.29 (MiKTeX 26.5) (preloaded format=pdflatex 2026.7.9)  3 AUG 2026 14:26
entering extended mode
 restricted \write18 enabled.
 file:line:error style messages enabled.
 %&-line parsing enabled.
**G:/work/Journal2LaTeX/backend/temp/f3e55dbc-9f75-435c-90fb-66df34793257/rende
red/main.tex

(G:/work/Journal2LaTeX/backend/temp/f3e55dbc-9f75-435c-90fb-66df34793257/render
ed/main.tex
LaTeX2e <2026-06-01>
L3 programming layer <2026-06-18>
(C:\Users\asus\AppData\Local\Programs\MiKTeX\tex/latex/xcolor\xcolor.sty
Package: xcolor 2024/09/29 v3.02 LaTeX color extensions (UK)

(C:\Users\asus\AppData\Local\Programs\MiKTeX\tex/latex/graphics-cfg\color.cfg
File: color.cfg 2016/01/02 v1.6 sample color configuration
)
Package xcolor Info: Driver file: pdftex.def on input line 274.

(C:\Users\asus\AppData\Local\Programs\MiKTeX\tex/latex/graphics-def\pdftex.def
File: pdftex.def 2025/09/29 v1.2d Graphics/color driver for pdftex
) (C:\Users\asus\AppData\Local\Programs\MiKTeX\tex/latex/graphics\mathcolor.ltx
)
Package xcolor Info: Model `cmy' substituted by `cmy0' on input line 1349.
Package xcolor Info: Model `hsb' substituted by `rgb' on input line 1353.
Package xcolor Info: Model `RGB' extended on input line 1365.
Package xcolor Info: Model `HTML' substituted by `rgb' on input line 1367.
Package xcolor Info: Model `Hsb' substituted by `hsb' on input line 1368.
Package xcolor Info: Model `tHsb' substituted by `hsb' on input line 1369.
Package xcolor Info: Model `HSB' substituted by `hsb' on input line 1370.
Package xcolor Info: Model `Gray' substituted by `gray' on input line 1371.
Package xcolor Info: Model `wave' substituted by `hsb' on input line 1372.
) (C:\Users\asus\AppData\Local\Programs\MiKTeX\tex/latex/graphics\dvipsnam.def
File: dvipsnam.def 2026-05-17 v3.0m Driver-dependent file (DPC,SPQR)
) (C:\Users\asus\AppData\Local\Programs\MiKTeX\tex/latex/xcolor\svgnam.def
File: svgnam.def 2024/09/29 v3.02 Predefined colors according to SVG 1.1 (UK)
)
(C:\Users\asus\AppData\Local\Programs\MiKTeX\tex/latex/xcolor\x11nam.def
File: x11nam.def 2024/09/29 v3.02 Predefined colors according to Unix/X11 (UK)
)
(C:\Users\asus\AppData\Local\Programs\MiKTeX\tex/latex/colortbl\colortbl.sty
Package: colortbl 2026/05/01 v1.0l Color table columns (DPC)

(C:\Users\asus\AppData\Local\Programs\MiKTeX\tex/latex/tools\array.sty
Package: array 2026/02/24 v2.7b Tabular extension package (FMi)
\col@sep=\dimen150
\ar@mcellbox=\box53
\extrarowheight=\dimen151
\NC@list=\toks17
\extratabsurround=\skip49
\backup@length=\skip50
\ar@cellbox=\box54
)
new hooks used!!
\minrowclearance=\skip51
\rownum=\count276
) (default.cls
Document Class: default 2026/07/17 Minimal Default Journal Class
(C:\Users\asus\AppData\Local\Programs\MiKTeX\tex/latex/base\article.cls
Document Class: article 2025/01/22 v1.4n Standard LaTeX document class
(C:\Users\asus\AppData\Local\Programs\MiKTeX\tex/latex/base\size10.clo
File: size10.clo 2025/01/22 v1.4n Standard LaTeX file (size option)
)
\c@part=\count277
\c@section=\count278
\c@subsection=\count279
\c@subsubsection=\count280
\c@paragraph=\count281
\c@subparagraph=\count282
\c@figure=\count283
\c@table=\count284
\abovecaptionskip=\skip52
\belowcaptionskip=\skip53
\bibindent=\dimen152
)
(C:\Users\asus\AppData\Local\Programs\MiKTeX\tex/latex/graphics\graphicx.sty
Package: graphicx 2026-05-17 v1.2e Enhanced LaTeX Graphics (DPC,SPQR)

(C:\Users\asus\AppData\Local\Programs\MiKTeX\tex/latex/graphics\keyval.sty
Package: keyval 2026-05-17 v1.15 key=value parser (DPC)
\KV@toks@=\toks18
)
(C:\Users\asus\AppData\Local\Programs\MiKTeX\tex/latex/graphics\graphics.sty
Package: graphics 2026-05-17 v1.4h Standard LaTeX Graphics (DPC,SPQR)

(C:\Users\asus\AppData\Local\Programs\MiKTeX\tex/latex/graphics\trig.sty
Package: trig 2023/12/02 v1.11 sin cos tan (DPC)
)
(C:\Users\asus\AppData\Local\Programs\MiKTeX\tex/latex/graphics-cfg\graphics.cf
g
File: graphics.cfg 2016/06/04 v1.11 sample graphics configuration
)
Package graphics Info: Driver file: pdftex.def on input line 106.
)
\Gin@req@height=\dimen153
\Gin@req@width=\dimen154
)
(C:\Users\asus\AppData\Local\Programs\MiKTeX\tex/latex/geometry\geometry.sty
Package: geometry 2026/03/07 v6.0 Page Geometry

(C:\Users\asus\AppData\Local\Programs\MiKTeX\tex/generic/iftex\ifvtex.sty
Package: ifvtex 2019/10/25 v1.7 ifvtex legacy package. Use iftex instead.

(C:\Users\asus\AppData\Local\Programs\MiKTeX\tex/generic/iftex\iftex.sty
Package: iftex 2024/12/12 v1.0g TeX engine tests
))
\Gm@cnth=\count285
\Gm@cntv=\count286
\c@Gm@tempcnt=\count287
\Gm@bindingoffset=\dimen155
\Gm@wd@mp=\dimen156
\Gm@odd@mp=\dimen157
\Gm@even@mp=\dimen158
\Gm@layoutwidth=\dimen159
\Gm@layoutheight=\dimen160
\Gm@layouthoffset=\dimen161
\Gm@layoutvoffset=\dimen162
\Gm@dimlist=\toks19

(C:\Users\asus\AppData\Local\Programs\MiKTeX\tex/latex/geometry\geometry.cfg))
(C:\Users\asus\AppData\Local\Programs\MiKTeX\tex/latex/hyperref\hyperref.sty
Package: hyperref 2026-06-17 v7.01r Hypertext links for LaTeX

(C:\Users\asus\AppData\Local\Programs\MiKTeX\tex/latex/kvsetkeys\kvsetkeys.sty
Package: kvsetkeys 2022-10-05 v1.19 Key value parser (HO)
)
(C:\Users\asus\AppData\Local\Programs\MiKTeX\tex/generic/kvdefinekeys\kvdefinek
eys.sty
Package: kvdefinekeys 2019-12-19 v1.6 Define keys (HO)
)
(C:\Users\asus\AppData\Local\Programs\MiKTeX\tex/generic/pdfescape\pdfescape.st
y
Package: pdfescape 2019/12/09 v1.15 Implements pdfTeX's escape features (HO)
 (C:\Users\asus\AppData\Local\Programs\MiKTeX\tex/generic/ltxcmds\ltxcmds.sty
Package: ltxcmds 2023-12-04 v1.26 LaTeX kernel commands for general use (HO)
)
(C:\Users\asus\AppData\Local\Programs\MiKTeX\tex/generic/pdftexcmds\pdftexcmds.
sty
Package: pdftexcmds 2020-06-27 v0.33 Utility functions of pdfTeX for LuaTeX (HO
)

(C:\Users\asus\AppData\Local\Programs\MiKTeX\tex/generic/infwarerr\infwarerr.st
y
Package: infwarerr 2019/12/03 v1.5 Providing info/warning/error messages (HO)
)
Package pdftexcmds Info: \pdf@primitive is available.
Package pdftexcmds Info: \pdf@ifprimitive is available.
Package pdftexcmds Info: \pdfdraftmode found.
)) (C:\Users\asus\AppData\Local\Programs\MiKTeX\tex/latex/hycolor\hycolor.sty
Package: hycolor 2020-01-27 v1.10 Color options for hyperref/bookmark (HO)
) (C:\Users\asus\AppData\Local\Programs\MiKTeX\tex/latex/hyperref\nameref.sty
Package: nameref 2026-01-29 v2.58 Cross-referencing by name of section

(C:\Users\asus\AppData\Local\Programs\MiKTeX\tex/latex/refcount\refcount.sty
Package: refcount 2019/12/15 v3.6 Data extraction from label references (HO)
)
(C:\Users\asus\AppData\Local\Programs\MiKTeX\tex/generic/gettitlestring\gettitl
estring.sty
Package: gettitlestring 2019/12/15 v1.6 Cleanup title references (HO)

(C:\Users\asus\AppData\Local\Programs\MiKTeX\tex/latex/kvoptions\kvoptions.sty
Package: kvoptions 2022-06-15 v3.15 Key value format for package options (HO)
))
\c@section@level=\count288
) (C:\Users\asus\AppData\Local\Programs\MiKTeX\tex/latex/etoolbox\etoolbox.sty
Package: etoolbox 2025/10/02 v2.5m e-TeX tools for LaTeX (JAW)
\etb@tempcnta=\count289
)
(C:\Users\asus\AppData\Local\Programs\MiKTeX\tex/generic/stringenc\stringenc.st
y
Package: stringenc 2019/11/29 v1.12 Convert strings between diff. encodings (HO
)
)
\@linkdim=\dimen163
\Hy@linkcounter=\count290
\Hy@pagecounter=\count291
 (C:\Users\asus\AppData\Local\Programs\MiKTeX\tex/latex/hyperref\pd1enc.def
File: pd1enc.def 2026-06-17 v7.01r Hyperref: PDFDocEncoding definition (HO)
Now handling font encoding PD1 ...
... no UTF-8 mapping file for font encoding PD1
)
(C:\Users\asus\AppData\Local\Programs\MiKTeX\tex/generic/intcalc\intcalc.sty
Package: intcalc 2019/12/15 v1.3 Expandable calculations with integers (HO)
)
\Hy@SavedSpaceFactor=\count292

(C:\Users\asus\AppData\Local\Programs\MiKTeX\tex/latex/hyperref\puenc.def
File: puenc.def 2026-06-17 v7.01r Hyperref: PDF Unicode definition (HO)
Now handling font encoding PU ...
... no UTF-8 mapping file for font encoding PU
)
Package hyperref Info: Hyper figures OFF on input line 4199.
Package hyperref Info: Link nesting OFF on input line 4204.
Package hyperref Info: Hyper index ON on input line 4207.
Package hyperref Info: Plain pages OFF on input line 4214.
Package hyperref Info: Backreferencing OFF on input line 4219.
Package hyperref Info: Implicit mode ON; LaTeX internals redefined.
Package hyperref Info: Bookmarks ON on input line 4466.
\c@Hy@tempcnt=\count293

(C:\Users\asus\AppData\Local\Programs\MiKTeX\tex/latex/url\url.sty
\Urlmuskip=\muskip17
Package: url 2013/09/16  ver 3.4  Verb mode for urls, etc.
)
LaTeX Info: Redefining \url on input line 4805.
\XeTeXLinkMargin=\dimen164

(C:\Users\asus\AppData\Local\Programs\MiKTeX\tex/generic/bitset\bitset.sty
Package: bitset 2019/12/09 v1.3 Handle bit-vector datatype (HO)

(C:\Users\asus\AppData\Local\Programs\MiKTeX\tex/generic/bigintcalc\bigintcalc.
sty
Package: bigintcalc 2019/12/15 v1.5 Expandable calculations on big integers (HO
)
))
\Fld@menulength=\count294
\Field@Width=\dimen165
\Fld@charsize=\dimen166
Package hyperref Info: Hyper figures OFF on input line 6091.
Package hyperref Info: Link nesting OFF on input line 6096.
Package hyperref Info: Hyper index ON on input line 6099.
Package hyperref Info: backreferencing OFF on input line 6106.
Package hyperref Info: Link coloring OFF on input line 6111.
Package hyperref Info: Link coloring with OCG OFF on input line 6116.
Package hyperref Info: PDF/A mode OFF on input line 6121.
\Hy@abspage=\count295
\c@Item=\count296
\c@Hfootnote=\count297
)
Package hyperref Info: Driver (autodetected): hpdftex.

(C:\Users\asus\AppData\Local\Programs\MiKTeX\tex/latex/hyperref\hpdftex.def
File: hpdftex.def 2026-06-17 v7.01r Hyperref driver for pdfTeX
\Fld@listcount=\count298
\c@bookmark@seq@number=\count299

(C:\Users\asus\AppData\Local\Programs\MiKTeX\tex/latex/rerunfilecheck\rerunfile
check.sty
Package: rerunfilecheck 2025-06-21 v1.11 Rerun checks for auxiliary files (HO)

(C:\Users\asus\AppData\Local\Programs\MiKTeX\tex/generic/uniquecounter\uniqueco
unter.sty
Package: uniquecounter 2019/12/15 v1.4 Provide unlimited unique counter (HO)
)
Package uniquecounter Info: New unique counter `rerunfilecheck' on input line 2
84.
)
\Hy@SectionHShift=\skip54
)) (default.sty
Package: default 2026/07/17 Minimal Default Journal Styles

(C:\Users\asus\AppData\Local\Programs\MiKTeX\tex/latex/fancyhdr\fancyhdr.sty
Package: fancyhdr 2025/02/07 v5.2 Extensive control of page headers and footers

\f@nch@headwidth=\skip55
\f@nch@offset@elh=\skip56
\f@nch@offset@erh=\skip57
\f@nch@offset@olh=\skip58
\f@nch@offset@orh=\skip59
\f@nch@offset@elf=\skip60
\f@nch@offset@erf=\skip61
\f@nch@offset@olf=\skip62
\f@nch@offset@orf=\skip63
\f@nch@height=\skip64
\f@nch@footalignment=\skip65
\f@nch@widthL=\skip66
\f@nch@widthC=\skip67
\f@nch@widthR=\skip68
\@temptokenb=\toks20
)
(C:\Users\asus\AppData\Local\Programs\MiKTeX\tex/latex/amsmath\amsmath.sty
Package: amsmath 2026/05/19 v2.18d AMS math features
\@mathmargin=\skip69

For additional information on amsmath, use the `?' option.
(C:\Users\asus\AppData\Local\Programs\MiKTeX\tex/latex/amsmath\amstext.sty
Package: amstext 2024/11/17 v2.01 AMS text

(C:\Users\asus\AppData\Local\Programs\MiKTeX\tex/latex/amsmath\amsgen.sty
File: amsgen.sty 1999/11/30 v2.0 generic functions
\@emptytoks=\toks21
\ex@=\dimen167
))
(C:\Users\asus\AppData\Local\Programs\MiKTeX\tex/latex/amsmath\amsbsy.sty
Package: amsbsy 1999/11/29 v1.2d Bold Symbols
\pmbraise@=\dimen168
)
(C:\Users\asus\AppData\Local\Programs\MiKTeX\tex/latex/amsmath\amsopn.sty
Package: amsopn 2022/04/08 v2.04 operator names
)
\inf@bad=\count300
LaTeX Info: Redefining \frac on input line 233.
\uproot@=\count301
\leftroot@=\count302
LaTeX Info: Redefining \overline on input line 398.
LaTeX Info: Redefining \colon on input line 409.
\classnum@=\count303
\DOTSCASE@=\count304
LaTeX Info: Redefining \ldots on input line 495.
LaTeX Info: Redefining \dots on input line 498.
LaTeX Info: Redefining \cdots on input line 619.
\Mathstrutbox@=\box55
\strutbox@=\box56
LaTeX Info: Redefining \big on input line 721.
LaTeX Info: Redefining \Big on input line 722.
LaTeX Info: Redefining \bigg on input line 723.
LaTeX Info: Redefining \Bigg on input line 724.
\big@size=\dimen169
LaTeX Font Info:    Redeclaring font encoding OML on input line 742.
LaTeX Font Info:    Redeclaring font encoding OMS on input line 743.
\macc@depth=\count305
LaTeX Info: Redefining \bmod on input line 904.
LaTeX Info: Redefining \pmod on input line 909.
LaTeX Info: Redefining \smash on input line 939.
LaTeX Info: Redefining \relbar on input line 969.
LaTeX Info: Redefining \Relbar on input line 970.
\c@MaxMatrixCols=\count306
\dotsspace@=\muskip18
\c@parentequation=\count307
\dspbrk@lvl=\count308
\tag@help=\toks22
\row@=\count309
\column@=\count310
\maxfields@=\count311
\andhelp@=\toks23
\eqnshift@=\dimen170
\alignsep@=\dimen171
\tagshift@=\dimen172
\tagwidth@=\dimen173
\totwidth@=\dimen174
\lineht@=\dimen175
\@envbody=\toks24
\multlinegap=\skip70
\multlinetaggap=\skip71
\mathdisplay@stack=\toks25
LaTeX Info: Redefining \[ on input line 2965.
LaTeX Info: Redefining \] on input line 2966.
)
(C:\Users\asus\AppData\Local\Programs\MiKTeX\tex/latex/amsfonts\amssymb.sty
Package: amssymb 2013/01/14 v3.01 AMS font symbols

(C:\Users\asus\AppData\Local\Programs\MiKTeX\tex/latex/amsfonts\amsfonts.sty
Package: amsfonts 2013/01/14 v3.01 Basic AMSFonts support
\symAMSa=\mathgroup4
\symAMSb=\mathgroup5
LaTeX Font Info:    Redeclaring math symbol \hbar on input line 98.
LaTeX Font Info:    Overwriting math alphabet `\mathfrak' in version `bold'
(Font)                  U/euf/m/n --> U/euf/b/n on input line 106.
))) (C:\Users\asus\AppData\Local\Programs\MiKTeX\tex/latex/float\float.sty
Package: float 2001/11/08 v1.3d Float enhancements (AL)
\c@float@type=\count312
\float@exts=\toks26
\float@box=\box57
\@float@everytoks=\toks27
\@floatcapt=\box58
)
(C:\Users\asus\AppData\Local\Programs\MiKTeX\tex/latex/sttools\cuted.sty
Package: cuted 2025/12/15 v2.10 Mixing onecolumn and twocolumn modes (ST)
\At@ViperColsBreak=\toks28
\preCutedStrip=\toks29
\postCutedStrip=\toks30
\cuted@@tempbox@a=\box59
\cuted@@tempbox@c=\box60
\cuted@@tempbox@var=\box61
\hold@viper=\box62
\@viper=\box63
\cuted@@varbox@a=\box64
\cuted@@varbox@c=\box65
\cuted@@tempdim@spread=\dimen176
\cuted@@tempdim@a=\dimen177
\cuted@@tempdim@b=\dimen178
\ht@hold@viper=\dimen179
\ht@viper=\dimen180
\var@@pagediscards@ht=\dimen181
\stripsep=\skip72
\viper@penalty=\count313
\strip@page@discards=\dimen182
)
(C:\Users\asus\AppData\Local\Programs\MiKTeX\tex/latex/newunicodechar\newunicod
echar.sty
Package: newunicodechar 2018/04/08 v1.2 Defining Unicode characters
)
(C:\Users\asus\AppData\Local\Programs\MiKTeX\tex/latex/type1cm\type1cm.sty
Package: type1cm 2002/09/05 v0.04 BlueSky/Y&Y Type1 CM font definitions (DPC, p
atched RF)
)
(C:\Users\asus\AppData\Local\Programs\MiKTeX\tex/latex/base\fix-cm.sty
Package: fix-cm 2020/11/24 v1.1t fixes to LaTeX

(C:\Users\asus\AppData\Local\Programs\MiKTeX\tex/latex/base\ts1enc.def
File: ts1enc.def 2001/06/05 v3.0e (jk/car/fm) Standard LaTeX file
LaTeX Font Info:    Redeclaring font encoding TS1 on input line 47.
LaTeX Encoding Info:    Redeclaring text command \capitalcedilla (encoding TS1)
 on input line 49.
LaTeX Encoding Info:    Redeclaring text command \capitalogonek (encoding TS1) 
on input line 52.
LaTeX Encoding Info:    Redeclaring text command \capitalgrave (encoding TS1) o
n input line 55.
LaTeX Encoding Info:    Redeclaring text command \capitalacute (encoding TS1) o
n input line 56.
LaTeX Encoding Info:    Redeclaring text command \capitalcircumflex (encoding T
S1) on input line 57.
LaTeX Encoding Info:    Redeclaring text command \capitaltilde (encoding TS1) o
n input line 58.
LaTeX Encoding Info:    Redeclaring text command \capitaldieresis (encoding TS1
) on input line 59.
LaTeX Encoding Info:    Redeclaring text command \capitalhungarumlaut (encoding
 TS1) on input line 60.
LaTeX Encoding Info:    Redeclaring text command \capitalring (encoding TS1) on
 input line 61.
LaTeX Encoding Info:    Redeclaring text command \capitalcaron (encoding TS1) o
n input line 62.
LaTeX Encoding Info:    Redeclaring text command \capitalbreve (encoding TS1) o
n input line 63.
LaTeX Encoding Info:    Redeclaring text command \capitalmacron (encoding TS1) 
on input line 64.
LaTeX Encoding Info:    Redeclaring text command \capitaldotaccent (encoding TS
1) on input line 65.
LaTeX Encoding Info:    Redeclaring text command \t (encoding TS1) on input lin
e 66.
LaTeX Encoding Info:    Redeclaring text command \capitaltie (encoding TS1) on 
input line 67.
LaTeX Encoding Info:    Redeclaring text command \newtie (encoding TS1) on inpu
t line 68.
LaTeX Encoding Info:    Redeclaring text command \capitalnewtie (encoding TS1) 
on input line 69.
LaTeX Encoding Info:    Redeclaring text symbol \textcapitalcompwordmark (encod
ing TS1) on input line 70.
LaTeX Encoding Info:    Redeclaring text symbol \textascendercompwordmark (enco
ding TS1) on input line 71.
LaTeX Encoding Info:    Redeclaring text symbol \textquotestraightbase (encodin
g TS1) on input line 72.
LaTeX Encoding Info:    Redeclaring text symbol \textquotestraightdblbase (enco
ding TS1) on input line 73.
LaTeX Encoding Info:    Redeclaring text symbol \texttwelveudash (encoding TS1)
 on input line 74.
LaTeX Encoding Info:    Redeclaring text symbol \textthreequartersemdash (encod
ing TS1) on input line 75.
LaTeX Encoding Info:    Redeclaring text symbol \textleftarrow (encoding TS1) o
n input line 76.
LaTeX Encoding Info:    Redeclaring text symbol \textrightarrow (encoding TS1) 
on input line 77.
LaTeX Encoding Info:    Redeclaring text symbol \textblank (encoding TS1) on in
put line 78.
LaTeX Encoding Info:    Redeclaring text symbol \textdollar (encoding TS1) on i
nput line 79.
LaTeX Encoding Info:    Redeclaring text symbol \textquotesingle (encoding TS1)
 on input line 80.
LaTeX Encoding Info:    Redeclaring text command \textasteriskcentered (encodin
g TS1) on input line 81.
LaTeX Encoding Info:    Redeclaring text symbol \textdblhyphen (encoding TS1) o
n input line 92.
LaTeX Encoding Info:    Redeclaring text symbol \textfractionsolidus (encoding 
TS1) on input line 93.
LaTeX Encoding Info:    Redeclaring text symbol \textzerooldstyle (encoding TS1
) on input line 94.
LaTeX Encoding Info:    Redeclaring text symbol \textoneoldstyle (encoding TS1)
 on input line 95.
LaTeX Encoding Info:    Redeclaring text symbol \texttwooldstyle (encoding TS1)
 on input line 96.
LaTeX Encoding Info:    Redeclaring text symbol \textthreeoldstyle (encoding TS
1) on input line 97.
LaTeX Encoding Info:    Redeclaring text symbol \textfouroldstyle (encoding TS1
) on input line 98.
LaTeX Encoding Info:    Redeclaring text symbol \textfiveoldstyle (encoding TS1
) on input line 99.
LaTeX Encoding Info:    Redeclaring text symbol \textsixoldstyle (encoding TS1)
 on input line 100.
LaTeX Encoding Info:    Redeclaring text symbol \textsevenoldstyle (encoding TS
1) on input line 101.
LaTeX Encoding Info:    Redeclaring text symbol \texteightoldstyle (encoding TS
1) on input line 102.
LaTeX Encoding Info:    Redeclaring text symbol \textnineoldstyle (encoding TS1
) on input line 103.
LaTeX Encoding Info:    Redeclaring text symbol \textlangle (encoding TS1) on i
nput line 104.
LaTeX Encoding Info:    Redeclaring text symbol \textminus (encoding TS1) on in
put line 105.
LaTeX Encoding Info:    Redeclaring text symbol \textrangle (encoding TS1) on i
nput line 106.
LaTeX Encoding Info:    Redeclaring text symbol \textmho (encoding TS1) on inpu
t line 107.
LaTeX Encoding Info:    Redeclaring text symbol \textbigcircle (encoding TS1) o
n input line 108.
LaTeX Encoding Info:    Redeclaring text command \textcircled (encoding TS1) on
 input line 109.
LaTeX Encoding Info:    Redeclaring text symbol \textohm (encoding TS1) on inpu
t line 115.
LaTeX Encoding Info:    Redeclaring text symbol \textlbrackdbl (encoding TS1) o
n input line 116.
LaTeX Encoding Info:    Redeclaring text symbol \textrbrackdbl (encoding TS1) o
n input line 117.
LaTeX Encoding Info:    Redeclaring text symbol \textuparrow (encoding TS1) on 
input line 118.
LaTeX Encoding Info:    Redeclaring text symbol \textdownarrow (encoding TS1) o
n input line 119.
LaTeX Encoding Info:    Redeclaring text symbol \textasciigrave (encoding TS1) 
on input line 120.
LaTeX Encoding Info:    Redeclaring text symbol \textborn (encoding TS1) on inp
ut line 121.
LaTeX Encoding Info:    Redeclaring text symbol \textdivorced (encoding TS1) on
 input line 122.
LaTeX Encoding Info:    Redeclaring text symbol \textdied (encoding TS1) on inp
ut line 123.
LaTeX Encoding Info:    Redeclaring text symbol \textleaf (encoding TS1) on inp
ut line 124.
LaTeX Encoding Info:    Redeclaring text symbol \textmarried (encoding TS1) on 
input line 125.
LaTeX Encoding Info:    Redeclaring text symbol \textmusicalnote (encoding TS1)
 on input line 126.
LaTeX Encoding Info:    Redeclaring text symbol \texttildelow (encoding TS1) on
 input line 127.
LaTeX Encoding Info:    Redeclaring text symbol \textdblhyphenchar (encoding TS
1) on input line 128.
LaTeX Encoding Info:    Redeclaring text symbol \textasciibreve (encoding TS1) 
on input line 129.
LaTeX Encoding Info:    Redeclaring text symbol \textasciicaron (encoding TS1) 
on input line 130.
LaTeX Encoding Info:    Redeclaring text symbol \textacutedbl (encoding TS1) on
 input line 131.
LaTeX Encoding Info:    Redeclaring text symbol \textgravedbl (encoding TS1) on
 input line 132.
LaTeX Encoding Info:    Redeclaring text symbol \textdagger (encoding TS1) on i
nput line 133.
LaTeX Encoding Info:    Redeclaring text symbol \textdaggerdbl (encoding TS1) o
n input line 134.
LaTeX Encoding Info:    Redeclaring text symbol \textbardbl (encoding TS1) on i
nput line 135.
LaTeX Encoding Info:    Redeclaring text symbol \textperthousand (encoding TS1)
 on input line 136.
LaTeX Encoding Info:    Redeclaring text symbol \textbullet (encoding TS1) on i
nput line 137.
LaTeX Encoding Info:    Redeclaring text symbol \textcelsius (encoding TS1) on 
input line 138.
LaTeX Encoding Info:    Redeclaring text symbol \textdollaroldstyle (encoding T
S1) on input line 139.
LaTeX Encoding Info:    Redeclaring text symbol \textcentoldstyle (encoding TS1
) on input line 140.
LaTeX Encoding Info:    Redeclaring text symbol \textflorin (encoding TS1) on i
nput line 141.
LaTeX Encoding Info:    Redeclaring text symbol \textcolonmonetary (encoding TS
1) on input line 142.
LaTeX Encoding Info:    Redeclaring text symbol \textwon (encoding TS1) on inpu
t line 143.
LaTeX Encoding Info:    Redeclaring text symbol \textnaira (encoding TS1) on in
put line 144.
LaTeX Encoding Info:    Redeclaring text symbol \textguarani (encoding TS1) on 
input line 145.
LaTeX Encoding Info:    Redeclaring text symbol \textpeso (encoding TS1) on inp
ut line 146.
LaTeX Encoding Info:    Redeclaring text symbol \textlira (encoding TS1) on inp
ut line 147.
LaTeX Encoding Info:    Redeclaring text symbol \textrecipe (encoding TS1) on i
nput line 148.
LaTeX Encoding Info:    Redeclaring text symbol \textinterrobang (encoding TS1)
 on input line 149.
LaTeX Encoding Info:    Redeclaring text symbol \textinterrobangdown (encoding 
TS1) on input line 150.
LaTeX Encoding Info:    Redeclaring text symbol \textdong (encoding TS1) on inp
ut line 151.
LaTeX Encoding Info:    Redeclaring text symbol \texttrademark (encoding TS1) o
n input line 152.
LaTeX Encoding Info:    Redeclaring text symbol \textpertenthousand (encoding T
S1) on input line 153.
LaTeX Encoding Info:    Redeclaring text symbol \textpilcrow (encoding TS1) on 
input line 154.
LaTeX Encoding Info:    Redeclaring text symbol \textbaht (encoding TS1) on inp
ut line 155.
LaTeX Encoding Info:    Redeclaring text symbol \textnumero (encoding TS1) on i
nput line 156.
LaTeX Encoding Info:    Redeclaring text symbol \textdiscount (encoding TS1) on
 input line 157.
LaTeX Encoding Info:    Redeclaring text symbol \textestimated (encoding TS1) o
n input line 158.
LaTeX Encoding Info:    Redeclaring text symbol \textopenbullet (encoding TS1) 
on input line 159.
LaTeX Encoding Info:    Redeclaring text symbol \textservicemark (encoding TS1)
 on input line 160.
LaTeX Encoding Info:    Redeclaring text symbol \textlquill (encoding TS1) on i
nput line 161.
LaTeX Encoding Info:    Redeclaring text symbol \textrquill (encoding TS1) on i
nput line 162.
LaTeX Encoding Info:    Redeclaring text symbol \textcent (encoding TS1) on inp
ut line 163.
LaTeX Encoding Info:    Redeclaring text symbol \textsterling (encoding TS1) on
 input line 164.
LaTeX Encoding Info:    Redeclaring text symbol \textcurrency (encoding TS1) on
 input line 165.
LaTeX Encoding Info:    Redeclaring text symbol \textyen (encoding TS1) on inpu
t line 166.
LaTeX Encoding Info:    Redeclaring text symbol \textbrokenbar (encoding TS1) o
n input line 167.
LaTeX Encoding Info:    Redeclaring text symbol \textsection (encoding TS1) on 
input line 168.
LaTeX Encoding Info:    Redeclaring text symbol \textasciidieresis (encoding TS
1) on input line 169.
LaTeX Encoding Info:    Redeclaring text symbol \textcopyright (encoding TS1) o
n input line 170.
LaTeX Encoding Info:    Redeclaring text symbol \textordfeminine (encoding TS1)
 on input line 171.
LaTeX Encoding Info:    Redeclaring text symbol \textcopyleft (encoding TS1) on
 input line 172.
LaTeX Encoding Info:    Redeclaring text symbol \textlnot (encoding TS1) on inp
ut line 173.
LaTeX Encoding Info:    Redeclaring text symbol \textcircledP (encoding TS1) on
 input line 174.
LaTeX Encoding Info:    Redeclaring text symbol \textregistered (encoding TS1) 
on input line 175.
LaTeX Encoding Info:    Redeclaring text symbol \textasciimacron (encoding TS1)
 on input line 176.
LaTeX Encoding Info:    Redeclaring text symbol \textdegree (encoding TS1) on i
nput line 177.
LaTeX Encoding Info:    Redeclaring text symbol \textpm (encoding TS1) on input
 line 178.
LaTeX Encoding Info:    Redeclaring text symbol \texttwosuperior (encoding TS1)
 on input line 179.
LaTeX Encoding Info:    Redeclaring text symbol \textthreesuperior (encoding TS
1) on input line 180.
LaTeX Encoding Info:    Redeclaring text symbol \textasciiacute (encoding TS1) 
on input line 181.
LaTeX Encoding Info:    Redeclaring text symbol \textmu (encoding TS1) on input
 line 182.
LaTeX Encoding Info:    Redeclaring text symbol \textparagraph (encoding TS1) o
n input line 183.
LaTeX Encoding Info:    Redeclaring text symbol \textperiodcentered (encoding T
S1) on input line 184.
LaTeX Encoding Info:    Redeclaring text symbol \textreferencemark (encoding TS
1) on input line 185.
LaTeX Encoding Info:    Redeclaring text symbol \textonesuperior (encoding TS1)
 on input line 186.
LaTeX Encoding Info:    Redeclaring text symbol \textordmasculine (encoding TS1
) on input line 187.
LaTeX Encoding Info:    Redeclaring text symbol \textsurd (encoding TS1) on inp
ut line 188.
LaTeX Encoding Info:    Redeclaring text symbol \textonequarter (encoding TS1) 
on input line 189.
LaTeX Encoding Info:    Redeclaring text symbol \textonehalf (encoding TS1) on 
input line 190.
LaTeX Encoding Info:    Redeclaring text symbol \textthreequarters (encoding TS
1) on input line 191.
LaTeX Encoding Info:    Redeclaring text symbol \texteuro (encoding TS1) on inp
ut line 192.
LaTeX Encoding Info:    Redeclaring text symbol \texttimes (encoding TS1) on in
put line 193.
LaTeX Encoding Info:    Redeclaring text symbol \textdiv (encoding TS1) on inpu
t line 194.
))
(C:\Users\asus\AppData\Local\Programs\MiKTeX\tex/latex/l3backend\l3backend-pdft
ex.def
File: l3backend-pdftex.def 2026-02-18 L3 backend support: PDF output (pdfTeX)
\l__color_backend_stack_int=\count314
) (main.aux)
\openout1 = `main.aux'.

LaTeX Font Info:    Checking defaults for OML/cmm/m/it on input line 39.
LaTeX Font Info:    ... okay on input line 39.
LaTeX Font Info:    Checking defaults for OMS/cmsy/m/n on input line 39.
LaTeX Font Info:    ... okay on input line 39.
LaTeX Font Info:    Checking defaults for OT1/cmr/m/n on input line 39.
LaTeX Font Info:    ... okay on input line 39.
LaTeX Font Info:    Checking defaults for T1/cmr/m/n on input line 39.
LaTeX Font Info:    ... okay on input line 39.
LaTeX Font Info:    Checking defaults for TS1/cmr/m/n on input line 39.
LaTeX Font Info:    ... okay on input line 39.
LaTeX Font Info:    Checking defaults for OMX/cmex/m/n on input line 39.
LaTeX Font Info:    ... okay on input line 39.
LaTeX Font Info:    Checking defaults for U/cmr/m/n on input line 39.
LaTeX Font Info:    ... okay on input line 39.
LaTeX Font Info:    Checking defaults for PD1/pdf/m/n on input line 39.
LaTeX Font Info:    ... okay on input line 39.
LaTeX Font Info:    Checking defaults for PU/pdf/m/n on input line 39.
LaTeX Font Info:    ... okay on input line 39.

(C:\Users\asus\AppData\Local\Programs\MiKTeX\tex/context/base/mkii\supp-pdf.mki
i
[Loading MPS to PDF converter (version 2006.09.02).]
\scratchcounter=\count315
\scratchdimen=\dimen183
\scratchbox=\box66
\nofMPsegments=\count316
\nofMParguments=\count317
\everyMPshowfont=\toks31
\MPscratchCnt=\count318
\MPscratchDim=\dimen184
\MPnumerator=\count319
\makeMPintoPDFobject=\count320
\everyMPtoPDFconversion=\toks32
)
(C:\Users\asus\AppData\Local\Programs\MiKTeX\tex/latex/epstopdf-pkg\epstopdf-ba
se.sty
Package: epstopdf-base 2020-01-24 v2.11 Base part for package epstopdf
Package epstopdf-base Info: Redefining graphics rule for `.eps' on input line 4
85.

(C:\Users\asus\AppData\Local\Programs\MiKTeX\tex/latex/00miktex\epstopdf-sys.cf
g
File: epstopdf-sys.cfg 2021/03/18 v2.0 Configuration of epstopdf for MiKTeX
))
*geometry* driver: auto-detecting
*geometry* detected driver: pdftex
*geometry* verbose mode - [ preamble ] result:
* driver: pdftex
* paper: a4paper
* layout: <same size as paper>
* layoutoffset:(h,v)=(0.0pt,0.0pt)
* modes: 
* h-part:(L,W,R)=(72.26999pt, 452.9679pt, 72.26999pt)
* v-part:(T,H,B)=(72.26999pt, 700.50687pt, 72.26999pt)
* \paperwidth=597.50787pt
* \paperheight=845.04684pt
* \textwidth=452.9679pt
* \textheight=700.50687pt
* \oddsidemargin=0.0pt
* \evensidemargin=0.0pt
* \topmargin=-37.0pt
* \headheight=12.0pt
* \headsep=25.0pt
* \topskip=10.0pt
* \footskip=30.0pt
* \marginparwidth=65.0pt
* \marginparsep=11.0pt
* \columnsep=10.0pt
* \skip\footins=9.0pt plus 4.0pt minus 2.0pt
* \hoffset=0.0pt
* \voffset=0.0pt
* \mag=1000
* \@twocolumnfalse
* \@twosidefalse
* \@mparswitchfalse
* \@reversemarginfalse
* (1in=72.27pt=25.4mm, 1cm=28.453pt)

Package hyperref Info: Link coloring OFF on input line 39.
(main.out) (main.out)
\@outlinefile=\write3
\openout3 = `main.out'.

LaTeX Font Info:    Calculating math sizes for size <10.50003> on input line 71
.
 [1

{C:/Users/asus/AppData/Local/MiKTeX/fonts/map/pdftex/pdftex.map}]
LaTeX Font Info:    Font shape `OML/cmr/m/n' in size <10.50003> not available
(Font)              Font shape `OML/cmm/m/it' tried instead on input line 88.
<media/office_obj_63.png, id=15, 974.64125pt x 150.5625pt>
File: media/office_obj_63.png Graphic file (type png)
<use media/office_obj_63.png>
Package pdftex.def Info: media/office_obj_63.png  used on input line 97.
(pdftex.def)             Requested size: 452.96555pt x 69.97408pt.
<media/office_obj_62.png, id=16, 1387.1825pt x 149.55875pt>
File: media/office_obj_62.png Graphic file (type png)
<use media/office_obj_62.png>
Package pdftex.def Info: media/office_obj_62.png  used on input line 105.
(pdftex.def)             Requested size: 452.96681pt x 48.8365pt.
 [2 <./media/office_obj_63.png (PNG copy)>]
<media/office_obj_61.png, id=23, 1287.81125pt x 149.55875pt>
File: media/office_obj_61.png Graphic file (type png)
<use media/office_obj_61.png>
Package pdftex.def Info: media/office_obj_61.png  used on input line 113.
(pdftex.def)             Requested size: 452.96118pt x 52.60422pt.
<media/office_obj_60.png, id=24, 1396.21625pt x 68.255pt>
File: media/office_obj_60.png Graphic file (type png)
<use media/office_obj_60.png>
Package pdftex.def Info: media/office_obj_60.png  used on input line 121.
(pdftex.def)             Requested size: 452.95534pt x 22.14302pt.
<media/office_obj_59.png, id=25, 1160.335pt x 363.3575pt>
File: media/office_obj_59.png Graphic file (type png)
<use media/office_obj_59.png>
Package pdftex.def Info: media/office_obj_59.png  used on input line 129.
(pdftex.def)             Requested size: 452.97147pt x 141.84746pt.
<media/office_obj_58.png, id=26, 1622.06pt x 68.255pt>
File: media/office_obj_58.png Graphic file (type png)
<use media/office_obj_58.png>
Package pdftex.def Info: media/office_obj_58.png  used on input line 137.
(pdftex.def)             Requested size: 452.96092pt x 19.06023pt.
<media/office_obj_57.png, id=27, 1574.88374pt x 149.55875pt>
File: media/office_obj_57.png Graphic file (type png)
<use media/office_obj_57.png>
Package pdftex.def Info: media/office_obj_57.png  used on input line 145.
(pdftex.def)             Requested size: 452.9558pt x 43.01491pt.
<media/office_obj_56.png, id=28, 1612.0225pt x 495.8525pt>
File: media/office_obj_56.png Graphic file (type png)
<use media/office_obj_56.png>
Package pdftex.def Info: media/office_obj_56.png  used on input line 153.
(pdftex.def)             Requested size: 452.96207pt x 139.32954pt.
<media/office_obj_55.png, id=29, 1752.5475pt x 245.91875pt>
File: media/office_obj_55.png Graphic file (type png)
<use media/office_obj_55.png>
Package pdftex.def Info: media/office_obj_55.png  used on input line 161.
(pdftex.def)             Requested size: 452.9507pt x 63.55836pt.
<media/office_obj_54.png, id=30, 1752.5475pt x 245.91875pt>
File: media/office_obj_54.png Graphic file (type png)
<use media/office_obj_54.png>
Package pdftex.def Info: media/office_obj_54.png  used on input line 169.
(pdftex.def)             Requested size: 452.9507pt x 63.55836pt.
 [3 <./media/office_obj_62.png (PNG copy)> <./media/office_obj_61.png (PNG copy
)> <./media/office_obj_60.png (PNG copy)> <./media/office_obj_59.png (PNG copy)
> <./media/office_obj_58.png (PNG copy)> <./media/office_obj_57.png (PNG copy)>
 <./media/office_obj_56.png (PNG copy)> <./media/office_obj_55.png (PNG copy)>]
<media/office_obj_53.png, id=35, 1295.84125pt x 144.54pt>
File: media/office_obj_53.png Graphic file (type png)
<use media/office_obj_53.png>
Package pdftex.def Info: media/office_obj_53.png  used on input line 177.
(pdftex.def)             Requested size: 452.95804pt x 50.52357pt.
<media/office_obj_52.png, id=36, 1753.55125pt x 164.615pt>
File: media/office_obj_52.png Graphic file (type png)
<use media/office_obj_52.png>
Package pdftex.def Info: media/office_obj_52.png  used on input line 185.
(pdftex.def)             Requested size: 452.9693pt x 42.52258pt.
<media/office_obj_51.png, id=37, 1257.69875pt x 120.45pt>
File: media/office_obj_51.png Graphic file (type png)
<use media/office_obj_51.png>
Package pdftex.def Info: media/office_obj_51.png  used on input line 193.
(pdftex.def)             Requested size: 452.96312pt x 43.38034pt.
<media/office_obj_50.png, id=38, 1103.12125pt x 70.2625pt>
File: media/office_obj_50.png Graphic file (type png)
<use media/office_obj_50.png>
Package pdftex.def Info: media/office_obj_50.png  used on input line 201.
(pdftex.def)             Requested size: 452.97276pt x 28.85176pt.
<media/office_obj_49.png, id=39, 1078.0275pt x 146.5475pt>
File: media/office_obj_49.png Graphic file (type png)
<use media/office_obj_49.png>
Package pdftex.def Info: media/office_obj_49.png  used on input line 209.
(pdftex.def)             Requested size: 452.96585pt x 61.57635pt.
<media/office_obj_48.png, id=40, 1750.54pt x 157.58875pt>
File: media/office_obj_48.png Graphic file (type png)
<use media/office_obj_48.png>
Package pdftex.def Info: media/office_obj_48.png  used on input line 217.
(pdftex.def)             Requested size: 452.96608pt x 40.77733pt.
<media/office_obj_47.png, id=41, 1239.63126pt x 120.45pt>
File: media/office_obj_47.png Graphic file (type png)
<use media/office_obj_47.png>
Package pdftex.def Info: media/office_obj_47.png  used on input line 225.
(pdftex.def)             Requested size: 452.9629pt x 44.01257pt.
<media/office_obj_46.png, id=42, 1187.43625pt x 62.2325pt>
File: media/office_obj_46.png Graphic file (type png)
<use media/office_obj_46.png>
Package pdftex.def Info: media/office_obj_46.png  used on input line 233.
(pdftex.def)             Requested size: 452.96988pt x 23.73975pt.
<media/office_obj_45.png, id=43, 1187.43625pt x 62.2325pt>
File: media/office_obj_45.png Graphic file (type png)
<use media/office_obj_45.png>
Package pdftex.def Info: media/office_obj_45.png  used on input line 241.
(pdftex.def)             Requested size: 452.96988pt x 23.73975pt.
<media/office_obj_44.png, id=44, 1207.51125pt x 120.45pt>
File: media/office_obj_44.png Graphic file (type png)
<use media/office_obj_44.png>
Package pdftex.def Info: media/office_obj_44.png  used on input line 249.
(pdftex.def)             Requested size: 452.96301pt x 45.18333pt.
<media/office_obj_43.png, id=45, 1018.80624pt x 146.5475pt>
File: media/office_obj_43.png Graphic file (type png)
<use media/office_obj_43.png>
Package pdftex.def Info: media/office_obj_43.png  used on input line 257.
(pdftex.def)             Requested size: 452.97093pt x 65.15639pt.
 [4 <./media/office_obj_54.png (PNG copy)> <./media/office_obj_53.png (PNG copy
)> <./media/office_obj_52.png (PNG copy)> <./media/office_obj_51.png (PNG copy)
> <./media/office_obj_50.png (PNG copy)> <./media/office_obj_49.png (PNG copy)>
 <./media/office_obj_48.png (PNG copy)> <./media/office_obj_47.png (PNG copy)> 
<./media/office_obj_46.png (PNG copy)> <./media/office_obj_45.png (PNG copy)> <
./media/office_obj_44.png (PNG copy)>]
<media/office_obj_42.png, id=50, 1007.765pt x 154.5775pt>
File: media/office_obj_42.png Graphic file (type png)
<use media/office_obj_42.png>
Package pdftex.def Info: media/office_obj_42.png  used on input line 265.
(pdftex.def)             Requested size: 452.96724pt x 69.47902pt.
<media/office_obj_41.png, id=51, 1039.885pt x 69.25874pt>
File: media/office_obj_41.png Graphic file (type png)
<use media/office_obj_41.png>
Package pdftex.def Info: media/office_obj_41.png  used on input line 273.
(pdftex.def)             Requested size: 452.96515pt x 30.16852pt.
<media/office_obj_40.png, id=52, 689.57625pt x 119.44624pt>
File: media/office_obj_40.png Graphic file (type png)
<use media/office_obj_40.png>
Package pdftex.def Info: media/office_obj_40.png  used on input line 281.
(pdftex.def)             Requested size: 452.97522pt x 78.46294pt.
<media/office_obj_39.png, id=53, 689.57625pt x 119.44624pt>
File: media/office_obj_39.png Graphic file (type png)
<use media/office_obj_39.png>
Package pdftex.def Info: media/office_obj_39.png  used on input line 289.
(pdftex.def)             Requested size: 452.97522pt x 78.46294pt.
<media/office_obj_38.png, id=54, 1749.53625pt x 142.5325pt>
File: media/office_obj_38.png Graphic file (type png)
<use media/office_obj_38.png>
Package pdftex.def Info: media/office_obj_38.png  used on input line 297.
(pdftex.def)             Requested size: 452.94661pt x 36.90097pt.
<media/office_obj_37.png, id=55, 873.2625pt x 72.27pt>
File: media/office_obj_37.png Graphic file (type png)
<use media/office_obj_37.png>
Package pdftex.def Info: media/office_obj_37.png  used on input line 305.
(pdftex.def)             Requested size: 452.96649pt x 37.48686pt.
<media/office_obj_36.png, id=56, 1030.85126pt x 70.2625pt>
File: media/office_obj_36.png Graphic file (type png)
<use media/office_obj_36.png>
Package pdftex.def Info: media/office_obj_36.png  used on input line 313.
(pdftex.def)             Requested size: 452.96251pt x 30.87376pt.
<media/office_obj_35.png, id=57, 1257.69875pt x 145.54375pt>
File: media/office_obj_35.png Graphic file (type png)
<use media/office_obj_35.png>
Package pdftex.def Info: media/office_obj_35.png  used on input line 321.
(pdftex.def)             Requested size: 452.96312pt x 52.41791pt.
<media/office_obj_34.png, id=58, 1241.63875pt x 145.54375pt>
File: media/office_obj_34.png Graphic file (type png)
<use media/office_obj_34.png>
Package pdftex.def Info: media/office_obj_34.png  used on input line 329.
(pdftex.def)             Requested size: 452.95755pt x 53.09526pt.
 [5 <./media/office_obj_43.png (PNG copy)> <./media/office_obj_42.png (PNG copy
)> <./media/office_obj_41.png (PNG copy)> <./media/office_obj_40.png (PNG copy)
> <./media/office_obj_39.png (PNG copy)> <./media/office_obj_38.png (PNG copy)>
 <./media/office_obj_37.png (PNG copy)> <./media/office_obj_36.png (PNG copy)> 
<./media/office_obj_35.png (PNG copy)>]
<media/office_obj_33.png, id=63, 1238.6275pt x 69.25874pt>
File: media/office_obj_33.png Graphic file (type png)
<use media/office_obj_33.png>
Package pdftex.def Info: media/office_obj_33.png  used on input line 337.
(pdftex.def)             Requested size: 452.97414pt x 25.32835pt.
<media/office_obj_32.png, id=64, 1223.57124pt x 69.25874pt>
File: media/office_obj_32.png Graphic file (type png)
<use media/office_obj_32.png>
Package pdftex.def Info: media/office_obj_32.png  used on input line 345.
(pdftex.def)             Requested size: 452.95699pt x 25.63905pt.
<media/office_obj_31.png, id=65, 711.65875pt x 73.27374pt>
File: media/office_obj_31.png Graphic file (type png)
<use media/office_obj_31.png>
Package pdftex.def Info: media/office_obj_31.png  used on input line 353.
(pdftex.def)             Requested size: 452.96246pt x 46.63786pt.
<media/office_obj_30.png, id=66, 1228.59pt x 83.31125pt>
File: media/office_obj_30.png Graphic file (type png)
<use media/office_obj_30.png>
Package pdftex.def Info: media/office_obj_30.png  used on input line 361.
(pdftex.def)             Requested size: 452.95897pt x 30.71535pt.
<media/office_obj_29.png, id=67, 427.5975pt x 163.61125pt>
File: media/office_obj_29.png Graphic file (type png)
<use media/office_obj_29.png>
Package pdftex.def Info: media/office_obj_29.png  used on input line 369.
(pdftex.def)             Requested size: 452.97063pt x 173.31973pt.
<media/office_obj_28.png, id=68, 1276.77pt x 65.24374pt>
File: media/office_obj_28.png Graphic file (type png)
<use media/office_obj_28.png>
Package pdftex.def Info: media/office_obj_28.png  used on input line 377.
(pdftex.def)             Requested size: 452.95456pt x 23.14626pt.
<media/office_obj_27.png, id=69, 1680.2775pt x 180.675pt>
File: media/office_obj_27.png Graphic file (type png)
<use media/office_obj_27.png>
Package pdftex.def Info: media/office_obj_27.png  used on input line 385.
(pdftex.def)             Requested size: 452.9631pt x 48.7057pt.
<media/office_obj_26.png, id=70, 1378.14874pt x 58.2175pt>
File: media/office_obj_26.png Graphic file (type png)
<use media/office_obj_26.png>
Package pdftex.def Info: media/office_obj_26.png  used on input line 393.
(pdftex.def)             Requested size: 452.96098pt x 19.13454pt.
<media/office_obj_25.png, id=71, 1146.2825pt x 180.675pt>
File: media/office_obj_25.png Graphic file (type png)
<use media/office_obj_25.png>
Package pdftex.def Info: media/office_obj_25.png  used on input line 401.
(pdftex.def)             Requested size: 452.97777pt x 71.39754pt.
<media/office_obj_24.png, id=72, 1902.10625pt x 151.56625pt>
File: media/office_obj_24.png Graphic file (type png)
<use media/office_obj_24.png>
Package pdftex.def Info: media/office_obj_24.png  used on input line 409.
(pdftex.def)             Requested size: 452.9449pt x 36.09218pt.
 [6 <./media/office_obj_34.png (PNG copy)> <./media/office_obj_33.png (PNG copy
)> <./media/office_obj_32.png (PNG copy)> <./media/office_obj_31.png (PNG copy)
> <./media/office_obj_30.png (PNG copy)> <./media/office_obj_29.png (PNG copy)>
 <./media/office_obj_28.png (PNG copy)> <./media/office_obj_27.png (PNG copy)> 
<./media/office_obj_26.png (PNG copy)> <./media/office_obj_25.png (PNG copy)>]
<media/office_obj_23.png, id=77, 1902.10625pt x 151.56625pt>
File: media/office_obj_23.png Graphic file (type png)
<use media/office_obj_23.png>
Package pdftex.def Info: media/office_obj_23.png  used on input line 417.
(pdftex.def)             Requested size: 452.9449pt x 36.09218pt.
<media/office_obj_22.png, id=78, 1902.10625pt x 151.56625pt>
File: media/office_obj_22.png Graphic file (type png)
<use media/office_obj_22.png>
Package pdftex.def Info: media/office_obj_22.png  used on input line 425.
(pdftex.def)             Requested size: 452.9449pt x 36.09218pt.
<media/office_obj_21.png, id=79, 1902.10625pt x 151.56625pt>
File: media/office_obj_21.png Graphic file (type png)
<use media/office_obj_21.png>
Package pdftex.def Info: media/office_obj_21.png  used on input line 433.
(pdftex.def)             Requested size: 452.9449pt x 36.09218pt.
<media/office_obj_20.png, id=80, 1512.65125pt x 180.675pt>
File: media/office_obj_20.png Graphic file (type png)
<use media/office_obj_20.png>
Package pdftex.def Info: media/office_obj_20.png  used on input line 441.
(pdftex.def)             Requested size: 452.96796pt x 54.10365pt.
<media/office_obj_19.png, id=81, 1305.87875pt x 70.2625pt>
File: media/office_obj_19.png Graphic file (type png)
<use media/office_obj_19.png>
Package pdftex.def Info: media/office_obj_19.png  used on input line 449.
(pdftex.def)             Requested size: 452.95964pt x 24.37137pt.
<media/office_obj_18.png, id=82, 1503.6175pt x 180.675pt>
File: media/office_obj_18.png Graphic file (type png)
<use media/office_obj_18.png>
Package pdftex.def Info: media/office_obj_18.png  used on input line 457.
(pdftex.def)             Requested size: 452.97008pt x 54.42897pt.
<media/office_obj_17.png, id=83, 1226.5825pt x 70.2625pt>
File: media/office_obj_17.png Graphic file (type png)
<use media/office_obj_17.png>
Package pdftex.def Info: media/office_obj_17.png  used on input line 465.
(pdftex.def)             Requested size: 452.96748pt x 25.94739pt.
<media/office_obj_16.png, id=84, 1326.9575pt x 281.05pt>
File: media/office_obj_16.png Graphic file (type png)
<use media/office_obj_16.png>
Package pdftex.def Info: media/office_obj_16.png  used on input line 473.
(pdftex.def)             Requested size: 452.96162pt x 95.9374pt.
<media/office_obj_15.png, id=85, 1825.82124pt x 70.2625pt>
File: media/office_obj_15.png Graphic file (type png)
<use media/office_obj_15.png>
Package pdftex.def Info: media/office_obj_15.png  used on input line 481.
(pdftex.def)             Requested size: 452.94386pt x 17.43048pt.
<media/office_obj_14.png, id=86, 1268.74pt x 186.6975pt>
File: media/office_obj_14.png Graphic file (type png)
<use media/office_obj_14.png>
Package pdftex.def Info: media/office_obj_14.png  used on input line 489.
(pdftex.def)             Requested size: 452.97098pt x 66.65553pt.
<media/office_obj_13.png, id=87, 427.5975pt x 163.61125pt>
File: media/office_obj_13.png Graphic file (type png)
<use media/office_obj_13.png>
Package pdftex.def Info: media/office_obj_13.png  used on input line 497.
(pdftex.def)             Requested size: 452.97063pt x 173.31973pt.
 [7 <./media/office_obj_24.png (PNG copy)> <./media/office_obj_23.png (PNG copy
)> <./media/office_obj_22.png (PNG copy)> <./media/office_obj_21.png (PNG copy)
> <./media/office_obj_20.png (PNG copy)> <./media/office_obj_19.png (PNG copy)>
 <./media/office_obj_18.png (PNG copy)> <./media/office_obj_17.png (PNG copy)> 
<./media/office_obj_16.png (PNG copy)> <./media/office_obj_15.png (PNG copy)> <
./media/office_obj_14.png (PNG copy)>]
<media/office_obj_12.png, id=93, 1276.77pt x 65.24374pt>
File: media/office_obj_12.png Graphic file (type png)
<use media/office_obj_12.png>
Package pdftex.def Info: media/office_obj_12.png  used on input line 505.
(pdftex.def)             Requested size: 452.95456pt x 23.14626pt.
<media/office_obj_11.png, id=94, 1248.665pt x 862.22125pt>
File: media/office_obj_11.png Graphic file (type png)
<use media/office_obj_11.png>
Package pdftex.def Info: media/office_obj_11.png  used on input line 512.
(pdftex.def)             Requested size: 304.33467pt x 210.14749pt.
<media/office_obj_10.png, id=95, 1151.30125pt x 188.705pt>
File: media/office_obj_10.png Graphic file (type png)
<use media/office_obj_10.png>
Package pdftex.def Info: media/office_obj_10.png  used on input line 519.
(pdftex.def)             Requested size: 452.95836pt x 74.24251pt.
<media/office_obj_9.png, id=96, 1412.27625pt x 188.705pt>
File: media/office_obj_9.png Graphic file (type png)
<use media/office_obj_9.png>
Package pdftex.def Info: media/office_obj_9.png  used on input line 527.
(pdftex.def)             Requested size: 452.97202pt x 60.52504pt.
<media/office_obj_8.png, id=97, 1186.4325pt x 591.20876pt>
File: media/office_obj_8.png Graphic file (type png)
<use media/office_obj_8.png>
Package pdftex.def Info: media/office_obj_8.png  used on input line 535.
(pdftex.def)             Requested size: 421.72054pt x 210.1467pt.
 [8 <./media/office_obj_13.png (PNG copy)> <./media/office_obj_12.png (PNG copy
)> <./media/office_obj_11.png (PNG copy)> <./media/office_obj_10.png (PNG copy)
> <./media/office_obj_9.png (PNG copy)>]
<media/office_obj_7.png, id=102, 1186.4325pt x 591.20876pt>
File: media/office_obj_7.png Graphic file (type png)
<use media/office_obj_7.png>
Package pdftex.def Info: media/office_obj_7.png  used on input line 543.
(pdftex.def)             Requested size: 421.72054pt x 210.1467pt.
<media/office_obj_6.png, id=103, 770.88pt x 423.5825pt>
File: media/office_obj_6.png Graphic file (type png)
<use media/office_obj_6.png>
Package pdftex.def Info: media/office_obj_6.png  used on input line 550.
(pdftex.def)             Requested size: 382.4631pt x 210.1555pt.
<media/office_obj_5.png, id=104, 770.88pt x 423.5825pt>
File: media/office_obj_5.png Graphic file (type png)
<use media/office_obj_5.png>
Package pdftex.def Info: media/office_obj_5.png  used on input line 556.
(pdftex.def)             Requested size: 382.4631pt x 210.1555pt.
 [9 <./media/office_obj_8.png (PNG copy)> <./media/office_obj_7.png (PNG copy)>
 <./media/office_obj_6.png (PNG copy)>]
<media/office_obj_4.png, id=109, 1908.12875pt x 658.46pt>
File: media/office_obj_4.png Graphic file (type png)
<use media/office_obj_4.png>
Package pdftex.def Info: media/office_obj_4.png  used on input line 563.
(pdftex.def)             Requested size: 452.95236pt x 156.3055pt.
<media/office_obj_3.png, id=110, 1908.12875pt x 658.46pt>
File: media/office_obj_3.png Graphic file (type png)
<use media/office_obj_3.png>
Package pdftex.def Info: media/office_obj_3.png  used on input line 571.
(pdftex.def)             Requested size: 452.95236pt x 156.3055pt.
<media/office_obj_2.png, id=111, 1110.1475pt x 869.2475pt>
File: media/office_obj_2.png Graphic file (type png)
<use media/office_obj_2.png>
Package pdftex.def Info: media/office_obj_2.png  used on input line 578.
(pdftex.def)             Requested size: 268.38889pt x 210.14897pt.
 [10 <./media/office_obj_5.png (PNG copy)> <./media/office_obj_4.png (PNG copy)
> <./media/office_obj_3.png (PNG copy)>]
<media/office_obj_1.png, id=116, 1142.2675pt x 884.30376pt>
File: media/office_obj_1.png Graphic file (type png)
<use media/office_obj_1.png>
Package pdftex.def Info: media/office_obj_1.png  used on input line 584.
(pdftex.def)             Requested size: 271.44821pt x 210.14577pt.
 [11 <./media/office_obj_2.png (PNG copy)> <./media/office_obj_1.png (PNG copy)
>] [12] (main.aux)
 ***********
LaTeX2e <2026-06-01>
L3 programming layer <2026-06-18>
 ***********
Package rerunfilecheck Info: File `main.out' has not changed.
(rerunfilecheck)             Checksum: D41D8CD98F00B204E9800998ECF8427E;0.
 ) 
Here is how much of TeX's memory you used:
 12657 strings out of 467510
 206052 string characters out of 5409281
 660104 words of memory out of 5000000
 41701 multiletter control sequences out of 15000+600000
 638541 words of font info for 81 fonts, out of 8000000 for 9000
 1141 hyphenation exceptions out of 8191
 89i,7n,93p,5026b,577s stack positions out of 10000i,1000n,20000p,200000b,200000s
<C:/Users/asus/AppData/Local/Programs/MiKTeX/fonts/type1/public/amsfonts/cm/c
mbx10.pfb><C:/Users/asus/AppData/Local/Programs/MiKTeX/fonts/type1/public/amsfo
nts/cm/cmbx12.pfb><C:/Users/asus/AppData/Local/Programs/MiKTeX/fonts/type1/publ
ic/amsfonts/cm/cmbx9.pfb><C:/Users/asus/AppData/Local/Programs/MiKTeX/fonts/typ
e1/public/amsfonts/cm/cmmi10.pfb><C:/Users/asus/AppData/Local/Programs/MiKTeX/f
onts/type1/public/amsfonts/cm/cmr10.pfb><C:/Users/asus/AppData/Local/Programs/M
iKTeX/fonts/type1/public/amsfonts/cm/cmr6.pfb><C:/Users/asus/AppData/Local/Prog
rams/MiKTeX/fonts/type1/public/amsfonts/cm/cmr7.pfb><C:/Users/asus/AppData/Loca
l/Programs/MiKTeX/fonts/type1/public/amsfonts/cm/cmr9.pfb><C:/Users/asus/AppDat
a/Local/Programs/MiKTeX/fonts/type1/public/amsfonts/cm/cmsy6.pfb>
Output written on main.pdf (12 pages, 2021372 bytes).
PDF statistics:
 198 PDF objects out of 1000 (max. 8388607)
 37 named destinations out of 1000 (max. 500000)
 316 words of extra memory for PDF output out of 10000 (max. 10000000)

