[2026-07-28 21:28:36,844] [INFO] [latex_compiler.py:337]: Starting LaTeX compilation for: G:\work\Journal2LaTeX\backend\temp\e275a124-adff-4bec-95ef-3f67ef8995f7\rendered\main.tex
[2026-07-28 21:28:36,896] [INFO] [latex_compiler.py:364]: Applied template compatibility layer to main.tex
[2026-07-28 21:28:36,899] [INFO] [latex_compiler.py:126]: Rendered working directory tree before compilation:
  010101.aux
  010101.log
  010101.out
  010101.pdf
  everyshi.sty
  FDESPFDA2014revised1-eps-converted-to.pdf
  FDESPFDA2014revised1.eps
  logo7pt-eps-converted-to.pdf
  logo7pt.eps
  main.tex
  media/
    rId22.png
    rId35.png
    rId38.png
    rId41.png
    rId44.png
    rId47.png
    rId50.png
  NSP1.cls
  psfig.sty
  template.tex
[2026-07-28 21:28:36,902] [INFO] [latex_compiler.py:132]: Template resource manifest (20 files):
  010101.aux                               generated document / build artefact
  010101.log                               generated document / build artefact
  010101.out                               generated document / build artefact
  010101.pdf                               template resource (graphic (PDF))
  everyshi.sty                             template resource (package / style)
  FDESPFDA2014revised1-eps-converted-to.pdf template resource (graphic (PDF))
  FDESPFDA2014revised1.eps                 template resource (graphic (EPS))
  logo7pt-eps-converted-to.pdf             template resource (graphic (PDF))
  logo7pt.eps                              template resource (graphic (EPS))
  main.tex                                 generated document / build artefact
  media\rId22.png                          renderer-generated media
  media\rId35.png                          renderer-generated media
  media\rId38.png                          renderer-generated media
  media\rId41.png                          renderer-generated media
  media\rId44.png                          renderer-generated media
  media\rId47.png                          renderer-generated media
  media\rId50.png                          renderer-generated media
  NSP1.cls                                 template resource (document class)
  psfig.sty                                template resource (package / style)
  template.tex                             template resource (included source)
[2026-07-28 21:28:36,931] [INFO] [latex_compiler.py:154]: Dependency resolution (17 references):
  [LOCAL  ] documentclass   NSP1
  [SYSTEM ] usepackage      xcolor
  [SYSTEM ] usepackage      url
  [SYSTEM ] usepackage      floatflt
  [SYSTEM ] usepackage      helvet
  [SYSTEM ] usepackage      times
  [LOCAL  ] usepackage      psfig
  [SYSTEM ] usepackage      graphics
  [SYSTEM ] usepackage      mathptmx
  [SYSTEM ] usepackage      amsmath
  [SYSTEM ] usepackage      amssymb
  [SYSTEM ] usepackage      bm
  [SYSTEM ] usepackage      float
  [SYSTEM ] usepackage      caption
  [SYSTEM ] usepackage      newunicodechar
  [SYSTEM ] usepackage      type1cm
  [SYSTEM ] usepackage      fix-cm
[2026-07-28 21:28:36,931] [INFO] [latex_compiler.py:395]: Using latexmk compiler.
[2026-07-28 21:28:40,121] [INFO] [latex_compiler.py:462]: Compilation completed successfully. PDF generated at: G:\work\Journal2LaTeX\backend\temp\e275a124-adff-4bec-95ef-3f67ef8995f7\output\paper.pdf
