[2026-07-18 19:01:07,634] [INFO] [layout_optimizer.py:15]: Starting visual layout optimization loop for job: f9f862e7-f936-451a-92fa-9fb44391ce7d
[2026-07-18 19:01:07,649] [INFO] [layout_optimizer.py:44]: Running layout optimization iteration 1/5...
[2026-07-18 19:01:17,498] [INFO] [layout_optimizer.py:58]: Iteration 1 results - Similarity: 53.99%, Pages: 8 (Target: 11)
[2026-07-18 19:01:17,501] [INFO] [layout_optimizer.py:44]: Running layout optimization iteration 2/5...
[2026-07-18 19:01:31,199] [INFO] [layout_optimizer.py:58]: Iteration 2 results - Similarity: 54.06%, Pages: 8 (Target: 11)
[2026-07-18 19:01:31,200] [INFO] [layout_optimizer.py:44]: Running layout optimization iteration 3/5...
[2026-07-18 19:01:42,850] [INFO] [layout_optimizer.py:58]: Iteration 3 results - Similarity: 61.95%, Pages: 9 (Target: 11)
[2026-07-18 19:01:42,852] [INFO] [layout_optimizer.py:44]: Running layout optimization iteration 4/5...
[2026-07-18 19:01:55,754] [INFO] [layout_optimizer.py:58]: Iteration 4 results - Similarity: 62.04%, Pages: 9 (Target: 11)
[2026-07-18 19:01:55,756] [INFO] [layout_optimizer.py:44]: Running layout optimization iteration 5/5...
[2026-07-18 19:02:08,465] [INFO] [layout_optimizer.py:58]: Iteration 5 results - Similarity: 61.96%, Pages: 9 (Target: 11)
[2026-07-18 19:02:12,124] [INFO] [layout_optimizer.py:146]: Layout optimization loop completed. Report saved to intermediate/optimization_report.json
[2026-07-18 19:18:19,073] [INFO] [layout_optimizer.py:15]: Starting true E2E layout optimization loop for job: f9f862e7-f936-451a-92fa-9fb44391ce7d
[2026-07-18 19:18:19,087] [INFO] [layout_optimizer.py:49]: Running E2E layout optimization iteration 1/5...
[2026-07-18 19:18:30,843] [INFO] [layout_optimizer.py:68]: Iteration 1 results - Similarity: 53.99%, PSNR: 6.74 dB, RMSE: 117.32
[2026-07-18 19:18:30,845] [INFO] [layout_optimizer.py:49]: Running E2E layout optimization iteration 2/5...
[2026-07-18 19:18:44,408] [INFO] [layout_optimizer.py:68]: Iteration 2 results - Similarity: 61.85%, PSNR: 8.37 dB, RMSE: 97.29
[2026-07-18 19:18:44,410] [INFO] [layout_optimizer.py:49]: Running E2E layout optimization iteration 3/5...
[2026-07-18 19:18:56,620] [INFO] [layout_optimizer.py:68]: Iteration 3 results - Similarity: 61.86%, PSNR: 8.37 dB, RMSE: 97.26
[2026-07-18 19:18:56,622] [INFO] [layout_optimizer.py:49]: Running E2E layout optimization iteration 4/5...
[2026-07-18 19:19:09,515] [INFO] [layout_optimizer.py:68]: Iteration 4 results - Similarity: 61.60%, PSNR: 8.31 dB, RMSE: 97.92
[2026-07-18 19:19:09,517] [INFO] [layout_optimizer.py:49]: Running E2E layout optimization iteration 5/5...
[2026-07-18 19:19:22,816] [INFO] [layout_optimizer.py:68]: Iteration 5 results - Similarity: 68.81%, PSNR: 10.12 dB, RMSE: 79.52
[2026-07-18 19:19:24,335] [INFO] [layout_optimizer.py:189]: Layout optimization loop completed successfully. Report saved.
[2026-07-18 19:20:36,601] [INFO] [layout_optimizer.py:15]: Starting true E2E layout optimization loop for job: f9f862e7-f936-451a-92fa-9fb44391ce7d
[2026-07-18 19:20:36,615] [INFO] [layout_optimizer.py:49]: Running E2E layout optimization iteration 1/5...
[2026-07-18 19:20:43,980] [INFO] [layout_optimizer.py:68]: Iteration 1 results - Similarity: 53.99%, PSNR: 6.74 dB, RMSE: 117.32
[2026-07-18 19:20:44,000] [INFO] [layout_optimizer.py:49]: Running E2E layout optimization iteration 2/5...
[2026-07-18 19:20:55,330] [INFO] [layout_optimizer.py:68]: Iteration 2 results - Similarity: 61.85%, PSNR: 8.37 dB, RMSE: 97.29
[2026-07-18 19:20:55,332] [INFO] [layout_optimizer.py:49]: Running E2E layout optimization iteration 3/5...
[2026-07-18 19:21:07,169] [INFO] [layout_optimizer.py:68]: Iteration 3 results - Similarity: 61.60%, PSNR: 8.31 dB, RMSE: 97.92
[2026-07-18 19:21:07,171] [INFO] [layout_optimizer.py:49]: Running E2E layout optimization iteration 4/5...
[2026-07-18 19:21:18,997] [INFO] [layout_optimizer.py:68]: Iteration 4 results - Similarity: 68.81%, PSNR: 10.12 dB, RMSE: 79.52
[2026-07-18 19:21:18,999] [INFO] [layout_optimizer.py:49]: Running E2E layout optimization iteration 5/5...
[2026-07-18 19:21:31,240] [INFO] [layout_optimizer.py:68]: Iteration 5 results - Similarity: 68.87%, PSNR: 10.14 dB, RMSE: 79.38
[2026-07-18 19:21:32,593] [INFO] [layout_optimizer.py:189]: Layout optimization loop completed successfully. Report saved.
[2026-07-18 19:50:14,053] [INFO] [layout_optimizer.py:16]: Starting true E2E layout optimization loop for job: f9f862e7-f936-451a-92fa-9fb44391ce7d
[2026-07-18 19:50:14,062] [INFO] [layout_optimizer.py:52]: Running E2E layout optimization iteration 1...
[2026-07-18 19:50:22,672] [INFO] [layout_optimizer.py:88]: Iteration 1 - Similarity: 53.99%, Header Sim: 59.53%, Pages: 8 (Target: 11)
[2026-07-18 19:50:22,674] [INFO] [layout_optimizer.py:52]: Running E2E layout optimization iteration 2...
[2026-07-18 19:50:32,722] [INFO] [layout_optimizer.py:88]: Iteration 2 - Similarity: 61.85%, Header Sim: 56.65%, Pages: 9 (Target: 11)
[2026-07-18 19:50:32,725] [INFO] [layout_optimizer.py:52]: Running E2E layout optimization iteration 3...
[2026-07-18 19:50:43,161] [INFO] [layout_optimizer.py:88]: Iteration 3 - Similarity: 61.60%, Header Sim: 56.20%, Pages: 9 (Target: 11)
[2026-07-18 19:50:43,163] [INFO] [layout_optimizer.py:52]: Running E2E layout optimization iteration 4...
[2026-07-18 19:50:55,865] [INFO] [layout_optimizer.py:88]: Iteration 4 - Similarity: 68.81%, Header Sim: 55.68%, Pages: 10 (Target: 11)
[2026-07-18 19:50:55,867] [INFO] [layout_optimizer.py:52]: Running E2E layout optimization iteration 5...
[2026-07-18 19:51:09,510] [INFO] [layout_optimizer.py:88]: Iteration 5 - Similarity: 68.87%, Header Sim: 55.28%, Pages: 10 (Target: 11)
[2026-07-18 19:51:09,512] [INFO] [layout_optimizer.py:52]: Running E2E layout optimization iteration 6...
[2026-07-18 19:51:22,091] [INFO] [layout_optimizer.py:88]: Iteration 6 - Similarity: 68.85%, Header Sim: 55.11%, Pages: 10 (Target: 11)
[2026-07-18 19:51:22,092] [INFO] [layout_optimizer.py:52]: Running E2E layout optimization iteration 7...
[2026-07-18 19:51:34,852] [INFO] [layout_optimizer.py:88]: Iteration 7 - Similarity: 76.48%, Header Sim: 55.68%, Pages: 11 (Target: 11)
[2026-07-18 19:51:34,854] [INFO] [layout_optimizer.py:52]: Running E2E layout optimization iteration 8...
[2026-07-18 19:51:45,000] [INFO] [layout_optimizer.py:88]: Iteration 8 - Similarity: 76.48%, Header Sim: 55.68%, Pages: 11 (Target: 11)
[2026-07-18 19:51:45,002] [INFO] [layout_optimizer.py:52]: Running E2E layout optimization iteration 9...
[2026-07-18 19:51:55,426] [INFO] [layout_optimizer.py:88]: Iteration 9 - Similarity: 76.48%, Header Sim: 55.68%, Pages: 11 (Target: 11)
[2026-07-18 19:51:55,428] [INFO] [layout_optimizer.py:52]: Running E2E layout optimization iteration 10...
[2026-07-18 19:52:06,128] [INFO] [layout_optimizer.py:88]: Iteration 10 - Similarity: 76.48%, Header Sim: 55.68%, Pages: 11 (Target: 11)
[2026-07-18 19:52:06,128] [INFO] [layout_optimizer.py:126]: No improvement for 3 consecutive iterations. Stopping loop.
[2026-07-18 19:52:07,549] [INFO] [layout_optimizer.py:217]: Layout optimization loop completed successfully. Report saved.
