[2026-07-23 15:01:40,661] [INFO] [latex_compiler.py:337]: Starting LaTeX compilation for: G:\work\Journal2LaTeX\backend\temp\5e2b8089-9aa4-427a-9048-1c6d5fececf7\rendered\main.tex
[2026-07-23 15:01:40,667] [INFO] [latex_compiler.py:364]: Applied template compatibility layer to main.tex
[2026-07-23 15:01:40,668] [INFO] [latex_compiler.py:126]: Rendered working directory tree before compilation:
  default.cls
  default.sty
  logo.png
  main.tex
  media/
  template.json
  template.tex
[2026-07-23 15:01:40,669] [INFO] [latex_compiler.py:132]: Template resource manifest (6 files):
  default.cls                              template resource (document class)
  default.sty                              template resource (package / style)
  logo.png                                 template resource (graphic (PNG))
  main.tex                                 generated document / build artefact
  template.json                            template metadata
  template.tex                             template resource (included source)
[2026-07-23 15:01:41,127] [INFO] [latex_compiler.py:154]: Dependency resolution (3 references):
  [LOCAL  ] documentclass   default
  [SYSTEM ] usepackage      xcolor
  [LOCAL  ] usepackage      default
[2026-07-23 15:01:41,725] [INFO] [latex_compiler.py:395]: Using latexmk compiler.
[2026-07-23 15:01:44,494] [INFO] [latex_compiler.py:462]: Compilation completed successfully. PDF generated at: G:\work\Journal2LaTeX\backend\temp\5e2b8089-9aa4-427a-9048-1c6d5fececf7\output\paper.pdf
[2026-07-23 15:01:44,535] [INFO] [latex_compiler.py:337]: Starting LaTeX compilation for: G:\work\Journal2LaTeX\backend\temp\5e2b8089-9aa4-427a-9048-1c6d5fececf7\rendered\main.tex
[2026-07-23 15:01:44,537] [INFO] [latex_compiler.py:364]: Applied template compatibility layer to main.tex
[2026-07-23 15:01:44,538] [INFO] [latex_compiler.py:126]: Rendered working directory tree before compilation:
  default.cls
  default.sty
  logo.png
  main.aux
  main.fdb_latexmk
  main.fls
  main.log
  main.out
  main.pdf
  main.tex
  media/
  template.json
  template.tex
[2026-07-23 15:01:44,539] [INFO] [latex_compiler.py:132]: Template resource manifest (12 files):
  default.cls                              template resource (document class)
  default.sty                              template resource (package / style)
  logo.png                                 template resource (graphic (PNG))
  main.aux                                 generated document / build artefact
  main.fdb_latexmk                         generated document / build artefact
  main.fls                                 generated document / build artefact
  main.log                                 generated document / build artefact
  main.out                                 generated document / build artefact
  main.pdf                                 generated document / build artefact
  main.tex                                 generated document / build artefact
  template.json                            template metadata
  template.tex                             template resource (included source)
[2026-07-23 15:01:45,115] [INFO] [latex_compiler.py:154]: Dependency resolution (4 references):
  [LOCAL  ] documentclass   default
  [SYSTEM ] usepackage      xcolor
  [LOCAL  ] usepackage      default
  [SYSTEM ] usepackage      geometry
[2026-07-23 15:01:45,116] [INFO] [latex_compiler.py:395]: Using latexmk compiler.
[2026-07-23 15:01:46,822] [INFO] [latex_compiler.py:462]: Compilation completed successfully. PDF generated at: G:\work\Journal2LaTeX\backend\temp\5e2b8089-9aa4-427a-9048-1c6d5fececf7\output\paper.pdf
[2026-07-23 15:01:51,160] [INFO] [latex_compiler.py:337]: Starting LaTeX compilation for: G:\work\Journal2LaTeX\backend\temp\5e2b8089-9aa4-427a-9048-1c6d5fececf7\rendered\main.tex
[2026-07-23 15:01:51,180] [INFO] [latex_compiler.py:364]: Applied template compatibility layer to main.tex
[2026-07-23 15:01:51,181] [INFO] [latex_compiler.py:126]: Rendered working directory tree before compilation:
  default.cls
  default.sty
  logo.png
  main.aux
  main.fdb_latexmk
  main.fls
  main.log
  main.out
  main.pdf
  main.tex
  media/
  template.json
  template.tex
[2026-07-23 15:01:51,182] [INFO] [latex_compiler.py:132]: Template resource manifest (12 files):
  default.cls                              template resource (document class)
  default.sty                              template resource (package / style)
  logo.png                                 template resource (graphic (PNG))
  main.aux                                 generated document / build artefact
  main.fdb_latexmk                         generated document / build artefact
  main.fls                                 generated document / build artefact
  main.log                                 generated document / build artefact
  main.out                                 generated document / build artefact
  main.pdf                                 generated document / build artefact
  main.tex                                 generated document / build artefact
  template.json                            template metadata
  template.tex                             template resource (included source)
[2026-07-23 15:01:51,204] [INFO] [latex_compiler.py:154]: Dependency resolution (4 references):
  [LOCAL  ] documentclass   default
  [SYSTEM ] usepackage      xcolor
  [LOCAL  ] usepackage      default
  [SYSTEM ] usepackage      geometry
[2026-07-23 15:01:51,204] [INFO] [latex_compiler.py:395]: Using latexmk compiler.
[2026-07-23 15:01:52,917] [INFO] [latex_compiler.py:462]: Compilation completed successfully. PDF generated at: G:\work\Journal2LaTeX\backend\temp\5e2b8089-9aa4-427a-9048-1c6d5fececf7\output\paper.pdf
[2026-07-23 15:01:53,174] [INFO] [latex_compiler.py:337]: Starting LaTeX compilation for: G:\work\Journal2LaTeX\backend\temp\5e2b8089-9aa4-427a-9048-1c6d5fececf7\rendered\main.tex
[2026-07-23 15:01:53,194] [INFO] [latex_compiler.py:364]: Applied template compatibility layer to main.tex
[2026-07-23 15:01:53,196] [INFO] [latex_compiler.py:126]: Rendered working directory tree before compilation:
  default.cls
  default.sty
  logo.png
  main.aux
  main.fdb_latexmk
  main.fls
  main.log
  main.out
  main.pdf
  main.tex
  media/
  template.json
  template.tex
[2026-07-23 15:01:53,197] [INFO] [latex_compiler.py:132]: Template resource manifest (12 files):
  default.cls                              template resource (document class)
  default.sty                              template resource (package / style)
  logo.png                                 template resource (graphic (PNG))
  main.aux                                 generated document / build artefact
  main.fdb_latexmk                         generated document / build artefact
  main.fls                                 generated document / build artefact
  main.log                                 generated document / build artefact
  main.out                                 generated document / build artefact
  main.pdf                                 generated document / build artefact
  main.tex                                 generated document / build artefact
  template.json                            template metadata
  template.tex                             template resource (included source)
[2026-07-23 15:01:53,217] [INFO] [latex_compiler.py:154]: Dependency resolution (4 references):
  [LOCAL  ] documentclass   default
  [SYSTEM ] usepackage      xcolor
  [LOCAL  ] usepackage      default
  [SYSTEM ] usepackage      geometry
[2026-07-23 15:01:53,218] [INFO] [latex_compiler.py:395]: Using latexmk compiler.
[2026-07-23 15:01:55,127] [INFO] [latex_compiler.py:462]: Compilation completed successfully. PDF generated at: G:\work\Journal2LaTeX\backend\temp\5e2b8089-9aa4-427a-9048-1c6d5fececf7\output\paper.pdf
[2026-07-23 15:01:55,379] [INFO] [latex_compiler.py:337]: Starting LaTeX compilation for: G:\work\Journal2LaTeX\backend\temp\5e2b8089-9aa4-427a-9048-1c6d5fececf7\rendered\main.tex
[2026-07-23 15:01:55,402] [INFO] [latex_compiler.py:364]: Applied template compatibility layer to main.tex
[2026-07-23 15:01:55,403] [INFO] [latex_compiler.py:126]: Rendered working directory tree before compilation:
  default.cls
  default.sty
  logo.png
  main.aux
  main.fdb_latexmk
  main.fls
  main.log
  main.out
  main.pdf
  main.tex
  media/
  template.json
  template.tex
[2026-07-23 15:01:55,404] [INFO] [latex_compiler.py:132]: Template resource manifest (12 files):
  default.cls                              template resource (document class)
  default.sty                              template resource (package / style)
  logo.png                                 template resource (graphic (PNG))
  main.aux                                 generated document / build artefact
  main.fdb_latexmk                         generated document / build artefact
  main.fls                                 generated document / build artefact
  main.log                                 generated document / build artefact
  main.out                                 generated document / build artefact
  main.pdf                                 generated document / build artefact
  main.tex                                 generated document / build artefact
  template.json                            template metadata
  template.tex                             template resource (included source)
[2026-07-23 15:01:55,425] [INFO] [latex_compiler.py:154]: Dependency resolution (4 references):
  [LOCAL  ] documentclass   default
  [SYSTEM ] usepackage      xcolor
  [LOCAL  ] usepackage      default
  [SYSTEM ] usepackage      geometry
[2026-07-23 15:01:55,426] [INFO] [latex_compiler.py:395]: Using latexmk compiler.
[2026-07-23 15:01:57,187] [INFO] [latex_compiler.py:462]: Compilation completed successfully. PDF generated at: G:\work\Journal2LaTeX\backend\temp\5e2b8089-9aa4-427a-9048-1c6d5fececf7\output\paper.pdf
[2026-07-23 15:01:57,442] [INFO] [latex_compiler.py:337]: Starting LaTeX compilation for: G:\work\Journal2LaTeX\backend\temp\5e2b8089-9aa4-427a-9048-1c6d5fececf7\rendered\main.tex
[2026-07-23 15:01:57,445] [INFO] [latex_compiler.py:364]: Applied template compatibility layer to main.tex
[2026-07-23 15:01:57,446] [INFO] [latex_compiler.py:126]: Rendered working directory tree before compilation:
  default.cls
  default.sty
  logo.png
  main.aux
  main.fdb_latexmk
  main.fls
  main.log
  main.out
  main.pdf
  main.tex
  media/
  template.json
  template.tex
[2026-07-23 15:01:57,447] [INFO] [latex_compiler.py:132]: Template resource manifest (12 files):
  default.cls                              template resource (document class)
  default.sty                              template resource (package / style)
  logo.png                                 template resource (graphic (PNG))
  main.aux                                 generated document / build artefact
  main.fdb_latexmk                         generated document / build artefact
  main.fls                                 generated document / build artefact
  main.log                                 generated document / build artefact
  main.out                                 generated document / build artefact
  main.pdf                                 generated document / build artefact
  main.tex                                 generated document / build artefact
  template.json                            template metadata
  template.tex                             template resource (included source)
[2026-07-23 15:01:57,472] [INFO] [latex_compiler.py:154]: Dependency resolution (4 references):
  [LOCAL  ] documentclass   default
  [SYSTEM ] usepackage      xcolor
  [LOCAL  ] usepackage      default
  [SYSTEM ] usepackage      geometry
[2026-07-23 15:01:57,472] [INFO] [latex_compiler.py:395]: Using latexmk compiler.
[2026-07-23 15:01:59,268] [INFO] [latex_compiler.py:462]: Compilation completed successfully. PDF generated at: G:\work\Journal2LaTeX\backend\temp\5e2b8089-9aa4-427a-9048-1c6d5fececf7\output\paper.pdf
