[2026-07-23 15:01:40,102] [INFO] [job_manager.py:136]: Job 5e2b8089-9aa4-427a-9048-1c6d5fececf7 workspace created successfully
[2026-07-23 15:01:40,131] [INFO] [pipeline_service.py:45]: Starting validation for job: 5e2b8089-9aa4-427a-9048-1c6d5fececf7
[2026-07-23 15:01:40,146] [INFO] [job_manager.py:180]: Job status updated to: VALIDATING
[2026-07-23 15:01:40,162] [INFO] [job_manager.py:204]: Progress updated to 10%: Validating input Word Document
[2026-07-23 15:01:40,165] [INFO] [pipeline_service.py:60]: Validation successful.
[2026-07-23 15:01:40,179] [INFO] [job_manager.py:204]: Progress updated to 20%: Input document validated successfully
[2026-07-23 15:01:40,179] [INFO] [pipeline_service.py:67]: Starting document analysis for job: 5e2b8089-9aa4-427a-9048-1c6d5fececf7
[2026-07-23 15:01:40,195] [INFO] [job_manager.py:180]: Job status updated to: ANALYZING_DOCUMENT
[2026-07-23 15:01:40,208] [INFO] [job_manager.py:204]: Progress updated to 30%: Analyzing document structure and content blocks
[2026-07-23 15:01:40,208] [INFO] [document_analyzer.py:33]: Starting improved document analysis for: G:\work\Journal2LaTeX\backend\temp\5e2b8089-9aa4-427a-9048-1c6d5fececf7\input\sample.docx
[2026-07-23 15:01:40,251] [INFO] [document_analyzer.py:517]: Parsed document: title='Hello from Journal2LaTeX. This is a minimal DOCX document to verify the conversion engine.', authors=0, sections=0, references=0
[2026-07-23 15:01:40,252] [INFO] [pipeline_service.py:95]: Document analysis completed. Saved structure to: G:\work\Journal2LaTeX\backend\temp\5e2b8089-9aa4-427a-9048-1c6d5fececf7\intermediate\document_structure.json, report to: G:\work\Journal2LaTeX\backend\temp\5e2b8089-9aa4-427a-9048-1c6d5fececf7\intermediate\conversion_report.json
[2026-07-23 15:01:40,268] [INFO] [job_manager.py:204]: Progress updated to 45%: Document structure extracted successfully
[2026-07-23 15:01:40,268] [INFO] [pipeline_service.py:108]: Starting asset extraction for job: 5e2b8089-9aa4-427a-9048-1c6d5fececf7
[2026-07-23 15:01:40,283] [INFO] [job_manager.py:180]: Job status updated to: EXTRACTING_ASSETS
[2026-07-23 15:01:40,300] [INFO] [job_manager.py:204]: Progress updated to 50%: Extracting images and figure assets from document
[2026-07-23 15:01:40,376] [INFO] [pipeline_service.py:141]: Assets extracted to: G:\work\Journal2LaTeX\backend\temp\5e2b8089-9aa4-427a-9048-1c6d5fececf7\intermediate\media
[2026-07-23 15:01:40,393] [INFO] [job_manager.py:204]: Progress updated to 60%: Document assets extracted successfully
[2026-07-23 15:01:40,393] [INFO] [pipeline_service.py:231]: Classifying extracted assets for job: 5e2b8089-9aa4-427a-9048-1c6d5fececf7
[2026-07-23 15:01:40,393] [INFO] [asset_analyzer.py:23]: Starting extended asset analysis for job: 5e2b8089-9aa4-427a-9048-1c6d5fececf7
[2026-07-23 15:01:40,395] [INFO] [asset_analyzer.py:153]: Extended asset classification completed. Assets classified: 0
[2026-07-23 15:01:40,408] [INFO] [job_manager.py:204]: Progress updated to 65%: Extracted assets analyzed and mapped successfully
[2026-07-23 15:01:40,431] [INFO] [pipeline_service.py:247]: Loading template default for job: 5e2b8089-9aa4-427a-9048-1c6d5fececf7
[2026-07-23 15:01:40,445] [INFO] [job_manager.py:180]: Job status updated to: LOADING_TEMPLATE
[2026-07-23 15:01:40,459] [INFO] [job_manager.py:204]: Progress updated to 70%: Loading template styles: default
[2026-07-23 15:01:40,499] [INFO] [pipeline_service.py:269]: Template loaded and workspace prepared at: G:\work\Journal2LaTeX\backend\temp\5e2b8089-9aa4-427a-9048-1c6d5fececf7\rendered
[2026-07-23 15:01:40,514] [INFO] [job_manager.py:204]: Progress updated to 80%: Template workspace initialized
[2026-07-23 15:01:40,516] [INFO] [pipeline_service.py:294]: Starting LaTeX rendering for job: 5e2b8089-9aa4-427a-9048-1c6d5fececf7
[2026-07-23 15:01:40,529] [INFO] [job_manager.py:180]: Job status updated to: RENDERING_LATEX
[2026-07-23 15:01:40,543] [INFO] [job_manager.py:204]: Progress updated to 85%: Rendering document content to LaTeX
[2026-07-23 15:01:40,545] [INFO] [latex_renderer.py:72]: Starting LaTeX rendering inside workspace: G:\work\Journal2LaTeX\backend\temp\5e2b8089-9aa4-427a-9048-1c6d5fececf7\rendered
[2026-07-23 15:01:40,612] [INFO] [latex_renderer.py:386]: LaTeX document main.tex rendered successfully.
[2026-07-23 15:01:40,629] [INFO] [job_manager.py:204]: Progress updated to 90%: LaTeX document rendering completed
[2026-07-23 15:01:40,629] [INFO] [pipeline_service.py:357]: Starting document compilation for job: 5e2b8089-9aa4-427a-9048-1c6d5fececf7
[2026-07-23 15:01:40,646] [INFO] [job_manager.py:180]: Job status updated to: COMPILING
[2026-07-23 15:01:40,661] [INFO] [job_manager.py:204]: Progress updated to 92%: Compiling LaTeX source to PDF
[2026-07-23 15:01:44,513] [INFO] [pipeline_service.py:380]: Compilation completed successfully.
[2026-07-23 15:01:44,513] [INFO] [pipeline_service.py:395]: Running E2E publication fidelity checker for job: 5e2b8089-9aa4-427a-9048-1c6d5fececf7
[2026-07-23 15:01:44,513] [INFO] [fidelity_checker.py:24]: Generating advanced fidelity report and scores for job: 5e2b8089-9aa4-427a-9048-1c6d5fececf7
[2026-07-23 15:01:44,515] [INFO] [fidelity_checker.py:163]: Fidelity report written to G:\work\Journal2LaTeX\backend\temp\5e2b8089-9aa4-427a-9048-1c6d5fececf7\intermediate\fidelity_report.json. Overall Score: 70.0%, Critical missing: 0
[2026-07-23 15:01:44,534] [INFO] [pipeline_service.py:357]: Starting document compilation for job: 5e2b8089-9aa4-427a-9048-1c6d5fececf7
[2026-07-23 15:01:46,823] [INFO] [pipeline_service.py:380]: Compilation completed successfully.
[2026-07-23 15:01:51,160] [INFO] [pipeline_service.py:357]: Starting document compilation for job: 5e2b8089-9aa4-427a-9048-1c6d5fececf7
[2026-07-23 15:01:52,932] [INFO] [pipeline_service.py:380]: Compilation completed successfully.
[2026-07-23 15:01:53,173] [INFO] [pipeline_service.py:357]: Starting document compilation for job: 5e2b8089-9aa4-427a-9048-1c6d5fececf7
[2026-07-23 15:01:55,143] [INFO] [pipeline_service.py:380]: Compilation completed successfully.
[2026-07-23 15:01:55,379] [INFO] [pipeline_service.py:357]: Starting document compilation for job: 5e2b8089-9aa4-427a-9048-1c6d5fececf7
[2026-07-23 15:01:57,203] [INFO] [pipeline_service.py:380]: Compilation completed successfully.
[2026-07-23 15:01:57,442] [INFO] [pipeline_service.py:357]: Starting document compilation for job: 5e2b8089-9aa4-427a-9048-1c6d5fececf7
[2026-07-23 15:01:59,285] [INFO] [pipeline_service.py:380]: Compilation completed successfully.
[2026-07-23 15:01:59,312] [INFO] [job_manager.py:180]: Job status updated to: COMPLETED
[2026-07-23 15:01:59,326] [INFO] [job_manager.py:204]: Progress updated to 100%: Pipeline process completed successfully
