[2026-07-23 15:27:55,863] [INFO] [latex_compiler.py:337]: Starting LaTeX compilation for: G:\work\Journal2LaTeX\backend\temp\f6b31cd9-26a9-4042-aef0-8a89aa55bb24\rendered\main.tex
[2026-07-23 15:27:55,894] [INFO] [latex_compiler.py:364]: Applied template compatibility layer to main.tex
[2026-07-23 15:27:55,897] [INFO] [latex_compiler.py:126]: Rendered working directory tree before compilation:
  default.cls
  default.sty
  logo.png
  main.tex
  media/
    image1.jpeg
    image10.jpeg
    image11.jpeg
    image4.jpeg
    image5.png
    image6.png
    image7.png
    image8.png
    image9.jpeg
  template.json
  template.tex
[2026-07-23 15:27:55,900] [INFO] [latex_compiler.py:132]: Template resource manifest (15 files):
  default.cls                              template resource (document class)
  default.sty                              template resource (package / style)
  logo.png                                 template resource (graphic (PNG))
  main.tex                                 generated document / build artefact
  media\image1.jpeg                        renderer-generated media
  media\image10.jpeg                       renderer-generated media
  media\image11.jpeg                       renderer-generated media
  media\image4.jpeg                        renderer-generated media
  media\image5.png                         renderer-generated media
  media\image6.png                         renderer-generated media
  media\image7.png                         renderer-generated media
  media\image8.png                         renderer-generated media
  media\image9.jpeg                        renderer-generated media
  template.json                            template metadata
  template.tex                             template resource (included source)
[2026-07-23 15:28:00,721] [INFO] [latex_compiler.py:154]: Dependency resolution (19 references):
  [LOCAL  ] documentclass   default
  [SYSTEM ] usepackage      xcolor
  [LOCAL  ] usepackage      default
  [SYSTEM ] usepackage      multirow
  [SYSTEM ] usepackage      array
  [SYSTEM ] usepackage      float
  [SYSTEM ] usepackage      cuted
  [SYSTEM ] usepackage      capt-of
  [SYSTEM ] usepackage      newunicodechar
  [SYSTEM ] usepackage      fancyhdr
  [SYSTEM ] usepackage      graphicx
  [LOCAL  ] includegraphics media/image4.jpeg
  [LOCAL  ] includegraphics media/image5.png
  [LOCAL  ] includegraphics media/image6.png
  [LOCAL  ] includegraphics media/image7.png
  [LOCAL  ] includegraphics media/image8.png
  [LOCAL  ] includegraphics media/image9.jpeg
  [LOCAL  ] includegraphics media/image10.jpeg
  [LOCAL  ] includegraphics media/image11.jpeg
[2026-07-23 15:28:01,444] [INFO] [latex_compiler.py:395]: Using latexmk compiler.
[2026-07-23 15:28:04,156] [INFO] [latex_compiler.py:462]: Compilation completed successfully. PDF generated at: G:\work\Journal2LaTeX\backend\temp\f6b31cd9-26a9-4042-aef0-8a89aa55bb24\output\paper.pdf
[2026-07-23 15:28:04,196] [INFO] [latex_compiler.py:337]: Starting LaTeX compilation for: G:\work\Journal2LaTeX\backend\temp\f6b31cd9-26a9-4042-aef0-8a89aa55bb24\rendered\main.tex
[2026-07-23 15:28:04,218] [INFO] [latex_compiler.py:364]: Applied template compatibility layer to main.tex
[2026-07-23 15:28:04,222] [INFO] [latex_compiler.py:126]: Rendered working directory tree before compilation:
  default.cls
  default.sty
  logo.png
  main.aux
  main.fdb_latexmk
  main.fls
  main.log
  main.out
  main.pdf
  main.tex
  media/
    image1.jpeg
    image10.jpeg
    image11.jpeg
    image4.jpeg
    image5.png
    image6.png
    image7.png
    image8.png
    image9.jpeg
  template.json
  template.tex
[2026-07-23 15:28:04,224] [INFO] [latex_compiler.py:132]: Template resource manifest (21 files):
  default.cls                              template resource (document class)
  default.sty                              template resource (package / style)
  logo.png                                 template resource (graphic (PNG))
  main.aux                                 generated document / build artefact
  main.fdb_latexmk                         generated document / build artefact
  main.fls                                 generated document / build artefact
  main.log                                 generated document / build artefact
  main.out                                 generated document / build artefact
  main.pdf                                 generated document / build artefact
  main.tex                                 generated document / build artefact
  media\image1.jpeg                        renderer-generated media
  media\image10.jpeg                       renderer-generated media
  media\image11.jpeg                       renderer-generated media
  media\image4.jpeg                        renderer-generated media
  media\image5.png                         renderer-generated media
  media\image6.png                         renderer-generated media
  media\image7.png                         renderer-generated media
  media\image8.png                         renderer-generated media
  media\image9.jpeg                        renderer-generated media
  template.json                            template metadata
  template.tex                             template resource (included source)
[2026-07-23 15:28:04,725] [INFO] [latex_compiler.py:154]: Dependency resolution (20 references):
  [LOCAL  ] documentclass   default
  [SYSTEM ] usepackage      xcolor
  [LOCAL  ] usepackage      default
  [SYSTEM ] usepackage      multirow
  [SYSTEM ] usepackage      array
  [SYSTEM ] usepackage      float
  [SYSTEM ] usepackage      cuted
  [SYSTEM ] usepackage      capt-of
  [SYSTEM ] usepackage      newunicodechar
  [SYSTEM ] usepackage      fancyhdr
  [SYSTEM ] usepackage      graphicx
  [SYSTEM ] usepackage      geometry
  [LOCAL  ] includegraphics media/image4.jpeg
  [LOCAL  ] includegraphics media/image5.png
  [LOCAL  ] includegraphics media/image6.png
  [LOCAL  ] includegraphics media/image7.png
  [LOCAL  ] includegraphics media/image8.png
  [LOCAL  ] includegraphics media/image9.jpeg
  [LOCAL  ] includegraphics media/image10.jpeg
  [LOCAL  ] includegraphics media/image11.jpeg
[2026-07-23 15:28:04,726] [INFO] [latex_compiler.py:395]: Using latexmk compiler.
[2026-07-23 15:28:06,945] [INFO] [latex_compiler.py:462]: Compilation completed successfully. PDF generated at: G:\work\Journal2LaTeX\backend\temp\f6b31cd9-26a9-4042-aef0-8a89aa55bb24\output\paper.pdf
[2026-07-23 15:28:15,532] [INFO] [latex_compiler.py:337]: Starting LaTeX compilation for: G:\work\Journal2LaTeX\backend\temp\f6b31cd9-26a9-4042-aef0-8a89aa55bb24\rendered\main.tex
[2026-07-23 15:28:15,554] [INFO] [latex_compiler.py:364]: Applied template compatibility layer to main.tex
[2026-07-23 15:28:15,557] [INFO] [latex_compiler.py:126]: Rendered working directory tree before compilation:
  default.cls
  default.sty
  logo.png
  main.aux
  main.fdb_latexmk
  main.fls
  main.log
  main.out
  main.pdf
  main.tex
  media/
    image1.jpeg
    image10.jpeg
    image11.jpeg
    image4.jpeg
    image5.png
    image6.png
    image7.png
    image8.png
    image9.jpeg
  template.json
  template.tex
[2026-07-23 15:28:15,559] [INFO] [latex_compiler.py:132]: Template resource manifest (21 files):
  default.cls                              template resource (document class)
  default.sty                              template resource (package / style)
  logo.png                                 template resource (graphic (PNG))
  main.aux                                 generated document / build artefact
  main.fdb_latexmk                         generated document / build artefact
  main.fls                                 generated document / build artefact
  main.log                                 generated document / build artefact
  main.out                                 generated document / build artefact
  main.pdf                                 generated document / build artefact
  main.tex                                 generated document / build artefact
  media\image1.jpeg                        renderer-generated media
  media\image10.jpeg                       renderer-generated media
  media\image11.jpeg                       renderer-generated media
  media\image4.jpeg                        renderer-generated media
  media\image5.png                         renderer-generated media
  media\image6.png                         renderer-generated media
  media\image7.png                         renderer-generated media
  media\image8.png                         renderer-generated media
  media\image9.jpeg                        renderer-generated media
  template.json                            template metadata
  template.tex                             template resource (included source)
[2026-07-23 15:28:15,590] [INFO] [latex_compiler.py:154]: Dependency resolution (20 references):
  [LOCAL  ] documentclass   default
  [SYSTEM ] usepackage      xcolor
  [LOCAL  ] usepackage      default
  [SYSTEM ] usepackage      multirow
  [SYSTEM ] usepackage      array
  [SYSTEM ] usepackage      float
  [SYSTEM ] usepackage      cuted
  [SYSTEM ] usepackage      capt-of
  [SYSTEM ] usepackage      newunicodechar
  [SYSTEM ] usepackage      fancyhdr
  [SYSTEM ] usepackage      graphicx
  [SYSTEM ] usepackage      geometry
  [LOCAL  ] includegraphics media/image4.jpeg
  [LOCAL  ] includegraphics media/image5.png
  [LOCAL  ] includegraphics media/image6.png
  [LOCAL  ] includegraphics media/image7.png
  [LOCAL  ] includegraphics media/image8.png
  [LOCAL  ] includegraphics media/image9.jpeg
  [LOCAL  ] includegraphics media/image10.jpeg
  [LOCAL  ] includegraphics media/image11.jpeg
[2026-07-23 15:28:15,591] [INFO] [latex_compiler.py:395]: Using latexmk compiler.
[2026-07-23 15:28:17,847] [INFO] [latex_compiler.py:462]: Compilation completed successfully. PDF generated at: G:\work\Journal2LaTeX\backend\temp\f6b31cd9-26a9-4042-aef0-8a89aa55bb24\output\paper.pdf
[2026-07-23 15:28:20,151] [INFO] [latex_compiler.py:337]: Starting LaTeX compilation for: G:\work\Journal2LaTeX\backend\temp\f6b31cd9-26a9-4042-aef0-8a89aa55bb24\rendered\main.tex
[2026-07-23 15:28:20,178] [INFO] [latex_compiler.py:364]: Applied template compatibility layer to main.tex
[2026-07-23 15:28:20,183] [INFO] [latex_compiler.py:126]: Rendered working directory tree before compilation:
  default.cls
  default.sty
  logo.png
  main.aux
  main.fdb_latexmk
  main.fls
  main.log
  main.out
  main.pdf
  main.tex
  media/
    image1.jpeg
    image10.jpeg
    image11.jpeg
    image4.jpeg
    image5.png
    image6.png
    image7.png
    image8.png
    image9.jpeg
  template.json
  template.tex
[2026-07-23 15:28:20,184] [INFO] [latex_compiler.py:132]: Template resource manifest (21 files):
  default.cls                              template resource (document class)
  default.sty                              template resource (package / style)
  logo.png                                 template resource (graphic (PNG))
  main.aux                                 generated document / build artefact
  main.fdb_latexmk                         generated document / build artefact
  main.fls                                 generated document / build artefact
  main.log                                 generated document / build artefact
  main.out                                 generated document / build artefact
  main.pdf                                 generated document / build artefact
  main.tex                                 generated document / build artefact
  media\image1.jpeg                        renderer-generated media
  media\image10.jpeg                       renderer-generated media
  media\image11.jpeg                       renderer-generated media
  media\image4.jpeg                        renderer-generated media
  media\image5.png                         renderer-generated media
  media\image6.png                         renderer-generated media
  media\image7.png                         renderer-generated media
  media\image8.png                         renderer-generated media
  media\image9.jpeg                        renderer-generated media
  template.json                            template metadata
  template.tex                             template resource (included source)
[2026-07-23 15:28:20,213] [INFO] [latex_compiler.py:154]: Dependency resolution (20 references):
  [LOCAL  ] documentclass   default
  [SYSTEM ] usepackage      xcolor
  [LOCAL  ] usepackage      default
  [SYSTEM ] usepackage      multirow
  [SYSTEM ] usepackage      array
  [SYSTEM ] usepackage      float
  [SYSTEM ] usepackage      cuted
  [SYSTEM ] usepackage      capt-of
  [SYSTEM ] usepackage      newunicodechar
  [SYSTEM ] usepackage      fancyhdr
  [SYSTEM ] usepackage      graphicx
  [SYSTEM ] usepackage      geometry
  [LOCAL  ] includegraphics media/image4.jpeg
  [LOCAL  ] includegraphics media/image5.png
  [LOCAL  ] includegraphics media/image6.png
  [LOCAL  ] includegraphics media/image7.png
  [LOCAL  ] includegraphics media/image8.png
  [LOCAL  ] includegraphics media/image9.jpeg
  [LOCAL  ] includegraphics media/image10.jpeg
  [LOCAL  ] includegraphics media/image11.jpeg
[2026-07-23 15:28:20,214] [INFO] [latex_compiler.py:395]: Using latexmk compiler.
[2026-07-23 15:28:22,602] [INFO] [latex_compiler.py:462]: Compilation completed successfully. PDF generated at: G:\work\Journal2LaTeX\backend\temp\f6b31cd9-26a9-4042-aef0-8a89aa55bb24\output\paper.pdf
[2026-07-23 15:28:25,043] [INFO] [latex_compiler.py:337]: Starting LaTeX compilation for: G:\work\Journal2LaTeX\backend\temp\f6b31cd9-26a9-4042-aef0-8a89aa55bb24\rendered\main.tex
[2026-07-23 15:28:25,071] [INFO] [latex_compiler.py:364]: Applied template compatibility layer to main.tex
[2026-07-23 15:28:25,073] [INFO] [latex_compiler.py:126]: Rendered working directory tree before compilation:
  default.cls
  default.sty
  logo.png
  main.aux
  main.fdb_latexmk
  main.fls
  main.log
  main.out
  main.pdf
  main.tex
  media/
    image1.jpeg
    image10.jpeg
    image11.jpeg
    image4.jpeg
    image5.png
    image6.png
    image7.png
    image8.png
    image9.jpeg
  template.json
  template.tex
[2026-07-23 15:28:25,078] [INFO] [latex_compiler.py:132]: Template resource manifest (21 files):
  default.cls                              template resource (document class)
  default.sty                              template resource (package / style)
  logo.png                                 template resource (graphic (PNG))
  main.aux                                 generated document / build artefact
  main.fdb_latexmk                         generated document / build artefact
  main.fls                                 generated document / build artefact
  main.log                                 generated document / build artefact
  main.out                                 generated document / build artefact
  main.pdf                                 generated document / build artefact
  main.tex                                 generated document / build artefact
  media\image1.jpeg                        renderer-generated media
  media\image10.jpeg                       renderer-generated media
  media\image11.jpeg                       renderer-generated media
  media\image4.jpeg                        renderer-generated media
  media\image5.png                         renderer-generated media
  media\image6.png                         renderer-generated media
  media\image7.png                         renderer-generated media
  media\image8.png                         renderer-generated media
  media\image9.jpeg                        renderer-generated media
  template.json                            template metadata
  template.tex                             template resource (included source)
[2026-07-23 15:28:25,111] [INFO] [latex_compiler.py:154]: Dependency resolution (20 references):
  [LOCAL  ] documentclass   default
  [SYSTEM ] usepackage      xcolor
  [LOCAL  ] usepackage      default
  [SYSTEM ] usepackage      multirow
  [SYSTEM ] usepackage      array
  [SYSTEM ] usepackage      float
  [SYSTEM ] usepackage      cuted
  [SYSTEM ] usepackage      capt-of
  [SYSTEM ] usepackage      newunicodechar
  [SYSTEM ] usepackage      fancyhdr
  [SYSTEM ] usepackage      graphicx
  [SYSTEM ] usepackage      geometry
  [LOCAL  ] includegraphics media/image4.jpeg
  [LOCAL  ] includegraphics media/image5.png
  [LOCAL  ] includegraphics media/image6.png
  [LOCAL  ] includegraphics media/image7.png
  [LOCAL  ] includegraphics media/image8.png
  [LOCAL  ] includegraphics media/image9.jpeg
  [LOCAL  ] includegraphics media/image10.jpeg
  [LOCAL  ] includegraphics media/image11.jpeg
[2026-07-23 15:28:25,111] [INFO] [latex_compiler.py:395]: Using latexmk compiler.
[2026-07-23 15:28:27,828] [INFO] [latex_compiler.py:462]: Compilation completed successfully. PDF generated at: G:\work\Journal2LaTeX\backend\temp\f6b31cd9-26a9-4042-aef0-8a89aa55bb24\output\paper.pdf
[2026-07-23 15:28:30,846] [INFO] [latex_compiler.py:337]: Starting LaTeX compilation for: G:\work\Journal2LaTeX\backend\temp\f6b31cd9-26a9-4042-aef0-8a89aa55bb24\rendered\main.tex
[2026-07-23 15:28:30,869] [INFO] [latex_compiler.py:364]: Applied template compatibility layer to main.tex
[2026-07-23 15:28:30,872] [INFO] [latex_compiler.py:126]: Rendered working directory tree before compilation:
  default.cls
  default.sty
  logo.png
  main.aux
  main.fdb_latexmk
  main.fls
  main.log
  main.out
  main.pdf
  main.tex
  media/
    image1.jpeg
    image10.jpeg
    image11.jpeg
    image4.jpeg
    image5.png
    image6.png
    image7.png
    image8.png
    image9.jpeg
  template.json
  template.tex
[2026-07-23 15:28:30,875] [INFO] [latex_compiler.py:132]: Template resource manifest (21 files):
  default.cls                              template resource (document class)
  default.sty                              template resource (package / style)
  logo.png                                 template resource (graphic (PNG))
  main.aux                                 generated document / build artefact
  main.fdb_latexmk                         generated document / build artefact
  main.fls                                 generated document / build artefact
  main.log                                 generated document / build artefact
  main.out                                 generated document / build artefact
  main.pdf                                 generated document / build artefact
  main.tex                                 generated document / build artefact
  media\image1.jpeg                        renderer-generated media
  media\image10.jpeg                       renderer-generated media
  media\image11.jpeg                       renderer-generated media
  media\image4.jpeg                        renderer-generated media
  media\image5.png                         renderer-generated media
  media\image6.png                         renderer-generated media
  media\image7.png                         renderer-generated media
  media\image8.png                         renderer-generated media
  media\image9.jpeg                        renderer-generated media
  template.json                            template metadata
  template.tex                             template resource (included source)
[2026-07-23 15:28:30,905] [INFO] [latex_compiler.py:154]: Dependency resolution (20 references):
  [LOCAL  ] documentclass   default
  [SYSTEM ] usepackage      xcolor
  [LOCAL  ] usepackage      default
  [SYSTEM ] usepackage      multirow
  [SYSTEM ] usepackage      array
  [SYSTEM ] usepackage      float
  [SYSTEM ] usepackage      cuted
  [SYSTEM ] usepackage      capt-of
  [SYSTEM ] usepackage      newunicodechar
  [SYSTEM ] usepackage      fancyhdr
  [SYSTEM ] usepackage      graphicx
  [SYSTEM ] usepackage      geometry
  [LOCAL  ] includegraphics media/image4.jpeg
  [LOCAL  ] includegraphics media/image5.png
  [LOCAL  ] includegraphics media/image6.png
  [LOCAL  ] includegraphics media/image7.png
  [LOCAL  ] includegraphics media/image8.png
  [LOCAL  ] includegraphics media/image9.jpeg
  [LOCAL  ] includegraphics media/image10.jpeg
  [LOCAL  ] includegraphics media/image11.jpeg
[2026-07-23 15:28:30,906] [INFO] [latex_compiler.py:395]: Using latexmk compiler.
[2026-07-23 15:28:33,341] [INFO] [latex_compiler.py:462]: Compilation completed successfully. PDF generated at: G:\work\Journal2LaTeX\backend\temp\f6b31cd9-26a9-4042-aef0-8a89aa55bb24\output\paper.pdf
