STDOUT:
Initial Win CP for (console input, console output, system): (CP437, CP65001, CP1252)
I changed them all to CP1252
Rc files read (in order):
  NONE
Latexmk: This is Latexmk, John Collins, 9 March 2026. Version 4.88.
Force everything to be remade.
Latexmk: applying rule 'pdflatex'...
Rule 'pdflatex':  Reasons for rerun
Category 'other':
  Rerun of 'pdflatex' forced or previously required:
    Reason or flag: 'go_mode'

------------
Run number 1 of rule 'pdflatex'
------------
------------
Running 'pdflatex  -interaction=nonstopmode -file-line-error -recorder  "G:/work/Journal2LaTeX/backend/temp/f6b31cd9-26a9-4042-aef0-8a89aa55bb24/rendered/main.tex"'
------------
This is pdfTeX, Version 3.141592653-2.6-1.40.29 (MiKTeX 26.5) (preloaded format=pdflatex.fmt)
 restricted \write18 enabled.
entering extended mode

(G:/work/Journal2LaTeX/backend/temp/f6b31cd9-26a9-4042-aef0-8a89aa55bb24/render
ed/main.tex
LaTeX2e <2026-06-01>
L3 programming layer <2026-06-18>
(C:\Users\asus\AppData\Local\Programs\MiKTeX\tex/latex/xcolor\xcolor.sty
(C:\Users\asus\AppData\Local\Programs\MiKTeX\tex/latex/graphics-cfg\color.cfg)
(C:\Users\asus\AppData\Local\Programs\MiKTeX\tex/latex/graphics-def\pdftex.def)
 (C:\Users\asus\AppData\Local\Programs\MiKTeX\tex/latex/graphics\mathcolor.ltx)
) (C:\Users\asus\AppData\Local\Programs\MiKTeX\tex/latex/graphics\dvipsnam.def)
 (C:\Users\asus\AppData\Local\Programs\MiKTeX\tex/latex/xcolor\svgnam.def)
(C:\Users\asus\AppData\Local\Programs\MiKTeX\tex/latex/xcolor\x11nam.def)
(C:\Users\asus\AppData\Local\Programs\MiKTeX\tex/latex/colortbl\colortbl.sty
(C:\Users\asus\AppData\Local\Programs\MiKTeX\tex/latex/tools\array.sty)
new hooks used!!
) (default.cls
Document Class: default 2026/07/17 Minimal Default Journal Class
(C:\Users\asus\AppData\Local\Programs\MiKTeX\tex/latex/base\article.cls
Document Class: article 2025/01/22 v1.4n Standard LaTeX document class
(C:\Users\asus\AppData\Local\Programs\MiKTeX\tex/latex/base\size10.clo))
(C:\Users\asus\AppData\Local\Programs\MiKTeX\tex/latex/graphics\graphicx.sty
(C:\Users\asus\AppData\Local\Programs\MiKTeX\tex/latex/graphics\keyval.sty)
(C:\Users\asus\AppData\Local\Programs\MiKTeX\tex/latex/graphics\graphics.sty
(C:\Users\asus\AppData\Local\Programs\MiKTeX\tex/latex/graphics\trig.sty)
(C:\Users\asus\AppData\Local\Programs\MiKTeX\tex/latex/graphics-cfg\graphics.cf
g)))
(C:\Users\asus\AppData\Local\Programs\MiKTeX\tex/latex/geometry\geometry.sty
(C:\Users\asus\AppData\Local\Programs\MiKTeX\tex/generic/iftex\ifvtex.sty
(C:\Users\asus\AppData\Local\Programs\MiKTeX\tex/generic/iftex\iftex.sty))
(C:\Users\asus\AppData\Local\Programs\MiKTeX\tex/latex/geometry\geometry.cfg))
(C:\Users\asus\AppData\Local\Programs\MiKTeX\tex/latex/hyperref\hyperref.sty
(C:\Users\asus\AppData\Local\Programs\MiKTeX\tex/latex/kvsetkeys\kvsetkeys.sty)

(C:\Users\asus\AppData\Local\Programs\MiKTeX\tex/generic/kvdefinekeys\kvdefinek
eys.sty)
(C:\Users\asus\AppData\Local\Programs\MiKTeX\tex/generic/pdfescape\pdfescape.st
y (C:\Users\asus\AppData\Local\Programs\MiKTeX\tex/generic/ltxcmds\ltxcmds.sty)

(C:\Users\asus\AppData\Local\Programs\MiKTeX\tex/generic/pdftexcmds\pdftexcmds.
sty
(C:\Users\asus\AppData\Local\Programs\MiKTeX\tex/generic/infwarerr\infwarerr.st
y))) (C:\Users\asus\AppData\Local\Programs\MiKTeX\tex/latex/hycolor\hycolor.sty
) (C:\Users\asus\AppData\Local\Programs\MiKTeX\tex/latex/hyperref\nameref.sty
(C:\Users\asus\AppData\Local\Programs\MiKTeX\tex/latex/refcount\refcount.sty)
(C:\Users\asus\AppData\Local\Programs\MiKTeX\tex/generic/gettitlestring\gettitl
estring.sty
(C:\Users\asus\AppData\Local\Programs\MiKTeX\tex/latex/kvoptions\kvoptions.sty)
)) (C:\Users\asus\AppData\Local\Programs\MiKTeX\tex/latex/etoolbox\etoolbox.sty
)
(C:\Users\asus\AppData\Local\Programs\MiKTeX\tex/generic/stringenc\stringenc.st
y) (C:\Users\asus\AppData\Local\Programs\MiKTeX\tex/latex/hyperref\pd1enc.def)
(C:\Users\asus\AppData\Local\Programs\MiKTeX\tex/generic/intcalc\intcalc.sty)
(C:\Users\asus\AppData\Local\Programs\MiKTeX\tex/latex/hyperref\puenc.def)
(C:\Users\asus\AppData\Local\Programs\MiKTeX\tex/latex/url\url.sty)
(C:\Users\asus\AppData\Local\Programs\MiKTeX\tex/generic/bitset\bitset.sty
(C:\Users\asus\AppData\Local\Programs\MiKTeX\tex/generic/bigintcalc\bigintcalc.
sty)))
(C:\Users\asus\AppData\Local\Programs\MiKTeX\tex/latex/hyperref\hpdftex.def
(C:\Users\asus\AppData\Local\Programs\MiKTeX\tex/latex/rerunfilecheck\rerunfile
check.sty
(C:\Users\asus\AppData\Local\Programs\MiKTeX\tex/generic/uniquecounter\uniqueco
unter.sty)))) (default.sty
(C:\Users\asus\AppData\Local\Programs\MiKTeX\tex/latex/fancyhdr\fancyhdr.sty)
(C:\Users\asus\AppData\Local\Programs\MiKTeX\tex/latex/amsmath\amsmath.sty
For additional information on amsmath, use the `?' option.
(C:\Users\asus\AppData\Local\Programs\MiKTeX\tex/latex/amsmath\amstext.sty
(C:\Users\asus\AppData\Local\Programs\MiKTeX\tex/latex/amsmath\amsgen.sty))
(C:\Users\asus\AppData\Local\Programs\MiKTeX\tex/latex/amsmath\amsbsy.sty)
(C:\Users\asus\AppData\Local\Programs\MiKTeX\tex/latex/amsmath\amsopn.sty))
(C:\Users\asus\AppData\Local\Programs\MiKTeX\tex/latex/amsfonts\amssymb.sty
(C:\Users\asus\AppData\Local\Programs\MiKTeX\tex/latex/amsfonts\amsfonts.sty)))

G:/work/Journal2LaTeX/backend/temp/f6b31cd9-26a9-4042-aef0-8a89aa55bb24/rendere
d/main.tex:10: Illegal parameter number in definition of \reserved@a.
<to be read again> 
                   3
l.10 ...[3]{#3}}}{\providecommand\multirow[3]{#3}}
                                                  
G:/work/Journal2LaTeX/backend/temp/f6b31cd9-26a9-4042-aef0-8a89aa55bb24/rendere
d/main.tex:10: Illegal parameter number in definition of \reserved@a.
<to be read again> 
                   3
l.10 ...[3]{#3}}}{\providecommand\multirow[3]{#3}}
                                                  
G:/work/Journal2LaTeX/backend/temp/f6b31cd9-26a9-4042-aef0-8a89aa55bb24/rendere
d/main.tex:10: Illegal parameter number in definition of \reserved@a.
<to be read again> 
                   3
l.10 ...[3]{#3}}}{\providecommand\multirow[3]{#3}}
                                                  
(C:\Users\asus\AppData\Local\Programs\MiKTeX\tex/latex/multirow\multirow.sty)
(C:\Users\asus\AppData\Local\Programs\MiKTeX\tex/latex/float\float.sty)
(C:\Users\asus\AppData\Local\Programs\MiKTeX\tex/latex/sttools\cuted.sty)
G:/work/Journal2LaTeX/backend/temp/f6b31cd9-26a9-4042-aef0-8a89aa55bb24/rendere
d/main.tex:18: Illegal parameter number in definition of \reserved@a.
<to be read again> 
                   1
l.18 ...sname\ \csname the#1\endcsname:}\ #2\par}}
                                                  
G:/work/Journal2LaTeX/backend/temp/f6b31cd9-26a9-4042-aef0-8a89aa55bb24/rendere
d/main.tex:18: Illegal parameter number in definition of \reserved@a.
<to be read again> 
                   1
l.18 ...sname\ \csname the#1\endcsname:}\ #2\par}}
                                                  
G:/work/Journal2LaTeX/backend/temp/f6b31cd9-26a9-4042-aef0-8a89aa55bb24/rendere
d/main.tex:18: Illegal parameter number in definition of \reserved@a.
<to be read again> 
                   1
l.18 ...sname\ \csname the#1\endcsname:}\ #2\par}}
                                                  
G:/work/Journal2LaTeX/backend/temp/f6b31cd9-26a9-4042-aef0-8a89aa55bb24/rendere
d/main.tex:18: Illegal parameter number in definition of \reserved@a.
<to be read again> 
                   2
l.18 ...sname\ \csname the#1\endcsname:}\ #2\par}}
                                                  
G:/work/Journal2LaTeX/backend/temp/f6b31cd9-26a9-4042-aef0-8a89aa55bb24/rendere
d/main.tex:18: Illegal parameter number in definition of \reserved@a.
<to be read again> 
                   1
l.18 ...sname\ \csname the#1\endcsname:}\ #2\par}}
                                                  
G:/work/Journal2LaTeX/backend/temp/f6b31cd9-26a9-4042-aef0-8a89aa55bb24/rendere
d/main.tex:18: Illegal parameter number in definition of \reserved@a.
<to be read again> 
                   1
l.18 ...sname\ \csname the#1\endcsname:}\ #2\par}}
                                                  
G:/work/Journal2LaTeX/backend/temp/f6b31cd9-26a9-4042-aef0-8a89aa55bb24/rendere
d/main.tex:18: Illegal parameter number in definition of \reserved@a.
<to be read again> 
                   1
l.18 ...sname\ \csname the#1\endcsname:}\ #2\par}}
                                                  
G:/work/Journal2LaTeX/backend/temp/f6b31cd9-26a9-4042-aef0-8a89aa55bb24/rendere
d/main.tex:18: Illegal parameter number in definition of \reserved@a.
<to be read again> 
                   2
l.18 ...sname\ \csname the#1\endcsname:}\ #2\par}}
                                                  
G:/work/Journal2LaTeX/backend/temp/f6b31cd9-26a9-4042-aef0-8a89aa55bb24/rendere
d/main.tex:18: Illegal parameter number in definition of \reserved@a.
<to be read again> 
                   1
l.18 ...sname\ \csname the#1\endcsname:}\ #2\par}}
                                                  
G:/work/Journal2LaTeX/backend/temp/f6b31cd9-26a9-4042-aef0-8a89aa55bb24/rendere
d/main.tex:18: Illegal parameter number in definition of \reserved@a.
<to be read again> 
                   1
l.18 ...sname\ \csname the#1\endcsname:}\ #2\par}}
                                                  
G:/work/Journal2LaTeX/backend/temp/f6b31cd9-26a9-4042-aef0-8a89aa55bb24/rendere
d/main.tex:18: Illegal parameter number in definition of \reserved@a.
<to be read again> 
                   1
l.18 ...sname\ \csname the#1\endcsname:}\ #2\par}}
                                                  
G:/work/Journal2LaTeX/backend/temp/f6b31cd9-26a9-4042-aef0-8a89aa55bb24/rendere
d/main.tex:18: Illegal parameter number in definition of \reserved@a.
<to be read again> 
                   2
l.18 ...sname\ \csname the#1\endcsname:}\ #2\par}}
                                                  
(C:\Users\asus\AppData\Local\Programs\MiKTeX\tex/latex/capt-of\capt-of.sty)
G:/work/Journal2LaTeX/backend/temp/f6b31cd9-26a9-4042-aef0-8a89aa55bb24/rendere
d/main.tex:25: Illegal parameter number in definition of \reserved@a.
<to be read again> 
                   1
l.25   \catcode`#1=\active}\makeatother}
                                        
G:/work/Journal2LaTeX/backend/temp/f6b31cd9-26a9-4042-aef0-8a89aa55bb24/rendere
d/main.tex:25: Illegal parameter number in definition of \reserved@a.
<to be read again> 
                   2
l.25   \catcode`#1=\active}\makeatother}
                                        
G:/work/Journal2LaTeX/backend/temp/f6b31cd9-26a9-4042-aef0-8a89aa55bb24/rendere
d/main.tex:25: Illegal parameter number in definition of \reserved@a.
<to be read again> 
                   1
l.25   \catcode`#1=\active}\makeatother}
                                        
G:/work/Journal2LaTeX/backend/temp/f6b31cd9-26a9-4042-aef0-8a89aa55bb24/rendere
d/main.tex:25: Illegal parameter number in definition of \reserved@a.
<to be read again> 
                   1
l.25   \catcode`#1=\active}\makeatother}
                                        
G:/work/Journal2LaTeX/backend/temp/f6b31cd9-26a9-4042-aef0-8a89aa55bb24/rendere
d/main.tex:25: Illegal parameter number in definition of \reserved@a.
<to be read again> 
                   2
l.25   \catcode`#1=\active}\makeatother}
                                        
G:/work/Journal2LaTeX/backend/temp/f6b31cd9-26a9-4042-aef0-8a89aa55bb24/rendere
d/main.tex:25: Illegal parameter number in definition of \reserved@a.
<to be read again> 
                   1
l.25   \catcode`#1=\active}\makeatother}
                                        
G:/work/Journal2LaTeX/backend/temp/f6b31cd9-26a9-4042-aef0-8a89aa55bb24/rendere
d/main.tex:25: Illegal parameter number in definition of \reserved@a.
<to be read again> 
                   1
l.25   \catcode`#1=\active}\makeatother}
                                        
G:/work/Journal2LaTeX/backend/temp/f6b31cd9-26a9-4042-aef0-8a89aa55bb24/rendere
d/main.tex:25: Illegal parameter number in definition of \reserved@a.
<to be read again> 
                   2
l.25   \catcode`#1=\active}\makeatother}
                                        
G:/work/Journal2LaTeX/backend/temp/f6b31cd9-26a9-4042-aef0-8a89aa55bb24/rendere
d/main.tex:25: Illegal parameter number in definition of \reserved@a.
<to be read again> 
                   1
l.25   \catcode`#1=\active}\makeatother}
                                        

(C:\Users\asus\AppData\Local\Programs\MiKTeX\tex/latex/newunicodechar\newunicod
echar.sty)

Package newunicodechar Warning: Redefining Unicode character on input line 26.


(C:\Users\asus\AppData\Local\Programs\MiKTeX\tex/latex/l3backend\l3backend-pdft
ex.def) (main.aux)
(C:\Users\asus\AppData\Local\Programs\MiKTeX\tex/context/base/mkii\supp-pdf.mki
i
[Loading MPS to PDF converter (version 2006.09.02).]
)
(C:\Users\asus\AppData\Local\Programs\MiKTeX\tex/latex/epstopdf-pkg\epstopdf-ba
se.sty
(C:\Users\asus\AppData\Local\Programs\MiKTeX\tex/latex/00miktex\epstopdf-sys.cf
g))
*geometry* driver: auto-detecting
*geometry* detected driver: pdftex
(main.out) (main.out)

LaTeX Font Warning: Font shape `OT1/cmr/m/n' in size <10.50003> not available
(Font)              size <10.95> substituted on input line 80.


G:/work/Journal2LaTeX/backend/temp/f6b31cd9-26a9-4042-aef0-8a89aa55bb24/rendere
d/main.tex:85: LaTeX Error: No \title given.

See the LaTeX manual or LaTeX Companion for explanation.
Type  H <return>  for immediate help.
 ...                                              
                                                  
l.85 \maketitle f
                 orces a page break when

LaTeX Warning: No \author given.


LaTeX Font Warning: Font shape `OML/cmm/m/it' in size <10.50003> not available
(Font)              size <10.95> substituted on input line 90.


LaTeX Font Warning: Font shape `OMS/cmsy/m/n' in size <10.50003> not available
(Font)              size <10.95> substituted on input line 90.

(C:\Users\asus\AppData\Local\Programs\MiKTeX\tex/latex/amsfonts\umsa.fd)
(C:\Users\asus\AppData\Local\Programs\MiKTeX\tex/latex/amsfonts\umsb.fd)

LaTeX Font Warning: Font shape `OT1/cmr/bx/n' in size <10.50003> not available
(Font)              size <10.95> substituted on input line 100.

[1{C:/Users/asus/AppData/Local/MiKTeX/fonts/map/pdftex/pdftex.map}] [2 <./media
/image4.jpeg>]

G:/work/Journal2LaTeX/backend/temp/f6b31cd9-26a9-4042-aef0-8a89aa55bb24/rendere
d/main.tex:173: LaTeX Error: strip used only in twocolumn mode!.

See the LaTeX manual or LaTeX Companion for explanation.
Type  H <return>  for immediate help.
 ...                                              
                                                  
l.173 \begin{strip}
                   

Overfull \hbox (1.54376pt too wide) in paragraph at lines 178--189
 [][] 

G:/work/Journal2LaTeX/backend/temp/f6b31cd9-26a9-4042-aef0-8a89aa55bb24/rendere
d/main.tex:191: LaTeX Error: strip used only in twocolumn mode!.

See the LaTeX manual or LaTeX Companion for explanation.
Type  H <return>  for immediate help.
 ...                                              
                                                  
l.191 \end{strip}
                 

Underfull \hbox (badness 10000) in paragraph at lines 175--192


G:/work/Journal2LaTeX/backend/temp/f6b31cd9-26a9-4042-aef0-8a89aa55bb24/rendere
d/main.tex:199: LaTeX Error: strip used only in twocolumn mode!.

See the LaTeX manual or LaTeX Companion for explanation.
Type  H <return>  for immediate help.
 ...                                              
                                                  
l.199 \begin{strip}
                   

Overfull \hbox (5.42094pt too wide) in paragraph at lines 208--208
 []|\OT1/cmr/bx/n/9 Correlation| 

Overfull \hbox (5.46242pt too wide) in paragraph at lines 208--208
 []|\OT1/cmr/bx/n/9 Correlation| 

Overfull \hbox (5.46242pt too wide) in paragraph at lines 208--208
 []|\OT1/cmr/bx/n/9 Correlation| 

Overfull \hbox (2.6677pt too wide) in paragraph at lines 204--217
 [][] 

G:/work/Journal2LaTeX/backend/temp/f6b31cd9-26a9-4042-aef0-8a89aa55bb24/rendere
d/main.tex:219: LaTeX Error: strip used only in twocolumn mode!.

See the LaTeX manual or LaTeX Companion for explanation.
Type  H <return>  for immediate help.
 ...                                              
                                                  
l.219 \end{strip}
                 

Underfull \hbox (badness 10000) in paragraph at lines 201--220

[3
pdfTeX warning (ext4): destination with the same identifier (name{table.1}) has
 been already used, duplicate ignored
<argument> ...shipout:D \box_use:N \l_shipout_box 
                                                  \__shipout_drop_firstpage_...
l.228 
      
pdfTeX warning (ext4): destination with the same identifier (name{table.2}) has
 been already used, duplicate ignored
<argument> ...shipout:D \box_use:N \l_shipout_box 
                                                  \__shipout_drop_firstpage_...
l.228 
      ]

G:/work/Journal2LaTeX/backend/temp/f6b31cd9-26a9-4042-aef0-8a89aa55bb24/rendere
d/main.tex:229: LaTeX Error: strip used only in twocolumn mode!.

See the LaTeX manual or LaTeX Companion for explanation.
Type  H <return>  for immediate help.
 ...                                              
                                                  
l.229 \begin{strip}
                   

Overfull \hbox (1.99905pt too wide) in paragraph at lines 234--247
 [][] 

G:/work/Journal2LaTeX/backend/temp/f6b31cd9-26a9-4042-aef0-8a89aa55bb24/rendere
d/main.tex:249: LaTeX Error: strip used only in twocolumn mode!.

See the LaTeX manual or LaTeX Companion for explanation.
Type  H <return>  for immediate help.
 ...                                              
                                                  
l.249 \end{strip}
                 

Underfull \hbox (badness 10000) in paragraph at lines 231--250

[4
pdfTeX warning (ext4): destination with the same identifier (name{table.3}) has
 been already used, duplicate ignored
<argument> ...shipout:D \box_use:N \l_shipout_box 
                                                  \__shipout_drop_firstpage_...
l.287 
       <./media/image5.png (PNG copy)> <./media/image6.png (PNG copy)>]

G:/work/Journal2LaTeX/backend/temp/f6b31cd9-26a9-4042-aef0-8a89aa55bb24/rendere
d/main.tex:294: LaTeX Error: strip used only in twocolumn mode!.

See the LaTeX manual or LaTeX Companion for explanation.
Type  H <return>  for immediate help.
 ...                                              
                                                  
l.294 \begin{strip}
                   

G:/work/Journal2LaTeX/backend/temp/f6b31cd9-26a9-4042-aef0-8a89aa55bb24/rendere
d/main.tex:312: LaTeX Error: strip used only in twocolumn mode!.

See the LaTeX manual or LaTeX Companion for explanation.
Type  H <return>  for immediate help.
 ...                                              
                                                  
l.312 \end{strip}
                 

Underfull \hbox (badness 10000) in paragraph at lines 296--313

[5
pdfTeX warning (ext4): destination with the same identifier (name{table.4}) has
 been already used, duplicate ignored
<argument> ...shipout:D \box_use:N \l_shipout_box 
                                                  \__shipout_drop_firstpage_...
l.326 
       <./media/image7.png (PNG copy)>]

G:/work/Journal2LaTeX/backend/temp/f6b31cd9-26a9-4042-aef0-8a89aa55bb24/rendere
d/main.tex:329: LaTeX Error: strip used only in twocolumn mode!.

See the LaTeX manual or LaTeX Companion for explanation.
Type  H <return>  for immediate help.
 ...                                              
                                                  
l.329 \begin{strip}
                   

G:/work/Journal2LaTeX/backend/temp/f6b31cd9-26a9-4042-aef0-8a89aa55bb24/rendere
d/main.tex:347: LaTeX Error: strip used only in twocolumn mode!.

See the LaTeX manual or LaTeX Companion for explanation.
Type  H <return>  for immediate help.
 ...                                              
                                                  
l.347 \end{strip}
                 

Underfull \hbox (badness 10000) in paragraph at lines 331--348


G:/work/Journal2LaTeX/backend/temp/f6b31cd9-26a9-4042-aef0-8a89aa55bb24/rendere
d/main.tex:353: LaTeX Error: strip used only in twocolumn mode!.

See the LaTeX manual or LaTeX Companion for explanation.
Type  H <return>  for immediate help.
 ...                                              
                                                  
l.353 \begin{strip}
                   

G:/work/Journal2LaTeX/backend/temp/f6b31cd9-26a9-4042-aef0-8a89aa55bb24/rendere
d/main.tex:369: LaTeX Error: strip used only in twocolumn mode!.

See the LaTeX manual or LaTeX Companion for explanation.
Type  H <return>  for immediate help.
 ...                                              
                                                  
l.369 \end{strip}
                 

Underfull \hbox (badness 10000) in paragraph at lines 355--370

[6
pdfTeX warning (ext4): destination with the same identifier (name{table.5}) has
 been already used, duplicate ignored
<argument> ...shipout:D \box_use:N \l_shipout_box 
                                                  \__shipout_drop_firstpage_...
l.380 
      
pdfTeX warning (ext4): destination with the same identifier (name{table.6}) has
 been already used, duplicate ignored
<argument> ...shipout:D \box_use:N \l_shipout_box 
                                                  \__shipout_drop_firstpage_...
l.380 
       <./media/image8.png>] [7] [8 <./media/image9.jpeg>] [9 <./media/image10.
jpeg> <./media/image11.jpeg>] (main.aux)

LaTeX Font Warning: Size substitutions with differences
(Font)              up to 0.44997pt have occurred.

 )
(see the transcript file for additional information) <C:\Users\asus\AppData\Loc
al\MiKTeX\fonts/pk/ljfour/jknappen/ec/dpi600\tcrm1000.pk> <C:\Users\asus\AppDat
a\Local\MiKTeX\fonts/pk/ljfour/jknappen/ec/dpi600\tcrm0600.pk><C:/Users/asus/Ap
pData/Local/Programs/MiKTeX/fonts/type1/public/amsfonts/cm/cmbx10.pfb><C:/Users
/asus/AppData/Local/Programs/MiKTeX/fonts/type1/public/amsfonts/cm/cmbx12.pfb><
C:/Users/asus/AppData/Local/Programs/MiKTeX/fonts/type1/public/amsfonts/cm/cmbx
9.pfb><C:/Users/asus/AppData/Local/Programs/MiKTeX/fonts/type1/public/amsfonts/
cm/cmr10.pfb><C:/Users/asus/AppData/Local/Programs/MiKTeX/fonts/type1/public/am
sfonts/cm/cmr12.pfb><C:/Users/asus/AppData/Local/Programs/MiKTeX/fonts/type1/pu
blic/amsfonts/cm/cmr6.pfb><C:/Users/asus/AppData/Local/Programs/MiKTeX/fonts/ty
pe1/public/amsfonts/cm/cmr7.pfb><C:/Users/asus/AppData/Local/Programs/MiKTeX/fo
nts/type1/public/amsfonts/cm/cmr9.pfb><C:/Users/asus/AppData/Local/Programs/MiK
TeX/fonts/type1/public/amsfonts/cm/cmsy10.pfb>
Output written on main.pdf (9 pages, 542892 bytes).
Transcript written on main.log.
Latexmk: Getting log file 'main.log'
Latexmk: Examining 'main.fls'
Latexmk: Examining 'main.log'
Latexmk: Log file says output to 'main.pdf'
Latexmk: Errors, so I did not complete making targets
Collected error summary (may duplicate other messages):
  pdflatex: Command for 'pdflatex' gave return code 1
      Refer to 'main.log' and/or above output for details



STDERR:
Latexmk: Sometimes, the -f option can be used to get latexmk
  to try to force complete processing.
  But normally, you will need to correct the file(s) that caused the
  error, and then rerun latexmk.
  In some cases, it is best to clean out generated files before rerunning
  latexmk after you've corrected the files.
Reverting Windows console CPs to (in,out) = (437,65001)
