[2026-07-23 15:27:22,623] [INFO] [job_manager.py:136]: Job f6b31cd9-26a9-4042-aef0-8a89aa55bb24 workspace created successfully
[2026-07-23 15:27:22,649] [INFO] [pipeline_service.py:45]: Starting validation for job: f6b31cd9-26a9-4042-aef0-8a89aa55bb24
[2026-07-23 15:27:22,664] [INFO] [job_manager.py:180]: Job status updated to: VALIDATING
[2026-07-23 15:27:22,677] [INFO] [job_manager.py:204]: Progress updated to 10%: Validating input Word Document
[2026-07-23 15:27:22,702] [INFO] [pipeline_service.py:60]: Validation successful.
[2026-07-23 15:27:22,718] [INFO] [job_manager.py:204]: Progress updated to 20%: Input document validated successfully
[2026-07-23 15:27:22,718] [INFO] [pipeline_service.py:67]: Starting document analysis for job: f6b31cd9-26a9-4042-aef0-8a89aa55bb24
[2026-07-23 15:27:22,732] [INFO] [job_manager.py:180]: Job status updated to: ANALYZING_DOCUMENT
[2026-07-23 15:27:22,751] [INFO] [job_manager.py:204]: Progress updated to 30%: Analyzing document structure and content blocks
[2026-07-23 15:27:22,751] [INFO] [document_analyzer.py:33]: Starting improved document analysis for: G:\work\Journal2LaTeX\backend\temp\f6b31cd9-26a9-4042-aef0-8a89aa55bb24\input\with_author_photo.docx
[2026-07-23 15:27:23,302] [INFO] [document_analyzer.py:517]: Parsed document: title='Statistical Analysis of Body Dysmorphic Disorder, Quality of Life, and Social Anxiety in Fire Victims: Path Analysis', authors=3, sections=2, references=20
[2026-07-23 15:27:23,306] [INFO] [pipeline_service.py:95]: Document analysis completed. Saved structure to: G:\work\Journal2LaTeX\backend\temp\f6b31cd9-26a9-4042-aef0-8a89aa55bb24\intermediate\document_structure.json, report to: G:\work\Journal2LaTeX\backend\temp\f6b31cd9-26a9-4042-aef0-8a89aa55bb24\intermediate\conversion_report.json
[2026-07-23 15:27:23,323] [INFO] [job_manager.py:204]: Progress updated to 45%: Document structure extracted successfully
[2026-07-23 15:27:23,323] [INFO] [pipeline_service.py:108]: Starting asset extraction for job: f6b31cd9-26a9-4042-aef0-8a89aa55bb24
[2026-07-23 15:27:23,339] [INFO] [job_manager.py:180]: Job status updated to: EXTRACTING_ASSETS
[2026-07-23 15:27:23,357] [INFO] [job_manager.py:204]: Progress updated to 50%: Extracting images and figure assets from document
[2026-07-23 15:27:55,356] [INFO] [pipeline_service.py:141]: Assets extracted to: G:\work\Journal2LaTeX\backend\temp\f6b31cd9-26a9-4042-aef0-8a89aa55bb24\intermediate\media
[2026-07-23 15:27:55,371] [INFO] [job_manager.py:204]: Progress updated to 60%: Document assets extracted successfully
[2026-07-23 15:27:55,371] [INFO] [pipeline_service.py:231]: Classifying extracted assets for job: f6b31cd9-26a9-4042-aef0-8a89aa55bb24
[2026-07-23 15:27:55,371] [INFO] [asset_analyzer.py:23]: Starting extended asset analysis for job: f6b31cd9-26a9-4042-aef0-8a89aa55bb24
[2026-07-23 15:27:55,375] [INFO] [asset_analyzer.py:153]: Extended asset classification completed. Assets classified: 8
[2026-07-23 15:27:55,391] [INFO] [job_manager.py:204]: Progress updated to 65%: Extracted assets analyzed and mapped successfully
[2026-07-23 15:27:55,420] [INFO] [pipeline_service.py:247]: Loading template default for job: f6b31cd9-26a9-4042-aef0-8a89aa55bb24
[2026-07-23 15:27:55,434] [INFO] [job_manager.py:180]: Job status updated to: LOADING_TEMPLATE
[2026-07-23 15:27:55,448] [INFO] [job_manager.py:204]: Progress updated to 70%: Loading template styles: default
[2026-07-23 15:27:55,505] [INFO] [pipeline_service.py:269]: Template loaded and workspace prepared at: G:\work\Journal2LaTeX\backend\temp\f6b31cd9-26a9-4042-aef0-8a89aa55bb24\rendered
[2026-07-23 15:27:55,520] [INFO] [job_manager.py:204]: Progress updated to 80%: Template workspace initialized
[2026-07-23 15:27:55,522] [INFO] [pipeline_service.py:294]: Starting LaTeX rendering for job: f6b31cd9-26a9-4042-aef0-8a89aa55bb24
[2026-07-23 15:27:55,538] [INFO] [job_manager.py:180]: Job status updated to: RENDERING_LATEX
[2026-07-23 15:27:55,553] [INFO] [job_manager.py:204]: Progress updated to 85%: Rendering document content to LaTeX
[2026-07-23 15:27:55,570] [INFO] [latex_renderer.py:72]: Starting LaTeX rendering inside workspace: G:\work\Journal2LaTeX\backend\temp\f6b31cd9-26a9-4042-aef0-8a89aa55bb24\rendered
[2026-07-23 15:27:55,746] [INFO] [latex_renderer.py:386]: LaTeX document main.tex rendered successfully.
[2026-07-23 15:27:55,828] [INFO] [job_manager.py:204]: Progress updated to 90%: LaTeX document rendering completed
[2026-07-23 15:27:55,828] [INFO] [pipeline_service.py:357]: Starting document compilation for job: f6b31cd9-26a9-4042-aef0-8a89aa55bb24
[2026-07-23 15:27:55,846] [INFO] [job_manager.py:180]: Job status updated to: COMPILING
[2026-07-23 15:27:55,862] [INFO] [job_manager.py:204]: Progress updated to 92%: Compiling LaTeX source to PDF
[2026-07-23 15:28:04,171] [INFO] [pipeline_service.py:380]: Compilation completed successfully.
[2026-07-23 15:28:04,173] [INFO] [pipeline_service.py:395]: Running E2E publication fidelity checker for job: f6b31cd9-26a9-4042-aef0-8a89aa55bb24
[2026-07-23 15:28:04,173] [INFO] [fidelity_checker.py:24]: Generating advanced fidelity report and scores for job: f6b31cd9-26a9-4042-aef0-8a89aa55bb24
[2026-07-23 15:28:04,176] [INFO] [fidelity_checker.py:163]: Fidelity report written to G:\work\Journal2LaTeX\backend\temp\f6b31cd9-26a9-4042-aef0-8a89aa55bb24\intermediate\fidelity_report.json. Overall Score: 93.7%, Critical missing: 0
[2026-07-23 15:28:04,196] [INFO] [pipeline_service.py:357]: Starting document compilation for job: f6b31cd9-26a9-4042-aef0-8a89aa55bb24
[2026-07-23 15:28:06,947] [INFO] [pipeline_service.py:380]: Compilation completed successfully.
[2026-07-23 15:28:15,532] [INFO] [pipeline_service.py:357]: Starting document compilation for job: f6b31cd9-26a9-4042-aef0-8a89aa55bb24
[2026-07-23 15:28:17,865] [INFO] [pipeline_service.py:380]: Compilation completed successfully.
[2026-07-23 15:28:20,150] [INFO] [pipeline_service.py:357]: Starting document compilation for job: f6b31cd9-26a9-4042-aef0-8a89aa55bb24
[2026-07-23 15:28:22,618] [INFO] [pipeline_service.py:380]: Compilation completed successfully.
[2026-07-23 15:28:25,043] [INFO] [pipeline_service.py:357]: Starting document compilation for job: f6b31cd9-26a9-4042-aef0-8a89aa55bb24
[2026-07-23 15:28:27,845] [INFO] [pipeline_service.py:380]: Compilation completed successfully.
[2026-07-23 15:28:30,845] [INFO] [pipeline_service.py:357]: Starting document compilation for job: f6b31cd9-26a9-4042-aef0-8a89aa55bb24
[2026-07-23 15:28:33,356] [INFO] [pipeline_service.py:380]: Compilation completed successfully.
[2026-07-23 15:28:33,374] [INFO] [job_manager.py:180]: Job status updated to: COMPLETED
[2026-07-23 15:28:33,388] [INFO] [job_manager.py:204]: Progress updated to 100%: Pipeline process completed successfully
