STDOUT:
Initial Win CP for (console input, console output, system): (CP437, CP65001, CP1252)
I changed them all to CP1252
Rc files read (in order):
  NONE
Latexmk: This is Latexmk, John Collins, 9 March 2026. Version 4.88.
No existing .aux file, so I'll make a simple one, and require run of *latex.
Force everything to be remade.
Latexmk: applying rule 'pdflatex'...
Rule 'pdflatex':  Reasons for rerun
Category 'other':
  Rerun of 'pdflatex' forced or previously required:
    Reason or flag: 'go_mode'

------------
Run number 1 of rule 'pdflatex'
------------
------------
Running 'pdflatex  -interaction=nonstopmode -file-line-error -recorder  "G:/work/Journal2LaTeX/backend/temp/ee94f6ae-35ad-4e10-919e-86604d7b5d31/rendered/main.tex"'
------------
This is pdfTeX, Version 3.141592653-2.6-1.40.29 (MiKTeX 26.5) (preloaded format=pdflatex.fmt)
 restricted \write18 enabled.
entering extended mode

(G:/work/Journal2LaTeX/backend/temp/ee94f6ae-35ad-4e10-919e-86604d7b5d31/render
ed/main.tex
LaTeX2e <2026-06-01>
L3 programming layer <2026-06-18>
(C:\Users\asus\AppData\Local\Programs\MiKTeX\tex/latex/xcolor\xcolor.sty
(C:\Users\asus\AppData\Local\Programs\MiKTeX\tex/latex/graphics-cfg\color.cfg)
(C:\Users\asus\AppData\Local\Programs\MiKTeX\tex/latex/graphics-def\pdftex.def)
 (C:\Users\asus\AppData\Local\Programs\MiKTeX\tex/latex/graphics\mathcolor.ltx)
) (C:\Users\asus\AppData\Local\Programs\MiKTeX\tex/latex/graphics\dvipsnam.def)
 (C:\Users\asus\AppData\Local\Programs\MiKTeX\tex/latex/xcolor\svgnam.def)
(C:\Users\asus\AppData\Local\Programs\MiKTeX\tex/latex/xcolor\x11nam.def)
(C:\Users\asus\AppData\Local\Programs\MiKTeX\tex/latex/colortbl\colortbl.sty
(C:\Users\asus\AppData\Local\Programs\MiKTeX\tex/latex/tools\array.sty)
new hooks used!!
) (NSP1.cls

LaTeX Warning: You have requested document class `NSP1',
               but the document class provides `NSP'.

Document Class: NSP 2012/01/01
(C:\Users\asus\AppData\Local\Programs\MiKTeX\tex/latex/base\fleqn.clo)
(C:\Users\asus\AppData\Local\Programs\MiKTeX\tex/latex/graphics\graphicx.sty
(C:\Users\asus\AppData\Local\Programs\MiKTeX\tex/latex/graphics\keyval.sty)
(C:\Users\asus\AppData\Local\Programs\MiKTeX\tex/latex/graphics\graphics.sty
(C:\Users\asus\AppData\Local\Programs\MiKTeX\tex/latex/graphics\trig.sty)
(C:\Users\asus\AppData\Local\Programs\MiKTeX\tex/latex/graphics-cfg\graphics.cf
g)))
(C:\Users\asus\AppData\Local\Programs\MiKTeX\tex/latex/lastpage\lastpage.sty
(C:\Users\asus\AppData\Local\Programs\MiKTeX\tex/latex/lastpage\lastpage2e.sty
(C:\Users\asus\AppData\Local\Programs\MiKTeX\tex/latex/lastpage\lastpagemodern.
sty) 
)) (C:\Users\asus\AppData\Local\Programs\MiKTeX\tex/latex/hyperref\hyperref.sty
(C:\Users\asus\AppData\Local\Programs\MiKTeX\tex/generic/iftex\iftex.sty)
(C:\Users\asus\AppData\Local\Programs\MiKTeX\tex/latex/kvsetkeys\kvsetkeys.sty)

(C:\Users\asus\AppData\Local\Programs\MiKTeX\tex/generic/kvdefinekeys\kvdefinek
eys.sty)
(C:\Users\asus\AppData\Local\Programs\MiKTeX\tex/generic/pdfescape\pdfescape.st
y (C:\Users\asus\AppData\Local\Programs\MiKTeX\tex/generic/ltxcmds\ltxcmds.sty)

(C:\Users\asus\AppData\Local\Programs\MiKTeX\tex/generic/pdftexcmds\pdftexcmds.
sty
(C:\Users\asus\AppData\Local\Programs\MiKTeX\tex/generic/infwarerr\infwarerr.st
y))) (C:\Users\asus\AppData\Local\Programs\MiKTeX\tex/latex/hycolor\hycolor.sty
) (C:\Users\asus\AppData\Local\Programs\MiKTeX\tex/latex/hyperref\nameref.sty
(C:\Users\asus\AppData\Local\Programs\MiKTeX\tex/latex/refcount\refcount.sty)
(C:\Users\asus\AppData\Local\Programs\MiKTeX\tex/generic/gettitlestring\gettitl
estring.sty
(C:\Users\asus\AppData\Local\Programs\MiKTeX\tex/latex/kvoptions\kvoptions.sty)
)) (C:\Users\asus\AppData\Local\Programs\MiKTeX\tex/latex/etoolbox\etoolbox.sty
)
(C:\Users\asus\AppData\Local\Programs\MiKTeX\tex/generic/stringenc\stringenc.st
y) (C:\Users\asus\AppData\Local\Programs\MiKTeX\tex/latex/hyperref\pd1enc.def)
(C:\Users\asus\AppData\Local\Programs\MiKTeX\tex/generic/intcalc\intcalc.sty)
(C:\Users\asus\AppData\Local\Programs\MiKTeX\tex/latex/hyperref\puenc.def)
(C:\Users\asus\AppData\Local\Programs\MiKTeX\tex/latex/url\url.sty)
(C:\Users\asus\AppData\Local\Programs\MiKTeX\tex/generic/bitset\bitset.sty
(C:\Users\asus\AppData\Local\Programs\MiKTeX\tex/generic/bigintcalc\bigintcalc.
sty))

Package hyperref Warning: Option `pdfpagelabels' is turned off
(hyperref)                because \thepage is undefined.

) (C:\Users\asus\AppData\Local\Programs\MiKTeX\tex/latex/hyperref\hpdftex.def
(C:\Users\asus\AppData\Local\Programs\MiKTeX\tex/latex/rerunfilecheck\rerunfile
check.sty
(C:\Users\asus\AppData\Local\Programs\MiKTeX\tex/generic/uniquecounter\uniqueco
unter.sty))))
(C:\Users\asus\AppData\Local\Programs\MiKTeX\tex/latex/floatflt\floatflt.sty)
(C:\Users\asus\AppData\Local\Programs\MiKTeX\tex/latex/psnfss\helvet.sty)
(C:\Users\asus\AppData\Local\Programs\MiKTeX\tex/latex/psnfss\times.sty)
(psfig.sty
psfig/tex 1.10-dvips
) (C:\Users\asus\AppData\Local\Programs\MiKTeX\tex/latex/psnfss\mathptmx.sty)
(C:\Users\asus\AppData\Local\Programs\MiKTeX\tex/latex/amsmath\amsmath.sty
For additional information on amsmath, use the `?' option.
(C:\Users\asus\AppData\Local\Programs\MiKTeX\tex/latex/amsmath\amstext.sty
(C:\Users\asus\AppData\Local\Programs\MiKTeX\tex/latex/amsmath\amsgen.sty))
(C:\Users\asus\AppData\Local\Programs\MiKTeX\tex/latex/amsmath\amsbsy.sty)
(C:\Users\asus\AppData\Local\Programs\MiKTeX\tex/latex/amsmath\amsopn.sty))
(C:\Users\asus\AppData\Local\Programs\MiKTeX\tex/latex/amsfonts\amssymb.sty
(C:\Users\asus\AppData\Local\Programs\MiKTeX\tex/latex/amsfonts\amsfonts.sty))
(C:\Users\asus\AppData\Local\Programs\MiKTeX\tex/latex/tools\bm.sty)
(C:\Users\asus\AppData\Local\Programs\MiKTeX\tex/latex/float\float.sty)
(C:\Users\asus\AppData\Local\Programs\MiKTeX\tex/latex/caption\caption.sty
(C:\Users\asus\AppData\Local\Programs\MiKTeX\tex/latex/caption\caption3.sty)

Package caption Warning: Unknown document class (or package),
(caption)                standard defaults will be used.
See the caption package documentation for explanation.

) (C:\Users\asus\AppData\Local\Programs\MiKTeX\tex/latex/sttools\cuted.sty)
(C:\Users\asus\AppData\Local\Programs\MiKTeX\tex/latex/newunicodechar\newunicod
echar.sty)
(C:\Users\asus\AppData\Local\Programs\MiKTeX\tex/latex/psnfss\ot1ptm.fd)
(C:\Users\asus\AppData\Local\Programs\MiKTeX\tex/latex/l3backend\l3backend-pdft
ex.def) (main.aux)
(C:\Users\asus\AppData\Local\Programs\MiKTeX\tex/context/base/mkii\supp-pdf.mki
i
[Loading MPS to PDF converter (version 2006.09.02).]
)
(C:\Users\asus\AppData\Local\Programs\MiKTeX\tex/latex/epstopdf-pkg\epstopdf-ba
se.sty
(C:\Users\asus\AppData\Local\Programs\MiKTeX\tex/latex/00miktex\epstopdf-sys.cf
g))
Overfull \hbox (12.0pt too wide) in paragraph at lines 116--116
[][] [] 
(C:\Users\asus\AppData\Local\Programs\MiKTeX\tex/latex/psnfss\ot1ztmcm.fd)
(C:\Users\asus\AppData\Local\Programs\MiKTeX\tex/latex/psnfss\omlztmcm.fd)
(C:\Users\asus\AppData\Local\Programs\MiKTeX\tex/latex/psnfss\omsztmcm.fd)
(C:\Users\asus\AppData\Local\Programs\MiKTeX\tex/latex/psnfss\omxztmcm.fd)

Package mathptmx Warning: There are no bold math fonts on input line 116.

(C:\Users\asus\AppData\Local\Programs\MiKTeX\tex/latex/psnfss\ot1phv.fd)

LaTeX Warning: Citation `ref10' on page 1 undefined on input line 120.


LaTeX Warning: Reference `LastPage' on page 1 undefined on input line 143.

(C:\Users\asus\AppData\Local\Programs\MiKTeX\tex/latex/psnfss\ts1ptm.fd)
[1{C:/Users/asus/AppData/Local/MiKTeX/fonts/map/pdftex/pdftex.map}{C:/Users/asu
s/AppData/Local/Programs/MiKTeX/fonts/enc/dvips/base/8r.enc} <./logo7pt-eps-con
verted-to.pdf>]

G:/work/Journal2LaTeX/backend/temp/ee94f6ae-35ad-4e10-919e-86604d7b5d31/rendere
d/main.tex:153: LaTeX Error: Unicode character ξ (U+03BE)
               not set up for use with LaTeX.

See the LaTeX manual or LaTeX Companion for explanation.
Type  H <return>  for immediate help.
 ...                                              
                                                  
l.153 ξ
         – Natural exit rate.

Overfull \hbox (160.0889pt too wide) has occurred while \output is active
[] [] \OT1/ptm/m/n/9 G.M. Vijayalakshmi et al.: Optimal control strategies for 
overwhelming social media scrolling addiction by using fractional order mathema
tical modelling
[2 <./media/image1.png>]
G:/work/Journal2LaTeX/backend/temp/ee94f6ae-35ad-4e10-919e-86604d7b5d31/rendere
d/main.tex:183: Missing $ inserted.
<inserted text> 
                $
l.183 
      
G:/work/Journal2LaTeX/backend/temp/ee94f6ae-35ad-4e10-919e-86604d7b5d31/rendere
d/main.tex:183: Display math should end with $$.
<to be read again> 
                   \tex_par:D 
l.183 
      

G:/work/Journal2LaTeX/backend/temp/ee94f6ae-35ad-4e10-919e-86604d7b5d31/rendere
d/main.tex:184: LaTeX Error: Bad math environment delimiter.

See the LaTeX manual or LaTeX Companion for explanation.
Type  H <return>  for immediate help.
 ...                                              
                                                  
l.184 \end{equation}
                    
G:/work/Journal2LaTeX/backend/temp/ee94f6ae-35ad-4e10-919e-86604d7b5d31/rendere
d/main.tex:184: You can't use `\eqno' in vertical mode.
\veqno ->\@kernel@eqno 
                       \aftergroup \ignorespaces 
l.184 \end{equation}
                    
G:/work/Journal2LaTeX/backend/temp/ee94f6ae-35ad-4e10-919e-86604d7b5d31/rendere
d/main.tex:184: Missing $ inserted.
<inserted text> 
                $
l.184 \end{equation}
                    
G:/work/Journal2LaTeX/backend/temp/ee94f6ae-35ad-4e10-919e-86604d7b5d31/rendere
d/main.tex:184: Display math should end with $$.
<to be read again> 
                   \endgroup 
l.184 \end{equation}
                    
(C:\Users\asus\AppData\Local\Programs\MiKTeX\tex/latex/psnfss\omlptm.fd)

LaTeX Font Warning: Font shape `OML/cmm/m/it' in size <10.50003> not available
(Font)              size <10.95> substituted on input line 202.


LaTeX Warning: Reference `LastPage' on page 3 undefined on input line 248.

[3]
G:/work/Journal2LaTeX/backend/temp/ee94f6ae-35ad-4e10-919e-86604d7b5d31/rendere
d/main.tex:266: Missing $ inserted.
<inserted text> 
                $
l.266 
      
G:/work/Journal2LaTeX/backend/temp/ee94f6ae-35ad-4e10-919e-86604d7b5d31/rendere
d/main.tex:266: Display math should end with $$.
<to be read again> 
                   \tex_par:D 
l.266 
      

G:/work/Journal2LaTeX/backend/temp/ee94f6ae-35ad-4e10-919e-86604d7b5d31/rendere
d/main.tex:267: LaTeX Error: Bad math environment delimiter.

See the LaTeX manual or LaTeX Companion for explanation.
Type  H <return>  for immediate help.
 ...                                              
                                                  
l.267 \end{equation}
                    
G:/work/Journal2LaTeX/backend/temp/ee94f6ae-35ad-4e10-919e-86604d7b5d31/rendere
d/main.tex:267: You can't use `\eqno' in vertical mode.
\veqno ->\@kernel@eqno 
                       \aftergroup \ignorespaces 
l.267 \end{equation}
                    
G:/work/Journal2LaTeX/backend/temp/ee94f6ae-35ad-4e10-919e-86604d7b5d31/rendere
d/main.tex:267: Missing $ inserted.
<inserted text> 
                $
l.267 \end{equation}
                    
G:/work/Journal2LaTeX/backend/temp/ee94f6ae-35ad-4e10-919e-86604d7b5d31/rendere
d/main.tex:267: Display math should end with $$.
<to be read again> 
                   \endgroup 
l.267 \end{equation}
                    
G:/work/Journal2LaTeX/backend/temp/ee94f6ae-35ad-4e10-919e-86604d7b5d31/rendere
d/main.tex:273: Missing $ inserted.
<inserted text> 
                $
l.273 
      
G:/work/Journal2LaTeX/backend/temp/ee94f6ae-35ad-4e10-919e-86604d7b5d31/rendere
d/main.tex:273: Display math should end with $$.
<to be read again> 
                   \tex_par:D 
l.273 
      

G:/work/Journal2LaTeX/backend/temp/ee94f6ae-35ad-4e10-919e-86604d7b5d31/rendere
d/main.tex:274: LaTeX Error: Bad math environment delimiter.

See the LaTeX manual or LaTeX Companion for explanation.
Type  H <return>  for immediate help.
 ...                                              
                                                  
l.274 \end{equation}
                    
G:/work/Journal2LaTeX/backend/temp/ee94f6ae-35ad-4e10-919e-86604d7b5d31/rendere
d/main.tex:274: You can't use `\eqno' in vertical mode.
\veqno ->\@kernel@eqno 
                       \aftergroup \ignorespaces 
l.274 \end{equation}
                    
G:/work/Journal2LaTeX/backend/temp/ee94f6ae-35ad-4e10-919e-86604d7b5d31/rendere
d/main.tex:274: Missing $ inserted.
<inserted text> 
                $
l.274 \end{equation}
                    
G:/work/Journal2LaTeX/backend/temp/ee94f6ae-35ad-4e10-919e-86604d7b5d31/rendere
d/main.tex:274: Display math should end with $$.
<to be read again> 
                   \endgroup 
l.274 \end{equation}
                    
G:/work/Journal2LaTeX/backend/temp/ee94f6ae-35ad-4e10-919e-86604d7b5d31/rendere
d/main.tex:278: Missing $ inserted.
<inserted text> 
                $
l.278 
      
G:/work/Journal2LaTeX/backend/temp/ee94f6ae-35ad-4e10-919e-86604d7b5d31/rendere
d/main.tex:278: Display math should end with $$.
<to be read again> 
                   \tex_par:D 
l.278 
      

G:/work/Journal2LaTeX/backend/temp/ee94f6ae-35ad-4e10-919e-86604d7b5d31/rendere
d/main.tex:279: LaTeX Error: Bad math environment delimiter.

See the LaTeX manual or LaTeX Companion for explanation.
Type  H <return>  for immediate help.
 ...                                              
                                                  
l.279 \end{equation}
                    
G:/work/Journal2LaTeX/backend/temp/ee94f6ae-35ad-4e10-919e-86604d7b5d31/rendere
d/main.tex:279: You can't use `\eqno' in vertical mode.
\veqno ->\@kernel@eqno 
                       \aftergroup \ignorespaces 
l.279 \end{equation}
                    
G:/work/Journal2LaTeX/backend/temp/ee94f6ae-35ad-4e10-919e-86604d7b5d31/rendere
d/main.tex:279: Missing $ inserted.
<inserted text> 
                $
l.279 \end{equation}
                    
G:/work/Journal2LaTeX/backend/temp/ee94f6ae-35ad-4e10-919e-86604d7b5d31/rendere
d/main.tex:279: Display math should end with $$.
<to be read again> 
                   \endgroup 
l.279 \end{equation}
                    
G:/work/Journal2LaTeX/backend/temp/ee94f6ae-35ad-4e10-919e-86604d7b5d31/rendere
d/main.tex:283: Missing $ inserted.
<inserted text> 
                $
l.283 
      
G:/work/Journal2LaTeX/backend/temp/ee94f6ae-35ad-4e10-919e-86604d7b5d31/rendere
d/main.tex:283: Display math should end with $$.
<to be read again> 
                   \tex_par:D 
l.283 
      

G:/work/Journal2LaTeX/backend/temp/ee94f6ae-35ad-4e10-919e-86604d7b5d31/rendere
d/main.tex:284: LaTeX Error: Bad math environment delimiter.

See the LaTeX manual or LaTeX Companion for explanation.
Type  H <return>  for immediate help.
 ...                                              
                                                  
l.284 \end{equation}
                    
G:/work/Journal2LaTeX/backend/temp/ee94f6ae-35ad-4e10-919e-86604d7b5d31/rendere
d/main.tex:284: You can't use `\eqno' in vertical mode.
\veqno ->\@kernel@eqno 
                       \aftergroup \ignorespaces 
l.284 \end{equation}
                    
G:/work/Journal2LaTeX/backend/temp/ee94f6ae-35ad-4e10-919e-86604d7b5d31/rendere
d/main.tex:284: Missing $ inserted.
<inserted text> 
                $
l.284 \end{equation}
                    
G:/work/Journal2LaTeX/backend/temp/ee94f6ae-35ad-4e10-919e-86604d7b5d31/rendere
d/main.tex:284: Display math should end with $$.
<to be read again> 
                   \endgroup 
l.284 \end{equation}
                    

Overfull \hbox (160.0889pt too wide) has occurred while \output is active
[] [] \OT1/ptm/m/n/9 G.M. Vijayalakshmi et al.: Optimal control strategies for 
overwhelming social media scrolling addiction by using fractional order mathema
tical modelling
[4 <./media/office_obj_1.png (PNG copy)>]
Overfull \hbox (30.87828pt too wide) in paragraph at lines 308--309
[]$
G:/work/Journal2LaTeX/backend/temp/ee94f6ae-35ad-4e10-919e-86604d7b5d31/rendere
d/main.tex:314: Missing $ inserted.
<inserted text> 
                $
l.314 
      
G:/work/Journal2LaTeX/backend/temp/ee94f6ae-35ad-4e10-919e-86604d7b5d31/rendere
d/main.tex:314: Display math should end with $$.
<to be read again> 
                   \tex_par:D 
l.314 
      

G:/work/Journal2LaTeX/backend/temp/ee94f6ae-35ad-4e10-919e-86604d7b5d31/rendere
d/main.tex:315: LaTeX Error: Bad math environment delimiter.

See the LaTeX manual or LaTeX Companion for explanation.
Type  H <return>  for immediate help.
 ...                                              
                                                  
l.315 \end{equation}
                    
G:/work/Journal2LaTeX/backend/temp/ee94f6ae-35ad-4e10-919e-86604d7b5d31/rendere
d/main.tex:315: You can't use `\eqno' in vertical mode.
\veqno ->\@kernel@eqno 
                       \aftergroup \ignorespaces 
l.315 \end{equation}
                    
G:/work/Journal2LaTeX/backend/temp/ee94f6ae-35ad-4e10-919e-86604d7b5d31/rendere
d/main.tex:315: Missing $ inserted.
<inserted text> 
                $
l.315 \end{equation}
                    
G:/work/Journal2LaTeX/backend/temp/ee94f6ae-35ad-4e10-919e-86604d7b5d31/rendere
d/main.tex:315: Display math should end with $$.
<to be read again> 
                   \endgroup 
l.315 \end{equation}
                    
G:/work/Journal2LaTeX/backend/temp/ee94f6ae-35ad-4e10-919e-86604d7b5d31/rendere
d/main.tex:319: Missing $ inserted.
<inserted text> 
                $
l.319 
      
G:/work/Journal2LaTeX/backend/temp/ee94f6ae-35ad-4e10-919e-86604d7b5d31/rendere
d/main.tex:319: Display math should end with $$.
<to be read again> 
                   \tex_par:D 
l.319 
      

G:/work/Journal2LaTeX/backend/temp/ee94f6ae-35ad-4e10-919e-86604d7b5d31/rendere
d/main.tex:320: LaTeX Error: Bad math environment delimiter.

See the LaTeX manual or LaTeX Companion for explanation.
Type  H <return>  for immediate help.
 ...                                              
                                                  
l.320 \end{equation}
                    
G:/work/Journal2LaTeX/backend/temp/ee94f6ae-35ad-4e10-919e-86604d7b5d31/rendere
d/main.tex:320: You can't use `\eqno' in vertical mode.
\veqno ->\@kernel@eqno 
                       \aftergroup \ignorespaces 
l.320 \end{equation}
                    
G:/work/Journal2LaTeX/backend/temp/ee94f6ae-35ad-4e10-919e-86604d7b5d31/rendere
d/main.tex:320: Missing $ inserted.
<inserted text> 
                $
l.320 \end{equation}
                    
G:/work/Journal2LaTeX/backend/temp/ee94f6ae-35ad-4e10-919e-86604d7b5d31/rendere
d/main.tex:320: Display math should end with $$.
<to be read again> 
                   \endgroup 
l.320 \end{equation}
                    
G:/work/Journal2LaTeX/backend/temp/ee94f6ae-35ad-4e10-919e-86604d7b5d31/rendere
d/main.tex:330: Missing $ inserted.
<inserted text> 
                $
l.330 
      
G:/work/Journal2LaTeX/backend/temp/ee94f6ae-35ad-4e10-919e-86604d7b5d31/rendere
d/main.tex:330: Display math should end with $$.
<to be read again> 
                   \tex_par:D 
l.330 
      

G:/work/Journal2LaTeX/backend/temp/ee94f6ae-35ad-4e10-919e-86604d7b5d31/rendere
d/main.tex:331: LaTeX Error: Bad math environment delimiter.

See the LaTeX manual or LaTeX Companion for explanation.
Type  H <return>  for immediate help.
 ...                                              
                                                  
l.331 \end{equation}
                    
G:/work/Journal2LaTeX/backend/temp/ee94f6ae-35ad-4e10-919e-86604d7b5d31/rendere
d/main.tex:331: You can't use `\eqno' in vertical mode.
\veqno ->\@kernel@eqno 
                       \aftergroup \ignorespaces 
l.331 \end{equation}
                    
G:/work/Journal2LaTeX/backend/temp/ee94f6ae-35ad-4e10-919e-86604d7b5d31/rendere
d/main.tex:331: Missing $ inserted.
<inserted text> 
                $
l.331 \end{equation}
                    
G:/work/Journal2LaTeX/backend/temp/ee94f6ae-35ad-4e10-919e-86604d7b5d31/rendere
d/main.tex:331: Display math should end with $$.
<to be read again> 
                   \endgroup 
l.331 \end{equation}
                    
G:/work/Journal2LaTeX/backend/temp/ee94f6ae-35ad-4e10-919e-86604d7b5d31/rendere
d/main.tex:337: Missing $ inserted.
<inserted text> 
                $
l.337 
      
G:/work/Journal2LaTeX/backend/temp/ee94f6ae-35ad-4e10-919e-86604d7b5d31/rendere
d/main.tex:337: Display math should end with $$.
<to be read again> 
                   \tex_par:D 
l.337 
      

G:/work/Journal2LaTeX/backend/temp/ee94f6ae-35ad-4e10-919e-86604d7b5d31/rendere
d/main.tex:338: LaTeX Error: Bad math environment delimiter.

See the LaTeX manual or LaTeX Companion for explanation.
Type  H <return>  for immediate help.
 ...                                              
                                                  
l.338 \end{equation}
                    
G:/work/Journal2LaTeX/backend/temp/ee94f6ae-35ad-4e10-919e-86604d7b5d31/rendere
d/main.tex:338: You can't use `\eqno' in vertical mode.
\veqno ->\@kernel@eqno 
                       \aftergroup \ignorespaces 
l.338 \end{equation}
                    
G:/work/Journal2LaTeX/backend/temp/ee94f6ae-35ad-4e10-919e-86604d7b5d31/rendere
d/main.tex:338: Missing $ inserted.
<inserted text> 
                $
l.338 \end{equation}
                    
G:/work/Journal2LaTeX/backend/temp/ee94f6ae-35ad-4e10-919e-86604d7b5d31/rendere
d/main.tex:338: Display math should end with $$.
<to be read again> 
                   \endgroup 
l.338 \end{equation}
                    

LaTeX Warning: Reference `LastPage' on page 5 undefined on input line 366.

[5]
G:/work/Journal2LaTeX/backend/temp/ee94f6ae-35ad-4e10-919e-86604d7b5d31/rendere
d/main.tex:368: Missing $ inserted.
<inserted text> 
                $
l.368 
      
G:/work/Journal2LaTeX/backend/temp/ee94f6ae-35ad-4e10-919e-86604d7b5d31/rendere
d/main.tex:368: Display math should end with $$.
<to be read again> 
                   \tex_par:D 
l.368 
      

Overfull \hbox (515.24577pt too wide) detected at line 368
[][][]\OML/ztmcm/m/it/10.50003 V[] \OT1/ztmcm/m/n/10.50003 = \OML/ztmcm/m/it/10
.50003 x[] [] [] \OT1/ztmcm/m/n/10.50003 + \OML/ztmcm/m/it/10.50003 x[] [] [] \
OT1/ztmcm/m/n/10.50003 + \OML/ztmcm/m/it/10.50003 x[] [] [] \OT1/ztmcm/m/n/10.5
0003 + \OML/ztmcm/m/it/10.50003 x[] [] \OT1/ztmcm/m/n/10.50003 + \OML/ztmcm/m/i
t/10.50003 x[] [] \OT1/ztmcm/m/n/10.50003 (\OML/ztmcm/m/it/10.50003 ^^NT \OMS/z
tmcm/m/n/10.50003 ^^@ \OML/ztmcm/m/it/10.50003 ^^X R \OMS/ztmcm/m/n/10.50003 ^^
@ \OML/ztmcm/m/it/10.50003 ^^ZR\OT1/ztmcm/m/n/10.50003 ) + \OML/ztmcm/m/it/10.5
0003 x[] [] \OT1/ztmcm/m/n/10.50003 (\OML/ztmcm/m/it/10.50003 ^^ZR \OMS/ztmcm/m
/n/10.50003 ^^@ \OML/ztmcm/m/it/10.50003 ^^X L \OMS/ztmcm/m/n/10.50003 ^^@ \OML
/ztmcm/m/it/10.50003 ^^[ L \OMS/ztmcm/m/n/10.50003 ^^@ \OML/ztmcm/m/it/10.50003
 ^^\ E\OT1/ztmcm/m/n/10.50003 )\OML/ztmcm/m/it/10.50003 :

G:/work/Journal2LaTeX/backend/temp/ee94f6ae-35ad-4e10-919e-86604d7b5d31/rendere
d/main.tex:369: LaTeX Error: Bad math environment delimiter.

See the LaTeX manual or LaTeX Companion for explanation.
Type  H <return>  for immediate help.
 ...                                              
                                                  
l.369 \end{equation}
                    
G:/work/Journal2LaTeX/backend/temp/ee94f6ae-35ad-4e10-919e-86604d7b5d31/rendere
d/main.tex:369: You can't use `\eqno' in vertical mode.
\veqno ->\@kernel@eqno 
                       \aftergroup \ignorespaces 
l.369 \end{equation}
                    
G:/work/Journal2LaTeX/backend/temp/ee94f6ae-35ad-4e10-919e-86604d7b5d31/rendere
d/main.tex:369: Missing $ inserted.
<inserted text> 
                $
l.369 \end{equation}
                    
G:/work/Journal2LaTeX/backend/temp/ee94f6ae-35ad-4e10-919e-86604d7b5d31/rendere
d/main.tex:369: Display math should end with $$.
<to be read again> 
                   \endgroup 
l.369 \end{equation}
                    
G:/work/Journal2LaTeX/backend/temp/ee94f6ae-35ad-4e10-919e-86604d7b5d31/rendere
d/main.tex:373: Missing $ inserted.
<inserted text> 
                $
l.373 
      
G:/work/Journal2LaTeX/backend/temp/ee94f6ae-35ad-4e10-919e-86604d7b5d31/rendere
d/main.tex:373: Display math should end with $$.
<to be read again> 
                   \tex_par:D 
l.373 
      

Overfull \hbox (464.55867pt too wide) detected at line 373
[][][]\OML/ztmcm/m/it/10.50003 V[] \OT1/ztmcm/m/n/10.50003 = \OML/ztmcm/m/it/10
.50003 x[] [] [] \OT1/ztmcm/m/n/10.50003 + \OML/ztmcm/m/it/10.50003 x[] [] [] \
OT1/ztmcm/m/n/10.50003 + \OML/ztmcm/m/it/10.50003 x[] [] [] \OT1/ztmcm/m/n/10.5
0003 + \OML/ztmcm/m/it/10.50003 x[] [] \OT1/ztmcm/m/n/10.50003 + \OML/ztmcm/m/i
t/10.50003 x[] [] \OT1/ztmcm/m/n/10.50003 (\OML/ztmcm/m/it/10.50003 ^^NT \OMS/z
tmcm/m/n/10.50003 ^^@ \OML/ztmcm/m/it/10.50003 ^^X R \OMS/ztmcm/m/n/10.50003 ^^
@ \OML/ztmcm/m/it/10.50003 ^^ZR\OT1/ztmcm/m/n/10.50003 ) + \OML/ztmcm/m/it/10.5
0003 x[] [] \OT1/ztmcm/m/n/10.50003 (\OML/ztmcm/m/it/10.50003 ^^ZR \OMS/ztmcm/m
/n/10.50003 ^^@ \OML/ztmcm/m/it/10.50003 ^^X L \OMS/ztmcm/m/n/10.50003 ^^@ \OML
/ztmcm/m/it/10.50003 ^^[ L \OMS/ztmcm/m/n/10.50003 ^^@ \OML/ztmcm/m/it/10.50003
 ^^\ E\OT1/ztmcm/m/n/10.50003 )

G:/work/Journal2LaTeX/backend/temp/ee94f6ae-35ad-4e10-919e-86604d7b5d31/rendere
d/main.tex:374: LaTeX Error: Bad math environment delimiter.

See the LaTeX manual or LaTeX Companion for explanation.
Type  H <return>  for immediate help.
 ...                                              
                                                  
l.374 \end{equation}
                    
G:/work/Journal2LaTeX/backend/temp/ee94f6ae-35ad-4e10-919e-86604d7b5d31/rendere
d/main.tex:374: You can't use `\eqno' in vertical mode.
\veqno ->\@kernel@eqno 
                       \aftergroup \ignorespaces 
l.374 \end{equation}
                    
G:/work/Journal2LaTeX/backend/temp/ee94f6ae-35ad-4e10-919e-86604d7b5d31/rendere
d/main.tex:374: Missing $ inserted.
<inserted text> 
                $
l.374 \end{equation}
                    
G:/work/Journal2LaTeX/backend/temp/ee94f6ae-35ad-4e10-919e-86604d7b5d31/rendere
d/main.tex:374: Display math should end with $$.
<to be read again> 
                   \endgroup 
l.374 \end{equation}
                    
G:/work/Journal2LaTeX/backend/temp/ee94f6ae-35ad-4e10-919e-86604d7b5d31/rendere
d/main.tex:378: Missing $ inserted.
<inserted text> 
                $
l.378 
      
G:/work/Journal2LaTeX/backend/temp/ee94f6ae-35ad-4e10-919e-86604d7b5d31/rendere
d/main.tex:378: Display math should end with $$.
<to be read again> 
                   \tex_par:D 
l.378 
      

Overfull \hbox (464.55867pt too wide) detected at line 378
[][][]\OML/ztmcm/m/it/10.50003 V[] \OT1/ztmcm/m/n/10.50003 = \OML/ztmcm/m/it/10
.50003 x[] [] [] \OT1/ztmcm/m/n/10.50003 + \OML/ztmcm/m/it/10.50003 x[] [] [] \
OT1/ztmcm/m/n/10.50003 + \OML/ztmcm/m/it/10.50003 x[] [] [] \OT1/ztmcm/m/n/10.5
0003 + \OML/ztmcm/m/it/10.50003 x[] [] \OT1/ztmcm/m/n/10.50003 + \OML/ztmcm/m/i
t/10.50003 x[] [] \OT1/ztmcm/m/n/10.50003 (\OML/ztmcm/m/it/10.50003 ^^NT \OMS/z
tmcm/m/n/10.50003 ^^@ \OML/ztmcm/m/it/10.50003 ^^X R \OMS/ztmcm/m/n/10.50003 ^^
@ \OML/ztmcm/m/it/10.50003 ^^ZR\OT1/ztmcm/m/n/10.50003 ) + \OML/ztmcm/m/it/10.5
0003 x[] [] \OT1/ztmcm/m/n/10.50003 (\OML/ztmcm/m/it/10.50003 ^^ZR \OMS/ztmcm/m
/n/10.50003 ^^@ \OML/ztmcm/m/it/10.50003 ^^X L \OMS/ztmcm/m/n/10.50003 ^^@ \OML
/ztmcm/m/it/10.50003 ^^[ L \OMS/ztmcm/m/n/10.50003 ^^@ \OML/ztmcm/m/it/10.50003
 ^^\ E\OT1/ztmcm/m/n/10.50003 )

G:/work/Journal2LaTeX/backend/temp/ee94f6ae-35ad-4e10-919e-86604d7b5d31/rendere
d/main.tex:379: LaTeX Error: Bad math environment delimiter.

See the LaTeX manual or LaTeX Companion for explanation.
Type  H <return>  for immediate help.
 ...                                              
                                                  
l.379 \end{equation}
                    
G:/work/Journal2LaTeX/backend/temp/ee94f6ae-35ad-4e10-919e-86604d7b5d31/rendere
d/main.tex:379: You can't use `\eqno' in vertical mode.
\veqno ->\@kernel@eqno 
                       \aftergroup \ignorespaces 
l.379 \end{equation}
                    
G:/work/Journal2LaTeX/backend/temp/ee94f6ae-35ad-4e10-919e-86604d7b5d31/rendere
d/main.tex:379: Missing $ inserted.
<inserted text> 
                $
l.379 \end{equation}
                    
G:/work/Journal2LaTeX/backend/temp/ee94f6ae-35ad-4e10-919e-86604d7b5d31/rendere
d/main.tex:379: Display math should end with $$.
<to be read again> 
                   \endgroup 
l.379 \end{equation}
                    

Overfull \hbox (160.0889pt too wide) has occurred while \output is active
[] [] \OT1/ptm/m/n/9 G.M. Vijayalakshmi et al.: Optimal control strategies for 
overwhelming social media scrolling addiction by using fractional order mathema
tical modelling
[6 <./media/office_obj_3.png (PNG copy)>]
G:/work/Journal2LaTeX/backend/temp/ee94f6ae-35ad-4e10-919e-86604d7b5d31/rendere
d/main.tex:405: Missing $ inserted.
<inserted text> 
                $
l.405 
      
G:/work/Journal2LaTeX/backend/temp/ee94f6ae-35ad-4e10-919e-86604d7b5d31/rendere
d/main.tex:405: Display math should end with $$.
<to be read again> 
                   \tex_par:D 
l.405 
      

G:/work/Journal2LaTeX/backend/temp/ee94f6ae-35ad-4e10-919e-86604d7b5d31/rendere
d/main.tex:406: LaTeX Error: Bad math environment delimiter.

See the LaTeX manual or LaTeX Companion for explanation.
Type  H <return>  for immediate help.
 ...                                              
                                                  
l.406 \end{equation}
                    
G:/work/Journal2LaTeX/backend/temp/ee94f6ae-35ad-4e10-919e-86604d7b5d31/rendere
d/main.tex:406: You can't use `\eqno' in vertical mode.
\veqno ->\@kernel@eqno 
                       \aftergroup \ignorespaces 
l.406 \end{equation}
                    
G:/work/Journal2LaTeX/backend/temp/ee94f6ae-35ad-4e10-919e-86604d7b5d31/rendere
d/main.tex:406: Missing $ inserted.
<inserted text> 
                $
l.406 \end{equation}
                    
G:/work/Journal2LaTeX/backend/temp/ee94f6ae-35ad-4e10-919e-86604d7b5d31/rendere
d/main.tex:406: Display math should end with $$.
<to be read again> 
                   \endgroup 
l.406 \end{equation}
                    
G:/work/Journal2LaTeX/backend/temp/ee94f6ae-35ad-4e10-919e-86604d7b5d31/rendere
d/main.tex:410: Missing $ inserted.
<inserted text> 
                $
l.410 
      
G:/work/Journal2LaTeX/backend/temp/ee94f6ae-35ad-4e10-919e-86604d7b5d31/rendere
d/main.tex:410: Display math should end with $$.
<to be read again> 
                   \tex_par:D 
l.410 
      

G:/work/Journal2LaTeX/backend/temp/ee94f6ae-35ad-4e10-919e-86604d7b5d31/rendere
d/main.tex:411: LaTeX Error: Bad math environment delimiter.

See the LaTeX manual or LaTeX Companion for explanation.
Type  H <return>  for immediate help.
 ...                                              
                                                  
l.411 \end{equation}
                    
G:/work/Journal2LaTeX/backend/temp/ee94f6ae-35ad-4e10-919e-86604d7b5d31/rendere
d/main.tex:411: You can't use `\eqno' in vertical mode.
\veqno ->\@kernel@eqno 
                       \aftergroup \ignorespaces 
l.411 \end{equation}
                    
G:/work/Journal2LaTeX/backend/temp/ee94f6ae-35ad-4e10-919e-86604d7b5d31/rendere
d/main.tex:411: Missing $ inserted.
<inserted text> 
                $
l.411 \end{equation}
                    
G:/work/Journal2LaTeX/backend/temp/ee94f6ae-35ad-4e10-919e-86604d7b5d31/rendere
d/main.tex:411: Display math should end with $$.
<to be read again> 
                   \endgroup 
l.411 \end{equation}
                    

LaTeX Warning: Citation `ref38' on page 7 undefined on input line 437.

G:/work/Journal2LaTeX/backend/temp/ee94f6ae-35ad-4e10-919e-86604d7b5d31/rendere
d/main.tex:447: Missing $ inserted.
<inserted text> 
                $
l.447 
      
G:/work/Journal2LaTeX/backend/temp/ee94f6ae-35ad-4e10-919e-86604d7b5d31/rendere
d/main.tex:447: Display math should end with $$.
<to be read again> 
                   \tex_par:D 
l.447 
      

G:/work/Journal2LaTeX/backend/temp/ee94f6ae-35ad-4e10-919e-86604d7b5d31/rendere
d/main.tex:448: LaTeX Error: Bad math environment delimiter.

See the LaTeX manual or LaTeX Companion for explanation.
Type  H <return>  for immediate help.
 ...                                              
                                                  
l.448 \end{equation}
                    
G:/work/Journal2LaTeX/backend/temp/ee94f6ae-35ad-4e10-919e-86604d7b5d31/rendere
d/main.tex:448: You can't use `\eqno' in vertical mode.
\veqno ->\@kernel@eqno 
                       \aftergroup \ignorespaces 
l.448 \end{equation}
                    
G:/work/Journal2LaTeX/backend/temp/ee94f6ae-35ad-4e10-919e-86604d7b5d31/rendere
d/main.tex:448: Missing $ inserted.
<inserted text> 
                $
l.448 \end{equation}
                    
G:/work/Journal2LaTeX/backend/temp/ee94f6ae-35ad-4e10-919e-86604d7b5d31/rendere
d/main.tex:448: Display math should end with $$.
<to be read again> 
                   \endgroup 
l.448 \end{equation}
                    
G:/work/Journal2LaTeX/backend/temp/ee94f6ae-35ad-4e10-919e-86604d7b5d31/rendere
d/main.tex:456: Missing $ inserted.
<inserted text> 
                $
l.456 
      
G:/work/Journal2LaTeX/backend/temp/ee94f6ae-35ad-4e10-919e-86604d7b5d31/rendere
d/main.tex:456: Display math should end with $$.
<to be read again> 
                   \tex_par:D 
l.456 
      

G:/work/Journal2LaTeX/backend/temp/ee94f6ae-35ad-4e10-919e-86604d7b5d31/rendere
d/main.tex:457: LaTeX Error: Bad math environment delimiter.

See the LaTeX manual or LaTeX Companion for explanation.
Type  H <return>  for immediate help.
 ...                                              
                                                  
l.457 \end{equation}
                    
G:/work/Journal2LaTeX/backend/temp/ee94f6ae-35ad-4e10-919e-86604d7b5d31/rendere
d/main.tex:457: You can't use `\eqno' in vertical mode.
\veqno ->\@kernel@eqno 
                       \aftergroup \ignorespaces 
l.457 \end{equation}
                    
G:/work/Journal2LaTeX/backend/temp/ee94f6ae-35ad-4e10-919e-86604d7b5d31/rendere
d/main.tex:457: Missing $ inserted.
<inserted text> 
                $
l.457 \end{equation}
                    
G:/work/Journal2LaTeX/backend/temp/ee94f6ae-35ad-4e10-919e-86604d7b5d31/rendere
d/main.tex:457: Display math should end with $$.
<to be read again> 
                   \endgroup 
l.457 \end{equation}
                    
G:/work/Journal2LaTeX/backend/temp/ee94f6ae-35ad-4e10-919e-86604d7b5d31/rendere
d/main.tex:461: Missing $ inserted.
<inserted text> 
                $
l.461 
      
G:/work/Journal2LaTeX/backend/temp/ee94f6ae-35ad-4e10-919e-86604d7b5d31/rendere
d/main.tex:461: Display math should end with $$.
<to be read again> 
                   \tex_par:D 
l.461 
      

G:/work/Journal2LaTeX/backend/temp/ee94f6ae-35ad-4e10-919e-86604d7b5d31/rendere
d/main.tex:462: LaTeX Error: Bad math environment delimiter.

See the LaTeX manual or LaTeX Companion for explanation.
Type  H <return>  for immediate help.
 ...                                              
                                                  
l.462 \end{equation}
                    
G:/work/Journal2LaTeX/backend/temp/ee94f6ae-35ad-4e10-919e-86604d7b5d31/rendere
d/main.tex:462: You can't use `\eqno' in vertical mode.
\veqno ->\@kernel@eqno 
                       \aftergroup \ignorespaces 
l.462 \end{equation}
                    
G:/work/Journal2LaTeX/backend/temp/ee94f6ae-35ad-4e10-919e-86604d7b5d31/rendere
d/main.tex:462: Missing $ inserted.
<inserted text> 
                $
l.462 \end{equation}
                    
G:/work/Journal2LaTeX/backend/temp/ee94f6ae-35ad-4e10-919e-86604d7b5d31/rendere
d/main.tex:462: Display math should end with $$.
<to be read again> 
                   \endgroup 
l.462 \end{equation}
                    
G:/work/Journal2LaTeX/backend/temp/ee94f6ae-35ad-4e10-919e-86604d7b5d31/rendere
d/main.tex:466: Missing $ inserted.
<inserted text> 
                $
l.466 
      
G:/work/Journal2LaTeX/backend/temp/ee94f6ae-35ad-4e10-919e-86604d7b5d31/rendere
d/main.tex:466: Display math should end with $$.
<to be read again> 
                   \tex_par:D 
l.466 
      

LaTeX Warning: Reference `LastPage' on page 7 undefined on input line 466.

[7]

G:/work/Journal2LaTeX/backend/temp/ee94f6ae-35ad-4e10-919e-86604d7b5d31/rendere
d/main.tex:467: LaTeX Error: Bad math environment delimiter.

See the LaTeX manual or LaTeX Companion for explanation.
Type  H <return>  for immediate help.
 ...                                              
                                                  
l.467 \end{equation}
                    
G:/work/Journal2LaTeX/backend/temp/ee94f6ae-35ad-4e10-919e-86604d7b5d31/rendere
d/main.tex:467: You can't use `\eqno' in vertical mode.
\veqno ->\@kernel@eqno 
                       \aftergroup \ignorespaces 
l.467 \end{equation}
                    
G:/work/Journal2LaTeX/backend/temp/ee94f6ae-35ad-4e10-919e-86604d7b5d31/rendere
d/main.tex:467: Missing $ inserted.
<inserted text> 
                $
l.467 \end{equation}
                    
G:/work/Journal2LaTeX/backend/temp/ee94f6ae-35ad-4e10-919e-86604d7b5d31/rendere
d/main.tex:467: Display math should end with $$.
<to be read again> 
                   \endgroup 
l.467 \end{equation}
                    
G:/work/Journal2LaTeX/backend/temp/ee94f6ae-35ad-4e10-919e-86604d7b5d31/rendere
d/main.tex:485: Missing $ inserted.
<inserted text> 
                $
l.485 
      
G:/work/Journal2LaTeX/backend/temp/ee94f6ae-35ad-4e10-919e-86604d7b5d31/rendere
d/main.tex:485: Display math should end with $$.
<to be read again> 
                   \tex_par:D 
l.485 
      

G:/work/Journal2LaTeX/backend/temp/ee94f6ae-35ad-4e10-919e-86604d7b5d31/rendere
d/main.tex:486: LaTeX Error: Bad math environment delimiter.

See the LaTeX manual or LaTeX Companion for explanation.
Type  H <return>  for immediate help.
 ...                                              
                                                  
l.486 \end{equation}
                    
G:/work/Journal2LaTeX/backend/temp/ee94f6ae-35ad-4e10-919e-86604d7b5d31/rendere
d/main.tex:486: You can't use `\eqno' in vertical mode.
\veqno ->\@kernel@eqno 
                       \aftergroup \ignorespaces 
l.486 \end{equation}
                    
G:/work/Journal2LaTeX/backend/temp/ee94f6ae-35ad-4e10-919e-86604d7b5d31/rendere
d/main.tex:486: Missing $ inserted.
<inserted text> 
                $
l.486 \end{equation}
                    
G:/work/Journal2LaTeX/backend/temp/ee94f6ae-35ad-4e10-919e-86604d7b5d31/rendere
d/main.tex:486: Display math should end with $$.
<to be read again> 
                   \endgroup 
l.486 \end{equation}
                    
G:/work/Journal2LaTeX/backend/temp/ee94f6ae-35ad-4e10-919e-86604d7b5d31/rendere
d/main.tex:496: Missing $ inserted.
<inserted text> 
                $
l.496 
      
G:/work/Journal2LaTeX/backend/temp/ee94f6ae-35ad-4e10-919e-86604d7b5d31/rendere
d/main.tex:496: Display math should end with $$.
<to be read again> 
                   \tex_par:D 
l.496 
      

G:/work/Journal2LaTeX/backend/temp/ee94f6ae-35ad-4e10-919e-86604d7b5d31/rendere
d/main.tex:497: LaTeX Error: Bad math environment delimiter.

See the LaTeX manual or LaTeX Companion for explanation.
Type  H <return>  for immediate help.
 ...                                              
                                                  
l.497 \end{equation}
                    
G:/work/Journal2LaTeX/backend/temp/ee94f6ae-35ad-4e10-919e-86604d7b5d31/rendere
d/main.tex:497: You can't use `\eqno' in vertical mode.
\veqno ->\@kernel@eqno 
                       \aftergroup \ignorespaces 
l.497 \end{equation}
                    
G:/work/Journal2LaTeX/backend/temp/ee94f6ae-35ad-4e10-919e-86604d7b5d31/rendere
d/main.tex:497: Missing $ inserted.
<inserted text> 
                $
l.497 \end{equation}
                    
G:/work/Journal2LaTeX/backend/temp/ee94f6ae-35ad-4e10-919e-86604d7b5d31/rendere
d/main.tex:497: Display math should end with $$.
<to be read again> 
                   \endgroup 
l.497 \end{equation}
                    
G:/work/Journal2LaTeX/backend/temp/ee94f6ae-35ad-4e10-919e-86604d7b5d31/rendere
d/main.tex:501: Missing $ inserted.
<inserted text> 
                $
l.501 
      
G:/work/Journal2LaTeX/backend/temp/ee94f6ae-35ad-4e10-919e-86604d7b5d31/rendere
d/main.tex:501: Display math should end with $$.
<to be read again> 
                   \tex_par:D 
l.501 
      

G:/work/Journal2LaTeX/backend/temp/ee94f6ae-35ad-4e10-919e-86604d7b5d31/rendere
d/main.tex:502: LaTeX Error: Bad math environment delimiter.

See the LaTeX manual or LaTeX Companion for explanation.
Type  H <return>  for immediate help.
 ...                                              
                                                  
l.502 \end{equation}
                    
G:/work/Journal2LaTeX/backend/temp/ee94f6ae-35ad-4e10-919e-86604d7b5d31/rendere
d/main.tex:502: You can't use `\eqno' in vertical mode.
\veqno ->\@kernel@eqno 
                       \aftergroup \ignorespaces 
l.502 \end{equation}
                    
G:/work/Journal2LaTeX/backend/temp/ee94f6ae-35ad-4e10-919e-86604d7b5d31/rendere
d/main.tex:502: Missing $ inserted.
<inserted text> 
                $
l.502 \end{equation}
                    
G:/work/Journal2LaTeX/backend/temp/ee94f6ae-35ad-4e10-919e-86604d7b5d31/rendere
d/main.tex:502: Display math should end with $$.
<to be read again> 
                   \endgroup 
l.502 \end{equation}
                    
G:/work/Journal2LaTeX/backend/temp/ee94f6ae-35ad-4e10-919e-86604d7b5d31/rendere
d/main.tex:506: Missing $ inserted.
<inserted text> 
                $
l.506 
      
G:/work/Journal2LaTeX/backend/temp/ee94f6ae-35ad-4e10-919e-86604d7b5d31/rendere
d/main.tex:506: Display math should end with $$.
<to be read again> 
                   \tex_par:D 
l.506 
      

G:/work/Journal2LaTeX/backend/temp/ee94f6ae-35ad-4e10-919e-86604d7b5d31/rendere
d/main.tex:507: LaTeX Error: Bad math environment delimiter.

See the LaTeX manual or LaTeX Companion for explanation.
Type  H <return>  for immediate help.
 ...                                              
                                                  
l.507 \end{equation}
                    
G:/work/Journal2LaTeX/backend/temp/ee94f6ae-35ad-4e10-919e-86604d7b5d31/rendere
d/main.tex:507: You can't use `\eqno' in vertical mode.
\veqno ->\@kernel@eqno 
                       \aftergroup \ignorespaces 
l.507 \end{equation}
                    
G:/work/Journal2LaTeX/backend/temp/ee94f6ae-35ad-4e10-919e-86604d7b5d31/rendere
d/main.tex:507: Missing $ inserted.
<inserted text> 
                $
l.507 \end{equation}
                    
G:/work/Journal2LaTeX/backend/temp/ee94f6ae-35ad-4e10-919e-86604d7b5d31/rendere
d/main.tex:507: Display math should end with $$.
<to be read again> 
                   \endgroup 
l.507 \end{equation}
                    
G:/work/Journal2LaTeX/backend/temp/ee94f6ae-35ad-4e10-919e-86604d7b5d31/rendere
d/main.tex:511: Missing $ inserted.
<inserted text> 
                $
l.511 
      
G:/work/Journal2LaTeX/backend/temp/ee94f6ae-35ad-4e10-919e-86604d7b5d31/rendere
d/main.tex:511: Display math should end with $$.
<to be read again> 
                   \tex_par:D 
l.511 
      

G:/work/Journal2LaTeX/backend/temp/ee94f6ae-35ad-4e10-919e-86604d7b5d31/rendere
d/main.tex:512: LaTeX Error: Bad math environment delimiter.

See the LaTeX manual or LaTeX Companion for explanation.
Type  H <return>  for immediate help.
 ...                                              
                                                  
l.512 \end{equation}
                    
G:/work/Journal2LaTeX/backend/temp/ee94f6ae-35ad-4e10-919e-86604d7b5d31/rendere
d/main.tex:512: You can't use `\eqno' in vertical mode.
\veqno ->\@kernel@eqno 
                       \aftergroup \ignorespaces 
l.512 \end{equation}
                    
G:/work/Journal2LaTeX/backend/temp/ee94f6ae-35ad-4e10-919e-86604d7b5d31/rendere
d/main.tex:512: Missing $ inserted.
<inserted text> 
                $
l.512 \end{equation}
                    
G:/work/Journal2LaTeX/backend/temp/ee94f6ae-35ad-4e10-919e-86604d7b5d31/rendere
d/main.tex:512: Display math should end with $$.
<to be read again> 
                   \endgroup 
l.512 \end{equation}
                    

G:/work/Journal2LaTeX/backend/temp/ee94f6ae-35ad-4e10-919e-86604d7b5d31/rendere
d/main.tex:518: LaTeX Error: strip used only in twocolumn mode!.

See the LaTeX manual or LaTeX Companion for explanation.
Type  H <return>  for immediate help.
 ...                                              
                                                  
l.518 \JLTXaboveplacement \begin{strip}
                                       
Runaway argument?
{Parameters 
G:/work/Journal2LaTeX/backend/temp/ee94f6ae-35ad-4e10-919e-86604d7b5d31/rendere
d/main.tex:543: Paragraph ended before \text@command was complete.
<to be read again> 
                   \par 
l.543 σ}
          & \textbf{Values/ day

G:/work/Journal2LaTeX/backend/temp/ee94f6ae-35ad-4e10-919e-86604d7b5d31/rendere
d/main.tex:543: LaTeX Error: Unicode character ξ (U+03BE)
               not set up for use with LaTeX.

See the LaTeX manual or LaTeX Companion for explanation.
Type  H <return>  for immediate help.
 ...                                              
                                                  
l.543 σ}
          & \textbf{Values/ day
G:/work/Journal2LaTeX/backend/temp/ee94f6ae-35ad-4e10-919e-86604d7b5d31/rendere
d/main.tex:543: Missing \endgroup inserted.
<inserted text> 
                \endgroup 
l.543 σ}
          & \textbf{Values/ day
G:/work/Journal2LaTeX/backend/temp/ee94f6ae-35ad-4e10-919e-86604d7b5d31/rendere
d/main.tex:543: Missing \endgroup inserted.
<inserted text> 
                \endgroup 
l.543 σ}
          & \textbf{Values/ day
G:/work/Journal2LaTeX/backend/temp/ee94f6ae-35ad-4e10-919e-86604d7b5d31/rendere
d/main.tex:543: Missing } inserted.
<inserted text> 
                }
l.543 σ}
          & \textbf{Values/ day
G:/work/Journal2LaTeX/backend/temp/ee94f6ae-35ad-4e10-919e-86604d7b5d31/rendere
d/main.tex:543: Missing } inserted.
<inserted text> 
                }
l.543 σ}
          & \textbf{Values/ day
G:/work/Journal2LaTeX/backend/temp/ee94f6ae-35ad-4e10-919e-86604d7b5d31/rendere
d/main.tex:543: Missing } inserted.
<inserted text> 
                }
l.543 σ}
          & \textbf{Values/ day
G:/work/Journal2LaTeX/backend/temp/ee94f6ae-35ad-4e10-919e-86604d7b5d31/rendere
d/main.tex:543: Missing } inserted.
<inserted text> 
                }
l.543 σ}
          & \textbf{Values/ day
G:/work/Journal2LaTeX/backend/temp/ee94f6ae-35ad-4e10-919e-86604d7b5d31/rendere
d/main.tex:543: Missing \cr inserted.
<inserted text> 
                \cr 
l.543 σ}
          & \textbf{Values/ day
G:/work/Journal2LaTeX/backend/temp/ee94f6ae-35ad-4e10-919e-86604d7b5d31/rendere
d/main.tex:543: Misplaced \cr.
<inserted text> \cr 
                    
l.543 σ}
          & \textbf{Values/ day
G:/work/Journal2LaTeX/backend/temp/ee94f6ae-35ad-4e10-919e-86604d7b5d31/rendere
d/main.tex:543: Missing \cr inserted.
<inserted text> 
                \cr 
l.543 σ}
          & \textbf{Values/ day
G:/work/Journal2LaTeX/backend/temp/ee94f6ae-35ad-4e10-919e-86604d7b5d31/rendere
d/main.tex:543: Misplaced \cr.
<inserted text> \cr 
                    
l.543 σ}
          & \textbf{Values/ day
G:/work/Journal2LaTeX/backend/temp/ee94f6ae-35ad-4e10-919e-86604d7b5d31/rendere
d/main.tex:543: Missing \cr inserted.
<inserted text> 
                \cr 
l.543 σ}
          & \textbf{Values/ day
G:/work/Journal2LaTeX/backend/temp/ee94f6ae-35ad-4e10-919e-86604d7b5d31/rendere
d/main.tex:543: Misplaced \cr.
<inserted text> \cr 
                    
l.543 σ}
          & \textbf{Values/ day
G:/work/Journal2LaTeX/backend/temp/ee94f6ae-35ad-4e10-919e-86604d7b5d31/rendere
d/main.tex:543: Missing \cr inserted.
<inserted text> 
                \cr 
l.543 σ}
          & \textbf{Values/ day
G:/work/Journal2LaTeX/backend/temp/ee94f6ae-35ad-4e10-919e-86604d7b5d31/rendere
d/main.tex:543: Misplaced \cr.
<inserted text> \cr 
                    
l.543 σ}
          & \textbf{Values/ day
G:/work/Journal2LaTeX/backend/temp/ee94f6ae-35ad-4e10-919e-86604d7b5d31/rendere
d/main.tex:543: Missing \cr inserted.
<inserted text> 
                \cr 
l.543 σ}
          & \textbf{Values/ day
G:/work/Journal2LaTeX/backend/temp/ee94f6ae-35ad-4e10-919e-86604d7b5d31/rendere
d/main.tex:543: Misplaced \cr.
<inserted text> \cr 
                    
l.543 σ}
          & \textbf{Values/ day
G:/work/Journal2LaTeX/backend/temp/ee94f6ae-35ad-4e10-919e-86604d7b5d31/rendere
d/main.tex:543: Missing \cr inserted.
<inserted text> 
                \cr 
l.543 σ}
          & \textbf{Values/ day
G:/work/Journal2LaTeX/backend/temp/ee94f6ae-35ad-4e10-919e-86604d7b5d31/rendere
d/main.tex:543: Misplaced \cr.
<inserted text> \cr 
                    
l.543 σ}
          & \textbf{Values/ day
G:/work/Journal2LaTeX/backend/temp/ee94f6ae-35ad-4e10-919e-86604d7b5d31/rendere
d/main.tex:543: Missing \cr inserted.
<inserted text> 
                \cr 
l.543 σ}
          & \textbf{Values/ day
G:/work/Journal2LaTeX/backend/temp/ee94f6ae-35ad-4e10-919e-86604d7b5d31/rendere
d/main.tex:543: Misplaced \cr.
<inserted text> \cr 
                    
l.543 σ}
          & \textbf{Values/ day
G:/work/Journal2LaTeX/backend/temp/ee94f6ae-35ad-4e10-919e-86604d7b5d31/rendere
d/main.tex:543: Missing \cr inserted.
<inserted text> 
                \cr 
l.543 σ}
          & \textbf{Values/ day
G:/work/Journal2LaTeX/backend/temp/ee94f6ae-35ad-4e10-919e-86604d7b5d31/rendere
d/main.tex:543: Misplaced \cr.
<inserted text> \cr 
                    
l.543 σ}
          & \textbf{Values/ day
G:/work/Journal2LaTeX/backend/temp/ee94f6ae-35ad-4e10-919e-86604d7b5d31/rendere
d/main.tex:543: Missing \cr inserted.
<inserted text> 
                \cr 
l.543 σ}
          & \textbf{Values/ day
G:/work/Journal2LaTeX/backend/temp/ee94f6ae-35ad-4e10-919e-86604d7b5d31/rendere
d/main.tex:543: Misplaced \cr.
<inserted text> \cr 
                    
l.543 σ}
          & \textbf{Values/ day
G:/work/Journal2LaTeX/backend/temp/ee94f6ae-35ad-4e10-919e-86604d7b5d31/rendere
d/main.tex:543: Missing \cr inserted.
<inserted text> 
                \cr 
l.543 σ}
          & \textbf{Values/ day
G:/work/Journal2LaTeX/backend/temp/ee94f6ae-35ad-4e10-919e-86604d7b5d31/rendere
d/main.tex:543: Misplaced \cr.
<inserted text> \cr 
                    
l.543 σ}
          & \textbf{Values/ day
G:/work/Journal2LaTeX/backend/temp/ee94f6ae-35ad-4e10-919e-86604d7b5d31/rendere
d/main.tex:543: Missing \cr inserted.
<inserted text> 
                \cr 
l.543 σ}
          & \textbf{Values/ day
G:/work/Journal2LaTeX/backend/temp/ee94f6ae-35ad-4e10-919e-86604d7b5d31/rendere
d/main.tex:543: Misplaced \cr.
<inserted text> \cr 
                    
l.543 σ}
          & \textbf{Values/ day
G:/work/Journal2LaTeX/backend/temp/ee94f6ae-35ad-4e10-919e-86604d7b5d31/rendere
d/main.tex:543: Missing \cr inserted.
<inserted text> 
                \cr 
l.543 σ}
          & \textbf{Values/ day
G:/work/Journal2LaTeX/backend/temp/ee94f6ae-35ad-4e10-919e-86604d7b5d31/rendere
d/main.tex:543: Misplaced \cr.
<inserted text> \cr 
                    
l.543 σ}
          & \textbf{Values/ day
G:/work/Journal2LaTeX/backend/temp/ee94f6ae-35ad-4e10-919e-86604d7b5d31/rendere
d/main.tex:543: Missing \cr inserted.
<inserted text> 
                \cr 
l.543 σ}
          & \textbf{Values/ day
G:/work/Journal2LaTeX/backend/temp/ee94f6ae-35ad-4e10-919e-86604d7b5d31/rendere
d/main.tex:543: Misplaced \cr.
<inserted text> \cr 
                    
l.543 σ}
          & \textbf{Values/ day
G:/work/Journal2LaTeX/backend/temp/ee94f6ae-35ad-4e10-919e-86604d7b5d31/rendere
d/main.tex:543: Missing \cr inserted.
<inserted text> 
                \cr 
l.543 σ}
          & \textbf{Values/ day
G:/work/Journal2LaTeX/backend/temp/ee94f6ae-35ad-4e10-919e-86604d7b5d31/rendere
d/main.tex:543: Misplaced \cr.
<inserted text> \cr 
                    
l.543 σ}
          & \textbf{Values/ day
G:/work/Journal2LaTeX/backend/temp/ee94f6ae-35ad-4e10-919e-86604d7b5d31/rendere
d/main.tex:543: Missing \cr inserted.
<inserted text> 
                \cr 
l.543 σ}
          & \textbf{Values/ day
G:/work/Journal2LaTeX/backend/temp/ee94f6ae-35ad-4e10-919e-86604d7b5d31/rendere
d/main.tex:543: Misplaced \cr.
<inserted text> \cr 
                    
l.543 σ}
          & \textbf{Values/ day
G:/work/Journal2LaTeX/backend/temp/ee94f6ae-35ad-4e10-919e-86604d7b5d31/rendere
d/main.tex:543: Missing \cr inserted.
<inserted text> 
                \cr 
l.543 σ}
          & \textbf{Values/ day
G:/work/Journal2LaTeX/backend/temp/ee94f6ae-35ad-4e10-919e-86604d7b5d31/rendere
d/main.tex:543: Misplaced \cr.
<inserted text> \cr 
                    
l.543 σ}
          & \textbf{Values/ day
G:/work/Journal2LaTeX/backend/temp/ee94f6ae-35ad-4e10-919e-86604d7b5d31/rendere
d/main.tex:543: Missing \cr inserted.
<inserted text> 
                \cr 
l.543 σ}
          & \textbf{Values/ day
G:/work/Journal2LaTeX/backend/temp/ee94f6ae-35ad-4e10-919e-86604d7b5d31/rendere
d/main.tex:543: Misplaced \cr.
<inserted text> \cr 
                    
l.543 σ}
          & \textbf{Values/ day
G:/work/Journal2LaTeX/backend/temp/ee94f6ae-35ad-4e10-919e-86604d7b5d31/rendere
d/main.tex:543: Missing \cr inserted.
<inserted text> 
                \cr 
l.543 σ}
          & \textbf{Values/ day
G:/work/Journal2LaTeX/backend/temp/ee94f6ae-35ad-4e10-919e-86604d7b5d31/rendere
d/main.tex:543: Misplaced \cr.
<inserted text> \cr 
                    
l.543 σ}
          & \textbf{Values/ day
G:/work/Journal2LaTeX/backend/temp/ee94f6ae-35ad-4e10-919e-86604d7b5d31/rendere
d/main.tex:543: Missing \cr inserted.
<inserted text> 
                \cr 
l.543 σ}
          & \textbf{Values/ day
G:/work/Journal2LaTeX/backend/temp/ee94f6ae-35ad-4e10-919e-86604d7b5d31/rendere
d/main.tex:543: Misplaced \cr.
<inserted text> \cr 
                    
l.543 σ}
          & \textbf{Values/ day
G:/work/Journal2LaTeX/backend/temp/ee94f6ae-35ad-4e10-919e-86604d7b5d31/rendere
d/main.tex:543: Missing \cr inserted.
<inserted text> 
                \cr 
l.543 σ}
          & \textbf{Values/ day
G:/work/Journal2LaTeX/backend/temp/ee94f6ae-35ad-4e10-919e-86604d7b5d31/rendere
d/main.tex:543: Misplaced \cr.
<inserted text> \cr 
                    
l.543 σ}
          & \textbf{Values/ day
G:/work/Journal2LaTeX/backend/temp/ee94f6ae-35ad-4e10-919e-86604d7b5d31/rendere
d/main.tex:543: Missing \cr inserted.
<inserted text> 
                \cr 
l.543 σ}
          & \textbf{Values/ day
G:/work/Journal2LaTeX/backend/temp/ee94f6ae-35ad-4e10-919e-86604d7b5d31/rendere
d/main.tex:543: Misplaced \cr.
<inserted text> \cr 
                    
l.543 σ}
          & \textbf{Values/ day
G:/work/Journal2LaTeX/backend/temp/ee94f6ae-35ad-4e10-919e-86604d7b5d31/rendere
d/main.tex:543: Missing \cr inserted.
<inserted text> 
                \cr 
l.543 σ}
          & \textbf{Values/ day
G:/work/Journal2LaTeX/backend/temp/ee94f6ae-35ad-4e10-919e-86604d7b5d31/rendere
d/main.tex:543: Misplaced \cr.
<inserted text> \cr 
                    
l.543 σ}
          & \textbf{Values/ day
G:/work/Journal2LaTeX/backend/temp/ee94f6ae-35ad-4e10-919e-86604d7b5d31/rendere
d/main.tex:543: Missing \cr inserted.
<inserted text> 
                \cr 
l.543 σ}
          & \textbf{Values/ day
G:/work/Journal2LaTeX/backend/temp/ee94f6ae-35ad-4e10-919e-86604d7b5d31/rendere
d/main.tex:543: Misplaced \cr.
<inserted text> \cr 
                    
l.543 σ}
          & \textbf{Values/ day
G:/work/Journal2LaTeX/backend/temp/ee94f6ae-35ad-4e10-919e-86604d7b5d31/rendere
d/main.tex:543: Missing \cr inserted.
<inserted text> 
                \cr 
l.543 σ}
          & \textbf{Values/ day
G:/work/Journal2LaTeX/backend/temp/ee94f6ae-35ad-4e10-919e-86604d7b5d31/rendere
d/main.tex:543: Misplaced \cr.
<inserted text> \cr 
                    
l.543 σ}
          & \textbf{Values/ day
G:/work/Journal2LaTeX/backend/temp/ee94f6ae-35ad-4e10-919e-86604d7b5d31/rendere
d/main.tex:543: Missing \cr inserted.
<inserted text> 
                \cr 
l.543 σ}
          & \textbf{Values/ day
G:/work/Journal2LaTeX/backend/temp/ee94f6ae-35ad-4e10-919e-86604d7b5d31/rendere
d/main.tex:543: Misplaced \cr.
<inserted text> \cr 
                    
l.543 σ}
          & \textbf{Values/ day
G:/work/Journal2LaTeX/backend/temp/ee94f6ae-35ad-4e10-919e-86604d7b5d31/rendere
d/main.tex:543: Missing \cr inserted.
<inserted text> 
                \cr 
l.543 σ}
          & \textbf{Values/ day
G:/work/Journal2LaTeX/backend/temp/ee94f6ae-35ad-4e10-919e-86604d7b5d31/rendere
d/main.tex:543: Misplaced \cr.
<inserted text> \cr 
                    
l.543 σ}
          & \textbf{Values/ day
G:/work/Journal2LaTeX/backend/temp/ee94f6ae-35ad-4e10-919e-86604d7b5d31/rendere
d/main.tex:543: Missing \cr inserted.
<inserted text> 
                \cr 
l.543 σ}
          & \textbf{Values/ day
G:/work/Journal2LaTeX/backend/temp/ee94f6ae-35ad-4e10-919e-86604d7b5d31/rendere
d/main.tex:543: Misplaced \cr.
<inserted text> \cr 
                    
l.543 σ}
          & \textbf{Values/ day
G:/work/Journal2LaTeX/backend/temp/ee94f6ae-35ad-4e10-919e-86604d7b5d31/rendere
d/main.tex:543: Missing \cr inserted.
<inserted text> 
                \cr 
l.543 σ}
          & \textbf{Values/ day
G:/work/Journal2LaTeX/backend/temp/ee94f6ae-35ad-4e10-919e-86604d7b5d31/rendere
d/main.tex:543: Misplaced \cr.
<inserted text> \cr 
                    
l.543 σ}
          & \textbf{Values/ day
G:/work/Journal2LaTeX/backend/temp/ee94f6ae-35ad-4e10-919e-86604d7b5d31/rendere
d/main.tex:543: Missing \cr inserted.
<inserted text> 
                \cr 
l.543 σ}
          & \textbf{Values/ day
G:/work/Journal2LaTeX/backend/temp/ee94f6ae-35ad-4e10-919e-86604d7b5d31/rendere
d/main.tex:543: Misplaced \cr.
<inserted text> \cr 
                    
l.543 σ}
          & \textbf{Values/ day
G:/work/Journal2LaTeX/backend/temp/ee94f6ae-35ad-4e10-919e-86604d7b5d31/rendere
d/main.tex:543: Missing \cr inserted.
<inserted text> 
                \cr 
l.543 σ}
          & \textbf{Values/ day
G:/work/Journal2LaTeX/backend/temp/ee94f6ae-35ad-4e10-919e-86604d7b5d31/rendere
d/main.tex:543: Misplaced \cr.
<inserted text> \cr 
                    
l.543 σ}
          & \textbf{Values/ day
G:/work/Journal2LaTeX/backend/temp/ee94f6ae-35ad-4e10-919e-86604d7b5d31/rendere
d/main.tex:543: Missing \cr inserted.
<inserted text> 
                \cr 
l.543 σ}
          & \textbf{Values/ day
G:/work/Journal2LaTeX/backend/temp/ee94f6ae-35ad-4e10-919e-86604d7b5d31/rendere
d/main.tex:543: Misplaced \cr.
<inserted text> \cr 
                    
l.543 σ}
          & \textbf{Values/ day
G:/work/Journal2LaTeX/backend/temp/ee94f6ae-35ad-4e10-919e-86604d7b5d31/rendere
d/main.tex:543: Missing \cr inserted.
<inserted text> 
                \cr 
l.543 σ}
          & \textbf{Values/ day
G:/work/Journal2LaTeX/backend/temp/ee94f6ae-35ad-4e10-919e-86604d7b5d31/rendere
d/main.tex:543: Misplaced \cr.
<inserted text> \cr 
                    
l.543 σ}
          & \textbf{Values/ day
G:/work/Journal2LaTeX/backend/temp/ee94f6ae-35ad-4e10-919e-86604d7b5d31/rendere
d/main.tex:543: Missing \cr inserted.
<inserted text> 
                \cr 
l.543 σ}
          & \textbf{Values/ day
G:/work/Journal2LaTeX/backend/temp/ee94f6ae-35ad-4e10-919e-86604d7b5d31/rendere
d/main.tex:543: Misplaced \cr.
<inserted text> \cr 
                    
l.543 σ}
          & \textbf{Values/ day
G:/work/Journal2LaTeX/backend/temp/ee94f6ae-35ad-4e10-919e-86604d7b5d31/rendere
d/main.tex:543: Missing \cr inserted.
<inserted text> 
                \cr 
l.543 σ}
          & \textbf{Values/ day
G:/work/Journal2LaTeX/backend/temp/ee94f6ae-35ad-4e10-919e-86604d7b5d31/rendere
d/main.tex:543: Misplaced \cr.
<inserted text> \cr 
                    
l.543 σ}
          & \textbf{Values/ day
G:/work/Journal2LaTeX/backend/temp/ee94f6ae-35ad-4e10-919e-86604d7b5d31/rendere
d/main.tex:543: Missing \cr inserted.
<inserted text> 
                \cr 
l.543 σ}
          & \textbf{Values/ day
G:/work/Journal2LaTeX/backend/temp/ee94f6ae-35ad-4e10-919e-86604d7b5d31/rendere
d/main.tex:543: Misplaced \cr.
<inserted text> \cr 
                    
l.543 σ}
          & \textbf{Values/ day
G:/work/Journal2LaTeX/backend/temp/ee94f6ae-35ad-4e10-919e-86604d7b5d31/rendere
d/main.tex:543: Missing \cr inserted.
<inserted text> 
                \cr 
l.543 σ}
          & \textbf{Values/ day
G:/work/Journal2LaTeX/backend/temp/ee94f6ae-35ad-4e10-919e-86604d7b5d31/rendere
d/main.tex:543: Misplaced \cr.
<inserted text> \cr 
                    
l.543 σ}
          & \textbf{Values/ day
G:/work/Journal2LaTeX/backend/temp/ee94f6ae-35ad-4e10-919e-86604d7b5d31/rendere
d/main.tex:543: Missing \cr inserted.
<inserted text> 
                \cr 
l.543 σ}
          & \textbf{Values/ day
G:/work/Journal2LaTeX/backend/temp/ee94f6ae-35ad-4e10-919e-86604d7b5d31/rendere
d/main.tex:543: Misplaced \cr.
<inserted text> \cr 
                    
l.543 σ}
          & \textbf{Values/ day
G:/work/Journal2LaTeX/backend/temp/ee94f6ae-35ad-4e10-919e-86604d7b5d31/rendere
d/main.tex:543: Missing \cr inserted.
<inserted text> 
                \cr 
l.543 σ}
          & \textbf{Values/ day
G:/work/Journal2LaTeX/backend/temp/ee94f6ae-35ad-4e10-919e-86604d7b5d31/rendere
d/main.tex:543: Misplaced \cr.
<inserted text> \cr 
                    
l.543 σ}
          & \textbf{Values/ day
G:/work/Journal2LaTeX/backend/temp/ee94f6ae-35ad-4e10-919e-86604d7b5d31/rendere
d/main.tex:543: Missing \cr inserted.
<inserted text> 
                \cr 
l.543 σ}
          & \textbf{Values/ day
G:/work/Journal2LaTeX/backend/temp/ee94f6ae-35ad-4e10-919e-86604d7b5d31/rendere
d/main.tex:543: Misplaced \cr.
<inserted text> \cr 
                    
l.543 σ}
          & \textbf{Values/ day
G:/work/Journal2LaTeX/backend/temp/ee94f6ae-35ad-4e10-919e-86604d7b5d31/rendere
d/main.tex:543: Missing \cr inserted.
<inserted text> 
                \cr 
l.543 σ}
          & \textbf{Values/ day
G:/work/Journal2LaTeX/backend/temp/ee94f6ae-35ad-4e10-919e-86604d7b5d31/rendere
d/main.tex:543: Misplaced \cr.
<inserted text> \cr 
                    
l.543 σ}
          & \textbf{Values/ day
G:/work/Journal2LaTeX/backend/temp/ee94f6ae-35ad-4e10-919e-86604d7b5d31/rendere
d/main.tex:543: Missing \cr inserted.
<inserted text> 
                \cr 
l.543 σ}
          & \textbf{Values/ day
G:/work/Journal2LaTeX/backend/temp/ee94f6ae-35ad-4e10-919e-86604d7b5d31/rendere
d/main.tex:543: Misplaced \cr.
<inserted text> \cr 
                    
l.543 σ}
          & \textbf{Values/ day
G:/work/Journal2LaTeX/backend/temp/ee94f6ae-35ad-4e10-919e-86604d7b5d31/rendere
d/main.tex:543: Missing \cr inserted.
<inserted text> 
                \cr 
l.543 σ}
          & \textbf{Values/ day
G:/work/Journal2LaTeX/backend/temp/ee94f6ae-35ad-4e10-919e-86604d7b5d31/rendere
d/main.tex:543: Misplaced \cr.
<inserted text> \cr 
                    
l.543 σ}
          & \textbf{Values/ day
G:/work/Journal2LaTeX/backend/temp/ee94f6ae-35ad-4e10-919e-86604d7b5d31/rendere
d/main.tex:543: Missing \cr inserted.
<inserted text> 
                \cr 
l.543 σ}
          & \textbf{Values/ day
G:/work/Journal2LaTeX/backend/temp/ee94f6ae-35ad-4e10-919e-86604d7b5d31/rendere
d/main.tex:543: Misplaced \cr.
<inserted text> \cr 
                    
l.543 σ}
          & \textbf{Values/ day
G:/work/Journal2LaTeX/backend/temp/ee94f6ae-35ad-4e10-919e-86604d7b5d31/rendere
d/main.tex:543: Missing \cr inserted.
<inserted text> 
                \cr 
l.543 σ}
          & \textbf{Values/ day
G:/work/Journal2LaTeX/backend/temp/ee94f6ae-35ad-4e10-919e-86604d7b5d31/rendere
d/main.tex:543: Misplaced \cr.
<inserted text> \cr 
                    
l.543 σ}
          & \textbf{Values/ day
G:/work/Journal2LaTeX/backend/temp/ee94f6ae-35ad-4e10-919e-86604d7b5d31/rendere
d/main.tex:543: Missing \cr inserted.
<inserted text> 
                \cr 
l.543 σ}
          & \textbf{Values/ day
G:/work/Journal2LaTeX/backend/temp/ee94f6ae-35ad-4e10-919e-86604d7b5d31/rendere
d/main.tex:543: Misplaced \cr.
<inserted text> \cr 
                    
l.543 σ}
          & \textbf{Values/ day
G:/work/Journal2LaTeX/backend/temp/ee94f6ae-35ad-4e10-919e-86604d7b5d31/rendere
d/main.tex:543: Missing \cr inserted.
<inserted text> 
                \cr 
l.543 σ}
          & \textbf{Values/ day
G:/work/Journal2LaTeX/backend/temp/ee94f6ae-35ad-4e10-919e-86604d7b5d31/rendere
d/main.tex:543: Misplaced \cr.
<inserted text> \cr 
                    
l.543 σ}
          & \textbf{Values/ day
G:/work/Journal2LaTeX/backend/temp/ee94f6ae-35ad-4e10-919e-86604d7b5d31/rendere
d/main.tex:543: Missing \cr inserted.
<inserted text> 
                \cr 
l.543 σ}
          & \textbf{Values/ day
G:/work/Journal2LaTeX/backend/temp/ee94f6ae-35ad-4e10-919e-86604d7b5d31/rendere
d/main.tex:543: Misplaced \cr.
<inserted text> \cr 
                    
l.543 σ}
          & \textbf{Values/ day
G:/work/Journal2LaTeX/backend/temp/ee94f6ae-35ad-4e10-919e-86604d7b5d31/rendere
d/main.tex:543: Missing \cr inserted.
<inserted text> 
                \cr 
l.543 σ}
          & \textbf{Values/ day
G:/work/Journal2LaTeX/backend/temp/ee94f6ae-35ad-4e10-919e-86604d7b5d31/rendere
d/main.tex:543: Misplaced \cr.
<inserted text> \cr 
                    
l.543 σ}
          & \textbf{Values/ day
(That makes 100 errors; please try again.)
G:/work/Journal2LaTeX/backend/temp/ee94f6ae-35ad-4e10-919e-86604d7b5d31/rendere
d/main.tex:543:  ==> Fatal error occurred, no output PDF file produced!
Transcript written on main.log.
Latexmk: Getting log file 'main.log'
Latexmk: Examining 'main.fls'
Latexmk: Examining 'main.log'
Latexmk: Summary of warnings from last run of *latex:
  Latex failed to resolve 4 reference(s)
  Latex failed to resolve 2 citation(s)
Latexmk: Errors, so I did not complete making targets
Collected error summary (may duplicate other messages):
  pdflatex: Command for 'pdflatex' gave return code 1
      Refer to 'main.log' and/or above output for details



STDERR:
Latexmk: ====Problematic refs and citations with line #s in .tex file:
  Citation `ref10' on page 1 undefined on input line 120
  Reference `LastPage' on page 1 undefined on input line 143
  Reference `LastPage' on page 3 undefined on input line 248
  Reference `LastPage' on page 5 undefined on input line 366
  Citation `ref38' on page 7 undefined on input line 437
  Reference `LastPage' on page 7 undefined on input line 466
Latexmk: Sometimes, the -f option can be used to get latexmk
  to try to force complete processing.
  But normally, you will need to correct the file(s) that caused the
  error, and then rerun latexmk.
  In some cases, it is best to clean out generated files before rerunning
  latexmk after you've corrected the files.
Reverting Windows console CPs to (in,out) = (437,65001)
