STDOUT:
Initial Win CP for (console input, console output, system): (CP437, CP65001, CP1252)
I changed them all to CP1252
Rc files read (in order):
  NONE
Latexmk: This is Latexmk, John Collins, 9 March 2026. Version 4.88.
Force everything to be remade.
Latexmk: applying rule 'pdflatex'...
Rule 'pdflatex':  Reasons for rerun
Category 'other':
  Rerun of 'pdflatex' forced or previously required:
    Reason or flag: 'go_mode'

------------
Run number 1 of rule 'pdflatex'
------------
------------
Running 'pdflatex  -interaction=nonstopmode -file-line-error -recorder  "G:/work/Journal2LaTeX/backend/temp/57619e57-6198-4260-81aa-d6ebfac63745/rendered/main.tex"'
------------
This is pdfTeX, Version 3.141592653-2.6-1.40.29 (MiKTeX 26.5) (preloaded format=pdflatex.fmt)
 restricted \write18 enabled.
entering extended mode

(G:/work/Journal2LaTeX/backend/temp/57619e57-6198-4260-81aa-d6ebfac63745/render
ed/main.tex
LaTeX2e <2026-06-01>
L3 programming layer <2026-06-18>
(NSP1.cls

LaTeX Warning: You have requested document class `NSP1',
               but the document class provides `NSP'.

Document Class: NSP 2012/01/01
(C:\Users\asus\AppData\Local\Programs\MiKTeX\tex/latex/base\fleqn.clo)
(C:\Users\asus\AppData\Local\Programs\MiKTeX\tex/latex/graphics\color.sty
(C:\Users\asus\AppData\Local\Programs\MiKTeX\tex/latex/graphics-cfg\color.cfg)
(C:\Users\asus\AppData\Local\Programs\MiKTeX\tex/latex/graphics-def\pdftex.def)
 (C:\Users\asus\AppData\Local\Programs\MiKTeX\tex/latex/graphics\mathcolor.ltx)
) (C:\Users\asus\AppData\Local\Programs\MiKTeX\tex/latex/graphics\graphicx.sty
(C:\Users\asus\AppData\Local\Programs\MiKTeX\tex/latex/graphics\keyval.sty)
(C:\Users\asus\AppData\Local\Programs\MiKTeX\tex/latex/graphics\graphics.sty
(C:\Users\asus\AppData\Local\Programs\MiKTeX\tex/latex/graphics\trig.sty)
(C:\Users\asus\AppData\Local\Programs\MiKTeX\tex/latex/graphics-cfg\graphics.cf
g)))
(C:\Users\asus\AppData\Local\Programs\MiKTeX\tex/latex/lastpage\lastpage.sty
(C:\Users\asus\AppData\Local\Programs\MiKTeX\tex/latex/lastpage\lastpage2e.sty
(C:\Users\asus\AppData\Local\Programs\MiKTeX\tex/latex/lastpage\lastpagemodern.
sty) 
)) (C:\Users\asus\AppData\Local\Programs\MiKTeX\tex/latex/hyperref\hyperref.sty
(C:\Users\asus\AppData\Local\Programs\MiKTeX\tex/generic/iftex\iftex.sty)
(C:\Users\asus\AppData\Local\Programs\MiKTeX\tex/latex/kvsetkeys\kvsetkeys.sty)

(C:\Users\asus\AppData\Local\Programs\MiKTeX\tex/generic/kvdefinekeys\kvdefinek
eys.sty)
(C:\Users\asus\AppData\Local\Programs\MiKTeX\tex/generic/pdfescape\pdfescape.st
y (C:\Users\asus\AppData\Local\Programs\MiKTeX\tex/generic/ltxcmds\ltxcmds.sty)

(C:\Users\asus\AppData\Local\Programs\MiKTeX\tex/generic/pdftexcmds\pdftexcmds.
sty
(C:\Users\asus\AppData\Local\Programs\MiKTeX\tex/generic/infwarerr\infwarerr.st
y))) (C:\Users\asus\AppData\Local\Programs\MiKTeX\tex/latex/hycolor\hycolor.sty
) (C:\Users\asus\AppData\Local\Programs\MiKTeX\tex/latex/hyperref\nameref.sty
(C:\Users\asus\AppData\Local\Programs\MiKTeX\tex/latex/refcount\refcount.sty)
(C:\Users\asus\AppData\Local\Programs\MiKTeX\tex/generic/gettitlestring\gettitl
estring.sty
(C:\Users\asus\AppData\Local\Programs\MiKTeX\tex/latex/kvoptions\kvoptions.sty)
)) (C:\Users\asus\AppData\Local\Programs\MiKTeX\tex/latex/etoolbox\etoolbox.sty
)
(C:\Users\asus\AppData\Local\Programs\MiKTeX\tex/generic/stringenc\stringenc.st
y) (C:\Users\asus\AppData\Local\Programs\MiKTeX\tex/latex/hyperref\pd1enc.def)
(C:\Users\asus\AppData\Local\Programs\MiKTeX\tex/generic/intcalc\intcalc.sty)
(C:\Users\asus\AppData\Local\Programs\MiKTeX\tex/latex/hyperref\puenc.def)
(C:\Users\asus\AppData\Local\Programs\MiKTeX\tex/latex/url\url.sty)
(C:\Users\asus\AppData\Local\Programs\MiKTeX\tex/generic/bitset\bitset.sty
(C:\Users\asus\AppData\Local\Programs\MiKTeX\tex/generic/bigintcalc\bigintcalc.
sty))

Package hyperref Warning: Option `pdfpagelabels' is turned off
(hyperref)                because \thepage is undefined.

) (C:\Users\asus\AppData\Local\Programs\MiKTeX\tex/latex/hyperref\hpdftex.def
(C:\Users\asus\AppData\Local\Programs\MiKTeX\tex/latex/rerunfilecheck\rerunfile
check.sty
(C:\Users\asus\AppData\Local\Programs\MiKTeX\tex/generic/uniquecounter\uniqueco
unter.sty)))

NSP1.cls:572: Package color Error: Undefined color `Dandelion'.

See the color package documentation for explanation.
Type  H <return>  for immediate help.
 ...                                              
                                                  
l.572 ...inecolor{abstractcolor}{named}{Dandelion}
                                                  

NSP1.cls:573: Package color Error: Undefined color `Bittersweet'.

See the color package documentation for explanation.
Type  H <return>  for immediate help.
 ...                                              
                                                  
l.573 \definecolor{rulecolor}{named}{Bittersweet}
                                                 
) (C:\Users\asus\AppData\Local\Programs\MiKTeX\tex/latex/floatflt\floatflt.sty)
 (C:\Users\asus\AppData\Local\Programs\MiKTeX\tex/latex/psnfss\helvet.sty)
(C:\Users\asus\AppData\Local\Programs\MiKTeX\tex/latex/psnfss\times.sty)
(psfig.sty
psfig/tex 1.10-dvips
) (C:\Users\asus\AppData\Local\Programs\MiKTeX\tex/latex/psnfss\mathptmx.sty)
(C:\Users\asus\AppData\Local\Programs\MiKTeX\tex/latex/amsmath\amsmath.sty
For additional information on amsmath, use the `?' option.
(C:\Users\asus\AppData\Local\Programs\MiKTeX\tex/latex/amsmath\amstext.sty
(C:\Users\asus\AppData\Local\Programs\MiKTeX\tex/latex/amsmath\amsgen.sty))
(C:\Users\asus\AppData\Local\Programs\MiKTeX\tex/latex/amsmath\amsbsy.sty)
(C:\Users\asus\AppData\Local\Programs\MiKTeX\tex/latex/amsmath\amsopn.sty))
(C:\Users\asus\AppData\Local\Programs\MiKTeX\tex/latex/amsfonts\amssymb.sty
(C:\Users\asus\AppData\Local\Programs\MiKTeX\tex/latex/amsfonts\amsfonts.sty))
(C:\Users\asus\AppData\Local\Programs\MiKTeX\tex/latex/tools\bm.sty)
(C:\Users\asus\AppData\Local\Programs\MiKTeX\tex/latex/float\float.sty)
(C:\Users\asus\AppData\Local\Programs\MiKTeX\tex/latex/caption\caption.sty
(C:\Users\asus\AppData\Local\Programs\MiKTeX\tex/latex/caption\caption3.sty)

Package caption Warning: Unknown document class (or package),
(caption)                standard defaults will be used.
See the caption package documentation for explanation.

) (C:\Users\asus\AppData\Local\Programs\MiKTeX\tex/latex/xcolor\xcolor.sty
(C:\Users\asus\AppData\Local\Programs\MiKTeX\tex/latex/graphics-cfg\color.cfg)
(C:\Users\asus\AppData\Local\Programs\MiKTeX\tex/latex/graphics\mathcolor.ltx))
 (C:\Users\asus\AppData\Local\Programs\MiKTeX\tex/latex/graphics\dvipsnam.def)
(C:\Users\asus\AppData\Local\Programs\MiKTeX\tex/latex/colortbl\colortbl.sty
(C:\Users\asus\AppData\Local\Programs\MiKTeX\tex/latex/tools\array.sty)
new hooks used!!
) (C:\Users\asus\AppData\Local\Programs\MiKTeX\tex/latex/multirow\multirow.sty)
 (C:\Users\asus\AppData\Local\Programs\MiKTeX\tex/latex/geometry\geometry.sty
(C:\Users\asus\AppData\Local\Programs\MiKTeX\tex/generic/iftex\ifvtex.sty)
(C:\Users\asus\AppData\Local\Programs\MiKTeX\tex/latex/geometry\geometry.cfg))
(C:\Users\asus\AppData\Local\Programs\MiKTeX\tex/latex/psnfss\ot1ptm.fd)
(C:\Users\asus\AppData\Local\Programs\MiKTeX\tex/latex/l3backend\l3backend-pdft
ex.def) (main.aux)
(C:\Users\asus\AppData\Local\Programs\MiKTeX\tex/context/base/mkii\supp-pdf.mki
i
[Loading MPS to PDF converter (version 2006.09.02).]
)
(C:\Users\asus\AppData\Local\Programs\MiKTeX\tex/latex/epstopdf-pkg\epstopdf-ba
se.sty
(C:\Users\asus\AppData\Local\Programs\MiKTeX\tex/latex/00miktex\epstopdf-sys.cf
g)) (main.out) (main.out)
*geometry* driver: auto-detecting
*geometry* detected driver: pdftex

Overfull \hbox (12.0pt too wide) in paragraph at lines 132--132
[][] [] 

G:/work/Journal2LaTeX/backend/temp/57619e57-6198-4260-81aa-d6ebfac63745/rendere
d/main.tex:132: Package xcolor Error: Undefined color `abstractcolor'.

See the xcolor package documentation for explanation.
Type  H <return>  for immediate help.
 ...                                              
                                                  
l.132 \maketitle
                
(C:\Users\asus\AppData\Local\Programs\MiKTeX\tex/latex/psnfss\ot1ztmcm.fd)
(C:\Users\asus\AppData\Local\Programs\MiKTeX\tex/latex/psnfss\omlztmcm.fd)
(C:\Users\asus\AppData\Local\Programs\MiKTeX\tex/latex/psnfss\omsztmcm.fd)
(C:\Users\asus\AppData\Local\Programs\MiKTeX\tex/latex/psnfss\omxztmcm.fd)

Package mathptmx Warning: There are no bold math fonts on input line 132.

(C:\Users\asus\AppData\Local\Programs\MiKTeX\tex/latex/psnfss\ot1phv.fd)

G:/work/Journal2LaTeX/backend/temp/57619e57-6198-4260-81aa-d6ebfac63745/rendere
d/main.tex:132: Package xcolor Error: Undefined color `rulecolor'.

See the xcolor package documentation for explanation.
Type  H <return>  for immediate help.
 ...                                              
                                                  
l.132 \maketitle
                

G:/work/Journal2LaTeX/backend/temp/57619e57-6198-4260-81aa-d6ebfac63745/rendere
d/main.tex:132: Package xcolor Error: Undefined color `rulecolor'.

See the xcolor package documentation for explanation.
Type  H <return>  for immediate help.
 ...                                              
                                                  
l.132 \maketitle
                

Underfull \vbox (badness 10000) has occurred while \output is active
(C:\Users\asus\AppData\Local\Programs\MiKTeX\tex/latex/psnfss\ts1ptm.fd)
[1{C:/Users/asus/AppData/Local/MiKTeX/fonts/map/pdftex/pdftex.map}{C:/Users/asu
s/AppData/Local/Programs/MiKTeX/fonts/enc/dvips/base/8r.enc} <./logo7pt-eps-con
verted-to.pdf>]
Overfull \hbox (229.85165pt too wide) has occurred while \output is active
[] [] \OT1/ptm/m/n/9 Amal Salem Bashib et al.: The Role of Social Media in the 
Spread and Countering of Cyber-Extremism: An Islamic Jurisprudential and Educat
ional Perspective
[2]
Underfull \vbox (badness 10000) has occurred while \output is active [3]
Underfull \vbox (badness 10000) has occurred while \output is active
Overfull \hbox (229.85165pt too wide) has occurred while \output is active
[] [] \OT1/ptm/m/n/9 Amal Salem Bashib et al.: The Role of Social Media in the 
Spread and Countering of Cyber-Extremism: An Islamic Jurisprudential and Educat
ional Perspective
[4]

G:/work/Journal2LaTeX/backend/temp/57619e57-6198-4260-81aa-d6ebfac63745/rendere
d/main.tex:168: LaTeX Error: Unicode character ʿ (U+02BF)
               not set up for use with LaTeX.

See the LaTeX manual or LaTeX Companion for explanation.
Type  H <return>  for immediate help.
 ...                                              
                                                  
l.168 ...t Islamic jurisprudential maxims (qawāʿ
                                                  id fiqhiyyah) provides an ...


Underfull \vbox (badness 10000) has occurred while \output is active [5]
Underfull \vbox (badness 10000) has occurred while \output is active
Overfull \hbox (229.85165pt too wide) has occurred while \output is active
[] [] \OT1/ptm/m/n/9 Amal Salem Bashib et al.: The Role of Social Media in the 
Spread and Countering of Cyber-Extremism: An Islamic Jurisprudential and Educat
ional Perspective
[6]
Underfull \vbox (badness 10000) has occurred while \output is active [7]
Underfull \vbox (badness 10000) has occurred while \output is active
Overfull \hbox (229.85165pt too wide) has occurred while \output is active
[] [] \OT1/ptm/m/n/9 Amal Salem Bashib et al.: The Role of Social Media in the 
Spread and Countering of Cyber-Extremism: An Islamic Jurisprudential and Educat
ional Perspective
[8]
Underfull \vbox (badness 10000) has occurred while \output is active [9]
Underfull \vbox (badness 10000) has occurred while \output is active
Overfull \hbox (229.85165pt too wide) has occurred while \output is active
[] [] \OT1/ptm/m/n/9 Amal Salem Bashib et al.: The Role of Social Media in the 
Spread and Countering of Cyber-Extremism: An Islamic Jurisprudential and Educat
ional Perspective
[10]
Underfull \vbox (badness 10000) has occurred while \output is active [11]
Underfull \vbox (badness 10000) has occurred while \output is active
Overfull \hbox (229.85165pt too wide) has occurred while \output is active
[] [] \OT1/ptm/m/n/9 Amal Salem Bashib et al.: The Role of Social Media in the 
Spread and Countering of Cyber-Extremism: An Islamic Jurisprudential and Educat
ional Perspective
[12]

G:/work/Journal2LaTeX/backend/temp/57619e57-6198-4260-81aa-d6ebfac63745/rendere
d/main.tex:304: LaTeX Error: Unicode character Ḍ (U+1E0C)
               not set up for use with LaTeX.

See the LaTeX manual or LaTeX Companion for explanation.
Type  H <return>  for immediate help.
 ...                                              
                                                  
l.304 ...r harm nor reciprocating harm” (Lā Ḍ
                                                  arar wa Lā Ḍirār), one...


G:/work/Journal2LaTeX/backend/temp/57619e57-6198-4260-81aa-d6ebfac63745/rendere
d/main.tex:304: LaTeX Error: Unicode character Ḍ (U+1E0C)
               not set up for use with LaTeX.

See the LaTeX manual or LaTeX Companion for explanation.
Type  H <return>  for immediate help.
 ...                                              
                                                  
l.304 ...procating harm” (Lā Ḍarar wa Lā Ḍ
                                                  irār), one of the major u...


G:/work/Journal2LaTeX/backend/temp/57619e57-6198-4260-81aa-d6ebfac63745/rendere
d/main.tex:308: LaTeX Error: Unicode character Ḍ (U+1E0C)
               not set up for use with LaTeX.

See the LaTeX manual or LaTeX Companion for explanation.
Type  H <return>  for immediate help.
 ...                                              
                                                  
l.308 ...evented to the extent possible” (Al-Ḍ
                                                  arar Yudfaʿu bi-Qadr al-I...


G:/work/Journal2LaTeX/backend/temp/57619e57-6198-4260-81aa-d6ebfac63745/rendere
d/main.tex:308: LaTeX Error: Unicode character ʿ (U+02BF)
               not set up for use with LaTeX.

See the LaTeX manual or LaTeX Companion for explanation.
Type  H <return>  for immediate help.
 ...                                              
                                                  
l.308 ...he extent possible” (Al-Ḍarar Yudfaʿ
                                                  u bi-Qadr al-Imkān), whic...


G:/work/Journal2LaTeX/backend/temp/57619e57-6198-4260-81aa-d6ebfac63745/rendere
d/main.tex:310: LaTeX Error: Unicode character ʿ (U+02BF)
               not set up for use with LaTeX.

See the LaTeX manual or LaTeX Companion for explanation.
Type  H <return>  for immediate help.
 ...                                              
                                                  
l.310 ...es of Islamic Law (Maqāṣid al-Sharīʿ
                                                  ah)

G:/work/Journal2LaTeX/backend/temp/57619e57-6198-4260-81aa-d6ebfac63745/rendere
d/main.tex:312: LaTeX Error: Unicode character ʿ (U+02BF)
               not set up for use with LaTeX.

See the LaTeX manual or LaTeX Companion for explanation.
Type  H <return>  for immediate help.
 ...                                              
                                                  
l.312 ...es of Islamic law (Maqāṣid al-Sharīʿ
                                                  ah) provide a comprehensiv...


G:/work/Journal2LaTeX/backend/temp/57619e57-6198-4260-81aa-d6ebfac63745/rendere
d/main.tex:312: LaTeX Error: Unicode character ẓ (U+1E93)
               not set up for use with LaTeX.

See the LaTeX manual or LaTeX Companion for explanation.
Type  H <return>  for immediate help.
 ...                                              
                                                  
l.312 ...ndamental necessities: religion (ḥifẓ
                                                   al-dīn), life (ḥifẓ ...


G:/work/Journal2LaTeX/backend/temp/57619e57-6198-4260-81aa-d6ebfac63745/rendere
d/main.tex:312: LaTeX Error: Unicode character ẓ (U+1E93)
               not set up for use with LaTeX.

See the LaTeX manual or LaTeX Companion for explanation.
Type  H <return>  for immediate help.
 ...                                              
                                                  
l.312 ...ligion (ḥifẓ al-dīn), life (ḥifẓ
                                                   al-nafs), intellect (ḥi...


G:/work/Journal2LaTeX/backend/temp/57619e57-6198-4260-81aa-d6ebfac63745/rendere
d/main.tex:312: LaTeX Error: Unicode character ẓ (U+1E93)
               not set up for use with LaTeX.

See the LaTeX manual or LaTeX Companion for explanation.
Type  H <return>  for immediate help.
 ...                                              
                                                  
l.312 ...e (ḥifẓ al-nafs), intellect (ḥifẓ
                                                   al-ʿaql), lineage and hu...


G:/work/Journal2LaTeX/backend/temp/57619e57-6198-4260-81aa-d6ebfac63745/rendere
d/main.tex:312: LaTeX Error: Unicode character ʿ (U+02BF)
               not set up for use with LaTeX.

See the LaTeX manual or LaTeX Companion for explanation.
Type  H <return>  for immediate help.
 ...                                              
                                                  
l.312 ...ifẓ al-nafs), intellect (ḥifẓ al-ʿ
                                                  aql), lineage and human di...


G:/work/Journal2LaTeX/backend/temp/57619e57-6198-4260-81aa-d6ebfac63745/rendere
d/main.tex:312: LaTeX Error: Unicode character ẓ (U+1E93)
               not set up for use with LaTeX.

See the LaTeX manual or LaTeX Companion for explanation.
Type  H <return>  for immediate help.
 ...                                              
                                                  
l.312 ...aql), lineage and human dignity (ḥifẓ
                                                   al-nasl wa al-ʿirḍ), a...


G:/work/Journal2LaTeX/backend/temp/57619e57-6198-4260-81aa-d6ebfac63745/rendere
d/main.tex:312: LaTeX Error: Unicode character ʿ (U+02BF)
               not set up for use with LaTeX.

See the LaTeX manual or LaTeX Companion for explanation.
Type  H <return>  for immediate help.
 ...                                              
                                                  
l.312 ... human dignity (ḥifẓ al-nasl wa al-ʿ
                                                  irḍ), and property (ḥi...


G:/work/Journal2LaTeX/backend/temp/57619e57-6198-4260-81aa-d6ebfac63745/rendere
d/main.tex:312: LaTeX Error: Unicode character ẓ (U+1E93)
               not set up for use with LaTeX.

See the LaTeX manual or LaTeX Companion for explanation.
Type  H <return>  for immediate help.
 ...                                              
                                                  
l.312 ...sl wa al-ʿirḍ), and property (ḥifẓ
                                                   al-māl). These objective...


Underfull \vbox (badness 10000) has occurred while \output is active [13]

G:/work/Journal2LaTeX/backend/temp/57619e57-6198-4260-81aa-d6ebfac63745/rendere
d/main.tex:316: LaTeX Error: Unicode character ʿ (U+02BF)
               not set up for use with LaTeX.

See the LaTeX manual or LaTeX Companion for explanation.
Type  H <return>  for immediate help.
 ...                                              
                                                  
l.316 .... Accordingly, the Maqāṣid al-Sharīʿ
                                                  ah establish a comprehensi...


Underfull \vbox (badness 10000) has occurred while \output is active
Overfull \hbox (229.85165pt too wide) has occurred while \output is active
[] [] \OT1/ptm/m/n/9 Amal Salem Bashib et al.: The Role of Social Media in the 
Spread and Countering of Cyber-Extremism: An Islamic Jurisprudential and Educat
ional Perspective
[14]
Underfull \vbox (badness 10000) has occurred while \output is active [15]
Underfull \vbox (badness 10000) has occurred while \output is active
Overfull \hbox (229.85165pt too wide) has occurred while \output is active
[] [] \OT1/ptm/m/n/9 Amal Salem Bashib et al.: The Role of Social Media in the 
Spread and Countering of Cyber-Extremism: An Islamic Jurisprudential and Educat
ional Perspective
[16]
Underfull \vbox (badness 4403) has occurred while \output is active [17 <./medi
a/image5.png (PNG copy)>]

G:/work/Journal2LaTeX/backend/temp/57619e57-6198-4260-81aa-d6ebfac63745/rendere
d/main.tex:422: LaTeX Error: Unicode character α (U+03B1)
               not set up for use with LaTeX.

See the LaTeX manual or LaTeX Companion for explanation.
Type  H <return>  for immediate help.
 ...                                              
                                                  
l.422 ...'s f = 0.631), a significance level of α
                                                   = .05, four comparison gr...


Underfull \vbox (badness 10000) has occurred while \output is active
Overfull \hbox (229.85165pt too wide) has occurred while \output is active
[] [] \OT1/ptm/m/n/9 Amal Salem Bashib et al.: The Role of Social Media in the 
Spread and Countering of Cyber-Extremism: An Islamic Jurisprudential and Educat
ional Perspective
[18 <./media/image6.png (PNG copy)>]
Overfull \hbox (56.16632pt too wide) in paragraph at lines 445--464
 [][] 
[19]

G:/work/Journal2LaTeX/backend/temp/57619e57-6198-4260-81aa-d6ebfac63745/rendere
d/main.tex:494: LaTeX Error: Unicode character χ (U+03C7)
               not set up for use with LaTeX.

See the LaTeX manual or LaTeX Companion for explanation.
Type  H <return>  for immediate help.
 ...                                              
                                                  
l.494 ...ericity was statistically significant (χ
                                                  ² = 3232.818, df = 378, p...


G:/work/Journal2LaTeX/backend/temp/57619e57-6198-4260-81aa-d6ebfac63745/rendere
d/main.tex:505: LaTeX Error: Unicode character χ (U+03C7)
               not set up for use with LaTeX.

See the LaTeX manual or LaTeX Companion for explanation.
Type  H <return>  for immediate help.
 ...                                              
                                                  
l.505 ...DDD9C3}Bartlett's Test of Sphericity & χ
                                                  ² = 3232.818, df = 378, p...


Overfull \hbox (229.85165pt too wide) has occurred while \output is active
[] [] \OT1/ptm/m/n/9 Amal Salem Bashib et al.: The Role of Social Media in the 
Spread and Countering of Cyber-Extremism: An Islamic Jurisprudential and Educat
ional Perspective
[20]

G:/work/Journal2LaTeX/backend/temp/57619e57-6198-4260-81aa-d6ebfac63745/rendere
d/main.tex:540: LaTeX Error: Unicode character η (U+03B7)
               not set up for use with LaTeX.

See the LaTeX manual or LaTeX Companion for explanation.
Type  H <return>  for immediate help.
 ...                                              
                                                  
l.540 ...on, effect size indices (Cohen's d and η
                                                  ²) were calculated to eva...


Underfull \vbox (badness 5970) has occurred while \output is active [21]

G:/work/Journal2LaTeX/backend/temp/57619e57-6198-4260-81aa-d6ebfac63745/rendere
d/main.tex:613: LaTeX Error: Unicode character − (U+2212)
               not set up for use with LaTeX.

See the LaTeX manual or LaTeX Companion for explanation.
Type  H <return>  for immediate help.
 ...                                              
                                                  
l.613 ... obtained skewness values ranged from −
                                                  0.673 to −0.263, while t...


G:/work/Journal2LaTeX/backend/temp/57619e57-6198-4260-81aa-d6ebfac63745/rendere
d/main.tex:613: LaTeX Error: Unicode character − (U+2212)
               not set up for use with LaTeX.

See the LaTeX manual or LaTeX Companion for explanation.
Type  H <return>  for immediate help.
 ...                                              
                                                  
l.613 ...ewness values ranged from −0.673 to −
                                                  0.263, while the kurtosis ...


G:/work/Journal2LaTeX/backend/temp/57619e57-6198-4260-81aa-d6ebfac63745/rendere
d/main.tex:613: LaTeX Error: Unicode character − (U+2212)
               not set up for use with LaTeX.

See the LaTeX manual or LaTeX Companion for explanation.
Type  H <return>  for immediate help.
 ...                                              
                                                  
l.613 ...while the kurtosis values ranged from −
                                                  1.445 to −0.062. These v...


G:/work/Journal2LaTeX/backend/temp/57619e57-6198-4260-81aa-d6ebfac63745/rendere
d/main.tex:613: LaTeX Error: Unicode character − (U+2212)
               not set up for use with LaTeX.

See the LaTeX manual or LaTeX Companion for explanation.
Type  H <return>  for immediate help.
 ...                                              
                                                  
l.613 ...rtosis values ranged from −1.445 to −
                                                  0.062. These values fell w...


Underfull \vbox (badness 1603) has occurred while \output is active
Overfull \hbox (229.85165pt too wide) has occurred while \output is active
[] [] \OT1/ptm/m/n/9 Amal Salem Bashib et al.: The Role of Social Media in the 
Spread and Countering of Cyber-Extremism: An Islamic Jurisprudential and Educat
ional Perspective
[22 <./media/image7.png (PNG copy)>]
Overfull \hbox (18.98619pt too wide) in paragraph at lines 622--633
 [][] 

Overfull \hbox (2.04605pt too wide) in paragraph at lines 648--659
 [][] 
[23]

G:/work/Journal2LaTeX/backend/temp/57619e57-6198-4260-81aa-d6ebfac63745/rendere
d/main.tex:678: LaTeX Error: Unicode character − (U+2212)
               not set up for use with LaTeX.

See the LaTeX manual or LaTeX Companion for explanation.
Type  H <return>  for immediate help.
 ...                                              
                                                  
l.678 \cellcolor[HTML]{DDD9C3}S & — & — & −
                                                 0.152* & 0.042 \\

G:/work/Journal2LaTeX/backend/temp/57619e57-6198-4260-81aa-d6ebfac63745/rendere
d/main.tex:691: LaTeX Error: Unicode character − (U+2212)
               not set up for use with LaTeX.

See the LaTeX manual or LaTeX Companion for explanation.
Type  H <return>  for immediate help.
 ...                                              
                                                  
l.691 ... found between the two variables (r = −
                                                  0.152, p = .042). Although...


G:/work/Journal2LaTeX/backend/temp/57619e57-6198-4260-81aa-d6ebfac63745/rendere
d/main.tex:693: LaTeX Error: Unicode character η (U+03B7)
               not set up for use with LaTeX.

See the LaTeX manual or LaTeX Companion for explanation.
Type  H <return>  for immediate help.
 ...                                              
                                                  
l.693 ...a's role in spreading cyber-extremism (η
                                                  ² = 0.042), whereas a lar...


G:/work/Journal2LaTeX/backend/temp/57619e57-6198-4260-81aa-d6ebfac63745/rendere
d/main.tex:693: LaTeX Error: Unicode character η (U+03B7)
               not set up for use with LaTeX.

See the LaTeX manual or LaTeX Companion for explanation.
Type  H <return>  for immediate help.
 ...                                              
                                                  
l.693 ...ts role in countering cyber-extremism (η
                                                  ² = 0.285), indicating th...


G:/work/Journal2LaTeX/backend/temp/57619e57-6198-4260-81aa-d6ebfac63745/rendere
d/main.tex:693: LaTeX Error: Unicode character η (U+03B7)
               not set up for use with LaTeX.

See the LaTeX manual or LaTeX Companion for explanation.
Type  H <return>  for immediate help.
 ...                                              
                                                  
l.693 ... use demonstrated a small effect size (η
                                                  ² = 0.040). Finally, the ...


G:/work/Journal2LaTeX/backend/temp/57619e57-6198-4260-81aa-d6ebfac63745/rendere
d/main.tex:693: LaTeX Error: Unicode character − (U+2212)
               not set up for use with LaTeX.

See the LaTeX manual or LaTeX Companion for explanation.
Type  H <return>  for immediate help.
 ...                                              
                                                  
l.693 ...nted a weak negative association (r = −
                                                  0.152). These findings sug...


Overfull \hbox (229.85165pt too wide) has occurred while \output is active
[] [] \OT1/ptm/m/n/9 Amal Salem Bashib et al.: The Role of Social Media in the 
Spread and Countering of Cyber-Extremism: An Islamic Jurisprudential and Educat
ional Perspective
[24]
Underfull \vbox (badness 10000) has occurred while \output is active [25]
Underfull \vbox (badness 10000) has occurred while \output is active
Overfull \hbox (229.85165pt too wide) has occurred while \output is active
[] [] \OT1/ptm/m/n/9 Amal Salem Bashib et al.: The Role of Social Media in the 
Spread and Countering of Cyber-Extremism: An Islamic Jurisprudential and Educat
ional Perspective
[26] [27]
Underfull \vbox (badness 10000) has occurred while \output is active
Overfull \hbox (229.85165pt too wide) has occurred while \output is active
[] [] \OT1/ptm/m/n/9 Amal Salem Bashib et al.: The Role of Social Media in the 
Spread and Countering of Cyber-Extremism: An Islamic Jurisprudential and Educat
ional Perspective
[28 <./media/image8.jpeg>] [29 <./media/image9.jpeg> <./media/image10.jpeg>]

enddocument/afterlastpage (AED): lastpage setting LastPage.
(main.aux)

LaTeX Warning: Label(s) may have changed. Rerun to get cross-references right.

 )
(see the transcript file for additional information)<C:/Users/asus/AppData/Loca
l/Programs/MiKTeX/fonts/type1/public/amsfonts/cm/cmsy10.pfb><C:/Users/asus/AppD
ata/Local/Programs/MiKTeX/fonts/type1/urw/helvetic/uhvb8a.pfb><C:/Users/asus/Ap
pData/Local/Programs/MiKTeX/fonts/type1/urw/times/utmb8a.pfb><C:/Users/asus/App
Data/Local/Programs/MiKTeX/fonts/type1/urw/times/utmr8a.pfb><C:/Users/asus/AppD
ata/Local/Programs/MiKTeX/fonts/type1/urw/times/utmri8a.pfb>
Output written on main.pdf (29 pages, 350243 bytes).
Transcript written on main.log.
Latexmk: Getting log file 'main.log'
Latexmk: Examining 'main.fls'
Latexmk: Examining 'main.log'
Latexmk: References changed.
Latexmk: Log file says output to 'main.pdf'
Latexmk: Errors, so I did not complete making targets
Collected error summary (may duplicate other messages):
  pdflatex: Command for 'pdflatex' gave return code 1
      Refer to 'main.log' and/or above output for details



STDERR:
Latexmk: Sometimes, the -f option can be used to get latexmk
  to try to force complete processing.
  But normally, you will need to correct the file(s) that caused the
  error, and then rerun latexmk.
  In some cases, it is best to clean out generated files before rerunning
  latexmk after you've corrected the files.
Reverting Windows console CPs to (in,out) = (437,65001)
