[2026-07-21 19:37:57,315] [INFO] [latex_compiler.py:321]: Starting LaTeX compilation for: G:\work\Journal2LaTeX\backend\temp\57619e57-6198-4260-81aa-d6ebfac63745\rendered\main.tex
[2026-07-21 19:37:57,318] [INFO] [latex_compiler.py:125]: Rendered working directory tree before compilation:
  1.eps
  2.eps
  everyshi.sty
  logo7pt.eps
  main.tex
  media/
    image1.jpeg
    image10.jpeg
    image4.jpeg
    image5.png
    image6.png
    image7.png
    image8.jpeg
    image9.jpeg
  NSP1.cls
  paper.pdf
  paper.tex
  psfig.sty
  template.json
[2026-07-21 19:37:57,321] [INFO] [latex_compiler.py:131]: Template resource manifest (18 files):
  1.eps                                    template resource (graphic (EPS))
  2.eps                                    template resource (graphic (EPS))
  everyshi.sty                             template resource (package / style)
  logo7pt.eps                              template resource (graphic (EPS))
  main.tex                                 generated document / build artefact
  media\image1.jpeg                        renderer-generated media
  media\image10.jpeg                       renderer-generated media
  media\image4.jpeg                        renderer-generated media
  media\image5.png                         renderer-generated media
  media\image6.png                         renderer-generated media
  media\image7.png                         renderer-generated media
  media\image8.jpeg                        renderer-generated media
  media\image9.jpeg                        renderer-generated media
  NSP1.cls                                 template resource (document class)
  paper.pdf                                template resource (graphic (PDF))
  paper.tex                                template resource (included source)
  psfig.sty                                template resource (package / style)
  template.json                            template metadata
[2026-07-21 19:37:57,864] [INFO] [latex_compiler.py:144]: Dependency resolution (20 references):
  [LOCAL  ] documentclass   NSP1
  [SYSTEM ] usepackage      url
  [SYSTEM ] usepackage      floatflt
  [SYSTEM ] usepackage      helvet
  [SYSTEM ] usepackage      times
  [LOCAL  ] usepackage      psfig
  [SYSTEM ] usepackage      graphics
  [SYSTEM ] usepackage      mathptmx
  [SYSTEM ] usepackage      amsmath
  [SYSTEM ] usepackage      amssymb
  [SYSTEM ] usepackage      bm
  [SYSTEM ] usepackage      float
  [SYSTEM ] usepackage      caption
  [SYSTEM ] usepackage      xcolor
  [SYSTEM ] usepackage      graphicx
  [SYSTEM ] usepackage      multirow
  [DYNAMIC] includegraphics #1
  [LOCAL  ] includegraphics media/image5.png
  [LOCAL  ] includegraphics media/image6.png
  [LOCAL  ] includegraphics media/image7.png
[2026-07-21 19:37:58,517] [INFO] [latex_compiler.py:357]: Using latexmk compiler.
[2026-07-21 19:38:04,501] [INFO] [latex_compiler.py:424]: Compilation completed successfully. PDF generated at: G:\work\Journal2LaTeX\backend\temp\57619e57-6198-4260-81aa-d6ebfac63745\output\paper.pdf
[2026-07-21 19:38:04,545] [INFO] [latex_compiler.py:321]: Starting LaTeX compilation for: G:\work\Journal2LaTeX\backend\temp\57619e57-6198-4260-81aa-d6ebfac63745\rendered\main.tex
[2026-07-21 19:38:04,550] [INFO] [latex_compiler.py:125]: Rendered working directory tree before compilation:
  1.eps
  2.eps
  everyshi.sty
  logo7pt-eps-converted-to.pdf
  logo7pt.eps
  main.aux
  main.fdb_latexmk
  main.fls
  main.log
  main.out
  main.pdf
  main.tex
  media/
    image1.jpeg
    image10.jpeg
    image4.jpeg
    image5.png
    image6.png
    image7.png
    image8.jpeg
    image9.jpeg
  NSP1.cls
  paper.pdf
  paper.tex
  psfig.sty
  template.json
[2026-07-21 19:38:04,554] [INFO] [latex_compiler.py:131]: Template resource manifest (25 files):
  1.eps                                    template resource (graphic (EPS))
  2.eps                                    template resource (graphic (EPS))
  everyshi.sty                             template resource (package / style)
  logo7pt-eps-converted-to.pdf             template resource (graphic (PDF))
  logo7pt.eps                              template resource (graphic (EPS))
  main.aux                                 generated document / build artefact
  main.fdb_latexmk                         generated document / build artefact
  main.fls                                 generated document / build artefact
  main.log                                 generated document / build artefact
  main.out                                 generated document / build artefact
  main.pdf                                 generated document / build artefact
  main.tex                                 generated document / build artefact
  media\image1.jpeg                        renderer-generated media
  media\image10.jpeg                       renderer-generated media
  media\image4.jpeg                        renderer-generated media
  media\image5.png                         renderer-generated media
  media\image6.png                         renderer-generated media
  media\image7.png                         renderer-generated media
  media\image8.jpeg                        renderer-generated media
  media\image9.jpeg                        renderer-generated media
  NSP1.cls                                 template resource (document class)
  paper.pdf                                template resource (graphic (PDF))
  paper.tex                                template resource (included source)
  psfig.sty                                template resource (package / style)
  template.json                            template metadata
[2026-07-21 19:38:05,157] [INFO] [latex_compiler.py:144]: Dependency resolution (21 references):
  [LOCAL  ] documentclass   NSP1
  [SYSTEM ] usepackage      url
  [SYSTEM ] usepackage      floatflt
  [SYSTEM ] usepackage      helvet
  [SYSTEM ] usepackage      times
  [LOCAL  ] usepackage      psfig
  [SYSTEM ] usepackage      graphics
  [SYSTEM ] usepackage      mathptmx
  [SYSTEM ] usepackage      amsmath
  [SYSTEM ] usepackage      amssymb
  [SYSTEM ] usepackage      bm
  [SYSTEM ] usepackage      float
  [SYSTEM ] usepackage      caption
  [SYSTEM ] usepackage      xcolor
  [SYSTEM ] usepackage      graphicx
  [SYSTEM ] usepackage      multirow
  [SYSTEM ] usepackage      geometry
  [DYNAMIC] includegraphics #1
  [LOCAL  ] includegraphics media/image5.png
  [LOCAL  ] includegraphics media/image6.png
  [LOCAL  ] includegraphics media/image7.png
[2026-07-21 19:38:05,158] [INFO] [latex_compiler.py:357]: Using latexmk compiler.
[2026-07-21 19:38:08,408] [INFO] [latex_compiler.py:424]: Compilation completed successfully. PDF generated at: G:\work\Journal2LaTeX\backend\temp\57619e57-6198-4260-81aa-d6ebfac63745\output\paper.pdf
[2026-07-21 19:38:28,120] [INFO] [latex_compiler.py:321]: Starting LaTeX compilation for: G:\work\Journal2LaTeX\backend\temp\57619e57-6198-4260-81aa-d6ebfac63745\rendered\main.tex
[2026-07-21 19:38:28,123] [INFO] [latex_compiler.py:125]: Rendered working directory tree before compilation:
  1.eps
  2.eps
  everyshi.sty
  logo7pt-eps-converted-to.pdf
  logo7pt.eps
  main.aux
  main.fdb_latexmk
  main.fls
  main.log
  main.out
  main.pdf
  main.tex
  media/
    image1.jpeg
    image10.jpeg
    image4.jpeg
    image5.png
    image6.png
    image7.png
    image8.jpeg
    image9.jpeg
  NSP1.cls
  paper.pdf
  paper.tex
  psfig.sty
  template.json
[2026-07-21 19:38:28,128] [INFO] [latex_compiler.py:131]: Template resource manifest (25 files):
  1.eps                                    template resource (graphic (EPS))
  2.eps                                    template resource (graphic (EPS))
  everyshi.sty                             template resource (package / style)
  logo7pt-eps-converted-to.pdf             template resource (graphic (PDF))
  logo7pt.eps                              template resource (graphic (EPS))
  main.aux                                 generated document / build artefact
  main.fdb_latexmk                         generated document / build artefact
  main.fls                                 generated document / build artefact
  main.log                                 generated document / build artefact
  main.out                                 generated document / build artefact
  main.pdf                                 generated document / build artefact
  main.tex                                 generated document / build artefact
  media\image1.jpeg                        renderer-generated media
  media\image10.jpeg                       renderer-generated media
  media\image4.jpeg                        renderer-generated media
  media\image5.png                         renderer-generated media
  media\image6.png                         renderer-generated media
  media\image7.png                         renderer-generated media
  media\image8.jpeg                        renderer-generated media
  media\image9.jpeg                        renderer-generated media
  NSP1.cls                                 template resource (document class)
  paper.pdf                                template resource (graphic (PDF))
  paper.tex                                template resource (included source)
  psfig.sty                                template resource (package / style)
  template.json                            template metadata
[2026-07-21 19:38:28,300] [INFO] [latex_compiler.py:144]: Dependency resolution (21 references):
  [LOCAL  ] documentclass   NSP1
  [SYSTEM ] usepackage      url
  [SYSTEM ] usepackage      floatflt
  [SYSTEM ] usepackage      helvet
  [SYSTEM ] usepackage      times
  [LOCAL  ] usepackage      psfig
  [SYSTEM ] usepackage      graphics
  [SYSTEM ] usepackage      mathptmx
  [SYSTEM ] usepackage      amsmath
  [SYSTEM ] usepackage      amssymb
  [SYSTEM ] usepackage      bm
  [SYSTEM ] usepackage      float
  [SYSTEM ] usepackage      caption
  [SYSTEM ] usepackage      xcolor
  [SYSTEM ] usepackage      graphicx
  [SYSTEM ] usepackage      multirow
  [SYSTEM ] usepackage      geometry
  [DYNAMIC] includegraphics #1
  [LOCAL  ] includegraphics media/image5.png
  [LOCAL  ] includegraphics media/image6.png
  [LOCAL  ] includegraphics media/image7.png
[2026-07-21 19:38:28,301] [INFO] [latex_compiler.py:357]: Using latexmk compiler.
[2026-07-21 19:38:31,606] [INFO] [latex_compiler.py:424]: Compilation completed successfully. PDF generated at: G:\work\Journal2LaTeX\backend\temp\57619e57-6198-4260-81aa-d6ebfac63745\output\paper.pdf
[2026-07-21 19:38:40,185] [INFO] [latex_compiler.py:321]: Starting LaTeX compilation for: G:\work\Journal2LaTeX\backend\temp\57619e57-6198-4260-81aa-d6ebfac63745\rendered\main.tex
[2026-07-21 19:38:40,190] [INFO] [latex_compiler.py:125]: Rendered working directory tree before compilation:
  1.eps
  2.eps
  everyshi.sty
  logo7pt-eps-converted-to.pdf
  logo7pt.eps
  main.aux
  main.fdb_latexmk
  main.fls
  main.log
  main.out
  main.pdf
  main.tex
  media/
    image1.jpeg
    image10.jpeg
    image4.jpeg
    image5.png
    image6.png
    image7.png
    image8.jpeg
    image9.jpeg
  NSP1.cls
  paper.pdf
  paper.tex
  psfig.sty
  template.json
[2026-07-21 19:38:40,194] [INFO] [latex_compiler.py:131]: Template resource manifest (25 files):
  1.eps                                    template resource (graphic (EPS))
  2.eps                                    template resource (graphic (EPS))
  everyshi.sty                             template resource (package / style)
  logo7pt-eps-converted-to.pdf             template resource (graphic (PDF))
  logo7pt.eps                              template resource (graphic (EPS))
  main.aux                                 generated document / build artefact
  main.fdb_latexmk                         generated document / build artefact
  main.fls                                 generated document / build artefact
  main.log                                 generated document / build artefact
  main.out                                 generated document / build artefact
  main.pdf                                 generated document / build artefact
  main.tex                                 generated document / build artefact
  media\image1.jpeg                        renderer-generated media
  media\image10.jpeg                       renderer-generated media
  media\image4.jpeg                        renderer-generated media
  media\image5.png                         renderer-generated media
  media\image6.png                         renderer-generated media
  media\image7.png                         renderer-generated media
  media\image8.jpeg                        renderer-generated media
  media\image9.jpeg                        renderer-generated media
  NSP1.cls                                 template resource (document class)
  paper.pdf                                template resource (graphic (PDF))
  paper.tex                                template resource (included source)
  psfig.sty                                template resource (package / style)
  template.json                            template metadata
[2026-07-21 19:38:40,357] [INFO] [latex_compiler.py:144]: Dependency resolution (21 references):
  [LOCAL  ] documentclass   NSP1
  [SYSTEM ] usepackage      url
  [SYSTEM ] usepackage      floatflt
  [SYSTEM ] usepackage      helvet
  [SYSTEM ] usepackage      times
  [LOCAL  ] usepackage      psfig
  [SYSTEM ] usepackage      graphics
  [SYSTEM ] usepackage      mathptmx
  [SYSTEM ] usepackage      amsmath
  [SYSTEM ] usepackage      amssymb
  [SYSTEM ] usepackage      bm
  [SYSTEM ] usepackage      float
  [SYSTEM ] usepackage      caption
  [SYSTEM ] usepackage      xcolor
  [SYSTEM ] usepackage      graphicx
  [SYSTEM ] usepackage      multirow
  [SYSTEM ] usepackage      geometry
  [DYNAMIC] includegraphics #1
  [LOCAL  ] includegraphics media/image5.png
  [LOCAL  ] includegraphics media/image6.png
  [LOCAL  ] includegraphics media/image7.png
[2026-07-21 19:38:40,358] [INFO] [latex_compiler.py:357]: Using latexmk compiler.
[2026-07-21 19:38:43,670] [INFO] [latex_compiler.py:424]: Compilation completed successfully. PDF generated at: G:\work\Journal2LaTeX\backend\temp\57619e57-6198-4260-81aa-d6ebfac63745\output\paper.pdf
[2026-07-21 19:38:52,775] [INFO] [latex_compiler.py:321]: Starting LaTeX compilation for: G:\work\Journal2LaTeX\backend\temp\57619e57-6198-4260-81aa-d6ebfac63745\rendered\main.tex
[2026-07-21 19:38:52,779] [INFO] [latex_compiler.py:125]: Rendered working directory tree before compilation:
  1.eps
  2.eps
  everyshi.sty
  logo7pt-eps-converted-to.pdf
  logo7pt.eps
  main.aux
  main.fdb_latexmk
  main.fls
  main.log
  main.out
  main.pdf
  main.tex
  media/
    image1.jpeg
    image10.jpeg
    image4.jpeg
    image5.png
    image6.png
    image7.png
    image8.jpeg
    image9.jpeg
  NSP1.cls
  paper.pdf
  paper.tex
  psfig.sty
  template.json
[2026-07-21 19:38:52,782] [INFO] [latex_compiler.py:131]: Template resource manifest (25 files):
  1.eps                                    template resource (graphic (EPS))
  2.eps                                    template resource (graphic (EPS))
  everyshi.sty                             template resource (package / style)
  logo7pt-eps-converted-to.pdf             template resource (graphic (PDF))
  logo7pt.eps                              template resource (graphic (EPS))
  main.aux                                 generated document / build artefact
  main.fdb_latexmk                         generated document / build artefact
  main.fls                                 generated document / build artefact
  main.log                                 generated document / build artefact
  main.out                                 generated document / build artefact
  main.pdf                                 generated document / build artefact
  main.tex                                 generated document / build artefact
  media\image1.jpeg                        renderer-generated media
  media\image10.jpeg                       renderer-generated media
  media\image4.jpeg                        renderer-generated media
  media\image5.png                         renderer-generated media
  media\image6.png                         renderer-generated media
  media\image7.png                         renderer-generated media
  media\image8.jpeg                        renderer-generated media
  media\image9.jpeg                        renderer-generated media
  NSP1.cls                                 template resource (document class)
  paper.pdf                                template resource (graphic (PDF))
  paper.tex                                template resource (included source)
  psfig.sty                                template resource (package / style)
  template.json                            template metadata
[2026-07-21 19:38:52,965] [INFO] [latex_compiler.py:144]: Dependency resolution (21 references):
  [LOCAL  ] documentclass   NSP1
  [SYSTEM ] usepackage      url
  [SYSTEM ] usepackage      floatflt
  [SYSTEM ] usepackage      helvet
  [SYSTEM ] usepackage      times
  [LOCAL  ] usepackage      psfig
  [SYSTEM ] usepackage      graphics
  [SYSTEM ] usepackage      mathptmx
  [SYSTEM ] usepackage      amsmath
  [SYSTEM ] usepackage      amssymb
  [SYSTEM ] usepackage      bm
  [SYSTEM ] usepackage      float
  [SYSTEM ] usepackage      caption
  [SYSTEM ] usepackage      xcolor
  [SYSTEM ] usepackage      graphicx
  [SYSTEM ] usepackage      multirow
  [SYSTEM ] usepackage      geometry
  [DYNAMIC] includegraphics #1
  [LOCAL  ] includegraphics media/image5.png
  [LOCAL  ] includegraphics media/image6.png
  [LOCAL  ] includegraphics media/image7.png
[2026-07-21 19:38:52,966] [INFO] [latex_compiler.py:357]: Using latexmk compiler.
[2026-07-21 19:38:56,443] [INFO] [latex_compiler.py:424]: Compilation completed successfully. PDF generated at: G:\work\Journal2LaTeX\backend\temp\57619e57-6198-4260-81aa-d6ebfac63745\output\paper.pdf
[2026-07-21 19:39:05,867] [INFO] [latex_compiler.py:321]: Starting LaTeX compilation for: G:\work\Journal2LaTeX\backend\temp\57619e57-6198-4260-81aa-d6ebfac63745\rendered\main.tex
[2026-07-21 19:39:05,870] [INFO] [latex_compiler.py:125]: Rendered working directory tree before compilation:
  1.eps
  2.eps
  everyshi.sty
  logo7pt-eps-converted-to.pdf
  logo7pt.eps
  main.aux
  main.fdb_latexmk
  main.fls
  main.log
  main.out
  main.pdf
  main.tex
  media/
    image1.jpeg
    image10.jpeg
    image4.jpeg
    image5.png
    image6.png
    image7.png
    image8.jpeg
    image9.jpeg
  NSP1.cls
  paper.pdf
  paper.tex
  psfig.sty
  template.json
[2026-07-21 19:39:05,873] [INFO] [latex_compiler.py:131]: Template resource manifest (25 files):
  1.eps                                    template resource (graphic (EPS))
  2.eps                                    template resource (graphic (EPS))
  everyshi.sty                             template resource (package / style)
  logo7pt-eps-converted-to.pdf             template resource (graphic (PDF))
  logo7pt.eps                              template resource (graphic (EPS))
  main.aux                                 generated document / build artefact
  main.fdb_latexmk                         generated document / build artefact
  main.fls                                 generated document / build artefact
  main.log                                 generated document / build artefact
  main.out                                 generated document / build artefact
  main.pdf                                 generated document / build artefact
  main.tex                                 generated document / build artefact
  media\image1.jpeg                        renderer-generated media
  media\image10.jpeg                       renderer-generated media
  media\image4.jpeg                        renderer-generated media
  media\image5.png                         renderer-generated media
  media\image6.png                         renderer-generated media
  media\image7.png                         renderer-generated media
  media\image8.jpeg                        renderer-generated media
  media\image9.jpeg                        renderer-generated media
  NSP1.cls                                 template resource (document class)
  paper.pdf                                template resource (graphic (PDF))
  paper.tex                                template resource (included source)
  psfig.sty                                template resource (package / style)
  template.json                            template metadata
[2026-07-21 19:39:06,033] [INFO] [latex_compiler.py:144]: Dependency resolution (21 references):
  [LOCAL  ] documentclass   NSP1
  [SYSTEM ] usepackage      url
  [SYSTEM ] usepackage      floatflt
  [SYSTEM ] usepackage      helvet
  [SYSTEM ] usepackage      times
  [LOCAL  ] usepackage      psfig
  [SYSTEM ] usepackage      graphics
  [SYSTEM ] usepackage      mathptmx
  [SYSTEM ] usepackage      amsmath
  [SYSTEM ] usepackage      amssymb
  [SYSTEM ] usepackage      bm
  [SYSTEM ] usepackage      float
  [SYSTEM ] usepackage      caption
  [SYSTEM ] usepackage      xcolor
  [SYSTEM ] usepackage      graphicx
  [SYSTEM ] usepackage      multirow
  [SYSTEM ] usepackage      geometry
  [DYNAMIC] includegraphics #1
  [LOCAL  ] includegraphics media/image5.png
  [LOCAL  ] includegraphics media/image6.png
  [LOCAL  ] includegraphics media/image7.png
[2026-07-21 19:39:06,034] [INFO] [latex_compiler.py:357]: Using latexmk compiler.
[2026-07-21 19:39:09,516] [INFO] [latex_compiler.py:424]: Compilation completed successfully. PDF generated at: G:\work\Journal2LaTeX\backend\temp\57619e57-6198-4260-81aa-d6ebfac63745\output\paper.pdf
[2026-07-21 19:39:19,671] [INFO] [latex_compiler.py:321]: Starting LaTeX compilation for: G:\work\Journal2LaTeX\backend\temp\57619e57-6198-4260-81aa-d6ebfac63745\rendered\main.tex
[2026-07-21 19:39:19,675] [INFO] [latex_compiler.py:125]: Rendered working directory tree before compilation:
  1.eps
  2.eps
  everyshi.sty
  logo7pt-eps-converted-to.pdf
  logo7pt.eps
  main.aux
  main.fdb_latexmk
  main.fls
  main.log
  main.out
  main.pdf
  main.tex
  media/
    image1.jpeg
    image10.jpeg
    image4.jpeg
    image5.png
    image6.png
    image7.png
    image8.jpeg
    image9.jpeg
  NSP1.cls
  paper.pdf
  paper.tex
  psfig.sty
  template.json
[2026-07-21 19:39:19,678] [INFO] [latex_compiler.py:131]: Template resource manifest (25 files):
  1.eps                                    template resource (graphic (EPS))
  2.eps                                    template resource (graphic (EPS))
  everyshi.sty                             template resource (package / style)
  logo7pt-eps-converted-to.pdf             template resource (graphic (PDF))
  logo7pt.eps                              template resource (graphic (EPS))
  main.aux                                 generated document / build artefact
  main.fdb_latexmk                         generated document / build artefact
  main.fls                                 generated document / build artefact
  main.log                                 generated document / build artefact
  main.out                                 generated document / build artefact
  main.pdf                                 generated document / build artefact
  main.tex                                 generated document / build artefact
  media\image1.jpeg                        renderer-generated media
  media\image10.jpeg                       renderer-generated media
  media\image4.jpeg                        renderer-generated media
  media\image5.png                         renderer-generated media
  media\image6.png                         renderer-generated media
  media\image7.png                         renderer-generated media
  media\image8.jpeg                        renderer-generated media
  media\image9.jpeg                        renderer-generated media
  NSP1.cls                                 template resource (document class)
  paper.pdf                                template resource (graphic (PDF))
  paper.tex                                template resource (included source)
  psfig.sty                                template resource (package / style)
  template.json                            template metadata
[2026-07-21 19:39:19,837] [INFO] [latex_compiler.py:144]: Dependency resolution (21 references):
  [LOCAL  ] documentclass   NSP1
  [SYSTEM ] usepackage      url
  [SYSTEM ] usepackage      floatflt
  [SYSTEM ] usepackage      helvet
  [SYSTEM ] usepackage      times
  [LOCAL  ] usepackage      psfig
  [SYSTEM ] usepackage      graphics
  [SYSTEM ] usepackage      mathptmx
  [SYSTEM ] usepackage      amsmath
  [SYSTEM ] usepackage      amssymb
  [SYSTEM ] usepackage      bm
  [SYSTEM ] usepackage      float
  [SYSTEM ] usepackage      caption
  [SYSTEM ] usepackage      xcolor
  [SYSTEM ] usepackage      graphicx
  [SYSTEM ] usepackage      multirow
  [SYSTEM ] usepackage      geometry
  [DYNAMIC] includegraphics #1
  [LOCAL  ] includegraphics media/image5.png
  [LOCAL  ] includegraphics media/image6.png
  [LOCAL  ] includegraphics media/image7.png
[2026-07-21 19:39:19,838] [INFO] [latex_compiler.py:357]: Using latexmk compiler.
[2026-07-21 19:39:23,276] [INFO] [latex_compiler.py:424]: Compilation completed successfully. PDF generated at: G:\work\Journal2LaTeX\backend\temp\57619e57-6198-4260-81aa-d6ebfac63745\output\paper.pdf
[2026-07-21 19:39:32,344] [INFO] [latex_compiler.py:321]: Starting LaTeX compilation for: G:\work\Journal2LaTeX\backend\temp\57619e57-6198-4260-81aa-d6ebfac63745\rendered\main.tex
[2026-07-21 19:39:32,348] [INFO] [latex_compiler.py:125]: Rendered working directory tree before compilation:
  1.eps
  2.eps
  everyshi.sty
  logo7pt-eps-converted-to.pdf
  logo7pt.eps
  main.aux
  main.fdb_latexmk
  main.fls
  main.log
  main.out
  main.pdf
  main.tex
  media/
    image1.jpeg
    image10.jpeg
    image4.jpeg
    image5.png
    image6.png
    image7.png
    image8.jpeg
    image9.jpeg
  NSP1.cls
  paper.pdf
  paper.tex
  psfig.sty
  template.json
[2026-07-21 19:39:32,350] [INFO] [latex_compiler.py:131]: Template resource manifest (25 files):
  1.eps                                    template resource (graphic (EPS))
  2.eps                                    template resource (graphic (EPS))
  everyshi.sty                             template resource (package / style)
  logo7pt-eps-converted-to.pdf             template resource (graphic (PDF))
  logo7pt.eps                              template resource (graphic (EPS))
  main.aux                                 generated document / build artefact
  main.fdb_latexmk                         generated document / build artefact
  main.fls                                 generated document / build artefact
  main.log                                 generated document / build artefact
  main.out                                 generated document / build artefact
  main.pdf                                 generated document / build artefact
  main.tex                                 generated document / build artefact
  media\image1.jpeg                        renderer-generated media
  media\image10.jpeg                       renderer-generated media
  media\image4.jpeg                        renderer-generated media
  media\image5.png                         renderer-generated media
  media\image6.png                         renderer-generated media
  media\image7.png                         renderer-generated media
  media\image8.jpeg                        renderer-generated media
  media\image9.jpeg                        renderer-generated media
  NSP1.cls                                 template resource (document class)
  paper.pdf                                template resource (graphic (PDF))
  paper.tex                                template resource (included source)
  psfig.sty                                template resource (package / style)
  template.json                            template metadata
[2026-07-21 19:39:32,513] [INFO] [latex_compiler.py:144]: Dependency resolution (21 references):
  [LOCAL  ] documentclass   NSP1
  [SYSTEM ] usepackage      url
  [SYSTEM ] usepackage      floatflt
  [SYSTEM ] usepackage      helvet
  [SYSTEM ] usepackage      times
  [LOCAL  ] usepackage      psfig
  [SYSTEM ] usepackage      graphics
  [SYSTEM ] usepackage      mathptmx
  [SYSTEM ] usepackage      amsmath
  [SYSTEM ] usepackage      amssymb
  [SYSTEM ] usepackage      bm
  [SYSTEM ] usepackage      float
  [SYSTEM ] usepackage      caption
  [SYSTEM ] usepackage      xcolor
  [SYSTEM ] usepackage      graphicx
  [SYSTEM ] usepackage      multirow
  [SYSTEM ] usepackage      geometry
  [DYNAMIC] includegraphics #1
  [LOCAL  ] includegraphics media/image5.png
  [LOCAL  ] includegraphics media/image6.png
  [LOCAL  ] includegraphics media/image7.png
[2026-07-21 19:39:32,515] [INFO] [latex_compiler.py:357]: Using latexmk compiler.
[2026-07-21 19:39:36,319] [INFO] [latex_compiler.py:424]: Compilation completed successfully. PDF generated at: G:\work\Journal2LaTeX\backend\temp\57619e57-6198-4260-81aa-d6ebfac63745\output\paper.pdf
[2026-07-21 19:39:45,809] [INFO] [latex_compiler.py:321]: Starting LaTeX compilation for: G:\work\Journal2LaTeX\backend\temp\57619e57-6198-4260-81aa-d6ebfac63745\rendered\main.tex
[2026-07-21 19:39:45,812] [INFO] [latex_compiler.py:125]: Rendered working directory tree before compilation:
  1.eps
  2.eps
  everyshi.sty
  logo7pt-eps-converted-to.pdf
  logo7pt.eps
  main.aux
  main.fdb_latexmk
  main.fls
  main.log
  main.out
  main.pdf
  main.tex
  media/
    image1.jpeg
    image10.jpeg
    image4.jpeg
    image5.png
    image6.png
    image7.png
    image8.jpeg
    image9.jpeg
  NSP1.cls
  paper.pdf
  paper.tex
  psfig.sty
  template.json
[2026-07-21 19:39:45,815] [INFO] [latex_compiler.py:131]: Template resource manifest (25 files):
  1.eps                                    template resource (graphic (EPS))
  2.eps                                    template resource (graphic (EPS))
  everyshi.sty                             template resource (package / style)
  logo7pt-eps-converted-to.pdf             template resource (graphic (PDF))
  logo7pt.eps                              template resource (graphic (EPS))
  main.aux                                 generated document / build artefact
  main.fdb_latexmk                         generated document / build artefact
  main.fls                                 generated document / build artefact
  main.log                                 generated document / build artefact
  main.out                                 generated document / build artefact
  main.pdf                                 generated document / build artefact
  main.tex                                 generated document / build artefact
  media\image1.jpeg                        renderer-generated media
  media\image10.jpeg                       renderer-generated media
  media\image4.jpeg                        renderer-generated media
  media\image5.png                         renderer-generated media
  media\image6.png                         renderer-generated media
  media\image7.png                         renderer-generated media
  media\image8.jpeg                        renderer-generated media
  media\image9.jpeg                        renderer-generated media
  NSP1.cls                                 template resource (document class)
  paper.pdf                                template resource (graphic (PDF))
  paper.tex                                template resource (included source)
  psfig.sty                                template resource (package / style)
  template.json                            template metadata
[2026-07-21 19:39:45,971] [INFO] [latex_compiler.py:144]: Dependency resolution (21 references):
  [LOCAL  ] documentclass   NSP1
  [SYSTEM ] usepackage      url
  [SYSTEM ] usepackage      floatflt
  [SYSTEM ] usepackage      helvet
  [SYSTEM ] usepackage      times
  [LOCAL  ] usepackage      psfig
  [SYSTEM ] usepackage      graphics
  [SYSTEM ] usepackage      mathptmx
  [SYSTEM ] usepackage      amsmath
  [SYSTEM ] usepackage      amssymb
  [SYSTEM ] usepackage      bm
  [SYSTEM ] usepackage      float
  [SYSTEM ] usepackage      caption
  [SYSTEM ] usepackage      xcolor
  [SYSTEM ] usepackage      graphicx
  [SYSTEM ] usepackage      multirow
  [SYSTEM ] usepackage      geometry
  [DYNAMIC] includegraphics #1
  [LOCAL  ] includegraphics media/image5.png
  [LOCAL  ] includegraphics media/image6.png
  [LOCAL  ] includegraphics media/image7.png
[2026-07-21 19:39:45,973] [INFO] [latex_compiler.py:357]: Using latexmk compiler.
[2026-07-21 19:39:49,481] [INFO] [latex_compiler.py:424]: Compilation completed successfully. PDF generated at: G:\work\Journal2LaTeX\backend\temp\57619e57-6198-4260-81aa-d6ebfac63745\output\paper.pdf
