[2026-07-21 19:37:54,087] [INFO] [job_manager.py:136]: Job 57619e57-6198-4260-81aa-d6ebfac63745 workspace created successfully
[2026-07-21 19:37:54,119] [INFO] [pipeline_service.py:45]: Starting validation for job: 57619e57-6198-4260-81aa-d6ebfac63745
[2026-07-21 19:37:54,135] [INFO] [job_manager.py:180]: Job status updated to: VALIDATING
[2026-07-21 19:37:54,150] [INFO] [job_manager.py:204]: Progress updated to 10%: Validating input Word Document
[2026-07-21 19:37:54,173] [INFO] [pipeline_service.py:60]: Validation successful.
[2026-07-21 19:37:54,191] [INFO] [job_manager.py:204]: Progress updated to 20%: Input document validated successfully
[2026-07-21 19:37:54,191] [INFO] [pipeline_service.py:67]: Starting document analysis for job: 57619e57-6198-4260-81aa-d6ebfac63745
[2026-07-21 19:37:54,209] [INFO] [job_manager.py:180]: Job status updated to: ANALYZING_DOCUMENT
[2026-07-21 19:37:54,227] [INFO] [job_manager.py:204]: Progress updated to 30%: Analyzing document structure and content blocks
[2026-07-21 19:37:54,227] [INFO] [document_analyzer.py:33]: Starting improved document analysis for: G:\work\Journal2LaTeX\backend\temp\57619e57-6198-4260-81aa-d6ebfac63745\input\The role.docx
[2026-07-21 19:37:55,161] [INFO] [document_analyzer.py:461]: Parsed document: title='The Role of Social Media in the Spread and Countering of Cyber-Extremism: An Islamic Jurisprudential and Educational Perspective', authors=19, sections=1, references=42
[2026-07-21 19:37:55,170] [INFO] [pipeline_service.py:95]: Document analysis completed. Saved structure to: G:\work\Journal2LaTeX\backend\temp\57619e57-6198-4260-81aa-d6ebfac63745\intermediate\document_structure.json, report to: G:\work\Journal2LaTeX\backend\temp\57619e57-6198-4260-81aa-d6ebfac63745\intermediate\conversion_report.json
[2026-07-21 19:37:55,189] [INFO] [job_manager.py:204]: Progress updated to 45%: Document structure extracted successfully
[2026-07-21 19:37:55,189] [INFO] [pipeline_service.py:108]: Starting asset extraction for job: 57619e57-6198-4260-81aa-d6ebfac63745
[2026-07-21 19:37:55,207] [INFO] [job_manager.py:180]: Job status updated to: EXTRACTING_ASSETS
[2026-07-21 19:37:55,221] [INFO] [job_manager.py:204]: Progress updated to 50%: Extracting images and figure assets from document
[2026-07-21 19:37:56,464] [INFO] [pipeline_service.py:141]: Assets extracted to: G:\work\Journal2LaTeX\backend\temp\57619e57-6198-4260-81aa-d6ebfac63745\intermediate\media
[2026-07-21 19:37:56,479] [INFO] [job_manager.py:204]: Progress updated to 60%: Document assets extracted successfully
[2026-07-21 19:37:56,479] [INFO] [pipeline_service.py:231]: Classifying extracted assets for job: 57619e57-6198-4260-81aa-d6ebfac63745
[2026-07-21 19:37:56,479] [INFO] [asset_analyzer.py:23]: Starting extended asset analysis for job: 57619e57-6198-4260-81aa-d6ebfac63745
[2026-07-21 19:37:56,483] [INFO] [asset_analyzer.py:153]: Extended asset classification completed. Assets classified: 7
[2026-07-21 19:37:56,496] [INFO] [job_manager.py:204]: Progress updated to 65%: Extracted assets analyzed and mapped successfully
[2026-07-21 19:37:56,542] [INFO] [pipeline_service.py:247]: Loading template 0330d582-a27b-4659-9f20-7fdef9219a46 for job: 57619e57-6198-4260-81aa-d6ebfac63745
[2026-07-21 19:37:56,557] [INFO] [job_manager.py:180]: Job status updated to: LOADING_TEMPLATE
[2026-07-21 19:37:56,570] [INFO] [job_manager.py:204]: Progress updated to 70%: Loading template styles: 0330d582-a27b-4659-9f20-7fdef9219a46
[2026-07-21 19:37:56,630] [INFO] [pipeline_service.py:269]: Template loaded and workspace prepared at: G:\work\Journal2LaTeX\backend\temp\57619e57-6198-4260-81aa-d6ebfac63745\rendered
[2026-07-21 19:37:56,643] [INFO] [job_manager.py:204]: Progress updated to 80%: Template workspace initialized
[2026-07-21 19:37:56,645] [INFO] [pipeline_service.py:294]: Starting LaTeX rendering for job: 57619e57-6198-4260-81aa-d6ebfac63745
[2026-07-21 19:37:56,658] [INFO] [job_manager.py:180]: Job status updated to: RENDERING_LATEX
[2026-07-21 19:37:56,672] [INFO] [job_manager.py:204]: Progress updated to 85%: Rendering document content to LaTeX
[2026-07-21 19:37:56,692] [INFO] [latex_renderer.py:72]: Starting LaTeX rendering inside workspace: G:\work\Journal2LaTeX\backend\temp\57619e57-6198-4260-81aa-d6ebfac63745\rendered
[2026-07-21 19:37:57,125] [INFO] [latex_renderer.py:355]: LaTeX document main.tex rendered successfully.
[2026-07-21 19:37:57,279] [INFO] [header_reconstructor.py:124]: Template class draws its own header; skipping fancyhdr injection.
[2026-07-21 19:37:57,282] [INFO] [job_manager.py:204]: Progress updated to 90%: LaTeX document rendering completed
[2026-07-21 19:37:57,283] [INFO] [pipeline_service.py:357]: Starting document compilation for job: 57619e57-6198-4260-81aa-d6ebfac63745
[2026-07-21 19:37:57,302] [INFO] [job_manager.py:180]: Job status updated to: COMPILING
[2026-07-21 19:37:57,315] [INFO] [job_manager.py:204]: Progress updated to 92%: Compiling LaTeX source to PDF
[2026-07-21 19:38:04,517] [INFO] [pipeline_service.py:380]: Compilation completed successfully.
[2026-07-21 19:38:04,522] [INFO] [pipeline_service.py:395]: Running E2E publication fidelity checker for job: 57619e57-6198-4260-81aa-d6ebfac63745
[2026-07-21 19:38:04,522] [INFO] [fidelity_checker.py:24]: Generating advanced fidelity report and scores for job: 57619e57-6198-4260-81aa-d6ebfac63745
[2026-07-21 19:38:04,526] [INFO] [fidelity_checker.py:163]: Fidelity report written to G:\work\Journal2LaTeX\backend\temp\57619e57-6198-4260-81aa-d6ebfac63745\intermediate\fidelity_report.json. Overall Score: 90.4%, Critical missing: 0
[2026-07-21 19:38:04,545] [INFO] [pipeline_service.py:357]: Starting document compilation for job: 57619e57-6198-4260-81aa-d6ebfac63745
[2026-07-21 19:38:08,410] [INFO] [pipeline_service.py:380]: Compilation completed successfully.
[2026-07-21 19:38:28,119] [INFO] [pipeline_service.py:357]: Starting document compilation for job: 57619e57-6198-4260-81aa-d6ebfac63745
[2026-07-21 19:38:31,627] [INFO] [pipeline_service.py:380]: Compilation completed successfully.
[2026-07-21 19:38:40,184] [INFO] [pipeline_service.py:357]: Starting document compilation for job: 57619e57-6198-4260-81aa-d6ebfac63745
[2026-07-21 19:38:43,685] [INFO] [pipeline_service.py:380]: Compilation completed successfully.
[2026-07-21 19:38:52,775] [INFO] [pipeline_service.py:357]: Starting document compilation for job: 57619e57-6198-4260-81aa-d6ebfac63745
[2026-07-21 19:38:56,467] [INFO] [pipeline_service.py:380]: Compilation completed successfully.
[2026-07-21 19:39:05,867] [INFO] [pipeline_service.py:357]: Starting document compilation for job: 57619e57-6198-4260-81aa-d6ebfac63745
[2026-07-21 19:39:09,536] [INFO] [pipeline_service.py:380]: Compilation completed successfully.
[2026-07-21 19:39:19,670] [INFO] [pipeline_service.py:357]: Starting document compilation for job: 57619e57-6198-4260-81aa-d6ebfac63745
[2026-07-21 19:39:23,292] [INFO] [pipeline_service.py:380]: Compilation completed successfully.
[2026-07-21 19:39:32,343] [INFO] [pipeline_service.py:357]: Starting document compilation for job: 57619e57-6198-4260-81aa-d6ebfac63745
[2026-07-21 19:39:36,337] [INFO] [pipeline_service.py:380]: Compilation completed successfully.
[2026-07-21 19:39:45,809] [INFO] [pipeline_service.py:357]: Starting document compilation for job: 57619e57-6198-4260-81aa-d6ebfac63745
[2026-07-21 19:39:49,496] [INFO] [pipeline_service.py:380]: Compilation completed successfully.
[2026-07-21 19:39:49,510] [INFO] [job_manager.py:180]: Job status updated to: COMPLETED
[2026-07-21 19:39:49,525] [INFO] [job_manager.py:204]: Progress updated to 100%: Pipeline process completed successfully
