[2026-07-18 00:19:35,131] [INFO] [job_manager.py:92]: Job 7d6ec825-e337-4524-99f3-1238a5b3b8e3 workspace created successfully
[2026-07-18 00:19:35,150] [INFO] [pipeline_service.py:30]: Starting validation for job: 7d6ec825-e337-4524-99f3-1238a5b3b8e3
[2026-07-18 00:19:35,151] [INFO] [job_manager.py:136]: Job status updated to: VALIDATING
[2026-07-18 00:19:35,167] [INFO] [job_manager.py:160]: Progress updated to 10%: Validating input Word Document
[2026-07-18 00:19:35,183] [INFO] [pipeline_service.py:45]: Validation successful.
[2026-07-18 00:19:35,197] [INFO] [job_manager.py:160]: Progress updated to 20%: Input document validated successfully
[2026-07-18 00:19:35,197] [INFO] [pipeline_service.py:52]: Starting document analysis for job: 7d6ec825-e337-4524-99f3-1238a5b3b8e3
[2026-07-18 00:19:35,211] [INFO] [job_manager.py:136]: Job status updated to: ANALYZING_DOCUMENT
[2026-07-18 00:19:35,225] [INFO] [job_manager.py:160]: Progress updated to 30%: Analyzing document structure and content blocks
[2026-07-18 00:19:35,225] [INFO] [document_analyzer.py:33]: Starting improved document analysis for: G:\work\Journal2LaTeX\backend\temp\7d6ec825-e337-4524-99f3-1238a5b3b8e3\input\test.docx
[2026-07-18 00:19:35,611] [INFO] [document_analyzer.py:254]: Parsed document: title='Statistical Analysis of Body Dysmorphic Disorder, Quality of Life, and Social Anxiety in Fire Victims: Path Analysis', authors=4, sections=1, references=0
[2026-07-18 00:19:35,613] [INFO] [pipeline_service.py:80]: Document analysis completed. Saved structure to: G:\work\Journal2LaTeX\backend\temp\7d6ec825-e337-4524-99f3-1238a5b3b8e3\intermediate\document_structure.json, report to: G:\work\Journal2LaTeX\backend\temp\7d6ec825-e337-4524-99f3-1238a5b3b8e3\intermediate\conversion_report.json
[2026-07-18 00:19:35,626] [INFO] [job_manager.py:160]: Progress updated to 45%: Document structure extracted successfully
[2026-07-18 00:19:35,626] [INFO] [pipeline_service.py:93]: Starting asset extraction for job: 7d6ec825-e337-4524-99f3-1238a5b3b8e3
[2026-07-18 00:19:35,637] [INFO] [job_manager.py:136]: Job status updated to: EXTRACTING_ASSETS
[2026-07-18 00:19:35,648] [INFO] [job_manager.py:160]: Progress updated to 50%: Extracting images and figure assets from document
[2026-07-18 00:19:36,029] [INFO] [pipeline_service.py:104]: Assets extracted to: G:\work\Journal2LaTeX\backend\temp\7d6ec825-e337-4524-99f3-1238a5b3b8e3\intermediate\media
[2026-07-18 00:19:36,042] [INFO] [job_manager.py:160]: Progress updated to 60%: Document assets extracted successfully
[2026-07-18 00:19:36,061] [INFO] [pipeline_service.py:116]: Loading template JSAP for job: 7d6ec825-e337-4524-99f3-1238a5b3b8e3
[2026-07-18 00:19:36,062] [INFO] [job_manager.py:136]: Job status updated to: LOADING_TEMPLATE
[2026-07-18 00:19:36,076] [INFO] [job_manager.py:160]: Progress updated to 70%: Loading template styles: JSAP
[2026-07-18 00:19:36,095] [INFO] [pipeline_service.py:134]: Template loaded and workspace prepared at: G:\work\Journal2LaTeX\backend\temp\7d6ec825-e337-4524-99f3-1238a5b3b8e3\rendered
[2026-07-18 00:19:36,109] [INFO] [job_manager.py:160]: Progress updated to 80%: Template workspace initialized
[2026-07-18 00:19:36,109] [INFO] [pipeline_service.py:147]: Starting LaTeX rendering for job: 7d6ec825-e337-4524-99f3-1238a5b3b8e3
[2026-07-18 00:19:36,121] [INFO] [job_manager.py:136]: Job status updated to: RENDERING_LATEX
[2026-07-18 00:19:36,134] [INFO] [job_manager.py:160]: Progress updated to 85%: Rendering document content to LaTeX
[2026-07-18 00:19:36,146] [INFO] [latex_renderer.py:29]: Starting LaTeX rendering inside workspace: G:\work\Journal2LaTeX\backend\temp\7d6ec825-e337-4524-99f3-1238a5b3b8e3\rendered
[2026-07-18 00:19:36,151] [INFO] [latex_renderer.py:105]: LaTeX document main.tex rendered successfully.
[2026-07-18 00:19:36,162] [INFO] [job_manager.py:160]: Progress updated to 90%: LaTeX document rendering completed
[2026-07-18 00:19:36,163] [INFO] [pipeline_service.py:181]: Starting document compilation for job: 7d6ec825-e337-4524-99f3-1238a5b3b8e3
[2026-07-18 00:19:36,174] [INFO] [job_manager.py:136]: Job status updated to: COMPILING
[2026-07-18 00:19:36,187] [INFO] [job_manager.py:160]: Progress updated to 92%: Compiling LaTeX source to PDF
[2026-07-18 00:19:40,538] [INFO] [pipeline_service.py:203]: Compilation completed successfully.
[2026-07-18 00:19:40,551] [INFO] [job_manager.py:136]: Job status updated to: COMPLETED
[2026-07-18 00:19:40,563] [INFO] [job_manager.py:160]: Progress updated to 100%: Pipeline process completed successfully
