[2026-07-18 18:34:37,114] [INFO] [job_manager.py:117]: Job db684f11-0ef9-4e3f-bac8-6374949b2cba workspace created successfully
[2026-07-18 18:34:37,116] [INFO] [pipeline_service.py:36]: Starting validation for job: db684f11-0ef9-4e3f-bac8-6374949b2cba
[2026-07-18 18:34:37,129] [INFO] [job_manager.py:161]: Job status updated to: VALIDATING
[2026-07-18 18:34:37,144] [INFO] [job_manager.py:185]: Progress updated to 10%: Validating input Word Document
[2026-07-18 18:34:37,164] [INFO] [pipeline_service.py:51]: Validation successful.
[2026-07-18 18:34:37,175] [INFO] [job_manager.py:185]: Progress updated to 20%: Input document validated successfully
[2026-07-18 18:34:37,175] [INFO] [pipeline_service.py:58]: Starting document analysis for job: db684f11-0ef9-4e3f-bac8-6374949b2cba
[2026-07-18 18:34:37,187] [INFO] [job_manager.py:161]: Job status updated to: ANALYZING_DOCUMENT
[2026-07-18 18:34:37,201] [INFO] [job_manager.py:185]: Progress updated to 30%: Analyzing document structure and content blocks
[2026-07-18 18:34:37,201] [INFO] [document_analyzer.py:33]: Starting improved document analysis for: G:\work\Journal2LaTeX\temp\db684f11-0ef9-4e3f-bac8-6374949b2cba\input\style_apa.docx
[2026-07-18 18:34:37,398] [INFO] [document_analyzer.py:416]: Parsed document: title='Test Document Title', authors=2, sections=1, references=1
[2026-07-18 18:34:37,400] [INFO] [pipeline_service.py:86]: Document analysis completed. Saved structure to: G:\work\Journal2LaTeX\temp\db684f11-0ef9-4e3f-bac8-6374949b2cba\intermediate\document_structure.json, report to: G:\work\Journal2LaTeX\temp\db684f11-0ef9-4e3f-bac8-6374949b2cba\intermediate\conversion_report.json
[2026-07-18 18:34:37,413] [INFO] [job_manager.py:185]: Progress updated to 45%: Document structure extracted successfully
[2026-07-18 18:34:37,413] [INFO] [pipeline_service.py:99]: Starting asset extraction for job: db684f11-0ef9-4e3f-bac8-6374949b2cba
[2026-07-18 18:34:37,426] [INFO] [job_manager.py:161]: Job status updated to: EXTRACTING_ASSETS
[2026-07-18 18:34:37,442] [INFO] [job_manager.py:185]: Progress updated to 50%: Extracting images and figure assets from document
[2026-07-18 18:34:37,628] [INFO] [pipeline_service.py:111]: Assets extracted to: G:\work\Journal2LaTeX\temp\db684f11-0ef9-4e3f-bac8-6374949b2cba\intermediate\media
[2026-07-18 18:34:37,639] [INFO] [job_manager.py:185]: Progress updated to 60%: Document assets extracted successfully
[2026-07-18 18:34:37,639] [INFO] [pipeline_service.py:123]: Classifying extracted assets for job: db684f11-0ef9-4e3f-bac8-6374949b2cba
[2026-07-18 18:34:37,639] [INFO] [asset_analyzer.py:23]: Starting extended asset analysis for job: db684f11-0ef9-4e3f-bac8-6374949b2cba
[2026-07-18 18:34:37,642] [INFO] [asset_analyzer.py:153]: Extended asset classification completed. Assets classified: 0
[2026-07-18 18:34:37,652] [INFO] [job_manager.py:185]: Progress updated to 65%: Extracted assets analyzed and mapped successfully
[2026-07-18 18:34:37,652] [INFO] [pipeline_service.py:139]: Loading template default for job: db684f11-0ef9-4e3f-bac8-6374949b2cba
[2026-07-18 18:34:37,668] [INFO] [job_manager.py:161]: Job status updated to: LOADING_TEMPLATE
[2026-07-18 18:34:37,680] [INFO] [job_manager.py:185]: Progress updated to 70%: Loading template styles: default
[2026-07-18 18:34:37,687] [INFO] [pipeline_service.py:157]: Template loaded and workspace prepared at: G:\work\Journal2LaTeX\temp\db684f11-0ef9-4e3f-bac8-6374949b2cba\rendered
[2026-07-18 18:34:37,699] [INFO] [job_manager.py:185]: Progress updated to 80%: Template workspace initialized
[2026-07-18 18:34:37,699] [INFO] [pipeline_service.py:170]: Starting LaTeX rendering for job: db684f11-0ef9-4e3f-bac8-6374949b2cba
[2026-07-18 18:34:37,712] [INFO] [job_manager.py:161]: Job status updated to: RENDERING_LATEX
[2026-07-18 18:34:37,785] [INFO] [job_manager.py:185]: Progress updated to 85%: Rendering document content to LaTeX
[2026-07-18 18:34:37,787] [INFO] [latex_renderer.py:70]: Starting LaTeX rendering inside workspace: G:\work\Journal2LaTeX\temp\db684f11-0ef9-4e3f-bac8-6374949b2cba\rendered
[2026-07-18 18:34:37,795] [INFO] [latex_renderer.py:337]: LaTeX document main.tex rendered successfully.
[2026-07-18 18:34:37,809] [INFO] [job_manager.py:185]: Progress updated to 90%: LaTeX document rendering completed
[2026-07-18 18:34:37,809] [INFO] [pipeline_service.py:204]: Starting document compilation for job: db684f11-0ef9-4e3f-bac8-6374949b2cba
[2026-07-18 18:34:37,824] [INFO] [job_manager.py:161]: Job status updated to: COMPILING
[2026-07-18 18:34:37,837] [INFO] [job_manager.py:185]: Progress updated to 92%: Compiling LaTeX source to PDF
[2026-07-18 18:34:40,370] [INFO] [pipeline_service.py:226]: Compilation completed successfully.
