[2026-07-18 00:44:37,433] [INFO] [job_manager.py:92]: Job 994f1ea9-df32-43e4-94ad-ce2c26c0e9dd workspace created successfully
[2026-07-18 00:44:37,466] [INFO] [pipeline_service.py:34]: Starting validation for job: 994f1ea9-df32-43e4-94ad-ce2c26c0e9dd
[2026-07-18 00:44:37,467] [INFO] [job_manager.py:136]: Job status updated to: VALIDATING
[2026-07-18 00:44:37,483] [INFO] [job_manager.py:160]: Progress updated to 10%: Validating input Word Document
[2026-07-18 00:44:37,508] [INFO] [pipeline_service.py:49]: Validation successful.
[2026-07-18 00:44:37,522] [INFO] [job_manager.py:160]: Progress updated to 20%: Input document validated successfully
[2026-07-18 00:44:37,522] [INFO] [pipeline_service.py:56]: Starting document analysis for job: 994f1ea9-df32-43e4-94ad-ce2c26c0e9dd
[2026-07-18 00:44:37,536] [INFO] [job_manager.py:136]: Job status updated to: ANALYZING_DOCUMENT
[2026-07-18 00:44:37,552] [INFO] [job_manager.py:160]: Progress updated to 30%: Analyzing document structure and content blocks
[2026-07-18 00:44:37,552] [INFO] [document_analyzer.py:33]: Starting improved document analysis for: G:\work\Journal2LaTeX\backend\temp\994f1ea9-df32-43e4-94ad-ce2c26c0e9dd\input\test.docx
[2026-07-18 00:44:38,061] [INFO] [document_analyzer.py:298]: Parsed document: title='Statistical Analysis of Body Dysmorphic Disorder, Quality of Life, and Social Anxiety in Fire Victims: Path Analysis', authors=3, sections=1, references=0
[2026-07-18 00:44:38,064] [INFO] [pipeline_service.py:84]: Document analysis completed. Saved structure to: G:\work\Journal2LaTeX\backend\temp\994f1ea9-df32-43e4-94ad-ce2c26c0e9dd\intermediate\document_structure.json, report to: G:\work\Journal2LaTeX\backend\temp\994f1ea9-df32-43e4-94ad-ce2c26c0e9dd\intermediate\conversion_report.json
[2026-07-18 00:44:38,076] [INFO] [job_manager.py:160]: Progress updated to 45%: Document structure extracted successfully
[2026-07-18 00:44:38,076] [INFO] [pipeline_service.py:97]: Starting asset extraction for job: 994f1ea9-df32-43e4-94ad-ce2c26c0e9dd
[2026-07-18 00:44:38,094] [INFO] [job_manager.py:136]: Job status updated to: EXTRACTING_ASSETS
[2026-07-18 00:44:38,114] [INFO] [job_manager.py:160]: Progress updated to 50%: Extracting images and figure assets from document
[2026-07-18 00:44:38,585] [INFO] [pipeline_service.py:108]: Assets extracted to: G:\work\Journal2LaTeX\backend\temp\994f1ea9-df32-43e4-94ad-ce2c26c0e9dd\intermediate\media
[2026-07-18 00:44:38,601] [INFO] [job_manager.py:160]: Progress updated to 60%: Document assets extracted successfully
[2026-07-18 00:44:38,601] [INFO] [pipeline_service.py:120]: Classifying extracted assets for job: 994f1ea9-df32-43e4-94ad-ce2c26c0e9dd
[2026-07-18 00:44:38,601] [INFO] [asset_analyzer.py:23]: Starting asset analysis for job: 994f1ea9-df32-43e4-94ad-ce2c26c0e9dd
[2026-07-18 00:44:38,604] [INFO] [asset_analyzer.py:109]: Asset classification completed. Assets classified: 0
[2026-07-18 00:44:38,622] [INFO] [job_manager.py:160]: Progress updated to 65%: Extracted assets analyzed and mapped successfully
[2026-07-18 00:44:38,648] [INFO] [pipeline_service.py:136]: Loading template JSAP for job: 994f1ea9-df32-43e4-94ad-ce2c26c0e9dd
[2026-07-18 00:44:38,649] [INFO] [job_manager.py:136]: Job status updated to: LOADING_TEMPLATE
[2026-07-18 00:44:38,665] [INFO] [job_manager.py:160]: Progress updated to 70%: Loading template styles: JSAP
[2026-07-18 00:44:38,694] [INFO] [pipeline_service.py:154]: Template loaded and workspace prepared at: G:\work\Journal2LaTeX\backend\temp\994f1ea9-df32-43e4-94ad-ce2c26c0e9dd\rendered
[2026-07-18 00:44:38,706] [INFO] [job_manager.py:160]: Progress updated to 80%: Template workspace initialized
[2026-07-18 00:44:38,706] [INFO] [pipeline_service.py:167]: Starting LaTeX rendering for job: 994f1ea9-df32-43e4-94ad-ce2c26c0e9dd
[2026-07-18 00:44:38,724] [INFO] [job_manager.py:136]: Job status updated to: RENDERING_LATEX
[2026-07-18 00:44:38,741] [INFO] [job_manager.py:160]: Progress updated to 85%: Rendering document content to LaTeX
[2026-07-18 00:44:38,754] [INFO] [latex_renderer.py:29]: Starting LaTeX rendering inside workspace: G:\work\Journal2LaTeX\backend\temp\994f1ea9-df32-43e4-94ad-ce2c26c0e9dd\rendered
[2026-07-18 00:44:38,760] [INFO] [latex_renderer.py:105]: LaTeX document main.tex rendered successfully.
[2026-07-18 00:44:38,773] [INFO] [job_manager.py:160]: Progress updated to 90%: LaTeX document rendering completed
[2026-07-18 00:44:38,773] [INFO] [pipeline_service.py:201]: Starting document compilation for job: 994f1ea9-df32-43e4-94ad-ce2c26c0e9dd
[2026-07-18 00:44:38,790] [INFO] [job_manager.py:136]: Job status updated to: COMPILING
[2026-07-18 00:44:38,801] [INFO] [job_manager.py:160]: Progress updated to 92%: Compiling LaTeX source to PDF
[2026-07-18 00:44:43,961] [INFO] [pipeline_service.py:223]: Compilation completed successfully.
[2026-07-18 00:44:43,962] [INFO] [pipeline_service.py:235]: Running E2E publication fidelity checker for job: 994f1ea9-df32-43e4-94ad-ce2c26c0e9dd
[2026-07-18 00:44:43,962] [INFO] [fidelity_checker.py:24]: Generating fidelity report for job: 994f1ea9-df32-43e4-94ad-ce2c26c0e9dd
[2026-07-18 00:44:43,965] [INFO] [fidelity_checker.py:100]: Fidelity report written to G:\work\Journal2LaTeX\backend\temp\994f1ea9-df32-43e4-94ad-ce2c26c0e9dd\intermediate\fidelity_report.json. Missing assets: 4, warnings: 10
[2026-07-18 00:44:43,981] [INFO] [job_manager.py:136]: Job status updated to: COMPLETED
[2026-07-18 00:44:43,998] [INFO] [job_manager.py:160]: Progress updated to 100%: Pipeline process completed successfully
