[2026-07-23 15:06:22,105] [INFO] [latex_compiler.py:337]: Starting LaTeX compilation for: G:\work\Journal2LaTeX\backend\temp\36458716-b5a9-4fdf-8d1b-469f47247b24\rendered\main.tex
[2026-07-23 15:06:22,111] [INFO] [latex_compiler.py:364]: Applied template compatibility layer to main.tex
[2026-07-23 15:06:22,112] [INFO] [latex_compiler.py:126]: Rendered working directory tree before compilation:
  default.cls
  default.sty
  logo.png
  main.tex
  media/
  template.json
  template.tex
[2026-07-23 15:06:22,113] [INFO] [latex_compiler.py:132]: Template resource manifest (6 files):
  default.cls                              template resource (document class)
  default.sty                              template resource (package / style)
  logo.png                                 template resource (graphic (PNG))
  main.tex                                 generated document / build artefact
  template.json                            template metadata
  template.tex                             template resource (included source)
[2026-07-23 15:06:22,588] [INFO] [latex_compiler.py:154]: Dependency resolution (3 references):
  [LOCAL  ] documentclass   default
  [SYSTEM ] usepackage      xcolor
  [LOCAL  ] usepackage      default
[2026-07-23 15:06:23,261] [INFO] [latex_compiler.py:395]: Using latexmk compiler.
[2026-07-23 15:06:26,109] [INFO] [latex_compiler.py:462]: Compilation completed successfully. PDF generated at: G:\work\Journal2LaTeX\backend\temp\36458716-b5a9-4fdf-8d1b-469f47247b24\output\paper.pdf
[2026-07-23 15:06:26,148] [INFO] [latex_compiler.py:337]: Starting LaTeX compilation for: G:\work\Journal2LaTeX\backend\temp\36458716-b5a9-4fdf-8d1b-469f47247b24\rendered\main.tex
[2026-07-23 15:06:26,151] [INFO] [latex_compiler.py:364]: Applied template compatibility layer to main.tex
[2026-07-23 15:06:26,154] [INFO] [latex_compiler.py:126]: Rendered working directory tree before compilation:
  default.cls
  default.sty
  logo.png
  main.aux
  main.fdb_latexmk
  main.fls
  main.log
  main.out
  main.pdf
  main.tex
  media/
  template.json
  template.tex
[2026-07-23 15:06:26,155] [INFO] [latex_compiler.py:132]: Template resource manifest (12 files):
  default.cls                              template resource (document class)
  default.sty                              template resource (package / style)
  logo.png                                 template resource (graphic (PNG))
  main.aux                                 generated document / build artefact
  main.fdb_latexmk                         generated document / build artefact
  main.fls                                 generated document / build artefact
  main.log                                 generated document / build artefact
  main.out                                 generated document / build artefact
  main.pdf                                 generated document / build artefact
  main.tex                                 generated document / build artefact
  template.json                            template metadata
  template.tex                             template resource (included source)
[2026-07-23 15:06:26,622] [INFO] [latex_compiler.py:154]: Dependency resolution (4 references):
  [LOCAL  ] documentclass   default
  [SYSTEM ] usepackage      xcolor
  [LOCAL  ] usepackage      default
  [SYSTEM ] usepackage      geometry
[2026-07-23 15:06:26,623] [INFO] [latex_compiler.py:395]: Using latexmk compiler.
[2026-07-23 15:06:28,338] [INFO] [latex_compiler.py:462]: Compilation completed successfully. PDF generated at: G:\work\Journal2LaTeX\backend\temp\36458716-b5a9-4fdf-8d1b-469f47247b24\output\paper.pdf
[2026-07-23 15:06:32,738] [INFO] [latex_compiler.py:337]: Starting LaTeX compilation for: G:\work\Journal2LaTeX\backend\temp\36458716-b5a9-4fdf-8d1b-469f47247b24\rendered\main.tex
[2026-07-23 15:06:32,740] [INFO] [latex_compiler.py:364]: Applied template compatibility layer to main.tex
[2026-07-23 15:06:32,743] [INFO] [latex_compiler.py:126]: Rendered working directory tree before compilation:
  default.cls
  default.sty
  logo.png
  main.aux
  main.fdb_latexmk
  main.fls
  main.log
  main.out
  main.pdf
  main.tex
  media/
  template.json
  template.tex
[2026-07-23 15:06:32,745] [INFO] [latex_compiler.py:132]: Template resource manifest (12 files):
  default.cls                              template resource (document class)
  default.sty                              template resource (package / style)
  logo.png                                 template resource (graphic (PNG))
  main.aux                                 generated document / build artefact
  main.fdb_latexmk                         generated document / build artefact
  main.fls                                 generated document / build artefact
  main.log                                 generated document / build artefact
  main.out                                 generated document / build artefact
  main.pdf                                 generated document / build artefact
  main.tex                                 generated document / build artefact
  template.json                            template metadata
  template.tex                             template resource (included source)
[2026-07-23 15:06:32,748] [INFO] [latex_compiler.py:154]: Dependency resolution (4 references):
  [LOCAL  ] documentclass   default
  [SYSTEM ] usepackage      xcolor
  [LOCAL  ] usepackage      default
  [SYSTEM ] usepackage      geometry
[2026-07-23 15:06:32,748] [INFO] [latex_compiler.py:395]: Using latexmk compiler.
[2026-07-23 15:06:34,482] [INFO] [latex_compiler.py:462]: Compilation completed successfully. PDF generated at: G:\work\Journal2LaTeX\backend\temp\36458716-b5a9-4fdf-8d1b-469f47247b24\output\paper.pdf
[2026-07-23 15:06:34,724] [INFO] [latex_compiler.py:337]: Starting LaTeX compilation for: G:\work\Journal2LaTeX\backend\temp\36458716-b5a9-4fdf-8d1b-469f47247b24\rendered\main.tex
[2026-07-23 15:06:34,726] [INFO] [latex_compiler.py:364]: Applied template compatibility layer to main.tex
[2026-07-23 15:06:34,727] [INFO] [latex_compiler.py:126]: Rendered working directory tree before compilation:
  default.cls
  default.sty
  logo.png
  main.aux
  main.fdb_latexmk
  main.fls
  main.log
  main.out
  main.pdf
  main.tex
  media/
  template.json
  template.tex
[2026-07-23 15:06:34,729] [INFO] [latex_compiler.py:132]: Template resource manifest (12 files):
  default.cls                              template resource (document class)
  default.sty                              template resource (package / style)
  logo.png                                 template resource (graphic (PNG))
  main.aux                                 generated document / build artefact
  main.fdb_latexmk                         generated document / build artefact
  main.fls                                 generated document / build artefact
  main.log                                 generated document / build artefact
  main.out                                 generated document / build artefact
  main.pdf                                 generated document / build artefact
  main.tex                                 generated document / build artefact
  template.json                            template metadata
  template.tex                             template resource (included source)
[2026-07-23 15:06:34,731] [INFO] [latex_compiler.py:154]: Dependency resolution (4 references):
  [LOCAL  ] documentclass   default
  [SYSTEM ] usepackage      xcolor
  [LOCAL  ] usepackage      default
  [SYSTEM ] usepackage      geometry
[2026-07-23 15:06:34,732] [INFO] [latex_compiler.py:395]: Using latexmk compiler.
[2026-07-23 15:06:36,449] [INFO] [latex_compiler.py:462]: Compilation completed successfully. PDF generated at: G:\work\Journal2LaTeX\backend\temp\36458716-b5a9-4fdf-8d1b-469f47247b24\output\paper.pdf
[2026-07-23 15:06:36,683] [INFO] [latex_compiler.py:337]: Starting LaTeX compilation for: G:\work\Journal2LaTeX\backend\temp\36458716-b5a9-4fdf-8d1b-469f47247b24\rendered\main.tex
[2026-07-23 15:06:36,687] [INFO] [latex_compiler.py:364]: Applied template compatibility layer to main.tex
[2026-07-23 15:06:36,689] [INFO] [latex_compiler.py:126]: Rendered working directory tree before compilation:
  default.cls
  default.sty
  logo.png
  main.aux
  main.fdb_latexmk
  main.fls
  main.log
  main.out
  main.pdf
  main.tex
  media/
  template.json
  template.tex
[2026-07-23 15:06:36,690] [INFO] [latex_compiler.py:132]: Template resource manifest (12 files):
  default.cls                              template resource (document class)
  default.sty                              template resource (package / style)
  logo.png                                 template resource (graphic (PNG))
  main.aux                                 generated document / build artefact
  main.fdb_latexmk                         generated document / build artefact
  main.fls                                 generated document / build artefact
  main.log                                 generated document / build artefact
  main.out                                 generated document / build artefact
  main.pdf                                 generated document / build artefact
  main.tex                                 generated document / build artefact
  template.json                            template metadata
  template.tex                             template resource (included source)
[2026-07-23 15:06:36,692] [INFO] [latex_compiler.py:154]: Dependency resolution (4 references):
  [LOCAL  ] documentclass   default
  [SYSTEM ] usepackage      xcolor
  [LOCAL  ] usepackage      default
  [SYSTEM ] usepackage      geometry
[2026-07-23 15:06:36,693] [INFO] [latex_compiler.py:395]: Using latexmk compiler.
[2026-07-23 15:06:38,647] [INFO] [latex_compiler.py:462]: Compilation completed successfully. PDF generated at: G:\work\Journal2LaTeX\backend\temp\36458716-b5a9-4fdf-8d1b-469f47247b24\output\paper.pdf
[2026-07-23 15:06:38,899] [INFO] [latex_compiler.py:337]: Starting LaTeX compilation for: G:\work\Journal2LaTeX\backend\temp\36458716-b5a9-4fdf-8d1b-469f47247b24\rendered\main.tex
[2026-07-23 15:06:38,901] [INFO] [latex_compiler.py:364]: Applied template compatibility layer to main.tex
[2026-07-23 15:06:38,903] [INFO] [latex_compiler.py:126]: Rendered working directory tree before compilation:
  default.cls
  default.sty
  logo.png
  main.aux
  main.fdb_latexmk
  main.fls
  main.log
  main.out
  main.pdf
  main.tex
  media/
  template.json
  template.tex
[2026-07-23 15:06:38,904] [INFO] [latex_compiler.py:132]: Template resource manifest (12 files):
  default.cls                              template resource (document class)
  default.sty                              template resource (package / style)
  logo.png                                 template resource (graphic (PNG))
  main.aux                                 generated document / build artefact
  main.fdb_latexmk                         generated document / build artefact
  main.fls                                 generated document / build artefact
  main.log                                 generated document / build artefact
  main.out                                 generated document / build artefact
  main.pdf                                 generated document / build artefact
  main.tex                                 generated document / build artefact
  template.json                            template metadata
  template.tex                             template resource (included source)
[2026-07-23 15:06:38,907] [INFO] [latex_compiler.py:154]: Dependency resolution (4 references):
  [LOCAL  ] documentclass   default
  [SYSTEM ] usepackage      xcolor
  [LOCAL  ] usepackage      default
  [SYSTEM ] usepackage      geometry
[2026-07-23 15:06:38,908] [INFO] [latex_compiler.py:395]: Using latexmk compiler.
[2026-07-23 15:06:40,576] [INFO] [latex_compiler.py:462]: Compilation completed successfully. PDF generated at: G:\work\Journal2LaTeX\backend\temp\36458716-b5a9-4fdf-8d1b-469f47247b24\output\paper.pdf
[2026-07-23 15:06:40,912] [INFO] [latex_compiler.py:337]: Starting LaTeX compilation for: G:\work\Journal2LaTeX\backend\temp\36458716-b5a9-4fdf-8d1b-469f47247b24\rendered\main.tex
[2026-07-23 15:06:40,917] [INFO] [latex_compiler.py:364]: Applied template compatibility layer to main.tex
[2026-07-23 15:06:40,918] [INFO] [latex_compiler.py:126]: Rendered working directory tree before compilation:
  default.cls
  default.sty
  logo.png
  main.aux
  main.fdb_latexmk
  main.fls
  main.log
  main.out
  main.pdf
  main.tex
  media/
  template.json
  template.tex
[2026-07-23 15:06:40,920] [INFO] [latex_compiler.py:132]: Template resource manifest (12 files):
  default.cls                              template resource (document class)
  default.sty                              template resource (package / style)
  logo.png                                 template resource (graphic (PNG))
  main.aux                                 generated document / build artefact
  main.fdb_latexmk                         generated document / build artefact
  main.fls                                 generated document / build artefact
  main.log                                 generated document / build artefact
  main.out                                 generated document / build artefact
  main.pdf                                 generated document / build artefact
  main.tex                                 generated document / build artefact
  template.json                            template metadata
  template.tex                             template resource (included source)
[2026-07-23 15:06:40,921] [INFO] [latex_compiler.py:154]: Dependency resolution (3 references):
  [LOCAL  ] documentclass   default
  [SYSTEM ] usepackage      xcolor
  [LOCAL  ] usepackage      default
[2026-07-23 15:06:40,922] [INFO] [latex_compiler.py:395]: Using latexmk compiler.
[2026-07-23 15:06:42,587] [INFO] [latex_compiler.py:462]: Compilation completed successfully. PDF generated at: G:\work\Journal2LaTeX\backend\temp\36458716-b5a9-4fdf-8d1b-469f47247b24\output\paper.pdf
[2026-07-23 15:06:42,620] [INFO] [latex_compiler.py:337]: Starting LaTeX compilation for: G:\work\Journal2LaTeX\backend\temp\36458716-b5a9-4fdf-8d1b-469f47247b24\rendered\main.tex
[2026-07-23 15:06:42,622] [INFO] [latex_compiler.py:364]: Applied template compatibility layer to main.tex
[2026-07-23 15:06:42,624] [INFO] [latex_compiler.py:126]: Rendered working directory tree before compilation:
  default.cls
  default.sty
  logo.png
  main.aux
  main.fdb_latexmk
  main.fls
  main.log
  main.out
  main.pdf
  main.tex
  media/
  template.json
  template.tex
[2026-07-23 15:06:42,625] [INFO] [latex_compiler.py:132]: Template resource manifest (12 files):
  default.cls                              template resource (document class)
  default.sty                              template resource (package / style)
  logo.png                                 template resource (graphic (PNG))
  main.aux                                 generated document / build artefact
  main.fdb_latexmk                         generated document / build artefact
  main.fls                                 generated document / build artefact
  main.log                                 generated document / build artefact
  main.out                                 generated document / build artefact
  main.pdf                                 generated document / build artefact
  main.tex                                 generated document / build artefact
  template.json                            template metadata
  template.tex                             template resource (included source)
[2026-07-23 15:06:42,628] [INFO] [latex_compiler.py:154]: Dependency resolution (4 references):
  [LOCAL  ] documentclass   default
  [SYSTEM ] usepackage      xcolor
  [LOCAL  ] usepackage      default
  [SYSTEM ] usepackage      geometry
[2026-07-23 15:06:42,628] [INFO] [latex_compiler.py:395]: Using latexmk compiler.
[2026-07-23 15:06:44,285] [INFO] [latex_compiler.py:462]: Compilation completed successfully. PDF generated at: G:\work\Journal2LaTeX\backend\temp\36458716-b5a9-4fdf-8d1b-469f47247b24\output\paper.pdf
[2026-07-23 15:06:44,503] [INFO] [latex_compiler.py:337]: Starting LaTeX compilation for: G:\work\Journal2LaTeX\backend\temp\36458716-b5a9-4fdf-8d1b-469f47247b24\rendered\main.tex
[2026-07-23 15:06:44,505] [INFO] [latex_compiler.py:364]: Applied template compatibility layer to main.tex
[2026-07-23 15:06:44,507] [INFO] [latex_compiler.py:126]: Rendered working directory tree before compilation:
  default.cls
  default.sty
  logo.png
  main.aux
  main.fdb_latexmk
  main.fls
  main.log
  main.out
  main.pdf
  main.tex
  media/
  template.json
  template.tex
[2026-07-23 15:06:44,508] [INFO] [latex_compiler.py:132]: Template resource manifest (12 files):
  default.cls                              template resource (document class)
  default.sty                              template resource (package / style)
  logo.png                                 template resource (graphic (PNG))
  main.aux                                 generated document / build artefact
  main.fdb_latexmk                         generated document / build artefact
  main.fls                                 generated document / build artefact
  main.log                                 generated document / build artefact
  main.out                                 generated document / build artefact
  main.pdf                                 generated document / build artefact
  main.tex                                 generated document / build artefact
  template.json                            template metadata
  template.tex                             template resource (included source)
[2026-07-23 15:06:44,511] [INFO] [latex_compiler.py:154]: Dependency resolution (4 references):
  [LOCAL  ] documentclass   default
  [SYSTEM ] usepackage      xcolor
  [LOCAL  ] usepackage      default
  [SYSTEM ] usepackage      geometry
[2026-07-23 15:06:44,511] [INFO] [latex_compiler.py:395]: Using latexmk compiler.
[2026-07-23 15:06:46,267] [INFO] [latex_compiler.py:462]: Compilation completed successfully. PDF generated at: G:\work\Journal2LaTeX\backend\temp\36458716-b5a9-4fdf-8d1b-469f47247b24\output\paper.pdf
[2026-07-23 15:06:46,515] [INFO] [latex_compiler.py:337]: Starting LaTeX compilation for: G:\work\Journal2LaTeX\backend\temp\36458716-b5a9-4fdf-8d1b-469f47247b24\rendered\main.tex
[2026-07-23 15:06:46,517] [INFO] [latex_compiler.py:364]: Applied template compatibility layer to main.tex
[2026-07-23 15:06:46,518] [INFO] [latex_compiler.py:126]: Rendered working directory tree before compilation:
  default.cls
  default.sty
  logo.png
  main.aux
  main.fdb_latexmk
  main.fls
  main.log
  main.out
  main.pdf
  main.tex
  media/
  template.json
  template.tex
[2026-07-23 15:06:46,519] [INFO] [latex_compiler.py:132]: Template resource manifest (12 files):
  default.cls                              template resource (document class)
  default.sty                              template resource (package / style)
  logo.png                                 template resource (graphic (PNG))
  main.aux                                 generated document / build artefact
  main.fdb_latexmk                         generated document / build artefact
  main.fls                                 generated document / build artefact
  main.log                                 generated document / build artefact
  main.out                                 generated document / build artefact
  main.pdf                                 generated document / build artefact
  main.tex                                 generated document / build artefact
  template.json                            template metadata
  template.tex                             template resource (included source)
[2026-07-23 15:06:46,523] [INFO] [latex_compiler.py:154]: Dependency resolution (4 references):
  [LOCAL  ] documentclass   default
  [SYSTEM ] usepackage      xcolor
  [LOCAL  ] usepackage      default
  [SYSTEM ] usepackage      geometry
[2026-07-23 15:06:46,523] [INFO] [latex_compiler.py:395]: Using latexmk compiler.
[2026-07-23 15:06:48,258] [INFO] [latex_compiler.py:462]: Compilation completed successfully. PDF generated at: G:\work\Journal2LaTeX\backend\temp\36458716-b5a9-4fdf-8d1b-469f47247b24\output\paper.pdf
[2026-07-23 15:06:48,490] [INFO] [latex_compiler.py:337]: Starting LaTeX compilation for: G:\work\Journal2LaTeX\backend\temp\36458716-b5a9-4fdf-8d1b-469f47247b24\rendered\main.tex
[2026-07-23 15:06:48,493] [INFO] [latex_compiler.py:364]: Applied template compatibility layer to main.tex
[2026-07-23 15:06:48,494] [INFO] [latex_compiler.py:126]: Rendered working directory tree before compilation:
  default.cls
  default.sty
  logo.png
  main.aux
  main.fdb_latexmk
  main.fls
  main.log
  main.out
  main.pdf
  main.tex
  media/
  template.json
  template.tex
[2026-07-23 15:06:48,495] [INFO] [latex_compiler.py:132]: Template resource manifest (12 files):
  default.cls                              template resource (document class)
  default.sty                              template resource (package / style)
  logo.png                                 template resource (graphic (PNG))
  main.aux                                 generated document / build artefact
  main.fdb_latexmk                         generated document / build artefact
  main.fls                                 generated document / build artefact
  main.log                                 generated document / build artefact
  main.out                                 generated document / build artefact
  main.pdf                                 generated document / build artefact
  main.tex                                 generated document / build artefact
  template.json                            template metadata
  template.tex                             template resource (included source)
[2026-07-23 15:06:48,498] [INFO] [latex_compiler.py:154]: Dependency resolution (4 references):
  [LOCAL  ] documentclass   default
  [SYSTEM ] usepackage      xcolor
  [LOCAL  ] usepackage      default
  [SYSTEM ] usepackage      geometry
[2026-07-23 15:06:48,499] [INFO] [latex_compiler.py:395]: Using latexmk compiler.
[2026-07-23 15:06:50,173] [INFO] [latex_compiler.py:462]: Compilation completed successfully. PDF generated at: G:\work\Journal2LaTeX\backend\temp\36458716-b5a9-4fdf-8d1b-469f47247b24\output\paper.pdf
[2026-07-23 15:06:50,418] [INFO] [latex_compiler.py:337]: Starting LaTeX compilation for: G:\work\Journal2LaTeX\backend\temp\36458716-b5a9-4fdf-8d1b-469f47247b24\rendered\main.tex
[2026-07-23 15:06:50,421] [INFO] [latex_compiler.py:364]: Applied template compatibility layer to main.tex
[2026-07-23 15:06:50,422] [INFO] [latex_compiler.py:126]: Rendered working directory tree before compilation:
  default.cls
  default.sty
  logo.png
  main.aux
  main.fdb_latexmk
  main.fls
  main.log
  main.out
  main.pdf
  main.tex
  media/
  template.json
  template.tex
[2026-07-23 15:06:50,424] [INFO] [latex_compiler.py:132]: Template resource manifest (12 files):
  default.cls                              template resource (document class)
  default.sty                              template resource (package / style)
  logo.png                                 template resource (graphic (PNG))
  main.aux                                 generated document / build artefact
  main.fdb_latexmk                         generated document / build artefact
  main.fls                                 generated document / build artefact
  main.log                                 generated document / build artefact
  main.out                                 generated document / build artefact
  main.pdf                                 generated document / build artefact
  main.tex                                 generated document / build artefact
  template.json                            template metadata
  template.tex                             template resource (included source)
[2026-07-23 15:06:50,426] [INFO] [latex_compiler.py:154]: Dependency resolution (4 references):
  [LOCAL  ] documentclass   default
  [SYSTEM ] usepackage      xcolor
  [LOCAL  ] usepackage      default
  [SYSTEM ] usepackage      geometry
[2026-07-23 15:06:50,427] [INFO] [latex_compiler.py:395]: Using latexmk compiler.
[2026-07-23 15:06:52,211] [INFO] [latex_compiler.py:462]: Compilation completed successfully. PDF generated at: G:\work\Journal2LaTeX\backend\temp\36458716-b5a9-4fdf-8d1b-469f47247b24\output\paper.pdf
[2026-07-23 15:06:52,445] [INFO] [latex_compiler.py:337]: Starting LaTeX compilation for: G:\work\Journal2LaTeX\backend\temp\36458716-b5a9-4fdf-8d1b-469f47247b24\rendered\main.tex
[2026-07-23 15:06:52,449] [INFO] [latex_compiler.py:364]: Applied template compatibility layer to main.tex
[2026-07-23 15:06:52,451] [INFO] [latex_compiler.py:126]: Rendered working directory tree before compilation:
  default.cls
  default.sty
  logo.png
  main.aux
  main.fdb_latexmk
  main.fls
  main.log
  main.out
  main.pdf
  main.tex
  media/
  template.json
  template.tex
[2026-07-23 15:06:52,452] [INFO] [latex_compiler.py:132]: Template resource manifest (12 files):
  default.cls                              template resource (document class)
  default.sty                              template resource (package / style)
  logo.png                                 template resource (graphic (PNG))
  main.aux                                 generated document / build artefact
  main.fdb_latexmk                         generated document / build artefact
  main.fls                                 generated document / build artefact
  main.log                                 generated document / build artefact
  main.out                                 generated document / build artefact
  main.pdf                                 generated document / build artefact
  main.tex                                 generated document / build artefact
  template.json                            template metadata
  template.tex                             template resource (included source)
[2026-07-23 15:06:52,454] [INFO] [latex_compiler.py:154]: Dependency resolution (3 references):
  [LOCAL  ] documentclass   default
  [SYSTEM ] usepackage      xcolor
  [LOCAL  ] usepackage      default
[2026-07-23 15:06:52,455] [INFO] [latex_compiler.py:395]: Using latexmk compiler.
[2026-07-23 15:06:54,236] [INFO] [latex_compiler.py:462]: Compilation completed successfully. PDF generated at: G:\work\Journal2LaTeX\backend\temp\36458716-b5a9-4fdf-8d1b-469f47247b24\output\paper.pdf
[2026-07-23 15:06:54,265] [INFO] [latex_compiler.py:337]: Starting LaTeX compilation for: G:\work\Journal2LaTeX\backend\temp\36458716-b5a9-4fdf-8d1b-469f47247b24\rendered\main.tex
[2026-07-23 15:06:54,267] [INFO] [latex_compiler.py:364]: Applied template compatibility layer to main.tex
[2026-07-23 15:06:54,269] [INFO] [latex_compiler.py:126]: Rendered working directory tree before compilation:
  default.cls
  default.sty
  logo.png
  main.aux
  main.fdb_latexmk
  main.fls
  main.log
  main.out
  main.pdf
  main.tex
  media/
  template.json
  template.tex
[2026-07-23 15:06:54,270] [INFO] [latex_compiler.py:132]: Template resource manifest (12 files):
  default.cls                              template resource (document class)
  default.sty                              template resource (package / style)
  logo.png                                 template resource (graphic (PNG))
  main.aux                                 generated document / build artefact
  main.fdb_latexmk                         generated document / build artefact
  main.fls                                 generated document / build artefact
  main.log                                 generated document / build artefact
  main.out                                 generated document / build artefact
  main.pdf                                 generated document / build artefact
  main.tex                                 generated document / build artefact
  template.json                            template metadata
  template.tex                             template resource (included source)
[2026-07-23 15:06:54,273] [INFO] [latex_compiler.py:154]: Dependency resolution (4 references):
  [LOCAL  ] documentclass   default
  [SYSTEM ] usepackage      xcolor
  [LOCAL  ] usepackage      default
  [SYSTEM ] usepackage      geometry
[2026-07-23 15:06:54,273] [INFO] [latex_compiler.py:395]: Using latexmk compiler.
[2026-07-23 15:06:55,966] [INFO] [latex_compiler.py:462]: Compilation completed successfully. PDF generated at: G:\work\Journal2LaTeX\backend\temp\36458716-b5a9-4fdf-8d1b-469f47247b24\output\paper.pdf
[2026-07-23 15:06:56,192] [INFO] [latex_compiler.py:337]: Starting LaTeX compilation for: G:\work\Journal2LaTeX\backend\temp\36458716-b5a9-4fdf-8d1b-469f47247b24\rendered\main.tex
[2026-07-23 15:06:56,195] [INFO] [latex_compiler.py:364]: Applied template compatibility layer to main.tex
[2026-07-23 15:06:56,196] [INFO] [latex_compiler.py:126]: Rendered working directory tree before compilation:
  default.cls
  default.sty
  logo.png
  main.aux
  main.fdb_latexmk
  main.fls
  main.log
  main.out
  main.pdf
  main.tex
  media/
  template.json
  template.tex
[2026-07-23 15:06:56,197] [INFO] [latex_compiler.py:132]: Template resource manifest (12 files):
  default.cls                              template resource (document class)
  default.sty                              template resource (package / style)
  logo.png                                 template resource (graphic (PNG))
  main.aux                                 generated document / build artefact
  main.fdb_latexmk                         generated document / build artefact
  main.fls                                 generated document / build artefact
  main.log                                 generated document / build artefact
  main.out                                 generated document / build artefact
  main.pdf                                 generated document / build artefact
  main.tex                                 generated document / build artefact
  template.json                            template metadata
  template.tex                             template resource (included source)
[2026-07-23 15:06:56,200] [INFO] [latex_compiler.py:154]: Dependency resolution (4 references):
  [LOCAL  ] documentclass   default
  [SYSTEM ] usepackage      xcolor
  [LOCAL  ] usepackage      default
  [SYSTEM ] usepackage      geometry
[2026-07-23 15:06:56,201] [INFO] [latex_compiler.py:395]: Using latexmk compiler.
[2026-07-23 15:06:57,919] [INFO] [latex_compiler.py:462]: Compilation completed successfully. PDF generated at: G:\work\Journal2LaTeX\backend\temp\36458716-b5a9-4fdf-8d1b-469f47247b24\output\paper.pdf
[2026-07-23 15:06:58,164] [INFO] [latex_compiler.py:337]: Starting LaTeX compilation for: G:\work\Journal2LaTeX\backend\temp\36458716-b5a9-4fdf-8d1b-469f47247b24\rendered\main.tex
[2026-07-23 15:06:58,168] [INFO] [latex_compiler.py:364]: Applied template compatibility layer to main.tex
[2026-07-23 15:06:58,169] [INFO] [latex_compiler.py:126]: Rendered working directory tree before compilation:
  default.cls
  default.sty
  logo.png
  main.aux
  main.fdb_latexmk
  main.fls
  main.log
  main.out
  main.pdf
  main.tex
  media/
  template.json
  template.tex
[2026-07-23 15:06:58,170] [INFO] [latex_compiler.py:132]: Template resource manifest (12 files):
  default.cls                              template resource (document class)
  default.sty                              template resource (package / style)
  logo.png                                 template resource (graphic (PNG))
  main.aux                                 generated document / build artefact
  main.fdb_latexmk                         generated document / build artefact
  main.fls                                 generated document / build artefact
  main.log                                 generated document / build artefact
  main.out                                 generated document / build artefact
  main.pdf                                 generated document / build artefact
  main.tex                                 generated document / build artefact
  template.json                            template metadata
  template.tex                             template resource (included source)
[2026-07-23 15:06:58,172] [INFO] [latex_compiler.py:154]: Dependency resolution (4 references):
  [LOCAL  ] documentclass   default
  [SYSTEM ] usepackage      xcolor
  [LOCAL  ] usepackage      default
  [SYSTEM ] usepackage      geometry
[2026-07-23 15:06:58,173] [INFO] [latex_compiler.py:395]: Using latexmk compiler.
[2026-07-23 15:06:59,879] [INFO] [latex_compiler.py:462]: Compilation completed successfully. PDF generated at: G:\work\Journal2LaTeX\backend\temp\36458716-b5a9-4fdf-8d1b-469f47247b24\output\paper.pdf
[2026-07-23 15:07:00,111] [INFO] [latex_compiler.py:337]: Starting LaTeX compilation for: G:\work\Journal2LaTeX\backend\temp\36458716-b5a9-4fdf-8d1b-469f47247b24\rendered\main.tex
[2026-07-23 15:07:00,113] [INFO] [latex_compiler.py:364]: Applied template compatibility layer to main.tex
[2026-07-23 15:07:00,115] [INFO] [latex_compiler.py:126]: Rendered working directory tree before compilation:
  default.cls
  default.sty
  logo.png
  main.aux
  main.fdb_latexmk
  main.fls
  main.log
  main.out
  main.pdf
  main.tex
  media/
  template.json
  template.tex
[2026-07-23 15:07:00,116] [INFO] [latex_compiler.py:132]: Template resource manifest (12 files):
  default.cls                              template resource (document class)
  default.sty                              template resource (package / style)
  logo.png                                 template resource (graphic (PNG))
  main.aux                                 generated document / build artefact
  main.fdb_latexmk                         generated document / build artefact
  main.fls                                 generated document / build artefact
  main.log                                 generated document / build artefact
  main.out                                 generated document / build artefact
  main.pdf                                 generated document / build artefact
  main.tex                                 generated document / build artefact
  template.json                            template metadata
  template.tex                             template resource (included source)
[2026-07-23 15:07:00,118] [INFO] [latex_compiler.py:154]: Dependency resolution (4 references):
  [LOCAL  ] documentclass   default
  [SYSTEM ] usepackage      xcolor
  [LOCAL  ] usepackage      default
  [SYSTEM ] usepackage      geometry
[2026-07-23 15:07:00,119] [INFO] [latex_compiler.py:395]: Using latexmk compiler.
[2026-07-23 15:07:01,836] [INFO] [latex_compiler.py:462]: Compilation completed successfully. PDF generated at: G:\work\Journal2LaTeX\backend\temp\36458716-b5a9-4fdf-8d1b-469f47247b24\output\paper.pdf
[2026-07-23 15:07:02,088] [INFO] [latex_compiler.py:337]: Starting LaTeX compilation for: G:\work\Journal2LaTeX\backend\temp\36458716-b5a9-4fdf-8d1b-469f47247b24\rendered\main.tex
[2026-07-23 15:07:02,091] [INFO] [latex_compiler.py:364]: Applied template compatibility layer to main.tex
[2026-07-23 15:07:02,092] [INFO] [latex_compiler.py:126]: Rendered working directory tree before compilation:
  default.cls
  default.sty
  logo.png
  main.aux
  main.fdb_latexmk
  main.fls
  main.log
  main.out
  main.pdf
  main.tex
  media/
  template.json
  template.tex
[2026-07-23 15:07:02,093] [INFO] [latex_compiler.py:132]: Template resource manifest (12 files):
  default.cls                              template resource (document class)
  default.sty                              template resource (package / style)
  logo.png                                 template resource (graphic (PNG))
  main.aux                                 generated document / build artefact
  main.fdb_latexmk                         generated document / build artefact
  main.fls                                 generated document / build artefact
  main.log                                 generated document / build artefact
  main.out                                 generated document / build artefact
  main.pdf                                 generated document / build artefact
  main.tex                                 generated document / build artefact
  template.json                            template metadata
  template.tex                             template resource (included source)
[2026-07-23 15:07:02,096] [INFO] [latex_compiler.py:154]: Dependency resolution (4 references):
  [LOCAL  ] documentclass   default
  [SYSTEM ] usepackage      xcolor
  [LOCAL  ] usepackage      default
  [SYSTEM ] usepackage      geometry
[2026-07-23 15:07:02,097] [INFO] [latex_compiler.py:395]: Using latexmk compiler.
[2026-07-23 15:07:03,832] [INFO] [latex_compiler.py:462]: Compilation completed successfully. PDF generated at: G:\work\Journal2LaTeX\backend\temp\36458716-b5a9-4fdf-8d1b-469f47247b24\output\paper.pdf
