[2026-07-23 15:06:21,373] [INFO] [job_manager.py:136]: Job 36458716-b5a9-4fdf-8d1b-469f47247b24 workspace created successfully
[2026-07-23 15:06:21,404] [INFO] [pipeline_service.py:45]: Starting validation for job: 36458716-b5a9-4fdf-8d1b-469f47247b24
[2026-07-23 15:06:21,422] [INFO] [job_manager.py:180]: Job status updated to: VALIDATING
[2026-07-23 15:06:21,442] [INFO] [job_manager.py:204]: Progress updated to 10%: Validating input Word Document
[2026-07-23 15:06:21,445] [INFO] [pipeline_service.py:60]: Validation successful.
[2026-07-23 15:06:21,462] [INFO] [job_manager.py:204]: Progress updated to 20%: Input document validated successfully
[2026-07-23 15:06:21,462] [INFO] [pipeline_service.py:67]: Starting document analysis for job: 36458716-b5a9-4fdf-8d1b-469f47247b24
[2026-07-23 15:06:21,478] [INFO] [job_manager.py:180]: Job status updated to: ANALYZING_DOCUMENT
[2026-07-23 15:06:21,494] [INFO] [job_manager.py:204]: Progress updated to 30%: Analyzing document structure and content blocks
[2026-07-23 15:06:21,494] [INFO] [document_analyzer.py:33]: Starting improved document analysis for: G:\work\Journal2LaTeX\backend\temp\36458716-b5a9-4fdf-8d1b-469f47247b24\input\sample.docx
[2026-07-23 15:06:21,538] [INFO] [document_analyzer.py:517]: Parsed document: title='Hello from Journal2LaTeX. This is a minimal DOCX document to verify the conversion engine.', authors=0, sections=0, references=0
[2026-07-23 15:06:21,539] [INFO] [pipeline_service.py:95]: Document analysis completed. Saved structure to: G:\work\Journal2LaTeX\backend\temp\36458716-b5a9-4fdf-8d1b-469f47247b24\intermediate\document_structure.json, report to: G:\work\Journal2LaTeX\backend\temp\36458716-b5a9-4fdf-8d1b-469f47247b24\intermediate\conversion_report.json
[2026-07-23 15:06:21,555] [INFO] [job_manager.py:204]: Progress updated to 45%: Document structure extracted successfully
[2026-07-23 15:06:21,556] [INFO] [pipeline_service.py:108]: Starting asset extraction for job: 36458716-b5a9-4fdf-8d1b-469f47247b24
[2026-07-23 15:06:21,570] [INFO] [job_manager.py:180]: Job status updated to: EXTRACTING_ASSETS
[2026-07-23 15:06:21,584] [INFO] [job_manager.py:204]: Progress updated to 50%: Extracting images and figure assets from document
[2026-07-23 15:06:21,656] [INFO] [pipeline_service.py:141]: Assets extracted to: G:\work\Journal2LaTeX\backend\temp\36458716-b5a9-4fdf-8d1b-469f47247b24\intermediate\media
[2026-07-23 15:06:21,675] [INFO] [job_manager.py:204]: Progress updated to 60%: Document assets extracted successfully
[2026-07-23 15:06:21,675] [INFO] [pipeline_service.py:231]: Classifying extracted assets for job: 36458716-b5a9-4fdf-8d1b-469f47247b24
[2026-07-23 15:06:21,675] [INFO] [asset_analyzer.py:23]: Starting extended asset analysis for job: 36458716-b5a9-4fdf-8d1b-469f47247b24
[2026-07-23 15:06:21,677] [INFO] [asset_analyzer.py:153]: Extended asset classification completed. Assets classified: 0
[2026-07-23 15:06:21,694] [INFO] [job_manager.py:204]: Progress updated to 65%: Extracted assets analyzed and mapped successfully
[2026-07-23 15:06:21,710] [INFO] [pipeline_service.py:247]: Loading template default for job: 36458716-b5a9-4fdf-8d1b-469f47247b24
[2026-07-23 15:06:21,711] [INFO] [job_manager.py:180]: Job status updated to: LOADING_TEMPLATE
[2026-07-23 15:06:21,728] [INFO] [job_manager.py:204]: Progress updated to 70%: Loading template styles: default
[2026-07-23 15:06:21,766] [INFO] [pipeline_service.py:269]: Template loaded and workspace prepared at: G:\work\Journal2LaTeX\backend\temp\36458716-b5a9-4fdf-8d1b-469f47247b24\rendered
[2026-07-23 15:06:21,784] [INFO] [job_manager.py:204]: Progress updated to 80%: Template workspace initialized
[2026-07-23 15:06:21,784] [INFO] [pipeline_service.py:294]: Starting LaTeX rendering for job: 36458716-b5a9-4fdf-8d1b-469f47247b24
[2026-07-23 15:06:21,801] [INFO] [job_manager.py:180]: Job status updated to: RENDERING_LATEX
[2026-07-23 15:06:21,820] [INFO] [job_manager.py:204]: Progress updated to 85%: Rendering document content to LaTeX
[2026-07-23 15:06:21,822] [INFO] [latex_renderer.py:72]: Starting LaTeX rendering inside workspace: G:\work\Journal2LaTeX\backend\temp\36458716-b5a9-4fdf-8d1b-469f47247b24\rendered
[2026-07-23 15:06:21,892] [INFO] [latex_renderer.py:386]: LaTeX document main.tex rendered successfully.
[2026-07-23 15:06:21,910] [INFO] [job_manager.py:204]: Progress updated to 90%: LaTeX document rendering completed
[2026-07-23 15:06:21,934] [INFO] [pipeline_service.py:247]: Loading template default for job: 36458716-b5a9-4fdf-8d1b-469f47247b24
[2026-07-23 15:06:21,947] [INFO] [job_manager.py:180]: Job status updated to: LOADING_TEMPLATE
[2026-07-23 15:06:21,963] [INFO] [job_manager.py:204]: Progress updated to 70%: Loading template styles: default
[2026-07-23 15:06:22,008] [INFO] [pipeline_service.py:269]: Template loaded and workspace prepared at: G:\work\Journal2LaTeX\backend\temp\36458716-b5a9-4fdf-8d1b-469f47247b24\rendered
[2026-07-23 15:06:22,024] [INFO] [job_manager.py:204]: Progress updated to 80%: Template workspace initialized
[2026-07-23 15:06:22,026] [INFO] [pipeline_service.py:294]: Starting LaTeX rendering for job: 36458716-b5a9-4fdf-8d1b-469f47247b24
[2026-07-23 15:06:22,040] [INFO] [job_manager.py:180]: Job status updated to: RENDERING_LATEX
[2026-07-23 15:06:22,053] [INFO] [job_manager.py:204]: Progress updated to 85%: Rendering document content to LaTeX
[2026-07-23 15:06:22,053] [INFO] [latex_renderer.py:72]: Starting LaTeX rendering inside workspace: G:\work\Journal2LaTeX\backend\temp\36458716-b5a9-4fdf-8d1b-469f47247b24\rendered
[2026-07-23 15:06:22,058] [INFO] [latex_renderer.py:386]: LaTeX document main.tex rendered successfully.
[2026-07-23 15:06:22,074] [INFO] [job_manager.py:204]: Progress updated to 90%: LaTeX document rendering completed
[2026-07-23 15:06:22,074] [INFO] [pipeline_service.py:357]: Starting document compilation for job: 36458716-b5a9-4fdf-8d1b-469f47247b24
[2026-07-23 15:06:22,089] [INFO] [job_manager.py:180]: Job status updated to: COMPILING
[2026-07-23 15:06:22,104] [INFO] [job_manager.py:204]: Progress updated to 92%: Compiling LaTeX source to PDF
[2026-07-23 15:06:26,126] [INFO] [pipeline_service.py:380]: Compilation completed successfully.
[2026-07-23 15:06:26,126] [INFO] [pipeline_service.py:395]: Running E2E publication fidelity checker for job: 36458716-b5a9-4fdf-8d1b-469f47247b24
[2026-07-23 15:06:26,126] [INFO] [fidelity_checker.py:24]: Generating advanced fidelity report and scores for job: 36458716-b5a9-4fdf-8d1b-469f47247b24
[2026-07-23 15:06:26,128] [INFO] [fidelity_checker.py:163]: Fidelity report written to G:\work\Journal2LaTeX\backend\temp\36458716-b5a9-4fdf-8d1b-469f47247b24\intermediate\fidelity_report.json. Overall Score: 70.0%, Critical missing: 0
[2026-07-23 15:06:26,148] [INFO] [pipeline_service.py:357]: Starting document compilation for job: 36458716-b5a9-4fdf-8d1b-469f47247b24
[2026-07-23 15:06:28,340] [INFO] [pipeline_service.py:380]: Compilation completed successfully.
[2026-07-23 15:06:32,737] [INFO] [pipeline_service.py:357]: Starting document compilation for job: 36458716-b5a9-4fdf-8d1b-469f47247b24
[2026-07-23 15:06:34,500] [INFO] [pipeline_service.py:380]: Compilation completed successfully.
[2026-07-23 15:06:34,723] [INFO] [pipeline_service.py:357]: Starting document compilation for job: 36458716-b5a9-4fdf-8d1b-469f47247b24
[2026-07-23 15:06:36,462] [INFO] [pipeline_service.py:380]: Compilation completed successfully.
[2026-07-23 15:06:36,683] [INFO] [pipeline_service.py:357]: Starting document compilation for job: 36458716-b5a9-4fdf-8d1b-469f47247b24
[2026-07-23 15:06:38,662] [INFO] [pipeline_service.py:380]: Compilation completed successfully.
[2026-07-23 15:06:38,898] [INFO] [pipeline_service.py:357]: Starting document compilation for job: 36458716-b5a9-4fdf-8d1b-469f47247b24
[2026-07-23 15:06:40,592] [INFO] [pipeline_service.py:380]: Compilation completed successfully.
[2026-07-23 15:06:40,617] [INFO] [job_manager.py:180]: Job status updated to: COMPLETED
[2026-07-23 15:06:40,637] [INFO] [job_manager.py:204]: Progress updated to 100%: Pipeline process completed successfully
[2026-07-23 15:06:40,746] [INFO] [pipeline_service.py:247]: Loading template default for job: 36458716-b5a9-4fdf-8d1b-469f47247b24
[2026-07-23 15:06:40,758] [INFO] [job_manager.py:180]: Job status updated to: LOADING_TEMPLATE
[2026-07-23 15:06:40,775] [INFO] [job_manager.py:204]: Progress updated to 70%: Loading template styles: default
[2026-07-23 15:06:40,814] [INFO] [pipeline_service.py:269]: Template loaded and workspace prepared at: G:\work\Journal2LaTeX\backend\temp\36458716-b5a9-4fdf-8d1b-469f47247b24\rendered
[2026-07-23 15:06:40,828] [INFO] [job_manager.py:204]: Progress updated to 80%: Template workspace initialized
[2026-07-23 15:06:40,829] [INFO] [pipeline_service.py:294]: Starting LaTeX rendering for job: 36458716-b5a9-4fdf-8d1b-469f47247b24
[2026-07-23 15:06:40,843] [INFO] [job_manager.py:180]: Job status updated to: RENDERING_LATEX
[2026-07-23 15:06:40,856] [INFO] [job_manager.py:204]: Progress updated to 85%: Rendering document content to LaTeX
[2026-07-23 15:06:40,856] [INFO] [latex_renderer.py:72]: Starting LaTeX rendering inside workspace: G:\work\Journal2LaTeX\backend\temp\36458716-b5a9-4fdf-8d1b-469f47247b24\rendered
[2026-07-23 15:06:40,862] [INFO] [latex_renderer.py:386]: LaTeX document main.tex rendered successfully.
[2026-07-23 15:06:40,879] [INFO] [job_manager.py:204]: Progress updated to 90%: LaTeX document rendering completed
[2026-07-23 15:06:40,879] [INFO] [pipeline_service.py:357]: Starting document compilation for job: 36458716-b5a9-4fdf-8d1b-469f47247b24
[2026-07-23 15:06:40,897] [INFO] [job_manager.py:180]: Job status updated to: COMPILING
[2026-07-23 15:06:40,911] [INFO] [job_manager.py:204]: Progress updated to 92%: Compiling LaTeX source to PDF
[2026-07-23 15:06:42,601] [INFO] [pipeline_service.py:380]: Compilation completed successfully.
[2026-07-23 15:06:42,602] [INFO] [pipeline_service.py:395]: Running E2E publication fidelity checker for job: 36458716-b5a9-4fdf-8d1b-469f47247b24
[2026-07-23 15:06:42,602] [INFO] [fidelity_checker.py:24]: Generating advanced fidelity report and scores for job: 36458716-b5a9-4fdf-8d1b-469f47247b24
[2026-07-23 15:06:42,604] [INFO] [fidelity_checker.py:163]: Fidelity report written to G:\work\Journal2LaTeX\backend\temp\36458716-b5a9-4fdf-8d1b-469f47247b24\intermediate\fidelity_report.json. Overall Score: 70.0%, Critical missing: 0
[2026-07-23 15:06:42,620] [INFO] [pipeline_service.py:357]: Starting document compilation for job: 36458716-b5a9-4fdf-8d1b-469f47247b24
[2026-07-23 15:06:44,286] [INFO] [pipeline_service.py:380]: Compilation completed successfully.
[2026-07-23 15:06:44,502] [INFO] [pipeline_service.py:357]: Starting document compilation for job: 36458716-b5a9-4fdf-8d1b-469f47247b24
[2026-07-23 15:06:46,281] [INFO] [pipeline_service.py:380]: Compilation completed successfully.
[2026-07-23 15:06:46,514] [INFO] [pipeline_service.py:357]: Starting document compilation for job: 36458716-b5a9-4fdf-8d1b-469f47247b24
[2026-07-23 15:06:48,271] [INFO] [pipeline_service.py:380]: Compilation completed successfully.
[2026-07-23 15:06:48,490] [INFO] [pipeline_service.py:357]: Starting document compilation for job: 36458716-b5a9-4fdf-8d1b-469f47247b24
[2026-07-23 15:06:50,187] [INFO] [pipeline_service.py:380]: Compilation completed successfully.
[2026-07-23 15:06:50,418] [INFO] [pipeline_service.py:357]: Starting document compilation for job: 36458716-b5a9-4fdf-8d1b-469f47247b24
[2026-07-23 15:06:52,230] [INFO] [pipeline_service.py:380]: Compilation completed successfully.
[2026-07-23 15:06:52,250] [INFO] [job_manager.py:180]: Job status updated to: COMPLETED
[2026-07-23 15:06:52,265] [INFO] [job_manager.py:204]: Progress updated to 100%: Pipeline process completed successfully
[2026-07-23 15:06:52,284] [INFO] [pipeline_service.py:247]: Loading template default for job: 36458716-b5a9-4fdf-8d1b-469f47247b24
[2026-07-23 15:06:52,297] [INFO] [job_manager.py:180]: Job status updated to: LOADING_TEMPLATE
[2026-07-23 15:06:52,310] [INFO] [job_manager.py:204]: Progress updated to 70%: Loading template styles: default
[2026-07-23 15:06:52,344] [INFO] [pipeline_service.py:269]: Template loaded and workspace prepared at: G:\work\Journal2LaTeX\backend\temp\36458716-b5a9-4fdf-8d1b-469f47247b24\rendered
[2026-07-23 15:06:52,361] [INFO] [job_manager.py:204]: Progress updated to 80%: Template workspace initialized
[2026-07-23 15:06:52,363] [INFO] [pipeline_service.py:294]: Starting LaTeX rendering for job: 36458716-b5a9-4fdf-8d1b-469f47247b24
[2026-07-23 15:06:52,377] [INFO] [job_manager.py:180]: Job status updated to: RENDERING_LATEX
[2026-07-23 15:06:52,391] [INFO] [job_manager.py:204]: Progress updated to 85%: Rendering document content to LaTeX
[2026-07-23 15:06:52,391] [INFO] [latex_renderer.py:72]: Starting LaTeX rendering inside workspace: G:\work\Journal2LaTeX\backend\temp\36458716-b5a9-4fdf-8d1b-469f47247b24\rendered
[2026-07-23 15:06:52,397] [INFO] [latex_renderer.py:386]: LaTeX document main.tex rendered successfully.
[2026-07-23 15:06:52,412] [INFO] [job_manager.py:204]: Progress updated to 90%: LaTeX document rendering completed
[2026-07-23 15:06:52,412] [INFO] [pipeline_service.py:357]: Starting document compilation for job: 36458716-b5a9-4fdf-8d1b-469f47247b24
[2026-07-23 15:06:52,429] [INFO] [job_manager.py:180]: Job status updated to: COMPILING
[2026-07-23 15:06:52,444] [INFO] [job_manager.py:204]: Progress updated to 92%: Compiling LaTeX source to PDF
[2026-07-23 15:06:54,250] [INFO] [pipeline_service.py:380]: Compilation completed successfully.
[2026-07-23 15:06:54,251] [INFO] [pipeline_service.py:395]: Running E2E publication fidelity checker for job: 36458716-b5a9-4fdf-8d1b-469f47247b24
[2026-07-23 15:06:54,251] [INFO] [fidelity_checker.py:24]: Generating advanced fidelity report and scores for job: 36458716-b5a9-4fdf-8d1b-469f47247b24
[2026-07-23 15:06:54,252] [INFO] [fidelity_checker.py:163]: Fidelity report written to G:\work\Journal2LaTeX\backend\temp\36458716-b5a9-4fdf-8d1b-469f47247b24\intermediate\fidelity_report.json. Overall Score: 70.0%, Critical missing: 0
[2026-07-23 15:06:54,265] [INFO] [pipeline_service.py:357]: Starting document compilation for job: 36458716-b5a9-4fdf-8d1b-469f47247b24
[2026-07-23 15:06:55,967] [INFO] [pipeline_service.py:380]: Compilation completed successfully.
[2026-07-23 15:06:56,192] [INFO] [pipeline_service.py:357]: Starting document compilation for job: 36458716-b5a9-4fdf-8d1b-469f47247b24
[2026-07-23 15:06:57,937] [INFO] [pipeline_service.py:380]: Compilation completed successfully.
[2026-07-23 15:06:58,164] [INFO] [pipeline_service.py:357]: Starting document compilation for job: 36458716-b5a9-4fdf-8d1b-469f47247b24
[2026-07-23 15:06:59,895] [INFO] [pipeline_service.py:380]: Compilation completed successfully.
[2026-07-23 15:07:00,110] [INFO] [pipeline_service.py:357]: Starting document compilation for job: 36458716-b5a9-4fdf-8d1b-469f47247b24
[2026-07-23 15:07:01,851] [INFO] [pipeline_service.py:380]: Compilation completed successfully.
[2026-07-23 15:07:02,088] [INFO] [pipeline_service.py:357]: Starting document compilation for job: 36458716-b5a9-4fdf-8d1b-469f47247b24
[2026-07-23 15:07:03,849] [INFO] [pipeline_service.py:380]: Compilation completed successfully.
[2026-07-23 15:07:03,865] [INFO] [job_manager.py:180]: Job status updated to: COMPLETED
[2026-07-23 15:07:03,879] [INFO] [job_manager.py:204]: Progress updated to 100%: Pipeline process completed successfully
