STDOUT:
Initial Win CP for (console input, console output, system): (CP437, CP65001, CP1252)
I changed them all to CP1252
Rc files read (in order):
  NONE
Latexmk: This is Latexmk, John Collins, 9 March 2026. Version 4.88.
No existing .aux file, so I'll make a simple one, and require run of *latex.
Latexmk: applying rule 'pdflatex'...
Rule 'pdflatex':  Reasons for rerun
Category 'other':
  Rerun of 'pdflatex' forced or previously required:
    Reason or flag: 'Initial setup'

------------
Run number 1 of rule 'pdflatex'
------------
------------
Running 'pdflatex  -interaction=nonstopmode -file-line-error -recorder  "G:/work/Journal2LaTeX/backend/temp/6964fb1b-0a83-4dc0-8dde-d3fa19f4d5af/rendered/main.tex"'
------------
This is pdfTeX, Version 3.141592653-2.6-1.40.29 (MiKTeX 26.5) (preloaded format=pdflatex.fmt)
 restricted \write18 enabled.
entering extended mode

(G:/work/Journal2LaTeX/backend/temp/6964fb1b-0a83-4dc0-8dde-d3fa19f4d5af/render
ed/main.tex
LaTeX2e <2026-06-01>
L3 programming layer <2026-06-18>
(NSP1.cls

LaTeX Warning: You have requested document class `NSP1',
               but the document class provides `NSP'.

Document Class: NSP 2012/01/01
(C:\Users\asus\AppData\Local\Programs\MiKTeX\tex/latex/base\fleqn.clo)
(C:\Users\asus\AppData\Local\Programs\MiKTeX\tex/latex/graphics\color.sty
(C:\Users\asus\AppData\Local\Programs\MiKTeX\tex/latex/graphics-cfg\color.cfg)
(C:\Users\asus\AppData\Local\Programs\MiKTeX\tex/latex/graphics-def\pdftex.def)
 (C:\Users\asus\AppData\Local\Programs\MiKTeX\tex/latex/graphics\mathcolor.ltx)
) (C:\Users\asus\AppData\Local\Programs\MiKTeX\tex/latex/graphics\graphicx.sty
(C:\Users\asus\AppData\Local\Programs\MiKTeX\tex/latex/graphics\keyval.sty)
(C:\Users\asus\AppData\Local\Programs\MiKTeX\tex/latex/graphics\graphics.sty
(C:\Users\asus\AppData\Local\Programs\MiKTeX\tex/latex/graphics\trig.sty)
(C:\Users\asus\AppData\Local\Programs\MiKTeX\tex/latex/graphics-cfg\graphics.cf
g)))
(C:\Users\asus\AppData\Local\Programs\MiKTeX\tex/latex/lastpage\lastpage.sty
(C:\Users\asus\AppData\Local\Programs\MiKTeX\tex/latex/lastpage\lastpage2e.sty
(C:\Users\asus\AppData\Local\Programs\MiKTeX\tex/latex/lastpage\lastpagemodern.
sty) 
)) (C:\Users\asus\AppData\Local\Programs\MiKTeX\tex/latex/hyperref\hyperref.sty
(C:\Users\asus\AppData\Local\Programs\MiKTeX\tex/generic/iftex\iftex.sty)
(C:\Users\asus\AppData\Local\Programs\MiKTeX\tex/latex/kvsetkeys\kvsetkeys.sty)

(C:\Users\asus\AppData\Local\Programs\MiKTeX\tex/generic/kvdefinekeys\kvdefinek
eys.sty)
(C:\Users\asus\AppData\Local\Programs\MiKTeX\tex/generic/pdfescape\pdfescape.st
y (C:\Users\asus\AppData\Local\Programs\MiKTeX\tex/generic/ltxcmds\ltxcmds.sty)

(C:\Users\asus\AppData\Local\Programs\MiKTeX\tex/generic/pdftexcmds\pdftexcmds.
sty
(C:\Users\asus\AppData\Local\Programs\MiKTeX\tex/generic/infwarerr\infwarerr.st
y))) (C:\Users\asus\AppData\Local\Programs\MiKTeX\tex/latex/hycolor\hycolor.sty
) (C:\Users\asus\AppData\Local\Programs\MiKTeX\tex/latex/hyperref\nameref.sty
(C:\Users\asus\AppData\Local\Programs\MiKTeX\tex/latex/refcount\refcount.sty)
(C:\Users\asus\AppData\Local\Programs\MiKTeX\tex/generic/gettitlestring\gettitl
estring.sty
(C:\Users\asus\AppData\Local\Programs\MiKTeX\tex/latex/kvoptions\kvoptions.sty)
)) (C:\Users\asus\AppData\Local\Programs\MiKTeX\tex/latex/etoolbox\etoolbox.sty
)
(C:\Users\asus\AppData\Local\Programs\MiKTeX\tex/generic/stringenc\stringenc.st
y) (C:\Users\asus\AppData\Local\Programs\MiKTeX\tex/latex/hyperref\pd1enc.def)
(C:\Users\asus\AppData\Local\Programs\MiKTeX\tex/generic/intcalc\intcalc.sty)
(C:\Users\asus\AppData\Local\Programs\MiKTeX\tex/latex/hyperref\puenc.def)
(C:\Users\asus\AppData\Local\Programs\MiKTeX\tex/latex/url\url.sty)
(C:\Users\asus\AppData\Local\Programs\MiKTeX\tex/generic/bitset\bitset.sty
(C:\Users\asus\AppData\Local\Programs\MiKTeX\tex/generic/bigintcalc\bigintcalc.
sty))

Package hyperref Warning: Option `pdfpagelabels' is turned off
(hyperref)                because \thepage is undefined.

) (C:\Users\asus\AppData\Local\Programs\MiKTeX\tex/latex/hyperref\hpdftex.def
(C:\Users\asus\AppData\Local\Programs\MiKTeX\tex/latex/rerunfilecheck\rerunfile
check.sty
(C:\Users\asus\AppData\Local\Programs\MiKTeX\tex/generic/uniquecounter\uniqueco
unter.sty)))

NSP1.cls:572: Package color Error: Undefined color `LimeGreen'.

See the color package documentation for explanation.
Type  H <return>  for immediate help.
 ...                                              
                                                  
l.572 ...inecolor{abstractcolor}{named}{LimeGreen}
                                                  

NSP1.cls:573: Package color Error: Undefined color `PineGreen'.

See the color package documentation for explanation.
Type  H <return>  for immediate help.
 ...                                              
                                                  
l.573 \definecolor{rulecolor}{named}{PineGreen}
                                               
) (C:\Users\asus\AppData\Local\Programs\MiKTeX\tex/latex/floatflt\floatflt.sty)
 (C:\Users\asus\AppData\Local\Programs\MiKTeX\tex/latex/psnfss\helvet.sty)
(C:\Users\asus\AppData\Local\Programs\MiKTeX\tex/latex/psnfss\times.sty)
(psfig.sty
psfig/tex 1.10-dvips
) (C:\Users\asus\AppData\Local\Programs\MiKTeX\tex/latex/psnfss\mathptmx.sty)
(C:\Users\asus\AppData\Local\Programs\MiKTeX\tex/latex/amsmath\amsmath.sty
For additional information on amsmath, use the `?' option.
(C:\Users\asus\AppData\Local\Programs\MiKTeX\tex/latex/amsmath\amstext.sty
(C:\Users\asus\AppData\Local\Programs\MiKTeX\tex/latex/amsmath\amsgen.sty))
(C:\Users\asus\AppData\Local\Programs\MiKTeX\tex/latex/amsmath\amsbsy.sty)
(C:\Users\asus\AppData\Local\Programs\MiKTeX\tex/latex/amsmath\amsopn.sty))
(C:\Users\asus\AppData\Local\Programs\MiKTeX\tex/latex/amsfonts\amssymb.sty
(C:\Users\asus\AppData\Local\Programs\MiKTeX\tex/latex/amsfonts\amsfonts.sty))
(C:\Users\asus\AppData\Local\Programs\MiKTeX\tex/latex/tools\bm.sty)
(C:\Users\asus\AppData\Local\Programs\MiKTeX\tex/latex/float\float.sty)
(C:\Users\asus\AppData\Local\Programs\MiKTeX\tex/latex/caption\caption.sty
(C:\Users\asus\AppData\Local\Programs\MiKTeX\tex/latex/caption\caption3.sty)

Package caption Warning: Unknown document class (or package),
(caption)                standard defaults will be used.
See the caption package documentation for explanation.

) (C:\Users\asus\AppData\Local\Programs\MiKTeX\tex/latex/psnfss\ot1ptm.fd)
(C:\Users\asus\AppData\Local\Programs\MiKTeX\tex/latex/l3backend\l3backend-pdft
ex.def) (main.aux)
(C:\Users\asus\AppData\Local\Programs\MiKTeX\tex/context/base/mkii\supp-pdf.mki
i
[Loading MPS to PDF converter (version 2006.09.02).]
)
(C:\Users\asus\AppData\Local\Programs\MiKTeX\tex/latex/epstopdf-pkg\epstopdf-ba
se.sty
(C:\Users\asus\AppData\Local\Programs\MiKTeX\tex/latex/00miktex\epstopdf-sys.cf
g))

G:/work/Journal2LaTeX/backend/temp/6964fb1b-0a83-4dc0-8dde-d3fa19f4d5af/rendere
d/main.tex:42: LaTeX Error: Undefined color `abstractcolor'.

See the LaTeX manual or LaTeX Companion for explanation.
Type  H <return>  for immediate help.
 ...                                              
                                                  
l.42 \maketitle
               
(C:\Users\asus\AppData\Local\Programs\MiKTeX\tex/latex/psnfss\ot1ztmcm.fd)
(C:\Users\asus\AppData\Local\Programs\MiKTeX\tex/latex/psnfss\omlztmcm.fd)
(C:\Users\asus\AppData\Local\Programs\MiKTeX\tex/latex/psnfss\omsztmcm.fd)
(C:\Users\asus\AppData\Local\Programs\MiKTeX\tex/latex/psnfss\omxztmcm.fd)

Package mathptmx Warning: There are no bold math fonts on input line 42.

(C:\Users\asus\AppData\Local\Programs\MiKTeX\tex/latex/psnfss\ot1phv.fd)
G:/work/Journal2LaTeX/backend/temp/6964fb1b-0a83-4dc0-8dde-d3fa19f4d5af/rendere
d/main.tex:42: Missing $ inserted.
<inserted text> 
                $
l.42 \maketitle
               
G:/work/Journal2LaTeX/backend/temp/6964fb1b-0a83-4dc0-8dde-d3fa19f4d5af/rendere
d/main.tex:42: Extra }, or forgotten $.
\@maketitle ...twidth \def \thanks ##1{}\@author }
                                                  \value {inst}=\value {auth...
l.42 \maketitle
               
G:/work/Journal2LaTeX/backend/temp/6964fb1b-0a83-4dc0-8dde-d3fa19f4d5af/rendere
d/main.tex:42: Missing $ inserted.
<inserted text> 
                $
l.42 \maketitle
               

G:/work/Journal2LaTeX/backend/temp/6964fb1b-0a83-4dc0-8dde-d3fa19f4d5af/rendere
d/main.tex:42: LaTeX Error: Undefined color `rulecolor'.

See the LaTeX manual or LaTeX Companion for explanation.
Type  H <return>  for immediate help.
 ...                                              
                                                  
l.42 \maketitle
               

G:/work/Journal2LaTeX/backend/temp/6964fb1b-0a83-4dc0-8dde-d3fa19f4d5af/rendere
d/main.tex:42: LaTeX Error: Undefined color `rulecolor'.

See the LaTeX manual or LaTeX Companion for explanation.
Type  H <return>  for immediate help.
 ...                                              
                                                  
l.42 \maketitle
               
G:/work/Journal2LaTeX/backend/temp/6964fb1b-0a83-4dc0-8dde-d3fa19f4d5af/rendere
d/main.tex:42: Missing } inserted.
<inserted text> 
                }
l.42 \maketitle
               
(C:\Users\asus\AppData\Local\Programs\MiKTeX\tex/latex/psnfss\ts1ptm.fd)

LaTeX Warning: Reference `LastPage' on page 1 undefined on input line 92.

[1{C:/Users/asus/AppData/Local/MiKTeX/fonts/map/pdftex/pdftex.map}{C:/Users/asu
s/AppData/Local/Programs/MiKTeX/fonts/enc/dvips/base/8r.enc} <./logo7pt-eps-con
verted-to.pdf>]
G:/work/Journal2LaTeX/backend/temp/6964fb1b-0a83-4dc0-8dde-d3fa19f4d5af/rendere
d/main.tex:141: Extra alignment tab has been changed to \cr.
<recently read> \endtemplate 
                             
l.141 BDDS & - & - & -.626* & .000 & .675* &
                                             .000 \\
G:/work/Journal2LaTeX/backend/temp/6964fb1b-0a83-4dc0-8dde-d3fa19f4d5af/rendere
d/main.tex:142: Extra alignment tab has been changed to \cr.
<recently read> \endtemplate 
                             
l.142 QOL & - & - & - & - & -.644* &
                                     .000 \\
G:/work/Journal2LaTeX/backend/temp/6964fb1b-0a83-4dc0-8dde-d3fa19f4d5af/rendere
d/main.tex:143: Extra alignment tab has been changed to \cr.
<recently read> \endtemplate 
                             
l.143 SADS & - & - & - & - & - &
                                 - \\

Overfull \hbox (23.51491pt too wide) in paragraph at lines 137--146
 [][] 
G:/work/Journal2LaTeX/backend/temp/6964fb1b-0a83-4dc0-8dde-d3fa19f4d5af/rendere
d/main.tex:164: Extra alignment tab has been changed to \cr.
<recently read> \endtemplate 
                             
l.164 BDDS & -.945 & .143 & .789 &
                                   .285 \\
G:/work/Journal2LaTeX/backend/temp/6964fb1b-0a83-4dc0-8dde-d3fa19f4d5af/rendere
d/main.tex:165: Extra alignment tab has been changed to \cr.
<recently read> \endtemplate 
                             
l.165 QOL & .398 & .143 & .954 &
                                 .285 \\
G:/work/Journal2LaTeX/backend/temp/6964fb1b-0a83-4dc0-8dde-d3fa19f4d5af/rendere
d/main.tex:166: Extra alignment tab has been changed to \cr.
<recently read> \endtemplate 
                             
l.166 SADS & -.426 & .143 & -.745 &
                                    .285 \\

LaTeX Warning: File `media/image5.png' not found on input line 177.


G:/work/Journal2LaTeX/backend/temp/6964fb1b-0a83-4dc0-8dde-d3fa19f4d5af/rendere
d/main.tex:177: Package pdftex.def Error: File `media/image5.png' not found: us
ing draft setting.

See the pdftex.def package documentation for explanation.
Type  H <return>  for immediate help.
 ...                                              
                                                  
l.177 \includegraphics{media/image5.png}
                                        
(C:\Users\asus\AppData\Local\Programs\MiKTeX\tex/latex/psnfss\ot1pcr.fd)
Overfull \hbox (251.4785pt too wide) has occurred while \output is active
[][] 
[2]

LaTeX Warning: File `media/image6.png' not found on input line 188.


G:/work/Journal2LaTeX/backend/temp/6964fb1b-0a83-4dc0-8dde-d3fa19f4d5af/rendere
d/main.tex:188: Package pdftex.def Error: File `media/image6.png' not found: us
ing draft setting.

See the pdftex.def package documentation for explanation.
Type  H <return>  for immediate help.
 ...                                              
                                                  
l.188 \includegraphics{media/image6.png}
                                        

LaTeX Warning: File `media/image7.png' not found on input line 199.


G:/work/Journal2LaTeX/backend/temp/6964fb1b-0a83-4dc0-8dde-d3fa19f4d5af/rendere
d/main.tex:199: Package pdftex.def Error: File `media/image7.png' not found: us
ing draft setting.

See the pdftex.def package documentation for explanation.
Type  H <return>  for immediate help.
 ...                                              
                                                  
l.199 \includegraphics{media/image7.png}
                                        

LaTeX Warning: File `media/image8.png' not found on input line 231.


G:/work/Journal2LaTeX/backend/temp/6964fb1b-0a83-4dc0-8dde-d3fa19f4d5af/rendere
d/main.tex:231: Package pdftex.def Error: File `media/image8.png' not found: us
ing draft setting.

See the pdftex.def package documentation for explanation.
Type  H <return>  for immediate help.
 ...                                              
                                                  
l.231 \includegraphics{media/image8.png}
                                        

Overfull \hbox (47.54114pt too wide) in paragraph at lines 240--249
 [][] 

LaTeX Warning: Reference `LastPage' on page 3 undefined on input line 278.

[3]
Overfull \hbox (251.4785pt too wide) has occurred while \output is active
[][] 
[4]
Overfull \hbox (794.23653pt too wide) in paragraph at lines 342--350
 [][] 

LaTeX Warning: Reference `LastPage' on page 5 undefined on input line 354.

[5] 
enddocument/afterlastpage (AED): lastpage setting LastPage.
(main.aux)

LaTeX Warning: There were undefined references.


LaTeX Warning: Label(s) may have changed. Rerun to get cross-references right.


Package rerunfilecheck Warning: File `main.out' has changed.
(rerunfilecheck)                Rerun to get outlines right
(rerunfilecheck)                or use package `bookmark'.


Package lastpage Warning: Rerun to get the references right on input line 354.

 )
(see the transcript file for additional information)<C:/Users/asus/AppData/Loca
l/Programs/MiKTeX/fonts/type1/public/amsfonts/cm/cmsy10.pfb><C:/Users/asus/AppD
ata/Local/Programs/MiKTeX/fonts/type1/urw/courier/ucrr8a.pfb><C:/Users/asus/App
Data/Local/Programs/MiKTeX/fonts/type1/urw/times/utmb8a.pfb><C:/Users/asus/AppD
ata/Local/Programs/MiKTeX/fonts/type1/urw/times/utmr8a.pfb><C:/Users/asus/AppDa
ta/Local/Programs/MiKTeX/fonts/type1/urw/times/utmri8a.pfb>
Output written on main.pdf (5 pages, 121252 bytes).
Transcript written on main.log.
Latexmk: Getting log file 'main.log'
Latexmk: Examining 'main.fls'
Latexmk: Examining 'main.log'
Latexmk: References changed.
Latexmk: References changed.
Latexmk: References changed.
Latexmk: Log file says output to 'main.pdf'
Latexmk: Summary of warnings from last run of *latex:
  Latex failed to resolve 3 reference(s)
Latexmk: Errors, so I did not complete making targets
Collected error summary (may duplicate other messages):
  pdflatex: Command for 'pdflatex' gave return code 1
      Refer to 'main.log' and/or above output for details



STDERR:
Latexmk: Missing input file 'media/image5.png' message in .log file:
  LaTeX Warning: File `media/image5.png' not found on input line 177.
Latexmk: Missing input file 'media/image6.png' message in .log file:
  LaTeX Warning: File `media/image6.png' not found on input line 188.
Latexmk: Missing input file 'media/image7.png' message in .log file:
  LaTeX Warning: File `media/image7.png' not found on input line 199.
Latexmk: Missing input file 'media/image8.png' message in .log file:
  LaTeX Warning: File `media/image8.png' not found on input line 231.
Latexmk: ====Problematic refs and citations with line #s in .tex file:
  Reference `LastPage' on page 1 undefined on input line 92
  Reference `LastPage' on page 3 undefined on input line 278
  Reference `LastPage' on page 5 undefined on input line 354
Latexmk: Sometimes, the -f option can be used to get latexmk
  to try to force complete processing.
  But normally, you will need to correct the file(s) that caused the
  error, and then rerun latexmk.
  In some cases, it is best to clean out generated files before rerunning
  latexmk after you've corrected the files.
Reverting Windows console CPs to (in,out) = (437,65001)
