STDOUT:
Initial Win CP for (console input, console output, system): (CP437, CP65001, CP1252)
I changed them all to CP1252
Rc files read (in order):
  NONE
Latexmk: This is Latexmk, John Collins, 9 March 2026. Version 4.88.
No existing .aux file, so I'll make a simple one, and require run of *latex.
Force everything to be remade.
Latexmk: applying rule 'pdflatex'...
Rule 'pdflatex':  Reasons for rerun
Category 'other':
  Rerun of 'pdflatex' forced or previously required:
    Reason or flag: 'go_mode'

------------
Run number 1 of rule 'pdflatex'
------------
------------
Running 'pdflatex  -interaction=nonstopmode -file-line-error -recorder  "G:/work/Journal2LaTeX/backend/temp/2d085249-d1dd-4321-ac89-6251680bda85/rendered/main.tex"'
------------
This is pdfTeX, Version 3.141592653-2.6-1.40.29 (MiKTeX 26.5) (preloaded format=pdflatex.fmt)
 restricted \write18 enabled.
entering extended mode

(G:/work/Journal2LaTeX/backend/temp/2d085249-d1dd-4321-ac89-6251680bda85/render
ed/main.tex
LaTeX2e <2026-06-01>
L3 programming layer <2026-06-18>
(C:\Users\asus\AppData\Local\Programs\MiKTeX\tex/latex/xcolor\xcolor.sty
(C:\Users\asus\AppData\Local\Programs\MiKTeX\tex/latex/graphics-cfg\color.cfg)
(C:\Users\asus\AppData\Local\Programs\MiKTeX\tex/latex/graphics-def\pdftex.def)
 (C:\Users\asus\AppData\Local\Programs\MiKTeX\tex/latex/graphics\mathcolor.ltx)
) (C:\Users\asus\AppData\Local\Programs\MiKTeX\tex/latex/graphics\dvipsnam.def)
 (C:\Users\asus\AppData\Local\Programs\MiKTeX\tex/latex/xcolor\svgnam.def)
(C:\Users\asus\AppData\Local\Programs\MiKTeX\tex/latex/xcolor\x11nam.def)
(C:\Users\asus\AppData\Local\Programs\MiKTeX\tex/latex/colortbl\colortbl.sty
(C:\Users\asus\AppData\Local\Programs\MiKTeX\tex/latex/tools\array.sty)
new hooks used!!
) (NSP1.cls
Document Class: NSP1 2012/01/01
(C:\Users\asus\AppData\Local\Programs\MiKTeX\tex/latex/base\fleqn.clo)
(C:\Users\asus\AppData\Local\Programs\MiKTeX\tex/latex/graphics\graphicx.sty
(C:\Users\asus\AppData\Local\Programs\MiKTeX\tex/latex/graphics\keyval.sty)
(C:\Users\asus\AppData\Local\Programs\MiKTeX\tex/latex/graphics\graphics.sty
(C:\Users\asus\AppData\Local\Programs\MiKTeX\tex/latex/graphics\trig.sty)
(C:\Users\asus\AppData\Local\Programs\MiKTeX\tex/latex/graphics-cfg\graphics.cf
g)))
(C:\Users\asus\AppData\Local\Programs\MiKTeX\tex/latex/lastpage\lastpage.sty
(C:\Users\asus\AppData\Local\Programs\MiKTeX\tex/latex/lastpage\lastpage2e.sty
(C:\Users\asus\AppData\Local\Programs\MiKTeX\tex/latex/lastpage\lastpagemodern.
sty) 
)) (C:\Users\asus\AppData\Local\Programs\MiKTeX\tex/latex/hyperref\hyperref.sty
(C:\Users\asus\AppData\Local\Programs\MiKTeX\tex/generic/iftex\iftex.sty)
(C:\Users\asus\AppData\Local\Programs\MiKTeX\tex/latex/kvsetkeys\kvsetkeys.sty)

(C:\Users\asus\AppData\Local\Programs\MiKTeX\tex/generic/kvdefinekeys\kvdefinek
eys.sty)
(C:\Users\asus\AppData\Local\Programs\MiKTeX\tex/generic/pdfescape\pdfescape.st
y (C:\Users\asus\AppData\Local\Programs\MiKTeX\tex/generic/ltxcmds\ltxcmds.sty)

(C:\Users\asus\AppData\Local\Programs\MiKTeX\tex/generic/pdftexcmds\pdftexcmds.
sty
(C:\Users\asus\AppData\Local\Programs\MiKTeX\tex/generic/infwarerr\infwarerr.st
y))) (C:\Users\asus\AppData\Local\Programs\MiKTeX\tex/latex/hycolor\hycolor.sty
) (C:\Users\asus\AppData\Local\Programs\MiKTeX\tex/latex/hyperref\nameref.sty
(C:\Users\asus\AppData\Local\Programs\MiKTeX\tex/latex/refcount\refcount.sty)
(C:\Users\asus\AppData\Local\Programs\MiKTeX\tex/generic/gettitlestring\gettitl
estring.sty
(C:\Users\asus\AppData\Local\Programs\MiKTeX\tex/latex/kvoptions\kvoptions.sty)
)) (C:\Users\asus\AppData\Local\Programs\MiKTeX\tex/latex/etoolbox\etoolbox.sty
)
(C:\Users\asus\AppData\Local\Programs\MiKTeX\tex/generic/stringenc\stringenc.st
y) (C:\Users\asus\AppData\Local\Programs\MiKTeX\tex/latex/hyperref\pd1enc.def)
(C:\Users\asus\AppData\Local\Programs\MiKTeX\tex/generic/intcalc\intcalc.sty)
(C:\Users\asus\AppData\Local\Programs\MiKTeX\tex/latex/hyperref\puenc.def)
(C:\Users\asus\AppData\Local\Programs\MiKTeX\tex/latex/url\url.sty)
(C:\Users\asus\AppData\Local\Programs\MiKTeX\tex/generic/bitset\bitset.sty
(C:\Users\asus\AppData\Local\Programs\MiKTeX\tex/generic/bigintcalc\bigintcalc.
sty))

Package hyperref Warning: Option `pdfpagelabels' is turned off
(hyperref)                because \thepage is undefined.

) (C:\Users\asus\AppData\Local\Programs\MiKTeX\tex/latex/hyperref\hpdftex.def
(C:\Users\asus\AppData\Local\Programs\MiKTeX\tex/latex/rerunfilecheck\rerunfile
check.sty
(C:\Users\asus\AppData\Local\Programs\MiKTeX\tex/generic/uniquecounter\uniqueco
unter.sty))))
(C:\Users\asus\AppData\Local\Programs\MiKTeX\tex/latex/makecell\makecell.sty)
(C:\Users\asus\AppData\Local\Programs\MiKTeX\tex/latex/floatflt\floatflt.sty)
(C:\Users\asus\AppData\Local\Programs\MiKTeX\tex/latex/psnfss\helvet.sty)
(C:\Users\asus\AppData\Local\Programs\MiKTeX\tex/latex/psnfss\times.sty)
(C:\Users\asus\AppData\Local\Programs\MiKTeX\tex/latex/float\float.sty)
(C:\Users\asus\AppData\Local\Programs\MiKTeX\tex/latex/psnfss\mathptmx.sty)
(C:\Users\asus\AppData\Local\Programs\MiKTeX\tex/latex/amsmath\amsmath.sty
For additional information on amsmath, use the `?' option.
(C:\Users\asus\AppData\Local\Programs\MiKTeX\tex/latex/amsmath\amstext.sty
(C:\Users\asus\AppData\Local\Programs\MiKTeX\tex/latex/amsmath\amsgen.sty))
(C:\Users\asus\AppData\Local\Programs\MiKTeX\tex/latex/amsmath\amsbsy.sty)
(C:\Users\asus\AppData\Local\Programs\MiKTeX\tex/latex/amsmath\amsopn.sty))
(C:\Users\asus\AppData\Local\Programs\MiKTeX\tex/latex/amsfonts\amssymb.sty
(C:\Users\asus\AppData\Local\Programs\MiKTeX\tex/latex/amsfonts\amsfonts.sty))
(C:\Users\asus\AppData\Local\Programs\MiKTeX\tex/latex/tools\bm.sty)
(C:\Users\asus\AppData\Local\Programs\MiKTeX\tex/latex/caption\caption.sty
(C:\Users\asus\AppData\Local\Programs\MiKTeX\tex/latex/caption\caption3.sty)

Package caption Warning: Unknown document class (or package),
(caption)                standard defaults will be used.
See the caption package documentation for explanation.

) (C:\Users\asus\AppData\Local\Programs\MiKTeX\tex/latex/multirow\multirow.sty)

(C:\Users\asus\AppData\Local\Programs\MiKTeX\tex/latex/newunicodechar\newunicod
echar.sty)
(C:\Users\asus\AppData\Local\Programs\MiKTeX\tex/latex/sttools\cuted.sty)

Package newunicodechar Warning: Redefining Unicode character on input line 111.



Package newunicodechar Warning: Redefining Unicode character on input line 112.



Package newunicodechar Warning: Redefining Unicode character on input line 113.



Package newunicodechar Warning: Redefining Unicode character on input line 114.



Package newunicodechar Warning: Redefining Unicode character on input line 115.



Package newunicodechar Warning: Redefining Unicode character on input line 116.



Package newunicodechar Warning: Redefining Unicode character on input line 117.



Package newunicodechar Warning: Redefining Unicode character on input line 118.



Package newunicodechar Warning: Redefining Unicode character on input line 119.



Package newunicodechar Warning: Redefining Unicode character on input line 120.


(C:\Users\asus\AppData\Local\Programs\MiKTeX\tex/latex/psnfss\ot1ptm.fd)
(C:\Users\asus\AppData\Local\Programs\MiKTeX\tex/latex/l3backend\l3backend-pdft
ex.def) (main.aux)
(C:\Users\asus\AppData\Local\Programs\MiKTeX\tex/context/base/mkii\supp-pdf.mki
i
[Loading MPS to PDF converter (version 2006.09.02).]
)
(C:\Users\asus\AppData\Local\Programs\MiKTeX\tex/latex/epstopdf-pkg\epstopdf-ba
se.sty
(C:\Users\asus\AppData\Local\Programs\MiKTeX\tex/latex/00miktex\epstopdf-sys.cf
g))

LaTeX Warning: Reference `LastPage' on page 1 undefined on input line 156.

(C:\Users\asus\AppData\Local\Programs\MiKTeX\tex/latex/psnfss\ot1ztmcm.fd)
(C:\Users\asus\AppData\Local\Programs\MiKTeX\tex/latex/psnfss\omlztmcm.fd)
(C:\Users\asus\AppData\Local\Programs\MiKTeX\tex/latex/psnfss\omsztmcm.fd)
(C:\Users\asus\AppData\Local\Programs\MiKTeX\tex/latex/psnfss\omxztmcm.fd)
(C:\Users\asus\AppData\Local\Programs\MiKTeX\tex/latex/psnfss\ts1ptm.fd)
[1{C:/Users/asus/AppData/Local/MiKTeX/fonts/map/pdftex/pdftex.map}{C:/Users/asu
s/AppData/Local/Programs/MiKTeX/fonts/enc/dvips/base/8r.enc} <./logo7pt-eps-con
verted-to.pdf>] [2]
Underfull \vbox (badness 1558) has occurred while \output is active

LaTeX Warning: Reference `LastPage' on page 3 undefined on input line 180.

[3] [4]

LaTeX Warning: Reference `LastPage' on page 5 undefined on input line 231.

[5] [6]

LaTeX Warning: Reference `LastPage' on page 7 undefined on input line 266.

[7] [8]

LaTeX Warning: Reference `LastPage' on page 9 undefined on input line 302.

[9] [10]

LaTeX Warning: Reference `LastPage' on page 11 undefined on input line 334.

[11] [12]

LaTeX Warning: Reference `LastPage' on page 13 undefined on input line 369.

[13]

G:/work/Journal2LaTeX/backend/temp/2d085249-d1dd-4321-ac89-6251680bda85/rendere
d/main.tex:369: LaTeX Error: strip used only in twocolumn mode!.

See the LaTeX manual or LaTeX Companion for explanation.
Type  H <return>  for immediate help.
 ...                                              
                                                  
l.369 \JLTXaboveplacement \begin{strip}
                                       

Package caption Warning: The option `hypcap=true' will be ignored for this
(caption)                particular \caption on input line 401.
See the caption package documentation for explanation.


G:/work/Journal2LaTeX/backend/temp/2d085249-d1dd-4321-ac89-6251680bda85/rendere
d/main.tex:403: LaTeX Error: strip used only in twocolumn mode!.

See the LaTeX manual or LaTeX Companion for explanation.
Type  H <return>  for immediate help.
 ...                                              
                                                  
l.403 \end{strip}
                 \JLTXbelowplacement

Overfull \hbox (2.29428pt too wide) in paragraph at lines 369--403
 [] 

Underfull \vbox (badness 10000) has occurred while \output is active [14]

G:/work/Journal2LaTeX/backend/temp/2d085249-d1dd-4321-ac89-6251680bda85/rendere
d/main.tex:420: LaTeX Error: strip used only in twocolumn mode!.

See the LaTeX manual or LaTeX Companion for explanation.
Type  H <return>  for immediate help.
 ...                                              
                                                  
l.420 \JLTXaboveplacement \begin{strip}
                                       

Package caption Warning: The option `hypcap=true' will be ignored for this
(caption)                particular \caption on input line 425.
See the caption package documentation for explanation.


G:/work/Journal2LaTeX/backend/temp/2d085249-d1dd-4321-ac89-6251680bda85/rendere
d/main.tex:428: LaTeX Error: strip used only in twocolumn mode!.

See the LaTeX manual or LaTeX Companion for explanation.
Type  H <return>  for immediate help.
 ...                                              
                                                  
l.428 \end{strip}
                 \JLTXbelowplacement

Overfull \hbox (2.29428pt too wide) in paragraph at lines 420--428
 [] 

LaTeX Warning: Reference `LastPage' on page 15 undefined on input line 437.

[15 <./media/image5.png (PNG copy)> <./media/office_obj_1.png (PNG copy)>]
[16 <./media/image6.png (PNG copy)>]

G:/work/Journal2LaTeX/backend/temp/2d085249-d1dd-4321-ac89-6251680bda85/rendere
d/main.tex:467: LaTeX Error: strip used only in twocolumn mode!.

See the LaTeX manual or LaTeX Companion for explanation.
Type  H <return>  for immediate help.
 ...                                              
                                                  
l.467 \JLTXaboveplacement \begin{strip}
                                       

Package caption Warning: The option `hypcap=true' will be ignored for this
(caption)                particular \caption on input line 491.
See the caption package documentation for explanation.


G:/work/Journal2LaTeX/backend/temp/2d085249-d1dd-4321-ac89-6251680bda85/rendere
d/main.tex:493: LaTeX Error: strip used only in twocolumn mode!.

See the LaTeX manual or LaTeX Companion for explanation.
Type  H <return>  for immediate help.
 ...                                              
                                                  
l.493 \end{strip}
                 \JLTXbelowplacement

Overfull \hbox (2.29428pt too wide) in paragraph at lines 467--493
 [] 

G:/work/Journal2LaTeX/backend/temp/2d085249-d1dd-4321-ac89-6251680bda85/rendere
d/main.tex:501: LaTeX Error: strip used only in twocolumn mode!.

See the LaTeX manual or LaTeX Companion for explanation.
Type  H <return>  for immediate help.
 ...                                              
                                                  
l.501 \JLTXaboveplacement \begin{strip}
                                       

Package caption Warning: The option `hypcap=true' will be ignored for this
(caption)                particular \caption on input line 513.
See the caption package documentation for explanation.


G:/work/Journal2LaTeX/backend/temp/2d085249-d1dd-4321-ac89-6251680bda85/rendere
d/main.tex:515: LaTeX Error: strip used only in twocolumn mode!.

See the LaTeX manual or LaTeX Companion for explanation.
Type  H <return>  for immediate help.
 ...                                              
                                                  
l.515 \end{strip}
                 \JLTXbelowplacement

Overfull \hbox (2.29428pt too wide) in paragraph at lines 501--515
 [] 

Underfull \vbox (badness 2418) has occurred while \output is active

LaTeX Warning: Reference `LastPage' on page 17 undefined on input line 516.

[17] (C:\Users\asus\AppData\Local\Programs\MiKTeX\tex/latex/psnfss\omlptm.fd)

G:/work/Journal2LaTeX/backend/temp/2d085249-d1dd-4321-ac89-6251680bda85/rendere
d/main.tex:525: LaTeX Error: strip used only in twocolumn mode!.

See the LaTeX manual or LaTeX Companion for explanation.
Type  H <return>  for immediate help.
 ...                                              
                                                  
l.525 \JLTXaboveplacement \begin{strip}
                                       

Package caption Warning: The option `hypcap=true' will be ignored for this
(caption)                particular \caption on input line 559.
See the caption package documentation for explanation.


G:/work/Journal2LaTeX/backend/temp/2d085249-d1dd-4321-ac89-6251680bda85/rendere
d/main.tex:561: LaTeX Error: strip used only in twocolumn mode!.

See the LaTeX manual or LaTeX Companion for explanation.
Type  H <return>  for immediate help.
 ...                                              
                                                  
l.561 \end{strip}
                 \JLTXbelowplacement

Overfull \hbox (2.29428pt too wide) in paragraph at lines 525--561
 [] 
[18]

G:/work/Journal2LaTeX/backend/temp/2d085249-d1dd-4321-ac89-6251680bda85/rendere
d/main.tex:579: LaTeX Error: strip used only in twocolumn mode!.

See the LaTeX manual or LaTeX Companion for explanation.
Type  H <return>  for immediate help.
 ...                                              
                                                  
l.579 \JLTXaboveplacement \begin{strip}
                                       

Package caption Warning: The option `hypcap=true' will be ignored for this
(caption)                particular \caption on input line 603.
See the caption package documentation for explanation.


G:/work/Journal2LaTeX/backend/temp/2d085249-d1dd-4321-ac89-6251680bda85/rendere
d/main.tex:605: LaTeX Error: strip used only in twocolumn mode!.

See the LaTeX manual or LaTeX Companion for explanation.
Type  H <return>  for immediate help.
 ...                                              
                                                  
l.605 \end{strip}
                 \JLTXbelowplacement

Overfull \hbox (2.29428pt too wide) in paragraph at lines 579--605
 [] 

LaTeX Warning: Reference `LastPage' on page 19 undefined on input line 622.

[19 <./media/image7.png (PNG copy)>]

G:/work/Journal2LaTeX/backend/temp/2d085249-d1dd-4321-ac89-6251680bda85/rendere
d/main.tex:626: LaTeX Error: strip used only in twocolumn mode!.

See the LaTeX manual or LaTeX Companion for explanation.
Type  H <return>  for immediate help.
 ...                                              
                                                  
l.626 \JLTXaboveplacement \begin{strip}
                                       

Package caption Warning: The option `hypcap=true' will be ignored for this
(caption)                particular \caption on input line 642.
See the caption package documentation for explanation.


G:/work/Journal2LaTeX/backend/temp/2d085249-d1dd-4321-ac89-6251680bda85/rendere
d/main.tex:644: LaTeX Error: strip used only in twocolumn mode!.

See the LaTeX manual or LaTeX Companion for explanation.
Type  H <return>  for immediate help.
 ...                                              
                                                  
l.644 \end{strip}
                 \JLTXbelowplacement

Overfull \hbox (2.29428pt too wide) in paragraph at lines 626--644
 [] 

G:/work/Journal2LaTeX/backend/temp/2d085249-d1dd-4321-ac89-6251680bda85/rendere
d/main.tex:656: LaTeX Error: strip used only in twocolumn mode!.

See the LaTeX manual or LaTeX Companion for explanation.
Type  H <return>  for immediate help.
 ...                                              
                                                  
l.656 \JLTXaboveplacement \begin{strip}
                                       

Package caption Warning: The option `hypcap=true' will be ignored for this
(caption)                particular \caption on input line 672.
See the caption package documentation for explanation.


G:/work/Journal2LaTeX/backend/temp/2d085249-d1dd-4321-ac89-6251680bda85/rendere
d/main.tex:674: LaTeX Error: strip used only in twocolumn mode!.

See the LaTeX manual or LaTeX Companion for explanation.
Type  H <return>  for immediate help.
 ...                                              
                                                  
l.674 \end{strip}
                 \JLTXbelowplacement

Overfull \hbox (2.29428pt too wide) in paragraph at lines 656--674
 [] 
[20]

G:/work/Journal2LaTeX/backend/temp/2d085249-d1dd-4321-ac89-6251680bda85/rendere
d/main.tex:684: LaTeX Error: strip used only in twocolumn mode!.

See the LaTeX manual or LaTeX Companion for explanation.
Type  H <return>  for immediate help.
 ...                                              
                                                  
l.684 \JLTXaboveplacement \begin{strip}
                                       

Package caption Warning: The option `hypcap=true' will be ignored for this
(caption)                particular \caption on input line 700.
See the caption package documentation for explanation.


G:/work/Journal2LaTeX/backend/temp/2d085249-d1dd-4321-ac89-6251680bda85/rendere
d/main.tex:702: LaTeX Error: strip used only in twocolumn mode!.

See the LaTeX manual or LaTeX Companion for explanation.
Type  H <return>  for immediate help.
 ...                                              
                                                  
l.702 \end{strip}
                 \JLTXbelowplacement

Overfull \hbox (2.29428pt too wide) in paragraph at lines 684--702
 [] 

G:/work/Journal2LaTeX/backend/temp/2d085249-d1dd-4321-ac89-6251680bda85/rendere
d/main.tex:712: LaTeX Error: strip used only in twocolumn mode!.

See the LaTeX manual or LaTeX Companion for explanation.
Type  H <return>  for immediate help.
 ...                                              
                                                  
l.712 \JLTXaboveplacement \begin{strip}
                                       

Package caption Warning: The option `hypcap=true' will be ignored for this
(caption)                particular \caption on input line 726.
See the caption package documentation for explanation.


G:/work/Journal2LaTeX/backend/temp/2d085249-d1dd-4321-ac89-6251680bda85/rendere
d/main.tex:728: LaTeX Error: strip used only in twocolumn mode!.

See the LaTeX manual or LaTeX Companion for explanation.
Type  H <return>  for immediate help.
 ...                                              
                                                  
l.728 \end{strip}
                 \JLTXbelowplacement

Overfull \hbox (2.29428pt too wide) in paragraph at lines 712--728
 [] 

LaTeX Warning: Reference `LastPage' on page 21 undefined on input line 737.

[21] [22]

LaTeX Warning: Reference `LastPage' on page 23 undefined on input line 773.

[23] [24]

LaTeX Warning: Reference `LastPage' on page 25 undefined on input line 908.

[25 <./media/image8.jpeg> <./media/image9.jpeg>] [26 <./media/image10.jpeg>]

enddocument/afterlastpage (AED): lastpage setting LastPage.
(main.aux)

LaTeX Warning: There were undefined references.


LaTeX Warning: Label(s) may have changed. Rerun to get cross-references right.


Package rerunfilecheck Warning: File `main.out' has changed.
(rerunfilecheck)                Rerun to get outlines right
(rerunfilecheck)                or use package `bookmark'.


Package lastpage Warning: Rerun to get the references right on input line 912.

 )
(see the transcript file for additional information)<C:/Users/asus/AppData/Loca
l/Programs/MiKTeX/fonts/type1/public/amsfonts/cm/cmmi12.pfb><C:/Users/asus/AppD
ata/Local/Programs/MiKTeX/fonts/type1/public/amsfonts/cm/cmmi9.pfb><C:/Users/as
us/AppData/Local/Programs/MiKTeX/fonts/type1/public/amsfonts/cm/cmsy10.pfb><C:/
Users/asus/AppData/Local/Programs/MiKTeX/fonts/type1/urw/symbol/usyr.pfb><C:/Us
ers/asus/AppData/Local/Programs/MiKTeX/fonts/type1/urw/times/utmb8a.pfb><C:/Use
rs/asus/AppData/Local/Programs/MiKTeX/fonts/type1/urw/times/utmr8a.pfb>
Output written on main.pdf (26 pages, 379199 bytes).
Transcript written on main.log.
Latexmk: Getting log file 'main.log'
Latexmk: Examining 'main.fls'
Latexmk: Examining 'main.log'
Latexmk: References changed.
Latexmk: References changed.
Latexmk: References changed.
Latexmk: Log file says output to 'main.pdf'
Latexmk: Summary of warnings from last run of *latex:
  Latex failed to resolve 13 reference(s)
Latexmk: Errors, so I did not complete making targets
Collected error summary (may duplicate other messages):
  pdflatex: Command for 'pdflatex' gave return code 1
      Refer to 'main.log' and/or above output for details



STDERR:
Latexmk: ====Problematic refs and citations with line #s in .tex file:
  Reference `LastPage' on page 1 undefined on input line 156
  Reference `LastPage' on page 3 undefined on input line 180
  Reference `LastPage' on page 5 undefined on input line 231
  Reference `LastPage' on page 7 undefined on input line 266
  Reference `LastPage' on page 9 undefined on input line 302
  Reference `LastPage' on page 11 undefined on input line 334
  Reference `LastPage' on page 13 undefined on input line 369
 And 6 more --- see log file 'main.log'
Latexmk: Sometimes, the -f option can be used to get latexmk
  to try to force complete processing.
  But normally, you will need to correct the file(s) that caused the
  error, and then rerun latexmk.
  In some cases, it is best to clean out generated files before rerunning
  latexmk after you've corrected the files.
Reverting Windows console CPs to (in,out) = (437,65001)
