[2026-07-26 15:29:15,733] [INFO] [job_manager.py:136]: Job 2d085249-d1dd-4321-ac89-6251680bda85 workspace created successfully
[2026-07-26 15:29:15,766] [INFO] [pipeline_service.py:46]: Starting validation for job: 2d085249-d1dd-4321-ac89-6251680bda85
[2026-07-26 15:29:15,783] [INFO] [job_manager.py:180]: Job status updated to: VALIDATING
[2026-07-26 15:29:15,799] [INFO] [job_manager.py:204]: Progress updated to 10%: Validating input Word Document
[2026-07-26 15:29:15,819] [INFO] [pipeline_service.py:61]: Validation successful.
[2026-07-26 15:29:15,835] [INFO] [job_manager.py:204]: Progress updated to 20%: Input document validated successfully
[2026-07-26 15:29:15,835] [INFO] [pipeline_service.py:68]: Starting document analysis for job: 2d085249-d1dd-4321-ac89-6251680bda85
[2026-07-26 15:29:15,851] [INFO] [job_manager.py:180]: Job status updated to: ANALYZING_DOCUMENT
[2026-07-26 15:29:15,867] [INFO] [job_manager.py:204]: Progress updated to 30%: Analyzing document structure and content blocks
[2026-07-26 15:29:15,867] [INFO] [document_analyzer.py:33]: Starting improved document analysis for: G:\work\Journal2LaTeX\backend\temp\2d085249-d1dd-4321-ac89-6251680bda85\input\The role.docx
[2026-07-26 15:29:17,239] [INFO] [document_analyzer.py:517]: Parsed document: title='The Role of Social Media in the Spread and Countering of Cyber-Extremism: An Islamic Jurisprudential and Educational Perspective', authors=3, sections=41, references=42
[2026-07-26 15:29:17,248] [INFO] [pipeline_service.py:96]: Document analysis completed. Saved structure to: G:\work\Journal2LaTeX\backend\temp\2d085249-d1dd-4321-ac89-6251680bda85\intermediate\document_structure.json, report to: G:\work\Journal2LaTeX\backend\temp\2d085249-d1dd-4321-ac89-6251680bda85\intermediate\conversion_report.json
[2026-07-26 15:29:17,269] [INFO] [job_manager.py:204]: Progress updated to 45%: Document structure extracted successfully
[2026-07-26 15:29:17,269] [INFO] [pipeline_service.py:109]: Starting asset extraction for job: 2d085249-d1dd-4321-ac89-6251680bda85
[2026-07-26 15:29:17,284] [INFO] [job_manager.py:180]: Job status updated to: EXTRACTING_ASSETS
[2026-07-26 15:29:17,301] [INFO] [job_manager.py:204]: Progress updated to 50%: Extracting images and figure assets from document
[2026-07-26 15:29:24,560] [INFO] [pipeline_service.py:251]: Office object fig:office1 placed=True
[2026-07-26 15:29:24,615] [INFO] [pipeline_service.py:142]: Assets extracted to: G:\work\Journal2LaTeX\backend\temp\2d085249-d1dd-4321-ac89-6251680bda85\intermediate\media
[2026-07-26 15:29:24,633] [INFO] [job_manager.py:204]: Progress updated to 60%: Document assets extracted successfully
[2026-07-26 15:29:24,634] [INFO] [pipeline_service.py:259]: Classifying extracted assets for job: 2d085249-d1dd-4321-ac89-6251680bda85
[2026-07-26 15:29:24,634] [INFO] [asset_analyzer.py:23]: Starting extended asset analysis for job: 2d085249-d1dd-4321-ac89-6251680bda85
[2026-07-26 15:29:24,637] [INFO] [asset_analyzer.py:153]: Extended asset classification completed. Assets classified: 8
[2026-07-26 15:29:24,651] [INFO] [job_manager.py:204]: Progress updated to 65%: Extracted assets analyzed and mapped successfully
[2026-07-26 15:29:24,738] [INFO] [pipeline_service.py:275]: Loading template 150309f2-a0bc-48cd-93c5-01a40b1c631e for job: 2d085249-d1dd-4321-ac89-6251680bda85
[2026-07-26 15:29:24,753] [INFO] [job_manager.py:180]: Job status updated to: LOADING_TEMPLATE
[2026-07-26 15:29:24,769] [INFO] [job_manager.py:204]: Progress updated to 70%: Loading template styles: 150309f2-a0bc-48cd-93c5-01a40b1c631e
[2026-07-26 15:29:24,843] [INFO] [pipeline_service.py:297]: Template loaded and workspace prepared at: G:\work\Journal2LaTeX\backend\temp\2d085249-d1dd-4321-ac89-6251680bda85\rendered
[2026-07-26 15:29:24,856] [INFO] [job_manager.py:204]: Progress updated to 80%: Template workspace initialized
[2026-07-26 15:29:24,858] [INFO] [pipeline_service.py:322]: Starting LaTeX rendering for job: 2d085249-d1dd-4321-ac89-6251680bda85
[2026-07-26 15:29:24,872] [INFO] [job_manager.py:180]: Job status updated to: RENDERING_LATEX
[2026-07-26 15:29:24,886] [INFO] [job_manager.py:204]: Progress updated to 85%: Rendering document content to LaTeX
[2026-07-26 15:29:24,905] [INFO] [latex_renderer.py:72]: Starting LaTeX rendering inside workspace: G:\work\Journal2LaTeX\backend\temp\2d085249-d1dd-4321-ac89-6251680bda85\rendered
[2026-07-26 15:29:25,092] [INFO] [latex_renderer.py:412]: LaTeX document main.tex rendered successfully.
[2026-07-26 15:29:25,221] [INFO] [header_reconstructor.py:124]: Template class draws its own header; skipping fancyhdr injection.
[2026-07-26 15:29:25,224] [INFO] [job_manager.py:204]: Progress updated to 90%: LaTeX document rendering completed
[2026-07-26 15:29:25,225] [INFO] [pipeline_service.py:385]: Starting document compilation for job: 2d085249-d1dd-4321-ac89-6251680bda85
[2026-07-26 15:29:25,249] [INFO] [job_manager.py:180]: Job status updated to: COMPILING
[2026-07-26 15:29:25,286] [INFO] [job_manager.py:204]: Progress updated to 92%: Compiling LaTeX source to PDF
[2026-07-26 15:29:31,373] [INFO] [pipeline_service.py:408]: Compilation completed successfully.
[2026-07-26 15:29:31,378] [INFO] [pipeline_service.py:423]: Running E2E publication fidelity checker for job: 2d085249-d1dd-4321-ac89-6251680bda85
[2026-07-26 15:29:31,378] [INFO] [fidelity_checker.py:24]: Generating advanced fidelity report and scores for job: 2d085249-d1dd-4321-ac89-6251680bda85
[2026-07-26 15:29:31,382] [INFO] [fidelity_checker.py:163]: Fidelity report written to G:\work\Journal2LaTeX\backend\temp\2d085249-d1dd-4321-ac89-6251680bda85\intermediate\fidelity_report.json. Overall Score: 89.8%, Critical missing: 2
[2026-07-26 15:29:31,399] [INFO] [job_manager.py:180]: Job status updated to: COMPLETED
[2026-07-26 15:29:31,413] [INFO] [job_manager.py:204]: Progress updated to 100%: Pipeline process completed successfully
