[2026-08-03 10:25:45,463] [INFO] [job_manager.py:136]: Job 84d2069f-7cf7-4d2c-b5da-216372794baf workspace created successfully
[2026-08-03 10:25:45,495] [INFO] [pipeline_service.py:46]: Starting validation for job: 84d2069f-7cf7-4d2c-b5da-216372794baf
[2026-08-03 10:25:45,514] [INFO] [job_manager.py:180]: Job status updated to: VALIDATING
[2026-08-03 10:25:45,532] [INFO] [job_manager.py:204]: Progress updated to 10%: Validating input Word Document
[2026-08-03 10:25:45,552] [INFO] [pipeline_service.py:61]: Validation successful.
[2026-08-03 10:25:45,569] [INFO] [job_manager.py:204]: Progress updated to 20%: Input document validated successfully
[2026-08-03 10:25:45,569] [INFO] [pipeline_service.py:68]: Starting document analysis for job: 84d2069f-7cf7-4d2c-b5da-216372794baf
[2026-08-03 10:25:45,594] [INFO] [job_manager.py:180]: Job status updated to: ANALYZING_DOCUMENT
[2026-08-03 10:25:45,610] [INFO] [job_manager.py:204]: Progress updated to 30%: Analyzing document structure and content blocks
[2026-08-03 10:25:45,610] [INFO] [document_analyzer.py:119]: Starting improved document analysis for: G:\work\Journal2LaTeX\backend\temp\84d2069f-7cf7-4d2c-b5da-216372794baf\input\The role.docx
[2026-08-03 10:25:47,062] [INFO] [document_analyzer.py:777]: Parsed document: title='The Role of Social Media in the Spread and Countering of Cyber-Extremism: An Islamic Jurisprudential and Educational Perspective', authors=3, sections=45, references=42
[2026-08-03 10:25:47,083] [INFO] [pipeline_service.py:96]: Document analysis completed. Saved structure to: G:\work\Journal2LaTeX\backend\temp\84d2069f-7cf7-4d2c-b5da-216372794baf\intermediate\document_structure.json, report to: G:\work\Journal2LaTeX\backend\temp\84d2069f-7cf7-4d2c-b5da-216372794baf\intermediate\conversion_report.json
[2026-08-03 10:25:47,102] [INFO] [job_manager.py:204]: Progress updated to 45%: Document structure extracted successfully
[2026-08-03 10:25:47,103] [INFO] [pipeline_service.py:109]: Starting asset extraction for job: 84d2069f-7cf7-4d2c-b5da-216372794baf
[2026-08-03 10:25:47,119] [INFO] [job_manager.py:180]: Job status updated to: EXTRACTING_ASSETS
[2026-08-03 10:25:47,134] [INFO] [job_manager.py:204]: Progress updated to 50%: Extracting images and figure assets from document
[2026-08-03 10:25:55,398] [INFO] [pipeline_service.py:265]: Office object fig:office1 placed=True
[2026-08-03 10:25:55,468] [INFO] [pipeline_service.py:156]: Assets extracted to: G:\work\Journal2LaTeX\backend\temp\84d2069f-7cf7-4d2c-b5da-216372794baf\intermediate\media
[2026-08-03 10:25:55,487] [INFO] [job_manager.py:204]: Progress updated to 60%: Document assets extracted successfully
[2026-08-03 10:25:55,487] [INFO] [pipeline_service.py:273]: Classifying extracted assets for job: 84d2069f-7cf7-4d2c-b5da-216372794baf
[2026-08-03 10:25:55,487] [INFO] [asset_analyzer.py:23]: Starting extended asset analysis for job: 84d2069f-7cf7-4d2c-b5da-216372794baf
[2026-08-03 10:25:55,491] [INFO] [asset_analyzer.py:153]: Extended asset classification completed. Assets classified: 8
[2026-08-03 10:25:55,509] [INFO] [job_manager.py:204]: Progress updated to 65%: Extracted assets analyzed and mapped successfully
[2026-08-03 10:25:55,575] [INFO] [pipeline_service.py:289]: Loading template 8a8ce657-3cb7-4fca-af17-15667837ac20 for job: 84d2069f-7cf7-4d2c-b5da-216372794baf
[2026-08-03 10:25:55,594] [INFO] [job_manager.py:180]: Job status updated to: LOADING_TEMPLATE
[2026-08-03 10:25:55,612] [INFO] [job_manager.py:204]: Progress updated to 70%: Loading template styles: 8a8ce657-3cb7-4fca-af17-15667837ac20
[2026-08-03 10:25:55,709] [INFO] [pipeline_service.py:311]: Template loaded and workspace prepared at: G:\work\Journal2LaTeX\backend\temp\84d2069f-7cf7-4d2c-b5da-216372794baf\rendered
[2026-08-03 10:25:55,728] [INFO] [job_manager.py:204]: Progress updated to 80%: Template workspace initialized
[2026-08-03 10:25:55,731] [INFO] [pipeline_service.py:336]: Starting LaTeX rendering for job: 84d2069f-7cf7-4d2c-b5da-216372794baf
[2026-08-03 10:25:55,749] [INFO] [job_manager.py:180]: Job status updated to: RENDERING_LATEX
[2026-08-03 10:25:55,765] [INFO] [job_manager.py:204]: Progress updated to 85%: Rendering document content to LaTeX
[2026-08-03 10:25:55,784] [INFO] [latex_renderer.py:104]: Starting LaTeX rendering inside workspace: G:\work\Journal2LaTeX\backend\temp\84d2069f-7cf7-4d2c-b5da-216372794baf\rendered
[2026-08-03 10:25:56,283] [INFO] [latex_renderer.py:507]: LaTeX document main.tex rendered successfully.
[2026-08-03 10:25:56,406] [INFO] [header_reconstructor.py:124]: Template class draws its own header; skipping fancyhdr injection.
[2026-08-03 10:25:56,417] [INFO] [job_manager.py:204]: Progress updated to 90%: LaTeX document rendering completed
[2026-08-03 10:25:56,418] [INFO] [pipeline_service.py:399]: Starting document compilation for job: 84d2069f-7cf7-4d2c-b5da-216372794baf
[2026-08-03 10:25:56,436] [INFO] [job_manager.py:180]: Job status updated to: COMPILING
[2026-08-03 10:25:56,456] [INFO] [job_manager.py:204]: Progress updated to 92%: Compiling LaTeX source to PDF
[2026-08-03 10:26:06,278] [INFO] [pipeline_service.py:422]: Compilation completed successfully.
[2026-08-03 10:26:06,283] [INFO] [pipeline_service.py:437]: Running E2E publication fidelity checker for job: 84d2069f-7cf7-4d2c-b5da-216372794baf
[2026-08-03 10:26:06,283] [INFO] [fidelity_checker.py:70]: Generating advanced fidelity report and scores for job: 84d2069f-7cf7-4d2c-b5da-216372794baf
[2026-08-03 10:26:06,289] [INFO] [fidelity_checker.py:250]: Fidelity report written to G:\work\Journal2LaTeX\backend\temp\84d2069f-7cf7-4d2c-b5da-216372794baf\intermediate\fidelity_report.json. Overall Score: 94.6%, Critical missing: 0
[2026-08-03 10:26:06,311] [INFO] [job_manager.py:180]: Job status updated to: COMPLETED
[2026-08-03 10:26:06,328] [INFO] [job_manager.py:204]: Progress updated to 100%: Pipeline process completed successfully
