[2026-07-23 15:00:36,248] [INFO] [job_manager.py:136]: Job 37edd753-40d0-4c51-b22f-25cb9f424e92 workspace created successfully
[2026-07-23 15:00:36,281] [INFO] [pipeline_service.py:45]: Starting validation for job: 37edd753-40d0-4c51-b22f-25cb9f424e92
[2026-07-23 15:00:36,296] [INFO] [job_manager.py:180]: Job status updated to: VALIDATING
[2026-07-23 15:00:36,313] [INFO] [job_manager.py:204]: Progress updated to 10%: Validating input Word Document
[2026-07-23 15:00:36,317] [INFO] [pipeline_service.py:60]: Validation successful.
[2026-07-23 15:00:36,333] [INFO] [job_manager.py:204]: Progress updated to 20%: Input document validated successfully
[2026-07-23 15:00:36,333] [INFO] [pipeline_service.py:67]: Starting document analysis for job: 37edd753-40d0-4c51-b22f-25cb9f424e92
[2026-07-23 15:00:36,349] [INFO] [job_manager.py:180]: Job status updated to: ANALYZING_DOCUMENT
[2026-07-23 15:00:36,363] [INFO] [job_manager.py:204]: Progress updated to 30%: Analyzing document structure and content blocks
[2026-07-23 15:00:36,363] [INFO] [document_analyzer.py:33]: Starting improved document analysis for: G:\work\Journal2LaTeX\backend\temp\37edd753-40d0-4c51-b22f-25cb9f424e92\input\sample.docx
[2026-07-23 15:00:36,412] [INFO] [document_analyzer.py:517]: Parsed document: title='Hello from Journal2LaTeX. This is a minimal DOCX document to verify the conversion engine.', authors=0, sections=0, references=0
[2026-07-23 15:00:36,413] [INFO] [pipeline_service.py:95]: Document analysis completed. Saved structure to: G:\work\Journal2LaTeX\backend\temp\37edd753-40d0-4c51-b22f-25cb9f424e92\intermediate\document_structure.json, report to: G:\work\Journal2LaTeX\backend\temp\37edd753-40d0-4c51-b22f-25cb9f424e92\intermediate\conversion_report.json
[2026-07-23 15:00:36,431] [INFO] [job_manager.py:204]: Progress updated to 45%: Document structure extracted successfully
[2026-07-23 15:00:36,431] [INFO] [pipeline_service.py:108]: Starting asset extraction for job: 37edd753-40d0-4c51-b22f-25cb9f424e92
[2026-07-23 15:00:36,443] [INFO] [job_manager.py:180]: Job status updated to: EXTRACTING_ASSETS
[2026-07-23 15:00:36,460] [INFO] [job_manager.py:204]: Progress updated to 50%: Extracting images and figure assets from document
[2026-07-23 15:00:36,535] [INFO] [pipeline_service.py:141]: Assets extracted to: G:\work\Journal2LaTeX\backend\temp\37edd753-40d0-4c51-b22f-25cb9f424e92\intermediate\media
[2026-07-23 15:00:36,551] [INFO] [job_manager.py:204]: Progress updated to 60%: Document assets extracted successfully
[2026-07-23 15:00:36,551] [INFO] [pipeline_service.py:231]: Classifying extracted assets for job: 37edd753-40d0-4c51-b22f-25cb9f424e92
[2026-07-23 15:00:36,551] [INFO] [asset_analyzer.py:23]: Starting extended asset analysis for job: 37edd753-40d0-4c51-b22f-25cb9f424e92
[2026-07-23 15:00:36,552] [INFO] [asset_analyzer.py:153]: Extended asset classification completed. Assets classified: 0
[2026-07-23 15:00:36,567] [INFO] [job_manager.py:204]: Progress updated to 65%: Extracted assets analyzed and mapped successfully
