[2026-07-18 02:04:17,394] [INFO] [job_manager.py:92]: Job 9a6e76c1-c08d-4c74-9c94-68090482e12a workspace created successfully
[2026-07-18 02:04:17,420] [INFO] [pipeline_service.py:34]: Starting validation for job: 9a6e76c1-c08d-4c74-9c94-68090482e12a
[2026-07-18 02:04:17,421] [INFO] [job_manager.py:136]: Job status updated to: VALIDATING
[2026-07-18 02:04:17,431] [INFO] [job_manager.py:160]: Progress updated to 10%: Validating input Word Document
[2026-07-18 02:04:17,444] [INFO] [pipeline_service.py:49]: Validation successful.
[2026-07-18 02:04:17,455] [INFO] [job_manager.py:160]: Progress updated to 20%: Input document validated successfully
[2026-07-18 02:04:17,455] [INFO] [pipeline_service.py:56]: Starting document analysis for job: 9a6e76c1-c08d-4c74-9c94-68090482e12a
[2026-07-18 02:04:17,469] [INFO] [job_manager.py:136]: Job status updated to: ANALYZING_DOCUMENT
[2026-07-18 02:04:17,485] [INFO] [job_manager.py:160]: Progress updated to 30%: Analyzing document structure and content blocks
[2026-07-18 02:04:17,485] [INFO] [document_analyzer.py:33]: Starting improved document analysis for: G:\work\Journal2LaTeX\backend\temp\9a6e76c1-c08d-4c74-9c94-68090482e12a\input\with_author_photo.docx
[2026-07-18 02:04:17,788] [ERROR] [document_analyzer.py:292]: Failed to parse biography table: name 'AuthorBiography' is not defined
[2026-07-18 02:04:17,788] [INFO] [document_analyzer.py:348]: Parsed document: title='Statistical Analysis of Body Dysmorphic Disorder, Quality of Life, and Social Anxiety in Fire Victims: Path Analysis', authors=3, sections=1, references=0
[2026-07-18 02:04:17,797] [INFO] [pipeline_service.py:84]: Document analysis completed. Saved structure to: G:\work\Journal2LaTeX\backend\temp\9a6e76c1-c08d-4c74-9c94-68090482e12a\intermediate\document_structure.json, report to: G:\work\Journal2LaTeX\backend\temp\9a6e76c1-c08d-4c74-9c94-68090482e12a\intermediate\conversion_report.json
[2026-07-18 02:04:17,809] [INFO] [job_manager.py:160]: Progress updated to 45%: Document structure extracted successfully
[2026-07-18 02:04:17,810] [INFO] [pipeline_service.py:97]: Starting asset extraction for job: 9a6e76c1-c08d-4c74-9c94-68090482e12a
[2026-07-18 02:04:17,821] [INFO] [job_manager.py:136]: Job status updated to: EXTRACTING_ASSETS
[2026-07-18 02:04:17,835] [INFO] [job_manager.py:160]: Progress updated to 50%: Extracting images and figure assets from document
[2026-07-18 02:04:18,189] [INFO] [pipeline_service.py:108]: Assets extracted to: G:\work\Journal2LaTeX\backend\temp\9a6e76c1-c08d-4c74-9c94-68090482e12a\intermediate\media
[2026-07-18 02:04:18,201] [INFO] [job_manager.py:160]: Progress updated to 60%: Document assets extracted successfully
[2026-07-18 02:04:18,201] [INFO] [pipeline_service.py:120]: Classifying extracted assets for job: 9a6e76c1-c08d-4c74-9c94-68090482e12a
[2026-07-18 02:04:18,201] [INFO] [asset_analyzer.py:23]: Starting extended asset analysis for job: 9a6e76c1-c08d-4c74-9c94-68090482e12a
[2026-07-18 02:04:18,203] [INFO] [asset_analyzer.py:153]: Extended asset classification completed. Assets classified: 8
[2026-07-18 02:04:18,217] [INFO] [job_manager.py:160]: Progress updated to 65%: Extracted assets analyzed and mapped successfully
[2026-07-18 02:04:18,237] [INFO] [pipeline_service.py:136]: Loading template JSAP for job: 9a6e76c1-c08d-4c74-9c94-68090482e12a
[2026-07-18 02:04:18,238] [INFO] [job_manager.py:136]: Job status updated to: LOADING_TEMPLATE
[2026-07-18 02:04:18,251] [INFO] [job_manager.py:160]: Progress updated to 70%: Loading template styles: JSAP
[2026-07-18 02:04:18,269] [INFO] [pipeline_service.py:154]: Template loaded and workspace prepared at: G:\work\Journal2LaTeX\backend\temp\9a6e76c1-c08d-4c74-9c94-68090482e12a\rendered
[2026-07-18 02:04:18,282] [INFO] [job_manager.py:160]: Progress updated to 80%: Template workspace initialized
[2026-07-18 02:04:18,283] [INFO] [pipeline_service.py:167]: Starting LaTeX rendering for job: 9a6e76c1-c08d-4c74-9c94-68090482e12a
[2026-07-18 02:04:18,294] [INFO] [job_manager.py:136]: Job status updated to: RENDERING_LATEX
[2026-07-18 02:04:18,305] [INFO] [job_manager.py:160]: Progress updated to 85%: Rendering document content to LaTeX
[2026-07-18 02:04:18,323] [INFO] [latex_renderer.py:29]: Starting LaTeX rendering inside workspace: G:\work\Journal2LaTeX\backend\temp\9a6e76c1-c08d-4c74-9c94-68090482e12a\rendered
[2026-07-18 02:04:18,327] [INFO] [latex_renderer.py:105]: LaTeX document main.tex rendered successfully.
[2026-07-18 02:04:18,343] [INFO] [job_manager.py:160]: Progress updated to 90%: LaTeX document rendering completed
[2026-07-18 02:04:18,343] [INFO] [pipeline_service.py:201]: Starting document compilation for job: 9a6e76c1-c08d-4c74-9c94-68090482e12a
[2026-07-18 02:04:18,359] [INFO] [job_manager.py:136]: Job status updated to: COMPILING
[2026-07-18 02:04:18,374] [INFO] [job_manager.py:160]: Progress updated to 92%: Compiling LaTeX source to PDF
[2026-07-18 02:04:22,559] [INFO] [pipeline_service.py:223]: Compilation completed successfully.
[2026-07-18 02:04:22,560] [INFO] [pipeline_service.py:235]: Running E2E publication fidelity checker for job: 9a6e76c1-c08d-4c74-9c94-68090482e12a
[2026-07-18 02:04:22,560] [INFO] [fidelity_checker.py:24]: Generating advanced fidelity report and scores for job: 9a6e76c1-c08d-4c74-9c94-68090482e12a
[2026-07-18 02:04:22,563] [INFO] [fidelity_checker.py:163]: Fidelity report written to G:\work\Journal2LaTeX\backend\temp\9a6e76c1-c08d-4c74-9c94-68090482e12a\intermediate\fidelity_report.json. Overall Score: 99.1%, Critical missing: 0
[2026-07-18 02:04:22,573] [INFO] [job_manager.py:136]: Job status updated to: COMPLETED
[2026-07-18 02:04:22,584] [INFO] [job_manager.py:160]: Progress updated to 100%: Pipeline process completed successfully
