[2026-07-18 19:05:47,775] [INFO] [latex_compiler.py:74]: Starting LaTeX compilation for: G:\work\Journal2LaTeX\backend\temp\de6b4527-1042-48fd-a815-55d1bb1aecd4\rendered\main.tex
[2026-07-18 19:05:48,439] [INFO] [latex_compiler.py:109]: Using latexmk compiler.
[2026-07-18 19:05:52,976] [INFO] [latex_compiler.py:172]: Compilation completed successfully. PDF generated at: G:\work\Journal2LaTeX\backend\temp\de6b4527-1042-48fd-a815-55d1bb1aecd4\output\paper.pdf
[2026-07-18 19:05:53,034] [INFO] [latex_compiler.py:74]: Starting LaTeX compilation for: G:\work\Journal2LaTeX\backend\temp\de6b4527-1042-48fd-a815-55d1bb1aecd4\rendered\main.tex
[2026-07-18 19:05:53,784] [INFO] [latex_compiler.py:109]: Using latexmk compiler.
[2026-07-18 19:05:54,491] [INFO] [latex_compiler.py:172]: Compilation completed successfully. PDF generated at: G:\work\Journal2LaTeX\backend\temp\de6b4527-1042-48fd-a815-55d1bb1aecd4\output\paper.pdf
[2026-07-18 19:06:03,442] [INFO] [latex_compiler.py:74]: Starting LaTeX compilation for: G:\work\Journal2LaTeX\backend\temp\de6b4527-1042-48fd-a815-55d1bb1aecd4\rendered\main.tex
[2026-07-18 19:06:04,062] [INFO] [latex_compiler.py:109]: Using latexmk compiler.
[2026-07-18 19:06:06,637] [INFO] [latex_compiler.py:172]: Compilation completed successfully. PDF generated at: G:\work\Journal2LaTeX\backend\temp\de6b4527-1042-48fd-a815-55d1bb1aecd4\output\paper.pdf
[2026-07-18 19:06:15,431] [INFO] [latex_compiler.py:74]: Starting LaTeX compilation for: G:\work\Journal2LaTeX\backend\temp\de6b4527-1042-48fd-a815-55d1bb1aecd4\rendered\main.tex
[2026-07-18 19:06:16,098] [INFO] [latex_compiler.py:109]: Using latexmk compiler.
[2026-07-18 19:06:18,833] [INFO] [latex_compiler.py:172]: Compilation completed successfully. PDF generated at: G:\work\Journal2LaTeX\backend\temp\de6b4527-1042-48fd-a815-55d1bb1aecd4\output\paper.pdf
[2026-07-18 19:06:29,083] [INFO] [latex_compiler.py:74]: Starting LaTeX compilation for: G:\work\Journal2LaTeX\backend\temp\de6b4527-1042-48fd-a815-55d1bb1aecd4\rendered\main.tex
[2026-07-18 19:06:29,715] [INFO] [latex_compiler.py:109]: Using latexmk compiler.
[2026-07-18 19:06:32,480] [INFO] [latex_compiler.py:172]: Compilation completed successfully. PDF generated at: G:\work\Journal2LaTeX\backend\temp\de6b4527-1042-48fd-a815-55d1bb1aecd4\output\paper.pdf
[2026-07-18 19:06:41,290] [INFO] [latex_compiler.py:74]: Starting LaTeX compilation for: G:\work\Journal2LaTeX\backend\temp\de6b4527-1042-48fd-a815-55d1bb1aecd4\rendered\main.tex
[2026-07-18 19:06:41,926] [INFO] [latex_compiler.py:109]: Using latexmk compiler.
[2026-07-18 19:06:46,191] [ERROR] [latex_compiler.py:160]: LaTeX compilation failed. PDF not generated. Check raw logs for details.
[2026-07-18 19:06:46,235] [INFO] [latex_compiler.py:74]: Starting LaTeX compilation for: G:\work\Journal2LaTeX\backend\temp\de6b4527-1042-48fd-a815-55d1bb1aecd4\rendered\main.tex
[2026-07-18 19:06:46,725] [INFO] [latex_compiler.py:129]: Using pdflatex compiler (up to 3 passes).
[2026-07-18 19:06:46,725] [INFO] [latex_compiler.py:132]: pdflatex pass 1/3
[2026-07-18 19:06:46,725] [DEBUG] [latex_compiler.py:39]: Executing pdflatex pass: pdflatex -interaction=nonstopmode -file-line-error G:\work\Journal2LaTeX\backend\temp\de6b4527-1042-48fd-a815-55d1bb1aecd4\rendered\main.tex in directory: G:\work\Journal2LaTeX\backend\temp\de6b4527-1042-48fd-a815-55d1bb1aecd4\rendered
[2026-07-18 19:06:46,909] [INFO] [latex_compiler.py:132]: pdflatex pass 2/3
[2026-07-18 19:06:46,910] [DEBUG] [latex_compiler.py:39]: Executing pdflatex pass: pdflatex -interaction=nonstopmode -file-line-error G:\work\Journal2LaTeX\backend\temp\de6b4527-1042-48fd-a815-55d1bb1aecd4\rendered\main.tex in directory: G:\work\Journal2LaTeX\backend\temp\de6b4527-1042-48fd-a815-55d1bb1aecd4\rendered
[2026-07-18 19:06:47,119] [INFO] [latex_compiler.py:142]: References stable after pass 2.
[2026-07-18 19:06:47,120] [ERROR] [latex_compiler.py:160]: LaTeX compilation failed. PDF not generated. Check raw logs for details.
