[2026-07-18 19:05:45,946] [INFO] [job_manager.py:117]: Job de6b4527-1042-48fd-a815-55d1bb1aecd4 workspace created successfully
[2026-07-18 19:05:45,986] [INFO] [pipeline_service.py:40]: Starting validation for job: de6b4527-1042-48fd-a815-55d1bb1aecd4
[2026-07-18 19:05:46,004] [INFO] [job_manager.py:161]: Job status updated to: VALIDATING
[2026-07-18 19:05:46,024] [INFO] [job_manager.py:185]: Progress updated to 10%: Validating input Word Document
[2026-07-18 19:05:46,042] [INFO] [pipeline_service.py:55]: Validation successful.
[2026-07-18 19:05:46,056] [INFO] [job_manager.py:185]: Progress updated to 20%: Input document validated successfully
[2026-07-18 19:05:46,056] [INFO] [pipeline_service.py:62]: Starting document analysis for job: de6b4527-1042-48fd-a815-55d1bb1aecd4
[2026-07-18 19:05:46,070] [INFO] [job_manager.py:161]: Job status updated to: ANALYZING_DOCUMENT
[2026-07-18 19:05:46,084] [INFO] [job_manager.py:185]: Progress updated to 30%: Analyzing document structure and content blocks
[2026-07-18 19:05:46,084] [INFO] [document_analyzer.py:33]: Starting improved document analysis for: G:\work\Journal2LaTeX\backend\temp\de6b4527-1042-48fd-a815-55d1bb1aecd4\input\research in the journal form.docx
[2026-07-18 19:05:46,573] [INFO] [document_analyzer.py:416]: Parsed document: title='Statistical Analysis of Body Dysmorphic Disorder, Quality of Life, and Social Anxiety in Fire Victims: Path Analysis', authors=3, sections=1, references=21
[2026-07-18 19:05:46,576] [INFO] [pipeline_service.py:90]: Document analysis completed. Saved structure to: G:\work\Journal2LaTeX\backend\temp\de6b4527-1042-48fd-a815-55d1bb1aecd4\intermediate\document_structure.json, report to: G:\work\Journal2LaTeX\backend\temp\de6b4527-1042-48fd-a815-55d1bb1aecd4\intermediate\conversion_report.json
[2026-07-18 19:05:46,595] [INFO] [job_manager.py:185]: Progress updated to 45%: Document structure extracted successfully
[2026-07-18 19:05:46,595] [INFO] [pipeline_service.py:103]: Starting asset extraction for job: de6b4527-1042-48fd-a815-55d1bb1aecd4
[2026-07-18 19:05:46,608] [INFO] [job_manager.py:161]: Job status updated to: EXTRACTING_ASSETS
[2026-07-18 19:05:46,622] [INFO] [job_manager.py:185]: Progress updated to 50%: Extracting images and figure assets from document
[2026-07-18 19:05:47,102] [INFO] [pipeline_service.py:115]: Assets extracted to: G:\work\Journal2LaTeX\backend\temp\de6b4527-1042-48fd-a815-55d1bb1aecd4\intermediate\media
[2026-07-18 19:05:47,118] [INFO] [job_manager.py:185]: Progress updated to 60%: Document assets extracted successfully
[2026-07-18 19:05:47,118] [INFO] [pipeline_service.py:127]: Classifying extracted assets for job: de6b4527-1042-48fd-a815-55d1bb1aecd4
[2026-07-18 19:05:47,118] [INFO] [asset_analyzer.py:23]: Starting extended asset analysis for job: de6b4527-1042-48fd-a815-55d1bb1aecd4
[2026-07-18 19:05:47,122] [INFO] [asset_analyzer.py:153]: Extended asset classification completed. Assets classified: 8
[2026-07-18 19:05:47,136] [INFO] [job_manager.py:185]: Progress updated to 65%: Extracted assets analyzed and mapped successfully
[2026-07-18 19:05:47,196] [INFO] [pipeline_service.py:143]: Loading template 78ee1112-0217-403d-a56d-c5a7844e7ab3 for job: de6b4527-1042-48fd-a815-55d1bb1aecd4
[2026-07-18 19:05:47,197] [INFO] [job_manager.py:161]: Job status updated to: LOADING_TEMPLATE
[2026-07-18 19:05:47,210] [INFO] [job_manager.py:185]: Progress updated to 70%: Loading template styles: 78ee1112-0217-403d-a56d-c5a7844e7ab3
[2026-07-18 19:05:47,232] [INFO] [pipeline_service.py:161]: Template loaded and workspace prepared at: G:\work\Journal2LaTeX\backend\temp\de6b4527-1042-48fd-a815-55d1bb1aecd4\rendered
[2026-07-18 19:05:47,247] [INFO] [job_manager.py:185]: Progress updated to 80%: Template workspace initialized
[2026-07-18 19:05:47,248] [INFO] [pipeline_service.py:174]: Starting LaTeX rendering for job: de6b4527-1042-48fd-a815-55d1bb1aecd4
[2026-07-18 19:05:47,263] [INFO] [job_manager.py:161]: Job status updated to: RENDERING_LATEX
[2026-07-18 19:05:47,283] [INFO] [job_manager.py:185]: Progress updated to 85%: Rendering document content to LaTeX
[2026-07-18 19:05:47,305] [INFO] [latex_renderer.py:70]: Starting LaTeX rendering inside workspace: G:\work\Journal2LaTeX\backend\temp\de6b4527-1042-48fd-a815-55d1bb1aecd4\rendered
[2026-07-18 19:05:47,719] [INFO] [latex_renderer.py:337]: LaTeX document main.tex rendered successfully.
[2026-07-18 19:05:47,736] [INFO] [job_manager.py:185]: Progress updated to 90%: LaTeX document rendering completed
[2026-07-18 19:05:47,736] [INFO] [pipeline_service.py:208]: Starting document compilation for job: de6b4527-1042-48fd-a815-55d1bb1aecd4
[2026-07-18 19:05:47,754] [INFO] [job_manager.py:161]: Job status updated to: COMPILING
[2026-07-18 19:05:47,774] [INFO] [job_manager.py:185]: Progress updated to 92%: Compiling LaTeX source to PDF
[2026-07-18 19:05:52,993] [INFO] [pipeline_service.py:230]: Compilation completed successfully.
[2026-07-18 19:05:52,995] [INFO] [pipeline_service.py:242]: Running E2E publication fidelity checker for job: de6b4527-1042-48fd-a815-55d1bb1aecd4
[2026-07-18 19:05:52,995] [INFO] [fidelity_checker.py:24]: Generating advanced fidelity report and scores for job: de6b4527-1042-48fd-a815-55d1bb1aecd4
[2026-07-18 19:05:52,999] [INFO] [fidelity_checker.py:163]: Fidelity report written to G:\work\Journal2LaTeX\backend\temp\de6b4527-1042-48fd-a815-55d1bb1aecd4\intermediate\fidelity_report.json. Overall Score: 97.8%, Critical missing: 0
[2026-07-18 19:05:53,016] [INFO] [pipeline_service.py:208]: Starting document compilation for job: de6b4527-1042-48fd-a815-55d1bb1aecd4
[2026-07-18 19:05:53,018] [INFO] [job_manager.py:161]: Job status updated to: COMPILING
[2026-07-18 19:05:53,034] [INFO] [job_manager.py:185]: Progress updated to 92%: Compiling LaTeX source to PDF
[2026-07-18 19:05:54,508] [INFO] [pipeline_service.py:230]: Compilation completed successfully.
[2026-07-18 19:06:03,408] [INFO] [pipeline_service.py:208]: Starting document compilation for job: de6b4527-1042-48fd-a815-55d1bb1aecd4
[2026-07-18 19:06:03,426] [INFO] [job_manager.py:161]: Job status updated to: COMPILING
[2026-07-18 19:06:03,442] [INFO] [job_manager.py:185]: Progress updated to 92%: Compiling LaTeX source to PDF
[2026-07-18 19:06:06,653] [INFO] [pipeline_service.py:230]: Compilation completed successfully.
[2026-07-18 19:06:15,391] [INFO] [pipeline_service.py:208]: Starting document compilation for job: de6b4527-1042-48fd-a815-55d1bb1aecd4
[2026-07-18 19:06:15,410] [INFO] [job_manager.py:161]: Job status updated to: COMPILING
[2026-07-18 19:06:15,430] [INFO] [job_manager.py:185]: Progress updated to 92%: Compiling LaTeX source to PDF
[2026-07-18 19:06:18,848] [INFO] [pipeline_service.py:230]: Compilation completed successfully.
[2026-07-18 19:06:29,057] [INFO] [pipeline_service.py:208]: Starting document compilation for job: de6b4527-1042-48fd-a815-55d1bb1aecd4
[2026-07-18 19:06:29,070] [INFO] [job_manager.py:161]: Job status updated to: COMPILING
[2026-07-18 19:06:29,083] [INFO] [job_manager.py:185]: Progress updated to 92%: Compiling LaTeX source to PDF
[2026-07-18 19:06:32,496] [INFO] [pipeline_service.py:230]: Compilation completed successfully.
[2026-07-18 19:06:41,266] [INFO] [pipeline_service.py:208]: Starting document compilation for job: de6b4527-1042-48fd-a815-55d1bb1aecd4
[2026-07-18 19:06:41,278] [INFO] [job_manager.py:161]: Job status updated to: COMPILING
[2026-07-18 19:06:41,290] [INFO] [job_manager.py:185]: Progress updated to 92%: Compiling LaTeX source to PDF
[2026-07-18 19:06:46,191] [ERROR] [pipeline_service.py:235]: LaTeX compilation failed: LaTeX compilation failed. PDF not generated.
[2026-07-18 19:06:46,205] [ERROR] [job_manager.py:209]: Job error added: LaTeX compilation failed: LaTeX compilation failed. PDF not generated.
[2026-07-18 19:06:46,206] [INFO] [pipeline_service.py:208]: Starting document compilation for job: de6b4527-1042-48fd-a815-55d1bb1aecd4
[2026-07-18 19:06:46,221] [INFO] [job_manager.py:161]: Job status updated to: COMPILING
[2026-07-18 19:06:46,235] [INFO] [job_manager.py:185]: Progress updated to 92%: Compiling LaTeX source to PDF
[2026-07-18 19:06:47,120] [ERROR] [pipeline_service.py:235]: LaTeX compilation failed: LaTeX compilation failed. PDF not generated.
[2026-07-18 19:06:47,134] [ERROR] [job_manager.py:209]: Job error added: LaTeX compilation failed: LaTeX compilation failed. PDF not generated.
[2026-07-18 19:06:47,146] [INFO] [job_manager.py:161]: Job status updated to: COMPLETED
[2026-07-18 19:06:47,158] [INFO] [job_manager.py:185]: Progress updated to 100%: Pipeline process completed successfully
