[2026-07-18 02:07:59,894] [INFO] [job_manager.py:92]: Job 97e7d60e-e1db-4391-ad32-0cbbad0a2626 workspace created successfully
[2026-07-18 02:07:59,915] [INFO] [pipeline_service.py:34]: Starting validation for job: 97e7d60e-e1db-4391-ad32-0cbbad0a2626
[2026-07-18 02:07:59,916] [INFO] [job_manager.py:136]: Job status updated to: VALIDATING
[2026-07-18 02:07:59,928] [INFO] [job_manager.py:160]: Progress updated to 10%: Validating input Word Document
[2026-07-18 02:07:59,946] [INFO] [pipeline_service.py:49]: Validation successful.
[2026-07-18 02:07:59,964] [INFO] [job_manager.py:160]: Progress updated to 20%: Input document validated successfully
[2026-07-18 02:07:59,964] [INFO] [pipeline_service.py:56]: Starting document analysis for job: 97e7d60e-e1db-4391-ad32-0cbbad0a2626
[2026-07-18 02:07:59,991] [INFO] [job_manager.py:136]: Job status updated to: ANALYZING_DOCUMENT
[2026-07-18 02:08:00,003] [INFO] [job_manager.py:160]: Progress updated to 30%: Analyzing document structure and content blocks
[2026-07-18 02:08:00,003] [INFO] [document_analyzer.py:33]: Starting improved document analysis for: G:\work\Journal2LaTeX\backend\temp\97e7d60e-e1db-4391-ad32-0cbbad0a2626\input\with_author_photo.docx
[2026-07-18 02:08:00,304] [INFO] [document_analyzer.py:358]: Parsed document: title='Statistical Analysis of Body Dysmorphic Disorder, Quality of Life, and Social Anxiety in Fire Victims: Path Analysis', authors=3, sections=1, references=0
[2026-07-18 02:08:00,306] [INFO] [pipeline_service.py:84]: Document analysis completed. Saved structure to: G:\work\Journal2LaTeX\backend\temp\97e7d60e-e1db-4391-ad32-0cbbad0a2626\intermediate\document_structure.json, report to: G:\work\Journal2LaTeX\backend\temp\97e7d60e-e1db-4391-ad32-0cbbad0a2626\intermediate\conversion_report.json
[2026-07-18 02:08:00,318] [INFO] [job_manager.py:160]: Progress updated to 45%: Document structure extracted successfully
[2026-07-18 02:08:00,318] [INFO] [pipeline_service.py:97]: Starting asset extraction for job: 97e7d60e-e1db-4391-ad32-0cbbad0a2626
[2026-07-18 02:08:00,328] [INFO] [job_manager.py:136]: Job status updated to: EXTRACTING_ASSETS
[2026-07-18 02:08:00,338] [INFO] [job_manager.py:160]: Progress updated to 50%: Extracting images and figure assets from document
[2026-07-18 02:08:00,715] [INFO] [pipeline_service.py:108]: Assets extracted to: G:\work\Journal2LaTeX\backend\temp\97e7d60e-e1db-4391-ad32-0cbbad0a2626\intermediate\media
[2026-07-18 02:08:00,727] [INFO] [job_manager.py:160]: Progress updated to 60%: Document assets extracted successfully
[2026-07-18 02:08:00,727] [INFO] [pipeline_service.py:120]: Classifying extracted assets for job: 97e7d60e-e1db-4391-ad32-0cbbad0a2626
[2026-07-18 02:08:00,727] [INFO] [asset_analyzer.py:23]: Starting extended asset analysis for job: 97e7d60e-e1db-4391-ad32-0cbbad0a2626
[2026-07-18 02:08:00,729] [INFO] [asset_analyzer.py:153]: Extended asset classification completed. Assets classified: 8
[2026-07-18 02:08:00,740] [INFO] [job_manager.py:160]: Progress updated to 65%: Extracted assets analyzed and mapped successfully
[2026-07-18 02:08:00,765] [INFO] [pipeline_service.py:136]: Loading template JSAP for job: 97e7d60e-e1db-4391-ad32-0cbbad0a2626
[2026-07-18 02:08:00,765] [INFO] [job_manager.py:136]: Job status updated to: LOADING_TEMPLATE
[2026-07-18 02:08:00,778] [INFO] [job_manager.py:160]: Progress updated to 70%: Loading template styles: JSAP
[2026-07-18 02:08:00,797] [INFO] [pipeline_service.py:154]: Template loaded and workspace prepared at: G:\work\Journal2LaTeX\backend\temp\97e7d60e-e1db-4391-ad32-0cbbad0a2626\rendered
[2026-07-18 02:08:00,810] [INFO] [job_manager.py:160]: Progress updated to 80%: Template workspace initialized
[2026-07-18 02:08:00,810] [INFO] [pipeline_service.py:167]: Starting LaTeX rendering for job: 97e7d60e-e1db-4391-ad32-0cbbad0a2626
[2026-07-18 02:08:00,823] [INFO] [job_manager.py:136]: Job status updated to: RENDERING_LATEX
[2026-07-18 02:08:00,838] [INFO] [job_manager.py:160]: Progress updated to 85%: Rendering document content to LaTeX
[2026-07-18 02:08:00,856] [INFO] [latex_renderer.py:30]: Starting LaTeX rendering inside workspace: G:\work\Journal2LaTeX\backend\temp\97e7d60e-e1db-4391-ad32-0cbbad0a2626\rendered
[2026-07-18 02:08:00,872] [INFO] [latex_renderer.py:157]: LaTeX document main.tex rendered successfully.
[2026-07-18 02:08:00,884] [INFO] [job_manager.py:160]: Progress updated to 90%: LaTeX document rendering completed
[2026-07-18 02:08:00,884] [INFO] [pipeline_service.py:201]: Starting document compilation for job: 97e7d60e-e1db-4391-ad32-0cbbad0a2626
[2026-07-18 02:08:00,899] [INFO] [job_manager.py:136]: Job status updated to: COMPILING
[2026-07-18 02:08:00,910] [INFO] [job_manager.py:160]: Progress updated to 92%: Compiling LaTeX source to PDF
[2026-07-18 02:08:04,895] [ERROR] [pipeline_service.py:228]: LaTeX compilation failed: LaTeX compilation failed with return code 12.
[2026-07-18 02:08:04,909] [ERROR] [job_manager.py:184]: Job error added: LaTeX compilation failed: LaTeX compilation failed with return code 12.
