STDOUT:
Initial Win CP for (console input, console output, system): (CP437, CP65001, CP1252)
I changed them all to CP1252
Rc files read (in order):
  NONE
Latexmk: This is Latexmk, John Collins, 9 March 2026. Version 4.88.
No existing .aux file, so I'll make a simple one, and require run of *latex.
Force everything to be remade.
Latexmk: applying rule 'pdflatex'...
Rule 'pdflatex':  Reasons for rerun
Category 'other':
  Rerun of 'pdflatex' forced or previously required:
    Reason or flag: 'go_mode'

------------
Run number 1 of rule 'pdflatex'
------------
------------
Running 'pdflatex  -interaction=nonstopmode -file-line-error -recorder  "G:/work/Journal2LaTeX/backend/temp/a3caeb8d-6678-46e8-a14c-ebca51a262b2/rendered/main.tex"'
------------
This is pdfTeX, Version 3.141592653-2.6-1.40.29 (MiKTeX 26.5) (preloaded format=pdflatex.fmt)
 restricted \write18 enabled.
entering extended mode

(G:/work/Journal2LaTeX/backend/temp/a3caeb8d-6678-46e8-a14c-ebca51a262b2/render
ed/main.tex
LaTeX2e <2026-06-01>
L3 programming layer <2026-06-18>
(C:\Users\asus\AppData\Local\Programs\MiKTeX\tex/latex/xcolor\xcolor.sty
(C:\Users\asus\AppData\Local\Programs\MiKTeX\tex/latex/graphics-cfg\color.cfg)
(C:\Users\asus\AppData\Local\Programs\MiKTeX\tex/latex/graphics-def\pdftex.def)
 (C:\Users\asus\AppData\Local\Programs\MiKTeX\tex/latex/graphics\mathcolor.ltx)
) (C:\Users\asus\AppData\Local\Programs\MiKTeX\tex/latex/graphics\dvipsnam.def)
 (C:\Users\asus\AppData\Local\Programs\MiKTeX\tex/latex/xcolor\svgnam.def)
(C:\Users\asus\AppData\Local\Programs\MiKTeX\tex/latex/xcolor\x11nam.def)
(C:\Users\asus\AppData\Local\Programs\MiKTeX\tex/latex/colortbl\colortbl.sty
(C:\Users\asus\AppData\Local\Programs\MiKTeX\tex/latex/tools\array.sty)
new hooks used!!
) (NSP1.cls

LaTeX Warning: You have requested document class `NSP1',
               but the document class provides `NSP'.

Document Class: NSP 2012/01/01
(C:\Users\asus\AppData\Local\Programs\MiKTeX\tex/latex/base\fleqn.clo)
(C:\Users\asus\AppData\Local\Programs\MiKTeX\tex/latex/graphics\graphicx.sty
(C:\Users\asus\AppData\Local\Programs\MiKTeX\tex/latex/graphics\keyval.sty)
(C:\Users\asus\AppData\Local\Programs\MiKTeX\tex/latex/graphics\graphics.sty
(C:\Users\asus\AppData\Local\Programs\MiKTeX\tex/latex/graphics\trig.sty)
(C:\Users\asus\AppData\Local\Programs\MiKTeX\tex/latex/graphics-cfg\graphics.cf
g)))
(C:\Users\asus\AppData\Local\Programs\MiKTeX\tex/latex/lastpage\lastpage.sty
(C:\Users\asus\AppData\Local\Programs\MiKTeX\tex/latex/lastpage\lastpage2e.sty
(C:\Users\asus\AppData\Local\Programs\MiKTeX\tex/latex/lastpage\lastpagemodern.
sty) 
)) (C:\Users\asus\AppData\Local\Programs\MiKTeX\tex/latex/hyperref\hyperref.sty
(C:\Users\asus\AppData\Local\Programs\MiKTeX\tex/generic/iftex\iftex.sty)
(C:\Users\asus\AppData\Local\Programs\MiKTeX\tex/latex/kvsetkeys\kvsetkeys.sty)

(C:\Users\asus\AppData\Local\Programs\MiKTeX\tex/generic/kvdefinekeys\kvdefinek
eys.sty)
(C:\Users\asus\AppData\Local\Programs\MiKTeX\tex/generic/pdfescape\pdfescape.st
y (C:\Users\asus\AppData\Local\Programs\MiKTeX\tex/generic/ltxcmds\ltxcmds.sty)

(C:\Users\asus\AppData\Local\Programs\MiKTeX\tex/generic/pdftexcmds\pdftexcmds.
sty
(C:\Users\asus\AppData\Local\Programs\MiKTeX\tex/generic/infwarerr\infwarerr.st
y))) (C:\Users\asus\AppData\Local\Programs\MiKTeX\tex/latex/hycolor\hycolor.sty
) (C:\Users\asus\AppData\Local\Programs\MiKTeX\tex/latex/hyperref\nameref.sty
(C:\Users\asus\AppData\Local\Programs\MiKTeX\tex/latex/refcount\refcount.sty)
(C:\Users\asus\AppData\Local\Programs\MiKTeX\tex/generic/gettitlestring\gettitl
estring.sty
(C:\Users\asus\AppData\Local\Programs\MiKTeX\tex/latex/kvoptions\kvoptions.sty)
)) (C:\Users\asus\AppData\Local\Programs\MiKTeX\tex/latex/etoolbox\etoolbox.sty
)
(C:\Users\asus\AppData\Local\Programs\MiKTeX\tex/generic/stringenc\stringenc.st
y) (C:\Users\asus\AppData\Local\Programs\MiKTeX\tex/latex/hyperref\pd1enc.def)
(C:\Users\asus\AppData\Local\Programs\MiKTeX\tex/generic/intcalc\intcalc.sty)
(C:\Users\asus\AppData\Local\Programs\MiKTeX\tex/latex/hyperref\puenc.def)
(C:\Users\asus\AppData\Local\Programs\MiKTeX\tex/latex/url\url.sty)
(C:\Users\asus\AppData\Local\Programs\MiKTeX\tex/generic/bitset\bitset.sty
(C:\Users\asus\AppData\Local\Programs\MiKTeX\tex/generic/bigintcalc\bigintcalc.
sty))

Package hyperref Warning: Option `pdfpagelabels' is turned off
(hyperref)                because \thepage is undefined.

) (C:\Users\asus\AppData\Local\Programs\MiKTeX\tex/latex/hyperref\hpdftex.def
(C:\Users\asus\AppData\Local\Programs\MiKTeX\tex/latex/rerunfilecheck\rerunfile
check.sty
(C:\Users\asus\AppData\Local\Programs\MiKTeX\tex/generic/uniquecounter\uniqueco
unter.sty))))
(C:\Users\asus\AppData\Local\Programs\MiKTeX\tex/latex/floatflt\floatflt.sty)
(C:\Users\asus\AppData\Local\Programs\MiKTeX\tex/latex/psnfss\helvet.sty)
(C:\Users\asus\AppData\Local\Programs\MiKTeX\tex/latex/psnfss\times.sty)
(psfig.sty
psfig/tex 1.10-dvips
) (C:\Users\asus\AppData\Local\Programs\MiKTeX\tex/latex/psnfss\mathptmx.sty)
(C:\Users\asus\AppData\Local\Programs\MiKTeX\tex/latex/amsmath\amsmath.sty
For additional information on amsmath, use the `?' option.
(C:\Users\asus\AppData\Local\Programs\MiKTeX\tex/latex/amsmath\amstext.sty
(C:\Users\asus\AppData\Local\Programs\MiKTeX\tex/latex/amsmath\amsgen.sty))
(C:\Users\asus\AppData\Local\Programs\MiKTeX\tex/latex/amsmath\amsbsy.sty)
(C:\Users\asus\AppData\Local\Programs\MiKTeX\tex/latex/amsmath\amsopn.sty))
(C:\Users\asus\AppData\Local\Programs\MiKTeX\tex/latex/amsfonts\amssymb.sty
(C:\Users\asus\AppData\Local\Programs\MiKTeX\tex/latex/amsfonts\amsfonts.sty))
(C:\Users\asus\AppData\Local\Programs\MiKTeX\tex/latex/tools\bm.sty)
(C:\Users\asus\AppData\Local\Programs\MiKTeX\tex/latex/float\float.sty)
(C:\Users\asus\AppData\Local\Programs\MiKTeX\tex/latex/caption\caption.sty
(C:\Users\asus\AppData\Local\Programs\MiKTeX\tex/latex/caption\caption3.sty)

Package caption Warning: Unknown document class (or package),
(caption)                standard defaults will be used.
See the caption package documentation for explanation.

)

LaTeX Warning: Package "xcolor" has already been loaded: ignoring load-time
(LaTeX)        option "xcdraw".

(C:\Users\asus\AppData\Local\Programs\MiKTeX\tex/latex/sttools\cuted.sty)
(C:\Users\asus\AppData\Local\Programs\MiKTeX\tex/latex/newunicodechar\newunicod
echar.sty)
(C:\Users\asus\AppData\Local\Programs\MiKTeX\tex/latex/type1cm\type1cm.sty)
(C:\Users\asus\AppData\Local\Programs\MiKTeX\tex/latex/base\fix-cm.sty
(C:\Users\asus\AppData\Local\Programs\MiKTeX\tex/latex/base\ts1enc.def))
(C:\Users\asus\AppData\Local\Programs\MiKTeX\tex/latex/psnfss\ot1ptm.fd)
(C:\Users\asus\AppData\Local\Programs\MiKTeX\tex/latex/l3backend\l3backend-pdft
ex.def) (main.aux)
(C:\Users\asus\AppData\Local\Programs\MiKTeX\tex/context/base/mkii\supp-pdf.mki
i
[Loading MPS to PDF converter (version 2006.09.02).]
)
(C:\Users\asus\AppData\Local\Programs\MiKTeX\tex/latex/epstopdf-pkg\epstopdf-ba
se.sty
(C:\Users\asus\AppData\Local\Programs\MiKTeX\tex/latex/00miktex\epstopdf-sys.cf
g))
Runaway argument?
{{\large \bf \rm Progress in Fractional Differentiation 
G:/work/Journal2LaTeX/backend/temp/a3caeb8d-6678-46e8-a14c-ebca51a262b2/rendere
d/main.tex:148: Paragraph ended before \titlefigurecaption was complete.
<to be read again> 
                   \par 
l.148 
      
G:/work/Journal2LaTeX/backend/temp/a3caeb8d-6678-46e8-a14c-ebca51a262b2/rendere
d/main.tex:149: Too many }'s.
l.149 and Applications}
                       \\ {\it\small An International Journal}}
G:/work/Journal2LaTeX/backend/temp/a3caeb8d-6678-46e8-a14c-ebca51a262b2/rendere
d/main.tex:149: Too many }'s.
l.149 ...}\\ {\it\small An International Journal}}
                                                  

LaTeX Warning: Reference `LastPage' on page 1 undefined on input line 193.

(C:\Users\asus\AppData\Local\Programs\MiKTeX\tex/latex/psnfss\ot1ztmcm.fd)
(C:\Users\asus\AppData\Local\Programs\MiKTeX\tex/latex/psnfss\omlztmcm.fd)
(C:\Users\asus\AppData\Local\Programs\MiKTeX\tex/latex/psnfss\omsztmcm.fd)
(C:\Users\asus\AppData\Local\Programs\MiKTeX\tex/latex/psnfss\omxztmcm.fd)
(C:\Users\asus\AppData\Local\Programs\MiKTeX\tex/latex/psnfss\ts1ptm.fd)
[1{C:/Users/asus/AppData/Local/MiKTeX/fonts/map/pdftex/pdftex.map}{C:/Users/asu
s/AppData/Local/Programs/MiKTeX/fonts/enc/dvips/base/8r.enc} <./logo7pt-eps-con
verted-to.pdf>]

Package mathptmx Warning: There are no bold math fonts on input line 193.

(C:\Users\asus\AppData\Local\Programs\MiKTeX\tex/latex/psnfss\ot1phv.fd)

LaTeX Warning: Citation `ref10' on page 2 undefined on input line 200.


LaTeX Warning: Reference `LastPage' on page 2 undefined on input line 223.

[2]

G:/work/Journal2LaTeX/backend/temp/a3caeb8d-6678-46e8-a14c-ebca51a262b2/rendere
d/main.tex:233: LaTeX Error: Unicode character ξ (U+03BE)
               not set up for use with LaTeX.

See the LaTeX manual or LaTeX Companion for explanation.
Type  H <return>  for immediate help.
 ...                                              
                                                  
l.233 ξ
         – Natural exit rate.

LaTeX Warning: Reference `LastPage' on page 3 undefined on input line 261.

[3 <./media/image1.png>]
G:/work/Journal2LaTeX/backend/temp/a3caeb8d-6678-46e8-a14c-ebca51a262b2/rendere
d/main.tex:263: Missing $ inserted.
<inserted text> 
                $
l.263 
      
G:/work/Journal2LaTeX/backend/temp/a3caeb8d-6678-46e8-a14c-ebca51a262b2/rendere
d/main.tex:263: Display math should end with $$.
<to be read again> 
                   \tex_par:D 
l.263 
      

G:/work/Journal2LaTeX/backend/temp/a3caeb8d-6678-46e8-a14c-ebca51a262b2/rendere
d/main.tex:264: LaTeX Error: Bad math environment delimiter.

See the LaTeX manual or LaTeX Companion for explanation.
Type  H <return>  for immediate help.
 ...                                              
                                                  
l.264 \end{equation}
                    
G:/work/Journal2LaTeX/backend/temp/a3caeb8d-6678-46e8-a14c-ebca51a262b2/rendere
d/main.tex:264: You can't use `\eqno' in vertical mode.
\veqno ->\@kernel@eqno 
                       \aftergroup \ignorespaces 
l.264 \end{equation}
                    
G:/work/Journal2LaTeX/backend/temp/a3caeb8d-6678-46e8-a14c-ebca51a262b2/rendere
d/main.tex:264: Missing $ inserted.
<inserted text> 
                $
l.264 \end{equation}
                    
G:/work/Journal2LaTeX/backend/temp/a3caeb8d-6678-46e8-a14c-ebca51a262b2/rendere
d/main.tex:264: Display math should end with $$.
<to be read again> 
                   \endgroup 
l.264 \end{equation}
                    
(C:\Users\asus\AppData\Local\Programs\MiKTeX\tex/latex/psnfss\omlptm.fd)
Overfull \hbox (160.0889pt too wide) has occurred while \output is active
[] [] \OT1/ptm/m/n/9 G.M. Vijayalakshmi et al.: Optimal control strategies for 
overwhelming social media scrolling addiction by using fractional order mathema
tical modelling
[4]
G:/work/Journal2LaTeX/backend/temp/a3caeb8d-6678-46e8-a14c-ebca51a262b2/rendere
d/main.tex:355: Missing $ inserted.
<inserted text> 
                $
l.355 
      
G:/work/Journal2LaTeX/backend/temp/a3caeb8d-6678-46e8-a14c-ebca51a262b2/rendere
d/main.tex:355: Display math should end with $$.
<to be read again> 
                   \tex_par:D 
l.355 
      

G:/work/Journal2LaTeX/backend/temp/a3caeb8d-6678-46e8-a14c-ebca51a262b2/rendere
d/main.tex:356: LaTeX Error: Bad math environment delimiter.

See the LaTeX manual or LaTeX Companion for explanation.
Type  H <return>  for immediate help.
 ...                                              
                                                  
l.356 \end{equation}
                    
G:/work/Journal2LaTeX/backend/temp/a3caeb8d-6678-46e8-a14c-ebca51a262b2/rendere
d/main.tex:356: You can't use `\eqno' in vertical mode.
\veqno ->\@kernel@eqno 
                       \aftergroup \ignorespaces 
l.356 \end{equation}
                    
G:/work/Journal2LaTeX/backend/temp/a3caeb8d-6678-46e8-a14c-ebca51a262b2/rendere
d/main.tex:356: Missing $ inserted.
<inserted text> 
                $
l.356 \end{equation}
                    
G:/work/Journal2LaTeX/backend/temp/a3caeb8d-6678-46e8-a14c-ebca51a262b2/rendere
d/main.tex:356: Display math should end with $$.
<to be read again> 
                   \endgroup 
l.356 \end{equation}
                    
G:/work/Journal2LaTeX/backend/temp/a3caeb8d-6678-46e8-a14c-ebca51a262b2/rendere
d/main.tex:362: Missing $ inserted.
<inserted text> 
                $
l.362 
      
G:/work/Journal2LaTeX/backend/temp/a3caeb8d-6678-46e8-a14c-ebca51a262b2/rendere
d/main.tex:362: Display math should end with $$.
<to be read again> 
                   \tex_par:D 
l.362 
      

G:/work/Journal2LaTeX/backend/temp/a3caeb8d-6678-46e8-a14c-ebca51a262b2/rendere
d/main.tex:363: LaTeX Error: Bad math environment delimiter.

See the LaTeX manual or LaTeX Companion for explanation.
Type  H <return>  for immediate help.
 ...                                              
                                                  
l.363 \end{equation}
                    
G:/work/Journal2LaTeX/backend/temp/a3caeb8d-6678-46e8-a14c-ebca51a262b2/rendere
d/main.tex:363: You can't use `\eqno' in vertical mode.
\veqno ->\@kernel@eqno 
                       \aftergroup \ignorespaces 
l.363 \end{equation}
                    
G:/work/Journal2LaTeX/backend/temp/a3caeb8d-6678-46e8-a14c-ebca51a262b2/rendere
d/main.tex:363: Missing $ inserted.
<inserted text> 
                $
l.363 \end{equation}
                    
G:/work/Journal2LaTeX/backend/temp/a3caeb8d-6678-46e8-a14c-ebca51a262b2/rendere
d/main.tex:363: Display math should end with $$.
<to be read again> 
                   \endgroup 
l.363 \end{equation}
                    

LaTeX Warning: Reference `LastPage' on page 5 undefined on input line 363.

[5 <./media/office_obj_1.png (PNG copy)> <./media/image7.png>]
G:/work/Journal2LaTeX/backend/temp/a3caeb8d-6678-46e8-a14c-ebca51a262b2/rendere
d/main.tex:367: Missing $ inserted.
<inserted text> 
                $
l.367 
      
G:/work/Journal2LaTeX/backend/temp/a3caeb8d-6678-46e8-a14c-ebca51a262b2/rendere
d/main.tex:367: Display math should end with $$.
<to be read again> 
                   \tex_par:D 
l.367 
      

G:/work/Journal2LaTeX/backend/temp/a3caeb8d-6678-46e8-a14c-ebca51a262b2/rendere
d/main.tex:368: LaTeX Error: Bad math environment delimiter.

See the LaTeX manual or LaTeX Companion for explanation.
Type  H <return>  for immediate help.
 ...                                              
                                                  
l.368 \end{equation}
                    
G:/work/Journal2LaTeX/backend/temp/a3caeb8d-6678-46e8-a14c-ebca51a262b2/rendere
d/main.tex:368: You can't use `\eqno' in vertical mode.
\veqno ->\@kernel@eqno 
                       \aftergroup \ignorespaces 
l.368 \end{equation}
                    
G:/work/Journal2LaTeX/backend/temp/a3caeb8d-6678-46e8-a14c-ebca51a262b2/rendere
d/main.tex:368: Missing $ inserted.
<inserted text> 
                $
l.368 \end{equation}
                    
G:/work/Journal2LaTeX/backend/temp/a3caeb8d-6678-46e8-a14c-ebca51a262b2/rendere
d/main.tex:368: Display math should end with $$.
<to be read again> 
                   \endgroup 
l.368 \end{equation}
                    
G:/work/Journal2LaTeX/backend/temp/a3caeb8d-6678-46e8-a14c-ebca51a262b2/rendere
d/main.tex:372: Missing $ inserted.
<inserted text> 
                $
l.372 
      
G:/work/Journal2LaTeX/backend/temp/a3caeb8d-6678-46e8-a14c-ebca51a262b2/rendere
d/main.tex:372: Display math should end with $$.
<to be read again> 
                   \tex_par:D 
l.372 
      

G:/work/Journal2LaTeX/backend/temp/a3caeb8d-6678-46e8-a14c-ebca51a262b2/rendere
d/main.tex:373: LaTeX Error: Bad math environment delimiter.

See the LaTeX manual or LaTeX Companion for explanation.
Type  H <return>  for immediate help.
 ...                                              
                                                  
l.373 \end{equation}
                    
G:/work/Journal2LaTeX/backend/temp/a3caeb8d-6678-46e8-a14c-ebca51a262b2/rendere
d/main.tex:373: You can't use `\eqno' in vertical mode.
\veqno ->\@kernel@eqno 
                       \aftergroup \ignorespaces 
l.373 \end{equation}
                    
G:/work/Journal2LaTeX/backend/temp/a3caeb8d-6678-46e8-a14c-ebca51a262b2/rendere
d/main.tex:373: Missing $ inserted.
<inserted text> 
                $
l.373 \end{equation}
                    
G:/work/Journal2LaTeX/backend/temp/a3caeb8d-6678-46e8-a14c-ebca51a262b2/rendere
d/main.tex:373: Display math should end with $$.
<to be read again> 
                   \endgroup 
l.373 \end{equation}
                    

Overfull \hbox (30.87828pt too wide) in paragraph at lines 404--405
[]$
G:/work/Journal2LaTeX/backend/temp/a3caeb8d-6678-46e8-a14c-ebca51a262b2/rendere
d/main.tex:410: Missing $ inserted.
<inserted text> 
                $
l.410 
      
G:/work/Journal2LaTeX/backend/temp/a3caeb8d-6678-46e8-a14c-ebca51a262b2/rendere
d/main.tex:410: Display math should end with $$.
<to be read again> 
                   \tex_par:D 
l.410 
      

G:/work/Journal2LaTeX/backend/temp/a3caeb8d-6678-46e8-a14c-ebca51a262b2/rendere
d/main.tex:411: LaTeX Error: Bad math environment delimiter.

See the LaTeX manual or LaTeX Companion for explanation.
Type  H <return>  for immediate help.
 ...                                              
                                                  
l.411 \end{equation}
                    
G:/work/Journal2LaTeX/backend/temp/a3caeb8d-6678-46e8-a14c-ebca51a262b2/rendere
d/main.tex:411: You can't use `\eqno' in vertical mode.
\veqno ->\@kernel@eqno 
                       \aftergroup \ignorespaces 
l.411 \end{equation}
                    
G:/work/Journal2LaTeX/backend/temp/a3caeb8d-6678-46e8-a14c-ebca51a262b2/rendere
d/main.tex:411: Missing $ inserted.
<inserted text> 
                $
l.411 \end{equation}
                    
G:/work/Journal2LaTeX/backend/temp/a3caeb8d-6678-46e8-a14c-ebca51a262b2/rendere
d/main.tex:411: Display math should end with $$.
<to be read again> 
                   \endgroup 
l.411 \end{equation}
                    
G:/work/Journal2LaTeX/backend/temp/a3caeb8d-6678-46e8-a14c-ebca51a262b2/rendere
d/main.tex:415: Missing $ inserted.
<inserted text> 
                $
l.415 
      
G:/work/Journal2LaTeX/backend/temp/a3caeb8d-6678-46e8-a14c-ebca51a262b2/rendere
d/main.tex:415: Display math should end with $$.
<to be read again> 
                   \tex_par:D 
l.415 
      

G:/work/Journal2LaTeX/backend/temp/a3caeb8d-6678-46e8-a14c-ebca51a262b2/rendere
d/main.tex:416: LaTeX Error: Bad math environment delimiter.

See the LaTeX manual or LaTeX Companion for explanation.
Type  H <return>  for immediate help.
 ...                                              
                                                  
l.416 \end{equation}
                    
G:/work/Journal2LaTeX/backend/temp/a3caeb8d-6678-46e8-a14c-ebca51a262b2/rendere
d/main.tex:416: You can't use `\eqno' in vertical mode.
\veqno ->\@kernel@eqno 
                       \aftergroup \ignorespaces 
l.416 \end{equation}
                    

Overfull \hbox (160.0889pt too wide) has occurred while \output is active
[] [] \OT1/ptm/m/n/9 G.M. Vijayalakshmi et al.: Optimal control strategies for 
overwhelming social media scrolling addiction by using fractional order mathema
tical modelling
[6]
G:/work/Journal2LaTeX/backend/temp/a3caeb8d-6678-46e8-a14c-ebca51a262b2/rendere
d/main.tex:416: Missing $ inserted.
<inserted text> 
                $
l.416 \end{equation}
                    
G:/work/Journal2LaTeX/backend/temp/a3caeb8d-6678-46e8-a14c-ebca51a262b2/rendere
d/main.tex:416: Display math should end with $$.
<to be read again> 
                   \endgroup 
l.416 \end{equation}
                    
G:/work/Journal2LaTeX/backend/temp/a3caeb8d-6678-46e8-a14c-ebca51a262b2/rendere
d/main.tex:426: Missing $ inserted.
<inserted text> 
                $
l.426 
      
G:/work/Journal2LaTeX/backend/temp/a3caeb8d-6678-46e8-a14c-ebca51a262b2/rendere
d/main.tex:426: Display math should end with $$.
<to be read again> 
                   \tex_par:D 
l.426 
      

G:/work/Journal2LaTeX/backend/temp/a3caeb8d-6678-46e8-a14c-ebca51a262b2/rendere
d/main.tex:427: LaTeX Error: Bad math environment delimiter.

See the LaTeX manual or LaTeX Companion for explanation.
Type  H <return>  for immediate help.
 ...                                              
                                                  
l.427 \end{equation}
                    
G:/work/Journal2LaTeX/backend/temp/a3caeb8d-6678-46e8-a14c-ebca51a262b2/rendere
d/main.tex:427: You can't use `\eqno' in vertical mode.
\veqno ->\@kernel@eqno 
                       \aftergroup \ignorespaces 
l.427 \end{equation}
                    
G:/work/Journal2LaTeX/backend/temp/a3caeb8d-6678-46e8-a14c-ebca51a262b2/rendere
d/main.tex:427: Missing $ inserted.
<inserted text> 
                $
l.427 \end{equation}
                    
G:/work/Journal2LaTeX/backend/temp/a3caeb8d-6678-46e8-a14c-ebca51a262b2/rendere
d/main.tex:427: Display math should end with $$.
<to be read again> 
                   \endgroup 
l.427 \end{equation}
                    
G:/work/Journal2LaTeX/backend/temp/a3caeb8d-6678-46e8-a14c-ebca51a262b2/rendere
d/main.tex:433: Missing $ inserted.
<inserted text> 
                $
l.433 
      
G:/work/Journal2LaTeX/backend/temp/a3caeb8d-6678-46e8-a14c-ebca51a262b2/rendere
d/main.tex:433: Display math should end with $$.
<to be read again> 
                   \tex_par:D 
l.433 
      

G:/work/Journal2LaTeX/backend/temp/a3caeb8d-6678-46e8-a14c-ebca51a262b2/rendere
d/main.tex:434: LaTeX Error: Bad math environment delimiter.

See the LaTeX manual or LaTeX Companion for explanation.
Type  H <return>  for immediate help.
 ...                                              
                                                  
l.434 \end{equation}
                    
G:/work/Journal2LaTeX/backend/temp/a3caeb8d-6678-46e8-a14c-ebca51a262b2/rendere
d/main.tex:434: You can't use `\eqno' in vertical mode.
\veqno ->\@kernel@eqno 
                       \aftergroup \ignorespaces 
l.434 \end{equation}
                    
G:/work/Journal2LaTeX/backend/temp/a3caeb8d-6678-46e8-a14c-ebca51a262b2/rendere
d/main.tex:434: Missing $ inserted.
<inserted text> 
                $
l.434 \end{equation}
                    
G:/work/Journal2LaTeX/backend/temp/a3caeb8d-6678-46e8-a14c-ebca51a262b2/rendere
d/main.tex:434: Display math should end with $$.
<to be read again> 
                   \endgroup 
l.434 \end{equation}
                    
G:/work/Journal2LaTeX/backend/temp/a3caeb8d-6678-46e8-a14c-ebca51a262b2/rendere
d/main.tex:464: Missing $ inserted.
<inserted text> 
                $
l.464 
      
G:/work/Journal2LaTeX/backend/temp/a3caeb8d-6678-46e8-a14c-ebca51a262b2/rendere
d/main.tex:464: Display math should end with $$.
<to be read again> 
                   \tex_par:D 
l.464 
      

Overfull \hbox (515.24577pt too wide) detected at line 464
[][][]\OML/ztmcm/m/it/10.50003 V[] \OT1/ztmcm/m/n/10.50003 = \OML/ztmcm/m/it/10
.50003 x[] [] [] \OT1/ztmcm/m/n/10.50003 + \OML/ztmcm/m/it/10.50003 x[] [] [] \
OT1/ztmcm/m/n/10.50003 + \OML/ztmcm/m/it/10.50003 x[] [] [] \OT1/ztmcm/m/n/10.5
0003 + \OML/ztmcm/m/it/10.50003 x[] [] \OT1/ztmcm/m/n/10.50003 + \OML/ztmcm/m/i
t/10.50003 x[] [] \OT1/ztmcm/m/n/10.50003 (\OML/ztmcm/m/it/10.50003 ^^NT \OMS/z
tmcm/m/n/10.50003 ^^@ \OML/ztmcm/m/it/10.50003 ^^X R \OMS/ztmcm/m/n/10.50003 ^^
@ \OML/ztmcm/m/it/10.50003 ^^ZR\OT1/ztmcm/m/n/10.50003 ) + \OML/ztmcm/m/it/10.5
0003 x[] [] \OT1/ztmcm/m/n/10.50003 (\OML/ztmcm/m/it/10.50003 ^^ZR \OMS/ztmcm/m
/n/10.50003 ^^@ \OML/ztmcm/m/it/10.50003 ^^X L \OMS/ztmcm/m/n/10.50003 ^^@ \OML
/ztmcm/m/it/10.50003 ^^[ L \OMS/ztmcm/m/n/10.50003 ^^@ \OML/ztmcm/m/it/10.50003
 ^^\ E\OT1/ztmcm/m/n/10.50003 )\OML/ztmcm/m/it/10.50003 :

G:/work/Journal2LaTeX/backend/temp/a3caeb8d-6678-46e8-a14c-ebca51a262b2/rendere
d/main.tex:465: LaTeX Error: Bad math environment delimiter.

See the LaTeX manual or LaTeX Companion for explanation.
Type  H <return>  for immediate help.
 ...                                              
                                                  
l.465 \end{equation}
                    
G:/work/Journal2LaTeX/backend/temp/a3caeb8d-6678-46e8-a14c-ebca51a262b2/rendere
d/main.tex:465: You can't use `\eqno' in vertical mode.
\veqno ->\@kernel@eqno 
                       \aftergroup \ignorespaces 
l.465 \end{equation}
                    
G:/work/Journal2LaTeX/backend/temp/a3caeb8d-6678-46e8-a14c-ebca51a262b2/rendere
d/main.tex:465: Missing $ inserted.
<inserted text> 
                $
l.465 \end{equation}
                    
G:/work/Journal2LaTeX/backend/temp/a3caeb8d-6678-46e8-a14c-ebca51a262b2/rendere
d/main.tex:465: Display math should end with $$.
<to be read again> 
                   \endgroup 
l.465 \end{equation}
                    
G:/work/Journal2LaTeX/backend/temp/a3caeb8d-6678-46e8-a14c-ebca51a262b2/rendere
d/main.tex:469: Missing $ inserted.
<inserted text> 
                $
l.469 
      
G:/work/Journal2LaTeX/backend/temp/a3caeb8d-6678-46e8-a14c-ebca51a262b2/rendere
d/main.tex:469: Display math should end with $$.
<to be read again> 
                   \tex_par:D 
l.469 
      

Overfull \hbox (464.55867pt too wide) detected at line 469
[][][]\OML/ztmcm/m/it/10.50003 V[] \OT1/ztmcm/m/n/10.50003 = \OML/ztmcm/m/it/10
.50003 x[] [] [] \OT1/ztmcm/m/n/10.50003 + \OML/ztmcm/m/it/10.50003 x[] [] [] \
OT1/ztmcm/m/n/10.50003 + \OML/ztmcm/m/it/10.50003 x[] [] [] \OT1/ztmcm/m/n/10.5
0003 + \OML/ztmcm/m/it/10.50003 x[] [] \OT1/ztmcm/m/n/10.50003 + \OML/ztmcm/m/i
t/10.50003 x[] [] \OT1/ztmcm/m/n/10.50003 (\OML/ztmcm/m/it/10.50003 ^^NT \OMS/z
tmcm/m/n/10.50003 ^^@ \OML/ztmcm/m/it/10.50003 ^^X R \OMS/ztmcm/m/n/10.50003 ^^
@ \OML/ztmcm/m/it/10.50003 ^^ZR\OT1/ztmcm/m/n/10.50003 ) + \OML/ztmcm/m/it/10.5
0003 x[] [] \OT1/ztmcm/m/n/10.50003 (\OML/ztmcm/m/it/10.50003 ^^ZR \OMS/ztmcm/m
/n/10.50003 ^^@ \OML/ztmcm/m/it/10.50003 ^^X L \OMS/ztmcm/m/n/10.50003 ^^@ \OML
/ztmcm/m/it/10.50003 ^^[ L \OMS/ztmcm/m/n/10.50003 ^^@ \OML/ztmcm/m/it/10.50003
 ^^\ E\OT1/ztmcm/m/n/10.50003 )

G:/work/Journal2LaTeX/backend/temp/a3caeb8d-6678-46e8-a14c-ebca51a262b2/rendere
d/main.tex:470: LaTeX Error: Bad math environment delimiter.

See the LaTeX manual or LaTeX Companion for explanation.
Type  H <return>  for immediate help.
 ...                                              
                                                  
l.470 \end{equation}
                    
G:/work/Journal2LaTeX/backend/temp/a3caeb8d-6678-46e8-a14c-ebca51a262b2/rendere
d/main.tex:470: You can't use `\eqno' in vertical mode.
\veqno ->\@kernel@eqno 
                       \aftergroup \ignorespaces 
l.470 \end{equation}
                    
G:/work/Journal2LaTeX/backend/temp/a3caeb8d-6678-46e8-a14c-ebca51a262b2/rendere
d/main.tex:470: Missing $ inserted.
<inserted text> 
                $
l.470 \end{equation}
                    
G:/work/Journal2LaTeX/backend/temp/a3caeb8d-6678-46e8-a14c-ebca51a262b2/rendere
d/main.tex:470: Display math should end with $$.
<to be read again> 
                   \endgroup 
l.470 \end{equation}
                    
G:/work/Journal2LaTeX/backend/temp/a3caeb8d-6678-46e8-a14c-ebca51a262b2/rendere
d/main.tex:474: Missing $ inserted.
<inserted text> 
                $
l.474 
      
G:/work/Journal2LaTeX/backend/temp/a3caeb8d-6678-46e8-a14c-ebca51a262b2/rendere
d/main.tex:474: Display math should end with $$.
<to be read again> 
                   \tex_par:D 
l.474 
      

Overfull \hbox (464.55867pt too wide) detected at line 474
[][][]\OML/ztmcm/m/it/10.50003 V[] \OT1/ztmcm/m/n/10.50003 = \OML/ztmcm/m/it/10
.50003 x[] [] [] \OT1/ztmcm/m/n/10.50003 + \OML/ztmcm/m/it/10.50003 x[] [] [] \
OT1/ztmcm/m/n/10.50003 + \OML/ztmcm/m/it/10.50003 x[] [] [] \OT1/ztmcm/m/n/10.5
0003 + \OML/ztmcm/m/it/10.50003 x[] [] \OT1/ztmcm/m/n/10.50003 + \OML/ztmcm/m/i
t/10.50003 x[] [] \OT1/ztmcm/m/n/10.50003 (\OML/ztmcm/m/it/10.50003 ^^NT \OMS/z
tmcm/m/n/10.50003 ^^@ \OML/ztmcm/m/it/10.50003 ^^X R \OMS/ztmcm/m/n/10.50003 ^^
@ \OML/ztmcm/m/it/10.50003 ^^ZR\OT1/ztmcm/m/n/10.50003 ) + \OML/ztmcm/m/it/10.5
0003 x[] [] \OT1/ztmcm/m/n/10.50003 (\OML/ztmcm/m/it/10.50003 ^^ZR \OMS/ztmcm/m
/n/10.50003 ^^@ \OML/ztmcm/m/it/10.50003 ^^X L \OMS/ztmcm/m/n/10.50003 ^^@ \OML
/ztmcm/m/it/10.50003 ^^[ L \OMS/ztmcm/m/n/10.50003 ^^@ \OML/ztmcm/m/it/10.50003
 ^^\ E\OT1/ztmcm/m/n/10.50003 )

G:/work/Journal2LaTeX/backend/temp/a3caeb8d-6678-46e8-a14c-ebca51a262b2/rendere
d/main.tex:475: LaTeX Error: Bad math environment delimiter.

See the LaTeX manual or LaTeX Companion for explanation.
Type  H <return>  for immediate help.
 ...                                              
                                                  
l.475 \end{equation}
                    
G:/work/Journal2LaTeX/backend/temp/a3caeb8d-6678-46e8-a14c-ebca51a262b2/rendere
d/main.tex:475: You can't use `\eqno' in vertical mode.
\veqno ->\@kernel@eqno 
                       \aftergroup \ignorespaces 
l.475 \end{equation}
                    
G:/work/Journal2LaTeX/backend/temp/a3caeb8d-6678-46e8-a14c-ebca51a262b2/rendere
d/main.tex:475: Missing $ inserted.
<inserted text> 
                $
l.475 \end{equation}
                    
G:/work/Journal2LaTeX/backend/temp/a3caeb8d-6678-46e8-a14c-ebca51a262b2/rendere
d/main.tex:475: Display math should end with $$.
<to be read again> 
                   \endgroup 
l.475 \end{equation}
                    

LaTeX Warning: Reference `LastPage' on page 7 undefined on input line 479.

[7]
G:/work/Journal2LaTeX/backend/temp/a3caeb8d-6678-46e8-a14c-ebca51a262b2/rendere
d/main.tex:510: Missing $ inserted.
<inserted text> 
                $
l.510 
      
G:/work/Journal2LaTeX/backend/temp/a3caeb8d-6678-46e8-a14c-ebca51a262b2/rendere
d/main.tex:510: Display math should end with $$.
<to be read again> 
                   \tex_par:D 
l.510 
      

G:/work/Journal2LaTeX/backend/temp/a3caeb8d-6678-46e8-a14c-ebca51a262b2/rendere
d/main.tex:511: LaTeX Error: Bad math environment delimiter.

See the LaTeX manual or LaTeX Companion for explanation.
Type  H <return>  for immediate help.
 ...                                              
                                                  
l.511 \end{equation}
                    
G:/work/Journal2LaTeX/backend/temp/a3caeb8d-6678-46e8-a14c-ebca51a262b2/rendere
d/main.tex:511: You can't use `\eqno' in vertical mode.
\veqno ->\@kernel@eqno 
                       \aftergroup \ignorespaces 
l.511 \end{equation}
                    
G:/work/Journal2LaTeX/backend/temp/a3caeb8d-6678-46e8-a14c-ebca51a262b2/rendere
d/main.tex:511: Missing $ inserted.
<inserted text> 
                $
l.511 \end{equation}
                    
G:/work/Journal2LaTeX/backend/temp/a3caeb8d-6678-46e8-a14c-ebca51a262b2/rendere
d/main.tex:511: Display math should end with $$.
<to be read again> 
                   \endgroup 
l.511 \end{equation}
                    
G:/work/Journal2LaTeX/backend/temp/a3caeb8d-6678-46e8-a14c-ebca51a262b2/rendere
d/main.tex:515: Missing $ inserted.
<inserted text> 
                $
l.515 
      
G:/work/Journal2LaTeX/backend/temp/a3caeb8d-6678-46e8-a14c-ebca51a262b2/rendere
d/main.tex:515: Display math should end with $$.
<to be read again> 
                   \tex_par:D 
l.515 
      

G:/work/Journal2LaTeX/backend/temp/a3caeb8d-6678-46e8-a14c-ebca51a262b2/rendere
d/main.tex:516: LaTeX Error: Bad math environment delimiter.

See the LaTeX manual or LaTeX Companion for explanation.
Type  H <return>  for immediate help.
 ...                                              
                                                  
l.516 \end{equation}
                    
G:/work/Journal2LaTeX/backend/temp/a3caeb8d-6678-46e8-a14c-ebca51a262b2/rendere
d/main.tex:516: You can't use `\eqno' in vertical mode.
\veqno ->\@kernel@eqno 
                       \aftergroup \ignorespaces 
l.516 \end{equation}
                    
G:/work/Journal2LaTeX/backend/temp/a3caeb8d-6678-46e8-a14c-ebca51a262b2/rendere
d/main.tex:516: Missing $ inserted.
<inserted text> 
                $
l.516 \end{equation}
                    
G:/work/Journal2LaTeX/backend/temp/a3caeb8d-6678-46e8-a14c-ebca51a262b2/rendere
d/main.tex:516: Display math should end with $$.
<to be read again> 
                   \endgroup 
l.516 \end{equation}
                    

Overfull \hbox (160.0889pt too wide) has occurred while \output is active
[] [] \OT1/ptm/m/n/9 G.M. Vijayalakshmi et al.: Optimal control strategies for 
overwhelming social media scrolling addiction by using fractional order mathema
tical modelling
[8 <./media/office_obj_3.png (PNG copy)>]

LaTeX Warning: Citation `ref38' on page 9 undefined on input line 542.

G:/work/Journal2LaTeX/backend/temp/a3caeb8d-6678-46e8-a14c-ebca51a262b2/rendere
d/main.tex:552: Missing $ inserted.
<inserted text> 
                $
l.552 
      
G:/work/Journal2LaTeX/backend/temp/a3caeb8d-6678-46e8-a14c-ebca51a262b2/rendere
d/main.tex:552: Display math should end with $$.
<to be read again> 
                   \tex_par:D 
l.552 
      

G:/work/Journal2LaTeX/backend/temp/a3caeb8d-6678-46e8-a14c-ebca51a262b2/rendere
d/main.tex:553: LaTeX Error: Bad math environment delimiter.

See the LaTeX manual or LaTeX Companion for explanation.
Type  H <return>  for immediate help.
 ...                                              
                                                  
l.553 \end{equation}
                    
G:/work/Journal2LaTeX/backend/temp/a3caeb8d-6678-46e8-a14c-ebca51a262b2/rendere
d/main.tex:553: You can't use `\eqno' in vertical mode.
\veqno ->\@kernel@eqno 
                       \aftergroup \ignorespaces 
l.553 \end{equation}
                    
G:/work/Journal2LaTeX/backend/temp/a3caeb8d-6678-46e8-a14c-ebca51a262b2/rendere
d/main.tex:553: Missing $ inserted.
<inserted text> 
                $
l.553 \end{equation}
                    
G:/work/Journal2LaTeX/backend/temp/a3caeb8d-6678-46e8-a14c-ebca51a262b2/rendere
d/main.tex:553: Display math should end with $$.
<to be read again> 
                   \endgroup 
l.553 \end{equation}
                    
G:/work/Journal2LaTeX/backend/temp/a3caeb8d-6678-46e8-a14c-ebca51a262b2/rendere
d/main.tex:561: Missing $ inserted.
<inserted text> 
                $
l.561 
      
G:/work/Journal2LaTeX/backend/temp/a3caeb8d-6678-46e8-a14c-ebca51a262b2/rendere
d/main.tex:561: Display math should end with $$.
<to be read again> 
                   \tex_par:D 
l.561 
      

G:/work/Journal2LaTeX/backend/temp/a3caeb8d-6678-46e8-a14c-ebca51a262b2/rendere
d/main.tex:562: LaTeX Error: Bad math environment delimiter.

See the LaTeX manual or LaTeX Companion for explanation.
Type  H <return>  for immediate help.
 ...                                              
                                                  
l.562 \end{equation}
                    
G:/work/Journal2LaTeX/backend/temp/a3caeb8d-6678-46e8-a14c-ebca51a262b2/rendere
d/main.tex:562: You can't use `\eqno' in vertical mode.
\veqno ->\@kernel@eqno 
                       \aftergroup \ignorespaces 
l.562 \end{equation}
                    
G:/work/Journal2LaTeX/backend/temp/a3caeb8d-6678-46e8-a14c-ebca51a262b2/rendere
d/main.tex:562: Missing $ inserted.
<inserted text> 
                $
l.562 \end{equation}
                    
G:/work/Journal2LaTeX/backend/temp/a3caeb8d-6678-46e8-a14c-ebca51a262b2/rendere
d/main.tex:562: Display math should end with $$.
<to be read again> 
                   \endgroup 
l.562 \end{equation}
                    
G:/work/Journal2LaTeX/backend/temp/a3caeb8d-6678-46e8-a14c-ebca51a262b2/rendere
d/main.tex:566: Missing $ inserted.
<inserted text> 
                $
l.566 
      
G:/work/Journal2LaTeX/backend/temp/a3caeb8d-6678-46e8-a14c-ebca51a262b2/rendere
d/main.tex:566: Display math should end with $$.
<to be read again> 
                   \tex_par:D 
l.566 
      

G:/work/Journal2LaTeX/backend/temp/a3caeb8d-6678-46e8-a14c-ebca51a262b2/rendere
d/main.tex:567: LaTeX Error: Bad math environment delimiter.

See the LaTeX manual or LaTeX Companion for explanation.
Type  H <return>  for immediate help.
 ...                                              
                                                  
l.567 \end{equation}
                    
G:/work/Journal2LaTeX/backend/temp/a3caeb8d-6678-46e8-a14c-ebca51a262b2/rendere
d/main.tex:567: You can't use `\eqno' in vertical mode.
\veqno ->\@kernel@eqno 
                       \aftergroup \ignorespaces 
l.567 \end{equation}
                    
G:/work/Journal2LaTeX/backend/temp/a3caeb8d-6678-46e8-a14c-ebca51a262b2/rendere
d/main.tex:567: Missing $ inserted.
<inserted text> 
                $
l.567 \end{equation}
                    
G:/work/Journal2LaTeX/backend/temp/a3caeb8d-6678-46e8-a14c-ebca51a262b2/rendere
d/main.tex:567: Display math should end with $$.
<to be read again> 
                   \endgroup 
l.567 \end{equation}
                    

LaTeX Warning: Reference `LastPage' on page 9 undefined on input line 567.

[9 <./media/image9.png>]
G:/work/Journal2LaTeX/backend/temp/a3caeb8d-6678-46e8-a14c-ebca51a262b2/rendere
d/main.tex:571: Missing $ inserted.
<inserted text> 
                $
l.571 
      
G:/work/Journal2LaTeX/backend/temp/a3caeb8d-6678-46e8-a14c-ebca51a262b2/rendere
d/main.tex:571: Display math should end with $$.
<to be read again> 
                   \tex_par:D 
l.571 
      

G:/work/Journal2LaTeX/backend/temp/a3caeb8d-6678-46e8-a14c-ebca51a262b2/rendere
d/main.tex:572: LaTeX Error: Bad math environment delimiter.

See the LaTeX manual or LaTeX Companion for explanation.
Type  H <return>  for immediate help.
 ...                                              
                                                  
l.572 \end{equation}
                    
G:/work/Journal2LaTeX/backend/temp/a3caeb8d-6678-46e8-a14c-ebca51a262b2/rendere
d/main.tex:572: You can't use `\eqno' in vertical mode.
\veqno ->\@kernel@eqno 
                       \aftergroup \ignorespaces 
l.572 \end{equation}
                    
G:/work/Journal2LaTeX/backend/temp/a3caeb8d-6678-46e8-a14c-ebca51a262b2/rendere
d/main.tex:572: Missing $ inserted.
<inserted text> 
                $
l.572 \end{equation}
                    
G:/work/Journal2LaTeX/backend/temp/a3caeb8d-6678-46e8-a14c-ebca51a262b2/rendere
d/main.tex:572: Display math should end with $$.
<to be read again> 
                   \endgroup 
l.572 \end{equation}
                    
G:/work/Journal2LaTeX/backend/temp/a3caeb8d-6678-46e8-a14c-ebca51a262b2/rendere
d/main.tex:590: Missing $ inserted.
<inserted text> 
                $
l.590 
      
G:/work/Journal2LaTeX/backend/temp/a3caeb8d-6678-46e8-a14c-ebca51a262b2/rendere
d/main.tex:590: Display math should end with $$.
<to be read again> 
                   \tex_par:D 
l.590 
      

G:/work/Journal2LaTeX/backend/temp/a3caeb8d-6678-46e8-a14c-ebca51a262b2/rendere
d/main.tex:591: LaTeX Error: Bad math environment delimiter.

See the LaTeX manual or LaTeX Companion for explanation.
Type  H <return>  for immediate help.
 ...                                              
                                                  
l.591 \end{equation}
                    
G:/work/Journal2LaTeX/backend/temp/a3caeb8d-6678-46e8-a14c-ebca51a262b2/rendere
d/main.tex:591: You can't use `\eqno' in vertical mode.
\veqno ->\@kernel@eqno 
                       \aftergroup \ignorespaces 
l.591 \end{equation}
                    
G:/work/Journal2LaTeX/backend/temp/a3caeb8d-6678-46e8-a14c-ebca51a262b2/rendere
d/main.tex:591: Missing $ inserted.
<inserted text> 
                $
l.591 \end{equation}
                    
G:/work/Journal2LaTeX/backend/temp/a3caeb8d-6678-46e8-a14c-ebca51a262b2/rendere
d/main.tex:591: Display math should end with $$.
<to be read again> 
                   \endgroup 
l.591 \end{equation}
                    
G:/work/Journal2LaTeX/backend/temp/a3caeb8d-6678-46e8-a14c-ebca51a262b2/rendere
d/main.tex:601: Missing $ inserted.
<inserted text> 
                $
l.601 
      
G:/work/Journal2LaTeX/backend/temp/a3caeb8d-6678-46e8-a14c-ebca51a262b2/rendere
d/main.tex:601: Display math should end with $$.
<to be read again> 
                   \tex_par:D 
l.601 
      

G:/work/Journal2LaTeX/backend/temp/a3caeb8d-6678-46e8-a14c-ebca51a262b2/rendere
d/main.tex:602: LaTeX Error: Bad math environment delimiter.

See the LaTeX manual or LaTeX Companion for explanation.
Type  H <return>  for immediate help.
 ...                                              
                                                  
l.602 \end{equation}
                    
G:/work/Journal2LaTeX/backend/temp/a3caeb8d-6678-46e8-a14c-ebca51a262b2/rendere
d/main.tex:602: You can't use `\eqno' in vertical mode.
\veqno ->\@kernel@eqno 
                       \aftergroup \ignorespaces 
l.602 \end{equation}
                    
G:/work/Journal2LaTeX/backend/temp/a3caeb8d-6678-46e8-a14c-ebca51a262b2/rendere
d/main.tex:602: Missing $ inserted.
<inserted text> 
                $
l.602 \end{equation}
                    
G:/work/Journal2LaTeX/backend/temp/a3caeb8d-6678-46e8-a14c-ebca51a262b2/rendere
d/main.tex:602: Display math should end with $$.
<to be read again> 
                   \endgroup 
l.602 \end{equation}
                    
G:/work/Journal2LaTeX/backend/temp/a3caeb8d-6678-46e8-a14c-ebca51a262b2/rendere
d/main.tex:606: Missing $ inserted.
<inserted text> 
                $
l.606 
      
G:/work/Journal2LaTeX/backend/temp/a3caeb8d-6678-46e8-a14c-ebca51a262b2/rendere
d/main.tex:606: Display math should end with $$.
<to be read again> 
                   \tex_par:D 
l.606 
      

G:/work/Journal2LaTeX/backend/temp/a3caeb8d-6678-46e8-a14c-ebca51a262b2/rendere
d/main.tex:607: LaTeX Error: Bad math environment delimiter.

See the LaTeX manual or LaTeX Companion for explanation.
Type  H <return>  for immediate help.
 ...                                              
                                                  
l.607 \end{equation}
                    
G:/work/Journal2LaTeX/backend/temp/a3caeb8d-6678-46e8-a14c-ebca51a262b2/rendere
d/main.tex:607: You can't use `\eqno' in vertical mode.
\veqno ->\@kernel@eqno 
                       \aftergroup \ignorespaces 
l.607 \end{equation}
                    
G:/work/Journal2LaTeX/backend/temp/a3caeb8d-6678-46e8-a14c-ebca51a262b2/rendere
d/main.tex:607: Missing $ inserted.
<inserted text> 
                $
l.607 \end{equation}
                    
G:/work/Journal2LaTeX/backend/temp/a3caeb8d-6678-46e8-a14c-ebca51a262b2/rendere
d/main.tex:607: Display math should end with $$.
<to be read again> 
                   \endgroup 
l.607 \end{equation}
                    
G:/work/Journal2LaTeX/backend/temp/a3caeb8d-6678-46e8-a14c-ebca51a262b2/rendere
d/main.tex:611: Missing $ inserted.
<inserted text> 
                $
l.611 
      
G:/work/Journal2LaTeX/backend/temp/a3caeb8d-6678-46e8-a14c-ebca51a262b2/rendere
d/main.tex:611: Display math should end with $$.
<to be read again> 
                   \tex_par:D 
l.611 
      

G:/work/Journal2LaTeX/backend/temp/a3caeb8d-6678-46e8-a14c-ebca51a262b2/rendere
d/main.tex:612: LaTeX Error: Bad math environment delimiter.

See the LaTeX manual or LaTeX Companion for explanation.
Type  H <return>  for immediate help.
 ...                                              
                                                  
l.612 \end{equation}
                    
G:/work/Journal2LaTeX/backend/temp/a3caeb8d-6678-46e8-a14c-ebca51a262b2/rendere
d/main.tex:612: You can't use `\eqno' in vertical mode.
\veqno ->\@kernel@eqno 
                       \aftergroup \ignorespaces 
l.612 \end{equation}
                    
G:/work/Journal2LaTeX/backend/temp/a3caeb8d-6678-46e8-a14c-ebca51a262b2/rendere
d/main.tex:612: Missing $ inserted.
<inserted text> 
                $
l.612 \end{equation}
                    
G:/work/Journal2LaTeX/backend/temp/a3caeb8d-6678-46e8-a14c-ebca51a262b2/rendere
d/main.tex:612: Display math should end with $$.
<to be read again> 
                   \endgroup 
l.612 \end{equation}
                    
G:/work/Journal2LaTeX/backend/temp/a3caeb8d-6678-46e8-a14c-ebca51a262b2/rendere
d/main.tex:616: Missing $ inserted.
<inserted text> 
                $
l.616 
      
G:/work/Journal2LaTeX/backend/temp/a3caeb8d-6678-46e8-a14c-ebca51a262b2/rendere
d/main.tex:616: Display math should end with $$.
<to be read again> 
                   \tex_par:D 
l.616 
      

G:/work/Journal2LaTeX/backend/temp/a3caeb8d-6678-46e8-a14c-ebca51a262b2/rendere
d/main.tex:617: LaTeX Error: Bad math environment delimiter.

See the LaTeX manual or LaTeX Companion for explanation.
Type  H <return>  for immediate help.
 ...                                              
                                                  
l.617 \end{equation}
                    
G:/work/Journal2LaTeX/backend/temp/a3caeb8d-6678-46e8-a14c-ebca51a262b2/rendere
d/main.tex:617: You can't use `\eqno' in vertical mode.
\veqno ->\@kernel@eqno 
                       \aftergroup \ignorespaces 
l.617 \end{equation}
                    
G:/work/Journal2LaTeX/backend/temp/a3caeb8d-6678-46e8-a14c-ebca51a262b2/rendere
d/main.tex:617: Missing $ inserted.
<inserted text> 
                $
l.617 \end{equation}
                    
G:/work/Journal2LaTeX/backend/temp/a3caeb8d-6678-46e8-a14c-ebca51a262b2/rendere
d/main.tex:617: Display math should end with $$.
<to be read again> 
                   \endgroup 
l.617 \end{equation}
                    
Runaway argument?
{Parameters 
G:/work/Journal2LaTeX/backend/temp/a3caeb8d-6678-46e8-a14c-ebca51a262b2/rendere
d/main.tex:647: Paragraph ended before \text@command was complete.
<to be read again> 
                   \par 
l.647 σ}
          & \textbf{Values/ day

G:/work/Journal2LaTeX/backend/temp/a3caeb8d-6678-46e8-a14c-ebca51a262b2/rendere
d/main.tex:647: LaTeX Error: Unicode character ξ (U+03BE)
               not set up for use with LaTeX.

See the LaTeX manual or LaTeX Companion for explanation.
Type  H <return>  for immediate help.
 ...                                              
                                                  
l.647 σ}
          & \textbf{Values/ day
G:/work/Journal2LaTeX/backend/temp/a3caeb8d-6678-46e8-a14c-ebca51a262b2/rendere
d/main.tex:647: Missing \endgroup inserted.
<inserted text> 
                \endgroup 
l.647 σ}
          & \textbf{Values/ day
G:/work/Journal2LaTeX/backend/temp/a3caeb8d-6678-46e8-a14c-ebca51a262b2/rendere
d/main.tex:647: Missing \endgroup inserted.
<inserted text> 
                \endgroup 
l.647 σ}
          & \textbf{Values/ day
G:/work/Journal2LaTeX/backend/temp/a3caeb8d-6678-46e8-a14c-ebca51a262b2/rendere
d/main.tex:647: Missing } inserted.
<inserted text> 
                }
l.647 σ}
          & \textbf{Values/ day
G:/work/Journal2LaTeX/backend/temp/a3caeb8d-6678-46e8-a14c-ebca51a262b2/rendere
d/main.tex:647: Missing } inserted.
<inserted text> 
                }
l.647 σ}
          & \textbf{Values/ day
G:/work/Journal2LaTeX/backend/temp/a3caeb8d-6678-46e8-a14c-ebca51a262b2/rendere
d/main.tex:647: Missing } inserted.
<inserted text> 
                }
l.647 σ}
          & \textbf{Values/ day
G:/work/Journal2LaTeX/backend/temp/a3caeb8d-6678-46e8-a14c-ebca51a262b2/rendere
d/main.tex:647: Missing } inserted.
<inserted text> 
                }
l.647 σ}
          & \textbf{Values/ day
G:/work/Journal2LaTeX/backend/temp/a3caeb8d-6678-46e8-a14c-ebca51a262b2/rendere
d/main.tex:647: Missing \cr inserted.
<inserted text> 
                \cr 
l.647 σ}
          & \textbf{Values/ day
G:/work/Journal2LaTeX/backend/temp/a3caeb8d-6678-46e8-a14c-ebca51a262b2/rendere
d/main.tex:647: Misplaced \cr.
<inserted text> \cr 
                    
l.647 σ}
          & \textbf{Values/ day
G:/work/Journal2LaTeX/backend/temp/a3caeb8d-6678-46e8-a14c-ebca51a262b2/rendere
d/main.tex:647: Missing \cr inserted.
<inserted text> 
                \cr 
l.647 σ}
          & \textbf{Values/ day
G:/work/Journal2LaTeX/backend/temp/a3caeb8d-6678-46e8-a14c-ebca51a262b2/rendere
d/main.tex:647: Misplaced \cr.
<inserted text> \cr 
                    
l.647 σ}
          & \textbf{Values/ day
G:/work/Journal2LaTeX/backend/temp/a3caeb8d-6678-46e8-a14c-ebca51a262b2/rendere
d/main.tex:647: Missing \cr inserted.
<inserted text> 
                \cr 
l.647 σ}
          & \textbf{Values/ day
G:/work/Journal2LaTeX/backend/temp/a3caeb8d-6678-46e8-a14c-ebca51a262b2/rendere
d/main.tex:647: Misplaced \cr.
<inserted text> \cr 
                    
l.647 σ}
          & \textbf{Values/ day
G:/work/Journal2LaTeX/backend/temp/a3caeb8d-6678-46e8-a14c-ebca51a262b2/rendere
d/main.tex:647: Missing \cr inserted.
<inserted text> 
                \cr 
l.647 σ}
          & \textbf{Values/ day
G:/work/Journal2LaTeX/backend/temp/a3caeb8d-6678-46e8-a14c-ebca51a262b2/rendere
d/main.tex:647: Misplaced \cr.
<inserted text> \cr 
                    
l.647 σ}
          & \textbf{Values/ day
G:/work/Journal2LaTeX/backend/temp/a3caeb8d-6678-46e8-a14c-ebca51a262b2/rendere
d/main.tex:647: Missing \cr inserted.
<inserted text> 
                \cr 
l.647 σ}
          & \textbf{Values/ day
G:/work/Journal2LaTeX/backend/temp/a3caeb8d-6678-46e8-a14c-ebca51a262b2/rendere
d/main.tex:647: Misplaced \cr.
<inserted text> \cr 
                    
l.647 σ}
          & \textbf{Values/ day
G:/work/Journal2LaTeX/backend/temp/a3caeb8d-6678-46e8-a14c-ebca51a262b2/rendere
d/main.tex:647: Missing \cr inserted.
<inserted text> 
                \cr 
l.647 σ}
          & \textbf{Values/ day
G:/work/Journal2LaTeX/backend/temp/a3caeb8d-6678-46e8-a14c-ebca51a262b2/rendere
d/main.tex:647: Misplaced \cr.
<inserted text> \cr 
                    
l.647 σ}
          & \textbf{Values/ day
G:/work/Journal2LaTeX/backend/temp/a3caeb8d-6678-46e8-a14c-ebca51a262b2/rendere
d/main.tex:647: Missing \cr inserted.
<inserted text> 
                \cr 
l.647 σ}
          & \textbf{Values/ day
G:/work/Journal2LaTeX/backend/temp/a3caeb8d-6678-46e8-a14c-ebca51a262b2/rendere
d/main.tex:647: Misplaced \cr.
<inserted text> \cr 
                    
l.647 σ}
          & \textbf{Values/ day
G:/work/Journal2LaTeX/backend/temp/a3caeb8d-6678-46e8-a14c-ebca51a262b2/rendere
d/main.tex:647: Missing \cr inserted.
<inserted text> 
                \cr 
l.647 σ}
          & \textbf{Values/ day
G:/work/Journal2LaTeX/backend/temp/a3caeb8d-6678-46e8-a14c-ebca51a262b2/rendere
d/main.tex:647: Misplaced \cr.
<inserted text> \cr 
                    
l.647 σ}
          & \textbf{Values/ day
G:/work/Journal2LaTeX/backend/temp/a3caeb8d-6678-46e8-a14c-ebca51a262b2/rendere
d/main.tex:647: Missing \cr inserted.
<inserted text> 
                \cr 
l.647 σ}
          & \textbf{Values/ day
G:/work/Journal2LaTeX/backend/temp/a3caeb8d-6678-46e8-a14c-ebca51a262b2/rendere
d/main.tex:647: Misplaced \cr.
<inserted text> \cr 
                    
l.647 σ}
          & \textbf{Values/ day
G:/work/Journal2LaTeX/backend/temp/a3caeb8d-6678-46e8-a14c-ebca51a262b2/rendere
d/main.tex:647: Missing \cr inserted.
<inserted text> 
                \cr 
l.647 σ}
          & \textbf{Values/ day
G:/work/Journal2LaTeX/backend/temp/a3caeb8d-6678-46e8-a14c-ebca51a262b2/rendere
d/main.tex:647: Misplaced \cr.
<inserted text> \cr 
                    
l.647 σ}
          & \textbf{Values/ day
G:/work/Journal2LaTeX/backend/temp/a3caeb8d-6678-46e8-a14c-ebca51a262b2/rendere
d/main.tex:647: Missing \cr inserted.
<inserted text> 
                \cr 
l.647 σ}
          & \textbf{Values/ day
G:/work/Journal2LaTeX/backend/temp/a3caeb8d-6678-46e8-a14c-ebca51a262b2/rendere
d/main.tex:647: Misplaced \cr.
<inserted text> \cr 
                    
l.647 σ}
          & \textbf{Values/ day
G:/work/Journal2LaTeX/backend/temp/a3caeb8d-6678-46e8-a14c-ebca51a262b2/rendere
d/main.tex:647: Missing \cr inserted.
<inserted text> 
                \cr 
l.647 σ}
          & \textbf{Values/ day
G:/work/Journal2LaTeX/backend/temp/a3caeb8d-6678-46e8-a14c-ebca51a262b2/rendere
d/main.tex:647: Misplaced \cr.
<inserted text> \cr 
                    
l.647 σ}
          & \textbf{Values/ day
G:/work/Journal2LaTeX/backend/temp/a3caeb8d-6678-46e8-a14c-ebca51a262b2/rendere
d/main.tex:647: Missing \cr inserted.
<inserted text> 
                \cr 
l.647 σ}
          & \textbf{Values/ day
G:/work/Journal2LaTeX/backend/temp/a3caeb8d-6678-46e8-a14c-ebca51a262b2/rendere
d/main.tex:647: Misplaced \cr.
<inserted text> \cr 
                    
l.647 σ}
          & \textbf{Values/ day
G:/work/Journal2LaTeX/backend/temp/a3caeb8d-6678-46e8-a14c-ebca51a262b2/rendere
d/main.tex:647: Missing \cr inserted.
<inserted text> 
                \cr 
l.647 σ}
          & \textbf{Values/ day
G:/work/Journal2LaTeX/backend/temp/a3caeb8d-6678-46e8-a14c-ebca51a262b2/rendere
d/main.tex:647: Misplaced \cr.
<inserted text> \cr 
                    
l.647 σ}
          & \textbf{Values/ day
G:/work/Journal2LaTeX/backend/temp/a3caeb8d-6678-46e8-a14c-ebca51a262b2/rendere
d/main.tex:647: Missing \cr inserted.
<inserted text> 
                \cr 
l.647 σ}
          & \textbf{Values/ day
G:/work/Journal2LaTeX/backend/temp/a3caeb8d-6678-46e8-a14c-ebca51a262b2/rendere
d/main.tex:647: Misplaced \cr.
<inserted text> \cr 
                    
l.647 σ}
          & \textbf{Values/ day
G:/work/Journal2LaTeX/backend/temp/a3caeb8d-6678-46e8-a14c-ebca51a262b2/rendere
d/main.tex:647: Missing \cr inserted.
<inserted text> 
                \cr 
l.647 σ}
          & \textbf{Values/ day
G:/work/Journal2LaTeX/backend/temp/a3caeb8d-6678-46e8-a14c-ebca51a262b2/rendere
d/main.tex:647: Misplaced \cr.
<inserted text> \cr 
                    
l.647 σ}
          & \textbf{Values/ day
G:/work/Journal2LaTeX/backend/temp/a3caeb8d-6678-46e8-a14c-ebca51a262b2/rendere
d/main.tex:647: Missing \cr inserted.
<inserted text> 
                \cr 
l.647 σ}
          & \textbf{Values/ day
G:/work/Journal2LaTeX/backend/temp/a3caeb8d-6678-46e8-a14c-ebca51a262b2/rendere
d/main.tex:647: Misplaced \cr.
<inserted text> \cr 
                    
l.647 σ}
          & \textbf{Values/ day
G:/work/Journal2LaTeX/backend/temp/a3caeb8d-6678-46e8-a14c-ebca51a262b2/rendere
d/main.tex:647: Missing \cr inserted.
<inserted text> 
                \cr 
l.647 σ}
          & \textbf{Values/ day
G:/work/Journal2LaTeX/backend/temp/a3caeb8d-6678-46e8-a14c-ebca51a262b2/rendere
d/main.tex:647: Misplaced \cr.
<inserted text> \cr 
                    
l.647 σ}
          & \textbf{Values/ day
G:/work/Journal2LaTeX/backend/temp/a3caeb8d-6678-46e8-a14c-ebca51a262b2/rendere
d/main.tex:647: Missing \cr inserted.
<inserted text> 
                \cr 
l.647 σ}
          & \textbf{Values/ day
G:/work/Journal2LaTeX/backend/temp/a3caeb8d-6678-46e8-a14c-ebca51a262b2/rendere
d/main.tex:647: Misplaced \cr.
<inserted text> \cr 
                    
l.647 σ}
          & \textbf{Values/ day
G:/work/Journal2LaTeX/backend/temp/a3caeb8d-6678-46e8-a14c-ebca51a262b2/rendere
d/main.tex:647: Missing \cr inserted.
<inserted text> 
                \cr 
l.647 σ}
          & \textbf{Values/ day
G:/work/Journal2LaTeX/backend/temp/a3caeb8d-6678-46e8-a14c-ebca51a262b2/rendere
d/main.tex:647: Misplaced \cr.
<inserted text> \cr 
                    
l.647 σ}
          & \textbf{Values/ day
G:/work/Journal2LaTeX/backend/temp/a3caeb8d-6678-46e8-a14c-ebca51a262b2/rendere
d/main.tex:647: Missing \cr inserted.
<inserted text> 
                \cr 
l.647 σ}
          & \textbf{Values/ day
G:/work/Journal2LaTeX/backend/temp/a3caeb8d-6678-46e8-a14c-ebca51a262b2/rendere
d/main.tex:647: Misplaced \cr.
<inserted text> \cr 
                    
l.647 σ}
          & \textbf{Values/ day
G:/work/Journal2LaTeX/backend/temp/a3caeb8d-6678-46e8-a14c-ebca51a262b2/rendere
d/main.tex:647: Missing \cr inserted.
<inserted text> 
                \cr 
l.647 σ}
          & \textbf{Values/ day
G:/work/Journal2LaTeX/backend/temp/a3caeb8d-6678-46e8-a14c-ebca51a262b2/rendere
d/main.tex:647: Misplaced \cr.
<inserted text> \cr 
                    
l.647 σ}
          & \textbf{Values/ day
G:/work/Journal2LaTeX/backend/temp/a3caeb8d-6678-46e8-a14c-ebca51a262b2/rendere
d/main.tex:647: Missing \cr inserted.
<inserted text> 
                \cr 
l.647 σ}
          & \textbf{Values/ day
G:/work/Journal2LaTeX/backend/temp/a3caeb8d-6678-46e8-a14c-ebca51a262b2/rendere
d/main.tex:647: Misplaced \cr.
<inserted text> \cr 
                    
l.647 σ}
          & \textbf{Values/ day
G:/work/Journal2LaTeX/backend/temp/a3caeb8d-6678-46e8-a14c-ebca51a262b2/rendere
d/main.tex:647: Missing \cr inserted.
<inserted text> 
                \cr 
l.647 σ}
          & \textbf{Values/ day
G:/work/Journal2LaTeX/backend/temp/a3caeb8d-6678-46e8-a14c-ebca51a262b2/rendere
d/main.tex:647: Misplaced \cr.
<inserted text> \cr 
                    
l.647 σ}
          & \textbf{Values/ day
G:/work/Journal2LaTeX/backend/temp/a3caeb8d-6678-46e8-a14c-ebca51a262b2/rendere
d/main.tex:647: Missing \cr inserted.
<inserted text> 
                \cr 
l.647 σ}
          & \textbf{Values/ day
G:/work/Journal2LaTeX/backend/temp/a3caeb8d-6678-46e8-a14c-ebca51a262b2/rendere
d/main.tex:647: Misplaced \cr.
<inserted text> \cr 
                    
l.647 σ}
          & \textbf{Values/ day
G:/work/Journal2LaTeX/backend/temp/a3caeb8d-6678-46e8-a14c-ebca51a262b2/rendere
d/main.tex:647: Missing \cr inserted.
<inserted text> 
                \cr 
l.647 σ}
          & \textbf{Values/ day
G:/work/Journal2LaTeX/backend/temp/a3caeb8d-6678-46e8-a14c-ebca51a262b2/rendere
d/main.tex:647: Misplaced \cr.
<inserted text> \cr 
                    
l.647 σ}
          & \textbf{Values/ day
G:/work/Journal2LaTeX/backend/temp/a3caeb8d-6678-46e8-a14c-ebca51a262b2/rendere
d/main.tex:647: Missing \cr inserted.
<inserted text> 
                \cr 
l.647 σ}
          & \textbf{Values/ day
G:/work/Journal2LaTeX/backend/temp/a3caeb8d-6678-46e8-a14c-ebca51a262b2/rendere
d/main.tex:647: Misplaced \cr.
<inserted text> \cr 
                    
l.647 σ}
          & \textbf{Values/ day
G:/work/Journal2LaTeX/backend/temp/a3caeb8d-6678-46e8-a14c-ebca51a262b2/rendere
d/main.tex:647: Missing \cr inserted.
<inserted text> 
                \cr 
l.647 σ}
          & \textbf{Values/ day
G:/work/Journal2LaTeX/backend/temp/a3caeb8d-6678-46e8-a14c-ebca51a262b2/rendere
d/main.tex:647: Misplaced \cr.
<inserted text> \cr 
                    
l.647 σ}
          & \textbf{Values/ day
G:/work/Journal2LaTeX/backend/temp/a3caeb8d-6678-46e8-a14c-ebca51a262b2/rendere
d/main.tex:647: Missing \cr inserted.
<inserted text> 
                \cr 
l.647 σ}
          & \textbf{Values/ day
G:/work/Journal2LaTeX/backend/temp/a3caeb8d-6678-46e8-a14c-ebca51a262b2/rendere
d/main.tex:647: Misplaced \cr.
<inserted text> \cr 
                    
l.647 σ}
          & \textbf{Values/ day
G:/work/Journal2LaTeX/backend/temp/a3caeb8d-6678-46e8-a14c-ebca51a262b2/rendere
d/main.tex:647: Missing \cr inserted.
<inserted text> 
                \cr 
l.647 σ}
          & \textbf{Values/ day
G:/work/Journal2LaTeX/backend/temp/a3caeb8d-6678-46e8-a14c-ebca51a262b2/rendere
d/main.tex:647: Misplaced \cr.
<inserted text> \cr 
                    
l.647 σ}
          & \textbf{Values/ day
G:/work/Journal2LaTeX/backend/temp/a3caeb8d-6678-46e8-a14c-ebca51a262b2/rendere
d/main.tex:647: Missing \cr inserted.
<inserted text> 
                \cr 
l.647 σ}
          & \textbf{Values/ day
G:/work/Journal2LaTeX/backend/temp/a3caeb8d-6678-46e8-a14c-ebca51a262b2/rendere
d/main.tex:647: Misplaced \cr.
<inserted text> \cr 
                    
l.647 σ}
          & \textbf{Values/ day
G:/work/Journal2LaTeX/backend/temp/a3caeb8d-6678-46e8-a14c-ebca51a262b2/rendere
d/main.tex:647: Missing \cr inserted.
<inserted text> 
                \cr 
l.647 σ}
          & \textbf{Values/ day
G:/work/Journal2LaTeX/backend/temp/a3caeb8d-6678-46e8-a14c-ebca51a262b2/rendere
d/main.tex:647: Misplaced \cr.
<inserted text> \cr 
                    
l.647 σ}
          & \textbf{Values/ day
G:/work/Journal2LaTeX/backend/temp/a3caeb8d-6678-46e8-a14c-ebca51a262b2/rendere
d/main.tex:647: Missing \cr inserted.
<inserted text> 
                \cr 
l.647 σ}
          & \textbf{Values/ day
G:/work/Journal2LaTeX/backend/temp/a3caeb8d-6678-46e8-a14c-ebca51a262b2/rendere
d/main.tex:647: Misplaced \cr.
<inserted text> \cr 
                    
l.647 σ}
          & \textbf{Values/ day
G:/work/Journal2LaTeX/backend/temp/a3caeb8d-6678-46e8-a14c-ebca51a262b2/rendere
d/main.tex:647: Missing \cr inserted.
<inserted text> 
                \cr 
l.647 σ}
          & \textbf{Values/ day
G:/work/Journal2LaTeX/backend/temp/a3caeb8d-6678-46e8-a14c-ebca51a262b2/rendere
d/main.tex:647: Misplaced \cr.
<inserted text> \cr 
                    
l.647 σ}
          & \textbf{Values/ day
G:/work/Journal2LaTeX/backend/temp/a3caeb8d-6678-46e8-a14c-ebca51a262b2/rendere
d/main.tex:647: Missing \cr inserted.
<inserted text> 
                \cr 
l.647 σ}
          & \textbf{Values/ day
G:/work/Journal2LaTeX/backend/temp/a3caeb8d-6678-46e8-a14c-ebca51a262b2/rendere
d/main.tex:647: Misplaced \cr.
<inserted text> \cr 
                    
l.647 σ}
          & \textbf{Values/ day
G:/work/Journal2LaTeX/backend/temp/a3caeb8d-6678-46e8-a14c-ebca51a262b2/rendere
d/main.tex:647: Missing \cr inserted.
<inserted text> 
                \cr 
l.647 σ}
          & \textbf{Values/ day
G:/work/Journal2LaTeX/backend/temp/a3caeb8d-6678-46e8-a14c-ebca51a262b2/rendere
d/main.tex:647: Misplaced \cr.
<inserted text> \cr 
                    
l.647 σ}
          & \textbf{Values/ day
G:/work/Journal2LaTeX/backend/temp/a3caeb8d-6678-46e8-a14c-ebca51a262b2/rendere
d/main.tex:647: Missing \cr inserted.
<inserted text> 
                \cr 
l.647 σ}
          & \textbf{Values/ day
G:/work/Journal2LaTeX/backend/temp/a3caeb8d-6678-46e8-a14c-ebca51a262b2/rendere
d/main.tex:647: Misplaced \cr.
<inserted text> \cr 
                    
l.647 σ}
          & \textbf{Values/ day
G:/work/Journal2LaTeX/backend/temp/a3caeb8d-6678-46e8-a14c-ebca51a262b2/rendere
d/main.tex:647: Missing \cr inserted.
<inserted text> 
                \cr 
l.647 σ}
          & \textbf{Values/ day
G:/work/Journal2LaTeX/backend/temp/a3caeb8d-6678-46e8-a14c-ebca51a262b2/rendere
d/main.tex:647: Misplaced \cr.
<inserted text> \cr 
                    
l.647 σ}
          & \textbf{Values/ day
G:/work/Journal2LaTeX/backend/temp/a3caeb8d-6678-46e8-a14c-ebca51a262b2/rendere
d/main.tex:647: Missing \cr inserted.
<inserted text> 
                \cr 
l.647 σ}
          & \textbf{Values/ day
G:/work/Journal2LaTeX/backend/temp/a3caeb8d-6678-46e8-a14c-ebca51a262b2/rendere
d/main.tex:647: Misplaced \cr.
<inserted text> \cr 
                    
l.647 σ}
          & \textbf{Values/ day
G:/work/Journal2LaTeX/backend/temp/a3caeb8d-6678-46e8-a14c-ebca51a262b2/rendere
d/main.tex:647: Missing \cr inserted.
<inserted text> 
                \cr 
l.647 σ}
          & \textbf{Values/ day
G:/work/Journal2LaTeX/backend/temp/a3caeb8d-6678-46e8-a14c-ebca51a262b2/rendere
d/main.tex:647: Misplaced \cr.
<inserted text> \cr 
                    
l.647 σ}
          & \textbf{Values/ day
G:/work/Journal2LaTeX/backend/temp/a3caeb8d-6678-46e8-a14c-ebca51a262b2/rendere
d/main.tex:647: Missing \cr inserted.
<inserted text> 
                \cr 
l.647 σ}
          & \textbf{Values/ day
G:/work/Journal2LaTeX/backend/temp/a3caeb8d-6678-46e8-a14c-ebca51a262b2/rendere
d/main.tex:647: Misplaced \cr.
<inserted text> \cr 
                    
l.647 σ}
          & \textbf{Values/ day
G:/work/Journal2LaTeX/backend/temp/a3caeb8d-6678-46e8-a14c-ebca51a262b2/rendere
d/main.tex:647: Missing \cr inserted.
<inserted text> 
                \cr 
l.647 σ}
          & \textbf{Values/ day
G:/work/Journal2LaTeX/backend/temp/a3caeb8d-6678-46e8-a14c-ebca51a262b2/rendere
d/main.tex:647: Misplaced \cr.
<inserted text> \cr 
                    
l.647 σ}
          & \textbf{Values/ day
G:/work/Journal2LaTeX/backend/temp/a3caeb8d-6678-46e8-a14c-ebca51a262b2/rendere
d/main.tex:647: Missing \cr inserted.
<inserted text> 
                \cr 
l.647 σ}
          & \textbf{Values/ day
G:/work/Journal2LaTeX/backend/temp/a3caeb8d-6678-46e8-a14c-ebca51a262b2/rendere
d/main.tex:647: Misplaced \cr.
<inserted text> \cr 
                    
l.647 σ}
          & \textbf{Values/ day
G:/work/Journal2LaTeX/backend/temp/a3caeb8d-6678-46e8-a14c-ebca51a262b2/rendere
d/main.tex:647: Missing \cr inserted.
<inserted text> 
                \cr 
l.647 σ}
          & \textbf{Values/ day
G:/work/Journal2LaTeX/backend/temp/a3caeb8d-6678-46e8-a14c-ebca51a262b2/rendere
d/main.tex:647: Misplaced \cr.
<inserted text> \cr 
                    
l.647 σ}
          & \textbf{Values/ day
G:/work/Journal2LaTeX/backend/temp/a3caeb8d-6678-46e8-a14c-ebca51a262b2/rendere
d/main.tex:647: Missing \cr inserted.
<inserted text> 
                \cr 
l.647 σ}
          & \textbf{Values/ day
G:/work/Journal2LaTeX/backend/temp/a3caeb8d-6678-46e8-a14c-ebca51a262b2/rendere
d/main.tex:647: Misplaced \cr.
<inserted text> \cr 
                    
l.647 σ}
          & \textbf{Values/ day
G:/work/Journal2LaTeX/backend/temp/a3caeb8d-6678-46e8-a14c-ebca51a262b2/rendere
d/main.tex:647: Missing \cr inserted.
<inserted text> 
                \cr 
l.647 σ}
          & \textbf{Values/ day
G:/work/Journal2LaTeX/backend/temp/a3caeb8d-6678-46e8-a14c-ebca51a262b2/rendere
d/main.tex:647: Misplaced \cr.
<inserted text> \cr 
                    
l.647 σ}
          & \textbf{Values/ day
G:/work/Journal2LaTeX/backend/temp/a3caeb8d-6678-46e8-a14c-ebca51a262b2/rendere
d/main.tex:647: Missing \cr inserted.
<inserted text> 
                \cr 
l.647 σ}
          & \textbf{Values/ day
G:/work/Journal2LaTeX/backend/temp/a3caeb8d-6678-46e8-a14c-ebca51a262b2/rendere
d/main.tex:647: Misplaced \cr.
<inserted text> \cr 
                    
l.647 σ}
          & \textbf{Values/ day
G:/work/Journal2LaTeX/backend/temp/a3caeb8d-6678-46e8-a14c-ebca51a262b2/rendere
d/main.tex:647: Missing \cr inserted.
<inserted text> 
                \cr 
l.647 σ}
          & \textbf{Values/ day
G:/work/Journal2LaTeX/backend/temp/a3caeb8d-6678-46e8-a14c-ebca51a262b2/rendere
d/main.tex:647: Misplaced \cr.
<inserted text> \cr 
                    
l.647 σ}
          & \textbf{Values/ day
(That makes 100 errors; please try again.)
G:/work/Journal2LaTeX/backend/temp/a3caeb8d-6678-46e8-a14c-ebca51a262b2/rendere
d/main.tex:647:  ==> Fatal error occurred, no output PDF file produced!
Transcript written on main.log.
Latexmk: Getting log file 'main.log'
Latexmk: Examining 'main.fls'
Latexmk: Examining 'main.log'
Latexmk: Summary of warnings from last run of *latex:
  Latex failed to resolve 6 reference(s)
  Latex failed to resolve 2 citation(s)
Latexmk: Errors, so I did not complete making targets
Collected error summary (may duplicate other messages):
  pdflatex: Command for 'pdflatex' gave return code 1
      Refer to 'main.log' and/or above output for details



STDERR:
Latexmk: ====Problematic refs and citations with line #s in .tex file:
  Reference `LastPage' on page 1 undefined on input line 193
  Citation `ref10' on page 2 undefined on input line 200
  Reference `LastPage' on page 2 undefined on input line 223
  Reference `LastPage' on page 3 undefined on input line 261
  Reference `LastPage' on page 5 undefined on input line 363
  Reference `LastPage' on page 7 undefined on input line 479
  Citation `ref38' on page 9 undefined on input line 542
 And 1 more --- see log file 'main.log'
Latexmk: Sometimes, the -f option can be used to get latexmk
  to try to force complete processing.
  But normally, you will need to correct the file(s) that caused the
  error, and then rerun latexmk.
  In some cases, it is best to clean out generated files before rerunning
  latexmk after you've corrected the files.
Reverting Windows console CPs to (in,out) = (437,65001)
