[2026-07-23 15:17:53,466] [INFO] [graphics_extractor.py:15]: Starting advanced graphics extraction for job: 4c33ac9f-5698-4ea4-86dc-313f4d965dda
[2026-07-23 15:17:53,513] [INFO] [graphics_extractor.py:53]: Detected 10 drawings and 8 pict elements
[2026-07-23 15:17:53,519] [INFO] [graphics_extractor.py:158]: Advanced graphics extraction completed successfully. Report saved to G:\work\Journal2LaTeX\backend\temp\4c33ac9f-5698-4ea4-86dc-313f4d965dda\intermediate\graphics_report.json
[2026-07-23 15:17:53,590] [INFO] [graphics_extractor.py:283]: Detected 156 Office-native objects: ['shape', 'ole', 'ole', 'ole', 'ole', 'ole', 'ole', 'ole', 'ole', 'ole', 'ole', 'ole', 'ole', 'ole', 'ole', 'ole', 'ole', 'ole', 'ole', 'ole', 'ole', 'ole', 'ole', 'ole', 'ole', 'ole', 'ole', 'ole', 'ole', 'ole', 'ole', 'ole', 'ole', 'ole', 'ole', 'ole', 'ole', 'ole', 'ole', 'ole', 'ole', 'ole', 'ole', 'ole', 'ole', 'ole', 'ole', 'ole', 'ole', 'ole', 'ole', 'ole', 'ole', 'ole', 'ole', 'ole', 'ole', 'ole', 'ole', 'ole', 'ole', 'ole', 'ole', 'ole', 'ole', 'ole', 'ole', 'ole', 'ole', 'ole', 'ole', 'ole', 'ole', 'ole', 'ole', 'ole', 'ole', 'ole', 'ole', 'ole', 'ole', 'ole', 'ole', 'ole', 'ole', 'ole', 'ole', 'ole', 'ole', 'ole', 'ole', 'ole', 'ole', 'ole', 'ole', 'ole', 'ole', 'ole', 'ole', 'ole', 'ole', 'ole', 'shape', 'ole', 'ole', 'ole', 'ole', 'ole', 'ole', 'ole', 'ole', 'ole', 'ole', 'ole', 'ole', 'ole', 'ole', 'ole', 'ole', 'ole', 'ole', 'ole', 'ole', 'ole', 'ole', 'ole', 'ole', 'ole', 'ole', 'ole', 'ole', 'ole', 'ole', 'ole', 'ole', 'ole', 'ole', 'ole', 'ole', 'ole', 'ole', 'ole', 'ole', 'ole', 'ole', 'ole', 'ole', 'ole', 'ole', 'ole', 'ole', 'ole', 'ole', 'ole', 'ole', 'ole']
[2026-07-23 15:18:01,207] [INFO] [graphics_extractor.py:479]: LibreOffice unavailable; rendering 156 Office object(s) via Microsoft Word COM.
[2026-07-23 15:21:28,328] [WARNING] [graphics_extractor.py:523]: Word COM failed to render office_obj_27.docx: (-2147352567, 'Exception occurred.', (0, 'Microsoft Word', 'The file appears to be corrupted.', 'wdmain11.chm', 25272, -2146822496), None)
[2026-07-23 15:21:36,145] [WARNING] [graphics_extractor.py:523]: Word COM failed to render office_obj_28.docx: (-2147352567, 'Exception occurred.', (0, 'Microsoft Word', 'The file appears to be corrupted.', 'wdmain11.chm', 25272, -2146822496), None)
[2026-07-23 15:21:44,046] [WARNING] [graphics_extractor.py:523]: Word COM failed to render office_obj_29.docx: (-2147352567, 'Exception occurred.', (0, 'Microsoft Word', 'The file appears to be corrupted.', 'wdmain11.chm', 25272, -2146822496), None)
[2026-07-23 15:21:52,148] [WARNING] [graphics_extractor.py:523]: Word COM failed to render office_obj_30.docx: (-2147352567, 'Exception occurred.', (0, 'Microsoft Word', 'The file appears to be corrupted.', 'wdmain11.chm', 25272, -2146822496), None)
[2026-07-23 15:22:00,249] [WARNING] [graphics_extractor.py:523]: Word COM failed to render office_obj_31.docx: (-2147352567, 'Exception occurred.', (0, 'Microsoft Word', 'The file appears to be corrupted.', 'wdmain11.chm', 25272, -2146822496), None)
[2026-07-23 15:22:09,282] [WARNING] [graphics_extractor.py:523]: Word COM failed to render office_obj_32.docx: (-2147352567, 'Exception occurred.', (0, 'Microsoft Word', 'The file appears to be corrupted.', 'wdmain11.chm', 25272, -2146822496), None)
[2026-07-23 15:22:18,187] [WARNING] [graphics_extractor.py:523]: Word COM failed to render office_obj_33.docx: (-2147352567, 'Exception occurred.', (0, 'Microsoft Word', 'The file appears to be corrupted.', 'wdmain11.chm', 25272, -2146822496), None)
[2026-07-23 15:22:27,028] [WARNING] [graphics_extractor.py:523]: Word COM failed to render office_obj_34.docx: (-2147352567, 'Exception occurred.', (0, 'Microsoft Word', 'The file appears to be corrupted.', 'wdmain11.chm', 25272, -2146822496), None)
[2026-07-23 15:22:35,801] [WARNING] [graphics_extractor.py:523]: Word COM failed to render office_obj_35.docx: (-2147352567, 'Exception occurred.', (0, 'Microsoft Word', 'The file appears to be corrupted.', 'wdmain11.chm', 25272, -2146822496), None)
[2026-07-23 15:22:44,623] [WARNING] [graphics_extractor.py:523]: Word COM failed to render office_obj_36.docx: (-2147352567, 'Exception occurred.', (0, 'Microsoft Word', 'The file appears to be corrupted.', 'wdmain11.chm', 25272, -2146822496), None)
[2026-07-23 15:22:53,338] [WARNING] [graphics_extractor.py:523]: Word COM failed to render office_obj_37.docx: (-2147352567, 'Exception occurred.', (0, 'Microsoft Word', 'The file appears to be corrupted.', 'wdmain11.chm', 25272, -2146822496), None)
[2026-07-23 15:23:02,328] [WARNING] [graphics_extractor.py:523]: Word COM failed to render office_obj_38.docx: (-2147352567, 'Exception occurred.', (0, 'Microsoft Word', 'The file appears to be corrupted.', 'wdmain11.chm', 25272, -2146822496), None)
[2026-07-23 15:23:11,191] [WARNING] [graphics_extractor.py:523]: Word COM failed to render office_obj_39.docx: (-2147352567, 'Exception occurred.', (0, 'Microsoft Word', 'The file appears to be corrupted.', 'wdmain11.chm', 25272, -2146822496), None)
[2026-07-23 15:23:20,255] [WARNING] [graphics_extractor.py:523]: Word COM failed to render office_obj_40.docx: (-2147352567, 'Exception occurred.', (0, 'Microsoft Word', 'The file appears to be corrupted.', 'wdmain11.chm', 25272, -2146822496), None)
[2026-07-23 15:23:29,092] [WARNING] [graphics_extractor.py:523]: Word COM failed to render office_obj_41.docx: (-2147352567, 'Exception occurred.', (0, 'Microsoft Word', 'The file appears to be corrupted.', 'wdmain11.chm', 25272, -2146822496), None)
[2026-07-23 15:23:37,797] [WARNING] [graphics_extractor.py:523]: Word COM failed to render office_obj_42.docx: (-2147352567, 'Exception occurred.', (0, 'Microsoft Word', 'The file appears to be corrupted.', 'wdmain11.chm', 25272, -2146822496), None)
[2026-07-23 15:23:46,458] [WARNING] [graphics_extractor.py:523]: Word COM failed to render office_obj_43.docx: (-2147352567, 'Exception occurred.', (0, 'Microsoft Word', 'The file appears to be corrupted.', 'wdmain11.chm', 25272, -2146822496), None)
[2026-07-23 15:26:49,165] [WARNING] [graphics_extractor.py:523]: Word COM failed to render office_obj_64.docx: (-2147023170, 'The remote procedure call failed.', None, None)
[2026-07-23 15:26:49,166] [WARNING] [graphics_extractor.py:523]: Word COM failed to render office_obj_65.docx: (-2147023174, 'The RPC server is unavailable.', None, None)
[2026-07-23 15:26:49,166] [WARNING] [graphics_extractor.py:523]: Word COM failed to render office_obj_66.docx: (-2147023174, 'The RPC server is unavailable.', None, None)
[2026-07-23 15:26:49,167] [WARNING] [graphics_extractor.py:523]: Word COM failed to render office_obj_67.docx: (-2147023174, 'The RPC server is unavailable.', None, None)
[2026-07-23 15:26:49,167] [WARNING] [graphics_extractor.py:523]: Word COM failed to render office_obj_68.docx: (-2147023174, 'The RPC server is unavailable.', None, None)
[2026-07-23 15:26:49,167] [WARNING] [graphics_extractor.py:523]: Word COM failed to render office_obj_69.docx: (-2147023174, 'The RPC server is unavailable.', None, None)
[2026-07-23 15:26:49,168] [WARNING] [graphics_extractor.py:523]: Word COM failed to render office_obj_70.docx: (-2147023174, 'The RPC server is unavailable.', None, None)
[2026-07-23 15:26:49,168] [WARNING] [graphics_extractor.py:523]: Word COM failed to render office_obj_71.docx: (-2147023174, 'The RPC server is unavailable.', None, None)
[2026-07-23 15:26:49,168] [WARNING] [graphics_extractor.py:523]: Word COM failed to render office_obj_72.docx: (-2147023174, 'The RPC server is unavailable.', None, None)
[2026-07-23 15:26:49,169] [WARNING] [graphics_extractor.py:523]: Word COM failed to render office_obj_73.docx: (-2147023174, 'The RPC server is unavailable.', None, None)
[2026-07-23 15:26:49,169] [WARNING] [graphics_extractor.py:523]: Word COM failed to render office_obj_74.docx: (-2147023174, 'The RPC server is unavailable.', None, None)
[2026-07-23 15:26:49,170] [WARNING] [graphics_extractor.py:523]: Word COM failed to render office_obj_75.docx: (-2147023174, 'The RPC server is unavailable.', None, None)
[2026-07-23 15:26:49,170] [WARNING] [graphics_extractor.py:523]: Word COM failed to render office_obj_76.docx: (-2147023174, 'The RPC server is unavailable.', None, None)
[2026-07-23 15:26:49,171] [WARNING] [graphics_extractor.py:523]: Word COM failed to render office_obj_77.docx: (-2147023174, 'The RPC server is unavailable.', None, None)
[2026-07-23 15:26:49,171] [WARNING] [graphics_extractor.py:523]: Word COM failed to render office_obj_78.docx: (-2147023174, 'The RPC server is unavailable.', None, None)
[2026-07-23 15:26:49,171] [WARNING] [graphics_extractor.py:523]: Word COM failed to render office_obj_79.docx: (-2147023174, 'The RPC server is unavailable.', None, None)
[2026-07-23 15:26:49,172] [WARNING] [graphics_extractor.py:523]: Word COM failed to render office_obj_80.docx: (-2147023174, 'The RPC server is unavailable.', None, None)
[2026-07-23 15:26:49,172] [WARNING] [graphics_extractor.py:523]: Word COM failed to render office_obj_81.docx: (-2147023174, 'The RPC server is unavailable.', None, None)
[2026-07-23 15:26:49,172] [WARNING] [graphics_extractor.py:523]: Word COM failed to render office_obj_82.docx: (-2147023174, 'The RPC server is unavailable.', None, None)
[2026-07-23 15:26:49,173] [WARNING] [graphics_extractor.py:523]: Word COM failed to render office_obj_83.docx: (-2147023174, 'The RPC server is unavailable.', None, None)
[2026-07-23 15:26:49,173] [WARNING] [graphics_extractor.py:523]: Word COM failed to render office_obj_84.docx: (-2147023174, 'The RPC server is unavailable.', None, None)
[2026-07-23 15:26:49,174] [WARNING] [graphics_extractor.py:523]: Word COM failed to render office_obj_85.docx: (-2147023174, 'The RPC server is unavailable.', None, None)
[2026-07-23 15:26:49,174] [WARNING] [graphics_extractor.py:523]: Word COM failed to render office_obj_86.docx: (-2147023174, 'The RPC server is unavailable.', None, None)
[2026-07-23 15:26:49,174] [WARNING] [graphics_extractor.py:523]: Word COM failed to render office_obj_87.docx: (-2147023174, 'The RPC server is unavailable.', None, None)
[2026-07-23 15:26:49,174] [WARNING] [graphics_extractor.py:523]: Word COM failed to render office_obj_88.docx: (-2147023174, 'The RPC server is unavailable.', None, None)
[2026-07-23 15:26:49,175] [WARNING] [graphics_extractor.py:523]: Word COM failed to render office_obj_89.docx: (-2147023174, 'The RPC server is unavailable.', None, None)
[2026-07-23 15:26:49,175] [WARNING] [graphics_extractor.py:523]: Word COM failed to render office_obj_90.docx: (-2147023174, 'The RPC server is unavailable.', None, None)
[2026-07-23 15:26:49,176] [WARNING] [graphics_extractor.py:523]: Word COM failed to render office_obj_91.docx: (-2147023174, 'The RPC server is unavailable.', None, None)
[2026-07-23 15:26:49,177] [WARNING] [graphics_extractor.py:523]: Word COM failed to render office_obj_92.docx: (-2147023174, 'The RPC server is unavailable.', None, None)
[2026-07-23 15:26:49,178] [WARNING] [graphics_extractor.py:523]: Word COM failed to render office_obj_93.docx: (-2147023174, 'The RPC server is unavailable.', None, None)
[2026-07-23 15:26:49,178] [WARNING] [graphics_extractor.py:523]: Word COM failed to render office_obj_94.docx: (-2147023174, 'The RPC server is unavailable.', None, None)
[2026-07-23 15:26:49,178] [WARNING] [graphics_extractor.py:523]: Word COM failed to render office_obj_95.docx: (-2147023174, 'The RPC server is unavailable.', None, None)
[2026-07-23 15:26:49,179] [WARNING] [graphics_extractor.py:523]: Word COM failed to render office_obj_96.docx: (-2147023174, 'The RPC server is unavailable.', None, None)
[2026-07-23 15:26:49,179] [WARNING] [graphics_extractor.py:523]: Word COM failed to render office_obj_97.docx: (-2147023174, 'The RPC server is unavailable.', None, None)
[2026-07-23 15:26:49,179] [WARNING] [graphics_extractor.py:523]: Word COM failed to render office_obj_98.docx: (-2147023174, 'The RPC server is unavailable.', None, None)
[2026-07-23 15:26:49,180] [WARNING] [graphics_extractor.py:523]: Word COM failed to render office_obj_99.docx: (-2147023174, 'The RPC server is unavailable.', None, None)
[2026-07-23 15:26:49,180] [WARNING] [graphics_extractor.py:523]: Word COM failed to render office_obj_100.docx: (-2147023174, 'The RPC server is unavailable.', None, None)
[2026-07-23 15:26:49,180] [WARNING] [graphics_extractor.py:523]: Word COM failed to render office_obj_101.docx: (-2147023174, 'The RPC server is unavailable.', None, None)
[2026-07-23 15:26:49,180] [WARNING] [graphics_extractor.py:523]: Word COM failed to render office_obj_102.docx: (-2147023174, 'The RPC server is unavailable.', None, None)
[2026-07-23 15:26:49,181] [WARNING] [graphics_extractor.py:523]: Word COM failed to render office_obj_103.docx: (-2147023174, 'The RPC server is unavailable.', None, None)
[2026-07-23 15:26:49,181] [WARNING] [graphics_extractor.py:523]: Word COM failed to render office_obj_104.docx: (-2147023174, 'The RPC server is unavailable.', None, None)
[2026-07-23 15:26:49,181] [WARNING] [graphics_extractor.py:523]: Word COM failed to render office_obj_105.docx: (-2147023174, 'The RPC server is unavailable.', None, None)
[2026-07-23 15:26:49,181] [WARNING] [graphics_extractor.py:523]: Word COM failed to render office_obj_106.docx: (-2147023174, 'The RPC server is unavailable.', None, None)
[2026-07-23 15:26:49,181] [WARNING] [graphics_extractor.py:523]: Word COM failed to render office_obj_107.docx: (-2147023174, 'The RPC server is unavailable.', None, None)
[2026-07-23 15:26:49,182] [WARNING] [graphics_extractor.py:523]: Word COM failed to render office_obj_108.docx: (-2147023174, 'The RPC server is unavailable.', None, None)
[2026-07-23 15:26:49,182] [WARNING] [graphics_extractor.py:523]: Word COM failed to render office_obj_109.docx: (-2147023174, 'The RPC server is unavailable.', None, None)
[2026-07-23 15:26:49,182] [WARNING] [graphics_extractor.py:523]: Word COM failed to render office_obj_110.docx: (-2147023174, 'The RPC server is unavailable.', None, None)
[2026-07-23 15:26:49,184] [WARNING] [graphics_extractor.py:523]: Word COM failed to render office_obj_111.docx: (-2147023174, 'The RPC server is unavailable.', None, None)
[2026-07-23 15:26:49,185] [WARNING] [graphics_extractor.py:523]: Word COM failed to render office_obj_112.docx: (-2147023174, 'The RPC server is unavailable.', None, None)
[2026-07-23 15:26:49,185] [WARNING] [graphics_extractor.py:523]: Word COM failed to render office_obj_113.docx: (-2147023174, 'The RPC server is unavailable.', None, None)
[2026-07-23 15:26:49,185] [WARNING] [graphics_extractor.py:523]: Word COM failed to render office_obj_114.docx: (-2147023174, 'The RPC server is unavailable.', None, None)
[2026-07-23 15:26:49,186] [WARNING] [graphics_extractor.py:523]: Word COM failed to render office_obj_115.docx: (-2147023174, 'The RPC server is unavailable.', None, None)
[2026-07-23 15:26:49,186] [WARNING] [graphics_extractor.py:523]: Word COM failed to render office_obj_116.docx: (-2147023174, 'The RPC server is unavailable.', None, None)
[2026-07-23 15:26:49,186] [WARNING] [graphics_extractor.py:523]: Word COM failed to render office_obj_117.docx: (-2147023174, 'The RPC server is unavailable.', None, None)
[2026-07-23 15:26:49,186] [WARNING] [graphics_extractor.py:523]: Word COM failed to render office_obj_118.docx: (-2147023174, 'The RPC server is unavailable.', None, None)
[2026-07-23 15:26:49,187] [WARNING] [graphics_extractor.py:523]: Word COM failed to render office_obj_119.docx: (-2147023174, 'The RPC server is unavailable.', None, None)
[2026-07-23 15:26:49,187] [WARNING] [graphics_extractor.py:523]: Word COM failed to render office_obj_120.docx: (-2147023174, 'The RPC server is unavailable.', None, None)
[2026-07-23 15:26:49,187] [WARNING] [graphics_extractor.py:523]: Word COM failed to render office_obj_121.docx: (-2147023174, 'The RPC server is unavailable.', None, None)
[2026-07-23 15:26:49,187] [WARNING] [graphics_extractor.py:523]: Word COM failed to render office_obj_122.docx: (-2147023174, 'The RPC server is unavailable.', None, None)
[2026-07-23 15:26:49,188] [WARNING] [graphics_extractor.py:523]: Word COM failed to render office_obj_123.docx: (-2147023174, 'The RPC server is unavailable.', None, None)
[2026-07-23 15:26:49,188] [WARNING] [graphics_extractor.py:523]: Word COM failed to render office_obj_124.docx: (-2147023174, 'The RPC server is unavailable.', None, None)
[2026-07-23 15:26:49,188] [WARNING] [graphics_extractor.py:523]: Word COM failed to render office_obj_125.docx: (-2147023174, 'The RPC server is unavailable.', None, None)
[2026-07-23 15:26:49,189] [WARNING] [graphics_extractor.py:523]: Word COM failed to render office_obj_126.docx: (-2147023174, 'The RPC server is unavailable.', None, None)
[2026-07-23 15:26:49,189] [WARNING] [graphics_extractor.py:523]: Word COM failed to render office_obj_127.docx: (-2147023174, 'The RPC server is unavailable.', None, None)
[2026-07-23 15:26:49,189] [WARNING] [graphics_extractor.py:523]: Word COM failed to render office_obj_128.docx: (-2147023174, 'The RPC server is unavailable.', None, None)
[2026-07-23 15:26:49,189] [WARNING] [graphics_extractor.py:523]: Word COM failed to render office_obj_129.docx: (-2147023174, 'The RPC server is unavailable.', None, None)
[2026-07-23 15:26:49,190] [WARNING] [graphics_extractor.py:523]: Word COM failed to render office_obj_130.docx: (-2147023174, 'The RPC server is unavailable.', None, None)
[2026-07-23 15:26:49,191] [WARNING] [graphics_extractor.py:523]: Word COM failed to render office_obj_131.docx: (-2147023174, 'The RPC server is unavailable.', None, None)
[2026-07-23 15:26:49,191] [WARNING] [graphics_extractor.py:523]: Word COM failed to render office_obj_132.docx: (-2147023174, 'The RPC server is unavailable.', None, None)
[2026-07-23 15:26:49,192] [WARNING] [graphics_extractor.py:523]: Word COM failed to render office_obj_133.docx: (-2147023174, 'The RPC server is unavailable.', None, None)
[2026-07-23 15:26:49,192] [WARNING] [graphics_extractor.py:523]: Word COM failed to render office_obj_134.docx: (-2147023174, 'The RPC server is unavailable.', None, None)
[2026-07-23 15:26:49,192] [WARNING] [graphics_extractor.py:523]: Word COM failed to render office_obj_135.docx: (-2147023174, 'The RPC server is unavailable.', None, None)
[2026-07-23 15:26:49,192] [WARNING] [graphics_extractor.py:523]: Word COM failed to render office_obj_136.docx: (-2147023174, 'The RPC server is unavailable.', None, None)
[2026-07-23 15:26:49,193] [WARNING] [graphics_extractor.py:523]: Word COM failed to render office_obj_137.docx: (-2147023174, 'The RPC server is unavailable.', None, None)
[2026-07-23 15:26:49,193] [WARNING] [graphics_extractor.py:523]: Word COM failed to render office_obj_138.docx: (-2147023174, 'The RPC server is unavailable.', None, None)
[2026-07-23 15:26:49,193] [WARNING] [graphics_extractor.py:523]: Word COM failed to render office_obj_139.docx: (-2147023174, 'The RPC server is unavailable.', None, None)
[2026-07-23 15:26:49,193] [WARNING] [graphics_extractor.py:523]: Word COM failed to render office_obj_140.docx: (-2147023174, 'The RPC server is unavailable.', None, None)
[2026-07-23 15:26:49,194] [WARNING] [graphics_extractor.py:523]: Word COM failed to render office_obj_141.docx: (-2147023174, 'The RPC server is unavailable.', None, None)
[2026-07-23 15:26:49,194] [WARNING] [graphics_extractor.py:523]: Word COM failed to render office_obj_142.docx: (-2147023174, 'The RPC server is unavailable.', None, None)
[2026-07-23 15:26:49,194] [WARNING] [graphics_extractor.py:523]: Word COM failed to render office_obj_143.docx: (-2147023174, 'The RPC server is unavailable.', None, None)
[2026-07-23 15:26:49,194] [WARNING] [graphics_extractor.py:523]: Word COM failed to render office_obj_144.docx: (-2147023174, 'The RPC server is unavailable.', None, None)
[2026-07-23 15:26:49,194] [WARNING] [graphics_extractor.py:523]: Word COM failed to render office_obj_145.docx: (-2147023174, 'The RPC server is unavailable.', None, None)
[2026-07-23 15:26:49,195] [WARNING] [graphics_extractor.py:523]: Word COM failed to render office_obj_146.docx: (-2147023174, 'The RPC server is unavailable.', None, None)
[2026-07-23 15:26:49,195] [WARNING] [graphics_extractor.py:523]: Word COM failed to render office_obj_147.docx: (-2147023174, 'The RPC server is unavailable.', None, None)
[2026-07-23 15:26:49,195] [WARNING] [graphics_extractor.py:523]: Word COM failed to render office_obj_148.docx: (-2147023174, 'The RPC server is unavailable.', None, None)
[2026-07-23 15:26:49,196] [WARNING] [graphics_extractor.py:523]: Word COM failed to render office_obj_149.docx: (-2147023174, 'The RPC server is unavailable.', None, None)
[2026-07-23 15:26:49,196] [WARNING] [graphics_extractor.py:523]: Word COM failed to render office_obj_150.docx: (-2147023174, 'The RPC server is unavailable.', None, None)
[2026-07-23 15:26:49,196] [WARNING] [graphics_extractor.py:523]: Word COM failed to render office_obj_151.docx: (-2147023174, 'The RPC server is unavailable.', None, None)
[2026-07-23 15:26:49,198] [WARNING] [graphics_extractor.py:523]: Word COM failed to render office_obj_152.docx: (-2147023174, 'The RPC server is unavailable.', None, None)
[2026-07-23 15:26:49,198] [WARNING] [graphics_extractor.py:523]: Word COM failed to render office_obj_153.docx: (-2147023174, 'The RPC server is unavailable.', None, None)
[2026-07-23 15:26:49,198] [WARNING] [graphics_extractor.py:523]: Word COM failed to render office_obj_154.docx: (-2147023174, 'The RPC server is unavailable.', None, None)
[2026-07-23 15:26:49,199] [WARNING] [graphics_extractor.py:523]: Word COM failed to render office_obj_155.docx: (-2147023174, 'The RPC server is unavailable.', None, None)
[2026-07-23 15:26:49,199] [WARNING] [graphics_extractor.py:523]: Word COM failed to render office_obj_156.docx: (-2147023174, 'The RPC server is unavailable.', None, None)
[2026-07-23 15:26:49,208] [WARNING] [graphics_extractor.py:486]: No Office backend could render: ['office_obj_27', 'office_obj_28', 'office_obj_29', 'office_obj_30', 'office_obj_31', 'office_obj_32', 'office_obj_33', 'office_obj_34', 'office_obj_35', 'office_obj_36', 'office_obj_37', 'office_obj_38', 'office_obj_39', 'office_obj_40', 'office_obj_41', 'office_obj_42', 'office_obj_43', 'office_obj_64', 'office_obj_65', 'office_obj_66', 'office_obj_67', 'office_obj_68', 'office_obj_69', 'office_obj_70', 'office_obj_71', 'office_obj_72', 'office_obj_73', 'office_obj_74', 'office_obj_75', 'office_obj_76', 'office_obj_77', 'office_obj_78', 'office_obj_79', 'office_obj_80', 'office_obj_81', 'office_obj_82', 'office_obj_83', 'office_obj_84', 'office_obj_85', 'office_obj_86', 'office_obj_87', 'office_obj_88', 'office_obj_89', 'office_obj_90', 'office_obj_91', 'office_obj_92', 'office_obj_93', 'office_obj_94', 'office_obj_95', 'office_obj_96', 'office_obj_97', 'office_obj_98', 'office_obj_99', 'office_obj_100', 'office_obj_101', 'office_obj_102', 'office_obj_103', 'office_obj_104', 'office_obj_105', 'office_obj_106', 'office_obj_107', 'office_obj_108', 'office_obj_109', 'office_obj_110', 'office_obj_111', 'office_obj_112', 'office_obj_113', 'office_obj_114', 'office_obj_115', 'office_obj_116', 'office_obj_117', 'office_obj_118', 'office_obj_119', 'office_obj_120', 'office_obj_121', 'office_obj_122', 'office_obj_123', 'office_obj_124', 'office_obj_125', 'office_obj_126', 'office_obj_127', 'office_obj_128', 'office_obj_129', 'office_obj_130', 'office_obj_131', 'office_obj_132', 'office_obj_133', 'office_obj_134', 'office_obj_135', 'office_obj_136', 'office_obj_137', 'office_obj_138', 'office_obj_139', 'office_obj_140', 'office_obj_141', 'office_obj_142', 'office_obj_143', 'office_obj_144', 'office_obj_145', 'office_obj_146', 'office_obj_147', 'office_obj_148', 'office_obj_149', 'office_obj_150', 'office_obj_151', 'office_obj_152', 'office_obj_153', 'office_obj_154', 'office_obj_155', 'office_obj_156'] (install LibreOffice or Microsoft Word).
[2026-07-23 15:26:57,014] [WARNING] [graphics_extractor.py:320]: Object 27 (ole) could not be rendered.
[2026-07-23 15:26:57,014] [WARNING] [graphics_extractor.py:320]: Object 28 (ole) could not be rendered.
[2026-07-23 15:26:57,014] [WARNING] [graphics_extractor.py:320]: Object 29 (ole) could not be rendered.
[2026-07-23 15:26:57,014] [WARNING] [graphics_extractor.py:320]: Object 30 (ole) could not be rendered.
[2026-07-23 15:26:57,014] [WARNING] [graphics_extractor.py:320]: Object 31 (ole) could not be rendered.
[2026-07-23 15:26:57,014] [WARNING] [graphics_extractor.py:320]: Object 32 (ole) could not be rendered.
[2026-07-23 15:26:57,014] [WARNING] [graphics_extractor.py:320]: Object 33 (ole) could not be rendered.
[2026-07-23 15:26:57,014] [WARNING] [graphics_extractor.py:320]: Object 34 (ole) could not be rendered.
[2026-07-23 15:26:57,014] [WARNING] [graphics_extractor.py:320]: Object 35 (ole) could not be rendered.
[2026-07-23 15:26:57,014] [WARNING] [graphics_extractor.py:320]: Object 36 (ole) could not be rendered.
[2026-07-23 15:26:57,014] [WARNING] [graphics_extractor.py:320]: Object 37 (ole) could not be rendered.
[2026-07-23 15:26:57,014] [WARNING] [graphics_extractor.py:320]: Object 38 (ole) could not be rendered.
[2026-07-23 15:26:57,014] [WARNING] [graphics_extractor.py:320]: Object 39 (ole) could not be rendered.
[2026-07-23 15:26:57,014] [WARNING] [graphics_extractor.py:320]: Object 40 (ole) could not be rendered.
[2026-07-23 15:26:57,014] [WARNING] [graphics_extractor.py:320]: Object 41 (ole) could not be rendered.
[2026-07-23 15:26:57,014] [WARNING] [graphics_extractor.py:320]: Object 42 (ole) could not be rendered.
[2026-07-23 15:26:57,014] [WARNING] [graphics_extractor.py:320]: Object 43 (ole) could not be rendered.
[2026-07-23 15:27:04,793] [WARNING] [graphics_extractor.py:320]: Object 64 (ole) could not be rendered.
[2026-07-23 15:27:04,793] [WARNING] [graphics_extractor.py:320]: Object 65 (ole) could not be rendered.
[2026-07-23 15:27:04,793] [WARNING] [graphics_extractor.py:320]: Object 66 (ole) could not be rendered.
[2026-07-23 15:27:04,793] [WARNING] [graphics_extractor.py:320]: Object 67 (ole) could not be rendered.
[2026-07-23 15:27:04,793] [WARNING] [graphics_extractor.py:320]: Object 68 (ole) could not be rendered.
[2026-07-23 15:27:04,793] [WARNING] [graphics_extractor.py:320]: Object 69 (ole) could not be rendered.
[2026-07-23 15:27:04,794] [WARNING] [graphics_extractor.py:320]: Object 70 (ole) could not be rendered.
[2026-07-23 15:27:04,794] [WARNING] [graphics_extractor.py:320]: Object 71 (ole) could not be rendered.
[2026-07-23 15:27:04,794] [WARNING] [graphics_extractor.py:320]: Object 72 (ole) could not be rendered.
[2026-07-23 15:27:04,794] [WARNING] [graphics_extractor.py:320]: Object 73 (ole) could not be rendered.
[2026-07-23 15:27:04,794] [WARNING] [graphics_extractor.py:320]: Object 74 (ole) could not be rendered.
[2026-07-23 15:27:04,794] [WARNING] [graphics_extractor.py:320]: Object 75 (ole) could not be rendered.
[2026-07-23 15:27:04,794] [WARNING] [graphics_extractor.py:320]: Object 76 (ole) could not be rendered.
[2026-07-23 15:27:04,794] [WARNING] [graphics_extractor.py:320]: Object 77 (ole) could not be rendered.
[2026-07-23 15:27:04,794] [WARNING] [graphics_extractor.py:320]: Object 78 (ole) could not be rendered.
[2026-07-23 15:27:04,794] [WARNING] [graphics_extractor.py:320]: Object 79 (ole) could not be rendered.
[2026-07-23 15:27:04,794] [WARNING] [graphics_extractor.py:320]: Object 80 (ole) could not be rendered.
[2026-07-23 15:27:04,794] [WARNING] [graphics_extractor.py:320]: Object 81 (ole) could not be rendered.
[2026-07-23 15:27:04,794] [WARNING] [graphics_extractor.py:320]: Object 82 (ole) could not be rendered.
[2026-07-23 15:27:04,794] [WARNING] [graphics_extractor.py:320]: Object 83 (ole) could not be rendered.
[2026-07-23 15:27:04,794] [WARNING] [graphics_extractor.py:320]: Object 84 (ole) could not be rendered.
[2026-07-23 15:27:04,794] [WARNING] [graphics_extractor.py:320]: Object 85 (ole) could not be rendered.
[2026-07-23 15:27:04,794] [WARNING] [graphics_extractor.py:320]: Object 86 (ole) could not be rendered.
[2026-07-23 15:27:04,794] [WARNING] [graphics_extractor.py:320]: Object 87 (ole) could not be rendered.
[2026-07-23 15:27:04,795] [WARNING] [graphics_extractor.py:320]: Object 88 (ole) could not be rendered.
[2026-07-23 15:27:04,795] [WARNING] [graphics_extractor.py:320]: Object 89 (ole) could not be rendered.
[2026-07-23 15:27:04,795] [WARNING] [graphics_extractor.py:320]: Object 90 (ole) could not be rendered.
[2026-07-23 15:27:04,795] [WARNING] [graphics_extractor.py:320]: Object 91 (ole) could not be rendered.
[2026-07-23 15:27:04,795] [WARNING] [graphics_extractor.py:320]: Object 92 (ole) could not be rendered.
[2026-07-23 15:27:04,795] [WARNING] [graphics_extractor.py:320]: Object 93 (ole) could not be rendered.
[2026-07-23 15:27:04,795] [WARNING] [graphics_extractor.py:320]: Object 94 (ole) could not be rendered.
[2026-07-23 15:27:04,795] [WARNING] [graphics_extractor.py:320]: Object 95 (ole) could not be rendered.
[2026-07-23 15:27:04,795] [WARNING] [graphics_extractor.py:320]: Object 96 (ole) could not be rendered.
[2026-07-23 15:27:04,795] [WARNING] [graphics_extractor.py:320]: Object 97 (ole) could not be rendered.
[2026-07-23 15:27:04,795] [WARNING] [graphics_extractor.py:320]: Object 98 (ole) could not be rendered.
[2026-07-23 15:27:04,795] [WARNING] [graphics_extractor.py:320]: Object 99 (ole) could not be rendered.
[2026-07-23 15:27:04,795] [WARNING] [graphics_extractor.py:320]: Object 100 (ole) could not be rendered.
[2026-07-23 15:27:04,795] [WARNING] [graphics_extractor.py:320]: Object 101 (ole) could not be rendered.
[2026-07-23 15:27:04,795] [WARNING] [graphics_extractor.py:320]: Object 102 (ole) could not be rendered.
[2026-07-23 15:27:04,795] [WARNING] [graphics_extractor.py:320]: Object 103 (shape) could not be rendered.
[2026-07-23 15:27:04,795] [WARNING] [graphics_extractor.py:320]: Object 104 (ole) could not be rendered.
[2026-07-23 15:27:04,795] [WARNING] [graphics_extractor.py:320]: Object 105 (ole) could not be rendered.
[2026-07-23 15:27:04,795] [WARNING] [graphics_extractor.py:320]: Object 106 (ole) could not be rendered.
[2026-07-23 15:27:04,795] [WARNING] [graphics_extractor.py:320]: Object 107 (ole) could not be rendered.
[2026-07-23 15:27:04,795] [WARNING] [graphics_extractor.py:320]: Object 108 (ole) could not be rendered.
[2026-07-23 15:27:04,795] [WARNING] [graphics_extractor.py:320]: Object 109 (ole) could not be rendered.
[2026-07-23 15:27:04,795] [WARNING] [graphics_extractor.py:320]: Object 110 (ole) could not be rendered.
[2026-07-23 15:27:04,796] [WARNING] [graphics_extractor.py:320]: Object 111 (ole) could not be rendered.
[2026-07-23 15:27:04,796] [WARNING] [graphics_extractor.py:320]: Object 112 (ole) could not be rendered.
[2026-07-23 15:27:04,796] [WARNING] [graphics_extractor.py:320]: Object 113 (ole) could not be rendered.
[2026-07-23 15:27:04,796] [WARNING] [graphics_extractor.py:320]: Object 114 (ole) could not be rendered.
[2026-07-23 15:27:04,796] [WARNING] [graphics_extractor.py:320]: Object 115 (ole) could not be rendered.
[2026-07-23 15:27:04,796] [WARNING] [graphics_extractor.py:320]: Object 116 (ole) could not be rendered.
[2026-07-23 15:27:04,796] [WARNING] [graphics_extractor.py:320]: Object 117 (ole) could not be rendered.
[2026-07-23 15:27:04,796] [WARNING] [graphics_extractor.py:320]: Object 118 (ole) could not be rendered.
[2026-07-23 15:27:04,796] [WARNING] [graphics_extractor.py:320]: Object 119 (ole) could not be rendered.
[2026-07-23 15:27:04,796] [WARNING] [graphics_extractor.py:320]: Object 120 (ole) could not be rendered.
[2026-07-23 15:27:04,796] [WARNING] [graphics_extractor.py:320]: Object 121 (ole) could not be rendered.
[2026-07-23 15:27:04,796] [WARNING] [graphics_extractor.py:320]: Object 122 (ole) could not be rendered.
[2026-07-23 15:27:04,796] [WARNING] [graphics_extractor.py:320]: Object 123 (ole) could not be rendered.
[2026-07-23 15:27:04,796] [WARNING] [graphics_extractor.py:320]: Object 124 (ole) could not be rendered.
[2026-07-23 15:27:04,796] [WARNING] [graphics_extractor.py:320]: Object 125 (ole) could not be rendered.
[2026-07-23 15:27:04,796] [WARNING] [graphics_extractor.py:320]: Object 126 (ole) could not be rendered.
[2026-07-23 15:27:04,796] [WARNING] [graphics_extractor.py:320]: Object 127 (ole) could not be rendered.
[2026-07-23 15:27:04,796] [WARNING] [graphics_extractor.py:320]: Object 128 (ole) could not be rendered.
[2026-07-23 15:27:04,796] [WARNING] [graphics_extractor.py:320]: Object 129 (ole) could not be rendered.
[2026-07-23 15:27:04,796] [WARNING] [graphics_extractor.py:320]: Object 130 (ole) could not be rendered.
[2026-07-23 15:27:04,796] [WARNING] [graphics_extractor.py:320]: Object 131 (ole) could not be rendered.
[2026-07-23 15:27:04,796] [WARNING] [graphics_extractor.py:320]: Object 132 (ole) could not be rendered.
[2026-07-23 15:27:04,796] [WARNING] [graphics_extractor.py:320]: Object 133 (ole) could not be rendered.
[2026-07-23 15:27:04,796] [WARNING] [graphics_extractor.py:320]: Object 134 (ole) could not be rendered.
[2026-07-23 15:27:04,796] [WARNING] [graphics_extractor.py:320]: Object 135 (ole) could not be rendered.
[2026-07-23 15:27:04,796] [WARNING] [graphics_extractor.py:320]: Object 136 (ole) could not be rendered.
[2026-07-23 15:27:04,796] [WARNING] [graphics_extractor.py:320]: Object 137 (ole) could not be rendered.
[2026-07-23 15:27:04,796] [WARNING] [graphics_extractor.py:320]: Object 138 (ole) could not be rendered.
[2026-07-23 15:27:04,796] [WARNING] [graphics_extractor.py:320]: Object 139 (ole) could not be rendered.
[2026-07-23 15:27:04,796] [WARNING] [graphics_extractor.py:320]: Object 140 (ole) could not be rendered.
[2026-07-23 15:27:04,796] [WARNING] [graphics_extractor.py:320]: Object 141 (ole) could not be rendered.
[2026-07-23 15:27:04,796] [WARNING] [graphics_extractor.py:320]: Object 142 (ole) could not be rendered.
[2026-07-23 15:27:04,796] [WARNING] [graphics_extractor.py:320]: Object 143 (ole) could not be rendered.
[2026-07-23 15:27:04,796] [WARNING] [graphics_extractor.py:320]: Object 144 (ole) could not be rendered.
[2026-07-23 15:27:04,796] [WARNING] [graphics_extractor.py:320]: Object 145 (ole) could not be rendered.
[2026-07-23 15:27:04,796] [WARNING] [graphics_extractor.py:320]: Object 146 (ole) could not be rendered.
[2026-07-23 15:27:04,797] [WARNING] [graphics_extractor.py:320]: Object 147 (ole) could not be rendered.
[2026-07-23 15:27:04,797] [WARNING] [graphics_extractor.py:320]: Object 148 (ole) could not be rendered.
[2026-07-23 15:27:04,797] [WARNING] [graphics_extractor.py:320]: Object 149 (ole) could not be rendered.
[2026-07-23 15:27:04,797] [WARNING] [graphics_extractor.py:320]: Object 150 (ole) could not be rendered.
[2026-07-23 15:27:04,797] [WARNING] [graphics_extractor.py:320]: Object 151 (ole) could not be rendered.
[2026-07-23 15:27:04,797] [WARNING] [graphics_extractor.py:320]: Object 152 (ole) could not be rendered.
[2026-07-23 15:27:04,797] [WARNING] [graphics_extractor.py:320]: Object 153 (ole) could not be rendered.
[2026-07-23 15:27:04,797] [WARNING] [graphics_extractor.py:320]: Object 154 (ole) could not be rendered.
[2026-07-23 15:27:04,797] [WARNING] [graphics_extractor.py:320]: Object 155 (ole) could not be rendered.
[2026-07-23 15:27:04,797] [WARNING] [graphics_extractor.py:320]: Object 156 (ole) could not be rendered.
[2026-07-23 15:27:04,870] [INFO] [graphics_extractor.py:322]: Office object extraction: 46/156 rendered.
