[2026-07-23 15:17:44,933] [INFO] [job_manager.py:136]: Job 4c33ac9f-5698-4ea4-86dc-313f4d965dda workspace created successfully
[2026-07-23 15:17:44,965] [INFO] [pipeline_service.py:45]: Starting validation for job: 4c33ac9f-5698-4ea4-86dc-313f4d965dda
[2026-07-23 15:17:44,978] [INFO] [job_manager.py:180]: Job status updated to: VALIDATING
[2026-07-23 15:17:44,991] [INFO] [job_manager.py:204]: Progress updated to 10%: Validating input Word Document
[2026-07-23 15:17:52,171] [INFO] [pipeline_service.py:60]: Validation successful.
[2026-07-23 15:17:52,189] [INFO] [job_manager.py:204]: Progress updated to 20%: Input document validated successfully
[2026-07-23 15:17:52,189] [INFO] [pipeline_service.py:67]: Starting document analysis for job: 4c33ac9f-5698-4ea4-86dc-313f4d965dda
[2026-07-23 15:17:52,205] [INFO] [job_manager.py:180]: Job status updated to: ANALYZING_DOCUMENT
[2026-07-23 15:17:52,219] [INFO] [job_manager.py:204]: Progress updated to 30%: Analyzing document structure and content blocks
[2026-07-23 15:17:52,219] [INFO] [document_analyzer.py:33]: Starting improved document analysis for: G:\work\Journal2LaTeX\backend\temp\4c33ac9f-5698-4ea4-86dc-313f4d965dda\input\normal_paper.docx
[2026-07-23 15:17:52,813] [INFO] [document_analyzer.py:517]: Parsed document: title='Modification of the Authentication in the Routing Protocols in Mobile Ad Hoc Networks (MANETs)', authors=6, sections=8, references=14
[2026-07-23 15:17:52,815] [INFO] [pipeline_service.py:95]: Document analysis completed. Saved structure to: G:\work\Journal2LaTeX\backend\temp\4c33ac9f-5698-4ea4-86dc-313f4d965dda\intermediate\document_structure.json, report to: G:\work\Journal2LaTeX\backend\temp\4c33ac9f-5698-4ea4-86dc-313f4d965dda\intermediate\conversion_report.json
[2026-07-23 15:17:52,828] [INFO] [job_manager.py:204]: Progress updated to 45%: Document structure extracted successfully
[2026-07-23 15:17:52,828] [INFO] [pipeline_service.py:108]: Starting asset extraction for job: 4c33ac9f-5698-4ea4-86dc-313f4d965dda
[2026-07-23 15:17:52,840] [INFO] [job_manager.py:180]: Job status updated to: EXTRACTING_ASSETS
[2026-07-23 15:17:52,851] [INFO] [job_manager.py:204]: Progress updated to 50%: Extracting images and figure assets from document
[2026-07-23 15:27:04,892] [INFO] [pipeline_service.py:223]: Office object fig:office1 placed=True
[2026-07-23 15:27:04,892] [INFO] [pipeline_service.py:223]: Office object fig:office2 placed=True
[2026-07-23 15:27:04,893] [INFO] [pipeline_service.py:223]: Office object fig:office3 placed=True
[2026-07-23 15:27:04,893] [INFO] [pipeline_service.py:223]: Office object fig:office4 placed=True
[2026-07-23 15:27:04,893] [INFO] [pipeline_service.py:223]: Office object fig:office5 placed=True
[2026-07-23 15:27:04,894] [INFO] [pipeline_service.py:223]: Office object fig:office6 placed=True
[2026-07-23 15:27:04,894] [INFO] [pipeline_service.py:223]: Office object fig:office7 placed=True
[2026-07-23 15:27:04,894] [INFO] [pipeline_service.py:223]: Office object fig:office8 placed=True
[2026-07-23 15:27:04,895] [INFO] [pipeline_service.py:223]: Office object fig:office9 placed=True
[2026-07-23 15:27:04,895] [INFO] [pipeline_service.py:223]: Office object fig:office10 placed=True
[2026-07-23 15:27:04,895] [INFO] [pipeline_service.py:223]: Office object fig:office11 placed=True
[2026-07-23 15:27:04,896] [INFO] [pipeline_service.py:223]: Office object fig:office12 placed=True
[2026-07-23 15:27:04,896] [INFO] [pipeline_service.py:223]: Office object fig:office13 placed=True
[2026-07-23 15:27:04,897] [INFO] [pipeline_service.py:223]: Office object fig:office14 placed=True
[2026-07-23 15:27:04,897] [INFO] [pipeline_service.py:223]: Office object fig:office15 placed=True
[2026-07-23 15:27:04,897] [INFO] [pipeline_service.py:223]: Office object fig:office16 placed=True
[2026-07-23 15:27:04,898] [INFO] [pipeline_service.py:223]: Office object fig:office17 placed=True
[2026-07-23 15:27:04,898] [INFO] [pipeline_service.py:223]: Office object fig:office18 placed=True
[2026-07-23 15:27:04,899] [INFO] [pipeline_service.py:223]: Office object fig:office19 placed=True
[2026-07-23 15:27:04,899] [INFO] [pipeline_service.py:223]: Office object fig:office20 placed=True
[2026-07-23 15:27:04,899] [INFO] [pipeline_service.py:223]: Office object fig:office21 placed=True
[2026-07-23 15:27:04,900] [INFO] [pipeline_service.py:223]: Office object fig:office22 placed=True
[2026-07-23 15:27:04,900] [INFO] [pipeline_service.py:223]: Office object fig:office23 placed=True
[2026-07-23 15:27:04,900] [INFO] [pipeline_service.py:223]: Office object fig:office24 placed=True
[2026-07-23 15:27:04,901] [INFO] [pipeline_service.py:223]: Office object fig:office25 placed=True
[2026-07-23 15:27:04,901] [INFO] [pipeline_service.py:223]: Office object fig:office26 placed=True
[2026-07-23 15:27:04,901] [INFO] [pipeline_service.py:223]: Office object fig:office44 placed=True
[2026-07-23 15:27:04,902] [INFO] [pipeline_service.py:223]: Office object fig:office45 placed=True
[2026-07-23 15:27:04,902] [INFO] [pipeline_service.py:223]: Office object fig:office46 placed=True
[2026-07-23 15:27:04,903] [INFO] [pipeline_service.py:223]: Office object fig:office47 placed=True
[2026-07-23 15:27:04,904] [INFO] [pipeline_service.py:223]: Office object fig:office48 placed=True
[2026-07-23 15:27:04,905] [INFO] [pipeline_service.py:223]: Office object fig:office49 placed=True
[2026-07-23 15:27:04,905] [INFO] [pipeline_service.py:223]: Office object fig:office50 placed=True
[2026-07-23 15:27:04,905] [INFO] [pipeline_service.py:223]: Office object fig:office51 placed=True
[2026-07-23 15:27:04,906] [INFO] [pipeline_service.py:223]: Office object fig:office52 placed=True
[2026-07-23 15:27:04,906] [INFO] [pipeline_service.py:223]: Office object fig:office53 placed=True
[2026-07-23 15:27:04,906] [INFO] [pipeline_service.py:223]: Office object fig:office54 placed=True
[2026-07-23 15:27:04,907] [INFO] [pipeline_service.py:223]: Office object fig:office55 placed=True
[2026-07-23 15:27:04,907] [INFO] [pipeline_service.py:223]: Office object fig:office56 placed=True
[2026-07-23 15:27:04,907] [INFO] [pipeline_service.py:223]: Office object fig:office57 placed=True
[2026-07-23 15:27:04,908] [INFO] [pipeline_service.py:223]: Office object fig:office58 placed=True
[2026-07-23 15:27:04,908] [INFO] [pipeline_service.py:223]: Office object fig:office59 placed=True
[2026-07-23 15:27:04,908] [INFO] [pipeline_service.py:223]: Office object fig:office60 placed=True
[2026-07-23 15:27:04,910] [INFO] [pipeline_service.py:223]: Office object fig:office61 placed=True
[2026-07-23 15:27:04,910] [INFO] [pipeline_service.py:223]: Office object fig:office62 placed=True
[2026-07-23 15:27:04,911] [INFO] [pipeline_service.py:223]: Office object fig:office63 placed=True
[2026-07-23 15:27:04,975] [WARNING] [media_convert.py:88]: 80 vector media files need conversion but LibreOffice is unavailable.
[2026-07-23 15:27:04,990] [WARNING] [job_manager.py:250]: Job warning added: 80 vector media files could not be converted to PNG and may be missing from the output.
[2026-07-23 15:27:04,990] [INFO] [pipeline_service.py:141]: Assets extracted to: G:\work\Journal2LaTeX\backend\temp\4c33ac9f-5698-4ea4-86dc-313f4d965dda\intermediate\media
[2026-07-23 15:27:05,002] [INFO] [job_manager.py:204]: Progress updated to 60%: Document assets extracted successfully
[2026-07-23 15:27:05,003] [INFO] [pipeline_service.py:231]: Classifying extracted assets for job: 4c33ac9f-5698-4ea4-86dc-313f4d965dda
[2026-07-23 15:27:05,003] [INFO] [asset_analyzer.py:23]: Starting extended asset analysis for job: 4c33ac9f-5698-4ea4-86dc-313f4d965dda
[2026-07-23 15:27:05,012] [INFO] [asset_analyzer.py:153]: Extended asset classification completed. Assets classified: 127
[2026-07-23 15:27:05,032] [INFO] [job_manager.py:204]: Progress updated to 65%: Extracted assets analyzed and mapped successfully
[2026-07-23 15:27:05,058] [INFO] [pipeline_service.py:247]: Loading template default for job: 4c33ac9f-5698-4ea4-86dc-313f4d965dda
[2026-07-23 15:27:05,071] [INFO] [job_manager.py:180]: Job status updated to: LOADING_TEMPLATE
[2026-07-23 15:27:05,087] [INFO] [job_manager.py:204]: Progress updated to 70%: Loading template styles: default
[2026-07-23 15:27:05,265] [INFO] [pipeline_service.py:269]: Template loaded and workspace prepared at: G:\work\Journal2LaTeX\backend\temp\4c33ac9f-5698-4ea4-86dc-313f4d965dda\rendered
[2026-07-23 15:27:05,281] [INFO] [job_manager.py:204]: Progress updated to 80%: Template workspace initialized
[2026-07-23 15:27:05,282] [INFO] [pipeline_service.py:294]: Starting LaTeX rendering for job: 4c33ac9f-5698-4ea4-86dc-313f4d965dda
[2026-07-23 15:27:05,296] [INFO] [job_manager.py:180]: Job status updated to: RENDERING_LATEX
[2026-07-23 15:27:05,308] [INFO] [job_manager.py:204]: Progress updated to 85%: Rendering document content to LaTeX
[2026-07-23 15:27:05,325] [INFO] [latex_renderer.py:72]: Starting LaTeX rendering inside workspace: G:\work\Journal2LaTeX\backend\temp\4c33ac9f-5698-4ea4-86dc-313f4d965dda\rendered
[2026-07-23 15:27:05,937] [INFO] [latex_renderer.py:386]: LaTeX document main.tex rendered successfully.
[2026-07-23 15:27:06,042] [INFO] [job_manager.py:204]: Progress updated to 90%: LaTeX document rendering completed
[2026-07-23 15:27:06,042] [INFO] [pipeline_service.py:357]: Starting document compilation for job: 4c33ac9f-5698-4ea4-86dc-313f4d965dda
[2026-07-23 15:27:06,060] [INFO] [job_manager.py:180]: Job status updated to: COMPILING
[2026-07-23 15:27:06,080] [INFO] [job_manager.py:204]: Progress updated to 92%: Compiling LaTeX source to PDF
[2026-07-23 15:27:08,662] [ERROR] [pipeline_service.py:385]: LaTeX compilation failed: Template is missing required local resource(s); aborting before pdflatex. Ensure the template package ships these files:
  - includegraphics -> media/image3.png
  - includegraphics -> media/image4.png
  - includegraphics -> media/image5.png
  - includegraphics -> media/image6.png
  - includegraphics -> media/image7.png
  - includegraphics -> media/image8.png
  - includegraphics -> media/image9.png
  - includegraphics -> media/image10.png
  - includegraphics -> media/image14.png
  - includegraphics -> media/image51.png
  - includegraphics -> media/image11.png
  - includegraphics -> media/image53.png
  - includegraphics -> media/image61.png
  - includegraphics -> media/image65.png
  - includegraphics -> media/image55.png
  - includegraphics -> media/image71.png
  - includegraphics -> media/image72.png
  - includegraphics -> media/image81.png
  - includegraphics -> media/image83.png
  - includegraphics -> media/image84.png
  - includegraphics -> media/image85.png
  - includegraphics -> media/image86.png
  - includegraphics -> media/image90.png
[2026-07-23 15:27:08,681] [ERROR] [job_manager.py:228]: Job error added: LaTeX compilation failed: Template is missing required local resource(s); aborting before pdflatex. Ensure the template package ships these files:
  - includegraphics -> media/image3.png
  - includegraphics -> media/image4.png
  - includegraphics -> media/image5.png
  - includegraphics -> media/image6.png
  - includegraphics -> media/image7.png
  - includegraphics -> media/image8.png
  - includegraphics -> media/image9.png
  - includegraphics -> media/image10.png
  - includegraphics -> media/image14.png
  - includegraphics -> media/image51.png
  - includegraphics -> media/image11.png
  - includegraphics -> media/image53.png
  - includegraphics -> media/image61.png
  - includegraphics -> media/image65.png
  - includegraphics -> media/image55.png
  - includegraphics -> media/image71.png
  - includegraphics -> media/image72.png
  - includegraphics -> media/image81.png
  - includegraphics -> media/image83.png
  - includegraphics -> media/image84.png
  - includegraphics -> media/image85.png
  - includegraphics -> media/image86.png
  - includegraphics -> media/image90.png
