[2026-08-09 11:24:34,570] [INFO] [latex_compiler.py:337]: Starting LaTeX compilation for: G:\work\Journal2LaTeX\backend\temp\2183158c-b494-4e06-b9c0-5b2643b58b05\rendered\main.tex
[2026-08-09 11:24:34,656] [INFO] [latex_compiler.py:364]: Applied template compatibility layer to main.tex
[2026-08-09 11:24:34,661] [INFO] [latex_compiler.py:126]: Rendered working directory tree before compilation:
  everyshi.sty
  logo7pt-eps-converted-to.pdf
  logo7pt.eps
  main.aux
  main.log
  main.out
  main.pdf
  main.synctex.gz
  main.tex
  media/
    image1.jpeg
    image10.png
    image14.jpeg
    image15.png
    image16.png
    image17.png
    image18.jpeg
    image19.jpeg
    image2.jpeg
    image20.png
    image3.png
    image4.jpeg
    image4.png
    image5.wmf
    image6.wmf
    image7.wmf
    image8.png
    office_obj_1.png
    office_obj_2.png
    office_obj_3.png
    office_obj_4.png
    office_obj_5.png
    office_obj_6.png
    office_obj_7.png
  NSP1.cls
  psfig.sty
  Ref. JSAP07292605A- Suad Eyadat.doc
  template.json
[2026-08-09 11:24:34,665] [INFO] [latex_compiler.py:132]: Template resource manifest (37 files):
  everyshi.sty                             template resource (package / style)
  logo7pt-eps-converted-to.pdf             template resource (graphic (PDF))
  logo7pt.eps                              template resource (graphic (EPS))
  main.aux                                 generated document / build artefact
  main.log                                 generated document / build artefact
  main.out                                 generated document / build artefact
  main.pdf                                 generated document / build artefact
  main.synctex.gz                          generated document / build artefact
  main.tex                                 generated document / build artefact
  media\image1.jpeg                        renderer-generated media
  media\image10.png                        renderer-generated media
  media\image14.jpeg                       renderer-generated media
  media\image15.png                        renderer-generated media
  media\image16.png                        renderer-generated media
  media\image17.png                        renderer-generated media
  media\image18.jpeg                       renderer-generated media
  media\image19.jpeg                       renderer-generated media
  media\image2.jpeg                        renderer-generated media
  media\image20.png                        renderer-generated media
  media\image3.png                         renderer-generated media
  media\image4.jpeg                        renderer-generated media
  media\image4.png                         renderer-generated media
  media\image5.wmf                         renderer-generated media
  media\image6.wmf                         renderer-generated media
  media\image7.wmf                         renderer-generated media
  media\image8.png                         renderer-generated media
  media\office_obj_1.png                   renderer-generated media
  media\office_obj_2.png                   renderer-generated media
  media\office_obj_3.png                   renderer-generated media
  media\office_obj_4.png                   renderer-generated media
  media\office_obj_5.png                   renderer-generated media
  media\office_obj_6.png                   renderer-generated media
  media\office_obj_7.png                   renderer-generated media
  NSP1.cls                                 template resource (document class)
  psfig.sty                                template resource (package / style)
  Ref. JSAP07292605A- Suad Eyadat.doc      template resource
  template.json                            template metadata
[2026-08-09 11:24:45,544] [INFO] [latex_compiler.py:154]: Dependency resolution (34 references):
  [LOCAL  ] documentclass   NSP1
  [SYSTEM ] usepackage      xcolor
  [SYSTEM ] usepackage      url
  [SYSTEM ] usepackage      floatflt
  [SYSTEM ] usepackage      helvet
  [SYSTEM ] usepackage      times
  [LOCAL  ] usepackage      psfig
  [SYSTEM ] usepackage      graphics
  [SYSTEM ] usepackage      mathptmx
  [SYSTEM ] usepackage      amsmath
  [SYSTEM ] usepackage      amssymb
  [SYSTEM ] usepackage      bm
  [SYSTEM ] usepackage      float
  [SYSTEM ] usepackage      caption
  [SYSTEM ] usepackage      graphicx
  [SYSTEM ] usepackage      longtable
  [SYSTEM ] usepackage      booktabs
  [SYSTEM ] usepackage      array
  [SYSTEM ] usepackage      calc
  [SYSTEM ] usepackage      multirow
  [SYSTEM ] usepackage      cuted
  [SYSTEM ] usepackage      type1cm
  [SYSTEM ] usepackage      fix-cm
  [DYNAMIC] includegraphics #1
  [LOCAL  ] includegraphics media/office_obj_1.png
  [MISSING] includegraphics media/image5.png
  [LOCAL  ] includegraphics media/office_obj_2.png
  [LOCAL  ] includegraphics media/office_obj_3.png
  [MISSING] includegraphics media/image7.png
  [LOCAL  ] includegraphics media/office_obj_4.png
  [LOCAL  ] includegraphics media/image10.png
  [LOCAL  ] includegraphics media/office_obj_5.png
  [LOCAL  ] includegraphics media/office_obj_6.png
  [LOCAL  ] includegraphics media/office_obj_7.png
[2026-08-09 11:24:45,544] [ERROR] [latex_compiler.py:169]: Template is missing required local resource(s); aborting before pdflatex. Ensure the template package ships these files:
  - includegraphics -> media/image5.png
  - includegraphics -> media/image7.png
