[2026-07-18 18:34:18,113] [INFO] [job_manager.py:117]: Job 22dd8e0a-3308-49d6-be3b-89239e5c745f workspace created successfully
[2026-07-18 18:34:18,114] [INFO] [pipeline_service.py:36]: Starting validation for job: 22dd8e0a-3308-49d6-be3b-89239e5c745f
[2026-07-18 18:34:18,129] [INFO] [job_manager.py:161]: Job status updated to: VALIDATING
[2026-07-18 18:34:18,141] [INFO] [job_manager.py:185]: Progress updated to 10%: Validating input Word Document
[2026-07-18 18:34:18,155] [INFO] [pipeline_service.py:51]: Validation successful.
[2026-07-18 18:34:18,168] [INFO] [job_manager.py:185]: Progress updated to 20%: Input document validated successfully
[2026-07-18 18:34:18,168] [INFO] [pipeline_service.py:58]: Starting document analysis for job: 22dd8e0a-3308-49d6-be3b-89239e5c745f
[2026-07-18 18:34:18,180] [INFO] [job_manager.py:161]: Job status updated to: ANALYZING_DOCUMENT
[2026-07-18 18:34:18,191] [INFO] [job_manager.py:185]: Progress updated to 30%: Analyzing document structure and content blocks
[2026-07-18 18:34:18,192] [INFO] [document_analyzer.py:33]: Starting improved document analysis for: G:\work\Journal2LaTeX\temp\22dd8e0a-3308-49d6-be3b-89239e5c745f\input\style_apa.docx
[2026-07-18 18:34:18,440] [INFO] [document_analyzer.py:416]: Parsed document: title='Test Document Title', authors=2, sections=1, references=1
[2026-07-18 18:34:18,441] [INFO] [pipeline_service.py:86]: Document analysis completed. Saved structure to: G:\work\Journal2LaTeX\temp\22dd8e0a-3308-49d6-be3b-89239e5c745f\intermediate\document_structure.json, report to: G:\work\Journal2LaTeX\temp\22dd8e0a-3308-49d6-be3b-89239e5c745f\intermediate\conversion_report.json
[2026-07-18 18:34:18,454] [INFO] [job_manager.py:185]: Progress updated to 45%: Document structure extracted successfully
[2026-07-18 18:34:18,455] [INFO] [pipeline_service.py:99]: Starting asset extraction for job: 22dd8e0a-3308-49d6-be3b-89239e5c745f
[2026-07-18 18:34:18,470] [INFO] [job_manager.py:161]: Job status updated to: EXTRACTING_ASSETS
[2026-07-18 18:34:18,486] [INFO] [job_manager.py:185]: Progress updated to 50%: Extracting images and figure assets from document
[2026-07-18 18:34:18,695] [INFO] [pipeline_service.py:111]: Assets extracted to: G:\work\Journal2LaTeX\temp\22dd8e0a-3308-49d6-be3b-89239e5c745f\intermediate\media
[2026-07-18 18:34:18,712] [INFO] [job_manager.py:185]: Progress updated to 60%: Document assets extracted successfully
[2026-07-18 18:34:18,712] [INFO] [pipeline_service.py:123]: Classifying extracted assets for job: 22dd8e0a-3308-49d6-be3b-89239e5c745f
[2026-07-18 18:34:18,712] [INFO] [asset_analyzer.py:23]: Starting extended asset analysis for job: 22dd8e0a-3308-49d6-be3b-89239e5c745f
[2026-07-18 18:34:18,714] [INFO] [asset_analyzer.py:153]: Extended asset classification completed. Assets classified: 0
[2026-07-18 18:34:18,731] [INFO] [job_manager.py:185]: Progress updated to 65%: Extracted assets analyzed and mapped successfully
[2026-07-18 18:34:18,731] [INFO] [pipeline_service.py:139]: Loading template default for job: 22dd8e0a-3308-49d6-be3b-89239e5c745f
[2026-07-18 18:34:18,748] [INFO] [job_manager.py:161]: Job status updated to: LOADING_TEMPLATE
[2026-07-18 18:34:18,763] [INFO] [job_manager.py:185]: Progress updated to 70%: Loading template styles: default
[2026-07-18 18:34:18,771] [INFO] [pipeline_service.py:157]: Template loaded and workspace prepared at: G:\work\Journal2LaTeX\temp\22dd8e0a-3308-49d6-be3b-89239e5c745f\rendered
[2026-07-18 18:34:18,789] [INFO] [job_manager.py:185]: Progress updated to 80%: Template workspace initialized
[2026-07-18 18:34:18,790] [INFO] [pipeline_service.py:170]: Starting LaTeX rendering for job: 22dd8e0a-3308-49d6-be3b-89239e5c745f
[2026-07-18 18:34:18,807] [INFO] [job_manager.py:161]: Job status updated to: RENDERING_LATEX
[2026-07-18 18:34:18,825] [INFO] [job_manager.py:185]: Progress updated to 85%: Rendering document content to LaTeX
[2026-07-18 18:34:18,827] [INFO] [latex_renderer.py:70]: Starting LaTeX rendering inside workspace: G:\work\Journal2LaTeX\temp\22dd8e0a-3308-49d6-be3b-89239e5c745f\rendered
[2026-07-18 18:34:18,833] [INFO] [latex_renderer.py:337]: LaTeX document main.tex rendered successfully.
[2026-07-18 18:34:18,848] [INFO] [job_manager.py:185]: Progress updated to 90%: LaTeX document rendering completed
[2026-07-18 18:34:18,848] [INFO] [pipeline_service.py:204]: Starting document compilation for job: 22dd8e0a-3308-49d6-be3b-89239e5c745f
[2026-07-18 18:34:18,865] [INFO] [job_manager.py:161]: Job status updated to: COMPILING
[2026-07-18 18:34:18,883] [INFO] [job_manager.py:185]: Progress updated to 92%: Compiling LaTeX source to PDF
[2026-07-18 18:34:21,465] [INFO] [pipeline_service.py:226]: Compilation completed successfully.
