STDOUT:
Initial Win CP for (console input, console output, system): (CP437, CP65001, CP1252)
I changed them all to CP1252
Rc files read (in order):
  NONE
Latexmk: This is Latexmk, John Collins, 9 March 2026. Version 4.88.
No existing .aux file, so I'll make a simple one, and require run of *latex.
Force everything to be remade.
Latexmk: applying rule 'pdflatex'...
Rule 'pdflatex':  Reasons for rerun
Category 'other':
  Rerun of 'pdflatex' forced or previously required:
    Reason or flag: 'go_mode'

------------
Run number 1 of rule 'pdflatex'
------------
------------
Running 'pdflatex  -interaction=nonstopmode -file-line-error -recorder  "G:/work/Journal2LaTeX/backend/temp/675db015-6a2b-49dc-ad7f-5758b5e83e56/rendered/main.tex"'
------------
This is pdfTeX, Version 3.141592653-2.6-1.40.29 (MiKTeX 26.5) (preloaded format=pdflatex.fmt)
 restricted \write18 enabled.
entering extended mode

(G:/work/Journal2LaTeX/backend/temp/675db015-6a2b-49dc-ad7f-5758b5e83e56/render
ed/main.tex
LaTeX2e <2026-06-01>
L3 programming layer <2026-06-18>
(C:\Users\asus\AppData\Local\Programs\MiKTeX\tex/latex/xcolor\xcolor.sty
(C:\Users\asus\AppData\Local\Programs\MiKTeX\tex/latex/graphics-cfg\color.cfg)
(C:\Users\asus\AppData\Local\Programs\MiKTeX\tex/latex/graphics-def\pdftex.def)
 (C:\Users\asus\AppData\Local\Programs\MiKTeX\tex/latex/graphics\mathcolor.ltx)
) (C:\Users\asus\AppData\Local\Programs\MiKTeX\tex/latex/graphics\dvipsnam.def)
 (C:\Users\asus\AppData\Local\Programs\MiKTeX\tex/latex/xcolor\svgnam.def)
(C:\Users\asus\AppData\Local\Programs\MiKTeX\tex/latex/xcolor\x11nam.def)
(C:\Users\asus\AppData\Local\Programs\MiKTeX\tex/latex/colortbl\colortbl.sty
(C:\Users\asus\AppData\Local\Programs\MiKTeX\tex/latex/tools\array.sty)
new hooks used!!
) (NSP1.cls

LaTeX Warning: You have requested document class `NSP1',
               but the document class provides `NSP'.

Document Class: NSP 2012/01/01
(C:\Users\asus\AppData\Local\Programs\MiKTeX\tex/latex/base\fleqn.clo)
(C:\Users\asus\AppData\Local\Programs\MiKTeX\tex/latex/graphics\graphicx.sty
(C:\Users\asus\AppData\Local\Programs\MiKTeX\tex/latex/graphics\keyval.sty)
(C:\Users\asus\AppData\Local\Programs\MiKTeX\tex/latex/graphics\graphics.sty
(C:\Users\asus\AppData\Local\Programs\MiKTeX\tex/latex/graphics\trig.sty)
(C:\Users\asus\AppData\Local\Programs\MiKTeX\tex/latex/graphics-cfg\graphics.cf
g)))
(C:\Users\asus\AppData\Local\Programs\MiKTeX\tex/latex/lastpage\lastpage.sty
(C:\Users\asus\AppData\Local\Programs\MiKTeX\tex/latex/lastpage\lastpage2e.sty
(C:\Users\asus\AppData\Local\Programs\MiKTeX\tex/latex/lastpage\lastpagemodern.
sty) 
)) (C:\Users\asus\AppData\Local\Programs\MiKTeX\tex/latex/hyperref\hyperref.sty
(C:\Users\asus\AppData\Local\Programs\MiKTeX\tex/generic/iftex\iftex.sty)
(C:\Users\asus\AppData\Local\Programs\MiKTeX\tex/latex/kvsetkeys\kvsetkeys.sty)

(C:\Users\asus\AppData\Local\Programs\MiKTeX\tex/generic/kvdefinekeys\kvdefinek
eys.sty)
(C:\Users\asus\AppData\Local\Programs\MiKTeX\tex/generic/pdfescape\pdfescape.st
y (C:\Users\asus\AppData\Local\Programs\MiKTeX\tex/generic/ltxcmds\ltxcmds.sty)

(C:\Users\asus\AppData\Local\Programs\MiKTeX\tex/generic/pdftexcmds\pdftexcmds.
sty
(C:\Users\asus\AppData\Local\Programs\MiKTeX\tex/generic/infwarerr\infwarerr.st
y))) (C:\Users\asus\AppData\Local\Programs\MiKTeX\tex/latex/hycolor\hycolor.sty
) (C:\Users\asus\AppData\Local\Programs\MiKTeX\tex/latex/hyperref\nameref.sty
(C:\Users\asus\AppData\Local\Programs\MiKTeX\tex/latex/refcount\refcount.sty)
(C:\Users\asus\AppData\Local\Programs\MiKTeX\tex/generic/gettitlestring\gettitl
estring.sty
(C:\Users\asus\AppData\Local\Programs\MiKTeX\tex/latex/kvoptions\kvoptions.sty)
)) (C:\Users\asus\AppData\Local\Programs\MiKTeX\tex/latex/etoolbox\etoolbox.sty
)
(C:\Users\asus\AppData\Local\Programs\MiKTeX\tex/generic/stringenc\stringenc.st
y) (C:\Users\asus\AppData\Local\Programs\MiKTeX\tex/latex/hyperref\pd1enc.def)
(C:\Users\asus\AppData\Local\Programs\MiKTeX\tex/generic/intcalc\intcalc.sty)
(C:\Users\asus\AppData\Local\Programs\MiKTeX\tex/latex/hyperref\puenc.def)
(C:\Users\asus\AppData\Local\Programs\MiKTeX\tex/latex/url\url.sty)
(C:\Users\asus\AppData\Local\Programs\MiKTeX\tex/generic/bitset\bitset.sty
(C:\Users\asus\AppData\Local\Programs\MiKTeX\tex/generic/bigintcalc\bigintcalc.
sty))

Package hyperref Warning: Option `pdfpagelabels' is turned off
(hyperref)                because \thepage is undefined.

) (C:\Users\asus\AppData\Local\Programs\MiKTeX\tex/latex/hyperref\hpdftex.def
(C:\Users\asus\AppData\Local\Programs\MiKTeX\tex/latex/rerunfilecheck\rerunfile
check.sty
(C:\Users\asus\AppData\Local\Programs\MiKTeX\tex/generic/uniquecounter\uniqueco
unter.sty))))
(C:\Users\asus\AppData\Local\Programs\MiKTeX\tex/latex/floatflt\floatflt.sty)
(C:\Users\asus\AppData\Local\Programs\MiKTeX\tex/latex/psnfss\helvet.sty)
(C:\Users\asus\AppData\Local\Programs\MiKTeX\tex/latex/psnfss\times.sty)
(psfig.sty
psfig/tex 1.10-dvips
) (C:\Users\asus\AppData\Local\Programs\MiKTeX\tex/latex/psnfss\mathptmx.sty)
(C:\Users\asus\AppData\Local\Programs\MiKTeX\tex/latex/amsmath\amsmath.sty
For additional information on amsmath, use the `?' option.
(C:\Users\asus\AppData\Local\Programs\MiKTeX\tex/latex/amsmath\amstext.sty
(C:\Users\asus\AppData\Local\Programs\MiKTeX\tex/latex/amsmath\amsgen.sty))
(C:\Users\asus\AppData\Local\Programs\MiKTeX\tex/latex/amsmath\amsbsy.sty)
(C:\Users\asus\AppData\Local\Programs\MiKTeX\tex/latex/amsmath\amsopn.sty))
(C:\Users\asus\AppData\Local\Programs\MiKTeX\tex/latex/amsfonts\amssymb.sty
(C:\Users\asus\AppData\Local\Programs\MiKTeX\tex/latex/amsfonts\amsfonts.sty))
(C:\Users\asus\AppData\Local\Programs\MiKTeX\tex/latex/tools\bm.sty)
(C:\Users\asus\AppData\Local\Programs\MiKTeX\tex/latex/float\float.sty)
(C:\Users\asus\AppData\Local\Programs\MiKTeX\tex/latex/caption\caption.sty
(C:\Users\asus\AppData\Local\Programs\MiKTeX\tex/latex/caption\caption3.sty)

Package caption Warning: Unknown document class (or package),
(caption)                standard defaults will be used.
See the caption package documentation for explanation.

)

LaTeX Warning: Package "xcolor" has already been loaded: ignoring load-time
(LaTeX)        option "xcdraw".

(C:\Users\asus\AppData\Local\Programs\MiKTeX\tex/latex/tools\tabularx.sty)
(C:\Users\asus\AppData\Local\Programs\MiKTeX\tex/latex/booktabs\booktabs.sty)
(C:\Users\asus\AppData\Local\Programs\MiKTeX\tex/latex/tools\afterpage.sty)
(C:\Users\asus\AppData\Local\Programs\MiKTeX\tex/latex/algorithms\algorithm.sty
(C:\Users\asus\AppData\Local\Programs\MiKTeX\tex/latex/base\ifthen.sty))
(C:\Users\asus\AppData\Local\Programs\MiKTeX\tex/latex/algorithmicx\algpseudoco
de.sty
(C:\Users\asus\AppData\Local\Programs\MiKTeX\tex/latex/algorithmicx\algorithmic
x.sty
Document Style algorithmicx 1.2 - a greatly improved `algorithmic' style
)
Document Style - pseudocode environments for use with the `algorithmicx' style
) (C:\Users\asus\AppData\Local\Programs\MiKTeX\tex/latex/tools\longtable.sty)
(C:\Users\asus\AppData\Local\Programs\MiKTeX\tex/latex/multirow\multirow.sty)
(C:\Users\asus\AppData\Local\Programs\MiKTeX\tex/latex/sttools\cuted.sty)
(C:\Users\asus\AppData\Local\Programs\MiKTeX\tex/latex/newunicodechar\newunicod
echar.sty)

Package newunicodechar Warning: Redefining Unicode character on input line 84.

(C:\Users\asus\AppData\Local\Programs\MiKTeX\tex/latex/type1cm\type1cm.sty)
(C:\Users\asus\AppData\Local\Programs\MiKTeX\tex/latex/base\fix-cm.sty
(C:\Users\asus\AppData\Local\Programs\MiKTeX\tex/latex/base\ts1enc.def))
(C:\Users\asus\AppData\Local\Programs\MiKTeX\tex/latex/psnfss\ot1ptm.fd)
(C:\Users\asus\AppData\Local\Programs\MiKTeX\tex/latex/l3backend\l3backend-pdft
ex.def) (main.aux)
(C:\Users\asus\AppData\Local\Programs\MiKTeX\tex/context/base/mkii\supp-pdf.mki
i
[Loading MPS to PDF converter (version 2006.09.02).]
)
(C:\Users\asus\AppData\Local\Programs\MiKTeX\tex/latex/epstopdf-pkg\epstopdf-ba
se.sty
(C:\Users\asus\AppData\Local\Programs\MiKTeX\tex/latex/00miktex\epstopdf-sys.cf
g))
(C:\Users\asus\AppData\Local\Programs\MiKTeX\tex/latex/caption\ltcaption.sty)
Overfull \hbox (12.0pt too wide) in paragraph at lines 145--145
[][] [] 
(C:\Users\asus\AppData\Local\Programs\MiKTeX\tex/latex/psnfss\ot1ztmcm.fd)
(C:\Users\asus\AppData\Local\Programs\MiKTeX\tex/latex/psnfss\omlztmcm.fd)
(C:\Users\asus\AppData\Local\Programs\MiKTeX\tex/latex/psnfss\omsztmcm.fd)
(C:\Users\asus\AppData\Local\Programs\MiKTeX\tex/latex/psnfss\omxztmcm.fd)

Package mathptmx Warning: There are no bold math fonts on input line 145.

(C:\Users\asus\AppData\Local\Programs\MiKTeX\tex/latex/psnfss\ot1phv.fd)

LaTeX Warning: Citation `ref1' on page 1 undefined on input line 150.


LaTeX Warning: Citation `ref8' on page 1 undefined on input line 152.


LaTeX Warning: Citation `ref6' on page 1 undefined on input line 152.


LaTeX Warning: Citation `ref7' on page 1 undefined on input line 152.


LaTeX Warning: Citation `ref2' on page 1 undefined on input line 154.


LaTeX Warning: Citation `ref3' on page 1 undefined on input line 156.


LaTeX Warning: Citation `ref4' on page 1 undefined on input line 156.


LaTeX Warning: Citation `ref5' on page 1 undefined on input line 156.


LaTeX Warning: Reference `LastPage' on page 1 undefined on input line 157.

(C:\Users\asus\AppData\Local\Programs\MiKTeX\tex/latex/psnfss\ts1ptm.fd)
[1{C:/Users/asus/AppData/Local/MiKTeX/fonts/map/pdftex/pdftex.map}{C:/Users/asu
s/AppData/Local/Programs/MiKTeX/fonts/enc/dvips/base/8r.enc} <./logo7pt-eps-con
verted-to.pdf>]

LaTeX Warning: Citation `ref37' on page 2 undefined on input line 162.


LaTeX Warning: Citation `ref35' on page 2 undefined on input line 164.

[2]

LaTeX Warning: Citation `ref12' on page 3 undefined on input line 189.


LaTeX Warning: Citation `ref38' on page 3 undefined on input line 189.


LaTeX Warning: Citation `ref11' on page 3 undefined on input line 189.


LaTeX Warning: Citation `ref13' on page 3 undefined on input line 189.


LaTeX Warning: Citation `ref14' on page 3 undefined on input line 191.


LaTeX Warning: Citation `ref15' on page 3 undefined on input line 191.


LaTeX Warning: Citation `ref16' on page 3 undefined on input line 191.


LaTeX Warning: Citation `ref18' on page 3 undefined on input line 197.


LaTeX Warning: Citation `ref17' on page 3 undefined on input line 197.


LaTeX Warning: Citation `ref5' on page 3 undefined on input line 210.


LaTeX Warning: Citation `ref6' on page 3 undefined on input line 212.


LaTeX Warning: Citation `ref20' on page 3 undefined on input line 212.


LaTeX Warning: Citation `ref40' on page 3 undefined on input line 212.


LaTeX Warning: Citation `ref39' on page 3 undefined on input line 212.


LaTeX Warning: Citation `ref25' on page 3 undefined on input line 212.


LaTeX Warning: Reference `LastPage' on page 3 undefined on input line 218.

[3]

LaTeX Warning: Citation `ref36' on page 4 undefined on input line 224.


LaTeX Warning: Citation `ref30' on page 4 undefined on input line 224.


LaTeX Warning: Citation `ref9' on page 4 undefined on input line 224.


LaTeX Warning: Citation `ref21' on page 4 undefined on input line 226.


LaTeX Warning: Citation `ref22' on page 4 undefined on input line 226.


LaTeX Warning: Citation `ref23' on page 4 undefined on input line 228.


LaTeX Warning: Citation `ref24' on page 4 undefined on input line 228.


LaTeX Warning: Citation `ref4' on page 4 undefined on input line 237.


LaTeX Warning: Citation `ref26' on page 4 undefined on input line 247.

[4]

LaTeX Warning: Citation `ref29' on page 5 undefined on input line 261.


LaTeX Warning: Citation `ref31' on page 5 undefined on input line 263.


LaTeX Warning: Citation `ref28' on page 5 undefined on input line 265.


LaTeX Warning: Citation `ref21' on page 5 undefined on input line 267.


LaTeX Warning: Citation `ref23' on page 5 undefined on input line 269.


LaTeX Warning: Citation `ref10' on page 5 undefined on input line 271.


LaTeX Warning: Citation `ref27' on page 5 undefined on input line 273.


LaTeX Warning: Citation `ref5' on page 5 undefined on input line 275.


LaTeX Warning: Citation `ref22' on page 5 undefined on input line 277.


Underfull \vbox (badness 1715) has occurred while \output is active

LaTeX Warning: Reference `LastPage' on page 5 undefined on input line 286.

[5]

LaTeX Warning: Citation `ref32' on page 6 undefined on input line 294.


LaTeX Warning: Citation `ref33' on page 6 undefined on input line 298.

G:/work/Journal2LaTeX/backend/temp/675db015-6a2b-49dc-ad7f-5758b5e83e56/rendere
d/main.tex:302: Missing $ inserted.
<inserted text> 
                $
l.302 
      
G:/work/Journal2LaTeX/backend/temp/675db015-6a2b-49dc-ad7f-5758b5e83e56/rendere
d/main.tex:302: Display math should end with $$.
<to be read again> 
                   \tex_par:D 
l.302 
      

G:/work/Journal2LaTeX/backend/temp/675db015-6a2b-49dc-ad7f-5758b5e83e56/rendere
d/main.tex:303: LaTeX Error: Bad math environment delimiter.

See the LaTeX manual or LaTeX Companion for explanation.
Type  H <return>  for immediate help.
 ...                                              
                                                  
l.303 \end{equation}
                    
G:/work/Journal2LaTeX/backend/temp/675db015-6a2b-49dc-ad7f-5758b5e83e56/rendere
d/main.tex:303: You can't use `\eqno' in vertical mode.
\veqno ->\@kernel@eqno 
                       \aftergroup \ignorespaces 
l.303 \end{equation}
                    
G:/work/Journal2LaTeX/backend/temp/675db015-6a2b-49dc-ad7f-5758b5e83e56/rendere
d/main.tex:303: Missing $ inserted.
<inserted text> 
                $
l.303 \end{equation}
                    
G:/work/Journal2LaTeX/backend/temp/675db015-6a2b-49dc-ad7f-5758b5e83e56/rendere
d/main.tex:303: Display math should end with $$.
<to be read again> 
                   \endgroup 
l.303 \end{equation}
                    
G:/work/Journal2LaTeX/backend/temp/675db015-6a2b-49dc-ad7f-5758b5e83e56/rendere
d/main.tex:305: Undefined control sequence.
l.305 ...studies to ensure reliable results \citep
                                                  {ref34}.

Package caption Warning: The option `hypcap=true' will be ignored for this
(caption)                particular \caption on input line 334.
See the caption package documentation for explanation.

[6]

Package caption Warning: The option `hypcap=true' will be ignored for this
(caption)                particular \caption on input line 385.
See the caption package documentation for explanation.


LaTeX Warning: Reference `LastPage' on page 7 undefined on input line 391.

[7 <./media/office_obj_1.png (PNG copy)>]

Package caption Warning: The option `hypcap=true' will be ignored for this
(caption)                particular \caption on input line 440.
See the caption package documentation for explanation.

[8 <./media/office_obj_2.png (PNG copy)>]

Package caption Warning: The option `hypcap=true' will be ignored for this
(caption)                particular \caption on input line 480.
See the caption package documentation for explanation.


Underfull \vbox (badness 10000) has occurred while \output is active

LaTeX Warning: Reference `LastPage' on page 9 undefined on input line 491.

[9 <./media/office_obj_3.png (PNG copy)>]
Overfull \hbox (31.17653pt too wide) in paragraph at lines 511--511
 []|[]| 

Package caption Warning: The option `hypcap=true' will be ignored for this
(caption)                particular \caption on input line 518.
See the caption package documentation for explanation.

[10 <./media/office_obj_4.png (PNG copy)>]
Overfull \hbox (31.17653pt too wide) in paragraph at lines 540--540
 []|[]| 

Package caption Warning: The option `hypcap=true' will be ignored for this
(caption)                particular \caption on input line 547.
See the caption package documentation for explanation.


Overfull \hbox (31.17653pt too wide) in paragraph at lines 569--569
 []|[]| 

Package caption Warning: The option `hypcap=true' will be ignored for this
(caption)                particular \caption on input line 576.
See the caption package documentation for explanation.


LaTeX Warning: Reference `LastPage' on page 11 undefined on input line 584.

[11]
Overfull \hbox (31.17653pt too wide) in paragraph at lines 598--598
 []|[]| 

Package caption Warning: The option `hypcap=true' will be ignored for this
(caption)                particular \caption on input line 605.
See the caption package documentation for explanation.

[12]

LaTeX Warning: Reference `LastPage' on page 13 undefined on input line 709.

[13]

G:/work/Journal2LaTeX/backend/temp/675db015-6a2b-49dc-ad7f-5758b5e83e56/rendere
d/main.tex:752: LaTeX Error: Unicode character ، (U+060C)
               not set up for use with LaTeX.

See the LaTeX manual or LaTeX Companion for explanation.
Type  H <return>  for immediate help.
 ...                                              
                                                  
l.752 ...oho, H. (2021). Company Characteristics،
                                                   Disclosure of Social Resp...


G:/work/Journal2LaTeX/backend/temp/675db015-6a2b-49dc-ad7f-5758b5e83e56/rendere
d/main.tex:752: LaTeX Error: Unicode character ، (U+060C)
               not set up for use with LaTeX.

See the LaTeX manual or LaTeX Companion for explanation.
Type  H <return>  for immediate help.
 ...                                              
                                                  
l.752 ...s، Disclosure of Social Responsibility،
                                                   and Its Impact on Company...


G:/work/Journal2LaTeX/backend/temp/675db015-6a2b-49dc-ad7f-5758b5e83e56/rendere
d/main.tex:752: LaTeX Error: Unicode character ، (U+060C)
               not set up for use with LaTeX.

See the LaTeX manual or LaTeX Companion for explanation.
Type  H <return>  for immediate help.
 ...                                              
                                                  
l.752 ... in Indonesia. Journal of Asian Finance،
                                                   Economics and Business, 8...


G:/work/Journal2LaTeX/backend/temp/675db015-6a2b-49dc-ad7f-5758b5e83e56/rendere
d/main.tex:755: LaTeX Error: Unicode character ، (U+060C)
               not set up for use with LaTeX.

See the LaTeX manual or LaTeX Companion for explanation.
Type  H <return>  for immediate help.
 ...                                              
                                                  
l.755 ...Pricilia, O., A, Chidiebere, N. (2021) ،
                                                   Impact of Environmental،...


G:/work/Journal2LaTeX/backend/temp/675db015-6a2b-49dc-ad7f-5758b5e83e56/rendere
d/main.tex:755: LaTeX Error: Unicode character ، (U+060C)
               not set up for use with LaTeX.

See the LaTeX manual or LaTeX Companion for explanation.
Type  H <return>  for immediate help.
 ...                                              
                                                  
l.755 ...e, N. (2021) ، Impact of Environmental،
                                                   Social and Governance Dim...

[14] 
enddocument/afterlastpage (AED): lastpage setting LastPage.
(main.aux)

LaTeX Warning: There were undefined references.


LaTeX Warning: Label(s) may have changed. Rerun to get cross-references right.


Package rerunfilecheck Warning: File `main.out' has changed.
(rerunfilecheck)                Rerun to get outlines right
(rerunfilecheck)                or use package `bookmark'.


Package lastpage Warning: Rerun to get the references right on input line 760.

 )
(see the transcript file for additional information)<C:/Users/asus/AppData/Loca
l/Programs/MiKTeX/fonts/type1/public/amsfonts/cm/cmmi10.pfb><C:/Users/asus/AppD
ata/Local/Programs/MiKTeX/fonts/type1/public/amsfonts/cm/cmr10.pfb><C:/Users/as
us/AppData/Local/Programs/MiKTeX/fonts/type1/public/amsfonts/cm/cmsy10.pfb><C:/
Users/asus/AppData/Local/Programs/MiKTeX/fonts/type1/urw/helvetic/uhvb8a.pfb><C
:/Users/asus/AppData/Local/Programs/MiKTeX/fonts/type1/urw/symbol/usyr.pfb><C:/
Users/asus/AppData/Local/Programs/MiKTeX/fonts/type1/urw/times/utmb8a.pfb><C:/U
sers/asus/AppData/Local/Programs/MiKTeX/fonts/type1/urw/times/utmr8a.pfb><C:/Us
ers/asus/AppData/Local/Programs/MiKTeX/fonts/type1/urw/times/utmri8a.pfb>
Output written on main.pdf (14 pages, 880349 bytes).
Transcript written on main.log.
Latexmk: Getting log file 'main.log'
Latexmk: Examining 'main.fls'
Latexmk: Examining 'main.log'
Latexmk: References changed.
Latexmk: References changed.
Latexmk: References changed.
Latexmk: Log file says output to 'main.pdf'
Latexmk: Summary of warnings from last run of *latex:
  Latex failed to resolve 7 reference(s)
  Latex failed to resolve 45 citation(s)
Latexmk: Errors, so I did not complete making targets
Collected error summary (may duplicate other messages):
  pdflatex: Command for 'pdflatex' gave return code 1
      Refer to 'main.log' and/or above output for details



STDERR:
Latexmk: ====Problematic refs and citations with line #s in .tex file:
  Citation `ref1' on page 1 undefined on input line 150
  Citation `ref8' on page 1 undefined on input line 152
  Citation `ref6' on page 1 undefined on input line 152
  Citation `ref7' on page 1 undefined on input line 152
  Citation `ref2' on page 1 undefined on input line 154
  Citation `ref3' on page 1 undefined on input line 156
  Citation `ref4' on page 1 undefined on input line 156
 And 45 more --- see log file 'main.log'
Latexmk: Sometimes, the -f option can be used to get latexmk
  to try to force complete processing.
  But normally, you will need to correct the file(s) that caused the
  error, and then rerun latexmk.
  In some cases, it is best to clean out generated files before rerunning
  latexmk after you've corrected the files.
Reverting Windows console CPs to (in,out) = (437,65001)
