[2026-07-26 22:23:38,387] [INFO] [job_manager.py:136]: Job 675db015-6a2b-49dc-ad7f-5758b5e83e56 workspace created successfully
[2026-07-26 22:23:38,416] [INFO] [pipeline_service.py:46]: Starting validation for job: 675db015-6a2b-49dc-ad7f-5758b5e83e56
[2026-07-26 22:23:38,433] [INFO] [job_manager.py:180]: Job status updated to: VALIDATING
[2026-07-26 22:23:38,447] [INFO] [job_manager.py:204]: Progress updated to 10%: Validating input Word Document
[2026-07-26 22:23:38,464] [INFO] [pipeline_service.py:61]: Validation successful.
[2026-07-26 22:23:38,482] [INFO] [job_manager.py:204]: Progress updated to 20%: Input document validated successfully
[2026-07-26 22:23:38,482] [INFO] [pipeline_service.py:68]: Starting document analysis for job: 675db015-6a2b-49dc-ad7f-5758b5e83e56
[2026-07-26 22:23:38,496] [INFO] [job_manager.py:180]: Job status updated to: ANALYZING_DOCUMENT
[2026-07-26 22:23:38,511] [INFO] [job_manager.py:204]: Progress updated to 30%: Analyzing document structure and content blocks
[2026-07-26 22:23:38,511] [INFO] [document_analyzer.py:44]: Starting improved document analysis for: G:\work\Journal2LaTeX\backend\temp\675db015-6a2b-49dc-ad7f-5758b5e83e56\input\بعد التعديل.docx
[2026-07-26 22:23:39,521] [INFO] [document_analyzer.py:528]: Parsed document: title='Journal of Statistics Applications & Probability', authors=5, sections=14, references=40
[2026-07-26 22:23:39,529] [INFO] [pipeline_service.py:96]: Document analysis completed. Saved structure to: G:\work\Journal2LaTeX\backend\temp\675db015-6a2b-49dc-ad7f-5758b5e83e56\intermediate\document_structure.json, report to: G:\work\Journal2LaTeX\backend\temp\675db015-6a2b-49dc-ad7f-5758b5e83e56\intermediate\conversion_report.json
[2026-07-26 22:23:39,548] [INFO] [job_manager.py:204]: Progress updated to 45%: Document structure extracted successfully
[2026-07-26 22:23:39,548] [INFO] [pipeline_service.py:109]: Starting asset extraction for job: 675db015-6a2b-49dc-ad7f-5758b5e83e56
[2026-07-26 22:23:39,565] [INFO] [job_manager.py:180]: Job status updated to: EXTRACTING_ASSETS
[2026-07-26 22:23:39,580] [INFO] [job_manager.py:204]: Progress updated to 50%: Extracting images and figure assets from document
[2026-07-26 22:23:49,967] [INFO] [pipeline_service.py:251]: Office object fig:office1 placed=True
[2026-07-26 22:23:49,969] [INFO] [pipeline_service.py:251]: Office object fig:office2 placed=True
[2026-07-26 22:23:49,971] [INFO] [pipeline_service.py:251]: Office object fig:office3 placed=True
[2026-07-26 22:23:49,973] [INFO] [pipeline_service.py:251]: Office object fig:office4 placed=True
[2026-07-26 22:23:50,019] [INFO] [pipeline_service.py:142]: Assets extracted to: G:\work\Journal2LaTeX\backend\temp\675db015-6a2b-49dc-ad7f-5758b5e83e56\intermediate\media
[2026-07-26 22:23:50,034] [INFO] [job_manager.py:204]: Progress updated to 60%: Document assets extracted successfully
[2026-07-26 22:23:50,035] [INFO] [pipeline_service.py:259]: Classifying extracted assets for job: 675db015-6a2b-49dc-ad7f-5758b5e83e56
[2026-07-26 22:23:50,035] [INFO] [asset_analyzer.py:23]: Starting extended asset analysis for job: 675db015-6a2b-49dc-ad7f-5758b5e83e56
[2026-07-26 22:23:50,038] [INFO] [asset_analyzer.py:153]: Extended asset classification completed. Assets classified: 4
[2026-07-26 22:23:50,052] [INFO] [job_manager.py:204]: Progress updated to 65%: Extracted assets analyzed and mapped successfully
[2026-07-26 22:23:50,100] [INFO] [pipeline_service.py:275]: Loading template 31e152b6-f6ca-4fa7-8298-45ae5a61e305 for job: 675db015-6a2b-49dc-ad7f-5758b5e83e56
[2026-07-26 22:23:50,117] [INFO] [job_manager.py:180]: Job status updated to: LOADING_TEMPLATE
[2026-07-26 22:23:50,133] [INFO] [job_manager.py:204]: Progress updated to 70%: Loading template styles: 31e152b6-f6ca-4fa7-8298-45ae5a61e305
[2026-07-26 22:23:50,199] [INFO] [pipeline_service.py:297]: Template loaded and workspace prepared at: G:\work\Journal2LaTeX\backend\temp\675db015-6a2b-49dc-ad7f-5758b5e83e56\rendered
[2026-07-26 22:23:50,214] [INFO] [job_manager.py:204]: Progress updated to 80%: Template workspace initialized
[2026-07-26 22:23:50,217] [INFO] [pipeline_service.py:322]: Starting LaTeX rendering for job: 675db015-6a2b-49dc-ad7f-5758b5e83e56
[2026-07-26 22:23:50,231] [INFO] [job_manager.py:180]: Job status updated to: RENDERING_LATEX
[2026-07-26 22:23:50,245] [INFO] [job_manager.py:204]: Progress updated to 85%: Rendering document content to LaTeX
[2026-07-26 22:23:50,262] [INFO] [latex_renderer.py:104]: Starting LaTeX rendering inside workspace: G:\work\Journal2LaTeX\backend\temp\675db015-6a2b-49dc-ad7f-5758b5e83e56\rendered
[2026-07-26 22:23:50,338] [INFO] [latex_renderer.py:479]: LaTeX document main.tex rendered successfully.
[2026-07-26 22:23:50,488] [INFO] [header_reconstructor.py:124]: Template class draws its own header; skipping fancyhdr injection.
[2026-07-26 22:23:50,491] [INFO] [job_manager.py:204]: Progress updated to 90%: LaTeX document rendering completed
[2026-07-26 22:23:50,492] [INFO] [pipeline_service.py:385]: Starting document compilation for job: 675db015-6a2b-49dc-ad7f-5758b5e83e56
[2026-07-26 22:23:50,509] [INFO] [job_manager.py:180]: Job status updated to: COMPILING
[2026-07-26 22:23:50,528] [INFO] [job_manager.py:204]: Progress updated to 92%: Compiling LaTeX source to PDF
[2026-07-26 22:23:57,371] [INFO] [pipeline_service.py:408]: Compilation completed successfully.
[2026-07-26 22:23:57,374] [INFO] [pipeline_service.py:423]: Running E2E publication fidelity checker for job: 675db015-6a2b-49dc-ad7f-5758b5e83e56
[2026-07-26 22:23:57,374] [INFO] [fidelity_checker.py:24]: Generating advanced fidelity report and scores for job: 675db015-6a2b-49dc-ad7f-5758b5e83e56
[2026-07-26 22:23:57,377] [INFO] [fidelity_checker.py:175]: Fidelity report written to G:\work\Journal2LaTeX\backend\temp\675db015-6a2b-49dc-ad7f-5758b5e83e56\intermediate\fidelity_report.json. Overall Score: 67.5%, Critical missing: 0
[2026-07-26 22:23:57,395] [INFO] [job_manager.py:180]: Job status updated to: COMPLETED
[2026-07-26 22:23:57,411] [INFO] [job_manager.py:204]: Progress updated to 100%: Pipeline process completed successfully
