[2026-07-18 18:35:11,374] [INFO] [job_manager.py:117]: Job 3761013d-2e56-4a52-a8f2-2a17f2c3bef2 workspace created successfully
[2026-07-18 18:35:11,375] [INFO] [pipeline_service.py:36]: Starting validation for job: 3761013d-2e56-4a52-a8f2-2a17f2c3bef2
[2026-07-18 18:35:11,391] [INFO] [job_manager.py:161]: Job status updated to: VALIDATING
[2026-07-18 18:35:11,404] [INFO] [job_manager.py:185]: Progress updated to 10%: Validating input Word Document
[2026-07-18 18:35:11,417] [INFO] [pipeline_service.py:51]: Validation successful.
[2026-07-18 18:35:11,434] [INFO] [job_manager.py:185]: Progress updated to 20%: Input document validated successfully
[2026-07-18 18:35:11,434] [INFO] [pipeline_service.py:58]: Starting document analysis for job: 3761013d-2e56-4a52-a8f2-2a17f2c3bef2
[2026-07-18 18:35:11,448] [INFO] [job_manager.py:161]: Job status updated to: ANALYZING_DOCUMENT
[2026-07-18 18:35:11,465] [INFO] [job_manager.py:185]: Progress updated to 30%: Analyzing document structure and content blocks
[2026-07-18 18:35:11,465] [INFO] [document_analyzer.py:33]: Starting improved document analysis for: G:\work\Journal2LaTeX\temp\3761013d-2e56-4a52-a8f2-2a17f2c3bef2\input\style_harvard.docx
[2026-07-18 18:35:11,663] [INFO] [document_analyzer.py:416]: Parsed document: title='Test Document Title', authors=2, sections=1, references=1
[2026-07-18 18:35:11,665] [INFO] [pipeline_service.py:86]: Document analysis completed. Saved structure to: G:\work\Journal2LaTeX\temp\3761013d-2e56-4a52-a8f2-2a17f2c3bef2\intermediate\document_structure.json, report to: G:\work\Journal2LaTeX\temp\3761013d-2e56-4a52-a8f2-2a17f2c3bef2\intermediate\conversion_report.json
[2026-07-18 18:35:11,677] [INFO] [job_manager.py:185]: Progress updated to 45%: Document structure extracted successfully
[2026-07-18 18:35:11,677] [INFO] [pipeline_service.py:99]: Starting asset extraction for job: 3761013d-2e56-4a52-a8f2-2a17f2c3bef2
[2026-07-18 18:35:11,691] [INFO] [job_manager.py:161]: Job status updated to: EXTRACTING_ASSETS
[2026-07-18 18:35:11,704] [INFO] [job_manager.py:185]: Progress updated to 50%: Extracting images and figure assets from document
[2026-07-18 18:35:11,911] [INFO] [pipeline_service.py:111]: Assets extracted to: G:\work\Journal2LaTeX\temp\3761013d-2e56-4a52-a8f2-2a17f2c3bef2\intermediate\media
[2026-07-18 18:35:11,930] [INFO] [job_manager.py:185]: Progress updated to 60%: Document assets extracted successfully
[2026-07-18 18:35:11,930] [INFO] [pipeline_service.py:123]: Classifying extracted assets for job: 3761013d-2e56-4a52-a8f2-2a17f2c3bef2
[2026-07-18 18:35:11,931] [INFO] [asset_analyzer.py:23]: Starting extended asset analysis for job: 3761013d-2e56-4a52-a8f2-2a17f2c3bef2
[2026-07-18 18:35:11,934] [INFO] [asset_analyzer.py:153]: Extended asset classification completed. Assets classified: 0
[2026-07-18 18:35:11,948] [INFO] [job_manager.py:185]: Progress updated to 65%: Extracted assets analyzed and mapped successfully
[2026-07-18 18:35:11,948] [INFO] [pipeline_service.py:139]: Loading template default for job: 3761013d-2e56-4a52-a8f2-2a17f2c3bef2
[2026-07-18 18:35:11,963] [INFO] [job_manager.py:161]: Job status updated to: LOADING_TEMPLATE
[2026-07-18 18:35:11,979] [INFO] [job_manager.py:185]: Progress updated to 70%: Loading template styles: default
[2026-07-18 18:35:11,986] [INFO] [pipeline_service.py:157]: Template loaded and workspace prepared at: G:\work\Journal2LaTeX\temp\3761013d-2e56-4a52-a8f2-2a17f2c3bef2\rendered
[2026-07-18 18:35:12,000] [INFO] [job_manager.py:185]: Progress updated to 80%: Template workspace initialized
[2026-07-18 18:35:12,000] [INFO] [pipeline_service.py:170]: Starting LaTeX rendering for job: 3761013d-2e56-4a52-a8f2-2a17f2c3bef2
[2026-07-18 18:35:12,016] [INFO] [job_manager.py:161]: Job status updated to: RENDERING_LATEX
[2026-07-18 18:35:12,032] [INFO] [job_manager.py:185]: Progress updated to 85%: Rendering document content to LaTeX
[2026-07-18 18:35:12,034] [INFO] [latex_renderer.py:70]: Starting LaTeX rendering inside workspace: G:\work\Journal2LaTeX\temp\3761013d-2e56-4a52-a8f2-2a17f2c3bef2\rendered
[2026-07-18 18:35:12,042] [INFO] [latex_renderer.py:337]: LaTeX document main.tex rendered successfully.
[2026-07-18 18:35:12,057] [INFO] [job_manager.py:185]: Progress updated to 90%: LaTeX document rendering completed
[2026-07-18 18:35:12,058] [INFO] [pipeline_service.py:204]: Starting document compilation for job: 3761013d-2e56-4a52-a8f2-2a17f2c3bef2
[2026-07-18 18:35:12,073] [INFO] [job_manager.py:161]: Job status updated to: COMPILING
[2026-07-18 18:35:12,087] [INFO] [job_manager.py:185]: Progress updated to 92%: Compiling LaTeX source to PDF
[2026-07-18 18:35:14,782] [INFO] [pipeline_service.py:226]: Compilation completed successfully.
