[2026-07-22 00:51:27,519] [INFO] [job_manager.py:136]: Job dad92dc6-200c-4cc1-b9f5-9788071c76df workspace created successfully
[2026-07-22 00:51:27,550] [INFO] [pipeline_service.py:45]: Starting validation for job: dad92dc6-200c-4cc1-b9f5-9788071c76df
[2026-07-22 00:51:27,566] [INFO] [job_manager.py:180]: Job status updated to: VALIDATING
[2026-07-22 00:51:27,580] [INFO] [job_manager.py:204]: Progress updated to 10%: Validating input Word Document
[2026-07-22 00:51:27,598] [INFO] [pipeline_service.py:60]: Validation successful.
[2026-07-22 00:51:27,612] [INFO] [job_manager.py:204]: Progress updated to 20%: Input document validated successfully
[2026-07-22 00:51:27,612] [INFO] [pipeline_service.py:67]: Starting document analysis for job: dad92dc6-200c-4cc1-b9f5-9788071c76df
[2026-07-22 00:51:27,628] [INFO] [job_manager.py:180]: Job status updated to: ANALYZING_DOCUMENT
[2026-07-22 00:51:27,641] [INFO] [job_manager.py:204]: Progress updated to 30%: Analyzing document structure and content blocks
[2026-07-22 00:51:27,642] [INFO] [document_analyzer.py:33]: Starting improved document analysis for: G:\work\Journal2LaTeX\backend\temp\dad92dc6-200c-4cc1-b9f5-9788071c76df\input\research in the journal form.docx
[2026-07-22 00:51:28,164] [INFO] [document_analyzer.py:511]: Parsed document: title='Statistical Analysis of Body Dysmorphic Disorder, Quality of Life, and Social Anxiety in Fire Victims: Path Analysis', authors=3, sections=2, references=20
[2026-07-22 00:51:28,169] [INFO] [pipeline_service.py:95]: Document analysis completed. Saved structure to: G:\work\Journal2LaTeX\backend\temp\dad92dc6-200c-4cc1-b9f5-9788071c76df\intermediate\document_structure.json, report to: G:\work\Journal2LaTeX\backend\temp\dad92dc6-200c-4cc1-b9f5-9788071c76df\intermediate\conversion_report.json
[2026-07-22 00:51:28,184] [INFO] [job_manager.py:204]: Progress updated to 45%: Document structure extracted successfully
[2026-07-22 00:51:28,185] [INFO] [pipeline_service.py:108]: Starting asset extraction for job: dad92dc6-200c-4cc1-b9f5-9788071c76df
[2026-07-22 00:51:28,201] [INFO] [job_manager.py:180]: Job status updated to: EXTRACTING_ASSETS
[2026-07-22 00:51:28,216] [INFO] [job_manager.py:204]: Progress updated to 50%: Extracting images and figure assets from document
[2026-07-22 00:51:33,575] [INFO] [pipeline_service.py:223]: Office object fig:office1 placed=True
[2026-07-22 00:51:33,620] [INFO] [pipeline_service.py:141]: Assets extracted to: G:\work\Journal2LaTeX\backend\temp\dad92dc6-200c-4cc1-b9f5-9788071c76df\intermediate\media
[2026-07-22 00:51:33,637] [INFO] [job_manager.py:204]: Progress updated to 60%: Document assets extracted successfully
[2026-07-22 00:51:33,637] [INFO] [pipeline_service.py:231]: Classifying extracted assets for job: dad92dc6-200c-4cc1-b9f5-9788071c76df
[2026-07-22 00:51:33,638] [INFO] [asset_analyzer.py:23]: Starting extended asset analysis for job: dad92dc6-200c-4cc1-b9f5-9788071c76df
[2026-07-22 00:51:33,641] [INFO] [asset_analyzer.py:153]: Extended asset classification completed. Assets classified: 9
[2026-07-22 00:51:33,655] [INFO] [job_manager.py:204]: Progress updated to 65%: Extracted assets analyzed and mapped successfully
[2026-07-22 00:51:33,739] [INFO] [pipeline_service.py:247]: Loading template 1a40c109-c343-4d2e-9cbc-2cd5ca464ace for job: dad92dc6-200c-4cc1-b9f5-9788071c76df
[2026-07-22 00:51:33,754] [INFO] [job_manager.py:180]: Job status updated to: LOADING_TEMPLATE
[2026-07-22 00:51:33,769] [INFO] [job_manager.py:204]: Progress updated to 70%: Loading template styles: 1a40c109-c343-4d2e-9cbc-2cd5ca464ace
[2026-07-22 00:51:33,854] [INFO] [pipeline_service.py:269]: Template loaded and workspace prepared at: G:\work\Journal2LaTeX\backend\temp\dad92dc6-200c-4cc1-b9f5-9788071c76df\rendered
[2026-07-22 00:51:33,873] [INFO] [job_manager.py:204]: Progress updated to 80%: Template workspace initialized
[2026-07-22 00:51:33,874] [INFO] [pipeline_service.py:294]: Starting LaTeX rendering for job: dad92dc6-200c-4cc1-b9f5-9788071c76df
[2026-07-22 00:51:33,890] [INFO] [job_manager.py:180]: Job status updated to: RENDERING_LATEX
[2026-07-22 00:51:33,905] [INFO] [job_manager.py:204]: Progress updated to 85%: Rendering document content to LaTeX
[2026-07-22 00:51:33,919] [INFO] [latex_renderer.py:72]: Starting LaTeX rendering inside workspace: G:\work\Journal2LaTeX\backend\temp\dad92dc6-200c-4cc1-b9f5-9788071c76df\rendered
[2026-07-22 00:51:33,969] [INFO] [latex_renderer.py:350]: LaTeX document main.tex rendered successfully.
[2026-07-22 00:51:34,028] [INFO] [header_reconstructor.py:124]: Template class draws its own header; skipping fancyhdr injection.
[2026-07-22 00:51:34,032] [INFO] [job_manager.py:204]: Progress updated to 90%: LaTeX document rendering completed
[2026-07-22 00:51:34,032] [INFO] [pipeline_service.py:357]: Starting document compilation for job: dad92dc6-200c-4cc1-b9f5-9788071c76df
[2026-07-22 00:51:34,044] [INFO] [job_manager.py:180]: Job status updated to: COMPILING
[2026-07-22 00:51:34,057] [INFO] [job_manager.py:204]: Progress updated to 92%: Compiling LaTeX source to PDF
[2026-07-22 00:51:39,460] [INFO] [pipeline_service.py:380]: Compilation completed successfully.
[2026-07-22 00:51:39,462] [INFO] [pipeline_service.py:395]: Running E2E publication fidelity checker for job: dad92dc6-200c-4cc1-b9f5-9788071c76df
[2026-07-22 00:51:39,462] [INFO] [fidelity_checker.py:24]: Generating advanced fidelity report and scores for job: dad92dc6-200c-4cc1-b9f5-9788071c76df
[2026-07-22 00:51:39,464] [INFO] [fidelity_checker.py:163]: Fidelity report written to G:\work\Journal2LaTeX\backend\temp\dad92dc6-200c-4cc1-b9f5-9788071c76df\intermediate\fidelity_report.json. Overall Score: 92.5%, Critical missing: 0
[2026-07-22 00:51:39,480] [INFO] [pipeline_service.py:357]: Starting document compilation for job: dad92dc6-200c-4cc1-b9f5-9788071c76df
[2026-07-22 00:51:44,579] [INFO] [pipeline_service.py:380]: Compilation completed successfully.
[2026-07-22 00:51:53,185] [INFO] [pipeline_service.py:357]: Starting document compilation for job: dad92dc6-200c-4cc1-b9f5-9788071c76df
[2026-07-22 00:51:58,601] [INFO] [pipeline_service.py:380]: Compilation completed successfully.
[2026-07-22 00:52:01,707] [INFO] [pipeline_service.py:357]: Starting document compilation for job: dad92dc6-200c-4cc1-b9f5-9788071c76df
[2026-07-22 00:52:06,776] [INFO] [pipeline_service.py:380]: Compilation completed successfully.
[2026-07-22 00:52:09,576] [INFO] [pipeline_service.py:357]: Starting document compilation for job: dad92dc6-200c-4cc1-b9f5-9788071c76df
[2026-07-22 00:52:14,030] [INFO] [pipeline_service.py:380]: Compilation completed successfully.
[2026-07-22 00:52:16,711] [INFO] [pipeline_service.py:357]: Starting document compilation for job: dad92dc6-200c-4cc1-b9f5-9788071c76df
[2026-07-22 00:52:19,162] [INFO] [pipeline_service.py:380]: Compilation completed successfully.
[2026-07-22 00:52:21,885] [INFO] [pipeline_service.py:357]: Starting document compilation for job: dad92dc6-200c-4cc1-b9f5-9788071c76df
[2026-07-22 00:52:26,255] [INFO] [pipeline_service.py:380]: Compilation completed successfully.
[2026-07-22 00:52:26,269] [INFO] [job_manager.py:180]: Job status updated to: COMPLETED
[2026-07-22 00:52:26,281] [INFO] [job_manager.py:204]: Progress updated to 100%: Pipeline process completed successfully
