[2026-07-21 19:44:59,002] [INFO] [latex_compiler.py:321]: Starting LaTeX compilation for: G:\work\Journal2LaTeX\backend\temp\e5ab7d7b-7241-429e-80c4-eed0b864231f\rendered\main.tex
[2026-07-21 19:44:59,007] [INFO] [latex_compiler.py:125]: Rendered working directory tree before compilation:
  main.tex
  media/
    image1.jpeg
    image10.jpeg
    image4.jpeg
    image5.png
    image6.png
    image7.png
    image8.jpeg
    image9.jpeg
  template.json
  tex/
    fig1_likert.png
    fig2_alpha.png
    fig3_desc.png
    fig4_ks.png
    logo7pt.eps
    logo7pt.pdf
    main.pdf
    main.tex
    NSP1.cls
    nsplogo.jpg
[2026-07-21 19:44:59,010] [INFO] [latex_compiler.py:131]: Template resource manifest (20 files):
  main.tex                                 generated document / build artefact
  media\image1.jpeg                        renderer-generated media
  media\image10.jpeg                       renderer-generated media
  media\image4.jpeg                        renderer-generated media
  media\image5.png                         renderer-generated media
  media\image6.png                         renderer-generated media
  media\image7.png                         renderer-generated media
  media\image8.jpeg                        renderer-generated media
  media\image9.jpeg                        renderer-generated media
  template.json                            template metadata
  tex\fig1_likert.png                      template resource (graphic (PNG))
  tex\fig2_alpha.png                       template resource (graphic (PNG))
  tex\fig3_desc.png                        template resource (graphic (PNG))
  tex\fig4_ks.png                          template resource (graphic (PNG))
  tex\logo7pt.eps                          template resource (graphic (EPS))
  tex\logo7pt.pdf                          template resource (graphic (PDF))
  tex\main.pdf                             generated document / build artefact
  tex\main.tex                             generated document / build artefact
  tex\NSP1.cls                             template resource (document class)
  tex\nsplogo.jpg                          template resource (graphic (JPEG))
[2026-07-21 19:44:59,169] [INFO] [latex_compiler.py:144]: Dependency resolution (15 references):
  [MISSING] documentclass   NSP1
  [SYSTEM ] usepackage      amsmath
  [SYSTEM ] usepackage      amssymb
  [SYSTEM ] usepackage      multirow
  [SYSTEM ] usepackage      xcolor
  [SYSTEM ] usepackage      fancyhdr
  [SYSTEM ] usepackage      graphicx
  [LOCAL  ] includegraphics media/image4.jpeg
  [MISSING] includegraphics nsplogo.jpg
  [LOCAL  ] includegraphics media/image5.png
  [LOCAL  ] includegraphics media/image6.png
  [LOCAL  ] includegraphics media/image7.png
  [LOCAL  ] includegraphics media/image8.jpeg
  [LOCAL  ] includegraphics media/image9.jpeg
  [LOCAL  ] includegraphics media/image10.jpeg
[2026-07-21 19:44:59,169] [ERROR] [latex_compiler.py:153]: Template is missing required local resource(s); aborting before pdflatex. Ensure the template package ships these files:
  - documentclass -> NSP1
  - includegraphics -> nsplogo.jpg
