[2026-07-21 19:44:56,017] [INFO] [job_manager.py:136]: Job e5ab7d7b-7241-429e-80c4-eed0b864231f workspace created successfully
[2026-07-21 19:44:56,052] [INFO] [pipeline_service.py:45]: Starting validation for job: e5ab7d7b-7241-429e-80c4-eed0b864231f
[2026-07-21 19:44:56,070] [INFO] [job_manager.py:180]: Job status updated to: VALIDATING
[2026-07-21 19:44:56,085] [INFO] [job_manager.py:204]: Progress updated to 10%: Validating input Word Document
[2026-07-21 19:44:56,107] [INFO] [pipeline_service.py:60]: Validation successful.
[2026-07-21 19:44:56,128] [INFO] [job_manager.py:204]: Progress updated to 20%: Input document validated successfully
[2026-07-21 19:44:56,128] [INFO] [pipeline_service.py:67]: Starting document analysis for job: e5ab7d7b-7241-429e-80c4-eed0b864231f
[2026-07-21 19:44:56,145] [INFO] [job_manager.py:180]: Job status updated to: ANALYZING_DOCUMENT
[2026-07-21 19:44:56,161] [INFO] [job_manager.py:204]: Progress updated to 30%: Analyzing document structure and content blocks
[2026-07-21 19:44:56,161] [INFO] [document_analyzer.py:33]: Starting improved document analysis for: G:\work\Journal2LaTeX\backend\temp\e5ab7d7b-7241-429e-80c4-eed0b864231f\input\The role.docx
[2026-07-21 19:44:57,027] [INFO] [document_analyzer.py:461]: Parsed document: title='The Role of Social Media in the Spread and Countering of Cyber-Extremism: An Islamic Jurisprudential and Educational Perspective', authors=19, sections=1, references=42
[2026-07-21 19:44:57,034] [INFO] [pipeline_service.py:95]: Document analysis completed. Saved structure to: G:\work\Journal2LaTeX\backend\temp\e5ab7d7b-7241-429e-80c4-eed0b864231f\intermediate\document_structure.json, report to: G:\work\Journal2LaTeX\backend\temp\e5ab7d7b-7241-429e-80c4-eed0b864231f\intermediate\conversion_report.json
[2026-07-21 19:44:57,050] [INFO] [job_manager.py:204]: Progress updated to 45%: Document structure extracted successfully
[2026-07-21 19:44:57,050] [INFO] [pipeline_service.py:108]: Starting asset extraction for job: e5ab7d7b-7241-429e-80c4-eed0b864231f
[2026-07-21 19:44:57,064] [INFO] [job_manager.py:180]: Job status updated to: EXTRACTING_ASSETS
[2026-07-21 19:44:57,077] [INFO] [job_manager.py:204]: Progress updated to 50%: Extracting images and figure assets from document
[2026-07-21 19:44:58,299] [INFO] [pipeline_service.py:141]: Assets extracted to: G:\work\Journal2LaTeX\backend\temp\e5ab7d7b-7241-429e-80c4-eed0b864231f\intermediate\media
[2026-07-21 19:44:58,312] [INFO] [job_manager.py:204]: Progress updated to 60%: Document assets extracted successfully
[2026-07-21 19:44:58,312] [INFO] [pipeline_service.py:231]: Classifying extracted assets for job: e5ab7d7b-7241-429e-80c4-eed0b864231f
[2026-07-21 19:44:58,312] [INFO] [asset_analyzer.py:23]: Starting extended asset analysis for job: e5ab7d7b-7241-429e-80c4-eed0b864231f
[2026-07-21 19:44:58,315] [INFO] [asset_analyzer.py:153]: Extended asset classification completed. Assets classified: 7
[2026-07-21 19:44:58,327] [INFO] [job_manager.py:204]: Progress updated to 65%: Extracted assets analyzed and mapped successfully
[2026-07-21 19:44:58,400] [INFO] [pipeline_service.py:247]: Loading template 2eb2c1ea-3c79-43d5-97d0-a63721a2df54 for job: e5ab7d7b-7241-429e-80c4-eed0b864231f
[2026-07-21 19:44:58,419] [INFO] [job_manager.py:180]: Job status updated to: LOADING_TEMPLATE
[2026-07-21 19:44:58,433] [INFO] [job_manager.py:204]: Progress updated to 70%: Loading template styles: 2eb2c1ea-3c79-43d5-97d0-a63721a2df54
[2026-07-21 19:44:58,502] [INFO] [pipeline_service.py:269]: Template loaded and workspace prepared at: G:\work\Journal2LaTeX\backend\temp\e5ab7d7b-7241-429e-80c4-eed0b864231f\rendered
[2026-07-21 19:44:58,518] [INFO] [job_manager.py:204]: Progress updated to 80%: Template workspace initialized
[2026-07-21 19:44:58,520] [INFO] [pipeline_service.py:294]: Starting LaTeX rendering for job: e5ab7d7b-7241-429e-80c4-eed0b864231f
[2026-07-21 19:44:58,538] [INFO] [job_manager.py:180]: Job status updated to: RENDERING_LATEX
[2026-07-21 19:44:58,552] [INFO] [job_manager.py:204]: Progress updated to 85%: Rendering document content to LaTeX
[2026-07-21 19:44:58,568] [INFO] [latex_renderer.py:72]: Starting LaTeX rendering inside workspace: G:\work\Journal2LaTeX\backend\temp\e5ab7d7b-7241-429e-80c4-eed0b864231f\rendered
[2026-07-21 19:44:58,687] [INFO] [latex_renderer.py:355]: LaTeX document main.tex rendered successfully.
[2026-07-21 19:44:58,969] [INFO] [job_manager.py:204]: Progress updated to 90%: LaTeX document rendering completed
[2026-07-21 19:44:58,970] [INFO] [pipeline_service.py:357]: Starting document compilation for job: e5ab7d7b-7241-429e-80c4-eed0b864231f
[2026-07-21 19:44:58,985] [INFO] [job_manager.py:180]: Job status updated to: COMPILING
[2026-07-21 19:44:59,001] [INFO] [job_manager.py:204]: Progress updated to 92%: Compiling LaTeX source to PDF
[2026-07-21 19:44:59,169] [ERROR] [pipeline_service.py:385]: LaTeX compilation failed: Template is missing required local resource(s); aborting before pdflatex. Ensure the template package ships these files:
  - documentclass -> NSP1
  - includegraphics -> nsplogo.jpg
[2026-07-21 19:44:59,184] [ERROR] [job_manager.py:228]: Job error added: LaTeX compilation failed: Template is missing required local resource(s); aborting before pdflatex. Ensure the template package ships these files:
  - documentclass -> NSP1
  - includegraphics -> nsplogo.jpg
