[2026-07-22 13:16:44,744] [INFO] [job_manager.py:136]: Job 5a4e4569-e046-44c0-b944-3a045ff8b1a6 workspace created successfully
[2026-07-22 13:16:44,775] [INFO] [pipeline_service.py:45]: Starting validation for job: 5a4e4569-e046-44c0-b944-3a045ff8b1a6
[2026-07-22 13:16:44,793] [INFO] [job_manager.py:180]: Job status updated to: VALIDATING
[2026-07-22 13:16:44,808] [INFO] [job_manager.py:204]: Progress updated to 10%: Validating input Word Document
[2026-07-22 13:16:44,828] [INFO] [pipeline_service.py:60]: Validation successful.
[2026-07-22 13:16:44,843] [INFO] [job_manager.py:204]: Progress updated to 20%: Input document validated successfully
[2026-07-22 13:16:44,843] [INFO] [pipeline_service.py:67]: Starting document analysis for job: 5a4e4569-e046-44c0-b944-3a045ff8b1a6
[2026-07-22 13:16:44,856] [INFO] [job_manager.py:180]: Job status updated to: ANALYZING_DOCUMENT
[2026-07-22 13:16:44,870] [INFO] [job_manager.py:204]: Progress updated to 30%: Analyzing document structure and content blocks
[2026-07-22 13:16:44,870] [INFO] [document_analyzer.py:33]: Starting improved document analysis for: G:\work\Journal2LaTeX\backend\temp\5a4e4569-e046-44c0-b944-3a045ff8b1a6\input\The role.docx
[2026-07-22 13:16:46,166] [INFO] [document_analyzer.py:514]: Parsed document: title='The Role of Social Media in the Spread and Countering of Cyber-Extremism: An Islamic Jurisprudential and Educational Perspective', authors=3, sections=41, references=42
[2026-07-22 13:16:46,176] [INFO] [pipeline_service.py:95]: Document analysis completed. Saved structure to: G:\work\Journal2LaTeX\backend\temp\5a4e4569-e046-44c0-b944-3a045ff8b1a6\intermediate\document_structure.json, report to: G:\work\Journal2LaTeX\backend\temp\5a4e4569-e046-44c0-b944-3a045ff8b1a6\intermediate\conversion_report.json
[2026-07-22 13:16:46,194] [INFO] [job_manager.py:204]: Progress updated to 45%: Document structure extracted successfully
[2026-07-22 13:16:46,195] [INFO] [pipeline_service.py:108]: Starting asset extraction for job: 5a4e4569-e046-44c0-b944-3a045ff8b1a6
[2026-07-22 13:16:46,212] [INFO] [job_manager.py:180]: Job status updated to: EXTRACTING_ASSETS
[2026-07-22 13:16:46,227] [INFO] [job_manager.py:204]: Progress updated to 50%: Extracting images and figure assets from document
[2026-07-22 13:16:54,344] [INFO] [pipeline_service.py:223]: Office object fig:office1 placed=True
[2026-07-22 13:16:54,389] [INFO] [pipeline_service.py:141]: Assets extracted to: G:\work\Journal2LaTeX\backend\temp\5a4e4569-e046-44c0-b944-3a045ff8b1a6\intermediate\media
[2026-07-22 13:16:54,403] [INFO] [job_manager.py:204]: Progress updated to 60%: Document assets extracted successfully
[2026-07-22 13:16:54,403] [INFO] [pipeline_service.py:231]: Classifying extracted assets for job: 5a4e4569-e046-44c0-b944-3a045ff8b1a6
[2026-07-22 13:16:54,403] [INFO] [asset_analyzer.py:23]: Starting extended asset analysis for job: 5a4e4569-e046-44c0-b944-3a045ff8b1a6
[2026-07-22 13:16:54,406] [INFO] [asset_analyzer.py:153]: Extended asset classification completed. Assets classified: 8
[2026-07-22 13:16:54,420] [INFO] [job_manager.py:204]: Progress updated to 65%: Extracted assets analyzed and mapped successfully
[2026-07-22 13:16:54,544] [INFO] [pipeline_service.py:247]: Loading template f4f9c439-3cc6-464a-afc9-1971da00770a for job: 5a4e4569-e046-44c0-b944-3a045ff8b1a6
[2026-07-22 13:16:54,566] [INFO] [job_manager.py:180]: Job status updated to: LOADING_TEMPLATE
[2026-07-22 13:16:54,582] [INFO] [job_manager.py:204]: Progress updated to 70%: Loading template styles: f4f9c439-3cc6-464a-afc9-1971da00770a
[2026-07-22 13:16:54,653] [INFO] [pipeline_service.py:269]: Template loaded and workspace prepared at: G:\work\Journal2LaTeX\backend\temp\5a4e4569-e046-44c0-b944-3a045ff8b1a6\rendered
[2026-07-22 13:16:54,672] [INFO] [job_manager.py:204]: Progress updated to 80%: Template workspace initialized
[2026-07-22 13:16:54,674] [INFO] [pipeline_service.py:294]: Starting LaTeX rendering for job: 5a4e4569-e046-44c0-b944-3a045ff8b1a6
[2026-07-22 13:16:54,690] [INFO] [job_manager.py:180]: Job status updated to: RENDERING_LATEX
[2026-07-22 13:16:54,707] [INFO] [job_manager.py:204]: Progress updated to 85%: Rendering document content to LaTeX
[2026-07-22 13:16:54,732] [INFO] [latex_renderer.py:72]: Starting LaTeX rendering inside workspace: G:\work\Journal2LaTeX\backend\temp\5a4e4569-e046-44c0-b944-3a045ff8b1a6\rendered
[2026-07-22 13:16:54,790] [INFO] [latex_renderer.py:369]: LaTeX document main.tex rendered successfully.
[2026-07-22 13:16:54,931] [INFO] [header_reconstructor.py:124]: Template class draws its own header; skipping fancyhdr injection.
[2026-07-22 13:16:54,934] [INFO] [job_manager.py:204]: Progress updated to 90%: LaTeX document rendering completed
[2026-07-22 13:16:54,934] [INFO] [pipeline_service.py:357]: Starting document compilation for job: 5a4e4569-e046-44c0-b944-3a045ff8b1a6
[2026-07-22 13:16:54,952] [INFO] [job_manager.py:180]: Job status updated to: COMPILING
[2026-07-22 13:16:54,971] [INFO] [job_manager.py:204]: Progress updated to 92%: Compiling LaTeX source to PDF
[2026-07-22 13:17:14,960] [INFO] [pipeline_service.py:380]: Compilation completed successfully.
[2026-07-22 13:17:14,965] [INFO] [pipeline_service.py:395]: Running E2E publication fidelity checker for job: 5a4e4569-e046-44c0-b944-3a045ff8b1a6
[2026-07-22 13:17:14,965] [INFO] [fidelity_checker.py:24]: Generating advanced fidelity report and scores for job: 5a4e4569-e046-44c0-b944-3a045ff8b1a6
[2026-07-22 13:17:14,968] [INFO] [fidelity_checker.py:163]: Fidelity report written to G:\work\Journal2LaTeX\backend\temp\5a4e4569-e046-44c0-b944-3a045ff8b1a6\intermediate\fidelity_report.json. Overall Score: 85.3%, Critical missing: 2
[2026-07-22 13:17:14,987] [INFO] [pipeline_service.py:357]: Starting document compilation for job: 5a4e4569-e046-44c0-b944-3a045ff8b1a6
[2026-07-22 13:17:17,656] [ERROR] [pipeline_service.py:385]: LaTeX compilation failed: LaTeX compilation failed. PDF not generated.
[2026-07-22 13:17:17,657] [WARNING] [job_manager.py:250]: Job warning added: LaTeX compilation failed: LaTeX compilation failed. PDF not generated.
[2026-07-22 13:17:17,659] [INFO] [pipeline_service.py:357]: Starting document compilation for job: 5a4e4569-e046-44c0-b944-3a045ff8b1a6
[2026-07-22 13:17:19,774] [ERROR] [pipeline_service.py:385]: LaTeX compilation failed: LaTeX compilation failed. PDF not generated.
[2026-07-22 13:17:19,791] [WARNING] [job_manager.py:250]: Job warning added: LaTeX compilation failed: LaTeX compilation failed. PDF not generated.
[2026-07-22 13:17:19,808] [INFO] [job_manager.py:180]: Job status updated to: COMPLETED
[2026-07-22 13:17:19,823] [INFO] [job_manager.py:204]: Progress updated to 100%: Pipeline process completed successfully
