[2026-07-26 16:15:40,210] [INFO] [latex_compiler.py:337]: Starting LaTeX compilation for: G:\work\Journal2LaTeX\backend\temp\d462ef42-adc5-4887-aa27-9d6fe212c9e7\rendered\main.tex
[2026-07-26 16:15:40,367] [INFO] [latex_compiler.py:364]: Applied template compatibility layer to main.tex
[2026-07-26 16:15:40,371] [INFO] [latex_compiler.py:126]: Rendered working directory tree before compilation:
  010102.aux
  010102.log
  010102.out
  010102.pdf
  010102.synctex.gz
  default.cls
  default.sty
  everyshi.sty
  FDESPFDA2014revised1.eps
  logo.png
  logo7pt-eps-converted-to.pdf
  logo7pt.eps
  main.tex
  media/
    image1.jpeg
    image10.jpeg
    image4.jpeg
    image5.png
    image6.png
    image7.png
    image8.jpeg
    image9.jpeg
    office_obj_1.png
  NSP1.cls
  psfig.sty
  template.tex
[2026-07-26 16:15:40,382] [INFO] [latex_compiler.py:132]: Template resource manifest (25 files):
  010102.aux                               generated document / build artefact
  010102.log                               generated document / build artefact
  010102.out                               generated document / build artefact
  010102.pdf                               template resource (graphic (PDF))
  010102.synctex.gz                        generated document / build artefact
  default.cls                              template resource (document class)
  default.sty                              template resource (package / style)
  everyshi.sty                             template resource (package / style)
  FDESPFDA2014revised1.eps                 template resource (graphic (EPS))
  logo.png                                 template resource (graphic (PNG))
  logo7pt-eps-converted-to.pdf             template resource (graphic (PDF))
  logo7pt.eps                              template resource (graphic (EPS))
  main.tex                                 generated document / build artefact
  media\image1.jpeg                        renderer-generated media
  media\image10.jpeg                       renderer-generated media
  media\image4.jpeg                        renderer-generated media
  media\image5.png                         renderer-generated media
  media\image6.png                         renderer-generated media
  media\image7.png                         renderer-generated media
  media\image8.jpeg                        renderer-generated media
  media\image9.jpeg                        renderer-generated media
  media\office_obj_1.png                   renderer-generated media
  NSP1.cls                                 template resource (document class)
  psfig.sty                                template resource (package / style)
  template.tex                             template resource (included source)
[2026-07-26 16:15:40,516] [INFO] [latex_compiler.py:154]: Dependency resolution (28 references):
  [LOCAL  ] documentclass   NSP1
  [SYSTEM ] usepackage      xcolor
  [SYSTEM ] usepackage      url
  [SYSTEM ] usepackage      floatflt
  [SYSTEM ] usepackage      helvet
  [SYSTEM ] usepackage      times
  [LOCAL  ] usepackage      psfig
  [SYSTEM ] usepackage      graphics
  [SYSTEM ] usepackage      mathptmx
  [SYSTEM ] usepackage      amsmath
  [SYSTEM ] usepackage      amssymb
  [SYSTEM ] usepackage      bm
  [SYSTEM ] usepackage      float
  [SYSTEM ] usepackage      caption
  [SYSTEM ] usepackage      multirow
  [SYSTEM ] usepackage      array
  [SYSTEM ] usepackage      cuted
  [SYSTEM ] usepackage      newunicodechar
  [SYSTEM ] usepackage      fancyhdr
  [SYSTEM ] usepackage      graphicx
  [LOCAL  ] includegraphics media/image4.jpeg
  [LOCAL  ] includegraphics media/image5.png
  [LOCAL  ] includegraphics media/office_obj_1.png
  [LOCAL  ] includegraphics media/image6.png
  [LOCAL  ] includegraphics media/image7.png
  [LOCAL  ] includegraphics media/image8.jpeg
  [LOCAL  ] includegraphics media/image9.jpeg
  [LOCAL  ] includegraphics media/image10.jpeg
[2026-07-26 16:15:40,517] [INFO] [latex_compiler.py:395]: Using latexmk compiler.
[2026-07-26 16:15:43,143] [INFO] [latex_compiler.py:462]: Compilation completed successfully. PDF generated at: G:\work\Journal2LaTeX\backend\temp\d462ef42-adc5-4887-aa27-9d6fe212c9e7\output\paper.pdf
