[2026-07-26 16:15:31,363] [INFO] [job_manager.py:136]: Job d462ef42-adc5-4887-aa27-9d6fe212c9e7 workspace created successfully
[2026-07-26 16:15:31,393] [INFO] [pipeline_service.py:46]: Starting validation for job: d462ef42-adc5-4887-aa27-9d6fe212c9e7
[2026-07-26 16:15:31,411] [INFO] [job_manager.py:180]: Job status updated to: VALIDATING
[2026-07-26 16:15:31,430] [INFO] [job_manager.py:204]: Progress updated to 10%: Validating input Word Document
[2026-07-26 16:15:31,457] [INFO] [pipeline_service.py:61]: Validation successful.
[2026-07-26 16:15:31,474] [INFO] [job_manager.py:204]: Progress updated to 20%: Input document validated successfully
[2026-07-26 16:15:31,474] [INFO] [pipeline_service.py:68]: Starting document analysis for job: d462ef42-adc5-4887-aa27-9d6fe212c9e7
[2026-07-26 16:15:31,491] [INFO] [job_manager.py:180]: Job status updated to: ANALYZING_DOCUMENT
[2026-07-26 16:15:31,506] [INFO] [job_manager.py:204]: Progress updated to 30%: Analyzing document structure and content blocks
[2026-07-26 16:15:31,506] [INFO] [document_analyzer.py:33]: Starting improved document analysis for: G:\work\Journal2LaTeX\backend\temp\d462ef42-adc5-4887-aa27-9d6fe212c9e7\input\The role.docx
[2026-07-26 16:15:32,838] [INFO] [document_analyzer.py:517]: Parsed document: title='The Role of Social Media in the Spread and Countering of Cyber-Extremism: An Islamic Jurisprudential and Educational Perspective', authors=3, sections=41, references=42
[2026-07-26 16:15:32,852] [INFO] [pipeline_service.py:96]: Document analysis completed. Saved structure to: G:\work\Journal2LaTeX\backend\temp\d462ef42-adc5-4887-aa27-9d6fe212c9e7\intermediate\document_structure.json, report to: G:\work\Journal2LaTeX\backend\temp\d462ef42-adc5-4887-aa27-9d6fe212c9e7\intermediate\conversion_report.json
[2026-07-26 16:15:32,868] [INFO] [job_manager.py:204]: Progress updated to 45%: Document structure extracted successfully
[2026-07-26 16:15:32,868] [INFO] [pipeline_service.py:109]: Starting asset extraction for job: d462ef42-adc5-4887-aa27-9d6fe212c9e7
[2026-07-26 16:15:32,883] [INFO] [job_manager.py:180]: Job status updated to: EXTRACTING_ASSETS
[2026-07-26 16:15:32,897] [INFO] [job_manager.py:204]: Progress updated to 50%: Extracting images and figure assets from document
[2026-07-26 16:15:39,557] [INFO] [pipeline_service.py:251]: Office object fig:office1 placed=True
[2026-07-26 16:15:39,605] [INFO] [pipeline_service.py:142]: Assets extracted to: G:\work\Journal2LaTeX\backend\temp\d462ef42-adc5-4887-aa27-9d6fe212c9e7\intermediate\media
[2026-07-26 16:15:39,624] [INFO] [job_manager.py:204]: Progress updated to 60%: Document assets extracted successfully
[2026-07-26 16:15:39,624] [INFO] [pipeline_service.py:259]: Classifying extracted assets for job: d462ef42-adc5-4887-aa27-9d6fe212c9e7
[2026-07-26 16:15:39,624] [INFO] [asset_analyzer.py:23]: Starting extended asset analysis for job: d462ef42-adc5-4887-aa27-9d6fe212c9e7
[2026-07-26 16:15:39,627] [INFO] [asset_analyzer.py:153]: Extended asset classification completed. Assets classified: 8
[2026-07-26 16:15:39,644] [INFO] [job_manager.py:204]: Progress updated to 65%: Extracted assets analyzed and mapped successfully
[2026-07-26 16:15:39,715] [INFO] [pipeline_service.py:275]: Loading template default for job: d462ef42-adc5-4887-aa27-9d6fe212c9e7
[2026-07-26 16:15:39,738] [INFO] [job_manager.py:180]: Job status updated to: LOADING_TEMPLATE
[2026-07-26 16:15:39,759] [INFO] [job_manager.py:204]: Progress updated to 70%: Loading template styles: default
[2026-07-26 16:15:39,853] [INFO] [pipeline_service.py:297]: Template loaded and workspace prepared at: G:\work\Journal2LaTeX\backend\temp\d462ef42-adc5-4887-aa27-9d6fe212c9e7\rendered
[2026-07-26 16:15:39,869] [INFO] [job_manager.py:204]: Progress updated to 80%: Template workspace initialized
[2026-07-26 16:15:39,872] [INFO] [pipeline_service.py:322]: Starting LaTeX rendering for job: d462ef42-adc5-4887-aa27-9d6fe212c9e7
[2026-07-26 16:15:39,887] [INFO] [job_manager.py:180]: Job status updated to: RENDERING_LATEX
[2026-07-26 16:15:39,902] [INFO] [job_manager.py:204]: Progress updated to 85%: Rendering document content to LaTeX
[2026-07-26 16:15:39,921] [INFO] [latex_renderer.py:72]: Starting LaTeX rendering inside workspace: G:\work\Journal2LaTeX\backend\temp\d462ef42-adc5-4887-aa27-9d6fe212c9e7\rendered
[2026-07-26 16:15:40,031] [INFO] [latex_renderer.py:412]: LaTeX document main.tex rendered successfully.
[2026-07-26 16:15:40,175] [INFO] [job_manager.py:204]: Progress updated to 90%: LaTeX document rendering completed
[2026-07-26 16:15:40,176] [INFO] [pipeline_service.py:385]: Starting document compilation for job: d462ef42-adc5-4887-aa27-9d6fe212c9e7
[2026-07-26 16:15:40,194] [INFO] [job_manager.py:180]: Job status updated to: COMPILING
[2026-07-26 16:15:40,209] [INFO] [job_manager.py:204]: Progress updated to 92%: Compiling LaTeX source to PDF
[2026-07-26 16:15:43,160] [INFO] [pipeline_service.py:408]: Compilation completed successfully.
[2026-07-26 16:15:43,164] [INFO] [pipeline_service.py:423]: Running E2E publication fidelity checker for job: d462ef42-adc5-4887-aa27-9d6fe212c9e7
[2026-07-26 16:15:43,164] [INFO] [fidelity_checker.py:24]: Generating advanced fidelity report and scores for job: d462ef42-adc5-4887-aa27-9d6fe212c9e7
[2026-07-26 16:15:43,167] [INFO] [fidelity_checker.py:163]: Fidelity report written to G:\work\Journal2LaTeX\backend\temp\d462ef42-adc5-4887-aa27-9d6fe212c9e7\intermediate\fidelity_report.json. Overall Score: 89.3%, Critical missing: 2
[2026-07-26 16:15:43,184] [INFO] [job_manager.py:180]: Job status updated to: COMPLETED
[2026-07-26 16:15:43,200] [INFO] [job_manager.py:204]: Progress updated to 100%: Pipeline process completed successfully
