This is pdfTeX, Version 3.141592653-2.6-1.40.29 (MiKTeX 26.5) (preloaded format=pdflatex 2026.7.9)  26 JUL 2026 15:29
entering extended mode
 restricted \write18 enabled.
 file:line:error style messages enabled.
 %&-line parsing enabled.
**G:/work/Journal2LaTeX/backend/temp/2d085249-d1dd-4321-ac89-6251680bda85/rende
red/main.tex

(G:/work/Journal2LaTeX/backend/temp/2d085249-d1dd-4321-ac89-6251680bda85/render
ed/main.tex
LaTeX2e <2026-06-01>
L3 programming layer <2026-06-18>
(C:\Users\asus\AppData\Local\Programs\MiKTeX\tex/latex/xcolor\xcolor.sty
Package: xcolor 2024/09/29 v3.02 LaTeX color extensions (UK)

(C:\Users\asus\AppData\Local\Programs\MiKTeX\tex/latex/graphics-cfg\color.cfg
File: color.cfg 2016/01/02 v1.6 sample color configuration
)
Package xcolor Info: Driver file: pdftex.def on input line 274.

(C:\Users\asus\AppData\Local\Programs\MiKTeX\tex/latex/graphics-def\pdftex.def
File: pdftex.def 2025/09/29 v1.2d Graphics/color driver for pdftex
) (C:\Users\asus\AppData\Local\Programs\MiKTeX\tex/latex/graphics\mathcolor.ltx
)
Package xcolor Info: Model `cmy' substituted by `cmy0' on input line 1349.
Package xcolor Info: Model `hsb' substituted by `rgb' on input line 1353.
Package xcolor Info: Model `RGB' extended on input line 1365.
Package xcolor Info: Model `HTML' substituted by `rgb' on input line 1367.
Package xcolor Info: Model `Hsb' substituted by `hsb' on input line 1368.
Package xcolor Info: Model `tHsb' substituted by `hsb' on input line 1369.
Package xcolor Info: Model `HSB' substituted by `hsb' on input line 1370.
Package xcolor Info: Model `Gray' substituted by `gray' on input line 1371.
Package xcolor Info: Model `wave' substituted by `hsb' on input line 1372.
) (C:\Users\asus\AppData\Local\Programs\MiKTeX\tex/latex/graphics\dvipsnam.def
File: dvipsnam.def 2026-05-17 v3.0m Driver-dependent file (DPC,SPQR)
) (C:\Users\asus\AppData\Local\Programs\MiKTeX\tex/latex/xcolor\svgnam.def
File: svgnam.def 2024/09/29 v3.02 Predefined colors according to SVG 1.1 (UK)
)
(C:\Users\asus\AppData\Local\Programs\MiKTeX\tex/latex/xcolor\x11nam.def
File: x11nam.def 2024/09/29 v3.02 Predefined colors according to Unix/X11 (UK)
)
(C:\Users\asus\AppData\Local\Programs\MiKTeX\tex/latex/colortbl\colortbl.sty
Package: colortbl 2026/05/01 v1.0l Color table columns (DPC)

(C:\Users\asus\AppData\Local\Programs\MiKTeX\tex/latex/tools\array.sty
Package: array 2026/02/24 v2.7b Tabular extension package (FMi)
\col@sep=\dimen150
\ar@mcellbox=\box53
\extrarowheight=\dimen151
\NC@list=\toks17
\extratabsurround=\skip49
\backup@length=\skip50
\ar@cellbox=\box54
)
new hooks used!!
\minrowclearance=\skip51
\rownum=\count276
) (NSP1.cls
Document Class: NSP1 2012/01/01
(C:\Users\asus\AppData\Local\Programs\MiKTeX\tex/latex/base\fleqn.clo
File: fleqn.clo 2016/12/29 v1.2b Standard LaTeX option (flush left equations)
\mathindent=\skip52
Applying: [2015/01/01] Make \[ robust on input line 50.
LaTeX Info: Redefining \[ on input line 51.
Already applied: [0000/00/00] Make \[ robust on input line 62.
Applying: [2015/01/01] Make \] robust on input line 74.
LaTeX Info: Redefining \] on input line 75.
Already applied: [0000/00/00] Make \] robust on input line 83.
)
(C:\Users\asus\AppData\Local\Programs\MiKTeX\tex/latex/graphics\graphicx.sty
Package: graphicx 2026-05-17 v1.2e Enhanced LaTeX Graphics (DPC,SPQR)

(C:\Users\asus\AppData\Local\Programs\MiKTeX\tex/latex/graphics\keyval.sty
Package: keyval 2026-05-17 v1.15 key=value parser (DPC)
\KV@toks@=\toks18
)
(C:\Users\asus\AppData\Local\Programs\MiKTeX\tex/latex/graphics\graphics.sty
Package: graphics 2026-05-17 v1.4h Standard LaTeX Graphics (DPC,SPQR)

(C:\Users\asus\AppData\Local\Programs\MiKTeX\tex/latex/graphics\trig.sty
Package: trig 2023/12/02 v1.11 sin cos tan (DPC)
)
(C:\Users\asus\AppData\Local\Programs\MiKTeX\tex/latex/graphics-cfg\graphics.cf
g
File: graphics.cfg 2016/06/04 v1.11 sample graphics configuration
)
Package graphics Info: Driver file: pdftex.def on input line 106.
)
\Gin@req@height=\dimen152
\Gin@req@width=\dimen153
)
(C:\Users\asus\AppData\Local\Programs\MiKTeX\tex/latex/lastpage\lastpage.sty
Package: lastpage 2025/08/14 v2.1h lastpage: 2.09 or 2e? (HMM)

(C:\Users\asus\AppData\Local\Programs\MiKTeX\tex/latex/lastpage\lastpage2e.sty
Package: lastpage2e 2025/08/14 v2.1h Decide which 2e lastpage version to use (H
MM)

(C:\Users\asus\AppData\Local\Programs\MiKTeX\tex/latex/lastpage\lastpagemodern.
sty
Package: lastpagemodern 2025-08-14 v2.1h Refers to last page's name (HMM; JPG)
\c@lastpagecount=\count277
) 
)) (C:\Users\asus\AppData\Local\Programs\MiKTeX\tex/latex/hyperref\hyperref.sty
Package: hyperref 2026-06-17 v7.01r Hypertext links for LaTeX
(C:\Users\asus\AppData\Local\Programs\MiKTeX\tex/generic/iftex\iftex.sty
Package: iftex 2024/12/12 v1.0g TeX engine tests
)
(C:\Users\asus\AppData\Local\Programs\MiKTeX\tex/latex/kvsetkeys\kvsetkeys.sty
Package: kvsetkeys 2022-10-05 v1.19 Key value parser (HO)
)
(C:\Users\asus\AppData\Local\Programs\MiKTeX\tex/generic/kvdefinekeys\kvdefinek
eys.sty
Package: kvdefinekeys 2019-12-19 v1.6 Define keys (HO)
)
(C:\Users\asus\AppData\Local\Programs\MiKTeX\tex/generic/pdfescape\pdfescape.st
y
Package: pdfescape 2019/12/09 v1.15 Implements pdfTeX's escape features (HO)
 (C:\Users\asus\AppData\Local\Programs\MiKTeX\tex/generic/ltxcmds\ltxcmds.sty
Package: ltxcmds 2023-12-04 v1.26 LaTeX kernel commands for general use (HO)
)
(C:\Users\asus\AppData\Local\Programs\MiKTeX\tex/generic/pdftexcmds\pdftexcmds.
sty
Package: pdftexcmds 2020-06-27 v0.33 Utility functions of pdfTeX for LuaTeX (HO
)

(C:\Users\asus\AppData\Local\Programs\MiKTeX\tex/generic/infwarerr\infwarerr.st
y
Package: infwarerr 2019/12/03 v1.5 Providing info/warning/error messages (HO)
)
Package pdftexcmds Info: \pdf@primitive is available.
Package pdftexcmds Info: \pdf@ifprimitive is available.
Package pdftexcmds Info: \pdfdraftmode found.
)) (C:\Users\asus\AppData\Local\Programs\MiKTeX\tex/latex/hycolor\hycolor.sty
Package: hycolor 2020-01-27 v1.10 Color options for hyperref/bookmark (HO)
) (C:\Users\asus\AppData\Local\Programs\MiKTeX\tex/latex/hyperref\nameref.sty
Package: nameref 2026-01-29 v2.58 Cross-referencing by name of section

(C:\Users\asus\AppData\Local\Programs\MiKTeX\tex/latex/refcount\refcount.sty
Package: refcount 2019/12/15 v3.6 Data extraction from label references (HO)
)
(C:\Users\asus\AppData\Local\Programs\MiKTeX\tex/generic/gettitlestring\gettitl
estring.sty
Package: gettitlestring 2019/12/15 v1.6 Cleanup title references (HO)

(C:\Users\asus\AppData\Local\Programs\MiKTeX\tex/latex/kvoptions\kvoptions.sty
Package: kvoptions 2022-06-15 v3.15 Key value format for package options (HO)
))
\c@section@level=\count278
) (C:\Users\asus\AppData\Local\Programs\MiKTeX\tex/latex/etoolbox\etoolbox.sty
Package: etoolbox 2025/10/02 v2.5m e-TeX tools for LaTeX (JAW)
\etb@tempcnta=\count279
)
(C:\Users\asus\AppData\Local\Programs\MiKTeX\tex/generic/stringenc\stringenc.st
y
Package: stringenc 2019/11/29 v1.12 Convert strings between diff. encodings (HO
)
)
\@linkdim=\dimen154
\Hy@linkcounter=\count280
\Hy@pagecounter=\count281
 (C:\Users\asus\AppData\Local\Programs\MiKTeX\tex/latex/hyperref\pd1enc.def
File: pd1enc.def 2026-06-17 v7.01r Hyperref: PDFDocEncoding definition (HO)
Now handling font encoding PD1 ...
... no UTF-8 mapping file for font encoding PD1
)
(C:\Users\asus\AppData\Local\Programs\MiKTeX\tex/generic/intcalc\intcalc.sty
Package: intcalc 2019/12/15 v1.3 Expandable calculations with integers (HO)
)
\Hy@SavedSpaceFactor=\count282

(C:\Users\asus\AppData\Local\Programs\MiKTeX\tex/latex/hyperref\puenc.def
File: puenc.def 2026-06-17 v7.01r Hyperref: PDF Unicode definition (HO)
Now handling font encoding PU ...
... no UTF-8 mapping file for font encoding PU
)
Package hyperref Info: Option `colorlinks' set `true' on input line 4070.
Package hyperref Info: Hyper figures OFF on input line 4199.
Package hyperref Info: Link nesting OFF on input line 4204.
Package hyperref Info: Hyper index ON on input line 4207.
Package hyperref Info: Plain pages OFF on input line 4214.
Package hyperref Info: Backreferencing OFF on input line 4219.
Package hyperref Info: Implicit mode ON; LaTeX internals redefined.
Package hyperref Info: Bookmarks ON on input line 4466.
\c@Hy@tempcnt=\count283

(C:\Users\asus\AppData\Local\Programs\MiKTeX\tex/latex/url\url.sty
\Urlmuskip=\muskip17
Package: url 2013/09/16  ver 3.4  Verb mode for urls, etc.
)
LaTeX Info: Redefining \url on input line 4805.
\XeTeXLinkMargin=\dimen155

(C:\Users\asus\AppData\Local\Programs\MiKTeX\tex/generic/bitset\bitset.sty
Package: bitset 2019/12/09 v1.3 Handle bit-vector datatype (HO)

(C:\Users\asus\AppData\Local\Programs\MiKTeX\tex/generic/bigintcalc\bigintcalc.
sty
Package: bigintcalc 2019/12/15 v1.5 Expandable calculations on big integers (HO
)
))
\Fld@menulength=\count284
\Field@Width=\dimen156
\Fld@charsize=\dimen157
Package hyperref Info: Hyper figures OFF on input line 6091.
Package hyperref Info: Link nesting OFF on input line 6096.
Package hyperref Info: Hyper index ON on input line 6099.
Package hyperref Info: backreferencing OFF on input line 6106.
Package hyperref Info: Link coloring ON on input line 6109.
Package hyperref Info: Link coloring with OCG OFF on input line 6116.
Package hyperref Info: PDF/A mode OFF on input line 6121.


Package hyperref Warning: Option `pdfpagelabels' is turned off
(hyperref)                because \thepage is undefined.

\c@Item=\count285
\c@Hfootnote=\count286
)
Package hyperref Info: Driver (autodetected): hpdftex.
 (C:\Users\asus\AppData\Local\Programs\MiKTeX\tex/latex/hyperref\hpdftex.def
File: hpdftex.def 2026-06-17 v7.01r Hyperref driver for pdfTeX
\Fld@listcount=\count287
\c@bookmark@seq@number=\count288

(C:\Users\asus\AppData\Local\Programs\MiKTeX\tex/latex/rerunfilecheck\rerunfile
check.sty
Package: rerunfilecheck 2025-06-21 v1.11 Rerun checks for auxiliary files (HO)

(C:\Users\asus\AppData\Local\Programs\MiKTeX\tex/generic/uniquecounter\uniqueco
unter.sty
Package: uniquecounter 2019/12/15 v1.4 Provide unlimited unique counter (HO)
)
Package uniquecounter Info: New unique counter `rerunfilecheck' on input line 2
84.
)
\Hy@SectionHShift=\skip53
)
LaTeX Font Info:    Redeclaring math symbol \Gamma on input line 73.
LaTeX Font Info:    Redeclaring math symbol \Delta on input line 74.
LaTeX Font Info:    Redeclaring math symbol \Theta on input line 75.
LaTeX Font Info:    Redeclaring math symbol \Lambda on input line 76.
LaTeX Font Info:    Redeclaring math symbol \Xi on input line 77.
LaTeX Font Info:    Redeclaring math symbol \Pi on input line 78.
LaTeX Font Info:    Redeclaring math symbol \Sigma on input line 79.
LaTeX Font Info:    Redeclaring math symbol \Upsilon on input line 80.
LaTeX Font Info:    Redeclaring math symbol \Phi on input line 81.
LaTeX Font Info:    Redeclaring math symbol \Psi on input line 82.
LaTeX Font Info:    Redeclaring math symbol \Omega on input line 83.
\logodepth=\dimen158
\headerboxheight=\dimen159
\betweenumberspace=\dimen160
\aftertext=\dimen161
\headlineindent=\dimen162
\c@inst=\count289
\c@auth=\count290
\instindent=\dimen163
\authrun=\box55
\authorrunning=\toks19
\titrun=\box56
\titlerunning=\toks20
\combirun=\box57
\c@lastpage=\count291
\c@section=\count292
\c@subsection=\count293
\c@subsubsection=\count294
\c@paragraph=\count295
\c@subparagraph=\count296
\c@theorem=\count297
\c@case=\count298
\c@conjecture=\count299
\c@corollary=\count300
\c@definition=\count301
\c@example=\count302
\c@exercise=\count303
\c@lemma=\count304
\c@note=\count305
\c@problem=\count306
\c@property=\count307
\c@proposition=\count308
\c@question=\count309
\c@solution=\count310
\c@remark=\count311
\c@figure=\count312
\c@table=\count313
\abovecaptionskip=\skip54
\belowcaptionskip=\skip55
\figcapgap=\dimen164
\tabcapgap=\dimen165
\figgap=\dimen166
\bibindent=\dimen167
\@tempcntc=\count314
)
(C:\Users\asus\AppData\Local\Programs\MiKTeX\tex/latex/makecell\makecell.sty
Package: makecell 2009/08/03 V0.1e Managing of Tab Column Heads and Cells
\rotheadsize=\dimen168
\c@nlinenum=\count315
\TeXr@lab=\toks21
)
(C:\Users\asus\AppData\Local\Programs\MiKTeX\tex/latex/floatflt\floatflt.sty
Package: floatflt 1997/07/16 v. 1.31
\c@OptionTest=\count316
\figbox=\box58
\tabbox=\box59
\pagebox=\box60
\ffigcount=\count317
\ftabcount=\count318
\fftest=\count319
\hangcount=\count320
\nosuccesstryfig=\count321
\nosuccesstrytab=\count322
\figgutter=\dimen169
\tabgutter=\dimen170
\htdone=\dimen171
\pageht=\dimen172
\startpageht=\dimen173
\tabbredd=\dimen174
\floatfltwidth=\dimen175
\fltitemwidth=\dimen176
\outputpretest=\toks22
)
(C:\Users\asus\AppData\Local\Programs\MiKTeX\tex/latex/psnfss\helvet.sty
Package: helvet 2020/03/25 PSNFSS-v9.3 (WaS) 
)
(C:\Users\asus\AppData\Local\Programs\MiKTeX\tex/latex/psnfss\times.sty
Package: times 2020/03/25 PSNFSS-v9.3 (SPQR) 
)
(C:\Users\asus\AppData\Local\Programs\MiKTeX\tex/latex/float\float.sty
Package: float 2001/11/08 v1.3d Float enhancements (AL)
\c@float@type=\count323
\float@exts=\toks23
\float@box=\box61
\@float@everytoks=\toks24
\@floatcapt=\box62
)
(C:\Users\asus\AppData\Local\Programs\MiKTeX\tex/latex/psnfss\mathptmx.sty
Package: mathptmx 2020/03/25 PSNFSS-v9.3 Times w/ Math, improved (SPQR, WaS) 
LaTeX Font Info:    Redeclaring symbol font `operators' on input line 28.
LaTeX Font Info:    Overwriting symbol font `operators' in version `normal'
(Font)                  OT1/cmr/m/n --> OT1/ztmcm/m/n on input line 28.
LaTeX Font Info:    Overwriting symbol font `operators' in version `bold'
(Font)                  OT1/cmr/bx/n --> OT1/ztmcm/m/n on input line 28.
LaTeX Font Info:    Redeclaring symbol font `letters' on input line 29.
LaTeX Font Info:    Overwriting symbol font `letters' in version `normal'
(Font)                  OML/cmm/m/it --> OML/ztmcm/m/it on input line 29.
LaTeX Font Info:    Overwriting symbol font `letters' in version `bold'
(Font)                  OML/cmm/b/it --> OML/ztmcm/m/it on input line 29.
LaTeX Font Info:    Redeclaring symbol font `symbols' on input line 30.
LaTeX Font Info:    Overwriting symbol font `symbols' in version `normal'
(Font)                  OMS/cmsy/m/n --> OMS/ztmcm/m/n on input line 30.
LaTeX Font Info:    Overwriting symbol font `symbols' in version `bold'
(Font)                  OMS/cmsy/b/n --> OMS/ztmcm/m/n on input line 30.
LaTeX Font Info:    Redeclaring symbol font `largesymbols' on input line 31.
LaTeX Font Info:    Overwriting symbol font `largesymbols' in version `normal'
(Font)                  OMX/cmex/m/n --> OMX/ztmcm/m/n on input line 31.
LaTeX Font Info:    Overwriting symbol font `largesymbols' in version `bold'
(Font)                  OMX/cmex/m/n --> OMX/ztmcm/m/n on input line 31.
\symbold=\mathgroup4
\symitalic=\mathgroup5
LaTeX Font Info:    Redeclaring math alphabet \mathbf on input line 34.
LaTeX Font Info:    Overwriting math alphabet `\mathbf' in version `normal'
(Font)                  OT1/cmr/bx/n --> OT1/ptm/bx/n on input line 34.
LaTeX Font Info:    Overwriting math alphabet `\mathbf' in version `bold'
(Font)                  OT1/cmr/bx/n --> OT1/ptm/bx/n on input line 34.
LaTeX Font Info:    Redeclaring math alphabet \mathit on input line 35.
LaTeX Font Info:    Overwriting math alphabet `\mathit' in version `normal'
(Font)                  OT1/cmr/m/it --> OT1/ptm/m/it on input line 35.
LaTeX Font Info:    Overwriting math alphabet `\mathit' in version `bold'
(Font)                  OT1/cmr/bx/it --> OT1/ptm/m/it on input line 35.
LaTeX Info: Redefining \hbar on input line 50.
)
(C:\Users\asus\AppData\Local\Programs\MiKTeX\tex/latex/amsmath\amsmath.sty
Package: amsmath 2026/05/19 v2.18d AMS math features
\@mathmargin=\skip56

For additional information on amsmath, use the `?' option.
(C:\Users\asus\AppData\Local\Programs\MiKTeX\tex/latex/amsmath\amstext.sty
Package: amstext 2024/11/17 v2.01 AMS text

(C:\Users\asus\AppData\Local\Programs\MiKTeX\tex/latex/amsmath\amsgen.sty
File: amsgen.sty 1999/11/30 v2.0 generic functions
\@emptytoks=\toks25
\ex@=\dimen177
))
(C:\Users\asus\AppData\Local\Programs\MiKTeX\tex/latex/amsmath\amsbsy.sty
Package: amsbsy 1999/11/29 v1.2d Bold Symbols
\pmbraise@=\dimen178
)
(C:\Users\asus\AppData\Local\Programs\MiKTeX\tex/latex/amsmath\amsopn.sty
Package: amsopn 2022/04/08 v2.04 operator names
)
\inf@bad=\count324
LaTeX Info: Redefining \frac on input line 233.
\uproot@=\count325
\leftroot@=\count326
LaTeX Info: Redefining \overline on input line 398.
LaTeX Info: Redefining \colon on input line 409.
\classnum@=\count327
\DOTSCASE@=\count328
LaTeX Info: Redefining \ldots on input line 495.
LaTeX Info: Redefining \dots on input line 498.
LaTeX Info: Redefining \cdots on input line 619.
\Mathstrutbox@=\box63
\strutbox@=\box64
LaTeX Info: Redefining \big on input line 721.
LaTeX Info: Redefining \Big on input line 722.
LaTeX Info: Redefining \bigg on input line 723.
LaTeX Info: Redefining \Bigg on input line 724.
\big@size=\dimen179
LaTeX Font Info:    Redeclaring font encoding OML on input line 742.
LaTeX Font Info:    Redeclaring font encoding OMS on input line 743.
\macc@depth=\count329
LaTeX Info: Redefining \bmod on input line 904.
LaTeX Info: Redefining \pmod on input line 909.
LaTeX Info: Redefining \smash on input line 939.
LaTeX Info: Redefining \relbar on input line 969.
LaTeX Info: Redefining \Relbar on input line 970.
\c@MaxMatrixCols=\count330
\dotsspace@=\muskip18
\c@parentequation=\count331
\dspbrk@lvl=\count332
\tag@help=\toks26
\row@=\count333
\column@=\count334
\maxfields@=\count335
\andhelp@=\toks27
\eqnshift@=\dimen180
\alignsep@=\dimen181
\tagshift@=\dimen182
\tagwidth@=\dimen183
\totwidth@=\dimen184
\lineht@=\dimen185
\@envbody=\toks28
\multlinegap=\skip57
\multlinetaggap=\skip58
\mathdisplay@stack=\toks29
LaTeX Info: Redefining \[ on input line 2965.
LaTeX Info: Redefining \] on input line 2966.
)
(C:\Users\asus\AppData\Local\Programs\MiKTeX\tex/latex/amsfonts\amssymb.sty
Package: amssymb 2013/01/14 v3.01 AMS font symbols

(C:\Users\asus\AppData\Local\Programs\MiKTeX\tex/latex/amsfonts\amsfonts.sty
Package: amsfonts 2013/01/14 v3.01 Basic AMSFonts support
\symAMSa=\mathgroup6
\symAMSb=\mathgroup7
LaTeX Font Info:    Overwriting math alphabet `\mathfrak' in version `bold'
(Font)                  U/euf/m/n --> U/euf/b/n on input line 106.
))
(C:\Users\asus\AppData\Local\Programs\MiKTeX\tex/latex/tools\bm.sty
Package: bm 2025/10/21 v1.2g Bold Symbol Support (DPC/FMi)
Package bm Info: No bold for \OT1/ztmcm/m/n, using \pmb.
Package bm Info: No bold for \OML/ztmcm/m/it, using \pmb.
Package bm Info: No bold for \OMS/ztmcm/m/n, using \pmb.
Package bm Info: No bold for \OMX/ztmcm/m/n, using \pmb.
Package bm Info: No bold for \OT1/ptm/bx/n, using \pmb.
Package bm Info: No bold for \OT1/ptm/m/it, using \pmb.
Package bm Info: No bold for \U/msa/m/n, using \pmb.
Package bm Info: No bold for \U/msb/m/n, using \pmb.
)
(C:\Users\asus\AppData\Local\Programs\MiKTeX\tex/latex/caption\caption.sty
Package: caption 2023/08/05 v3.6o Customizing captions (AR)

(C:\Users\asus\AppData\Local\Programs\MiKTeX\tex/latex/caption\caption3.sty
Package: caption3 2023/07/31 v2.4d caption3 kernel (AR)
\caption@tempdima=\dimen186
\captionmargin=\dimen187
\caption@leftmargin=\dimen188
\caption@rightmargin=\dimen189
\caption@width=\dimen190
\caption@indent=\dimen191
\caption@parindent=\dimen192
\caption@hangindent=\dimen193
Package caption Info: Unknown document class (or package),
(caption)             standard defaults will be used.
Package caption Info: \@makecaption = \long macro:#1#2->\captionstyle \ifx \@ca
ptype \fig@type \vskip \figcapgap \fi \setbox \@tempboxa \hbox {{\floatlegendst
yle #1\floatcounterend }\capstrut #2}\ifdim \wd \@tempboxa >\hsize {\floatlegen
dstyle #1\floatcounterend }\capstrut #2\par \else \hbox to\hsize {\leftlegendgl
ue \unhbox \@tempboxa \hfil }\fi \ifx \@captype \fig@type \else \vskip \tabcapg
ap \fi  on input line 1175.
)

Package caption Warning: Unknown document class (or package),
(caption)                standard defaults will be used.
See the caption package documentation for explanation.

\c@caption@flags=\count336
\c@continuedfloat=\count337
Package caption Info: float package is loaded.
Package caption Info: floatflt package is loaded.
Package caption Info: hyperref package is loaded.
) (C:\Users\asus\AppData\Local\Programs\MiKTeX\tex/latex/multirow\multirow.sty
Package: multirow 2024/11/12 v2.9 Span multiple rows of a table
\multirow@colwidth=\skip59
\multirow@cntb=\count338
\multirow@dima=\skip60
\bigstrutjot=\dimen194
)
(C:\Users\asus\AppData\Local\Programs\MiKTeX\tex/latex/newunicodechar\newunicod
echar.sty
Package: newunicodechar 2018/04/08 v1.2 Defining Unicode characters
)
(C:\Users\asus\AppData\Local\Programs\MiKTeX\tex/latex/sttools\cuted.sty
Package: cuted 2025/12/15 v2.10 Mixing onecolumn and twocolumn modes (ST)
\At@ViperColsBreak=\toks30
\preCutedStrip=\toks31
\postCutedStrip=\toks32
\cuted@@tempbox@a=\box65
\cuted@@tempbox@c=\box66
\cuted@@tempbox@var=\box67
\hold@viper=\box68
\@viper=\box69
\cuted@@varbox@a=\box70
\cuted@@varbox@c=\box71
\cuted@@tempdim@spread=\dimen195
\cuted@@tempdim@a=\dimen196
\cuted@@tempdim@b=\dimen197
\ht@hold@viper=\dimen198
\ht@viper=\dimen199
\var@@pagediscards@ht=\dimen256
\stripsep=\skip61
\viper@penalty=\count339
\strip@page@discards=\dimen257
)

Package newunicodechar Warning: Redefining Unicode character on input line 111.



Package newunicodechar Warning: Redefining Unicode character on input line 112.



Package newunicodechar Warning: Redefining Unicode character on input line 113.



Package newunicodechar Warning: Redefining Unicode character on input line 114.



Package newunicodechar Warning: Redefining Unicode character on input line 115.



Package newunicodechar Warning: Redefining Unicode character on input line 116.



Package newunicodechar Warning: Redefining Unicode character on input line 117.



Package newunicodechar Warning: Redefining Unicode character on input line 118.



Package newunicodechar Warning: Redefining Unicode character on input line 119.



Package newunicodechar Warning: Redefining Unicode character on input line 120.


LaTeX Font Info:    Trying to load font information for OT1+ptm on input line 1
21.
(C:\Users\asus\AppData\Local\Programs\MiKTeX\tex/latex/psnfss\ot1ptm.fd
File: ot1ptm.fd 2001/06/04 font definitions for OT1/ptm.
)
(C:\Users\asus\AppData\Local\Programs\MiKTeX\tex/latex/l3backend\l3backend-pdft
ex.def
File: l3backend-pdftex.def 2026-02-18 L3 backend support: PDF output (pdfTeX)
\l__color_backend_stack_int=\count340
) (main.aux)
\openout1 = `main.aux'.

LaTeX Font Info:    Checking defaults for OML/cmm/m/it on input line 121.
LaTeX Font Info:    ... okay on input line 121.
LaTeX Font Info:    Checking defaults for OMS/cmsy/m/n on input line 121.
LaTeX Font Info:    ... okay on input line 121.
LaTeX Font Info:    Checking defaults for OT1/cmr/m/n on input line 121.
LaTeX Font Info:    ... okay on input line 121.
LaTeX Font Info:    Checking defaults for T1/cmr/m/n on input line 121.
LaTeX Font Info:    ... okay on input line 121.
LaTeX Font Info:    Checking defaults for TS1/cmr/m/n on input line 121.
LaTeX Font Info:    ... okay on input line 121.
LaTeX Font Info:    Checking defaults for OMX/cmex/m/n on input line 121.
LaTeX Font Info:    ... okay on input line 121.
LaTeX Font Info:    Checking defaults for U/cmr/m/n on input line 121.
LaTeX Font Info:    ... okay on input line 121.
LaTeX Font Info:    Checking defaults for PD1/pdf/m/n on input line 121.
LaTeX Font Info:    ... okay on input line 121.
LaTeX Font Info:    Checking defaults for PU/pdf/m/n on input line 121.
LaTeX Font Info:    ... okay on input line 121.

(C:\Users\asus\AppData\Local\Programs\MiKTeX\tex/context/base/mkii\supp-pdf.mki
i
[Loading MPS to PDF converter (version 2006.09.02).]
\scratchcounter=\count341
\scratchdimen=\dimen258
\scratchbox=\box72
\nofMPsegments=\count342
\nofMParguments=\count343
\everyMPshowfont=\toks33
\MPscratchCnt=\count344
\MPscratchDim=\dimen259
\MPnumerator=\count345
\makeMPintoPDFobject=\count346
\everyMPtoPDFconversion=\toks34
)
(C:\Users\asus\AppData\Local\Programs\MiKTeX\tex/latex/epstopdf-pkg\epstopdf-ba
se.sty
Package: epstopdf-base 2020-01-24 v2.11 Base part for package epstopdf
Package epstopdf-base Info: Redefining graphics rule for `.eps' on input line 4
85.

(C:\Users\asus\AppData\Local\Programs\MiKTeX\tex/latex/00miktex\epstopdf-sys.cf
g
File: epstopdf-sys.cfg 2021/03/18 v2.0 Configuration of epstopdf for MiKTeX
))
Package hyperref Info: Link coloring ON on input line 121.
\@outlinefile=\write3
\openout3 = `main.out'.

Package caption Info: Begin \AtBeginDocument code.
Package caption Info: End \AtBeginDocument code.


LaTeX Warning: Reference `LastPage' on page 1 undefined on input line 156.

LaTeX Font Info:    Trying to load font information for OT1+ztmcm on input line
 156.
(C:\Users\asus\AppData\Local\Programs\MiKTeX\tex/latex/psnfss\ot1ztmcm.fd
File: ot1ztmcm.fd 2000/01/03 Fontinst v1.801 font definitions for OT1/ztmcm.
)
LaTeX Font Info:    Trying to load font information for OML+ztmcm on input line
 156.

(C:\Users\asus\AppData\Local\Programs\MiKTeX\tex/latex/psnfss\omlztmcm.fd
File: omlztmcm.fd 2000/01/03 Fontinst v1.801 font definitions for OML/ztmcm.
)
LaTeX Font Info:    Trying to load font information for OMS+ztmcm on input line
 156.

(C:\Users\asus\AppData\Local\Programs\MiKTeX\tex/latex/psnfss\omsztmcm.fd
File: omsztmcm.fd 2000/01/03 Fontinst v1.801 font definitions for OMS/ztmcm.
)
LaTeX Font Info:    Trying to load font information for OMX+ztmcm on input line
 156.

(C:\Users\asus\AppData\Local\Programs\MiKTeX\tex/latex/psnfss\omxztmcm.fd
File: omxztmcm.fd 2000/01/03 Fontinst v1.801 font definitions for OMX/ztmcm.
)
LaTeX Font Info:    Font shape `OT1/ptm/bx/n' in size <9> not available
(Font)              Font shape `OT1/ptm/b/n' tried instead on input line 156.
LaTeX Font Info:    Font shape `OT1/ptm/bx/n' in size <7> not available
(Font)              Font shape `OT1/ptm/b/n' tried instead on input line 156.
LaTeX Font Info:    Font shape `OT1/ptm/bx/n' in size <5> not available
(Font)              Font shape `OT1/ptm/b/n' tried instead on input line 156.
Package epstopdf Info: Source file: <logo7pt.eps>
(epstopdf)                    date: 2026-07-26 15:29:13
(epstopdf)                    size: 335242 bytes
(epstopdf)             Output file: <logo7pt-eps-converted-to.pdf>
(epstopdf)                    date: 2026-07-26 15:29:13
(epstopdf)                    size: 34205 bytes
(epstopdf)             Command: <miktex-epstopdf --outfile=logo7pt-eps-converte
d-to.pdf logo7pt.eps>
(epstopdf)             \includegraphics on input line 156.
Package epstopdf Info: Output file is already uptodate.
<logo7pt-eps-converted-to.pdf, id=4, 71.26625pt x 20.075pt>
File: logo7pt-eps-converted-to.pdf Graphic file (type pdf)
<use logo7pt-eps-converted-to.pdf>
Package pdftex.def Info: logo7pt-eps-converted-to.pdf  used on input line 156.
(pdftex.def)             Requested size: 71.26605pt x 20.07494pt.
LaTeX Font Info:    Font shape `OT1/ptm/bx/n' in size <6> not available
(Font)              Font shape `OT1/ptm/b/n' tried instead on input line 156.
LaTeX Font Info:    Trying to load font information for TS1+ptm on input line 1
56.

(C:\Users\asus\AppData\Local\Programs\MiKTeX\tex/latex/psnfss\ts1ptm.fd
File: ts1ptm.fd 2001/06/04 font definitions for TS1/ptm.
)
[1{C:/Users/asus/AppData/Local/MiKTeX/fonts/map/pdftex/pdftex.map}{C:/Users/asu
s/AppData/Local/Programs/MiKTeX/fonts/enc/dvips/base/8r.enc} <./logo7pt-eps-con
verted-to.pdf>]
Package epstopdf Info: Source file: <logo7pt.eps>
(epstopdf)                    date: 2026-07-26 15:29:13
(epstopdf)                    size: 335242 bytes
(epstopdf)             Output file: <logo7pt-eps-converted-to.pdf>
(epstopdf)                    date: 2026-07-26 15:29:13
(epstopdf)                    size: 34205 bytes
(epstopdf)             Command: <miktex-epstopdf --outfile=logo7pt-eps-converte
d-to.pdf logo7pt.eps>
(epstopdf)             \includegraphics on input line 168.
Package epstopdf Info: Output file is already uptodate.
File: logo7pt-eps-converted-to.pdf Graphic file (type pdf)
<use logo7pt-eps-converted-to.pdf>
Package pdftex.def Info: logo7pt-eps-converted-to.pdf  used on input line 168.
(pdftex.def)             Requested size: 71.26605pt x 20.07494pt.
 [2]
Underfull \vbox (badness 1558) has occurred while \output is active []



LaTeX Warning: Reference `LastPage' on page 3 undefined on input line 180.

Package epstopdf Info: Source file: <logo7pt.eps>
(epstopdf)                    date: 2026-07-26 15:29:13
(epstopdf)                    size: 335242 bytes
(epstopdf)             Output file: <logo7pt-eps-converted-to.pdf>
(epstopdf)                    date: 2026-07-26 15:29:13
(epstopdf)                    size: 34205 bytes
(epstopdf)             Command: <miktex-epstopdf --outfile=logo7pt-eps-converte
d-to.pdf logo7pt.eps>
(epstopdf)             \includegraphics on input line 180.
Package epstopdf Info: Output file is already uptodate.
File: logo7pt-eps-converted-to.pdf Graphic file (type pdf)
<use logo7pt-eps-converted-to.pdf>
Package pdftex.def Info: logo7pt-eps-converted-to.pdf  used on input line 180.
(pdftex.def)             Requested size: 71.26605pt x 20.07494pt.
[3]
Package epstopdf Info: Source file: <logo7pt.eps>
(epstopdf)                    date: 2026-07-26 15:29:13
(epstopdf)                    size: 335242 bytes
(epstopdf)             Output file: <logo7pt-eps-converted-to.pdf>
(epstopdf)                    date: 2026-07-26 15:29:13
(epstopdf)                    size: 34205 bytes
(epstopdf)             Command: <miktex-epstopdf --outfile=logo7pt-eps-converte
d-to.pdf logo7pt.eps>
(epstopdf)             \includegraphics on input line 220.
Package epstopdf Info: Output file is already uptodate.
File: logo7pt-eps-converted-to.pdf Graphic file (type pdf)
<use logo7pt-eps-converted-to.pdf>
Package pdftex.def Info: logo7pt-eps-converted-to.pdf  used on input line 220.
(pdftex.def)             Requested size: 71.26605pt x 20.07494pt.
 [4]

LaTeX Warning: Reference `LastPage' on page 5 undefined on input line 231.

Package epstopdf Info: Source file: <logo7pt.eps>
(epstopdf)                    date: 2026-07-26 15:29:13
(epstopdf)                    size: 335242 bytes
(epstopdf)             Output file: <logo7pt-eps-converted-to.pdf>
(epstopdf)                    date: 2026-07-26 15:29:13
(epstopdf)                    size: 34205 bytes
(epstopdf)             Command: <miktex-epstopdf --outfile=logo7pt-eps-converte
d-to.pdf logo7pt.eps>
(epstopdf)             \includegraphics on input line 231.
Package epstopdf Info: Output file is already uptodate.
File: logo7pt-eps-converted-to.pdf Graphic file (type pdf)
<use logo7pt-eps-converted-to.pdf>
Package pdftex.def Info: logo7pt-eps-converted-to.pdf  used on input line 231.
(pdftex.def)             Requested size: 71.26605pt x 20.07494pt.
[5]
Package epstopdf Info: Source file: <logo7pt.eps>
(epstopdf)                    date: 2026-07-26 15:29:13
(epstopdf)                    size: 335242 bytes
(epstopdf)             Output file: <logo7pt-eps-converted-to.pdf>
(epstopdf)                    date: 2026-07-26 15:29:13
(epstopdf)                    size: 34205 bytes
(epstopdf)             Command: <miktex-epstopdf --outfile=logo7pt-eps-converte
d-to.pdf logo7pt.eps>
(epstopdf)             \includegraphics on input line 248.
Package epstopdf Info: Output file is already uptodate.
File: logo7pt-eps-converted-to.pdf Graphic file (type pdf)
<use logo7pt-eps-converted-to.pdf>
Package pdftex.def Info: logo7pt-eps-converted-to.pdf  used on input line 248.
(pdftex.def)             Requested size: 71.26605pt x 20.07494pt.
 [6]

LaTeX Warning: Reference `LastPage' on page 7 undefined on input line 266.

Package epstopdf Info: Source file: <logo7pt.eps>
(epstopdf)                    date: 2026-07-26 15:29:13
(epstopdf)                    size: 335242 bytes
(epstopdf)             Output file: <logo7pt-eps-converted-to.pdf>
(epstopdf)                    date: 2026-07-26 15:29:13
(epstopdf)                    size: 34205 bytes
(epstopdf)             Command: <miktex-epstopdf --outfile=logo7pt-eps-converte
d-to.pdf logo7pt.eps>
(epstopdf)             \includegraphics on input line 266.
Package epstopdf Info: Output file is already uptodate.
File: logo7pt-eps-converted-to.pdf Graphic file (type pdf)
<use logo7pt-eps-converted-to.pdf>
Package pdftex.def Info: logo7pt-eps-converted-to.pdf  used on input line 266.
(pdftex.def)             Requested size: 71.26605pt x 20.07494pt.
[7]
Package epstopdf Info: Source file: <logo7pt.eps>
(epstopdf)                    date: 2026-07-26 15:29:13
(epstopdf)                    size: 335242 bytes
(epstopdf)             Output file: <logo7pt-eps-converted-to.pdf>
(epstopdf)                    date: 2026-07-26 15:29:13
(epstopdf)                    size: 34205 bytes
(epstopdf)             Command: <miktex-epstopdf --outfile=logo7pt-eps-converte
d-to.pdf logo7pt.eps>
(epstopdf)             \includegraphics on input line 283.
Package epstopdf Info: Output file is already uptodate.
File: logo7pt-eps-converted-to.pdf Graphic file (type pdf)
<use logo7pt-eps-converted-to.pdf>
Package pdftex.def Info: logo7pt-eps-converted-to.pdf  used on input line 283.
(pdftex.def)             Requested size: 71.26605pt x 20.07494pt.
 [8]

LaTeX Warning: Reference `LastPage' on page 9 undefined on input line 302.

Package epstopdf Info: Source file: <logo7pt.eps>
(epstopdf)                    date: 2026-07-26 15:29:13
(epstopdf)                    size: 335242 bytes
(epstopdf)             Output file: <logo7pt-eps-converted-to.pdf>
(epstopdf)                    date: 2026-07-26 15:29:13
(epstopdf)                    size: 34205 bytes
(epstopdf)             Command: <miktex-epstopdf --outfile=logo7pt-eps-converte
d-to.pdf logo7pt.eps>
(epstopdf)             \includegraphics on input line 302.
Package epstopdf Info: Output file is already uptodate.
File: logo7pt-eps-converted-to.pdf Graphic file (type pdf)
<use logo7pt-eps-converted-to.pdf>
Package pdftex.def Info: logo7pt-eps-converted-to.pdf  used on input line 302.
(pdftex.def)             Requested size: 71.26605pt x 20.07494pt.
[9]
Package epstopdf Info: Source file: <logo7pt.eps>
(epstopdf)                    date: 2026-07-26 15:29:13
(epstopdf)                    size: 335242 bytes
(epstopdf)             Output file: <logo7pt-eps-converted-to.pdf>
(epstopdf)                    date: 2026-07-26 15:29:13
(epstopdf)                    size: 34205 bytes
(epstopdf)             Command: <miktex-epstopdf --outfile=logo7pt-eps-converte
d-to.pdf logo7pt.eps>
(epstopdf)             \includegraphics on input line 318.
Package epstopdf Info: Output file is already uptodate.
File: logo7pt-eps-converted-to.pdf Graphic file (type pdf)
<use logo7pt-eps-converted-to.pdf>
Package pdftex.def Info: logo7pt-eps-converted-to.pdf  used on input line 318.
(pdftex.def)             Requested size: 71.26605pt x 20.07494pt.
 [10]

LaTeX Warning: Reference `LastPage' on page 11 undefined on input line 334.

Package epstopdf Info: Source file: <logo7pt.eps>
(epstopdf)                    date: 2026-07-26 15:29:13
(epstopdf)                    size: 335242 bytes
(epstopdf)             Output file: <logo7pt-eps-converted-to.pdf>
(epstopdf)                    date: 2026-07-26 15:29:13
(epstopdf)                    size: 34205 bytes
(epstopdf)             Command: <miktex-epstopdf --outfile=logo7pt-eps-converte
d-to.pdf logo7pt.eps>
(epstopdf)             \includegraphics on input line 334.
Package epstopdf Info: Output file is already uptodate.
File: logo7pt-eps-converted-to.pdf Graphic file (type pdf)
<use logo7pt-eps-converted-to.pdf>
Package pdftex.def Info: logo7pt-eps-converted-to.pdf  used on input line 334.
(pdftex.def)             Requested size: 71.26605pt x 20.07494pt.
[11]
Package epstopdf Info: Source file: <logo7pt.eps>
(epstopdf)                    date: 2026-07-26 15:29:13
(epstopdf)                    size: 335242 bytes
(epstopdf)             Output file: <logo7pt-eps-converted-to.pdf>
(epstopdf)                    date: 2026-07-26 15:29:13
(epstopdf)                    size: 34205 bytes
(epstopdf)             Command: <miktex-epstopdf --outfile=logo7pt-eps-converte
d-to.pdf logo7pt.eps>
(epstopdf)             \includegraphics on input line 351.
Package epstopdf Info: Output file is already uptodate.
File: logo7pt-eps-converted-to.pdf Graphic file (type pdf)
<use logo7pt-eps-converted-to.pdf>
Package pdftex.def Info: logo7pt-eps-converted-to.pdf  used on input line 351.
(pdftex.def)             Requested size: 71.26605pt x 20.07494pt.
 [12]

LaTeX Warning: Reference `LastPage' on page 13 undefined on input line 369.

Package epstopdf Info: Source file: <logo7pt.eps>
(epstopdf)                    date: 2026-07-26 15:29:13
(epstopdf)                    size: 335242 bytes
(epstopdf)             Output file: <logo7pt-eps-converted-to.pdf>
(epstopdf)                    date: 2026-07-26 15:29:13
(epstopdf)                    size: 34205 bytes
(epstopdf)             Command: <miktex-epstopdf --outfile=logo7pt-eps-converte
d-to.pdf logo7pt.eps>
(epstopdf)             \includegraphics on input line 369.
Package epstopdf Info: Output file is already uptodate.
File: logo7pt-eps-converted-to.pdf Graphic file (type pdf)
<use logo7pt-eps-converted-to.pdf>
Package pdftex.def Info: logo7pt-eps-converted-to.pdf  used on input line 369.
(pdftex.def)             Requested size: 71.26605pt x 20.07494pt.
[13]

G:/work/Journal2LaTeX/backend/temp/2d085249-d1dd-4321-ac89-6251680bda85/rendere
d/main.tex:369: LaTeX Error: strip used only in twocolumn mode!.

See the LaTeX manual or LaTeX Companion for explanation.
Type  H <return>  for immediate help.
 ...                                              
                                                  
l.369 \JLTXaboveplacement \begin{strip}
                                       
You've lost some text.  Try typing  <return>  to proceed.
If that doesn't work, type  X <return>  to quit.


Package caption Warning: The option `hypcap=true' will be ignored for this
(caption)                particular \caption on input line 401.
See the caption package documentation for explanation.

LaTeX Font Info:    Calculating math sizes for size <12.07503> on input line 40
2.
LaTeX Font Info:    Font shape `OT1/ptm/bx/n' in size <12.07503> not available
(Font)              Font shape `OT1/ptm/b/n' tried instead on input line 402.
LaTeX Font Info:    Font shape `OT1/ptm/bx/n' in size <8.93558> not available
(Font)              Font shape `OT1/ptm/b/n' tried instead on input line 402.
LaTeX Font Info:    Font shape `OT1/ptm/bx/n' in size <7.24509> not available
(Font)              Font shape `OT1/ptm/b/n' tried instead on input line 402.

G:/work/Journal2LaTeX/backend/temp/2d085249-d1dd-4321-ac89-6251680bda85/rendere
d/main.tex:403: LaTeX Error: strip used only in twocolumn mode!.

See the LaTeX manual or LaTeX Companion for explanation.
Type  H <return>  for immediate help.
 ...                                              
                                                  
l.403 \end{strip}
                 \JLTXbelowplacement
You've lost some text.  Try typing  <return>  to proceed.
If that doesn't work, type  X <return>  to quit.


Overfull \hbox (2.29428pt too wide) in paragraph at lines 369--403
 [] 
 []

<media/image5.png, id=73, 628.3475pt x 502.87875pt>
File: media/image5.png Graphic file (type png)
<use media/image5.png>
Package pdftex.def Info: media/image5.png  used on input line 412.
(pdftex.def)             Requested size: 483.69684pt x 387.1104pt.

Underfull \vbox (badness 10000) has occurred while \output is active []

Package epstopdf Info: Source file: <logo7pt.eps>
(epstopdf)                    date: 2026-07-26 15:29:13
(epstopdf)                    size: 335242 bytes
(epstopdf)             Output file: <logo7pt-eps-converted-to.pdf>
(epstopdf)                    date: 2026-07-26 15:29:13
(epstopdf)                    size: 34205 bytes
(epstopdf)             Command: <miktex-epstopdf --outfile=logo7pt-eps-converte
d-to.pdf logo7pt.eps>
(epstopdf)             \includegraphics on input line 416.
Package epstopdf Info: Output file is already uptodate.
File: logo7pt-eps-converted-to.pdf Graphic file (type pdf)
<use logo7pt-eps-converted-to.pdf>
Package pdftex.def Info: logo7pt-eps-converted-to.pdf  used on input line 416.
(pdftex.def)             Requested size: 71.26605pt x 20.07494pt.
 [14]

G:/work/Journal2LaTeX/backend/temp/2d085249-d1dd-4321-ac89-6251680bda85/rendere
d/main.tex:420: LaTeX Error: strip used only in twocolumn mode!.

See the LaTeX manual or LaTeX Companion for explanation.
Type  H <return>  for immediate help.
 ...                                              
                                                  
l.420 \JLTXaboveplacement \begin{strip}
                                       
You've lost some text.  Try typing  <return>  to proceed.
If that doesn't work, type  X <return>  to quit.

<media/office_obj_1.png, id=79, 1886.04625pt x 811.03pt>
File: media/office_obj_1.png Graphic file (type png)
<use media/office_obj_1.png>
Package pdftex.def Info: media/office_obj_1.png  used on input line 424.
(pdftex.def)             Requested size: 461.29396pt x 198.36377pt.

Package caption Warning: The option `hypcap=true' will be ignored for this
(caption)                particular \caption on input line 425.
See the caption package documentation for explanation.


G:/work/Journal2LaTeX/backend/temp/2d085249-d1dd-4321-ac89-6251680bda85/rendere
d/main.tex:428: LaTeX Error: strip used only in twocolumn mode!.

See the LaTeX manual or LaTeX Companion for explanation.
Type  H <return>  for immediate help.
 ...                                              
                                                  
l.428 \end{strip}
                 \JLTXbelowplacement
You've lost some text.  Try typing  <return>  to proceed.
If that doesn't work, type  X <return>  to quit.


Overfull \hbox (2.29428pt too wide) in paragraph at lines 420--428
 [] 
 []

<media/image6.png, id=80, 628.3475pt x 502.87875pt>
File: media/image6.png Graphic file (type png)
<use media/image6.png>
Package pdftex.def Info: media/image6.png  used on input line 435.
(pdftex.def)             Requested size: 459.96504pt x 200.24248pt.

LaTeX Warning: Reference `LastPage' on page 15 undefined on input line 437.

Package epstopdf Info: Source file: <logo7pt.eps>
(epstopdf)                    date: 2026-07-26 15:29:13
(epstopdf)                    size: 335242 bytes
(epstopdf)             Output file: <logo7pt-eps-converted-to.pdf>
(epstopdf)                    date: 2026-07-26 15:29:13
(epstopdf)                    size: 34205 bytes
(epstopdf)             Command: <miktex-epstopdf --outfile=logo7pt-eps-converte
d-to.pdf logo7pt.eps>
(epstopdf)             \includegraphics on input line 437.
Package epstopdf Info: Output file is already uptodate.
File: logo7pt-eps-converted-to.pdf Graphic file (type pdf)
<use logo7pt-eps-converted-to.pdf>
Package pdftex.def Info: logo7pt-eps-converted-to.pdf  used on input line 437.
(pdftex.def)             Requested size: 71.26605pt x 20.07494pt.
[15 <./media/image5.png (PNG copy)> <./media/office_obj_1.png (PNG copy)>]
Package epstopdf Info: Source file: <logo7pt.eps>
(epstopdf)                    date: 2026-07-26 15:29:13
(epstopdf)                    size: 335242 bytes
(epstopdf)             Output file: <logo7pt-eps-converted-to.pdf>
(epstopdf)                    date: 2026-07-26 15:29:13
(epstopdf)                    size: 34205 bytes
(epstopdf)             Command: <miktex-epstopdf --outfile=logo7pt-eps-converte
d-to.pdf logo7pt.eps>
(epstopdf)             \includegraphics on input line 456.
Package epstopdf Info: Output file is already uptodate.
File: logo7pt-eps-converted-to.pdf Graphic file (type pdf)
<use logo7pt-eps-converted-to.pdf>
Package pdftex.def Info: logo7pt-eps-converted-to.pdf  used on input line 456.
(pdftex.def)             Requested size: 71.26605pt x 20.07494pt.

[16 <./media/image6.png (PNG copy)>]

G:/work/Journal2LaTeX/backend/temp/2d085249-d1dd-4321-ac89-6251680bda85/rendere
d/main.tex:467: LaTeX Error: strip used only in twocolumn mode!.

See the LaTeX manual or LaTeX Companion for explanation.
Type  H <return>  for immediate help.
 ...                                              
                                                  
l.467 \JLTXaboveplacement \begin{strip}
                                       
You've lost some text.  Try typing  <return>  to proceed.
If that doesn't work, type  X <return>  to quit.


Package caption Warning: The option `hypcap=true' will be ignored for this
(caption)                particular \caption on input line 491.
See the caption package documentation for explanation.


G:/work/Journal2LaTeX/backend/temp/2d085249-d1dd-4321-ac89-6251680bda85/rendere
d/main.tex:493: LaTeX Error: strip used only in twocolumn mode!.

See the LaTeX manual or LaTeX Companion for explanation.
Type  H <return>  for immediate help.
 ...                                              
                                                  
l.493 \end{strip}
                 \JLTXbelowplacement
You've lost some text.  Try typing  <return>  to proceed.
If that doesn't work, type  X <return>  to quit.


Overfull \hbox (2.29428pt too wide) in paragraph at lines 467--493
 [] 
 []


G:/work/Journal2LaTeX/backend/temp/2d085249-d1dd-4321-ac89-6251680bda85/rendere
d/main.tex:501: LaTeX Error: strip used only in twocolumn mode!.

See the LaTeX manual or LaTeX Companion for explanation.
Type  H <return>  for immediate help.
 ...                                              
                                                  
l.501 \JLTXaboveplacement \begin{strip}
                                       
You've lost some text.  Try typing  <return>  to proceed.
If that doesn't work, type  X <return>  to quit.


Package caption Warning: The option `hypcap=true' will be ignored for this
(caption)                particular \caption on input line 513.
See the caption package documentation for explanation.


G:/work/Journal2LaTeX/backend/temp/2d085249-d1dd-4321-ac89-6251680bda85/rendere
d/main.tex:515: LaTeX Error: strip used only in twocolumn mode!.

See the LaTeX manual or LaTeX Companion for explanation.
Type  H <return>  for immediate help.
 ...                                              
                                                  
l.515 \end{strip}
                 \JLTXbelowplacement
You've lost some text.  Try typing  <return>  to proceed.
If that doesn't work, type  X <return>  to quit.


Overfull \hbox (2.29428pt too wide) in paragraph at lines 501--515
 [] 
 []


Underfull \vbox (badness 2418) has occurred while \output is active []



LaTeX Warning: Reference `LastPage' on page 17 undefined on input line 516.

Package epstopdf Info: Source file: <logo7pt.eps>
(epstopdf)                    date: 2026-07-26 15:29:13
(epstopdf)                    size: 335242 bytes
(epstopdf)             Output file: <logo7pt-eps-converted-to.pdf>
(epstopdf)                    date: 2026-07-26 15:29:13
(epstopdf)                    size: 34205 bytes
(epstopdf)             Command: <miktex-epstopdf --outfile=logo7pt-eps-converte
d-to.pdf logo7pt.eps>
(epstopdf)             \includegraphics on input line 516.
Package epstopdf Info: Output file is already uptodate.
File: logo7pt-eps-converted-to.pdf Graphic file (type pdf)
<use logo7pt-eps-converted-to.pdf>
Package pdftex.def Info: logo7pt-eps-converted-to.pdf  used on input line 516.
(pdftex.def)             Requested size: 71.26605pt x 20.07494pt.
[17]
LaTeX Font Info:    Trying to load font information for OML+ptm on input line 5
23.
 (C:\Users\asus\AppData\Local\Programs\MiKTeX\tex/latex/psnfss\omlptm.fd
File: omlptm.fd 
)
LaTeX Font Info:    Font shape `OML/ptm/m/n' in size <12.07503> not available
(Font)              Font shape `OML/cmm/m/it' tried instead on input line 523.


G:/work/Journal2LaTeX/backend/temp/2d085249-d1dd-4321-ac89-6251680bda85/rendere
d/main.tex:525: LaTeX Error: strip used only in twocolumn mode!.

See the LaTeX manual or LaTeX Companion for explanation.
Type  H <return>  for immediate help.
 ...                                              
                                                  
l.525 \JLTXaboveplacement \begin{strip}
                                       
You've lost some text.  Try typing  <return>  to proceed.
If that doesn't work, type  X <return>  to quit.

LaTeX Font Info:    Font shape `OML/ptm/m/n' in size <9> not available
(Font)              Font shape `OML/cmm/m/it' tried instead on input line 536.

Package caption Warning: The option `hypcap=true' will be ignored for this
(caption)                particular \caption on input line 559.
See the caption package documentation for explanation.


G:/work/Journal2LaTeX/backend/temp/2d085249-d1dd-4321-ac89-6251680bda85/rendere
d/main.tex:561: LaTeX Error: strip used only in twocolumn mode!.

See the LaTeX manual or LaTeX Companion for explanation.
Type  H <return>  for immediate help.
 ...                                              
                                                  
l.561 \end{strip}
                 \JLTXbelowplacement
You've lost some text.  Try typing  <return>  to proceed.
If that doesn't work, type  X <return>  to quit.


Overfull \hbox (2.29428pt too wide) in paragraph at lines 525--561
 [] 
 []

Package epstopdf Info: Source file: <logo7pt.eps>
(epstopdf)                    date: 2026-07-26 15:29:13
(epstopdf)                    size: 335242 bytes
(epstopdf)             Output file: <logo7pt-eps-converted-to.pdf>
(epstopdf)                    date: 2026-07-26 15:29:13
(epstopdf)                    size: 34205 bytes
(epstopdf)             Command: <miktex-epstopdf --outfile=logo7pt-eps-converte
d-to.pdf logo7pt.eps>
(epstopdf)             \includegraphics on input line 573.
Package epstopdf Info: Output file is already uptodate.
File: logo7pt-eps-converted-to.pdf Graphic file (type pdf)
<use logo7pt-eps-converted-to.pdf>
Package pdftex.def Info: logo7pt-eps-converted-to.pdf  used on input line 573.
(pdftex.def)             Requested size: 71.26605pt x 20.07494pt.
[18]

G:/work/Journal2LaTeX/backend/temp/2d085249-d1dd-4321-ac89-6251680bda85/rendere
d/main.tex:579: LaTeX Error: strip used only in twocolumn mode!.

See the LaTeX manual or LaTeX Companion for explanation.
Type  H <return>  for immediate help.
 ...                                              
                                                  
l.579 \JLTXaboveplacement \begin{strip}
                                       
You've lost some text.  Try typing  <return>  to proceed.
If that doesn't work, type  X <return>  to quit.


Package caption Warning: The option `hypcap=true' will be ignored for this
(caption)                particular \caption on input line 603.
See the caption package documentation for explanation.


G:/work/Journal2LaTeX/backend/temp/2d085249-d1dd-4321-ac89-6251680bda85/rendere
d/main.tex:605: LaTeX Error: strip used only in twocolumn mode!.

See the LaTeX manual or LaTeX Companion for explanation.
Type  H <return>  for immediate help.
 ...                                              
                                                  
l.605 \end{strip}
                 \JLTXbelowplacement
You've lost some text.  Try typing  <return>  to proceed.
If that doesn't work, type  X <return>  to quit.


Overfull \hbox (2.29428pt too wide) in paragraph at lines 579--605
 [] 
 []

<media/image7.png, id=108, 628.3475pt x 502.87875pt>
File: media/image7.png Graphic file (type png)
<use media/image7.png>
Package pdftex.def Info: media/image7.png  used on input line 614.
(pdftex.def)             Requested size: 436.62834pt x 252.94272pt.

LaTeX Warning: Reference `LastPage' on page 19 undefined on input line 622.

Package epstopdf Info: Source file: <logo7pt.eps>
(epstopdf)                    date: 2026-07-26 15:29:13
(epstopdf)                    size: 335242 bytes
(epstopdf)             Output file: <logo7pt-eps-converted-to.pdf>
(epstopdf)                    date: 2026-07-26 15:29:13
(epstopdf)                    size: 34205 bytes
(epstopdf)             Command: <miktex-epstopdf --outfile=logo7pt-eps-converte
d-to.pdf logo7pt.eps>
(epstopdf)             \includegraphics on input line 622.
Package epstopdf Info: Output file is already uptodate.
File: logo7pt-eps-converted-to.pdf Graphic file (type pdf)
<use logo7pt-eps-converted-to.pdf>
Package pdftex.def Info: logo7pt-eps-converted-to.pdf  used on input line 622.
(pdftex.def)             Requested size: 71.26605pt x 20.07494pt.
[19 <./media/image7.png (PNG copy)>]

G:/work/Journal2LaTeX/backend/temp/2d085249-d1dd-4321-ac89-6251680bda85/rendere
d/main.tex:626: LaTeX Error: strip used only in twocolumn mode!.

See the LaTeX manual or LaTeX Companion for explanation.
Type  H <return>  for immediate help.
 ...                                              
                                                  
l.626 \JLTXaboveplacement \begin{strip}
                                       
You've lost some text.  Try typing  <return>  to proceed.
If that doesn't work, type  X <return>  to quit.


Package caption Warning: The option `hypcap=true' will be ignored for this
(caption)                particular \caption on input line 642.
See the caption package documentation for explanation.


G:/work/Journal2LaTeX/backend/temp/2d085249-d1dd-4321-ac89-6251680bda85/rendere
d/main.tex:644: LaTeX Error: strip used only in twocolumn mode!.

See the LaTeX manual or LaTeX Companion for explanation.
Type  H <return>  for immediate help.
 ...                                              
                                                  
l.644 \end{strip}
                 \JLTXbelowplacement
You've lost some text.  Try typing  <return>  to proceed.
If that doesn't work, type  X <return>  to quit.


Overfull \hbox (2.29428pt too wide) in paragraph at lines 626--644
 [] 
 []


G:/work/Journal2LaTeX/backend/temp/2d085249-d1dd-4321-ac89-6251680bda85/rendere
d/main.tex:656: LaTeX Error: strip used only in twocolumn mode!.

See the LaTeX manual or LaTeX Companion for explanation.
Type  H <return>  for immediate help.
 ...                                              
                                                  
l.656 \JLTXaboveplacement \begin{strip}
                                       
You've lost some text.  Try typing  <return>  to proceed.
If that doesn't work, type  X <return>  to quit.


Package caption Warning: The option `hypcap=true' will be ignored for this
(caption)                particular \caption on input line 672.
See the caption package documentation for explanation.


G:/work/Journal2LaTeX/backend/temp/2d085249-d1dd-4321-ac89-6251680bda85/rendere
d/main.tex:674: LaTeX Error: strip used only in twocolumn mode!.

See the LaTeX manual or LaTeX Companion for explanation.
Type  H <return>  for immediate help.
 ...                                              
                                                  
l.674 \end{strip}
                 \JLTXbelowplacement
You've lost some text.  Try typing  <return>  to proceed.
If that doesn't work, type  X <return>  to quit.


Overfull \hbox (2.29428pt too wide) in paragraph at lines 656--674
 [] 
 []

Package epstopdf Info: Source file: <logo7pt.eps>
(epstopdf)                    date: 2026-07-26 15:29:13
(epstopdf)                    size: 335242 bytes
(epstopdf)             Output file: <logo7pt-eps-converted-to.pdf>
(epstopdf)                    date: 2026-07-26 15:29:13
(epstopdf)                    size: 34205 bytes
(epstopdf)             Command: <miktex-epstopdf --outfile=logo7pt-eps-converte
d-to.pdf logo7pt.eps>
(epstopdf)             \includegraphics on input line 680.
Package epstopdf Info: Output file is already uptodate.
File: logo7pt-eps-converted-to.pdf Graphic file (type pdf)
<use logo7pt-eps-converted-to.pdf>
Package pdftex.def Info: logo7pt-eps-converted-to.pdf  used on input line 680.
(pdftex.def)             Requested size: 71.26605pt x 20.07494pt.
[20]

G:/work/Journal2LaTeX/backend/temp/2d085249-d1dd-4321-ac89-6251680bda85/rendere
d/main.tex:684: LaTeX Error: strip used only in twocolumn mode!.

See the LaTeX manual or LaTeX Companion for explanation.
Type  H <return>  for immediate help.
 ...                                              
                                                  
l.684 \JLTXaboveplacement \begin{strip}
                                       
You've lost some text.  Try typing  <return>  to proceed.
If that doesn't work, type  X <return>  to quit.


Package caption Warning: The option `hypcap=true' will be ignored for this
(caption)                particular \caption on input line 700.
See the caption package documentation for explanation.


G:/work/Journal2LaTeX/backend/temp/2d085249-d1dd-4321-ac89-6251680bda85/rendere
d/main.tex:702: LaTeX Error: strip used only in twocolumn mode!.

See the LaTeX manual or LaTeX Companion for explanation.
Type  H <return>  for immediate help.
 ...                                              
                                                  
l.702 \end{strip}
                 \JLTXbelowplacement
You've lost some text.  Try typing  <return>  to proceed.
If that doesn't work, type  X <return>  to quit.


Overfull \hbox (2.29428pt too wide) in paragraph at lines 684--702
 [] 
 []


G:/work/Journal2LaTeX/backend/temp/2d085249-d1dd-4321-ac89-6251680bda85/rendere
d/main.tex:712: LaTeX Error: strip used only in twocolumn mode!.

See the LaTeX manual or LaTeX Companion for explanation.
Type  H <return>  for immediate help.
 ...                                              
                                                  
l.712 \JLTXaboveplacement \begin{strip}
                                       
You've lost some text.  Try typing  <return>  to proceed.
If that doesn't work, type  X <return>  to quit.


Package caption Warning: The option `hypcap=true' will be ignored for this
(caption)                particular \caption on input line 726.
See the caption package documentation for explanation.


G:/work/Journal2LaTeX/backend/temp/2d085249-d1dd-4321-ac89-6251680bda85/rendere
d/main.tex:728: LaTeX Error: strip used only in twocolumn mode!.

See the LaTeX manual or LaTeX Companion for explanation.
Type  H <return>  for immediate help.
 ...                                              
                                                  
l.728 \end{strip}
                 \JLTXbelowplacement
You've lost some text.  Try typing  <return>  to proceed.
If that doesn't work, type  X <return>  to quit.


Overfull \hbox (2.29428pt too wide) in paragraph at lines 712--728
 [] 
 []


LaTeX Warning: Reference `LastPage' on page 21 undefined on input line 737.

Package epstopdf Info: Source file: <logo7pt.eps>
(epstopdf)                    date: 2026-07-26 15:29:13
(epstopdf)                    size: 335242 bytes
(epstopdf)             Output file: <logo7pt-eps-converted-to.pdf>
(epstopdf)                    date: 2026-07-26 15:29:13
(epstopdf)                    size: 34205 bytes
(epstopdf)             Command: <miktex-epstopdf --outfile=logo7pt-eps-converte
d-to.pdf logo7pt.eps>
(epstopdf)             \includegraphics on input line 737.
Package epstopdf Info: Output file is already uptodate.
File: logo7pt-eps-converted-to.pdf Graphic file (type pdf)
<use logo7pt-eps-converted-to.pdf>
Package pdftex.def Info: logo7pt-eps-converted-to.pdf  used on input line 737.
(pdftex.def)             Requested size: 71.26605pt x 20.07494pt.
[21]
Package epstopdf Info: Source file: <logo7pt.eps>
(epstopdf)                    date: 2026-07-26 15:29:13
(epstopdf)                    size: 335242 bytes
(epstopdf)             Output file: <logo7pt-eps-converted-to.pdf>
(epstopdf)                    date: 2026-07-26 15:29:13
(epstopdf)                    size: 34205 bytes
(epstopdf)             Command: <miktex-epstopdf --outfile=logo7pt-eps-converte
d-to.pdf logo7pt.eps>
(epstopdf)             \includegraphics on input line 749.
Package epstopdf Info: Output file is already uptodate.
File: logo7pt-eps-converted-to.pdf Graphic file (type pdf)
<use logo7pt-eps-converted-to.pdf>
Package pdftex.def Info: logo7pt-eps-converted-to.pdf  used on input line 749.
(pdftex.def)             Requested size: 71.26605pt x 20.07494pt.
 [22]

LaTeX Warning: Reference `LastPage' on page 23 undefined on input line 773.

Package epstopdf Info: Source file: <logo7pt.eps>
(epstopdf)                    date: 2026-07-26 15:29:13
(epstopdf)                    size: 335242 bytes
(epstopdf)             Output file: <logo7pt-eps-converted-to.pdf>
(epstopdf)                    date: 2026-07-26 15:29:13
(epstopdf)                    size: 34205 bytes
(epstopdf)             Command: <miktex-epstopdf --outfile=logo7pt-eps-converte
d-to.pdf logo7pt.eps>
(epstopdf)             \includegraphics on input line 773.
Package epstopdf Info: Output file is already uptodate.
File: logo7pt-eps-converted-to.pdf Graphic file (type pdf)
<use logo7pt-eps-converted-to.pdf>
Package pdftex.def Info: logo7pt-eps-converted-to.pdf  used on input line 773.
(pdftex.def)             Requested size: 71.26605pt x 20.07494pt.
[23]
Package epstopdf Info: Source file: <logo7pt.eps>
(epstopdf)                    date: 2026-07-26 15:29:13
(epstopdf)                    size: 335242 bytes
(epstopdf)             Output file: <logo7pt-eps-converted-to.pdf>
(epstopdf)                    date: 2026-07-26 15:29:13
(epstopdf)                    size: 34205 bytes
(epstopdf)             Command: <miktex-epstopdf --outfile=logo7pt-eps-converte
d-to.pdf logo7pt.eps>
(epstopdf)             \includegraphics on input line 873.
Package epstopdf Info: Output file is already uptodate.
File: logo7pt-eps-converted-to.pdf Graphic file (type pdf)
<use logo7pt-eps-converted-to.pdf>
Package pdftex.def Info: logo7pt-eps-converted-to.pdf  used on input line 873.
(pdftex.def)             Requested size: 71.26605pt x 20.07494pt.
 [24]
<media/image8.jpeg, id=176, 768.8725pt x 870.25125pt>
File: media/image8.jpeg Graphic file (type jpg)
<use media/image8.jpeg>
Package pdftex.def Info: media/image8.jpeg  used on input line 902.
(pdftex.def)             Requested size: 72.26933pt x 81.79831pt.
<media/image9.jpeg, id=177, 414.54875pt x 532.99126pt>
File: media/image9.jpeg Graphic file (type jpg)
<use media/image9.jpeg>
Package pdftex.def Info: media/image9.jpeg  used on input line 905.
(pdftex.def)             Requested size: 70.25728pt x 90.3308pt.
<media/image10.jpeg, id=178, 602.25pt x 828.09375pt>
File: media/image10.jpeg Graphic file (type jpg)
<use media/image10.jpeg>
Package pdftex.def Info: media/image10.jpeg  used on input line 908.
(pdftex.def)             Requested size: 65.69632pt x 90.33244pt.


LaTeX Warning: Reference `LastPage' on page 25 undefined on input line 908.

Package epstopdf Info: Source file: <logo7pt.eps>
(epstopdf)                    date: 2026-07-26 15:29:13
(epstopdf)                    size: 335242 bytes
(epstopdf)             Output file: <logo7pt-eps-converted-to.pdf>
(epstopdf)                    date: 2026-07-26 15:29:13
(epstopdf)                    size: 34205 bytes
(epstopdf)             Command: <miktex-epstopdf --outfile=logo7pt-eps-converte
d-to.pdf logo7pt.eps>
(epstopdf)             \includegraphics on input line 908.
Package epstopdf Info: Output file is already uptodate.
File: logo7pt-eps-converted-to.pdf Graphic file (type pdf)
<use logo7pt-eps-converted-to.pdf>
Package pdftex.def Info: logo7pt-eps-converted-to.pdf  used on input line 908.
(pdftex.def)             Requested size: 71.26605pt x 20.07494pt.
[25 <./media/image8.jpeg> <./media/image9.jpeg>]
Package epstopdf Info: Source file: <logo7pt.eps>
(epstopdf)                    date: 2026-07-26 15:29:13
(epstopdf)                    size: 335242 bytes
(epstopdf)             Output file: <logo7pt-eps-converted-to.pdf>
(epstopdf)                    date: 2026-07-26 15:29:13
(epstopdf)                    size: 34205 bytes
(epstopdf)             Command: <miktex-epstopdf --outfile=logo7pt-eps-converte
d-to.pdf logo7pt.eps>
(epstopdf)             \includegraphics on input line 912.
Package epstopdf Info: Output file is already uptodate.
File: logo7pt-eps-converted-to.pdf Graphic file (type pdf)
<use logo7pt-eps-converted-to.pdf>
Package pdftex.def Info: logo7pt-eps-converted-to.pdf  used on input line 912.
(pdftex.def)             Requested size: 71.26605pt x 20.07494pt.
 [26 <./media/image10.jpeg>]

enddocument/afterlastpage (AED): lastpage setting LastPage.
(main.aux)
 ***********
LaTeX2e <2026-06-01>
L3 programming layer <2026-06-18>
 ***********


LaTeX Warning: There were undefined references.


LaTeX Warning: Label(s) may have changed. Rerun to get cross-references right.


Package rerunfilecheck Warning: File `main.out' has changed.
(rerunfilecheck)                Rerun to get outlines right
(rerunfilecheck)                or use package `bookmark'.

Package rerunfilecheck Info: Checksums for `main.out':
(rerunfilecheck)             Before: <no file>
(rerunfilecheck)             After:  D41D8CD98F00B204E9800998ECF8427E;0.

Package lastpage Warning: Rerun to get the references right on input line 912.

 ) 
Here is how much of TeX's memory you used:
 13576 strings out of 467510
 214830 string characters out of 5409281
 679942 words of memory out of 5000000
 42529 multiletter control sequences out of 15000+600000
 668496 words of font info for 129 fonts, out of 8000000 for 9000
 1141 hyphenation exceptions out of 8191
 89i,18n,93p,1708b,566s stack positions out of 10000i,1000n,20000p,200000b,200000s
<C:/Users/asus/AppData/Local/Programs/MiKTeX/fonts/type1/public/amsfonts/cm/c
mmi12.pfb><C:/Users/asus/AppData/Local/Programs/MiKTeX/fonts/type1/public/amsfo
nts/cm/cmmi9.pfb><C:/Users/asus/AppData/Local/Programs/MiKTeX/fonts/type1/publi
c/amsfonts/cm/cmsy10.pfb><C:/Users/asus/AppData/Local/Programs/MiKTeX/fonts/typ
e1/urw/symbol/usyr.pfb><C:/Users/asus/AppData/Local/Programs/MiKTeX/fonts/type1
/urw/times/utmb8a.pfb><C:/Users/asus/AppData/Local/Programs/MiKTeX/fonts/type1/
urw/times/utmr8a.pfb>
Output written on main.pdf (26 pages, 379199 bytes).
PDF statistics:
 246 PDF objects out of 1000 (max. 8388607)
 83 named destinations out of 1000 (max. 500000)
 41 words of extra memory for PDF output out of 10000 (max. 10000000)

