[2026-07-18 19:02:00,247] [INFO] [layout_optimizer.py:15]: Starting visual layout optimization loop for job: f9f862e7-f936-451a-92fa-9fb44391ce7d
[2026-07-18 19:02:12,491] [INFO] [layout_optimizer.py:15]: Starting visual layout optimization loop for job: f9f862e7-f936-451a-92fa-9fb44391ce7d
[2026-07-18 19:02:12,491] [INFO] [layout_optimizer.py:44]: Running layout optimization iteration 1/5...
[2026-07-18 19:02:22,078] [INFO] [layout_optimizer.py:58]: Iteration 1 results - Similarity: 62.04%, Pages: 9 (Target: 11)
[2026-07-18 19:02:22,081] [INFO] [layout_optimizer.py:44]: Running layout optimization iteration 2/5...
[2026-07-18 19:02:33,861] [INFO] [layout_optimizer.py:58]: Iteration 2 results - Similarity: 54.06%, Pages: 8 (Target: 11)
[2026-07-18 19:02:33,869] [INFO] [layout_optimizer.py:44]: Running layout optimization iteration 3/5...
[2026-07-18 19:02:45,861] [INFO] [layout_optimizer.py:58]: Iteration 3 results - Similarity: 61.95%, Pages: 9 (Target: 11)
[2026-07-18 19:02:45,864] [INFO] [layout_optimizer.py:44]: Running layout optimization iteration 4/5...
[2026-07-18 19:02:59,164] [INFO] [layout_optimizer.py:58]: Iteration 4 results - Similarity: 62.04%, Pages: 9 (Target: 11)
[2026-07-18 19:02:59,166] [INFO] [layout_optimizer.py:44]: Running layout optimization iteration 5/5...
[2026-07-18 19:03:11,543] [INFO] [layout_optimizer.py:58]: Iteration 5 results - Similarity: 61.96%, Pages: 9 (Target: 11)
[2026-07-18 19:03:14,630] [INFO] [layout_optimizer.py:146]: Layout optimization loop completed. Report saved to intermediate/optimization_report.json
[2026-07-18 19:18:39,977] [INFO] [layout_optimizer.py:15]: Starting true E2E layout optimization loop for job: f9f862e7-f936-451a-92fa-9fb44391ce7d
[2026-07-18 19:18:39,999] [INFO] [layout_optimizer.py:49]: Running E2E layout optimization iteration 1/5...
[2026-07-18 19:18:51,583] [INFO] [layout_optimizer.py:68]: Iteration 1 results - Similarity: 61.60%, PSNR: 8.31 dB, RMSE: 97.92
[2026-07-18 19:18:51,585] [INFO] [layout_optimizer.py:49]: Running E2E layout optimization iteration 2/5...
[2026-07-18 19:19:04,109] [INFO] [layout_optimizer.py:68]: Iteration 2 results - Similarity: 68.81%, PSNR: 10.12 dB, RMSE: 79.52
[2026-07-18 19:19:04,112] [INFO] [layout_optimizer.py:49]: Running E2E layout optimization iteration 3/5...
[2026-07-18 19:19:16,847] [INFO] [layout_optimizer.py:68]: Iteration 3 results - Similarity: 68.87%, PSNR: 10.14 dB, RMSE: 79.38
[2026-07-18 19:19:16,849] [INFO] [layout_optimizer.py:49]: Running E2E layout optimization iteration 4/5...
[2026-07-18 19:19:29,933] [INFO] [layout_optimizer.py:68]: Iteration 4 results - Similarity: 68.81%, PSNR: 10.12 dB, RMSE: 79.52
[2026-07-18 19:19:29,935] [INFO] [layout_optimizer.py:49]: Running E2E layout optimization iteration 5/5...
[2026-07-18 19:19:39,483] [INFO] [layout_optimizer.py:15]: Starting true E2E layout optimization loop for job: f9f862e7-f936-451a-92fa-9fb44391ce7d
[2026-07-18 19:19:39,502] [INFO] [layout_optimizer.py:49]: Running E2E layout optimization iteration 1/5...
[2026-07-18 19:19:42,593] [INFO] [layout_optimizer.py:68]: Iteration 5 results - Similarity: 68.87%, PSNR: 10.14 dB, RMSE: 79.38
[2026-07-18 19:19:44,342] [INFO] [layout_optimizer.py:189]: Layout optimization loop completed successfully. Report saved.
[2026-07-18 19:19:51,804] [INFO] [layout_optimizer.py:68]: Iteration 1 results - Similarity: 68.87%, PSNR: 10.14 dB, RMSE: 79.38
[2026-07-18 19:19:51,807] [INFO] [layout_optimizer.py:49]: Running E2E layout optimization iteration 2/5...
[2026-07-18 19:20:04,454] [INFO] [layout_optimizer.py:68]: Iteration 2 results - Similarity: 61.85%, PSNR: 8.37 dB, RMSE: 97.29
[2026-07-18 19:20:04,455] [INFO] [layout_optimizer.py:49]: Running E2E layout optimization iteration 3/5...
[2026-07-18 19:20:18,007] [INFO] [layout_optimizer.py:68]: Iteration 3 results - Similarity: 61.60%, PSNR: 8.31 dB, RMSE: 97.92
[2026-07-18 19:20:18,009] [INFO] [layout_optimizer.py:49]: Running E2E layout optimization iteration 4/5...
[2026-07-18 19:20:29,620] [INFO] [layout_optimizer.py:68]: Iteration 4 results - Similarity: 68.81%, PSNR: 10.12 dB, RMSE: 79.52
[2026-07-18 19:20:29,622] [INFO] [layout_optimizer.py:49]: Running E2E layout optimization iteration 5/5...
[2026-07-18 19:20:43,020] [INFO] [layout_optimizer.py:68]: Iteration 5 results - Similarity: 53.99%, PSNR: 6.74 dB, RMSE: 117.32
[2026-07-18 19:20:46,337] [INFO] [layout_optimizer.py:189]: Layout optimization loop completed successfully. Report saved.
[2026-07-18 19:45:20,877] [INFO] [layout_optimizer.py:16]: Starting true E2E layout optimization loop for job: f9f862e7-f936-451a-92fa-9fb44391ce7d
[2026-07-18 19:45:20,878] [INFO] [layout_optimizer.py:52]: Running E2E layout optimization iteration 1...
[2026-07-18 19:45:31,383] [INFO] [layout_optimizer.py:88]: Iteration 1 - Similarity: 68.87%, Header Sim: 55.28%, Pages: 10 (Target: 11)
[2026-07-18 19:45:31,385] [INFO] [layout_optimizer.py:52]: Running E2E layout optimization iteration 2...
[2026-07-18 19:45:40,812] [INFO] [layout_optimizer.py:88]: Iteration 2 - Similarity: 61.85%, Header Sim: 56.65%, Pages: 9 (Target: 11)
[2026-07-18 19:45:40,813] [INFO] [layout_optimizer.py:52]: Running E2E layout optimization iteration 3...
[2026-07-18 19:45:53,349] [INFO] [layout_optimizer.py:88]: Iteration 3 - Similarity: 61.60%, Header Sim: 56.20%, Pages: 9 (Target: 11)
[2026-07-18 19:45:53,351] [INFO] [layout_optimizer.py:52]: Running E2E layout optimization iteration 4...
[2026-07-18 19:46:02,845] [INFO] [layout_optimizer.py:88]: Iteration 4 - Similarity: 68.81%, Header Sim: 55.68%, Pages: 10 (Target: 11)
[2026-07-18 19:46:02,845] [INFO] [layout_optimizer.py:126]: No improvement for 3 consecutive iterations. Stopping loop.
[2026-07-18 19:46:06,589] [INFO] [layout_optimizer.py:217]: Layout optimization loop completed successfully. Report saved.
[2026-07-18 19:46:46,325] [INFO] [layout_optimizer.py:16]: Starting true E2E layout optimization loop for job: f9f862e7-f936-451a-92fa-9fb44391ce7d
[2026-07-18 19:46:46,338] [INFO] [layout_optimizer.py:52]: Running E2E layout optimization iteration 1...
[2026-07-18 19:46:56,799] [INFO] [layout_optimizer.py:88]: Iteration 1 - Similarity: 68.87%, Header Sim: 55.28%, Pages: 10 (Target: 11)
[2026-07-18 19:46:56,802] [INFO] [layout_optimizer.py:52]: Running E2E layout optimization iteration 2...
[2026-07-18 19:47:09,345] [INFO] [layout_optimizer.py:88]: Iteration 2 - Similarity: 61.85%, Header Sim: 56.65%, Pages: 9 (Target: 11)
[2026-07-18 19:47:09,347] [INFO] [layout_optimizer.py:52]: Running E2E layout optimization iteration 3...
[2026-07-18 19:47:21,830] [INFO] [layout_optimizer.py:88]: Iteration 3 - Similarity: 61.60%, Header Sim: 56.20%, Pages: 9 (Target: 11)
[2026-07-18 19:47:21,832] [INFO] [layout_optimizer.py:52]: Running E2E layout optimization iteration 4...
[2026-07-18 19:47:34,289] [INFO] [layout_optimizer.py:88]: Iteration 4 - Similarity: 68.81%, Header Sim: 55.68%, Pages: 10 (Target: 11)
[2026-07-18 19:47:34,290] [INFO] [layout_optimizer.py:126]: No improvement for 3 consecutive iterations. Stopping loop.
[2026-07-18 19:47:37,755] [INFO] [layout_optimizer.py:217]: Layout optimization loop completed successfully. Report saved.
[2026-07-18 19:47:46,494] [INFO] [layout_optimizer.py:16]: Starting true E2E layout optimization loop for job: f9f862e7-f936-451a-92fa-9fb44391ce7d
[2026-07-18 19:47:46,508] [INFO] [layout_optimizer.py:52]: Running E2E layout optimization iteration 1...
[2026-07-18 19:47:57,225] [INFO] [layout_optimizer.py:88]: Iteration 1 - Similarity: 68.87%, Header Sim: 55.28%, Pages: 10 (Target: 11)
[2026-07-18 19:47:57,227] [INFO] [layout_optimizer.py:52]: Running E2E layout optimization iteration 2...
[2026-07-18 19:48:07,150] [INFO] [layout_optimizer.py:88]: Iteration 2 - Similarity: 61.85%, Header Sim: 56.65%, Pages: 9 (Target: 11)
[2026-07-18 19:48:07,151] [INFO] [layout_optimizer.py:52]: Running E2E layout optimization iteration 3...
[2026-07-18 19:48:19,633] [INFO] [layout_optimizer.py:88]: Iteration 3 - Similarity: 61.60%, Header Sim: 56.20%, Pages: 9 (Target: 11)
[2026-07-18 19:48:19,635] [INFO] [layout_optimizer.py:52]: Running E2E layout optimization iteration 4...
[2026-07-18 19:48:33,530] [INFO] [layout_optimizer.py:88]: Iteration 4 - Similarity: 68.81%, Header Sim: 55.68%, Pages: 10 (Target: 11)
[2026-07-18 19:48:33,530] [INFO] [layout_optimizer.py:126]: No improvement for 3 consecutive iterations. Stopping loop.
[2026-07-18 19:48:36,985] [INFO] [layout_optimizer.py:217]: Layout optimization loop completed successfully. Report saved.
[2026-07-18 19:49:06,799] [INFO] [layout_optimizer.py:16]: Starting true E2E layout optimization loop for job: f9f862e7-f936-451a-92fa-9fb44391ce7d
[2026-07-18 19:49:06,814] [INFO] [layout_optimizer.py:52]: Running E2E layout optimization iteration 1...
[2026-07-18 19:49:17,807] [INFO] [layout_optimizer.py:88]: Iteration 1 - Similarity: 68.87%, Header Sim: 55.28%, Pages: 10 (Target: 11)
[2026-07-18 19:49:17,809] [INFO] [layout_optimizer.py:52]: Running E2E layout optimization iteration 2...
[2026-07-18 19:49:28,666] [INFO] [layout_optimizer.py:88]: Iteration 2 - Similarity: 61.85%, Header Sim: 56.65%, Pages: 9 (Target: 11)
[2026-07-18 19:49:28,667] [INFO] [layout_optimizer.py:52]: Running E2E layout optimization iteration 3...
[2026-07-18 19:49:39,570] [INFO] [layout_optimizer.py:88]: Iteration 3 - Similarity: 61.60%, Header Sim: 56.20%, Pages: 9 (Target: 11)
[2026-07-18 19:49:39,571] [INFO] [layout_optimizer.py:52]: Running E2E layout optimization iteration 4...
[2026-07-18 19:49:51,249] [INFO] [layout_optimizer.py:88]: Iteration 4 - Similarity: 68.81%, Header Sim: 55.68%, Pages: 10 (Target: 11)
[2026-07-18 19:49:51,249] [INFO] [layout_optimizer.py:126]: No improvement for 3 consecutive iterations. Stopping loop.
[2026-07-18 19:49:54,929] [INFO] [layout_optimizer.py:217]: Layout optimization loop completed successfully. Report saved.
