[2026-07-21 19:57:33,750] [INFO] [latex_compiler.py:321]: Starting LaTeX compilation for: G:\work\Journal2LaTeX\backend\temp\f293974d-58b2-43de-9142-9a815310b12f\rendered\main.tex
[2026-07-21 19:57:33,755] [INFO] [latex_compiler.py:125]: Rendered working directory tree before compilation:
  2024-JSAP/
    1.eps
    2.eps
    everyshi.sty
    logo7pt-eps-converted-to.pdf
    logo7pt.eps
    NSP1.cls
    nsplogo.jpg
    paper.aux
    paper.log
    paper.out
    paper.pdf
    paper.synctex.gz
    paper.tex
    psfig.sty
    Ref. JSAP paper.tex
    template.json
  main.tex
  media/
    image1.jpeg
    image10.jpeg
    image4.jpeg
    image5.png
    image6.png
    image7.png
    image8.jpeg
    image9.jpeg
  template.json
[2026-07-21 19:57:33,761] [INFO] [latex_compiler.py:131]: Template resource manifest (26 files):
  2024-JSAP\1.eps                          template resource (graphic (EPS))
  2024-JSAP\2.eps                          template resource (graphic (EPS))
  2024-JSAP\everyshi.sty                   template resource (package / style)
  2024-JSAP\logo7pt-eps-converted-to.pdf   template resource (graphic (PDF))
  2024-JSAP\logo7pt.eps                    template resource (graphic (EPS))
  2024-JSAP\NSP1.cls                       template resource (document class)
  2024-JSAP\nsplogo.jpg                    template resource (graphic (JPEG))
  2024-JSAP\paper.aux                      generated document / build artefact
  2024-JSAP\paper.log                      generated document / build artefact
  2024-JSAP\paper.out                      generated document / build artefact
  2024-JSAP\paper.pdf                      template resource (graphic (PDF))
  2024-JSAP\paper.synctex.gz               generated document / build artefact
  2024-JSAP\paper.tex                      template resource (included source)
  2024-JSAP\psfig.sty                      template resource (package / style)
  2024-JSAP\Ref. JSAP paper.tex            template resource (included source)
  2024-JSAP\template.json                  template metadata
  main.tex                                 generated document / build artefact
  media\image1.jpeg                        renderer-generated media
  media\image10.jpeg                       renderer-generated media
  media\image4.jpeg                        renderer-generated media
  media\image5.png                         renderer-generated media
  media\image6.png                         renderer-generated media
  media\image7.png                         renderer-generated media
  media\image8.jpeg                        renderer-generated media
  media\image9.jpeg                        renderer-generated media
  template.json                            template metadata
[2026-07-21 19:57:33,947] [INFO] [latex_compiler.py:144]: Dependency resolution (28 references):
  [MISSING] documentclass   NSP1
  [SYSTEM ] usepackage      url
  [SYSTEM ] usepackage      floatflt
  [SYSTEM ] usepackage      cite
  [SYSTEM ] usepackage      helvet
  [SYSTEM ] usepackage      times
  [MISSING] usepackage      psfig
  [SYSTEM ] usepackage      graphicx
  [SYSTEM ] usepackage      mathptmx
  [SYSTEM ] usepackage      amsmath
  [SYSTEM ] usepackage      amssymb
  [SYSTEM ] usepackage      bm
  [SYSTEM ] usepackage      float
  [SYSTEM ] usepackage      caption
  [SYSTEM ] usepackage      placeins
  [SYSTEM ] usepackage      booktabs
  [SYSTEM ] usepackage      array
  [SYSTEM ] usepackage      multirow
  [SYSTEM ] usepackage      makecell
  [SYSTEM ] usepackage      xcolor
  [SYSTEM ] usepackage      fancyhdr
  [LOCAL  ] includegraphics media/image4.jpeg
  [LOCAL  ] includegraphics media/image5.png
  [LOCAL  ] includegraphics media/image6.png
  [LOCAL  ] includegraphics media/image7.png
  [LOCAL  ] includegraphics media/image8.jpeg
  [LOCAL  ] includegraphics media/image9.jpeg
  [LOCAL  ] includegraphics media/image10.jpeg
[2026-07-21 19:57:33,947] [ERROR] [latex_compiler.py:153]: Template is missing required local resource(s); aborting before pdflatex. Ensure the template package ships these files:
  - documentclass -> NSP1
  - usepackage -> psfig
