[2026-07-21 19:57:31,035] [INFO] [job_manager.py:136]: Job f293974d-58b2-43de-9142-9a815310b12f workspace created successfully
[2026-07-21 19:57:31,062] [INFO] [pipeline_service.py:45]: Starting validation for job: f293974d-58b2-43de-9142-9a815310b12f
[2026-07-21 19:57:31,076] [INFO] [job_manager.py:180]: Job status updated to: VALIDATING
[2026-07-21 19:57:31,091] [INFO] [job_manager.py:204]: Progress updated to 10%: Validating input Word Document
[2026-07-21 19:57:31,109] [INFO] [pipeline_service.py:60]: Validation successful.
[2026-07-21 19:57:31,126] [INFO] [job_manager.py:204]: Progress updated to 20%: Input document validated successfully
[2026-07-21 19:57:31,126] [INFO] [pipeline_service.py:67]: Starting document analysis for job: f293974d-58b2-43de-9142-9a815310b12f
[2026-07-21 19:57:31,139] [INFO] [job_manager.py:180]: Job status updated to: ANALYZING_DOCUMENT
[2026-07-21 19:57:31,155] [INFO] [job_manager.py:204]: Progress updated to 30%: Analyzing document structure and content blocks
[2026-07-21 19:57:31,155] [INFO] [document_analyzer.py:33]: Starting improved document analysis for: G:\work\Journal2LaTeX\backend\temp\f293974d-58b2-43de-9142-9a815310b12f\input\The role.docx
[2026-07-21 19:57:31,965] [INFO] [document_analyzer.py:461]: Parsed document: title='The Role of Social Media in the Spread and Countering of Cyber-Extremism: An Islamic Jurisprudential and Educational Perspective', authors=19, sections=1, references=42
[2026-07-21 19:57:31,972] [INFO] [pipeline_service.py:95]: Document analysis completed. Saved structure to: G:\work\Journal2LaTeX\backend\temp\f293974d-58b2-43de-9142-9a815310b12f\intermediate\document_structure.json, report to: G:\work\Journal2LaTeX\backend\temp\f293974d-58b2-43de-9142-9a815310b12f\intermediate\conversion_report.json
[2026-07-21 19:57:31,990] [INFO] [job_manager.py:204]: Progress updated to 45%: Document structure extracted successfully
[2026-07-21 19:57:31,991] [INFO] [pipeline_service.py:108]: Starting asset extraction for job: f293974d-58b2-43de-9142-9a815310b12f
[2026-07-21 19:57:32,005] [INFO] [job_manager.py:180]: Job status updated to: EXTRACTING_ASSETS
[2026-07-21 19:57:32,019] [INFO] [job_manager.py:204]: Progress updated to 50%: Extracting images and figure assets from document
[2026-07-21 19:57:33,214] [INFO] [pipeline_service.py:141]: Assets extracted to: G:\work\Journal2LaTeX\backend\temp\f293974d-58b2-43de-9142-9a815310b12f\intermediate\media
[2026-07-21 19:57:33,230] [INFO] [job_manager.py:204]: Progress updated to 60%: Document assets extracted successfully
[2026-07-21 19:57:33,230] [INFO] [pipeline_service.py:231]: Classifying extracted assets for job: f293974d-58b2-43de-9142-9a815310b12f
[2026-07-21 19:57:33,230] [INFO] [asset_analyzer.py:23]: Starting extended asset analysis for job: f293974d-58b2-43de-9142-9a815310b12f
[2026-07-21 19:57:33,234] [INFO] [asset_analyzer.py:153]: Extended asset classification completed. Assets classified: 7
[2026-07-21 19:57:33,247] [INFO] [job_manager.py:204]: Progress updated to 65%: Extracted assets analyzed and mapped successfully
[2026-07-21 19:57:33,303] [INFO] [pipeline_service.py:247]: Loading template c1463068-15e7-473f-bcae-0080cc03a18d for job: f293974d-58b2-43de-9142-9a815310b12f
[2026-07-21 19:57:33,318] [INFO] [job_manager.py:180]: Job status updated to: LOADING_TEMPLATE
[2026-07-21 19:57:33,333] [INFO] [job_manager.py:204]: Progress updated to 70%: Loading template styles: c1463068-15e7-473f-bcae-0080cc03a18d
[2026-07-21 19:57:33,414] [INFO] [pipeline_service.py:269]: Template loaded and workspace prepared at: G:\work\Journal2LaTeX\backend\temp\f293974d-58b2-43de-9142-9a815310b12f\rendered
[2026-07-21 19:57:33,434] [INFO] [job_manager.py:204]: Progress updated to 80%: Template workspace initialized
[2026-07-21 19:57:33,436] [INFO] [pipeline_service.py:294]: Starting LaTeX rendering for job: f293974d-58b2-43de-9142-9a815310b12f
[2026-07-21 19:57:33,450] [INFO] [job_manager.py:180]: Job status updated to: RENDERING_LATEX
[2026-07-21 19:57:33,463] [INFO] [job_manager.py:204]: Progress updated to 85%: Rendering document content to LaTeX
[2026-07-21 19:57:33,481] [INFO] [latex_renderer.py:72]: Starting LaTeX rendering inside workspace: G:\work\Journal2LaTeX\backend\temp\f293974d-58b2-43de-9142-9a815310b12f\rendered
[2026-07-21 19:57:33,568] [INFO] [latex_renderer.py:355]: LaTeX document main.tex rendered successfully.
[2026-07-21 19:57:33,715] [INFO] [job_manager.py:204]: Progress updated to 90%: LaTeX document rendering completed
[2026-07-21 19:57:33,716] [INFO] [pipeline_service.py:357]: Starting document compilation for job: f293974d-58b2-43de-9142-9a815310b12f
[2026-07-21 19:57:33,731] [INFO] [job_manager.py:180]: Job status updated to: COMPILING
[2026-07-21 19:57:33,750] [INFO] [job_manager.py:204]: Progress updated to 92%: Compiling LaTeX source to PDF
[2026-07-21 19:57:33,947] [ERROR] [pipeline_service.py:385]: LaTeX compilation failed: Template is missing required local resource(s); aborting before pdflatex. Ensure the template package ships these files:
  - documentclass -> NSP1
  - usepackage -> psfig
[2026-07-21 19:57:33,961] [ERROR] [job_manager.py:228]: Job error added: LaTeX compilation failed: Template is missing required local resource(s); aborting before pdflatex. Ensure the template package ships these files:
  - documentclass -> NSP1
  - usepackage -> psfig
