[2026-07-22 12:00:16,500] [INFO] [latex_compiler.py:321]: Starting LaTeX compilation for: G:\work\Journal2LaTeX\backend\temp\4b34ff93-aa70-4293-b58e-c453ef955da1\rendered\main.tex
[2026-07-22 12:00:16,506] [INFO] [latex_compiler.py:125]: Rendered working directory tree before compilation:
  everyshi.sty
  logo7pt-eps-converted-to.pdf
  logo7pt.eps
  main.aux
  main.log
  main.out
  main.pdf
  main.synctex.gz
  main.tex
  media/
    image1.jpeg
    image10.jpeg
    image11.jpeg
    image4.jpeg
    image5.png
    image6.png
    image7.png
    image8.jpeg
    image8.png
    image9.jpeg
    office_obj_1.png
  NSP1.cls
  psfig.sty
  Ref. JSAP paper.tex
  template.json
[2026-07-22 12:00:16,508] [INFO] [latex_compiler.py:131]: Template resource manifest (24 files):
  everyshi.sty                             template resource (package / style)
  logo7pt-eps-converted-to.pdf             template resource (graphic (PDF))
  logo7pt.eps                              template resource (graphic (EPS))
  main.aux                                 generated document / build artefact
  main.log                                 generated document / build artefact
  main.out                                 generated document / build artefact
  main.pdf                                 generated document / build artefact
  main.synctex.gz                          generated document / build artefact
  main.tex                                 generated document / build artefact
  media\image1.jpeg                        renderer-generated media
  media\image10.jpeg                       renderer-generated media
  media\image11.jpeg                       renderer-generated media
  media\image4.jpeg                        renderer-generated media
  media\image5.png                         renderer-generated media
  media\image6.png                         renderer-generated media
  media\image7.png                         renderer-generated media
  media\image8.jpeg                        renderer-generated media
  media\image8.png                         renderer-generated media
  media\image9.jpeg                        renderer-generated media
  media\office_obj_1.png                   renderer-generated media
  NSP1.cls                                 template resource (document class)
  psfig.sty                                template resource (package / style)
  Ref. JSAP paper.tex                      template resource (included source)
  template.json                            template metadata
[2026-07-22 12:00:16,565] [INFO] [latex_compiler.py:144]: Dependency resolution (23 references):
  [LOCAL  ] documentclass   NSP1
  [SYSTEM ] usepackage      url
  [SYSTEM ] usepackage      floatflt
  [SYSTEM ] usepackage      helvet
  [SYSTEM ] usepackage      times
  [LOCAL  ] usepackage      psfig
  [SYSTEM ] usepackage      graphicx
  [SYSTEM ] usepackage      mathptmx
  [SYSTEM ] usepackage      amsmath
  [SYSTEM ] usepackage      amssymb
  [SYSTEM ] usepackage      bm
  [SYSTEM ] usepackage      float
  [SYSTEM ] usepackage      caption
  [SYSTEM ] usepackage      placeins
  [SYSTEM ] usepackage      multirow
  [SYSTEM ] usepackage      xcolor
  [SYSTEM ] usepackage      array
  [SYSTEM ] usepackage      newunicodechar
  [DYNAMIC] includegraphics #1
  [LOCAL  ] includegraphics media/office_obj_1.png
  [LOCAL  ] includegraphics media/image5.png
  [LOCAL  ] includegraphics media/image6.png
  [LOCAL  ] includegraphics media/image7.png
[2026-07-22 12:00:16,566] [INFO] [latex_compiler.py:357]: Using latexmk compiler.
[2026-07-22 12:00:24,292] [INFO] [latex_compiler.py:424]: Compilation completed successfully. PDF generated at: G:\work\Journal2LaTeX\backend\temp\4b34ff93-aa70-4293-b58e-c453ef955da1\output\paper.pdf
[2026-07-22 12:00:24,334] [INFO] [latex_compiler.py:321]: Starting LaTeX compilation for: G:\work\Journal2LaTeX\backend\temp\4b34ff93-aa70-4293-b58e-c453ef955da1\rendered\main.tex
[2026-07-22 12:00:24,337] [INFO] [latex_compiler.py:125]: Rendered working directory tree before compilation:
  everyshi.sty
  logo7pt-eps-converted-to.pdf
  logo7pt.eps
  main.aux
  main.fdb_latexmk
  main.fls
  main.log
  main.out
  main.pdf
  main.tex
  media/
    image1.jpeg
    image10.jpeg
    image11.jpeg
    image4.jpeg
    image5.png
    image6.png
    image7.png
    image8.jpeg
    image8.png
    image9.jpeg
    office_obj_1.png
  NSP1.cls
  psfig.sty
  Ref. JSAP paper.tex
  template.json
[2026-07-22 12:00:24,341] [INFO] [latex_compiler.py:131]: Template resource manifest (25 files):
  everyshi.sty                             template resource (package / style)
  logo7pt-eps-converted-to.pdf             template resource (graphic (PDF))
  logo7pt.eps                              template resource (graphic (EPS))
  main.aux                                 generated document / build artefact
  main.fdb_latexmk                         generated document / build artefact
  main.fls                                 generated document / build artefact
  main.log                                 generated document / build artefact
  main.out                                 generated document / build artefact
  main.pdf                                 generated document / build artefact
  main.tex                                 generated document / build artefact
  media\image1.jpeg                        renderer-generated media
  media\image10.jpeg                       renderer-generated media
  media\image11.jpeg                       renderer-generated media
  media\image4.jpeg                        renderer-generated media
  media\image5.png                         renderer-generated media
  media\image6.png                         renderer-generated media
  media\image7.png                         renderer-generated media
  media\image8.jpeg                        renderer-generated media
  media\image8.png                         renderer-generated media
  media\image9.jpeg                        renderer-generated media
  media\office_obj_1.png                   renderer-generated media
  NSP1.cls                                 template resource (document class)
  psfig.sty                                template resource (package / style)
  Ref. JSAP paper.tex                      template resource (included source)
  template.json                            template metadata
[2026-07-22 12:00:24,478] [INFO] [latex_compiler.py:144]: Dependency resolution (24 references):
  [LOCAL  ] documentclass   NSP1
  [SYSTEM ] usepackage      url
  [SYSTEM ] usepackage      floatflt
  [SYSTEM ] usepackage      helvet
  [SYSTEM ] usepackage      times
  [LOCAL  ] usepackage      psfig
  [SYSTEM ] usepackage      graphicx
  [SYSTEM ] usepackage      mathptmx
  [SYSTEM ] usepackage      amsmath
  [SYSTEM ] usepackage      amssymb
  [SYSTEM ] usepackage      bm
  [SYSTEM ] usepackage      float
  [SYSTEM ] usepackage      caption
  [SYSTEM ] usepackage      placeins
  [SYSTEM ] usepackage      multirow
  [SYSTEM ] usepackage      xcolor
  [SYSTEM ] usepackage      array
  [SYSTEM ] usepackage      newunicodechar
  [SYSTEM ] usepackage      geometry
  [DYNAMIC] includegraphics #1
  [LOCAL  ] includegraphics media/office_obj_1.png
  [LOCAL  ] includegraphics media/image5.png
  [LOCAL  ] includegraphics media/image6.png
  [LOCAL  ] includegraphics media/image7.png
[2026-07-22 12:00:24,479] [INFO] [latex_compiler.py:357]: Using latexmk compiler.
[2026-07-22 12:00:31,687] [INFO] [latex_compiler.py:424]: Compilation completed successfully. PDF generated at: G:\work\Journal2LaTeX\backend\temp\4b34ff93-aa70-4293-b58e-c453ef955da1\output\paper.pdf
[2026-07-22 12:00:47,998] [INFO] [latex_compiler.py:321]: Starting LaTeX compilation for: G:\work\Journal2LaTeX\backend\temp\4b34ff93-aa70-4293-b58e-c453ef955da1\rendered\main.tex
[2026-07-22 12:00:48,002] [INFO] [latex_compiler.py:125]: Rendered working directory tree before compilation:
  everyshi.sty
  logo7pt-eps-converted-to.pdf
  logo7pt.eps
  main.aux
  main.fdb_latexmk
  main.fls
  main.log
  main.out
  main.pdf
  main.tex
  media/
    image1.jpeg
    image10.jpeg
    image11.jpeg
    image4.jpeg
    image5.png
    image6.png
    image7.png
    image8.jpeg
    image8.png
    image9.jpeg
    office_obj_1.png
  NSP1.cls
  psfig.sty
  Ref. JSAP paper.tex
  template.json
[2026-07-22 12:00:48,005] [INFO] [latex_compiler.py:131]: Template resource manifest (25 files):
  everyshi.sty                             template resource (package / style)
  logo7pt-eps-converted-to.pdf             template resource (graphic (PDF))
  logo7pt.eps                              template resource (graphic (EPS))
  main.aux                                 generated document / build artefact
  main.fdb_latexmk                         generated document / build artefact
  main.fls                                 generated document / build artefact
  main.log                                 generated document / build artefact
  main.out                                 generated document / build artefact
  main.pdf                                 generated document / build artefact
  main.tex                                 generated document / build artefact
  media\image1.jpeg                        renderer-generated media
  media\image10.jpeg                       renderer-generated media
  media\image11.jpeg                       renderer-generated media
  media\image4.jpeg                        renderer-generated media
  media\image5.png                         renderer-generated media
  media\image6.png                         renderer-generated media
  media\image7.png                         renderer-generated media
  media\image8.jpeg                        renderer-generated media
  media\image8.png                         renderer-generated media
  media\image9.jpeg                        renderer-generated media
  media\office_obj_1.png                   renderer-generated media
  NSP1.cls                                 template resource (document class)
  psfig.sty                                template resource (package / style)
  Ref. JSAP paper.tex                      template resource (included source)
  template.json                            template metadata
[2026-07-22 12:00:48,143] [INFO] [latex_compiler.py:144]: Dependency resolution (24 references):
  [LOCAL  ] documentclass   NSP1
  [SYSTEM ] usepackage      url
  [SYSTEM ] usepackage      floatflt
  [SYSTEM ] usepackage      helvet
  [SYSTEM ] usepackage      times
  [LOCAL  ] usepackage      psfig
  [SYSTEM ] usepackage      graphicx
  [SYSTEM ] usepackage      mathptmx
  [SYSTEM ] usepackage      amsmath
  [SYSTEM ] usepackage      amssymb
  [SYSTEM ] usepackage      bm
  [SYSTEM ] usepackage      float
  [SYSTEM ] usepackage      caption
  [SYSTEM ] usepackage      placeins
  [SYSTEM ] usepackage      multirow
  [SYSTEM ] usepackage      xcolor
  [SYSTEM ] usepackage      array
  [SYSTEM ] usepackage      newunicodechar
  [SYSTEM ] usepackage      geometry
  [DYNAMIC] includegraphics #1
  [LOCAL  ] includegraphics media/office_obj_1.png
  [LOCAL  ] includegraphics media/image5.png
  [LOCAL  ] includegraphics media/image6.png
  [LOCAL  ] includegraphics media/image7.png
[2026-07-22 12:00:48,144] [INFO] [latex_compiler.py:357]: Using latexmk compiler.
[2026-07-22 12:00:55,751] [INFO] [latex_compiler.py:424]: Compilation completed successfully. PDF generated at: G:\work\Journal2LaTeX\backend\temp\4b34ff93-aa70-4293-b58e-c453ef955da1\output\paper.pdf
[2026-07-22 12:01:04,737] [INFO] [latex_compiler.py:321]: Starting LaTeX compilation for: G:\work\Journal2LaTeX\backend\temp\4b34ff93-aa70-4293-b58e-c453ef955da1\rendered\main.tex
[2026-07-22 12:01:04,740] [INFO] [latex_compiler.py:125]: Rendered working directory tree before compilation:
  everyshi.sty
  logo7pt-eps-converted-to.pdf
  logo7pt.eps
  main.aux
  main.fdb_latexmk
  main.fls
  main.log
  main.out
  main.pdf
  main.tex
  media/
    image1.jpeg
    image10.jpeg
    image11.jpeg
    image4.jpeg
    image5.png
    image6.png
    image7.png
    image8.jpeg
    image8.png
    image9.jpeg
    office_obj_1.png
  NSP1.cls
  psfig.sty
  Ref. JSAP paper.tex
  template.json
[2026-07-22 12:01:04,744] [INFO] [latex_compiler.py:131]: Template resource manifest (25 files):
  everyshi.sty                             template resource (package / style)
  logo7pt-eps-converted-to.pdf             template resource (graphic (PDF))
  logo7pt.eps                              template resource (graphic (EPS))
  main.aux                                 generated document / build artefact
  main.fdb_latexmk                         generated document / build artefact
  main.fls                                 generated document / build artefact
  main.log                                 generated document / build artefact
  main.out                                 generated document / build artefact
  main.pdf                                 generated document / build artefact
  main.tex                                 generated document / build artefact
  media\image1.jpeg                        renderer-generated media
  media\image10.jpeg                       renderer-generated media
  media\image11.jpeg                       renderer-generated media
  media\image4.jpeg                        renderer-generated media
  media\image5.png                         renderer-generated media
  media\image6.png                         renderer-generated media
  media\image7.png                         renderer-generated media
  media\image8.jpeg                        renderer-generated media
  media\image8.png                         renderer-generated media
  media\image9.jpeg                        renderer-generated media
  media\office_obj_1.png                   renderer-generated media
  NSP1.cls                                 template resource (document class)
  psfig.sty                                template resource (package / style)
  Ref. JSAP paper.tex                      template resource (included source)
  template.json                            template metadata
[2026-07-22 12:01:04,874] [INFO] [latex_compiler.py:144]: Dependency resolution (24 references):
  [LOCAL  ] documentclass   NSP1
  [SYSTEM ] usepackage      url
  [SYSTEM ] usepackage      floatflt
  [SYSTEM ] usepackage      helvet
  [SYSTEM ] usepackage      times
  [LOCAL  ] usepackage      psfig
  [SYSTEM ] usepackage      graphicx
  [SYSTEM ] usepackage      mathptmx
  [SYSTEM ] usepackage      amsmath
  [SYSTEM ] usepackage      amssymb
  [SYSTEM ] usepackage      bm
  [SYSTEM ] usepackage      float
  [SYSTEM ] usepackage      caption
  [SYSTEM ] usepackage      placeins
  [SYSTEM ] usepackage      multirow
  [SYSTEM ] usepackage      xcolor
  [SYSTEM ] usepackage      array
  [SYSTEM ] usepackage      newunicodechar
  [SYSTEM ] usepackage      geometry
  [DYNAMIC] includegraphics #1
  [LOCAL  ] includegraphics media/office_obj_1.png
  [LOCAL  ] includegraphics media/image5.png
  [LOCAL  ] includegraphics media/image6.png
  [LOCAL  ] includegraphics media/image7.png
[2026-07-22 12:01:04,875] [INFO] [latex_compiler.py:357]: Using latexmk compiler.
[2026-07-22 12:01:12,942] [INFO] [latex_compiler.py:424]: Compilation completed successfully. PDF generated at: G:\work\Journal2LaTeX\backend\temp\4b34ff93-aa70-4293-b58e-c453ef955da1\output\paper.pdf
[2026-07-22 12:01:22,041] [INFO] [latex_compiler.py:321]: Starting LaTeX compilation for: G:\work\Journal2LaTeX\backend\temp\4b34ff93-aa70-4293-b58e-c453ef955da1\rendered\main.tex
[2026-07-22 12:01:22,044] [INFO] [latex_compiler.py:125]: Rendered working directory tree before compilation:
  everyshi.sty
  logo7pt-eps-converted-to.pdf
  logo7pt.eps
  main.aux
  main.fdb_latexmk
  main.fls
  main.log
  main.out
  main.pdf
  main.tex
  media/
    image1.jpeg
    image10.jpeg
    image11.jpeg
    image4.jpeg
    image5.png
    image6.png
    image7.png
    image8.jpeg
    image8.png
    image9.jpeg
    office_obj_1.png
  NSP1.cls
  psfig.sty
  Ref. JSAP paper.tex
  template.json
[2026-07-22 12:01:22,047] [INFO] [latex_compiler.py:131]: Template resource manifest (25 files):
  everyshi.sty                             template resource (package / style)
  logo7pt-eps-converted-to.pdf             template resource (graphic (PDF))
  logo7pt.eps                              template resource (graphic (EPS))
  main.aux                                 generated document / build artefact
  main.fdb_latexmk                         generated document / build artefact
  main.fls                                 generated document / build artefact
  main.log                                 generated document / build artefact
  main.out                                 generated document / build artefact
  main.pdf                                 generated document / build artefact
  main.tex                                 generated document / build artefact
  media\image1.jpeg                        renderer-generated media
  media\image10.jpeg                       renderer-generated media
  media\image11.jpeg                       renderer-generated media
  media\image4.jpeg                        renderer-generated media
  media\image5.png                         renderer-generated media
  media\image6.png                         renderer-generated media
  media\image7.png                         renderer-generated media
  media\image8.jpeg                        renderer-generated media
  media\image8.png                         renderer-generated media
  media\image9.jpeg                        renderer-generated media
  media\office_obj_1.png                   renderer-generated media
  NSP1.cls                                 template resource (document class)
  psfig.sty                                template resource (package / style)
  Ref. JSAP paper.tex                      template resource (included source)
  template.json                            template metadata
[2026-07-22 12:01:22,177] [INFO] [latex_compiler.py:144]: Dependency resolution (24 references):
  [LOCAL  ] documentclass   NSP1
  [SYSTEM ] usepackage      url
  [SYSTEM ] usepackage      floatflt
  [SYSTEM ] usepackage      helvet
  [SYSTEM ] usepackage      times
  [LOCAL  ] usepackage      psfig
  [SYSTEM ] usepackage      graphicx
  [SYSTEM ] usepackage      mathptmx
  [SYSTEM ] usepackage      amsmath
  [SYSTEM ] usepackage      amssymb
  [SYSTEM ] usepackage      bm
  [SYSTEM ] usepackage      float
  [SYSTEM ] usepackage      caption
  [SYSTEM ] usepackage      placeins
  [SYSTEM ] usepackage      multirow
  [SYSTEM ] usepackage      xcolor
  [SYSTEM ] usepackage      array
  [SYSTEM ] usepackage      newunicodechar
  [SYSTEM ] usepackage      geometry
  [DYNAMIC] includegraphics #1
  [LOCAL  ] includegraphics media/office_obj_1.png
  [LOCAL  ] includegraphics media/image5.png
  [LOCAL  ] includegraphics media/image6.png
  [LOCAL  ] includegraphics media/image7.png
[2026-07-22 12:01:22,178] [INFO] [latex_compiler.py:357]: Using latexmk compiler.
[2026-07-22 12:01:29,876] [INFO] [latex_compiler.py:424]: Compilation completed successfully. PDF generated at: G:\work\Journal2LaTeX\backend\temp\4b34ff93-aa70-4293-b58e-c453ef955da1\output\paper.pdf
[2026-07-22 12:01:39,181] [INFO] [latex_compiler.py:321]: Starting LaTeX compilation for: G:\work\Journal2LaTeX\backend\temp\4b34ff93-aa70-4293-b58e-c453ef955da1\rendered\main.tex
[2026-07-22 12:01:39,184] [INFO] [latex_compiler.py:125]: Rendered working directory tree before compilation:
  everyshi.sty
  logo7pt-eps-converted-to.pdf
  logo7pt.eps
  main.aux
  main.fdb_latexmk
  main.fls
  main.log
  main.out
  main.pdf
  main.tex
  media/
    image1.jpeg
    image10.jpeg
    image11.jpeg
    image4.jpeg
    image5.png
    image6.png
    image7.png
    image8.jpeg
    image8.png
    image9.jpeg
    office_obj_1.png
  NSP1.cls
  psfig.sty
  Ref. JSAP paper.tex
  template.json
[2026-07-22 12:01:39,187] [INFO] [latex_compiler.py:131]: Template resource manifest (25 files):
  everyshi.sty                             template resource (package / style)
  logo7pt-eps-converted-to.pdf             template resource (graphic (PDF))
  logo7pt.eps                              template resource (graphic (EPS))
  main.aux                                 generated document / build artefact
  main.fdb_latexmk                         generated document / build artefact
  main.fls                                 generated document / build artefact
  main.log                                 generated document / build artefact
  main.out                                 generated document / build artefact
  main.pdf                                 generated document / build artefact
  main.tex                                 generated document / build artefact
  media\image1.jpeg                        renderer-generated media
  media\image10.jpeg                       renderer-generated media
  media\image11.jpeg                       renderer-generated media
  media\image4.jpeg                        renderer-generated media
  media\image5.png                         renderer-generated media
  media\image6.png                         renderer-generated media
  media\image7.png                         renderer-generated media
  media\image8.jpeg                        renderer-generated media
  media\image8.png                         renderer-generated media
  media\image9.jpeg                        renderer-generated media
  media\office_obj_1.png                   renderer-generated media
  NSP1.cls                                 template resource (document class)
  psfig.sty                                template resource (package / style)
  Ref. JSAP paper.tex                      template resource (included source)
  template.json                            template metadata
[2026-07-22 12:01:39,327] [INFO] [latex_compiler.py:144]: Dependency resolution (24 references):
  [LOCAL  ] documentclass   NSP1
  [SYSTEM ] usepackage      url
  [SYSTEM ] usepackage      floatflt
  [SYSTEM ] usepackage      helvet
  [SYSTEM ] usepackage      times
  [LOCAL  ] usepackage      psfig
  [SYSTEM ] usepackage      graphicx
  [SYSTEM ] usepackage      mathptmx
  [SYSTEM ] usepackage      amsmath
  [SYSTEM ] usepackage      amssymb
  [SYSTEM ] usepackage      bm
  [SYSTEM ] usepackage      float
  [SYSTEM ] usepackage      caption
  [SYSTEM ] usepackage      placeins
  [SYSTEM ] usepackage      multirow
  [SYSTEM ] usepackage      xcolor
  [SYSTEM ] usepackage      array
  [SYSTEM ] usepackage      newunicodechar
  [SYSTEM ] usepackage      geometry
  [DYNAMIC] includegraphics #1
  [LOCAL  ] includegraphics media/office_obj_1.png
  [LOCAL  ] includegraphics media/image5.png
  [LOCAL  ] includegraphics media/image6.png
  [LOCAL  ] includegraphics media/image7.png
[2026-07-22 12:01:39,328] [INFO] [latex_compiler.py:357]: Using latexmk compiler.
[2026-07-22 12:01:46,576] [INFO] [latex_compiler.py:424]: Compilation completed successfully. PDF generated at: G:\work\Journal2LaTeX\backend\temp\4b34ff93-aa70-4293-b58e-c453ef955da1\output\paper.pdf
[2026-07-22 12:01:55,676] [INFO] [latex_compiler.py:321]: Starting LaTeX compilation for: G:\work\Journal2LaTeX\backend\temp\4b34ff93-aa70-4293-b58e-c453ef955da1\rendered\main.tex
[2026-07-22 12:01:55,681] [INFO] [latex_compiler.py:125]: Rendered working directory tree before compilation:
  everyshi.sty
  logo7pt-eps-converted-to.pdf
  logo7pt.eps
  main.aux
  main.fdb_latexmk
  main.fls
  main.log
  main.out
  main.pdf
  main.tex
  media/
    image1.jpeg
    image10.jpeg
    image11.jpeg
    image4.jpeg
    image5.png
    image6.png
    image7.png
    image8.jpeg
    image8.png
    image9.jpeg
    office_obj_1.png
  NSP1.cls
  psfig.sty
  Ref. JSAP paper.tex
  template.json
[2026-07-22 12:01:55,685] [INFO] [latex_compiler.py:131]: Template resource manifest (25 files):
  everyshi.sty                             template resource (package / style)
  logo7pt-eps-converted-to.pdf             template resource (graphic (PDF))
  logo7pt.eps                              template resource (graphic (EPS))
  main.aux                                 generated document / build artefact
  main.fdb_latexmk                         generated document / build artefact
  main.fls                                 generated document / build artefact
  main.log                                 generated document / build artefact
  main.out                                 generated document / build artefact
  main.pdf                                 generated document / build artefact
  main.tex                                 generated document / build artefact
  media\image1.jpeg                        renderer-generated media
  media\image10.jpeg                       renderer-generated media
  media\image11.jpeg                       renderer-generated media
  media\image4.jpeg                        renderer-generated media
  media\image5.png                         renderer-generated media
  media\image6.png                         renderer-generated media
  media\image7.png                         renderer-generated media
  media\image8.jpeg                        renderer-generated media
  media\image8.png                         renderer-generated media
  media\image9.jpeg                        renderer-generated media
  media\office_obj_1.png                   renderer-generated media
  NSP1.cls                                 template resource (document class)
  psfig.sty                                template resource (package / style)
  Ref. JSAP paper.tex                      template resource (included source)
  template.json                            template metadata
[2026-07-22 12:01:55,824] [INFO] [latex_compiler.py:144]: Dependency resolution (24 references):
  [LOCAL  ] documentclass   NSP1
  [SYSTEM ] usepackage      url
  [SYSTEM ] usepackage      floatflt
  [SYSTEM ] usepackage      helvet
  [SYSTEM ] usepackage      times
  [LOCAL  ] usepackage      psfig
  [SYSTEM ] usepackage      graphicx
  [SYSTEM ] usepackage      mathptmx
  [SYSTEM ] usepackage      amsmath
  [SYSTEM ] usepackage      amssymb
  [SYSTEM ] usepackage      bm
  [SYSTEM ] usepackage      float
  [SYSTEM ] usepackage      caption
  [SYSTEM ] usepackage      placeins
  [SYSTEM ] usepackage      multirow
  [SYSTEM ] usepackage      xcolor
  [SYSTEM ] usepackage      array
  [SYSTEM ] usepackage      newunicodechar
  [SYSTEM ] usepackage      geometry
  [DYNAMIC] includegraphics #1
  [LOCAL  ] includegraphics media/office_obj_1.png
  [LOCAL  ] includegraphics media/image5.png
  [LOCAL  ] includegraphics media/image6.png
  [LOCAL  ] includegraphics media/image7.png
[2026-07-22 12:01:55,825] [INFO] [latex_compiler.py:357]: Using latexmk compiler.
[2026-07-22 12:02:04,527] [INFO] [latex_compiler.py:424]: Compilation completed successfully. PDF generated at: G:\work\Journal2LaTeX\backend\temp\4b34ff93-aa70-4293-b58e-c453ef955da1\output\paper.pdf
[2026-07-22 12:02:14,085] [INFO] [latex_compiler.py:321]: Starting LaTeX compilation for: G:\work\Journal2LaTeX\backend\temp\4b34ff93-aa70-4293-b58e-c453ef955da1\rendered\main.tex
[2026-07-22 12:02:14,090] [INFO] [latex_compiler.py:125]: Rendered working directory tree before compilation:
  everyshi.sty
  logo7pt-eps-converted-to.pdf
  logo7pt.eps
  main.aux
  main.fdb_latexmk
  main.fls
  main.log
  main.out
  main.pdf
  main.tex
  media/
    image1.jpeg
    image10.jpeg
    image11.jpeg
    image4.jpeg
    image5.png
    image6.png
    image7.png
    image8.jpeg
    image8.png
    image9.jpeg
    office_obj_1.png
  NSP1.cls
  psfig.sty
  Ref. JSAP paper.tex
  template.json
[2026-07-22 12:02:14,095] [INFO] [latex_compiler.py:131]: Template resource manifest (25 files):
  everyshi.sty                             template resource (package / style)
  logo7pt-eps-converted-to.pdf             template resource (graphic (PDF))
  logo7pt.eps                              template resource (graphic (EPS))
  main.aux                                 generated document / build artefact
  main.fdb_latexmk                         generated document / build artefact
  main.fls                                 generated document / build artefact
  main.log                                 generated document / build artefact
  main.out                                 generated document / build artefact
  main.pdf                                 generated document / build artefact
  main.tex                                 generated document / build artefact
  media\image1.jpeg                        renderer-generated media
  media\image10.jpeg                       renderer-generated media
  media\image11.jpeg                       renderer-generated media
  media\image4.jpeg                        renderer-generated media
  media\image5.png                         renderer-generated media
  media\image6.png                         renderer-generated media
  media\image7.png                         renderer-generated media
  media\image8.jpeg                        renderer-generated media
  media\image8.png                         renderer-generated media
  media\image9.jpeg                        renderer-generated media
  media\office_obj_1.png                   renderer-generated media
  NSP1.cls                                 template resource (document class)
  psfig.sty                                template resource (package / style)
  Ref. JSAP paper.tex                      template resource (included source)
  template.json                            template metadata
[2026-07-22 12:02:14,240] [INFO] [latex_compiler.py:144]: Dependency resolution (24 references):
  [LOCAL  ] documentclass   NSP1
  [SYSTEM ] usepackage      url
  [SYSTEM ] usepackage      floatflt
  [SYSTEM ] usepackage      helvet
  [SYSTEM ] usepackage      times
  [LOCAL  ] usepackage      psfig
  [SYSTEM ] usepackage      graphicx
  [SYSTEM ] usepackage      mathptmx
  [SYSTEM ] usepackage      amsmath
  [SYSTEM ] usepackage      amssymb
  [SYSTEM ] usepackage      bm
  [SYSTEM ] usepackage      float
  [SYSTEM ] usepackage      caption
  [SYSTEM ] usepackage      placeins
  [SYSTEM ] usepackage      multirow
  [SYSTEM ] usepackage      xcolor
  [SYSTEM ] usepackage      array
  [SYSTEM ] usepackage      newunicodechar
  [SYSTEM ] usepackage      geometry
  [DYNAMIC] includegraphics #1
  [LOCAL  ] includegraphics media/office_obj_1.png
  [LOCAL  ] includegraphics media/image5.png
  [LOCAL  ] includegraphics media/image6.png
  [LOCAL  ] includegraphics media/image7.png
[2026-07-22 12:02:14,241] [INFO] [latex_compiler.py:357]: Using latexmk compiler.
[2026-07-22 12:02:23,143] [INFO] [latex_compiler.py:424]: Compilation completed successfully. PDF generated at: G:\work\Journal2LaTeX\backend\temp\4b34ff93-aa70-4293-b58e-c453ef955da1\output\paper.pdf
[2026-07-22 12:02:33,164] [INFO] [latex_compiler.py:321]: Starting LaTeX compilation for: G:\work\Journal2LaTeX\backend\temp\4b34ff93-aa70-4293-b58e-c453ef955da1\rendered\main.tex
[2026-07-22 12:02:33,167] [INFO] [latex_compiler.py:125]: Rendered working directory tree before compilation:
  everyshi.sty
  logo7pt-eps-converted-to.pdf
  logo7pt.eps
  main.aux
  main.fdb_latexmk
  main.fls
  main.log
  main.out
  main.pdf
  main.tex
  media/
    image1.jpeg
    image10.jpeg
    image11.jpeg
    image4.jpeg
    image5.png
    image6.png
    image7.png
    image8.jpeg
    image8.png
    image9.jpeg
    office_obj_1.png
  NSP1.cls
  psfig.sty
  Ref. JSAP paper.tex
  template.json
[2026-07-22 12:02:33,170] [INFO] [latex_compiler.py:131]: Template resource manifest (25 files):
  everyshi.sty                             template resource (package / style)
  logo7pt-eps-converted-to.pdf             template resource (graphic (PDF))
  logo7pt.eps                              template resource (graphic (EPS))
  main.aux                                 generated document / build artefact
  main.fdb_latexmk                         generated document / build artefact
  main.fls                                 generated document / build artefact
  main.log                                 generated document / build artefact
  main.out                                 generated document / build artefact
  main.pdf                                 generated document / build artefact
  main.tex                                 generated document / build artefact
  media\image1.jpeg                        renderer-generated media
  media\image10.jpeg                       renderer-generated media
  media\image11.jpeg                       renderer-generated media
  media\image4.jpeg                        renderer-generated media
  media\image5.png                         renderer-generated media
  media\image6.png                         renderer-generated media
  media\image7.png                         renderer-generated media
  media\image8.jpeg                        renderer-generated media
  media\image8.png                         renderer-generated media
  media\image9.jpeg                        renderer-generated media
  media\office_obj_1.png                   renderer-generated media
  NSP1.cls                                 template resource (document class)
  psfig.sty                                template resource (package / style)
  Ref. JSAP paper.tex                      template resource (included source)
  template.json                            template metadata
[2026-07-22 12:02:33,324] [INFO] [latex_compiler.py:144]: Dependency resolution (24 references):
  [LOCAL  ] documentclass   NSP1
  [SYSTEM ] usepackage      url
  [SYSTEM ] usepackage      floatflt
  [SYSTEM ] usepackage      helvet
  [SYSTEM ] usepackage      times
  [LOCAL  ] usepackage      psfig
  [SYSTEM ] usepackage      graphicx
  [SYSTEM ] usepackage      mathptmx
  [SYSTEM ] usepackage      amsmath
  [SYSTEM ] usepackage      amssymb
  [SYSTEM ] usepackage      bm
  [SYSTEM ] usepackage      float
  [SYSTEM ] usepackage      caption
  [SYSTEM ] usepackage      placeins
  [SYSTEM ] usepackage      multirow
  [SYSTEM ] usepackage      xcolor
  [SYSTEM ] usepackage      array
  [SYSTEM ] usepackage      newunicodechar
  [SYSTEM ] usepackage      geometry
  [DYNAMIC] includegraphics #1
  [LOCAL  ] includegraphics media/office_obj_1.png
  [LOCAL  ] includegraphics media/image5.png
  [LOCAL  ] includegraphics media/image6.png
  [LOCAL  ] includegraphics media/image7.png
[2026-07-22 12:02:33,325] [INFO] [latex_compiler.py:357]: Using latexmk compiler.
[2026-07-22 12:02:42,285] [INFO] [latex_compiler.py:424]: Compilation completed successfully. PDF generated at: G:\work\Journal2LaTeX\backend\temp\4b34ff93-aa70-4293-b58e-c453ef955da1\output\paper.pdf
