[2026-07-18 00:14:40,821] [INFO] [job_manager.py:92]: Job 374bb39f-5aa6-4df9-b2ae-e6d3b29b73ef workspace created successfully
[2026-07-18 00:14:40,841] [INFO] [pipeline_service.py:30]: Starting validation for job: 374bb39f-5aa6-4df9-b2ae-e6d3b29b73ef
[2026-07-18 00:14:40,842] [INFO] [job_manager.py:136]: Job status updated to: VALIDATING
[2026-07-18 00:14:40,858] [INFO] [job_manager.py:160]: Progress updated to 10%: Validating input Word Document
[2026-07-18 00:14:40,874] [INFO] [pipeline_service.py:45]: Validation successful.
[2026-07-18 00:14:40,890] [INFO] [job_manager.py:160]: Progress updated to 20%: Input document validated successfully
[2026-07-18 00:14:40,890] [INFO] [pipeline_service.py:52]: Starting document analysis for job: 374bb39f-5aa6-4df9-b2ae-e6d3b29b73ef
[2026-07-18 00:14:40,906] [INFO] [job_manager.py:136]: Job status updated to: ANALYZING_DOCUMENT
[2026-07-18 00:14:40,921] [INFO] [job_manager.py:160]: Progress updated to 30%: Analyzing document structure and content blocks
[2026-07-18 00:14:40,921] [INFO] [document_analyzer.py:33]: Starting improved document analysis for: G:\work\Journal2LaTeX\backend\temp\374bb39f-5aa6-4df9-b2ae-e6d3b29b73ef\input\test.docx
[2026-07-18 00:14:41,271] [INFO] [document_analyzer.py:234]: Parsed E2E document: title='J. Stat. Appl. Pro. Vol. No. (20--) 185', authors=25, sections=1, references=0
[2026-07-18 00:14:41,274] [INFO] [pipeline_service.py:80]: Document analysis completed. Saved structure to: G:\work\Journal2LaTeX\backend\temp\374bb39f-5aa6-4df9-b2ae-e6d3b29b73ef\intermediate\document_structure.json, report to: G:\work\Journal2LaTeX\backend\temp\374bb39f-5aa6-4df9-b2ae-e6d3b29b73ef\intermediate\conversion_report.json
[2026-07-18 00:14:41,289] [INFO] [job_manager.py:160]: Progress updated to 45%: Document structure extracted successfully
[2026-07-18 00:14:41,290] [INFO] [pipeline_service.py:93]: Starting asset extraction for job: 374bb39f-5aa6-4df9-b2ae-e6d3b29b73ef
[2026-07-18 00:14:41,304] [INFO] [job_manager.py:136]: Job status updated to: EXTRACTING_ASSETS
[2026-07-18 00:14:41,319] [INFO] [job_manager.py:160]: Progress updated to 50%: Extracting images and figure assets from document
[2026-07-18 00:14:41,677] [INFO] [pipeline_service.py:104]: Assets extracted to: G:\work\Journal2LaTeX\backend\temp\374bb39f-5aa6-4df9-b2ae-e6d3b29b73ef\intermediate\media
[2026-07-18 00:14:41,691] [INFO] [job_manager.py:160]: Progress updated to 60%: Document assets extracted successfully
[2026-07-18 00:14:41,712] [INFO] [pipeline_service.py:116]: Loading template JSAP for job: 374bb39f-5aa6-4df9-b2ae-e6d3b29b73ef
[2026-07-18 00:14:41,713] [INFO] [job_manager.py:136]: Job status updated to: LOADING_TEMPLATE
[2026-07-18 00:14:41,731] [INFO] [job_manager.py:160]: Progress updated to 70%: Loading template styles: JSAP
[2026-07-18 00:14:41,754] [INFO] [pipeline_service.py:134]: Template loaded and workspace prepared at: G:\work\Journal2LaTeX\backend\temp\374bb39f-5aa6-4df9-b2ae-e6d3b29b73ef\rendered
[2026-07-18 00:14:41,769] [INFO] [job_manager.py:160]: Progress updated to 80%: Template workspace initialized
[2026-07-18 00:14:41,770] [INFO] [pipeline_service.py:147]: Starting LaTeX rendering for job: 374bb39f-5aa6-4df9-b2ae-e6d3b29b73ef
[2026-07-18 00:14:41,787] [INFO] [job_manager.py:136]: Job status updated to: RENDERING_LATEX
[2026-07-18 00:14:41,800] [INFO] [job_manager.py:160]: Progress updated to 85%: Rendering document content to LaTeX
[2026-07-18 00:14:41,819] [INFO] [latex_renderer.py:29]: Starting LaTeX rendering inside workspace: G:\work\Journal2LaTeX\backend\temp\374bb39f-5aa6-4df9-b2ae-e6d3b29b73ef\rendered
[2026-07-18 00:14:41,824] [INFO] [latex_renderer.py:105]: LaTeX document main.tex rendered successfully.
[2026-07-18 00:14:41,838] [INFO] [job_manager.py:160]: Progress updated to 90%: LaTeX document rendering completed
[2026-07-18 00:14:41,838] [INFO] [pipeline_service.py:181]: Starting document compilation for job: 374bb39f-5aa6-4df9-b2ae-e6d3b29b73ef
[2026-07-18 00:14:41,851] [INFO] [job_manager.py:136]: Job status updated to: COMPILING
[2026-07-18 00:14:41,864] [INFO] [job_manager.py:160]: Progress updated to 92%: Compiling LaTeX source to PDF
[2026-07-18 00:14:46,315] [INFO] [pipeline_service.py:203]: Compilation completed successfully.
[2026-07-18 00:14:46,329] [INFO] [job_manager.py:136]: Job status updated to: COMPLETED
[2026-07-18 00:14:46,342] [INFO] [job_manager.py:160]: Progress updated to 100%: Pipeline process completed successfully
