[2026-07-18 02:36:11,345] [INFO] [job_manager.py:92]: Job 2af64828-69f5-49d1-bc5f-1ae205e1b269 workspace created successfully
[2026-07-18 02:36:11,358] [INFO] [pipeline_service.py:34]: Starting validation for job: 2af64828-69f5-49d1-bc5f-1ae205e1b269
[2026-07-18 02:36:11,359] [INFO] [job_manager.py:136]: Job status updated to: VALIDATING
[2026-07-18 02:36:11,369] [INFO] [job_manager.py:160]: Progress updated to 10%: Validating input Word Document
[2026-07-18 02:36:16,998] [INFO] [pipeline_service.py:49]: Validation successful.
[2026-07-18 02:36:17,010] [INFO] [job_manager.py:160]: Progress updated to 20%: Input document validated successfully
[2026-07-18 02:36:17,010] [INFO] [pipeline_service.py:56]: Starting document analysis for job: 2af64828-69f5-49d1-bc5f-1ae205e1b269
[2026-07-18 02:36:17,028] [INFO] [job_manager.py:136]: Job status updated to: ANALYZING_DOCUMENT
[2026-07-18 02:36:17,038] [INFO] [job_manager.py:160]: Progress updated to 30%: Analyzing document structure and content blocks
[2026-07-18 02:36:17,038] [INFO] [document_analyzer.py:33]: Starting improved document analysis for: G:\work\Journal2LaTeX\backend\temp\2af64828-69f5-49d1-bc5f-1ae205e1b269\input\normal_paper.docx
[2026-07-18 02:36:17,372] [INFO] [document_analyzer.py:415]: Parsed document: title='Modification of the Authentication in the Routing Protocols in Mobile Ad Hoc Networks (MANETs)', authors=5, sections=1, references=14
[2026-07-18 02:36:17,374] [INFO] [pipeline_service.py:84]: Document analysis completed. Saved structure to: G:\work\Journal2LaTeX\backend\temp\2af64828-69f5-49d1-bc5f-1ae205e1b269\intermediate\document_structure.json, report to: G:\work\Journal2LaTeX\backend\temp\2af64828-69f5-49d1-bc5f-1ae205e1b269\intermediate\conversion_report.json
[2026-07-18 02:36:17,389] [INFO] [job_manager.py:160]: Progress updated to 45%: Document structure extracted successfully
[2026-07-18 02:36:17,389] [INFO] [pipeline_service.py:97]: Starting asset extraction for job: 2af64828-69f5-49d1-bc5f-1ae205e1b269
[2026-07-18 02:36:17,400] [INFO] [job_manager.py:136]: Job status updated to: EXTRACTING_ASSETS
[2026-07-18 02:36:17,412] [INFO] [job_manager.py:160]: Progress updated to 50%: Extracting images and figure assets from document
[2026-07-18 02:36:17,997] [INFO] [pipeline_service.py:108]: Assets extracted to: G:\work\Journal2LaTeX\backend\temp\2af64828-69f5-49d1-bc5f-1ae205e1b269\intermediate\media
[2026-07-18 02:36:18,013] [INFO] [job_manager.py:160]: Progress updated to 60%: Document assets extracted successfully
[2026-07-18 02:36:18,013] [INFO] [pipeline_service.py:120]: Classifying extracted assets for job: 2af64828-69f5-49d1-bc5f-1ae205e1b269
[2026-07-18 02:36:18,013] [INFO] [asset_analyzer.py:23]: Starting extended asset analysis for job: 2af64828-69f5-49d1-bc5f-1ae205e1b269
[2026-07-18 02:36:18,020] [INFO] [asset_analyzer.py:153]: Extended asset classification completed. Assets classified: 81
[2026-07-18 02:36:18,031] [INFO] [job_manager.py:160]: Progress updated to 65%: Extracted assets analyzed and mapped successfully
[2026-07-18 02:36:18,046] [INFO] [pipeline_service.py:136]: Loading template JSAP for job: 2af64828-69f5-49d1-bc5f-1ae205e1b269
[2026-07-18 02:36:18,047] [INFO] [job_manager.py:136]: Job status updated to: LOADING_TEMPLATE
[2026-07-18 02:36:18,059] [INFO] [job_manager.py:160]: Progress updated to 70%: Loading template styles: JSAP
[2026-07-18 02:36:18,172] [INFO] [pipeline_service.py:154]: Template loaded and workspace prepared at: G:\work\Journal2LaTeX\backend\temp\2af64828-69f5-49d1-bc5f-1ae205e1b269\rendered
[2026-07-18 02:36:18,184] [INFO] [job_manager.py:160]: Progress updated to 80%: Template workspace initialized
[2026-07-18 02:36:18,185] [INFO] [pipeline_service.py:167]: Starting LaTeX rendering for job: 2af64828-69f5-49d1-bc5f-1ae205e1b269
[2026-07-18 02:36:18,195] [INFO] [job_manager.py:136]: Job status updated to: RENDERING_LATEX
[2026-07-18 02:36:18,206] [INFO] [job_manager.py:160]: Progress updated to 85%: Rendering document content to LaTeX
[2026-07-18 02:36:18,221] [INFO] [latex_renderer.py:30]: Starting LaTeX rendering inside workspace: G:\work\Journal2LaTeX\backend\temp\2af64828-69f5-49d1-bc5f-1ae205e1b269\rendered
[2026-07-18 02:36:18,230] [INFO] [latex_renderer.py:173]: LaTeX document main.tex rendered successfully.
[2026-07-18 02:36:18,241] [INFO] [job_manager.py:160]: Progress updated to 90%: LaTeX document rendering completed
[2026-07-18 02:36:18,241] [INFO] [pipeline_service.py:201]: Starting document compilation for job: 2af64828-69f5-49d1-bc5f-1ae205e1b269
[2026-07-18 02:36:18,252] [INFO] [job_manager.py:136]: Job status updated to: COMPILING
[2026-07-18 02:36:18,264] [INFO] [job_manager.py:160]: Progress updated to 92%: Compiling LaTeX source to PDF
[2026-07-18 02:36:22,950] [INFO] [pipeline_service.py:223]: Compilation completed successfully.
[2026-07-18 02:36:22,952] [INFO] [pipeline_service.py:235]: Running E2E publication fidelity checker for job: 2af64828-69f5-49d1-bc5f-1ae205e1b269
[2026-07-18 02:36:22,952] [INFO] [fidelity_checker.py:24]: Generating advanced fidelity report and scores for job: 2af64828-69f5-49d1-bc5f-1ae205e1b269
[2026-07-18 02:36:22,960] [INFO] [fidelity_checker.py:163]: Fidelity report written to G:\work\Journal2LaTeX\backend\temp\2af64828-69f5-49d1-bc5f-1ae205e1b269\intermediate\fidelity_report.json. Overall Score: 98.3%, Critical missing: 0
[2026-07-18 02:36:22,960] [ERROR] [pipeline_service.py:247]: Fidelity checker execution failed: name 'doc' is not defined
[2026-07-18 02:36:22,973] [ERROR] [job_manager.py:184]: Job error added: Fidelity checker execution failed: name 'doc' is not defined
