[2026-07-18 00:09:21,129] [INFO] [job_manager.py:92]: Job 38bb7886-1d67-4ed6-9edb-f428737b404b workspace created successfully
[2026-07-18 00:09:21,151] [INFO] [pipeline_service.py:30]: Starting validation for job: 38bb7886-1d67-4ed6-9edb-f428737b404b
[2026-07-18 00:09:21,153] [INFO] [job_manager.py:136]: Job status updated to: VALIDATING
[2026-07-18 00:09:21,166] [INFO] [job_manager.py:160]: Progress updated to 10%: Validating input Word Document
[2026-07-18 00:09:21,170] [INFO] [pipeline_service.py:45]: Validation successful.
[2026-07-18 00:09:21,185] [INFO] [job_manager.py:160]: Progress updated to 20%: Input document validated successfully
[2026-07-18 00:09:21,185] [INFO] [pipeline_service.py:52]: Starting document analysis for job: 38bb7886-1d67-4ed6-9edb-f428737b404b
[2026-07-18 00:09:21,199] [INFO] [job_manager.py:136]: Job status updated to: ANALYZING_DOCUMENT
[2026-07-18 00:09:21,209] [INFO] [job_manager.py:160]: Progress updated to 30%: Analyzing document structure and content blocks
[2026-07-18 00:09:21,209] [INFO] [document_analyzer.py:32]: Starting document analysis for: G:\work\Journal2LaTeX\backend\temp\38bb7886-1d67-4ed6-9edb-f428737b404b\input\sample.docx
[2026-07-18 00:09:21,210] [DEBUG] [document_analyzer.py:46]: Running Pandoc AST command: pandoc G:\work\Journal2LaTeX\backend\temp\38bb7886-1d67-4ed6-9edb-f428737b404b\input\sample.docx -t json
[2026-07-18 00:09:21,254] [INFO] [document_analyzer.py:183]: Successfully parsed document: title='', sections=1
[2026-07-18 00:09:21,255] [INFO] [pipeline_service.py:73]: Document analysis completed. Saved structure to: G:\work\Journal2LaTeX\backend\temp\38bb7886-1d67-4ed6-9edb-f428737b404b\intermediate\document_structure.json
[2026-07-18 00:09:21,267] [INFO] [job_manager.py:160]: Progress updated to 45%: Document structure extracted successfully
[2026-07-18 00:09:21,267] [INFO] [pipeline_service.py:86]: Starting asset extraction for job: 38bb7886-1d67-4ed6-9edb-f428737b404b
[2026-07-18 00:09:21,279] [INFO] [job_manager.py:136]: Job status updated to: EXTRACTING_ASSETS
[2026-07-18 00:09:21,293] [INFO] [job_manager.py:160]: Progress updated to 50%: Extracting images and figure assets from document
[2026-07-18 00:09:21,342] [INFO] [pipeline_service.py:97]: Assets extracted to: G:\work\Journal2LaTeX\backend\temp\38bb7886-1d67-4ed6-9edb-f428737b404b\intermediate\media
[2026-07-18 00:09:21,353] [INFO] [job_manager.py:160]: Progress updated to 60%: Document assets extracted successfully
[2026-07-18 00:09:21,369] [INFO] [pipeline_service.py:109]: Loading template JSAP for job: 38bb7886-1d67-4ed6-9edb-f428737b404b
[2026-07-18 00:09:21,370] [INFO] [job_manager.py:136]: Job status updated to: LOADING_TEMPLATE
[2026-07-18 00:09:21,384] [INFO] [job_manager.py:160]: Progress updated to 70%: Loading template styles: JSAP
[2026-07-18 00:09:21,399] [INFO] [pipeline_service.py:127]: Template loaded and workspace prepared at: G:\work\Journal2LaTeX\backend\temp\38bb7886-1d67-4ed6-9edb-f428737b404b\rendered
[2026-07-18 00:09:21,415] [INFO] [job_manager.py:160]: Progress updated to 80%: Template workspace initialized
[2026-07-18 00:09:21,415] [INFO] [pipeline_service.py:140]: Starting LaTeX rendering for job: 38bb7886-1d67-4ed6-9edb-f428737b404b
[2026-07-18 00:09:21,425] [INFO] [job_manager.py:136]: Job status updated to: RENDERING_LATEX
[2026-07-18 00:09:21,440] [INFO] [job_manager.py:160]: Progress updated to 85%: Rendering document content to LaTeX
[2026-07-18 00:09:21,441] [INFO] [latex_renderer.py:29]: Starting LaTeX rendering inside workspace: G:\work\Journal2LaTeX\backend\temp\38bb7886-1d67-4ed6-9edb-f428737b404b\rendered
[2026-07-18 00:09:21,456] [INFO] [latex_renderer.py:93]: LaTeX document main.tex rendered successfully.
[2026-07-18 00:09:21,471] [INFO] [job_manager.py:160]: Progress updated to 90%: LaTeX document rendering completed
[2026-07-18 00:09:21,471] [INFO] [pipeline_service.py:174]: Starting document compilation for job: 38bb7886-1d67-4ed6-9edb-f428737b404b
[2026-07-18 00:09:21,486] [INFO] [job_manager.py:136]: Job status updated to: COMPILING
[2026-07-18 00:09:21,498] [INFO] [job_manager.py:160]: Progress updated to 92%: Compiling LaTeX source to PDF
[2026-07-18 00:09:26,527] [ERROR] [pipeline_service.py:203]: LaTeX compilation failed: LaTeX compilation failed with return code 12.
[2026-07-18 00:09:26,542] [ERROR] [job_manager.py:184]: Job error added: LaTeX compilation failed: LaTeX compilation failed with return code 12.
