[2026-07-17 23:47:02,440] [INFO] [job_manager.py:92]: Job e49fcbe1-9a3d-4bd1-9661-61cfa3f4dcb2 workspace created successfully
[2026-07-17 23:47:02,463] [INFO] [pipeline_service.py:30]: Starting validation for job: e49fcbe1-9a3d-4bd1-9661-61cfa3f4dcb2
[2026-07-17 23:47:02,464] [INFO] [job_manager.py:136]: Job status updated to: VALIDATING
[2026-07-17 23:47:02,477] [INFO] [job_manager.py:160]: Progress updated to 10%: Validating input Word Document
[2026-07-17 23:47:02,480] [INFO] [pipeline_service.py:46]: Validation successful.
[2026-07-17 23:47:02,495] [INFO] [job_manager.py:160]: Progress updated to 25%: Input document validated successfully
[2026-07-17 23:47:02,495] [INFO] [pipeline_service.py:63]: Starting document analysis for job: e49fcbe1-9a3d-4bd1-9661-61cfa3f4dcb2
[2026-07-17 23:47:02,516] [INFO] [job_manager.py:136]: Job status updated to: ANALYZING_DOCUMENT
[2026-07-17 23:47:02,530] [INFO] [job_manager.py:160]: Progress updated to 30%: Analyzing document structure and content blocks
[2026-07-17 23:47:02,530] [INFO] [document_analyzer.py:32]: Starting document analysis for: G:\work\Journal2LaTeX\backend\temp\e49fcbe1-9a3d-4bd1-9661-61cfa3f4dcb2\input\sample.docx
[2026-07-17 23:47:02,531] [DEBUG] [document_analyzer.py:46]: Running Pandoc AST command: pandoc G:\work\Journal2LaTeX\backend\temp\e49fcbe1-9a3d-4bd1-9661-61cfa3f4dcb2\input\sample.docx -t json
[2026-07-17 23:47:02,680] [INFO] [document_analyzer.py:183]: Successfully parsed document: title='', sections=1
[2026-07-17 23:47:02,682] [INFO] [pipeline_service.py:84]: Document analysis completed. Saved structure to: G:\work\Journal2LaTeX\backend\temp\e49fcbe1-9a3d-4bd1-9661-61cfa3f4dcb2\intermediate\document_structure.json
[2026-07-17 23:47:02,696] [INFO] [job_manager.py:160]: Progress updated to 65%: Document structure extracted successfully
[2026-07-17 23:47:02,696] [INFO] [pipeline_service.py:105]: Starting asset extraction for job: e49fcbe1-9a3d-4bd1-9661-61cfa3f4dcb2
[2026-07-17 23:47:02,712] [INFO] [job_manager.py:136]: Job status updated to: EXTRACTING_ASSETS
[2026-07-17 23:47:02,729] [INFO] [job_manager.py:160]: Progress updated to 70%: Extracting images and figure assets from document
[2026-07-17 23:47:02,777] [INFO] [pipeline_service.py:117]: Assets extracted to: G:\work\Journal2LaTeX\backend\temp\e49fcbe1-9a3d-4bd1-9661-61cfa3f4dcb2\intermediate\media
[2026-07-17 23:47:02,790] [INFO] [job_manager.py:160]: Progress updated to 90%: Document assets extracted successfully
[2026-07-17 23:47:02,790] [INFO] [pipeline_service.py:137]: Marking analysis complete for job: e49fcbe1-9a3d-4bd1-9661-61cfa3f4dcb2
[2026-07-17 23:47:02,802] [INFO] [job_manager.py:136]: Job status updated to: READY_FOR_TEMPLATE_RENDERING
[2026-07-17 23:47:02,815] [INFO] [job_manager.py:160]: Progress updated to 100%: Document analysis complete. Ready for template rendering.
[2026-07-17 23:47:02,815] [INFO] [pipeline_service.py:142]: Pipeline analysis run completed successfully.
