[2026-07-22 00:48:07,124] [INFO] [job_manager.py:136]: Job 80f75e59-b1df-40a6-b0fb-4436b793ed72 workspace created successfully
[2026-07-22 00:48:07,151] [INFO] [pipeline_service.py:45]: Starting validation for job: 80f75e59-b1df-40a6-b0fb-4436b793ed72
[2026-07-22 00:48:07,167] [INFO] [job_manager.py:180]: Job status updated to: VALIDATING
[2026-07-22 00:48:07,180] [INFO] [job_manager.py:204]: Progress updated to 10%: Validating input Word Document
[2026-07-22 00:48:07,198] [INFO] [pipeline_service.py:60]: Validation successful.
[2026-07-22 00:48:07,212] [INFO] [job_manager.py:204]: Progress updated to 20%: Input document validated successfully
[2026-07-22 00:48:07,212] [INFO] [pipeline_service.py:67]: Starting document analysis for job: 80f75e59-b1df-40a6-b0fb-4436b793ed72
[2026-07-22 00:48:07,226] [INFO] [job_manager.py:180]: Job status updated to: ANALYZING_DOCUMENT
[2026-07-22 00:48:07,240] [INFO] [job_manager.py:204]: Progress updated to 30%: Analyzing document structure and content blocks
[2026-07-22 00:48:07,240] [INFO] [document_analyzer.py:33]: Starting improved document analysis for: G:\work\Journal2LaTeX\backend\temp\80f75e59-b1df-40a6-b0fb-4436b793ed72\input\The role.docx
[2026-07-22 00:48:08,497] [INFO] [document_analyzer.py:511]: Parsed document: title='The Role of Social Media in the Spread and Countering of Cyber-Extremism: An Islamic Jurisprudential and Educational Perspective', authors=3, sections=41, references=42
[2026-07-22 00:48:08,504] [INFO] [pipeline_service.py:95]: Document analysis completed. Saved structure to: G:\work\Journal2LaTeX\backend\temp\80f75e59-b1df-40a6-b0fb-4436b793ed72\intermediate\document_structure.json, report to: G:\work\Journal2LaTeX\backend\temp\80f75e59-b1df-40a6-b0fb-4436b793ed72\intermediate\conversion_report.json
[2026-07-22 00:48:08,521] [INFO] [job_manager.py:204]: Progress updated to 45%: Document structure extracted successfully
[2026-07-22 00:48:08,521] [INFO] [pipeline_service.py:108]: Starting asset extraction for job: 80f75e59-b1df-40a6-b0fb-4436b793ed72
[2026-07-22 00:48:08,536] [INFO] [job_manager.py:180]: Job status updated to: EXTRACTING_ASSETS
[2026-07-22 00:48:08,549] [INFO] [job_manager.py:204]: Progress updated to 50%: Extracting images and figure assets from document
[2026-07-22 00:48:14,545] [INFO] [pipeline_service.py:223]: Office object fig:office1 placed=True
[2026-07-22 00:48:14,589] [INFO] [pipeline_service.py:141]: Assets extracted to: G:\work\Journal2LaTeX\backend\temp\80f75e59-b1df-40a6-b0fb-4436b793ed72\intermediate\media
[2026-07-22 00:48:14,606] [INFO] [job_manager.py:204]: Progress updated to 60%: Document assets extracted successfully
[2026-07-22 00:48:14,606] [INFO] [pipeline_service.py:231]: Classifying extracted assets for job: 80f75e59-b1df-40a6-b0fb-4436b793ed72
[2026-07-22 00:48:14,606] [INFO] [asset_analyzer.py:23]: Starting extended asset analysis for job: 80f75e59-b1df-40a6-b0fb-4436b793ed72
[2026-07-22 00:48:14,608] [INFO] [asset_analyzer.py:153]: Extended asset classification completed. Assets classified: 8
[2026-07-22 00:48:14,621] [INFO] [job_manager.py:204]: Progress updated to 65%: Extracted assets analyzed and mapped successfully
[2026-07-22 00:48:14,668] [INFO] [pipeline_service.py:247]: Loading template 204e97d0-9bc7-436c-aeee-2ec68514c7df for job: 80f75e59-b1df-40a6-b0fb-4436b793ed72
[2026-07-22 00:48:14,683] [INFO] [job_manager.py:180]: Job status updated to: LOADING_TEMPLATE
[2026-07-22 00:48:14,698] [INFO] [job_manager.py:204]: Progress updated to 70%: Loading template styles: 204e97d0-9bc7-436c-aeee-2ec68514c7df
[2026-07-22 00:48:14,806] [INFO] [pipeline_service.py:269]: Template loaded and workspace prepared at: G:\work\Journal2LaTeX\backend\temp\80f75e59-b1df-40a6-b0fb-4436b793ed72\rendered
[2026-07-22 00:48:14,825] [INFO] [job_manager.py:204]: Progress updated to 80%: Template workspace initialized
[2026-07-22 00:48:14,827] [INFO] [pipeline_service.py:294]: Starting LaTeX rendering for job: 80f75e59-b1df-40a6-b0fb-4436b793ed72
[2026-07-22 00:48:14,839] [INFO] [job_manager.py:180]: Job status updated to: RENDERING_LATEX
[2026-07-22 00:48:14,853] [INFO] [job_manager.py:204]: Progress updated to 85%: Rendering document content to LaTeX
[2026-07-22 00:48:14,875] [INFO] [latex_renderer.py:72]: Starting LaTeX rendering inside workspace: G:\work\Journal2LaTeX\backend\temp\80f75e59-b1df-40a6-b0fb-4436b793ed72\rendered
[2026-07-22 00:48:14,945] [INFO] [latex_renderer.py:350]: LaTeX document main.tex rendered successfully.
[2026-07-22 00:48:15,069] [INFO] [header_reconstructor.py:124]: Template class draws its own header; skipping fancyhdr injection.
[2026-07-22 00:48:15,073] [INFO] [job_manager.py:204]: Progress updated to 90%: LaTeX document rendering completed
[2026-07-22 00:48:15,074] [INFO] [pipeline_service.py:357]: Starting document compilation for job: 80f75e59-b1df-40a6-b0fb-4436b793ed72
[2026-07-22 00:48:15,096] [INFO] [job_manager.py:180]: Job status updated to: COMPILING
[2026-07-22 00:48:15,111] [INFO] [job_manager.py:204]: Progress updated to 92%: Compiling LaTeX source to PDF
[2026-07-22 00:48:19,582] [INFO] [pipeline_service.py:380]: Compilation completed successfully.
[2026-07-22 00:48:19,588] [INFO] [pipeline_service.py:395]: Running E2E publication fidelity checker for job: 80f75e59-b1df-40a6-b0fb-4436b793ed72
[2026-07-22 00:48:19,588] [INFO] [fidelity_checker.py:24]: Generating advanced fidelity report and scores for job: 80f75e59-b1df-40a6-b0fb-4436b793ed72
[2026-07-22 00:48:19,593] [INFO] [fidelity_checker.py:163]: Fidelity report written to G:\work\Journal2LaTeX\backend\temp\80f75e59-b1df-40a6-b0fb-4436b793ed72\intermediate\fidelity_report.json. Overall Score: 87.4%, Critical missing: 2
[2026-07-22 00:48:19,611] [INFO] [pipeline_service.py:357]: Starting document compilation for job: 80f75e59-b1df-40a6-b0fb-4436b793ed72
[2026-07-22 00:48:23,419] [INFO] [pipeline_service.py:380]: Compilation completed successfully.
[2026-07-22 00:48:38,925] [INFO] [pipeline_service.py:357]: Starting document compilation for job: 80f75e59-b1df-40a6-b0fb-4436b793ed72
[2026-07-22 00:48:42,883] [INFO] [pipeline_service.py:380]: Compilation completed successfully.
[2026-07-22 00:48:51,149] [INFO] [pipeline_service.py:357]: Starting document compilation for job: 80f75e59-b1df-40a6-b0fb-4436b793ed72
[2026-07-22 00:48:55,707] [INFO] [pipeline_service.py:380]: Compilation completed successfully.
[2026-07-22 00:49:04,768] [INFO] [pipeline_service.py:357]: Starting document compilation for job: 80f75e59-b1df-40a6-b0fb-4436b793ed72
[2026-07-22 00:49:08,776] [INFO] [pipeline_service.py:380]: Compilation completed successfully.
[2026-07-22 00:49:17,569] [INFO] [pipeline_service.py:357]: Starting document compilation for job: 80f75e59-b1df-40a6-b0fb-4436b793ed72
[2026-07-22 00:49:22,510] [INFO] [pipeline_service.py:380]: Compilation completed successfully.
[2026-07-22 00:49:31,642] [INFO] [pipeline_service.py:357]: Starting document compilation for job: 80f75e59-b1df-40a6-b0fb-4436b793ed72
[2026-07-22 00:49:35,828] [INFO] [pipeline_service.py:380]: Compilation completed successfully.
[2026-07-22 00:49:44,997] [INFO] [pipeline_service.py:357]: Starting document compilation for job: 80f75e59-b1df-40a6-b0fb-4436b793ed72
[2026-07-22 00:49:49,548] [INFO] [pipeline_service.py:380]: Compilation completed successfully.
[2026-07-22 00:49:59,019] [INFO] [pipeline_service.py:357]: Starting document compilation for job: 80f75e59-b1df-40a6-b0fb-4436b793ed72
[2026-07-22 00:50:03,376] [INFO] [pipeline_service.py:380]: Compilation completed successfully.
[2026-07-22 00:50:13,136] [INFO] [pipeline_service.py:357]: Starting document compilation for job: 80f75e59-b1df-40a6-b0fb-4436b793ed72
[2026-07-22 00:50:17,952] [INFO] [pipeline_service.py:380]: Compilation completed successfully.
[2026-07-22 00:50:27,486] [INFO] [pipeline_service.py:357]: Starting document compilation for job: 80f75e59-b1df-40a6-b0fb-4436b793ed72
[2026-07-22 00:50:32,249] [INFO] [pipeline_service.py:380]: Compilation completed successfully.
[2026-07-22 00:50:41,652] [INFO] [job_manager.py:180]: Job status updated to: COMPLETED
[2026-07-22 00:50:41,667] [INFO] [job_manager.py:204]: Progress updated to 100%: Pipeline process completed successfully
