STDOUT:
Initial Win CP for (console input, console output, system): (CP437, CP65001, CP1252)
I changed them all to CP1252
Rc files read (in order):
  NONE
Latexmk: This is Latexmk, John Collins, 9 March 2026. Version 4.88.
Force everything to be remade.
Latexmk: applying rule 'pdflatex'...
Rule 'pdflatex':  Reasons for rerun
Category 'other':
  Rerun of 'pdflatex' forced or previously required:
    Reason or flag: 'go_mode'

------------
Run number 1 of rule 'pdflatex'
------------
------------
Running 'pdflatex  -interaction=nonstopmode -file-line-error -recorder  "G:/work/Journal2LaTeX/backend/temp/07fbeca2-753c-43af-9fc7-ce24baf11984/rendered/main.tex"'
------------
This is pdfTeX, Version 3.141592653-2.6-1.40.29 (MiKTeX 26.5) (preloaded format=pdflatex.fmt)
 restricted \write18 enabled.
entering extended mode

(G:/work/Journal2LaTeX/backend/temp/07fbeca2-753c-43af-9fc7-ce24baf11984/render
ed/main.tex
LaTeX2e <2026-06-01>
L3 programming layer <2026-06-18>
(NSP1.cls

LaTeX Warning: You have requested document class `NSP1',
               but the document class provides `NSP'.

Document Class: NSP 2012/01/01
(C:\Users\asus\AppData\Local\Programs\MiKTeX\tex/latex/base\fleqn.clo)
(C:\Users\asus\AppData\Local\Programs\MiKTeX\tex/latex/graphics\color.sty
(C:\Users\asus\AppData\Local\Programs\MiKTeX\tex/latex/graphics-cfg\color.cfg)
(C:\Users\asus\AppData\Local\Programs\MiKTeX\tex/latex/graphics-def\pdftex.def)
 (C:\Users\asus\AppData\Local\Programs\MiKTeX\tex/latex/graphics\mathcolor.ltx)
) (C:\Users\asus\AppData\Local\Programs\MiKTeX\tex/latex/graphics\graphicx.sty
(C:\Users\asus\AppData\Local\Programs\MiKTeX\tex/latex/graphics\keyval.sty)
(C:\Users\asus\AppData\Local\Programs\MiKTeX\tex/latex/graphics\graphics.sty
(C:\Users\asus\AppData\Local\Programs\MiKTeX\tex/latex/graphics\trig.sty)
(C:\Users\asus\AppData\Local\Programs\MiKTeX\tex/latex/graphics-cfg\graphics.cf
g)))
(C:\Users\asus\AppData\Local\Programs\MiKTeX\tex/latex/lastpage\lastpage.sty
(C:\Users\asus\AppData\Local\Programs\MiKTeX\tex/latex/lastpage\lastpage2e.sty
(C:\Users\asus\AppData\Local\Programs\MiKTeX\tex/latex/lastpage\lastpagemodern.
sty) 
)) (C:\Users\asus\AppData\Local\Programs\MiKTeX\tex/latex/hyperref\hyperref.sty
(C:\Users\asus\AppData\Local\Programs\MiKTeX\tex/generic/iftex\iftex.sty)
(C:\Users\asus\AppData\Local\Programs\MiKTeX\tex/latex/kvsetkeys\kvsetkeys.sty)

(C:\Users\asus\AppData\Local\Programs\MiKTeX\tex/generic/kvdefinekeys\kvdefinek
eys.sty)
(C:\Users\asus\AppData\Local\Programs\MiKTeX\tex/generic/pdfescape\pdfescape.st
y (C:\Users\asus\AppData\Local\Programs\MiKTeX\tex/generic/ltxcmds\ltxcmds.sty)

(C:\Users\asus\AppData\Local\Programs\MiKTeX\tex/generic/pdftexcmds\pdftexcmds.
sty
(C:\Users\asus\AppData\Local\Programs\MiKTeX\tex/generic/infwarerr\infwarerr.st
y))) (C:\Users\asus\AppData\Local\Programs\MiKTeX\tex/latex/hycolor\hycolor.sty
) (C:\Users\asus\AppData\Local\Programs\MiKTeX\tex/latex/hyperref\nameref.sty
(C:\Users\asus\AppData\Local\Programs\MiKTeX\tex/latex/refcount\refcount.sty)
(C:\Users\asus\AppData\Local\Programs\MiKTeX\tex/generic/gettitlestring\gettitl
estring.sty
(C:\Users\asus\AppData\Local\Programs\MiKTeX\tex/latex/kvoptions\kvoptions.sty)
)) (C:\Users\asus\AppData\Local\Programs\MiKTeX\tex/latex/etoolbox\etoolbox.sty
)
(C:\Users\asus\AppData\Local\Programs\MiKTeX\tex/generic/stringenc\stringenc.st
y) (C:\Users\asus\AppData\Local\Programs\MiKTeX\tex/latex/hyperref\pd1enc.def)
(C:\Users\asus\AppData\Local\Programs\MiKTeX\tex/generic/intcalc\intcalc.sty)
(C:\Users\asus\AppData\Local\Programs\MiKTeX\tex/latex/hyperref\puenc.def)
(C:\Users\asus\AppData\Local\Programs\MiKTeX\tex/latex/url\url.sty)
(C:\Users\asus\AppData\Local\Programs\MiKTeX\tex/generic/bitset\bitset.sty
(C:\Users\asus\AppData\Local\Programs\MiKTeX\tex/generic/bigintcalc\bigintcalc.
sty))

Package hyperref Warning: Option `pdfpagelabels' is turned off
(hyperref)                because \thepage is undefined.

) (C:\Users\asus\AppData\Local\Programs\MiKTeX\tex/latex/hyperref\hpdftex.def
(C:\Users\asus\AppData\Local\Programs\MiKTeX\tex/latex/rerunfilecheck\rerunfile
check.sty
(C:\Users\asus\AppData\Local\Programs\MiKTeX\tex/generic/uniquecounter\uniqueco
unter.sty)))

NSP1.cls:572: Package color Error: Undefined color `Dandelion'.

See the color package documentation for explanation.
Type  H <return>  for immediate help.
 ...                                              
                                                  
l.572 ...inecolor{abstractcolor}{named}{Dandelion}
                                                  

NSP1.cls:573: Package color Error: Undefined color `Bittersweet'.

See the color package documentation for explanation.
Type  H <return>  for immediate help.
 ...                                              
                                                  
l.573 \definecolor{rulecolor}{named}{Bittersweet}
                                                 
) (C:\Users\asus\AppData\Local\Programs\MiKTeX\tex/latex/floatflt\floatflt.sty)
 (C:\Users\asus\AppData\Local\Programs\MiKTeX\tex/latex/psnfss\helvet.sty)
(C:\Users\asus\AppData\Local\Programs\MiKTeX\tex/latex/psnfss\times.sty)
(psfig.sty
psfig/tex 1.10-dvips
) (C:\Users\asus\AppData\Local\Programs\MiKTeX\tex/latex/psnfss\mathptmx.sty)
(C:\Users\asus\AppData\Local\Programs\MiKTeX\tex/latex/amsmath\amsmath.sty
For additional information on amsmath, use the `?' option.
(C:\Users\asus\AppData\Local\Programs\MiKTeX\tex/latex/amsmath\amstext.sty
(C:\Users\asus\AppData\Local\Programs\MiKTeX\tex/latex/amsmath\amsgen.sty))
(C:\Users\asus\AppData\Local\Programs\MiKTeX\tex/latex/amsmath\amsbsy.sty)
(C:\Users\asus\AppData\Local\Programs\MiKTeX\tex/latex/amsmath\amsopn.sty))
(C:\Users\asus\AppData\Local\Programs\MiKTeX\tex/latex/amsfonts\amssymb.sty
(C:\Users\asus\AppData\Local\Programs\MiKTeX\tex/latex/amsfonts\amsfonts.sty))
(C:\Users\asus\AppData\Local\Programs\MiKTeX\tex/latex/tools\bm.sty)
(C:\Users\asus\AppData\Local\Programs\MiKTeX\tex/latex/float\float.sty)
(C:\Users\asus\AppData\Local\Programs\MiKTeX\tex/latex/caption\caption.sty
(C:\Users\asus\AppData\Local\Programs\MiKTeX\tex/latex/caption\caption3.sty)

Package caption Warning: Unknown document class (or package),
(caption)                standard defaults will be used.
See the caption package documentation for explanation.

) (C:\Users\asus\AppData\Local\Programs\MiKTeX\tex/latex/xcolor\xcolor.sty
(C:\Users\asus\AppData\Local\Programs\MiKTeX\tex/latex/graphics-cfg\color.cfg)
(C:\Users\asus\AppData\Local\Programs\MiKTeX\tex/latex/graphics\mathcolor.ltx))
 (C:\Users\asus\AppData\Local\Programs\MiKTeX\tex/latex/graphics\dvipsnam.def)
(C:\Users\asus\AppData\Local\Programs\MiKTeX\tex/latex/colortbl\colortbl.sty
(C:\Users\asus\AppData\Local\Programs\MiKTeX\tex/latex/tools\array.sty)
new hooks used!!
) (C:\Users\asus\AppData\Local\Programs\MiKTeX\tex/latex/multirow\multirow.sty)

(C:\Users\asus\AppData\Local\Programs\MiKTeX\tex/latex/newunicodechar\newunicod
echar.sty)

Package newunicodechar Warning: Redefining Unicode character on input line 75.


Package newunicodechar Warning: Redefining Unicode character on input line 76.


Package newunicodechar Warning: Redefining Unicode character on input line 77.

(C:\Users\asus\AppData\Local\Programs\MiKTeX\tex/latex/geometry\geometry.sty
(C:\Users\asus\AppData\Local\Programs\MiKTeX\tex/generic/iftex\ifvtex.sty)
(C:\Users\asus\AppData\Local\Programs\MiKTeX\tex/latex/geometry\geometry.cfg))
(C:\Users\asus\AppData\Local\Programs\MiKTeX\tex/latex/psnfss\ot1ptm.fd)
(C:\Users\asus\AppData\Local\Programs\MiKTeX\tex/latex/l3backend\l3backend-pdft
ex.def) (main.aux)
(C:\Users\asus\AppData\Local\Programs\MiKTeX\tex/context/base/mkii\supp-pdf.mki
i
[Loading MPS to PDF converter (version 2006.09.02).]
)
(C:\Users\asus\AppData\Local\Programs\MiKTeX\tex/latex/epstopdf-pkg\epstopdf-ba
se.sty
(C:\Users\asus\AppData\Local\Programs\MiKTeX\tex/latex/00miktex\epstopdf-sys.cf
g)) (main.out) (main.out)
*geometry* driver: auto-detecting
*geometry* detected driver: pdftex

Overfull \hbox (12.0pt too wide) in paragraph at lines 144--144
[][] [] 

G:/work/Journal2LaTeX/backend/temp/07fbeca2-753c-43af-9fc7-ce24baf11984/rendere
d/main.tex:144: Package xcolor Error: Undefined color `abstractcolor'.

See the xcolor package documentation for explanation.
Type  H <return>  for immediate help.
 ...                                              
                                                  
l.144 \maketitle
                
(C:\Users\asus\AppData\Local\Programs\MiKTeX\tex/latex/psnfss\ot1ztmcm.fd)
(C:\Users\asus\AppData\Local\Programs\MiKTeX\tex/latex/psnfss\omlztmcm.fd)
(C:\Users\asus\AppData\Local\Programs\MiKTeX\tex/latex/psnfss\omsztmcm.fd)
(C:\Users\asus\AppData\Local\Programs\MiKTeX\tex/latex/psnfss\omxztmcm.fd)

Package mathptmx Warning: There are no bold math fonts on input line 144.

(C:\Users\asus\AppData\Local\Programs\MiKTeX\tex/latex/psnfss\ot1phv.fd)

G:/work/Journal2LaTeX/backend/temp/07fbeca2-753c-43af-9fc7-ce24baf11984/rendere
d/main.tex:144: Package xcolor Error: Undefined color `rulecolor'.

See the xcolor package documentation for explanation.
Type  H <return>  for immediate help.
 ...                                              
                                                  
l.144 \maketitle
                

G:/work/Journal2LaTeX/backend/temp/07fbeca2-753c-43af-9fc7-ce24baf11984/rendere
d/main.tex:144: Package xcolor Error: Undefined color `rulecolor'.

See the xcolor package documentation for explanation.
Type  H <return>  for immediate help.
 ...                                              
                                                  
l.144 \maketitle
                

Underfull \vbox (badness 10000) has occurred while \output is active
(C:\Users\asus\AppData\Local\Programs\MiKTeX\tex/latex/psnfss\ts1ptm.fd)
[1{C:/Users/asus/AppData/Local/MiKTeX/fonts/map/pdftex/pdftex.map}{C:/Users/asu
s/AppData/Local/Programs/MiKTeX/fonts/enc/dvips/base/8r.enc} <./logo7pt-eps-con
verted-to.pdf>]
Underfull \vbox (badness 10000) has occurred while \output is active
Overfull \hbox (229.85165pt too wide) has occurred while \output is active
[] [] \OT1/ptm/m/n/9 Amal Salem Bashib et al.: The Role of Social Media in the 
Spread and Countering of Cyber-Extremism: An Islamic Jurisprudential and Educat
ional Perspective
[2] [3]
Underfull \vbox (badness 10000) has occurred while \output is active
Overfull \hbox (229.85165pt too wide) has occurred while \output is active
[] [] \OT1/ptm/m/n/9 Amal Salem Bashib et al.: The Role of Social Media in the 
Spread and Countering of Cyber-Extremism: An Islamic Jurisprudential and Educat
ional Perspective
[4] [5]
Overfull \hbox (229.85165pt too wide) has occurred while \output is active
[] [] \OT1/ptm/m/n/9 Amal Salem Bashib et al.: The Role of Social Media in the 
Spread and Countering of Cyber-Extremism: An Islamic Jurisprudential and Educat
ional Perspective
[6] [7]
Underfull \vbox (badness 3492) has occurred while \output is active
Overfull \hbox (229.85165pt too wide) has occurred while \output is active
[] [] \OT1/ptm/m/n/9 Amal Salem Bashib et al.: The Role of Social Media in the 
Spread and Countering of Cyber-Extremism: An Islamic Jurisprudential and Educat
ional Perspective
[8] [9]
Overfull \hbox (229.85165pt too wide) has occurred while \output is active
[] [] \OT1/ptm/m/n/9 Amal Salem Bashib et al.: The Role of Social Media in the 
Spread and Countering of Cyber-Extremism: An Islamic Jurisprudential and Educat
ional Perspective
[10]
Underfull \vbox (badness 3375) has occurred while \output is active [11]
Overfull \hbox (229.85165pt too wide) has occurred while \output is active
[] [] \OT1/ptm/m/n/9 Amal Salem Bashib et al.: The Role of Social Media in the 
Spread and Countering of Cyber-Extremism: An Islamic Jurisprudential and Educat
ional Perspective
[12] [13]
Underfull \vbox (badness 1968) has occurred while \output is active
Overfull \hbox (229.85165pt too wide) has occurred while \output is active
[] [] \OT1/ptm/m/n/9 Amal Salem Bashib et al.: The Role of Social Media in the 
Spread and Countering of Cyber-Extremism: An Islamic Jurisprudential and Educat
ional Perspective
[14]
Underfull \vbox (badness 1009) has occurred while \output is active [15]
Overfull \hbox (2.46925pt too wide) in paragraph at lines 382--382
 []|\OT1/ptm/b/n/9 Frequency| 

Overfull \hbox (229.85165pt too wide) has occurred while \output is active
[] [] \OT1/ptm/m/n/9 Amal Salem Bashib et al.: The Role of Social Media in the 
Spread and Countering of Cyber-Extremism: An Islamic Jurisprudential and Educat
ional Perspective
[16]
Underfull \vbox (badness 1540) has occurred while \output is active [17 <./medi
a/office_obj_1.png (PNG copy)>]
Underfull \vbox (badness 10000) has occurred while \output is active
Overfull \hbox (229.85165pt too wide) has occurred while \output is active
[] [] \OT1/ptm/m/n/9 Amal Salem Bashib et al.: The Role of Social Media in the 
Spread and Countering of Cyber-Extremism: An Islamic Jurisprudential and Educat
ional Perspective
[18 <./media/image5.png (PNG copy)>]
Underfull \vbox (badness 1622) has occurred while \output is active [19 <./medi
a/image6.png (PNG copy)>]
Overfull \hbox (0.73457pt too wide) in paragraph at lines 474--474
[]|\OT1/ptm/b/n/9 Correlation

Overfull \hbox (0.73457pt too wide) in paragraph at lines 474--474
[]|\OT1/ptm/b/n/9 Correlation

Overfull \hbox (0.73457pt too wide) in paragraph at lines 474--474
[]|\OT1/ptm/b/n/9 Correlation

Overfull \hbox (0.73457pt too wide) in paragraph at lines 474--475
[]|\OT1/ptm/b/n/9 Correlation

Overfull \hbox (3.50714pt too wide) in paragraph at lines 472--491
 [][] 

Overfull \hbox (1.59995pt too wide) in paragraph at lines 504--511
 [][] 

Overfull \hbox (229.85165pt too wide) has occurred while \output is active
[] [] \OT1/ptm/m/n/9 Amal Salem Bashib et al.: The Role of Social Media in the 
Spread and Countering of Cyber-Extremism: An Islamic Jurisprudential and Educat
ional Perspective
[20] (C:\Users\asus\AppData\Local\Programs\MiKTeX\tex/latex/psnfss\omlptm.fd)
Underfull \vbox (badness 10000) has occurred while \output is active [21]
Underfull \vbox (badness 8075) has occurred while \output is active
Overfull \hbox (229.85165pt too wide) has occurred while \output is active
[] [] \OT1/ptm/m/n/9 Amal Salem Bashib et al.: The Role of Social Media in the 
Spread and Countering of Cyber-Extremism: An Islamic Jurisprudential and Educat
ional Perspective
[22]
Underfull \vbox (badness 7667) has occurred while \output is active [23 <./medi
a/image7.png (PNG copy)>]
Overfull \hbox (2.39992pt too wide) in paragraph at lines 653--664
 [][] 

Overfull \hbox (229.85165pt too wide) has occurred while \output is active
[] [] \OT1/ptm/m/n/9 Amal Salem Bashib et al.: The Role of Social Media in the 
Spread and Countering of Cyber-Extremism: An Islamic Jurisprudential and Educat
ional Perspective
[24] [25]
Overfull \hbox (229.85165pt too wide) has occurred while \output is active
[] [] \OT1/ptm/m/n/9 Amal Salem Bashib et al.: The Role of Social Media in the 
Spread and Countering of Cyber-Extremism: An Islamic Jurisprudential and Educat
ional Perspective
[26]
Underfull \vbox (badness 10000) has occurred while \output is active [27]
Overfull \hbox (229.85165pt too wide) has occurred while \output is active
[] [] \OT1/ptm/m/n/9 Amal Salem Bashib et al.: The Role of Social Media in the 
Spread and Countering of Cyber-Extremism: An Islamic Jurisprudential and Educat
ional Perspective
[28]
Underfull \vbox (badness 4303) has occurred while \output is active [29]
Underfull \vbox (badness 2809) has occurred while \output is active
Overfull \hbox (229.85165pt too wide) has occurred while \output is active
[] [] \OT1/ptm/m/n/9 Amal Salem Bashib et al.: The Role of Social Media in the 
Spread and Countering of Cyber-Extremism: An Islamic Jurisprudential and Educat
ional Perspective
[30 <./media/image8.jpeg> <./media/image9.jpeg> <./media/image10.jpeg>]
[31] 
enddocument/afterlastpage (AED): lastpage setting LastPage.
(main.aux)

LaTeX Warning: Label(s) may have changed. Rerun to get cross-references right.

 )
(see the transcript file for additional information)<C:/Users/asus/AppData/Loca
l/Programs/MiKTeX/fonts/type1/public/amsfonts/cm/cmmi10.pfb><C:/Users/asus/AppD
ata/Local/Programs/MiKTeX/fonts/type1/public/amsfonts/cm/cmmi9.pfb><C:/Users/as
us/AppData/Local/Programs/MiKTeX/fonts/type1/public/amsfonts/cm/cmsy10.pfb><C:/
Users/asus/AppData/Local/Programs/MiKTeX/fonts/type1/urw/helvetic/uhvb8a.pfb><C
:/Users/asus/AppData/Local/Programs/MiKTeX/fonts/type1/urw/symbol/usyr.pfb><C:/
Users/asus/AppData/Local/Programs/MiKTeX/fonts/type1/urw/times/utmb8a.pfb><C:/U
sers/asus/AppData/Local/Programs/MiKTeX/fonts/type1/urw/times/utmr8a.pfb><C:/Us
ers/asus/AppData/Local/Programs/MiKTeX/fonts/type1/urw/times/utmri8a.pfb>
Output written on main.pdf (31 pages, 410080 bytes).
Transcript written on main.log.
Latexmk: Getting log file 'main.log'
Latexmk: Examining 'main.fls'
Latexmk: Examining 'main.log'
Latexmk: References changed.
Latexmk: Log file says output to 'main.pdf'
Latexmk: Errors, so I did not complete making targets
Collected error summary (may duplicate other messages):
  pdflatex: Command for 'pdflatex' gave return code 1
      Refer to 'main.log' and/or above output for details



STDERR:
Latexmk: Sometimes, the -f option can be used to get latexmk
  to try to force complete processing.
  But normally, you will need to correct the file(s) that caused the
  error, and then rerun latexmk.
  In some cases, it is best to clean out generated files before rerunning
  latexmk after you've corrected the files.
Reverting Windows console CPs to (in,out) = (437,65001)
