[2026-07-22 11:46:32,520] [INFO] [latex_compiler.py:321]: Starting LaTeX compilation for: G:\work\Journal2LaTeX\backend\temp\07fbeca2-753c-43af-9fc7-ce24baf11984\rendered\main.tex
[2026-07-22 11:46:32,526] [INFO] [latex_compiler.py:125]: Rendered working directory tree before compilation:
  1.eps
  2.eps
  everyshi.sty
  logo7pt.eps
  main.tex
  media/
    image1.jpeg
    image10.jpeg
    image4.jpeg
    image5.png
    image6.png
    image7.png
    image8.jpeg
    image9.jpeg
    office_obj_1.png
  NSP1.cls
  paper.pdf
  paper.tex
  psfig.sty
  template.json
[2026-07-22 11:46:32,532] [INFO] [latex_compiler.py:131]: Template resource manifest (19 files):
  1.eps                                    template resource (graphic (EPS))
  2.eps                                    template resource (graphic (EPS))
  everyshi.sty                             template resource (package / style)
  logo7pt.eps                              template resource (graphic (EPS))
  main.tex                                 generated document / build artefact
  media\image1.jpeg                        renderer-generated media
  media\image10.jpeg                       renderer-generated media
  media\image4.jpeg                        renderer-generated media
  media\image5.png                         renderer-generated media
  media\image6.png                         renderer-generated media
  media\image7.png                         renderer-generated media
  media\image8.jpeg                        renderer-generated media
  media\image9.jpeg                        renderer-generated media
  media\office_obj_1.png                   renderer-generated media
  NSP1.cls                                 template resource (document class)
  paper.pdf                                template resource (graphic (PDF))
  paper.tex                                template resource (included source)
  psfig.sty                                template resource (package / style)
  template.json                            template metadata
[2026-07-22 11:46:47,125] [INFO] [latex_compiler.py:144]: Dependency resolution (23 references):
  [LOCAL  ] documentclass   NSP1
  [SYSTEM ] usepackage      url
  [SYSTEM ] usepackage      floatflt
  [SYSTEM ] usepackage      helvet
  [SYSTEM ] usepackage      times
  [LOCAL  ] usepackage      psfig
  [SYSTEM ] usepackage      graphics
  [SYSTEM ] usepackage      mathptmx
  [SYSTEM ] usepackage      amsmath
  [SYSTEM ] usepackage      amssymb
  [SYSTEM ] usepackage      bm
  [SYSTEM ] usepackage      float
  [SYSTEM ] usepackage      caption
  [SYSTEM ] usepackage      xcolor
  [SYSTEM ] usepackage      graphicx
  [SYSTEM ] usepackage      multirow
  [SYSTEM ] usepackage      array
  [SYSTEM ] usepackage      newunicodechar
  [DYNAMIC] includegraphics #1
  [LOCAL  ] includegraphics media/office_obj_1.png
  [LOCAL  ] includegraphics media/image5.png
  [LOCAL  ] includegraphics media/image6.png
  [LOCAL  ] includegraphics media/image7.png
[2026-07-22 11:46:48,893] [INFO] [latex_compiler.py:357]: Using latexmk compiler.
[2026-07-22 11:47:00,208] [INFO] [latex_compiler.py:424]: Compilation completed successfully. PDF generated at: G:\work\Journal2LaTeX\backend\temp\07fbeca2-753c-43af-9fc7-ce24baf11984\output\paper.pdf
[2026-07-22 11:47:00,276] [INFO] [latex_compiler.py:321]: Starting LaTeX compilation for: G:\work\Journal2LaTeX\backend\temp\07fbeca2-753c-43af-9fc7-ce24baf11984\rendered\main.tex
[2026-07-22 11:47:00,283] [INFO] [latex_compiler.py:125]: Rendered working directory tree before compilation:
  1.eps
  2.eps
  everyshi.sty
  logo7pt-eps-converted-to.pdf
  logo7pt.eps
  main.aux
  main.fdb_latexmk
  main.fls
  main.log
  main.out
  main.pdf
  main.tex
  media/
    image1.jpeg
    image10.jpeg
    image4.jpeg
    image5.png
    image6.png
    image7.png
    image8.jpeg
    image9.jpeg
    office_obj_1.png
  NSP1.cls
  paper.pdf
  paper.tex
  psfig.sty
  template.json
[2026-07-22 11:47:00,290] [INFO] [latex_compiler.py:131]: Template resource manifest (26 files):
  1.eps                                    template resource (graphic (EPS))
  2.eps                                    template resource (graphic (EPS))
  everyshi.sty                             template resource (package / style)
  logo7pt-eps-converted-to.pdf             template resource (graphic (PDF))
  logo7pt.eps                              template resource (graphic (EPS))
  main.aux                                 generated document / build artefact
  main.fdb_latexmk                         generated document / build artefact
  main.fls                                 generated document / build artefact
  main.log                                 generated document / build artefact
  main.out                                 generated document / build artefact
  main.pdf                                 generated document / build artefact
  main.tex                                 generated document / build artefact
  media\image1.jpeg                        renderer-generated media
  media\image10.jpeg                       renderer-generated media
  media\image4.jpeg                        renderer-generated media
  media\image5.png                         renderer-generated media
  media\image6.png                         renderer-generated media
  media\image7.png                         renderer-generated media
  media\image8.jpeg                        renderer-generated media
  media\image9.jpeg                        renderer-generated media
  media\office_obj_1.png                   renderer-generated media
  NSP1.cls                                 template resource (document class)
  paper.pdf                                template resource (graphic (PDF))
  paper.tex                                template resource (included source)
  psfig.sty                                template resource (package / style)
  template.json                            template metadata
[2026-07-22 11:47:01,426] [INFO] [latex_compiler.py:144]: Dependency resolution (24 references):
  [LOCAL  ] documentclass   NSP1
  [SYSTEM ] usepackage      url
  [SYSTEM ] usepackage      floatflt
  [SYSTEM ] usepackage      helvet
  [SYSTEM ] usepackage      times
  [LOCAL  ] usepackage      psfig
  [SYSTEM ] usepackage      graphics
  [SYSTEM ] usepackage      mathptmx
  [SYSTEM ] usepackage      amsmath
  [SYSTEM ] usepackage      amssymb
  [SYSTEM ] usepackage      bm
  [SYSTEM ] usepackage      float
  [SYSTEM ] usepackage      caption
  [SYSTEM ] usepackage      xcolor
  [SYSTEM ] usepackage      graphicx
  [SYSTEM ] usepackage      multirow
  [SYSTEM ] usepackage      array
  [SYSTEM ] usepackage      newunicodechar
  [SYSTEM ] usepackage      geometry
  [DYNAMIC] includegraphics #1
  [LOCAL  ] includegraphics media/office_obj_1.png
  [LOCAL  ] includegraphics media/image5.png
  [LOCAL  ] includegraphics media/image6.png
  [LOCAL  ] includegraphics media/image7.png
[2026-07-22 11:47:01,427] [INFO] [latex_compiler.py:357]: Using latexmk compiler.
[2026-07-22 11:47:07,738] [INFO] [latex_compiler.py:424]: Compilation completed successfully. PDF generated at: G:\work\Journal2LaTeX\backend\temp\07fbeca2-753c-43af-9fc7-ce24baf11984\output\paper.pdf
[2026-07-22 11:47:30,649] [INFO] [latex_compiler.py:321]: Starting LaTeX compilation for: G:\work\Journal2LaTeX\backend\temp\07fbeca2-753c-43af-9fc7-ce24baf11984\rendered\main.tex
[2026-07-22 11:47:30,655] [INFO] [latex_compiler.py:125]: Rendered working directory tree before compilation:
  1.eps
  2.eps
  everyshi.sty
  logo7pt-eps-converted-to.pdf
  logo7pt.eps
  main.aux
  main.fdb_latexmk
  main.fls
  main.log
  main.out
  main.pdf
  main.tex
  media/
    image1.jpeg
    image10.jpeg
    image4.jpeg
    image5.png
    image6.png
    image7.png
    image8.jpeg
    image9.jpeg
    office_obj_1.png
  NSP1.cls
  paper.pdf
  paper.tex
  psfig.sty
  template.json
[2026-07-22 11:47:30,660] [INFO] [latex_compiler.py:131]: Template resource manifest (26 files):
  1.eps                                    template resource (graphic (EPS))
  2.eps                                    template resource (graphic (EPS))
  everyshi.sty                             template resource (package / style)
  logo7pt-eps-converted-to.pdf             template resource (graphic (PDF))
  logo7pt.eps                              template resource (graphic (EPS))
  main.aux                                 generated document / build artefact
  main.fdb_latexmk                         generated document / build artefact
  main.fls                                 generated document / build artefact
  main.log                                 generated document / build artefact
  main.out                                 generated document / build artefact
  main.pdf                                 generated document / build artefact
  main.tex                                 generated document / build artefact
  media\image1.jpeg                        renderer-generated media
  media\image10.jpeg                       renderer-generated media
  media\image4.jpeg                        renderer-generated media
  media\image5.png                         renderer-generated media
  media\image6.png                         renderer-generated media
  media\image7.png                         renderer-generated media
  media\image8.jpeg                        renderer-generated media
  media\image9.jpeg                        renderer-generated media
  media\office_obj_1.png                   renderer-generated media
  NSP1.cls                                 template resource (document class)
  paper.pdf                                template resource (graphic (PDF))
  paper.tex                                template resource (included source)
  psfig.sty                                template resource (package / style)
  template.json                            template metadata
[2026-07-22 11:47:30,864] [INFO] [latex_compiler.py:144]: Dependency resolution (24 references):
  [LOCAL  ] documentclass   NSP1
  [SYSTEM ] usepackage      url
  [SYSTEM ] usepackage      floatflt
  [SYSTEM ] usepackage      helvet
  [SYSTEM ] usepackage      times
  [LOCAL  ] usepackage      psfig
  [SYSTEM ] usepackage      graphics
  [SYSTEM ] usepackage      mathptmx
  [SYSTEM ] usepackage      amsmath
  [SYSTEM ] usepackage      amssymb
  [SYSTEM ] usepackage      bm
  [SYSTEM ] usepackage      float
  [SYSTEM ] usepackage      caption
  [SYSTEM ] usepackage      xcolor
  [SYSTEM ] usepackage      graphicx
  [SYSTEM ] usepackage      multirow
  [SYSTEM ] usepackage      array
  [SYSTEM ] usepackage      newunicodechar
  [SYSTEM ] usepackage      geometry
  [DYNAMIC] includegraphics #1
  [LOCAL  ] includegraphics media/office_obj_1.png
  [LOCAL  ] includegraphics media/image5.png
  [LOCAL  ] includegraphics media/image6.png
  [LOCAL  ] includegraphics media/image7.png
[2026-07-22 11:47:30,865] [INFO] [latex_compiler.py:357]: Using latexmk compiler.
[2026-07-22 11:47:35,749] [INFO] [latex_compiler.py:424]: Compilation completed successfully. PDF generated at: G:\work\Journal2LaTeX\backend\temp\07fbeca2-753c-43af-9fc7-ce24baf11984\output\paper.pdf
[2026-07-22 11:47:46,025] [INFO] [latex_compiler.py:321]: Starting LaTeX compilation for: G:\work\Journal2LaTeX\backend\temp\07fbeca2-753c-43af-9fc7-ce24baf11984\rendered\main.tex
[2026-07-22 11:47:46,028] [INFO] [latex_compiler.py:125]: Rendered working directory tree before compilation:
  1.eps
  2.eps
  everyshi.sty
  logo7pt-eps-converted-to.pdf
  logo7pt.eps
  main.aux
  main.fdb_latexmk
  main.fls
  main.log
  main.out
  main.pdf
  main.tex
  media/
    image1.jpeg
    image10.jpeg
    image4.jpeg
    image5.png
    image6.png
    image7.png
    image8.jpeg
    image9.jpeg
    office_obj_1.png
  NSP1.cls
  paper.pdf
  paper.tex
  psfig.sty
  template.json
[2026-07-22 11:47:46,030] [INFO] [latex_compiler.py:131]: Template resource manifest (26 files):
  1.eps                                    template resource (graphic (EPS))
  2.eps                                    template resource (graphic (EPS))
  everyshi.sty                             template resource (package / style)
  logo7pt-eps-converted-to.pdf             template resource (graphic (PDF))
  logo7pt.eps                              template resource (graphic (EPS))
  main.aux                                 generated document / build artefact
  main.fdb_latexmk                         generated document / build artefact
  main.fls                                 generated document / build artefact
  main.log                                 generated document / build artefact
  main.out                                 generated document / build artefact
  main.pdf                                 generated document / build artefact
  main.tex                                 generated document / build artefact
  media\image1.jpeg                        renderer-generated media
  media\image10.jpeg                       renderer-generated media
  media\image4.jpeg                        renderer-generated media
  media\image5.png                         renderer-generated media
  media\image6.png                         renderer-generated media
  media\image7.png                         renderer-generated media
  media\image8.jpeg                        renderer-generated media
  media\image9.jpeg                        renderer-generated media
  media\office_obj_1.png                   renderer-generated media
  NSP1.cls                                 template resource (document class)
  paper.pdf                                template resource (graphic (PDF))
  paper.tex                                template resource (included source)
  psfig.sty                                template resource (package / style)
  template.json                            template metadata
[2026-07-22 11:47:46,185] [INFO] [latex_compiler.py:144]: Dependency resolution (24 references):
  [LOCAL  ] documentclass   NSP1
  [SYSTEM ] usepackage      url
  [SYSTEM ] usepackage      floatflt
  [SYSTEM ] usepackage      helvet
  [SYSTEM ] usepackage      times
  [LOCAL  ] usepackage      psfig
  [SYSTEM ] usepackage      graphics
  [SYSTEM ] usepackage      mathptmx
  [SYSTEM ] usepackage      amsmath
  [SYSTEM ] usepackage      amssymb
  [SYSTEM ] usepackage      bm
  [SYSTEM ] usepackage      float
  [SYSTEM ] usepackage      caption
  [SYSTEM ] usepackage      xcolor
  [SYSTEM ] usepackage      graphicx
  [SYSTEM ] usepackage      multirow
  [SYSTEM ] usepackage      array
  [SYSTEM ] usepackage      newunicodechar
  [SYSTEM ] usepackage      geometry
  [DYNAMIC] includegraphics #1
  [LOCAL  ] includegraphics media/office_obj_1.png
  [LOCAL  ] includegraphics media/image5.png
  [LOCAL  ] includegraphics media/image6.png
  [LOCAL  ] includegraphics media/image7.png
[2026-07-22 11:47:46,186] [INFO] [latex_compiler.py:357]: Using latexmk compiler.
[2026-07-22 11:47:51,212] [INFO] [latex_compiler.py:424]: Compilation completed successfully. PDF generated at: G:\work\Journal2LaTeX\backend\temp\07fbeca2-753c-43af-9fc7-ce24baf11984\output\paper.pdf
[2026-07-22 11:48:02,316] [INFO] [latex_compiler.py:321]: Starting LaTeX compilation for: G:\work\Journal2LaTeX\backend\temp\07fbeca2-753c-43af-9fc7-ce24baf11984\rendered\main.tex
[2026-07-22 11:48:02,324] [INFO] [latex_compiler.py:125]: Rendered working directory tree before compilation:
  1.eps
  2.eps
  everyshi.sty
  logo7pt-eps-converted-to.pdf
  logo7pt.eps
  main.aux
  main.fdb_latexmk
  main.fls
  main.log
  main.out
  main.pdf
  main.tex
  media/
    image1.jpeg
    image10.jpeg
    image4.jpeg
    image5.png
    image6.png
    image7.png
    image8.jpeg
    image9.jpeg
    office_obj_1.png
  NSP1.cls
  paper.pdf
  paper.tex
  psfig.sty
  template.json
[2026-07-22 11:48:02,329] [INFO] [latex_compiler.py:131]: Template resource manifest (26 files):
  1.eps                                    template resource (graphic (EPS))
  2.eps                                    template resource (graphic (EPS))
  everyshi.sty                             template resource (package / style)
  logo7pt-eps-converted-to.pdf             template resource (graphic (PDF))
  logo7pt.eps                              template resource (graphic (EPS))
  main.aux                                 generated document / build artefact
  main.fdb_latexmk                         generated document / build artefact
  main.fls                                 generated document / build artefact
  main.log                                 generated document / build artefact
  main.out                                 generated document / build artefact
  main.pdf                                 generated document / build artefact
  main.tex                                 generated document / build artefact
  media\image1.jpeg                        renderer-generated media
  media\image10.jpeg                       renderer-generated media
  media\image4.jpeg                        renderer-generated media
  media\image5.png                         renderer-generated media
  media\image6.png                         renderer-generated media
  media\image7.png                         renderer-generated media
  media\image8.jpeg                        renderer-generated media
  media\image9.jpeg                        renderer-generated media
  media\office_obj_1.png                   renderer-generated media
  NSP1.cls                                 template resource (document class)
  paper.pdf                                template resource (graphic (PDF))
  paper.tex                                template resource (included source)
  psfig.sty                                template resource (package / style)
  template.json                            template metadata
[2026-07-22 11:48:02,497] [INFO] [latex_compiler.py:144]: Dependency resolution (24 references):
  [LOCAL  ] documentclass   NSP1
  [SYSTEM ] usepackage      url
  [SYSTEM ] usepackage      floatflt
  [SYSTEM ] usepackage      helvet
  [SYSTEM ] usepackage      times
  [LOCAL  ] usepackage      psfig
  [SYSTEM ] usepackage      graphics
  [SYSTEM ] usepackage      mathptmx
  [SYSTEM ] usepackage      amsmath
  [SYSTEM ] usepackage      amssymb
  [SYSTEM ] usepackage      bm
  [SYSTEM ] usepackage      float
  [SYSTEM ] usepackage      caption
  [SYSTEM ] usepackage      xcolor
  [SYSTEM ] usepackage      graphicx
  [SYSTEM ] usepackage      multirow
  [SYSTEM ] usepackage      array
  [SYSTEM ] usepackage      newunicodechar
  [SYSTEM ] usepackage      geometry
  [DYNAMIC] includegraphics #1
  [LOCAL  ] includegraphics media/office_obj_1.png
  [LOCAL  ] includegraphics media/image5.png
  [LOCAL  ] includegraphics media/image6.png
  [LOCAL  ] includegraphics media/image7.png
[2026-07-22 11:48:02,499] [INFO] [latex_compiler.py:357]: Using latexmk compiler.
[2026-07-22 11:48:07,276] [INFO] [latex_compiler.py:424]: Compilation completed successfully. PDF generated at: G:\work\Journal2LaTeX\backend\temp\07fbeca2-753c-43af-9fc7-ce24baf11984\output\paper.pdf
[2026-07-22 11:48:18,861] [INFO] [latex_compiler.py:321]: Starting LaTeX compilation for: G:\work\Journal2LaTeX\backend\temp\07fbeca2-753c-43af-9fc7-ce24baf11984\rendered\main.tex
[2026-07-22 11:48:18,867] [INFO] [latex_compiler.py:125]: Rendered working directory tree before compilation:
  1.eps
  2.eps
  everyshi.sty
  logo7pt-eps-converted-to.pdf
  logo7pt.eps
  main.aux
  main.fdb_latexmk
  main.fls
  main.log
  main.out
  main.pdf
  main.tex
  media/
    image1.jpeg
    image10.jpeg
    image4.jpeg
    image5.png
    image6.png
    image7.png
    image8.jpeg
    image9.jpeg
    office_obj_1.png
  NSP1.cls
  paper.pdf
  paper.tex
  psfig.sty
  template.json
[2026-07-22 11:48:18,871] [INFO] [latex_compiler.py:131]: Template resource manifest (26 files):
  1.eps                                    template resource (graphic (EPS))
  2.eps                                    template resource (graphic (EPS))
  everyshi.sty                             template resource (package / style)
  logo7pt-eps-converted-to.pdf             template resource (graphic (PDF))
  logo7pt.eps                              template resource (graphic (EPS))
  main.aux                                 generated document / build artefact
  main.fdb_latexmk                         generated document / build artefact
  main.fls                                 generated document / build artefact
  main.log                                 generated document / build artefact
  main.out                                 generated document / build artefact
  main.pdf                                 generated document / build artefact
  main.tex                                 generated document / build artefact
  media\image1.jpeg                        renderer-generated media
  media\image10.jpeg                       renderer-generated media
  media\image4.jpeg                        renderer-generated media
  media\image5.png                         renderer-generated media
  media\image6.png                         renderer-generated media
  media\image7.png                         renderer-generated media
  media\image8.jpeg                        renderer-generated media
  media\image9.jpeg                        renderer-generated media
  media\office_obj_1.png                   renderer-generated media
  NSP1.cls                                 template resource (document class)
  paper.pdf                                template resource (graphic (PDF))
  paper.tex                                template resource (included source)
  psfig.sty                                template resource (package / style)
  template.json                            template metadata
[2026-07-22 11:48:19,032] [INFO] [latex_compiler.py:144]: Dependency resolution (24 references):
  [LOCAL  ] documentclass   NSP1
  [SYSTEM ] usepackage      url
  [SYSTEM ] usepackage      floatflt
  [SYSTEM ] usepackage      helvet
  [SYSTEM ] usepackage      times
  [LOCAL  ] usepackage      psfig
  [SYSTEM ] usepackage      graphics
  [SYSTEM ] usepackage      mathptmx
  [SYSTEM ] usepackage      amsmath
  [SYSTEM ] usepackage      amssymb
  [SYSTEM ] usepackage      bm
  [SYSTEM ] usepackage      float
  [SYSTEM ] usepackage      caption
  [SYSTEM ] usepackage      xcolor
  [SYSTEM ] usepackage      graphicx
  [SYSTEM ] usepackage      multirow
  [SYSTEM ] usepackage      array
  [SYSTEM ] usepackage      newunicodechar
  [SYSTEM ] usepackage      geometry
  [DYNAMIC] includegraphics #1
  [LOCAL  ] includegraphics media/office_obj_1.png
  [LOCAL  ] includegraphics media/image5.png
  [LOCAL  ] includegraphics media/image6.png
  [LOCAL  ] includegraphics media/image7.png
[2026-07-22 11:48:19,033] [INFO] [latex_compiler.py:357]: Using latexmk compiler.
[2026-07-22 11:48:23,484] [INFO] [latex_compiler.py:424]: Compilation completed successfully. PDF generated at: G:\work\Journal2LaTeX\backend\temp\07fbeca2-753c-43af-9fc7-ce24baf11984\output\paper.pdf
[2026-07-22 11:48:34,258] [INFO] [latex_compiler.py:321]: Starting LaTeX compilation for: G:\work\Journal2LaTeX\backend\temp\07fbeca2-753c-43af-9fc7-ce24baf11984\rendered\main.tex
[2026-07-22 11:48:34,262] [INFO] [latex_compiler.py:125]: Rendered working directory tree before compilation:
  1.eps
  2.eps
  everyshi.sty
  logo7pt-eps-converted-to.pdf
  logo7pt.eps
  main.aux
  main.fdb_latexmk
  main.fls
  main.log
  main.out
  main.pdf
  main.tex
  media/
    image1.jpeg
    image10.jpeg
    image4.jpeg
    image5.png
    image6.png
    image7.png
    image8.jpeg
    image9.jpeg
    office_obj_1.png
  NSP1.cls
  paper.pdf
  paper.tex
  psfig.sty
  template.json
[2026-07-22 11:48:34,266] [INFO] [latex_compiler.py:131]: Template resource manifest (26 files):
  1.eps                                    template resource (graphic (EPS))
  2.eps                                    template resource (graphic (EPS))
  everyshi.sty                             template resource (package / style)
  logo7pt-eps-converted-to.pdf             template resource (graphic (PDF))
  logo7pt.eps                              template resource (graphic (EPS))
  main.aux                                 generated document / build artefact
  main.fdb_latexmk                         generated document / build artefact
  main.fls                                 generated document / build artefact
  main.log                                 generated document / build artefact
  main.out                                 generated document / build artefact
  main.pdf                                 generated document / build artefact
  main.tex                                 generated document / build artefact
  media\image1.jpeg                        renderer-generated media
  media\image10.jpeg                       renderer-generated media
  media\image4.jpeg                        renderer-generated media
  media\image5.png                         renderer-generated media
  media\image6.png                         renderer-generated media
  media\image7.png                         renderer-generated media
  media\image8.jpeg                        renderer-generated media
  media\image9.jpeg                        renderer-generated media
  media\office_obj_1.png                   renderer-generated media
  NSP1.cls                                 template resource (document class)
  paper.pdf                                template resource (graphic (PDF))
  paper.tex                                template resource (included source)
  psfig.sty                                template resource (package / style)
  template.json                            template metadata
[2026-07-22 11:48:34,427] [INFO] [latex_compiler.py:144]: Dependency resolution (24 references):
  [LOCAL  ] documentclass   NSP1
  [SYSTEM ] usepackage      url
  [SYSTEM ] usepackage      floatflt
  [SYSTEM ] usepackage      helvet
  [SYSTEM ] usepackage      times
  [LOCAL  ] usepackage      psfig
  [SYSTEM ] usepackage      graphics
  [SYSTEM ] usepackage      mathptmx
  [SYSTEM ] usepackage      amsmath
  [SYSTEM ] usepackage      amssymb
  [SYSTEM ] usepackage      bm
  [SYSTEM ] usepackage      float
  [SYSTEM ] usepackage      caption
  [SYSTEM ] usepackage      xcolor
  [SYSTEM ] usepackage      graphicx
  [SYSTEM ] usepackage      multirow
  [SYSTEM ] usepackage      array
  [SYSTEM ] usepackage      newunicodechar
  [SYSTEM ] usepackage      geometry
  [DYNAMIC] includegraphics #1
  [LOCAL  ] includegraphics media/office_obj_1.png
  [LOCAL  ] includegraphics media/image5.png
  [LOCAL  ] includegraphics media/image6.png
  [LOCAL  ] includegraphics media/image7.png
[2026-07-22 11:48:34,429] [INFO] [latex_compiler.py:357]: Using latexmk compiler.
[2026-07-22 11:48:40,127] [INFO] [latex_compiler.py:424]: Compilation completed successfully. PDF generated at: G:\work\Journal2LaTeX\backend\temp\07fbeca2-753c-43af-9fc7-ce24baf11984\output\paper.pdf
[2026-07-22 11:48:51,973] [INFO] [latex_compiler.py:321]: Starting LaTeX compilation for: G:\work\Journal2LaTeX\backend\temp\07fbeca2-753c-43af-9fc7-ce24baf11984\rendered\main.tex
[2026-07-22 11:48:51,977] [INFO] [latex_compiler.py:125]: Rendered working directory tree before compilation:
  1.eps
  2.eps
  everyshi.sty
  logo7pt-eps-converted-to.pdf
  logo7pt.eps
  main.aux
  main.fdb_latexmk
  main.fls
  main.log
  main.out
  main.pdf
  main.tex
  media/
    image1.jpeg
    image10.jpeg
    image4.jpeg
    image5.png
    image6.png
    image7.png
    image8.jpeg
    image9.jpeg
    office_obj_1.png
  NSP1.cls
  paper.pdf
  paper.tex
  psfig.sty
  template.json
[2026-07-22 11:48:51,981] [INFO] [latex_compiler.py:131]: Template resource manifest (26 files):
  1.eps                                    template resource (graphic (EPS))
  2.eps                                    template resource (graphic (EPS))
  everyshi.sty                             template resource (package / style)
  logo7pt-eps-converted-to.pdf             template resource (graphic (PDF))
  logo7pt.eps                              template resource (graphic (EPS))
  main.aux                                 generated document / build artefact
  main.fdb_latexmk                         generated document / build artefact
  main.fls                                 generated document / build artefact
  main.log                                 generated document / build artefact
  main.out                                 generated document / build artefact
  main.pdf                                 generated document / build artefact
  main.tex                                 generated document / build artefact
  media\image1.jpeg                        renderer-generated media
  media\image10.jpeg                       renderer-generated media
  media\image4.jpeg                        renderer-generated media
  media\image5.png                         renderer-generated media
  media\image6.png                         renderer-generated media
  media\image7.png                         renderer-generated media
  media\image8.jpeg                        renderer-generated media
  media\image9.jpeg                        renderer-generated media
  media\office_obj_1.png                   renderer-generated media
  NSP1.cls                                 template resource (document class)
  paper.pdf                                template resource (graphic (PDF))
  paper.tex                                template resource (included source)
  psfig.sty                                template resource (package / style)
  template.json                            template metadata
[2026-07-22 11:48:52,149] [INFO] [latex_compiler.py:144]: Dependency resolution (24 references):
  [LOCAL  ] documentclass   NSP1
  [SYSTEM ] usepackage      url
  [SYSTEM ] usepackage      floatflt
  [SYSTEM ] usepackage      helvet
  [SYSTEM ] usepackage      times
  [LOCAL  ] usepackage      psfig
  [SYSTEM ] usepackage      graphics
  [SYSTEM ] usepackage      mathptmx
  [SYSTEM ] usepackage      amsmath
  [SYSTEM ] usepackage      amssymb
  [SYSTEM ] usepackage      bm
  [SYSTEM ] usepackage      float
  [SYSTEM ] usepackage      caption
  [SYSTEM ] usepackage      xcolor
  [SYSTEM ] usepackage      graphicx
  [SYSTEM ] usepackage      multirow
  [SYSTEM ] usepackage      array
  [SYSTEM ] usepackage      newunicodechar
  [SYSTEM ] usepackage      geometry
  [DYNAMIC] includegraphics #1
  [LOCAL  ] includegraphics media/office_obj_1.png
  [LOCAL  ] includegraphics media/image5.png
  [LOCAL  ] includegraphics media/image6.png
  [LOCAL  ] includegraphics media/image7.png
[2026-07-22 11:48:52,150] [INFO] [latex_compiler.py:357]: Using latexmk compiler.
[2026-07-22 11:48:57,289] [INFO] [latex_compiler.py:424]: Compilation completed successfully. PDF generated at: G:\work\Journal2LaTeX\backend\temp\07fbeca2-753c-43af-9fc7-ce24baf11984\output\paper.pdf
[2026-07-22 11:49:08,731] [INFO] [latex_compiler.py:321]: Starting LaTeX compilation for: G:\work\Journal2LaTeX\backend\temp\07fbeca2-753c-43af-9fc7-ce24baf11984\rendered\main.tex
[2026-07-22 11:49:08,736] [INFO] [latex_compiler.py:125]: Rendered working directory tree before compilation:
  1.eps
  2.eps
  everyshi.sty
  logo7pt-eps-converted-to.pdf
  logo7pt.eps
  main.aux
  main.fdb_latexmk
  main.fls
  main.log
  main.out
  main.pdf
  main.tex
  media/
    image1.jpeg
    image10.jpeg
    image4.jpeg
    image5.png
    image6.png
    image7.png
    image8.jpeg
    image9.jpeg
    office_obj_1.png
  NSP1.cls
  paper.pdf
  paper.tex
  psfig.sty
  template.json
[2026-07-22 11:49:08,741] [INFO] [latex_compiler.py:131]: Template resource manifest (26 files):
  1.eps                                    template resource (graphic (EPS))
  2.eps                                    template resource (graphic (EPS))
  everyshi.sty                             template resource (package / style)
  logo7pt-eps-converted-to.pdf             template resource (graphic (PDF))
  logo7pt.eps                              template resource (graphic (EPS))
  main.aux                                 generated document / build artefact
  main.fdb_latexmk                         generated document / build artefact
  main.fls                                 generated document / build artefact
  main.log                                 generated document / build artefact
  main.out                                 generated document / build artefact
  main.pdf                                 generated document / build artefact
  main.tex                                 generated document / build artefact
  media\image1.jpeg                        renderer-generated media
  media\image10.jpeg                       renderer-generated media
  media\image4.jpeg                        renderer-generated media
  media\image5.png                         renderer-generated media
  media\image6.png                         renderer-generated media
  media\image7.png                         renderer-generated media
  media\image8.jpeg                        renderer-generated media
  media\image9.jpeg                        renderer-generated media
  media\office_obj_1.png                   renderer-generated media
  NSP1.cls                                 template resource (document class)
  paper.pdf                                template resource (graphic (PDF))
  paper.tex                                template resource (included source)
  psfig.sty                                template resource (package / style)
  template.json                            template metadata
[2026-07-22 11:49:08,907] [INFO] [latex_compiler.py:144]: Dependency resolution (24 references):
  [LOCAL  ] documentclass   NSP1
  [SYSTEM ] usepackage      url
  [SYSTEM ] usepackage      floatflt
  [SYSTEM ] usepackage      helvet
  [SYSTEM ] usepackage      times
  [LOCAL  ] usepackage      psfig
  [SYSTEM ] usepackage      graphics
  [SYSTEM ] usepackage      mathptmx
  [SYSTEM ] usepackage      amsmath
  [SYSTEM ] usepackage      amssymb
  [SYSTEM ] usepackage      bm
  [SYSTEM ] usepackage      float
  [SYSTEM ] usepackage      caption
  [SYSTEM ] usepackage      xcolor
  [SYSTEM ] usepackage      graphicx
  [SYSTEM ] usepackage      multirow
  [SYSTEM ] usepackage      array
  [SYSTEM ] usepackage      newunicodechar
  [SYSTEM ] usepackage      geometry
  [DYNAMIC] includegraphics #1
  [LOCAL  ] includegraphics media/office_obj_1.png
  [LOCAL  ] includegraphics media/image5.png
  [LOCAL  ] includegraphics media/image6.png
  [LOCAL  ] includegraphics media/image7.png
[2026-07-22 11:49:08,908] [INFO] [latex_compiler.py:357]: Using latexmk compiler.
[2026-07-22 11:49:14,463] [INFO] [latex_compiler.py:424]: Compilation completed successfully. PDF generated at: G:\work\Journal2LaTeX\backend\temp\07fbeca2-753c-43af-9fc7-ce24baf11984\output\paper.pdf
