STDOUT:
Initial Win CP for (console input, console output, system): (CP437, CP65001, CP1252)
I changed them all to CP1252
Rc files read (in order):
  NONE
Latexmk: This is Latexmk, John Collins, 9 March 2026. Version 4.88.
No existing .aux file, so I'll make a simple one, and require run of *latex.
Force everything to be remade.
Latexmk: applying rule 'pdflatex'...
Rule 'pdflatex':  Reasons for rerun
Category 'other':
  Rerun of 'pdflatex' forced or previously required:
    Reason or flag: 'go_mode'

------------
Run number 1 of rule 'pdflatex'
------------
------------
Running 'pdflatex  -interaction=nonstopmode -file-line-error -recorder  "G:/work/Journal2LaTeX/backend/temp/2f1afb20-f00c-4dbe-8d98-75035a1d3f9e/rendered/main.tex"'
------------
This is pdfTeX, Version 3.141592653-2.6-1.40.29 (MiKTeX 26.5) (preloaded format=pdflatex.fmt)
 restricted \write18 enabled.
entering extended mode

(G:/work/Journal2LaTeX/backend/temp/2f1afb20-f00c-4dbe-8d98-75035a1d3f9e/render
ed/main.tex
LaTeX2e <2026-06-01>
L3 programming layer <2026-06-18>
(C:\Users\asus\AppData\Local\Programs\MiKTeX\tex/latex/xcolor\xcolor.sty
(C:\Users\asus\AppData\Local\Programs\MiKTeX\tex/latex/graphics-cfg\color.cfg)
(C:\Users\asus\AppData\Local\Programs\MiKTeX\tex/latex/graphics-def\pdftex.def)
 (C:\Users\asus\AppData\Local\Programs\MiKTeX\tex/latex/graphics\mathcolor.ltx)
) (C:\Users\asus\AppData\Local\Programs\MiKTeX\tex/latex/graphics\dvipsnam.def)
 (C:\Users\asus\AppData\Local\Programs\MiKTeX\tex/latex/xcolor\svgnam.def)
(C:\Users\asus\AppData\Local\Programs\MiKTeX\tex/latex/xcolor\x11nam.def)
(C:\Users\asus\AppData\Local\Programs\MiKTeX\tex/latex/colortbl\colortbl.sty
(C:\Users\asus\AppData\Local\Programs\MiKTeX\tex/latex/tools\array.sty)
new hooks used!!
) (NSP1.cls

LaTeX Warning: You have requested document class `NSP1',
               but the document class provides `NSP'.

Document Class: NSP 2012/01/01
(C:\Users\asus\AppData\Local\Programs\MiKTeX\tex/latex/base\fleqn.clo)
(C:\Users\asus\AppData\Local\Programs\MiKTeX\tex/latex/graphics\graphicx.sty
(C:\Users\asus\AppData\Local\Programs\MiKTeX\tex/latex/graphics\keyval.sty)
(C:\Users\asus\AppData\Local\Programs\MiKTeX\tex/latex/graphics\graphics.sty
(C:\Users\asus\AppData\Local\Programs\MiKTeX\tex/latex/graphics\trig.sty)
(C:\Users\asus\AppData\Local\Programs\MiKTeX\tex/latex/graphics-cfg\graphics.cf
g)))
(C:\Users\asus\AppData\Local\Programs\MiKTeX\tex/latex/lastpage\lastpage.sty
(C:\Users\asus\AppData\Local\Programs\MiKTeX\tex/latex/lastpage\lastpage2e.sty
(C:\Users\asus\AppData\Local\Programs\MiKTeX\tex/latex/lastpage\lastpagemodern.
sty) 
)) (C:\Users\asus\AppData\Local\Programs\MiKTeX\tex/latex/hyperref\hyperref.sty
(C:\Users\asus\AppData\Local\Programs\MiKTeX\tex/generic/iftex\iftex.sty)
(C:\Users\asus\AppData\Local\Programs\MiKTeX\tex/latex/kvsetkeys\kvsetkeys.sty)

(C:\Users\asus\AppData\Local\Programs\MiKTeX\tex/generic/kvdefinekeys\kvdefinek
eys.sty)
(C:\Users\asus\AppData\Local\Programs\MiKTeX\tex/generic/pdfescape\pdfescape.st
y (C:\Users\asus\AppData\Local\Programs\MiKTeX\tex/generic/ltxcmds\ltxcmds.sty)

(C:\Users\asus\AppData\Local\Programs\MiKTeX\tex/generic/pdftexcmds\pdftexcmds.
sty
(C:\Users\asus\AppData\Local\Programs\MiKTeX\tex/generic/infwarerr\infwarerr.st
y))) (C:\Users\asus\AppData\Local\Programs\MiKTeX\tex/latex/hycolor\hycolor.sty
) (C:\Users\asus\AppData\Local\Programs\MiKTeX\tex/latex/hyperref\nameref.sty
(C:\Users\asus\AppData\Local\Programs\MiKTeX\tex/latex/refcount\refcount.sty)
(C:\Users\asus\AppData\Local\Programs\MiKTeX\tex/generic/gettitlestring\gettitl
estring.sty
(C:\Users\asus\AppData\Local\Programs\MiKTeX\tex/latex/kvoptions\kvoptions.sty)
)) (C:\Users\asus\AppData\Local\Programs\MiKTeX\tex/latex/etoolbox\etoolbox.sty
)
(C:\Users\asus\AppData\Local\Programs\MiKTeX\tex/generic/stringenc\stringenc.st
y) (C:\Users\asus\AppData\Local\Programs\MiKTeX\tex/latex/hyperref\pd1enc.def)
(C:\Users\asus\AppData\Local\Programs\MiKTeX\tex/generic/intcalc\intcalc.sty)
(C:\Users\asus\AppData\Local\Programs\MiKTeX\tex/latex/hyperref\puenc.def)
(C:\Users\asus\AppData\Local\Programs\MiKTeX\tex/latex/url\url.sty)
(C:\Users\asus\AppData\Local\Programs\MiKTeX\tex/generic/bitset\bitset.sty
(C:\Users\asus\AppData\Local\Programs\MiKTeX\tex/generic/bigintcalc\bigintcalc.
sty))

Package hyperref Warning: Option `pdfpagelabels' is turned off
(hyperref)                because \thepage is undefined.

) (C:\Users\asus\AppData\Local\Programs\MiKTeX\tex/latex/hyperref\hpdftex.def
(C:\Users\asus\AppData\Local\Programs\MiKTeX\tex/latex/rerunfilecheck\rerunfile
check.sty
(C:\Users\asus\AppData\Local\Programs\MiKTeX\tex/generic/uniquecounter\uniqueco
unter.sty))))
(C:\Users\asus\AppData\Local\Programs\MiKTeX\tex/latex/floatflt\floatflt.sty)
(C:\Users\asus\AppData\Local\Programs\MiKTeX\tex/latex/psnfss\helvet.sty)
(C:\Users\asus\AppData\Local\Programs\MiKTeX\tex/latex/psnfss\times.sty)
(psfig.sty
psfig/tex 1.10-dvips
) (C:\Users\asus\AppData\Local\Programs\MiKTeX\tex/latex/psnfss\mathptmx.sty)
(C:\Users\asus\AppData\Local\Programs\MiKTeX\tex/latex/amsmath\amsmath.sty
For additional information on amsmath, use the `?' option.
(C:\Users\asus\AppData\Local\Programs\MiKTeX\tex/latex/amsmath\amstext.sty
(C:\Users\asus\AppData\Local\Programs\MiKTeX\tex/latex/amsmath\amsgen.sty))
(C:\Users\asus\AppData\Local\Programs\MiKTeX\tex/latex/amsmath\amsbsy.sty)
(C:\Users\asus\AppData\Local\Programs\MiKTeX\tex/latex/amsmath\amsopn.sty))
(C:\Users\asus\AppData\Local\Programs\MiKTeX\tex/latex/amsfonts\amssymb.sty
(C:\Users\asus\AppData\Local\Programs\MiKTeX\tex/latex/amsfonts\amsfonts.sty))
(C:\Users\asus\AppData\Local\Programs\MiKTeX\tex/latex/tools\bm.sty)
(C:\Users\asus\AppData\Local\Programs\MiKTeX\tex/latex/float\float.sty)
(C:\Users\asus\AppData\Local\Programs\MiKTeX\tex/latex/caption\caption.sty
(C:\Users\asus\AppData\Local\Programs\MiKTeX\tex/latex/caption\caption3.sty)

Package caption Warning: Unknown document class (or package),
(caption)                standard defaults will be used.
See the caption package documentation for explanation.

)

LaTeX Warning: Package "xcolor" has already been loaded: ignoring load-time
(LaTeX)        option "xcdraw".

(C:\Users\asus\AppData\Local\Programs\MiKTeX\tex/latex/sttools\cuted.sty)
(C:\Users\asus\AppData\Local\Programs\MiKTeX\tex/latex/newunicodechar\newunicod
echar.sty)
(C:\Users\asus\AppData\Local\Programs\MiKTeX\tex/latex/psnfss\ot1ptm.fd)
(C:\Users\asus\AppData\Local\Programs\MiKTeX\tex/latex/l3backend\l3backend-pdft
ex.def) (main.aux)
(C:\Users\asus\AppData\Local\Programs\MiKTeX\tex/context/base/mkii\supp-pdf.mki
i
[Loading MPS to PDF converter (version 2006.09.02).]
)
(C:\Users\asus\AppData\Local\Programs\MiKTeX\tex/latex/epstopdf-pkg\epstopdf-ba
se.sty
(C:\Users\asus\AppData\Local\Programs\MiKTeX\tex/latex/00miktex\epstopdf-sys.cf
g))
Overfull \hbox (12.0pt too wide) in paragraph at lines 120--120
[][] [] 
(C:\Users\asus\AppData\Local\Programs\MiKTeX\tex/latex/psnfss\ot1ztmcm.fd)
(C:\Users\asus\AppData\Local\Programs\MiKTeX\tex/latex/psnfss\omlztmcm.fd)
(C:\Users\asus\AppData\Local\Programs\MiKTeX\tex/latex/psnfss\omsztmcm.fd)
(C:\Users\asus\AppData\Local\Programs\MiKTeX\tex/latex/psnfss\omxztmcm.fd)

Package mathptmx Warning: There are no bold math fonts on input line 120.

(C:\Users\asus\AppData\Local\Programs\MiKTeX\tex/latex/psnfss\ot1phv.fd)

LaTeX Warning: Citation `ref10' on page 1 undefined on input line 124.


LaTeX Warning: Reference `LastPage' on page 1 undefined on input line 148.

(C:\Users\asus\AppData\Local\Programs\MiKTeX\tex/latex/psnfss\ts1ptm.fd)
[1{C:/Users/asus/AppData/Local/MiKTeX/fonts/map/pdftex/pdftex.map}{C:/Users/asu
s/AppData/Local/Programs/MiKTeX/fonts/enc/dvips/base/8r.enc} <./logo7pt-eps-con
verted-to.pdf>]

G:/work/Journal2LaTeX/backend/temp/2f1afb20-f00c-4dbe-8d98-75035a1d3f9e/rendere
d/main.tex:157: LaTeX Error: Unicode character ξ (U+03BE)
               not set up for use with LaTeX.

See the LaTeX manual or LaTeX Companion for explanation.
Type  H <return>  for immediate help.
 ...                                              
                                                  
l.157 ξ
         – Natural exit rate.

Overfull \hbox (160.0889pt too wide) has occurred while \output is active
[] [] \OT1/ptm/m/n/9 G.M. Vijayalakshmi et al.: Optimal control strategies for 
overwhelming social media scrolling addiction by using fractional order mathema
tical modelling
[2 <./media/image1.png>]
G:/work/Journal2LaTeX/backend/temp/2f1afb20-f00c-4dbe-8d98-75035a1d3f9e/rendere
d/main.tex:187: Missing $ inserted.
<inserted text> 
                $
l.187 
      
G:/work/Journal2LaTeX/backend/temp/2f1afb20-f00c-4dbe-8d98-75035a1d3f9e/rendere
d/main.tex:187: Display math should end with $$.
<to be read again> 
                   \tex_par:D 
l.187 
      

G:/work/Journal2LaTeX/backend/temp/2f1afb20-f00c-4dbe-8d98-75035a1d3f9e/rendere
d/main.tex:188: LaTeX Error: Bad math environment delimiter.

See the LaTeX manual or LaTeX Companion for explanation.
Type  H <return>  for immediate help.
 ...                                              
                                                  
l.188 \end{equation}
                    
G:/work/Journal2LaTeX/backend/temp/2f1afb20-f00c-4dbe-8d98-75035a1d3f9e/rendere
d/main.tex:188: You can't use `\eqno' in vertical mode.
\veqno ->\@kernel@eqno 
                       \aftergroup \ignorespaces 
l.188 \end{equation}
                    
G:/work/Journal2LaTeX/backend/temp/2f1afb20-f00c-4dbe-8d98-75035a1d3f9e/rendere
d/main.tex:188: Missing $ inserted.
<inserted text> 
                $
l.188 \end{equation}
                    
G:/work/Journal2LaTeX/backend/temp/2f1afb20-f00c-4dbe-8d98-75035a1d3f9e/rendere
d/main.tex:188: Display math should end with $$.
<to be read again> 
                   \endgroup 
l.188 \end{equation}
                    
(C:\Users\asus\AppData\Local\Programs\MiKTeX\tex/latex/psnfss\omlptm.fd)

LaTeX Font Warning: Font shape `OML/cmm/m/it' in size <10.50003> not available
(Font)              size <10.95> substituted on input line 206.


LaTeX Warning: Reference `LastPage' on page 3 undefined on input line 252.

[3]
G:/work/Journal2LaTeX/backend/temp/2f1afb20-f00c-4dbe-8d98-75035a1d3f9e/rendere
d/main.tex:270: Missing $ inserted.
<inserted text> 
                $
l.270 
      
G:/work/Journal2LaTeX/backend/temp/2f1afb20-f00c-4dbe-8d98-75035a1d3f9e/rendere
d/main.tex:270: Display math should end with $$.
<to be read again> 
                   \tex_par:D 
l.270 
      

G:/work/Journal2LaTeX/backend/temp/2f1afb20-f00c-4dbe-8d98-75035a1d3f9e/rendere
d/main.tex:271: LaTeX Error: Bad math environment delimiter.

See the LaTeX manual or LaTeX Companion for explanation.
Type  H <return>  for immediate help.
 ...                                              
                                                  
l.271 \end{equation}
                    
G:/work/Journal2LaTeX/backend/temp/2f1afb20-f00c-4dbe-8d98-75035a1d3f9e/rendere
d/main.tex:271: You can't use `\eqno' in vertical mode.
\veqno ->\@kernel@eqno 
                       \aftergroup \ignorespaces 
l.271 \end{equation}
                    
G:/work/Journal2LaTeX/backend/temp/2f1afb20-f00c-4dbe-8d98-75035a1d3f9e/rendere
d/main.tex:271: Missing $ inserted.
<inserted text> 
                $
l.271 \end{equation}
                    
G:/work/Journal2LaTeX/backend/temp/2f1afb20-f00c-4dbe-8d98-75035a1d3f9e/rendere
d/main.tex:271: Display math should end with $$.
<to be read again> 
                   \endgroup 
l.271 \end{equation}
                    
G:/work/Journal2LaTeX/backend/temp/2f1afb20-f00c-4dbe-8d98-75035a1d3f9e/rendere
d/main.tex:277: Missing $ inserted.
<inserted text> 
                $
l.277 
      
G:/work/Journal2LaTeX/backend/temp/2f1afb20-f00c-4dbe-8d98-75035a1d3f9e/rendere
d/main.tex:277: Display math should end with $$.
<to be read again> 
                   \tex_par:D 
l.277 
      

G:/work/Journal2LaTeX/backend/temp/2f1afb20-f00c-4dbe-8d98-75035a1d3f9e/rendere
d/main.tex:278: LaTeX Error: Bad math environment delimiter.

See the LaTeX manual or LaTeX Companion for explanation.
Type  H <return>  for immediate help.
 ...                                              
                                                  
l.278 \end{equation}
                    
G:/work/Journal2LaTeX/backend/temp/2f1afb20-f00c-4dbe-8d98-75035a1d3f9e/rendere
d/main.tex:278: You can't use `\eqno' in vertical mode.
\veqno ->\@kernel@eqno 
                       \aftergroup \ignorespaces 
l.278 \end{equation}
                    
G:/work/Journal2LaTeX/backend/temp/2f1afb20-f00c-4dbe-8d98-75035a1d3f9e/rendere
d/main.tex:278: Missing $ inserted.
<inserted text> 
                $
l.278 \end{equation}
                    
G:/work/Journal2LaTeX/backend/temp/2f1afb20-f00c-4dbe-8d98-75035a1d3f9e/rendere
d/main.tex:278: Display math should end with $$.
<to be read again> 
                   \endgroup 
l.278 \end{equation}
                    
G:/work/Journal2LaTeX/backend/temp/2f1afb20-f00c-4dbe-8d98-75035a1d3f9e/rendere
d/main.tex:282: Missing $ inserted.
<inserted text> 
                $
l.282 
      
G:/work/Journal2LaTeX/backend/temp/2f1afb20-f00c-4dbe-8d98-75035a1d3f9e/rendere
d/main.tex:282: Display math should end with $$.
<to be read again> 
                   \tex_par:D 
l.282 
      

G:/work/Journal2LaTeX/backend/temp/2f1afb20-f00c-4dbe-8d98-75035a1d3f9e/rendere
d/main.tex:283: LaTeX Error: Bad math environment delimiter.

See the LaTeX manual or LaTeX Companion for explanation.
Type  H <return>  for immediate help.
 ...                                              
                                                  
l.283 \end{equation}
                    
G:/work/Journal2LaTeX/backend/temp/2f1afb20-f00c-4dbe-8d98-75035a1d3f9e/rendere
d/main.tex:283: You can't use `\eqno' in vertical mode.
\veqno ->\@kernel@eqno 
                       \aftergroup \ignorespaces 
l.283 \end{equation}
                    
G:/work/Journal2LaTeX/backend/temp/2f1afb20-f00c-4dbe-8d98-75035a1d3f9e/rendere
d/main.tex:283: Missing $ inserted.
<inserted text> 
                $
l.283 \end{equation}
                    
G:/work/Journal2LaTeX/backend/temp/2f1afb20-f00c-4dbe-8d98-75035a1d3f9e/rendere
d/main.tex:283: Display math should end with $$.
<to be read again> 
                   \endgroup 
l.283 \end{equation}
                    
G:/work/Journal2LaTeX/backend/temp/2f1afb20-f00c-4dbe-8d98-75035a1d3f9e/rendere
d/main.tex:287: Missing $ inserted.
<inserted text> 
                $
l.287 
      
G:/work/Journal2LaTeX/backend/temp/2f1afb20-f00c-4dbe-8d98-75035a1d3f9e/rendere
d/main.tex:287: Display math should end with $$.
<to be read again> 
                   \tex_par:D 
l.287 
      

G:/work/Journal2LaTeX/backend/temp/2f1afb20-f00c-4dbe-8d98-75035a1d3f9e/rendere
d/main.tex:288: LaTeX Error: Bad math environment delimiter.

See the LaTeX manual or LaTeX Companion for explanation.
Type  H <return>  for immediate help.
 ...                                              
                                                  
l.288 \end{equation}
                    
G:/work/Journal2LaTeX/backend/temp/2f1afb20-f00c-4dbe-8d98-75035a1d3f9e/rendere
d/main.tex:288: You can't use `\eqno' in vertical mode.
\veqno ->\@kernel@eqno 
                       \aftergroup \ignorespaces 
l.288 \end{equation}
                    
G:/work/Journal2LaTeX/backend/temp/2f1afb20-f00c-4dbe-8d98-75035a1d3f9e/rendere
d/main.tex:288: Missing $ inserted.
<inserted text> 
                $
l.288 \end{equation}
                    
G:/work/Journal2LaTeX/backend/temp/2f1afb20-f00c-4dbe-8d98-75035a1d3f9e/rendere
d/main.tex:288: Display math should end with $$.
<to be read again> 
                   \endgroup 
l.288 \end{equation}
                    

Overfull \hbox (160.0889pt too wide) has occurred while \output is active
[] [] \OT1/ptm/m/n/9 G.M. Vijayalakshmi et al.: Optimal control strategies for 
overwhelming social media scrolling addiction by using fractional order mathema
tical modelling
[4 <./media/office_obj_1.png (PNG copy)>]
Overfull \hbox (30.87828pt too wide) in paragraph at lines 312--313
[]$
G:/work/Journal2LaTeX/backend/temp/2f1afb20-f00c-4dbe-8d98-75035a1d3f9e/rendere
d/main.tex:318: Missing $ inserted.
<inserted text> 
                $
l.318 
      
G:/work/Journal2LaTeX/backend/temp/2f1afb20-f00c-4dbe-8d98-75035a1d3f9e/rendere
d/main.tex:318: Display math should end with $$.
<to be read again> 
                   \tex_par:D 
l.318 
      

G:/work/Journal2LaTeX/backend/temp/2f1afb20-f00c-4dbe-8d98-75035a1d3f9e/rendere
d/main.tex:319: LaTeX Error: Bad math environment delimiter.

See the LaTeX manual or LaTeX Companion for explanation.
Type  H <return>  for immediate help.
 ...                                              
                                                  
l.319 \end{equation}
                    
G:/work/Journal2LaTeX/backend/temp/2f1afb20-f00c-4dbe-8d98-75035a1d3f9e/rendere
d/main.tex:319: You can't use `\eqno' in vertical mode.
\veqno ->\@kernel@eqno 
                       \aftergroup \ignorespaces 
l.319 \end{equation}
                    
G:/work/Journal2LaTeX/backend/temp/2f1afb20-f00c-4dbe-8d98-75035a1d3f9e/rendere
d/main.tex:319: Missing $ inserted.
<inserted text> 
                $
l.319 \end{equation}
                    
G:/work/Journal2LaTeX/backend/temp/2f1afb20-f00c-4dbe-8d98-75035a1d3f9e/rendere
d/main.tex:319: Display math should end with $$.
<to be read again> 
                   \endgroup 
l.319 \end{equation}
                    
G:/work/Journal2LaTeX/backend/temp/2f1afb20-f00c-4dbe-8d98-75035a1d3f9e/rendere
d/main.tex:323: Missing $ inserted.
<inserted text> 
                $
l.323 
      
G:/work/Journal2LaTeX/backend/temp/2f1afb20-f00c-4dbe-8d98-75035a1d3f9e/rendere
d/main.tex:323: Display math should end with $$.
<to be read again> 
                   \tex_par:D 
l.323 
      

G:/work/Journal2LaTeX/backend/temp/2f1afb20-f00c-4dbe-8d98-75035a1d3f9e/rendere
d/main.tex:324: LaTeX Error: Bad math environment delimiter.

See the LaTeX manual or LaTeX Companion for explanation.
Type  H <return>  for immediate help.
 ...                                              
                                                  
l.324 \end{equation}
                    
G:/work/Journal2LaTeX/backend/temp/2f1afb20-f00c-4dbe-8d98-75035a1d3f9e/rendere
d/main.tex:324: You can't use `\eqno' in vertical mode.
\veqno ->\@kernel@eqno 
                       \aftergroup \ignorespaces 
l.324 \end{equation}
                    
G:/work/Journal2LaTeX/backend/temp/2f1afb20-f00c-4dbe-8d98-75035a1d3f9e/rendere
d/main.tex:324: Missing $ inserted.
<inserted text> 
                $
l.324 \end{equation}
                    
G:/work/Journal2LaTeX/backend/temp/2f1afb20-f00c-4dbe-8d98-75035a1d3f9e/rendere
d/main.tex:324: Display math should end with $$.
<to be read again> 
                   \endgroup 
l.324 \end{equation}
                    
G:/work/Journal2LaTeX/backend/temp/2f1afb20-f00c-4dbe-8d98-75035a1d3f9e/rendere
d/main.tex:334: Missing $ inserted.
<inserted text> 
                $
l.334 
      
G:/work/Journal2LaTeX/backend/temp/2f1afb20-f00c-4dbe-8d98-75035a1d3f9e/rendere
d/main.tex:334: Display math should end with $$.
<to be read again> 
                   \tex_par:D 
l.334 
      

G:/work/Journal2LaTeX/backend/temp/2f1afb20-f00c-4dbe-8d98-75035a1d3f9e/rendere
d/main.tex:335: LaTeX Error: Bad math environment delimiter.

See the LaTeX manual or LaTeX Companion for explanation.
Type  H <return>  for immediate help.
 ...                                              
                                                  
l.335 \end{equation}
                    
G:/work/Journal2LaTeX/backend/temp/2f1afb20-f00c-4dbe-8d98-75035a1d3f9e/rendere
d/main.tex:335: You can't use `\eqno' in vertical mode.
\veqno ->\@kernel@eqno 
                       \aftergroup \ignorespaces 
l.335 \end{equation}
                    
G:/work/Journal2LaTeX/backend/temp/2f1afb20-f00c-4dbe-8d98-75035a1d3f9e/rendere
d/main.tex:335: Missing $ inserted.
<inserted text> 
                $
l.335 \end{equation}
                    
G:/work/Journal2LaTeX/backend/temp/2f1afb20-f00c-4dbe-8d98-75035a1d3f9e/rendere
d/main.tex:335: Display math should end with $$.
<to be read again> 
                   \endgroup 
l.335 \end{equation}
                    
G:/work/Journal2LaTeX/backend/temp/2f1afb20-f00c-4dbe-8d98-75035a1d3f9e/rendere
d/main.tex:341: Missing $ inserted.
<inserted text> 
                $
l.341 
      
G:/work/Journal2LaTeX/backend/temp/2f1afb20-f00c-4dbe-8d98-75035a1d3f9e/rendere
d/main.tex:341: Display math should end with $$.
<to be read again> 
                   \tex_par:D 
l.341 
      

G:/work/Journal2LaTeX/backend/temp/2f1afb20-f00c-4dbe-8d98-75035a1d3f9e/rendere
d/main.tex:342: LaTeX Error: Bad math environment delimiter.

See the LaTeX manual or LaTeX Companion for explanation.
Type  H <return>  for immediate help.
 ...                                              
                                                  
l.342 \end{equation}
                    
G:/work/Journal2LaTeX/backend/temp/2f1afb20-f00c-4dbe-8d98-75035a1d3f9e/rendere
d/main.tex:342: You can't use `\eqno' in vertical mode.
\veqno ->\@kernel@eqno 
                       \aftergroup \ignorespaces 
l.342 \end{equation}
                    
G:/work/Journal2LaTeX/backend/temp/2f1afb20-f00c-4dbe-8d98-75035a1d3f9e/rendere
d/main.tex:342: Missing $ inserted.
<inserted text> 
                $
l.342 \end{equation}
                    
G:/work/Journal2LaTeX/backend/temp/2f1afb20-f00c-4dbe-8d98-75035a1d3f9e/rendere
d/main.tex:342: Display math should end with $$.
<to be read again> 
                   \endgroup 
l.342 \end{equation}
                    

LaTeX Warning: Reference `LastPage' on page 5 undefined on input line 370.

[5]
G:/work/Journal2LaTeX/backend/temp/2f1afb20-f00c-4dbe-8d98-75035a1d3f9e/rendere
d/main.tex:372: Missing $ inserted.
<inserted text> 
                $
l.372 
      
G:/work/Journal2LaTeX/backend/temp/2f1afb20-f00c-4dbe-8d98-75035a1d3f9e/rendere
d/main.tex:372: Display math should end with $$.
<to be read again> 
                   \tex_par:D 
l.372 
      

Overfull \hbox (515.24577pt too wide) detected at line 372
[][][]\OML/ztmcm/m/it/10.50003 V[] \OT1/ztmcm/m/n/10.50003 = \OML/ztmcm/m/it/10
.50003 x[] [] [] \OT1/ztmcm/m/n/10.50003 + \OML/ztmcm/m/it/10.50003 x[] [] [] \
OT1/ztmcm/m/n/10.50003 + \OML/ztmcm/m/it/10.50003 x[] [] [] \OT1/ztmcm/m/n/10.5
0003 + \OML/ztmcm/m/it/10.50003 x[] [] \OT1/ztmcm/m/n/10.50003 + \OML/ztmcm/m/i
t/10.50003 x[] [] \OT1/ztmcm/m/n/10.50003 (\OML/ztmcm/m/it/10.50003 ^^NT \OMS/z
tmcm/m/n/10.50003 ^^@ \OML/ztmcm/m/it/10.50003 ^^X R \OMS/ztmcm/m/n/10.50003 ^^
@ \OML/ztmcm/m/it/10.50003 ^^ZR\OT1/ztmcm/m/n/10.50003 ) + \OML/ztmcm/m/it/10.5
0003 x[] [] \OT1/ztmcm/m/n/10.50003 (\OML/ztmcm/m/it/10.50003 ^^ZR \OMS/ztmcm/m
/n/10.50003 ^^@ \OML/ztmcm/m/it/10.50003 ^^X L \OMS/ztmcm/m/n/10.50003 ^^@ \OML
/ztmcm/m/it/10.50003 ^^[ L \OMS/ztmcm/m/n/10.50003 ^^@ \OML/ztmcm/m/it/10.50003
 ^^\ E\OT1/ztmcm/m/n/10.50003 )\OML/ztmcm/m/it/10.50003 :

G:/work/Journal2LaTeX/backend/temp/2f1afb20-f00c-4dbe-8d98-75035a1d3f9e/rendere
d/main.tex:373: LaTeX Error: Bad math environment delimiter.

See the LaTeX manual or LaTeX Companion for explanation.
Type  H <return>  for immediate help.
 ...                                              
                                                  
l.373 \end{equation}
                    
G:/work/Journal2LaTeX/backend/temp/2f1afb20-f00c-4dbe-8d98-75035a1d3f9e/rendere
d/main.tex:373: You can't use `\eqno' in vertical mode.
\veqno ->\@kernel@eqno 
                       \aftergroup \ignorespaces 
l.373 \end{equation}
                    
G:/work/Journal2LaTeX/backend/temp/2f1afb20-f00c-4dbe-8d98-75035a1d3f9e/rendere
d/main.tex:373: Missing $ inserted.
<inserted text> 
                $
l.373 \end{equation}
                    
G:/work/Journal2LaTeX/backend/temp/2f1afb20-f00c-4dbe-8d98-75035a1d3f9e/rendere
d/main.tex:373: Display math should end with $$.
<to be read again> 
                   \endgroup 
l.373 \end{equation}
                    
G:/work/Journal2LaTeX/backend/temp/2f1afb20-f00c-4dbe-8d98-75035a1d3f9e/rendere
d/main.tex:377: Missing $ inserted.
<inserted text> 
                $
l.377 
      
G:/work/Journal2LaTeX/backend/temp/2f1afb20-f00c-4dbe-8d98-75035a1d3f9e/rendere
d/main.tex:377: Display math should end with $$.
<to be read again> 
                   \tex_par:D 
l.377 
      

Overfull \hbox (464.55867pt too wide) detected at line 377
[][][]\OML/ztmcm/m/it/10.50003 V[] \OT1/ztmcm/m/n/10.50003 = \OML/ztmcm/m/it/10
.50003 x[] [] [] \OT1/ztmcm/m/n/10.50003 + \OML/ztmcm/m/it/10.50003 x[] [] [] \
OT1/ztmcm/m/n/10.50003 + \OML/ztmcm/m/it/10.50003 x[] [] [] \OT1/ztmcm/m/n/10.5
0003 + \OML/ztmcm/m/it/10.50003 x[] [] \OT1/ztmcm/m/n/10.50003 + \OML/ztmcm/m/i
t/10.50003 x[] [] \OT1/ztmcm/m/n/10.50003 (\OML/ztmcm/m/it/10.50003 ^^NT \OMS/z
tmcm/m/n/10.50003 ^^@ \OML/ztmcm/m/it/10.50003 ^^X R \OMS/ztmcm/m/n/10.50003 ^^
@ \OML/ztmcm/m/it/10.50003 ^^ZR\OT1/ztmcm/m/n/10.50003 ) + \OML/ztmcm/m/it/10.5
0003 x[] [] \OT1/ztmcm/m/n/10.50003 (\OML/ztmcm/m/it/10.50003 ^^ZR \OMS/ztmcm/m
/n/10.50003 ^^@ \OML/ztmcm/m/it/10.50003 ^^X L \OMS/ztmcm/m/n/10.50003 ^^@ \OML
/ztmcm/m/it/10.50003 ^^[ L \OMS/ztmcm/m/n/10.50003 ^^@ \OML/ztmcm/m/it/10.50003
 ^^\ E\OT1/ztmcm/m/n/10.50003 )

G:/work/Journal2LaTeX/backend/temp/2f1afb20-f00c-4dbe-8d98-75035a1d3f9e/rendere
d/main.tex:378: LaTeX Error: Bad math environment delimiter.

See the LaTeX manual or LaTeX Companion for explanation.
Type  H <return>  for immediate help.
 ...                                              
                                                  
l.378 \end{equation}
                    
G:/work/Journal2LaTeX/backend/temp/2f1afb20-f00c-4dbe-8d98-75035a1d3f9e/rendere
d/main.tex:378: You can't use `\eqno' in vertical mode.
\veqno ->\@kernel@eqno 
                       \aftergroup \ignorespaces 
l.378 \end{equation}
                    
G:/work/Journal2LaTeX/backend/temp/2f1afb20-f00c-4dbe-8d98-75035a1d3f9e/rendere
d/main.tex:378: Missing $ inserted.
<inserted text> 
                $
l.378 \end{equation}
                    
G:/work/Journal2LaTeX/backend/temp/2f1afb20-f00c-4dbe-8d98-75035a1d3f9e/rendere
d/main.tex:378: Display math should end with $$.
<to be read again> 
                   \endgroup 
l.378 \end{equation}
                    
G:/work/Journal2LaTeX/backend/temp/2f1afb20-f00c-4dbe-8d98-75035a1d3f9e/rendere
d/main.tex:382: Missing $ inserted.
<inserted text> 
                $
l.382 
      
G:/work/Journal2LaTeX/backend/temp/2f1afb20-f00c-4dbe-8d98-75035a1d3f9e/rendere
d/main.tex:382: Display math should end with $$.
<to be read again> 
                   \tex_par:D 
l.382 
      

Overfull \hbox (464.55867pt too wide) detected at line 382
[][][]\OML/ztmcm/m/it/10.50003 V[] \OT1/ztmcm/m/n/10.50003 = \OML/ztmcm/m/it/10
.50003 x[] [] [] \OT1/ztmcm/m/n/10.50003 + \OML/ztmcm/m/it/10.50003 x[] [] [] \
OT1/ztmcm/m/n/10.50003 + \OML/ztmcm/m/it/10.50003 x[] [] [] \OT1/ztmcm/m/n/10.5
0003 + \OML/ztmcm/m/it/10.50003 x[] [] \OT1/ztmcm/m/n/10.50003 + \OML/ztmcm/m/i
t/10.50003 x[] [] \OT1/ztmcm/m/n/10.50003 (\OML/ztmcm/m/it/10.50003 ^^NT \OMS/z
tmcm/m/n/10.50003 ^^@ \OML/ztmcm/m/it/10.50003 ^^X R \OMS/ztmcm/m/n/10.50003 ^^
@ \OML/ztmcm/m/it/10.50003 ^^ZR\OT1/ztmcm/m/n/10.50003 ) + \OML/ztmcm/m/it/10.5
0003 x[] [] \OT1/ztmcm/m/n/10.50003 (\OML/ztmcm/m/it/10.50003 ^^ZR \OMS/ztmcm/m
/n/10.50003 ^^@ \OML/ztmcm/m/it/10.50003 ^^X L \OMS/ztmcm/m/n/10.50003 ^^@ \OML
/ztmcm/m/it/10.50003 ^^[ L \OMS/ztmcm/m/n/10.50003 ^^@ \OML/ztmcm/m/it/10.50003
 ^^\ E\OT1/ztmcm/m/n/10.50003 )

G:/work/Journal2LaTeX/backend/temp/2f1afb20-f00c-4dbe-8d98-75035a1d3f9e/rendere
d/main.tex:383: LaTeX Error: Bad math environment delimiter.

See the LaTeX manual or LaTeX Companion for explanation.
Type  H <return>  for immediate help.
 ...                                              
                                                  
l.383 \end{equation}
                    
G:/work/Journal2LaTeX/backend/temp/2f1afb20-f00c-4dbe-8d98-75035a1d3f9e/rendere
d/main.tex:383: You can't use `\eqno' in vertical mode.
\veqno ->\@kernel@eqno 
                       \aftergroup \ignorespaces 
l.383 \end{equation}
                    
G:/work/Journal2LaTeX/backend/temp/2f1afb20-f00c-4dbe-8d98-75035a1d3f9e/rendere
d/main.tex:383: Missing $ inserted.
<inserted text> 
                $
l.383 \end{equation}
                    
G:/work/Journal2LaTeX/backend/temp/2f1afb20-f00c-4dbe-8d98-75035a1d3f9e/rendere
d/main.tex:383: Display math should end with $$.
<to be read again> 
                   \endgroup 
l.383 \end{equation}
                    

Overfull \hbox (160.0889pt too wide) has occurred while \output is active
[] [] \OT1/ptm/m/n/9 G.M. Vijayalakshmi et al.: Optimal control strategies for 
overwhelming social media scrolling addiction by using fractional order mathema
tical modelling
[6 <./media/office_obj_3.png (PNG copy)>]
G:/work/Journal2LaTeX/backend/temp/2f1afb20-f00c-4dbe-8d98-75035a1d3f9e/rendere
d/main.tex:409: Missing $ inserted.
<inserted text> 
                $
l.409 
      
G:/work/Journal2LaTeX/backend/temp/2f1afb20-f00c-4dbe-8d98-75035a1d3f9e/rendere
d/main.tex:409: Display math should end with $$.
<to be read again> 
                   \tex_par:D 
l.409 
      

G:/work/Journal2LaTeX/backend/temp/2f1afb20-f00c-4dbe-8d98-75035a1d3f9e/rendere
d/main.tex:410: LaTeX Error: Bad math environment delimiter.

See the LaTeX manual or LaTeX Companion for explanation.
Type  H <return>  for immediate help.
 ...                                              
                                                  
l.410 \end{equation}
                    
G:/work/Journal2LaTeX/backend/temp/2f1afb20-f00c-4dbe-8d98-75035a1d3f9e/rendere
d/main.tex:410: You can't use `\eqno' in vertical mode.
\veqno ->\@kernel@eqno 
                       \aftergroup \ignorespaces 
l.410 \end{equation}
                    
G:/work/Journal2LaTeX/backend/temp/2f1afb20-f00c-4dbe-8d98-75035a1d3f9e/rendere
d/main.tex:410: Missing $ inserted.
<inserted text> 
                $
l.410 \end{equation}
                    
G:/work/Journal2LaTeX/backend/temp/2f1afb20-f00c-4dbe-8d98-75035a1d3f9e/rendere
d/main.tex:410: Display math should end with $$.
<to be read again> 
                   \endgroup 
l.410 \end{equation}
                    
G:/work/Journal2LaTeX/backend/temp/2f1afb20-f00c-4dbe-8d98-75035a1d3f9e/rendere
d/main.tex:414: Missing $ inserted.
<inserted text> 
                $
l.414 
      
G:/work/Journal2LaTeX/backend/temp/2f1afb20-f00c-4dbe-8d98-75035a1d3f9e/rendere
d/main.tex:414: Display math should end with $$.
<to be read again> 
                   \tex_par:D 
l.414 
      

G:/work/Journal2LaTeX/backend/temp/2f1afb20-f00c-4dbe-8d98-75035a1d3f9e/rendere
d/main.tex:415: LaTeX Error: Bad math environment delimiter.

See the LaTeX manual or LaTeX Companion for explanation.
Type  H <return>  for immediate help.
 ...                                              
                                                  
l.415 \end{equation}
                    
G:/work/Journal2LaTeX/backend/temp/2f1afb20-f00c-4dbe-8d98-75035a1d3f9e/rendere
d/main.tex:415: You can't use `\eqno' in vertical mode.
\veqno ->\@kernel@eqno 
                       \aftergroup \ignorespaces 
l.415 \end{equation}
                    
G:/work/Journal2LaTeX/backend/temp/2f1afb20-f00c-4dbe-8d98-75035a1d3f9e/rendere
d/main.tex:415: Missing $ inserted.
<inserted text> 
                $
l.415 \end{equation}
                    
G:/work/Journal2LaTeX/backend/temp/2f1afb20-f00c-4dbe-8d98-75035a1d3f9e/rendere
d/main.tex:415: Display math should end with $$.
<to be read again> 
                   \endgroup 
l.415 \end{equation}
                    

LaTeX Warning: Citation `ref38' on page 7 undefined on input line 441.

G:/work/Journal2LaTeX/backend/temp/2f1afb20-f00c-4dbe-8d98-75035a1d3f9e/rendere
d/main.tex:451: Missing $ inserted.
<inserted text> 
                $
l.451 
      
G:/work/Journal2LaTeX/backend/temp/2f1afb20-f00c-4dbe-8d98-75035a1d3f9e/rendere
d/main.tex:451: Display math should end with $$.
<to be read again> 
                   \tex_par:D 
l.451 
      

G:/work/Journal2LaTeX/backend/temp/2f1afb20-f00c-4dbe-8d98-75035a1d3f9e/rendere
d/main.tex:452: LaTeX Error: Bad math environment delimiter.

See the LaTeX manual or LaTeX Companion for explanation.
Type  H <return>  for immediate help.
 ...                                              
                                                  
l.452 \end{equation}
                    
G:/work/Journal2LaTeX/backend/temp/2f1afb20-f00c-4dbe-8d98-75035a1d3f9e/rendere
d/main.tex:452: You can't use `\eqno' in vertical mode.
\veqno ->\@kernel@eqno 
                       \aftergroup \ignorespaces 
l.452 \end{equation}
                    
G:/work/Journal2LaTeX/backend/temp/2f1afb20-f00c-4dbe-8d98-75035a1d3f9e/rendere
d/main.tex:452: Missing $ inserted.
<inserted text> 
                $
l.452 \end{equation}
                    
G:/work/Journal2LaTeX/backend/temp/2f1afb20-f00c-4dbe-8d98-75035a1d3f9e/rendere
d/main.tex:452: Display math should end with $$.
<to be read again> 
                   \endgroup 
l.452 \end{equation}
                    
G:/work/Journal2LaTeX/backend/temp/2f1afb20-f00c-4dbe-8d98-75035a1d3f9e/rendere
d/main.tex:460: Missing $ inserted.
<inserted text> 
                $
l.460 
      
G:/work/Journal2LaTeX/backend/temp/2f1afb20-f00c-4dbe-8d98-75035a1d3f9e/rendere
d/main.tex:460: Display math should end with $$.
<to be read again> 
                   \tex_par:D 
l.460 
      

G:/work/Journal2LaTeX/backend/temp/2f1afb20-f00c-4dbe-8d98-75035a1d3f9e/rendere
d/main.tex:461: LaTeX Error: Bad math environment delimiter.

See the LaTeX manual or LaTeX Companion for explanation.
Type  H <return>  for immediate help.
 ...                                              
                                                  
l.461 \end{equation}
                    
G:/work/Journal2LaTeX/backend/temp/2f1afb20-f00c-4dbe-8d98-75035a1d3f9e/rendere
d/main.tex:461: You can't use `\eqno' in vertical mode.
\veqno ->\@kernel@eqno 
                       \aftergroup \ignorespaces 
l.461 \end{equation}
                    
G:/work/Journal2LaTeX/backend/temp/2f1afb20-f00c-4dbe-8d98-75035a1d3f9e/rendere
d/main.tex:461: Missing $ inserted.
<inserted text> 
                $
l.461 \end{equation}
                    
G:/work/Journal2LaTeX/backend/temp/2f1afb20-f00c-4dbe-8d98-75035a1d3f9e/rendere
d/main.tex:461: Display math should end with $$.
<to be read again> 
                   \endgroup 
l.461 \end{equation}
                    
G:/work/Journal2LaTeX/backend/temp/2f1afb20-f00c-4dbe-8d98-75035a1d3f9e/rendere
d/main.tex:465: Missing $ inserted.
<inserted text> 
                $
l.465 
      
G:/work/Journal2LaTeX/backend/temp/2f1afb20-f00c-4dbe-8d98-75035a1d3f9e/rendere
d/main.tex:465: Display math should end with $$.
<to be read again> 
                   \tex_par:D 
l.465 
      

G:/work/Journal2LaTeX/backend/temp/2f1afb20-f00c-4dbe-8d98-75035a1d3f9e/rendere
d/main.tex:466: LaTeX Error: Bad math environment delimiter.

See the LaTeX manual or LaTeX Companion for explanation.
Type  H <return>  for immediate help.
 ...                                              
                                                  
l.466 \end{equation}
                    
G:/work/Journal2LaTeX/backend/temp/2f1afb20-f00c-4dbe-8d98-75035a1d3f9e/rendere
d/main.tex:466: You can't use `\eqno' in vertical mode.
\veqno ->\@kernel@eqno 
                       \aftergroup \ignorespaces 
l.466 \end{equation}
                    
G:/work/Journal2LaTeX/backend/temp/2f1afb20-f00c-4dbe-8d98-75035a1d3f9e/rendere
d/main.tex:466: Missing $ inserted.
<inserted text> 
                $
l.466 \end{equation}
                    
G:/work/Journal2LaTeX/backend/temp/2f1afb20-f00c-4dbe-8d98-75035a1d3f9e/rendere
d/main.tex:466: Display math should end with $$.
<to be read again> 
                   \endgroup 
l.466 \end{equation}
                    
G:/work/Journal2LaTeX/backend/temp/2f1afb20-f00c-4dbe-8d98-75035a1d3f9e/rendere
d/main.tex:470: Missing $ inserted.
<inserted text> 
                $
l.470 
      
G:/work/Journal2LaTeX/backend/temp/2f1afb20-f00c-4dbe-8d98-75035a1d3f9e/rendere
d/main.tex:470: Display math should end with $$.
<to be read again> 
                   \tex_par:D 
l.470 
      

LaTeX Warning: Reference `LastPage' on page 7 undefined on input line 470.

[7]

G:/work/Journal2LaTeX/backend/temp/2f1afb20-f00c-4dbe-8d98-75035a1d3f9e/rendere
d/main.tex:471: LaTeX Error: Bad math environment delimiter.

See the LaTeX manual or LaTeX Companion for explanation.
Type  H <return>  for immediate help.
 ...                                              
                                                  
l.471 \end{equation}
                    
G:/work/Journal2LaTeX/backend/temp/2f1afb20-f00c-4dbe-8d98-75035a1d3f9e/rendere
d/main.tex:471: You can't use `\eqno' in vertical mode.
\veqno ->\@kernel@eqno 
                       \aftergroup \ignorespaces 
l.471 \end{equation}
                    
G:/work/Journal2LaTeX/backend/temp/2f1afb20-f00c-4dbe-8d98-75035a1d3f9e/rendere
d/main.tex:471: Missing $ inserted.
<inserted text> 
                $
l.471 \end{equation}
                    
G:/work/Journal2LaTeX/backend/temp/2f1afb20-f00c-4dbe-8d98-75035a1d3f9e/rendere
d/main.tex:471: Display math should end with $$.
<to be read again> 
                   \endgroup 
l.471 \end{equation}
                    
G:/work/Journal2LaTeX/backend/temp/2f1afb20-f00c-4dbe-8d98-75035a1d3f9e/rendere
d/main.tex:489: Missing $ inserted.
<inserted text> 
                $
l.489 
      
G:/work/Journal2LaTeX/backend/temp/2f1afb20-f00c-4dbe-8d98-75035a1d3f9e/rendere
d/main.tex:489: Display math should end with $$.
<to be read again> 
                   \tex_par:D 
l.489 
      

G:/work/Journal2LaTeX/backend/temp/2f1afb20-f00c-4dbe-8d98-75035a1d3f9e/rendere
d/main.tex:490: LaTeX Error: Bad math environment delimiter.

See the LaTeX manual or LaTeX Companion for explanation.
Type  H <return>  for immediate help.
 ...                                              
                                                  
l.490 \end{equation}
                    
G:/work/Journal2LaTeX/backend/temp/2f1afb20-f00c-4dbe-8d98-75035a1d3f9e/rendere
d/main.tex:490: You can't use `\eqno' in vertical mode.
\veqno ->\@kernel@eqno 
                       \aftergroup \ignorespaces 
l.490 \end{equation}
                    
G:/work/Journal2LaTeX/backend/temp/2f1afb20-f00c-4dbe-8d98-75035a1d3f9e/rendere
d/main.tex:490: Missing $ inserted.
<inserted text> 
                $
l.490 \end{equation}
                    
G:/work/Journal2LaTeX/backend/temp/2f1afb20-f00c-4dbe-8d98-75035a1d3f9e/rendere
d/main.tex:490: Display math should end with $$.
<to be read again> 
                   \endgroup 
l.490 \end{equation}
                    
G:/work/Journal2LaTeX/backend/temp/2f1afb20-f00c-4dbe-8d98-75035a1d3f9e/rendere
d/main.tex:500: Missing $ inserted.
<inserted text> 
                $
l.500 
      
G:/work/Journal2LaTeX/backend/temp/2f1afb20-f00c-4dbe-8d98-75035a1d3f9e/rendere
d/main.tex:500: Display math should end with $$.
<to be read again> 
                   \tex_par:D 
l.500 
      

G:/work/Journal2LaTeX/backend/temp/2f1afb20-f00c-4dbe-8d98-75035a1d3f9e/rendere
d/main.tex:501: LaTeX Error: Bad math environment delimiter.

See the LaTeX manual or LaTeX Companion for explanation.
Type  H <return>  for immediate help.
 ...                                              
                                                  
l.501 \end{equation}
                    
G:/work/Journal2LaTeX/backend/temp/2f1afb20-f00c-4dbe-8d98-75035a1d3f9e/rendere
d/main.tex:501: You can't use `\eqno' in vertical mode.
\veqno ->\@kernel@eqno 
                       \aftergroup \ignorespaces 
l.501 \end{equation}
                    
G:/work/Journal2LaTeX/backend/temp/2f1afb20-f00c-4dbe-8d98-75035a1d3f9e/rendere
d/main.tex:501: Missing $ inserted.
<inserted text> 
                $
l.501 \end{equation}
                    
G:/work/Journal2LaTeX/backend/temp/2f1afb20-f00c-4dbe-8d98-75035a1d3f9e/rendere
d/main.tex:501: Display math should end with $$.
<to be read again> 
                   \endgroup 
l.501 \end{equation}
                    
G:/work/Journal2LaTeX/backend/temp/2f1afb20-f00c-4dbe-8d98-75035a1d3f9e/rendere
d/main.tex:505: Missing $ inserted.
<inserted text> 
                $
l.505 
      
G:/work/Journal2LaTeX/backend/temp/2f1afb20-f00c-4dbe-8d98-75035a1d3f9e/rendere
d/main.tex:505: Display math should end with $$.
<to be read again> 
                   \tex_par:D 
l.505 
      

G:/work/Journal2LaTeX/backend/temp/2f1afb20-f00c-4dbe-8d98-75035a1d3f9e/rendere
d/main.tex:506: LaTeX Error: Bad math environment delimiter.

See the LaTeX manual or LaTeX Companion for explanation.
Type  H <return>  for immediate help.
 ...                                              
                                                  
l.506 \end{equation}
                    
G:/work/Journal2LaTeX/backend/temp/2f1afb20-f00c-4dbe-8d98-75035a1d3f9e/rendere
d/main.tex:506: You can't use `\eqno' in vertical mode.
\veqno ->\@kernel@eqno 
                       \aftergroup \ignorespaces 
l.506 \end{equation}
                    
G:/work/Journal2LaTeX/backend/temp/2f1afb20-f00c-4dbe-8d98-75035a1d3f9e/rendere
d/main.tex:506: Missing $ inserted.
<inserted text> 
                $
l.506 \end{equation}
                    
G:/work/Journal2LaTeX/backend/temp/2f1afb20-f00c-4dbe-8d98-75035a1d3f9e/rendere
d/main.tex:506: Display math should end with $$.
<to be read again> 
                   \endgroup 
l.506 \end{equation}
                    
G:/work/Journal2LaTeX/backend/temp/2f1afb20-f00c-4dbe-8d98-75035a1d3f9e/rendere
d/main.tex:510: Missing $ inserted.
<inserted text> 
                $
l.510 
      
G:/work/Journal2LaTeX/backend/temp/2f1afb20-f00c-4dbe-8d98-75035a1d3f9e/rendere
d/main.tex:510: Display math should end with $$.
<to be read again> 
                   \tex_par:D 
l.510 
      

G:/work/Journal2LaTeX/backend/temp/2f1afb20-f00c-4dbe-8d98-75035a1d3f9e/rendere
d/main.tex:511: LaTeX Error: Bad math environment delimiter.

See the LaTeX manual or LaTeX Companion for explanation.
Type  H <return>  for immediate help.
 ...                                              
                                                  
l.511 \end{equation}
                    
G:/work/Journal2LaTeX/backend/temp/2f1afb20-f00c-4dbe-8d98-75035a1d3f9e/rendere
d/main.tex:511: You can't use `\eqno' in vertical mode.
\veqno ->\@kernel@eqno 
                       \aftergroup \ignorespaces 
l.511 \end{equation}
                    
G:/work/Journal2LaTeX/backend/temp/2f1afb20-f00c-4dbe-8d98-75035a1d3f9e/rendere
d/main.tex:511: Missing $ inserted.
<inserted text> 
                $
l.511 \end{equation}
                    
G:/work/Journal2LaTeX/backend/temp/2f1afb20-f00c-4dbe-8d98-75035a1d3f9e/rendere
d/main.tex:511: Display math should end with $$.
<to be read again> 
                   \endgroup 
l.511 \end{equation}
                    
G:/work/Journal2LaTeX/backend/temp/2f1afb20-f00c-4dbe-8d98-75035a1d3f9e/rendere
d/main.tex:515: Missing $ inserted.
<inserted text> 
                $
l.515 
      
G:/work/Journal2LaTeX/backend/temp/2f1afb20-f00c-4dbe-8d98-75035a1d3f9e/rendere
d/main.tex:515: Display math should end with $$.
<to be read again> 
                   \tex_par:D 
l.515 
      

G:/work/Journal2LaTeX/backend/temp/2f1afb20-f00c-4dbe-8d98-75035a1d3f9e/rendere
d/main.tex:516: LaTeX Error: Bad math environment delimiter.

See the LaTeX manual or LaTeX Companion for explanation.
Type  H <return>  for immediate help.
 ...                                              
                                                  
l.516 \end{equation}
                    
G:/work/Journal2LaTeX/backend/temp/2f1afb20-f00c-4dbe-8d98-75035a1d3f9e/rendere
d/main.tex:516: You can't use `\eqno' in vertical mode.
\veqno ->\@kernel@eqno 
                       \aftergroup \ignorespaces 
l.516 \end{equation}
                    
G:/work/Journal2LaTeX/backend/temp/2f1afb20-f00c-4dbe-8d98-75035a1d3f9e/rendere
d/main.tex:516: Missing $ inserted.
<inserted text> 
                $
l.516 \end{equation}
                    
G:/work/Journal2LaTeX/backend/temp/2f1afb20-f00c-4dbe-8d98-75035a1d3f9e/rendere
d/main.tex:516: Display math should end with $$.
<to be read again> 
                   \endgroup 
l.516 \end{equation}
                    

G:/work/Journal2LaTeX/backend/temp/2f1afb20-f00c-4dbe-8d98-75035a1d3f9e/rendere
d/main.tex:522: LaTeX Error: strip used only in twocolumn mode!.

See the LaTeX manual or LaTeX Companion for explanation.
Type  H <return>  for immediate help.
 ...                                              
                                                  
l.522 \begin{strip}
                   
Runaway argument?
{Parameters 
G:/work/Journal2LaTeX/backend/temp/2f1afb20-f00c-4dbe-8d98-75035a1d3f9e/rendere
d/main.tex:547: Paragraph ended before \text@command was complete.
<to be read again> 
                   \par 
l.547 σ}
          & \textbf{Values/ day

G:/work/Journal2LaTeX/backend/temp/2f1afb20-f00c-4dbe-8d98-75035a1d3f9e/rendere
d/main.tex:547: LaTeX Error: Unicode character ξ (U+03BE)
               not set up for use with LaTeX.

See the LaTeX manual or LaTeX Companion for explanation.
Type  H <return>  for immediate help.
 ...                                              
                                                  
l.547 σ}
          & \textbf{Values/ day
G:/work/Journal2LaTeX/backend/temp/2f1afb20-f00c-4dbe-8d98-75035a1d3f9e/rendere
d/main.tex:547: Missing \endgroup inserted.
<inserted text> 
                \endgroup 
l.547 σ}
          & \textbf{Values/ day
G:/work/Journal2LaTeX/backend/temp/2f1afb20-f00c-4dbe-8d98-75035a1d3f9e/rendere
d/main.tex:547: Missing \endgroup inserted.
<inserted text> 
                \endgroup 
l.547 σ}
          & \textbf{Values/ day
G:/work/Journal2LaTeX/backend/temp/2f1afb20-f00c-4dbe-8d98-75035a1d3f9e/rendere
d/main.tex:547: Missing } inserted.
<inserted text> 
                }
l.547 σ}
          & \textbf{Values/ day
G:/work/Journal2LaTeX/backend/temp/2f1afb20-f00c-4dbe-8d98-75035a1d3f9e/rendere
d/main.tex:547: Missing } inserted.
<inserted text> 
                }
l.547 σ}
          & \textbf{Values/ day
G:/work/Journal2LaTeX/backend/temp/2f1afb20-f00c-4dbe-8d98-75035a1d3f9e/rendere
d/main.tex:547: Missing } inserted.
<inserted text> 
                }
l.547 σ}
          & \textbf{Values/ day
G:/work/Journal2LaTeX/backend/temp/2f1afb20-f00c-4dbe-8d98-75035a1d3f9e/rendere
d/main.tex:547: Missing } inserted.
<inserted text> 
                }
l.547 σ}
          & \textbf{Values/ day
G:/work/Journal2LaTeX/backend/temp/2f1afb20-f00c-4dbe-8d98-75035a1d3f9e/rendere
d/main.tex:547: Missing \cr inserted.
<inserted text> 
                \cr 
l.547 σ}
          & \textbf{Values/ day
G:/work/Journal2LaTeX/backend/temp/2f1afb20-f00c-4dbe-8d98-75035a1d3f9e/rendere
d/main.tex:547: Misplaced \cr.
<inserted text> \cr 
                    
l.547 σ}
          & \textbf{Values/ day
G:/work/Journal2LaTeX/backend/temp/2f1afb20-f00c-4dbe-8d98-75035a1d3f9e/rendere
d/main.tex:547: Missing \cr inserted.
<inserted text> 
                \cr 
l.547 σ}
          & \textbf{Values/ day
G:/work/Journal2LaTeX/backend/temp/2f1afb20-f00c-4dbe-8d98-75035a1d3f9e/rendere
d/main.tex:547: Misplaced \cr.
<inserted text> \cr 
                    
l.547 σ}
          & \textbf{Values/ day
G:/work/Journal2LaTeX/backend/temp/2f1afb20-f00c-4dbe-8d98-75035a1d3f9e/rendere
d/main.tex:547: Missing \cr inserted.
<inserted text> 
                \cr 
l.547 σ}
          & \textbf{Values/ day
G:/work/Journal2LaTeX/backend/temp/2f1afb20-f00c-4dbe-8d98-75035a1d3f9e/rendere
d/main.tex:547: Misplaced \cr.
<inserted text> \cr 
                    
l.547 σ}
          & \textbf{Values/ day
G:/work/Journal2LaTeX/backend/temp/2f1afb20-f00c-4dbe-8d98-75035a1d3f9e/rendere
d/main.tex:547: Missing \cr inserted.
<inserted text> 
                \cr 
l.547 σ}
          & \textbf{Values/ day
G:/work/Journal2LaTeX/backend/temp/2f1afb20-f00c-4dbe-8d98-75035a1d3f9e/rendere
d/main.tex:547: Misplaced \cr.
<inserted text> \cr 
                    
l.547 σ}
          & \textbf{Values/ day
G:/work/Journal2LaTeX/backend/temp/2f1afb20-f00c-4dbe-8d98-75035a1d3f9e/rendere
d/main.tex:547: Missing \cr inserted.
<inserted text> 
                \cr 
l.547 σ}
          & \textbf{Values/ day
G:/work/Journal2LaTeX/backend/temp/2f1afb20-f00c-4dbe-8d98-75035a1d3f9e/rendere
d/main.tex:547: Misplaced \cr.
<inserted text> \cr 
                    
l.547 σ}
          & \textbf{Values/ day
G:/work/Journal2LaTeX/backend/temp/2f1afb20-f00c-4dbe-8d98-75035a1d3f9e/rendere
d/main.tex:547: Missing \cr inserted.
<inserted text> 
                \cr 
l.547 σ}
          & \textbf{Values/ day
G:/work/Journal2LaTeX/backend/temp/2f1afb20-f00c-4dbe-8d98-75035a1d3f9e/rendere
d/main.tex:547: Misplaced \cr.
<inserted text> \cr 
                    
l.547 σ}
          & \textbf{Values/ day
G:/work/Journal2LaTeX/backend/temp/2f1afb20-f00c-4dbe-8d98-75035a1d3f9e/rendere
d/main.tex:547: Missing \cr inserted.
<inserted text> 
                \cr 
l.547 σ}
          & \textbf{Values/ day
G:/work/Journal2LaTeX/backend/temp/2f1afb20-f00c-4dbe-8d98-75035a1d3f9e/rendere
d/main.tex:547: Misplaced \cr.
<inserted text> \cr 
                    
l.547 σ}
          & \textbf{Values/ day
G:/work/Journal2LaTeX/backend/temp/2f1afb20-f00c-4dbe-8d98-75035a1d3f9e/rendere
d/main.tex:547: Missing \cr inserted.
<inserted text> 
                \cr 
l.547 σ}
          & \textbf{Values/ day
G:/work/Journal2LaTeX/backend/temp/2f1afb20-f00c-4dbe-8d98-75035a1d3f9e/rendere
d/main.tex:547: Misplaced \cr.
<inserted text> \cr 
                    
l.547 σ}
          & \textbf{Values/ day
G:/work/Journal2LaTeX/backend/temp/2f1afb20-f00c-4dbe-8d98-75035a1d3f9e/rendere
d/main.tex:547: Missing \cr inserted.
<inserted text> 
                \cr 
l.547 σ}
          & \textbf{Values/ day
G:/work/Journal2LaTeX/backend/temp/2f1afb20-f00c-4dbe-8d98-75035a1d3f9e/rendere
d/main.tex:547: Misplaced \cr.
<inserted text> \cr 
                    
l.547 σ}
          & \textbf{Values/ day
G:/work/Journal2LaTeX/backend/temp/2f1afb20-f00c-4dbe-8d98-75035a1d3f9e/rendere
d/main.tex:547: Missing \cr inserted.
<inserted text> 
                \cr 
l.547 σ}
          & \textbf{Values/ day
G:/work/Journal2LaTeX/backend/temp/2f1afb20-f00c-4dbe-8d98-75035a1d3f9e/rendere
d/main.tex:547: Misplaced \cr.
<inserted text> \cr 
                    
l.547 σ}
          & \textbf{Values/ day
G:/work/Journal2LaTeX/backend/temp/2f1afb20-f00c-4dbe-8d98-75035a1d3f9e/rendere
d/main.tex:547: Missing \cr inserted.
<inserted text> 
                \cr 
l.547 σ}
          & \textbf{Values/ day
G:/work/Journal2LaTeX/backend/temp/2f1afb20-f00c-4dbe-8d98-75035a1d3f9e/rendere
d/main.tex:547: Misplaced \cr.
<inserted text> \cr 
                    
l.547 σ}
          & \textbf{Values/ day
G:/work/Journal2LaTeX/backend/temp/2f1afb20-f00c-4dbe-8d98-75035a1d3f9e/rendere
d/main.tex:547: Missing \cr inserted.
<inserted text> 
                \cr 
l.547 σ}
          & \textbf{Values/ day
G:/work/Journal2LaTeX/backend/temp/2f1afb20-f00c-4dbe-8d98-75035a1d3f9e/rendere
d/main.tex:547: Misplaced \cr.
<inserted text> \cr 
                    
l.547 σ}
          & \textbf{Values/ day
G:/work/Journal2LaTeX/backend/temp/2f1afb20-f00c-4dbe-8d98-75035a1d3f9e/rendere
d/main.tex:547: Missing \cr inserted.
<inserted text> 
                \cr 
l.547 σ}
          & \textbf{Values/ day
G:/work/Journal2LaTeX/backend/temp/2f1afb20-f00c-4dbe-8d98-75035a1d3f9e/rendere
d/main.tex:547: Misplaced \cr.
<inserted text> \cr 
                    
l.547 σ}
          & \textbf{Values/ day
G:/work/Journal2LaTeX/backend/temp/2f1afb20-f00c-4dbe-8d98-75035a1d3f9e/rendere
d/main.tex:547: Missing \cr inserted.
<inserted text> 
                \cr 
l.547 σ}
          & \textbf{Values/ day
G:/work/Journal2LaTeX/backend/temp/2f1afb20-f00c-4dbe-8d98-75035a1d3f9e/rendere
d/main.tex:547: Misplaced \cr.
<inserted text> \cr 
                    
l.547 σ}
          & \textbf{Values/ day
G:/work/Journal2LaTeX/backend/temp/2f1afb20-f00c-4dbe-8d98-75035a1d3f9e/rendere
d/main.tex:547: Missing \cr inserted.
<inserted text> 
                \cr 
l.547 σ}
          & \textbf{Values/ day
G:/work/Journal2LaTeX/backend/temp/2f1afb20-f00c-4dbe-8d98-75035a1d3f9e/rendere
d/main.tex:547: Misplaced \cr.
<inserted text> \cr 
                    
l.547 σ}
          & \textbf{Values/ day
G:/work/Journal2LaTeX/backend/temp/2f1afb20-f00c-4dbe-8d98-75035a1d3f9e/rendere
d/main.tex:547: Missing \cr inserted.
<inserted text> 
                \cr 
l.547 σ}
          & \textbf{Values/ day
G:/work/Journal2LaTeX/backend/temp/2f1afb20-f00c-4dbe-8d98-75035a1d3f9e/rendere
d/main.tex:547: Misplaced \cr.
<inserted text> \cr 
                    
l.547 σ}
          & \textbf{Values/ day
G:/work/Journal2LaTeX/backend/temp/2f1afb20-f00c-4dbe-8d98-75035a1d3f9e/rendere
d/main.tex:547: Missing \cr inserted.
<inserted text> 
                \cr 
l.547 σ}
          & \textbf{Values/ day
G:/work/Journal2LaTeX/backend/temp/2f1afb20-f00c-4dbe-8d98-75035a1d3f9e/rendere
d/main.tex:547: Misplaced \cr.
<inserted text> \cr 
                    
l.547 σ}
          & \textbf{Values/ day
G:/work/Journal2LaTeX/backend/temp/2f1afb20-f00c-4dbe-8d98-75035a1d3f9e/rendere
d/main.tex:547: Missing \cr inserted.
<inserted text> 
                \cr 
l.547 σ}
          & \textbf{Values/ day
G:/work/Journal2LaTeX/backend/temp/2f1afb20-f00c-4dbe-8d98-75035a1d3f9e/rendere
d/main.tex:547: Misplaced \cr.
<inserted text> \cr 
                    
l.547 σ}
          & \textbf{Values/ day
G:/work/Journal2LaTeX/backend/temp/2f1afb20-f00c-4dbe-8d98-75035a1d3f9e/rendere
d/main.tex:547: Missing \cr inserted.
<inserted text> 
                \cr 
l.547 σ}
          & \textbf{Values/ day
G:/work/Journal2LaTeX/backend/temp/2f1afb20-f00c-4dbe-8d98-75035a1d3f9e/rendere
d/main.tex:547: Misplaced \cr.
<inserted text> \cr 
                    
l.547 σ}
          & \textbf{Values/ day
G:/work/Journal2LaTeX/backend/temp/2f1afb20-f00c-4dbe-8d98-75035a1d3f9e/rendere
d/main.tex:547: Missing \cr inserted.
<inserted text> 
                \cr 
l.547 σ}
          & \textbf{Values/ day
G:/work/Journal2LaTeX/backend/temp/2f1afb20-f00c-4dbe-8d98-75035a1d3f9e/rendere
d/main.tex:547: Misplaced \cr.
<inserted text> \cr 
                    
l.547 σ}
          & \textbf{Values/ day
G:/work/Journal2LaTeX/backend/temp/2f1afb20-f00c-4dbe-8d98-75035a1d3f9e/rendere
d/main.tex:547: Missing \cr inserted.
<inserted text> 
                \cr 
l.547 σ}
          & \textbf{Values/ day
G:/work/Journal2LaTeX/backend/temp/2f1afb20-f00c-4dbe-8d98-75035a1d3f9e/rendere
d/main.tex:547: Misplaced \cr.
<inserted text> \cr 
                    
l.547 σ}
          & \textbf{Values/ day
G:/work/Journal2LaTeX/backend/temp/2f1afb20-f00c-4dbe-8d98-75035a1d3f9e/rendere
d/main.tex:547: Missing \cr inserted.
<inserted text> 
                \cr 
l.547 σ}
          & \textbf{Values/ day
G:/work/Journal2LaTeX/backend/temp/2f1afb20-f00c-4dbe-8d98-75035a1d3f9e/rendere
d/main.tex:547: Misplaced \cr.
<inserted text> \cr 
                    
l.547 σ}
          & \textbf{Values/ day
G:/work/Journal2LaTeX/backend/temp/2f1afb20-f00c-4dbe-8d98-75035a1d3f9e/rendere
d/main.tex:547: Missing \cr inserted.
<inserted text> 
                \cr 
l.547 σ}
          & \textbf{Values/ day
G:/work/Journal2LaTeX/backend/temp/2f1afb20-f00c-4dbe-8d98-75035a1d3f9e/rendere
d/main.tex:547: Misplaced \cr.
<inserted text> \cr 
                    
l.547 σ}
          & \textbf{Values/ day
G:/work/Journal2LaTeX/backend/temp/2f1afb20-f00c-4dbe-8d98-75035a1d3f9e/rendere
d/main.tex:547: Missing \cr inserted.
<inserted text> 
                \cr 
l.547 σ}
          & \textbf{Values/ day
G:/work/Journal2LaTeX/backend/temp/2f1afb20-f00c-4dbe-8d98-75035a1d3f9e/rendere
d/main.tex:547: Misplaced \cr.
<inserted text> \cr 
                    
l.547 σ}
          & \textbf{Values/ day
G:/work/Journal2LaTeX/backend/temp/2f1afb20-f00c-4dbe-8d98-75035a1d3f9e/rendere
d/main.tex:547: Missing \cr inserted.
<inserted text> 
                \cr 
l.547 σ}
          & \textbf{Values/ day
G:/work/Journal2LaTeX/backend/temp/2f1afb20-f00c-4dbe-8d98-75035a1d3f9e/rendere
d/main.tex:547: Misplaced \cr.
<inserted text> \cr 
                    
l.547 σ}
          & \textbf{Values/ day
G:/work/Journal2LaTeX/backend/temp/2f1afb20-f00c-4dbe-8d98-75035a1d3f9e/rendere
d/main.tex:547: Missing \cr inserted.
<inserted text> 
                \cr 
l.547 σ}
          & \textbf{Values/ day
G:/work/Journal2LaTeX/backend/temp/2f1afb20-f00c-4dbe-8d98-75035a1d3f9e/rendere
d/main.tex:547: Misplaced \cr.
<inserted text> \cr 
                    
l.547 σ}
          & \textbf{Values/ day
G:/work/Journal2LaTeX/backend/temp/2f1afb20-f00c-4dbe-8d98-75035a1d3f9e/rendere
d/main.tex:547: Missing \cr inserted.
<inserted text> 
                \cr 
l.547 σ}
          & \textbf{Values/ day
G:/work/Journal2LaTeX/backend/temp/2f1afb20-f00c-4dbe-8d98-75035a1d3f9e/rendere
d/main.tex:547: Misplaced \cr.
<inserted text> \cr 
                    
l.547 σ}
          & \textbf{Values/ day
G:/work/Journal2LaTeX/backend/temp/2f1afb20-f00c-4dbe-8d98-75035a1d3f9e/rendere
d/main.tex:547: Missing \cr inserted.
<inserted text> 
                \cr 
l.547 σ}
          & \textbf{Values/ day
G:/work/Journal2LaTeX/backend/temp/2f1afb20-f00c-4dbe-8d98-75035a1d3f9e/rendere
d/main.tex:547: Misplaced \cr.
<inserted text> \cr 
                    
l.547 σ}
          & \textbf{Values/ day
G:/work/Journal2LaTeX/backend/temp/2f1afb20-f00c-4dbe-8d98-75035a1d3f9e/rendere
d/main.tex:547: Missing \cr inserted.
<inserted text> 
                \cr 
l.547 σ}
          & \textbf{Values/ day
G:/work/Journal2LaTeX/backend/temp/2f1afb20-f00c-4dbe-8d98-75035a1d3f9e/rendere
d/main.tex:547: Misplaced \cr.
<inserted text> \cr 
                    
l.547 σ}
          & \textbf{Values/ day
G:/work/Journal2LaTeX/backend/temp/2f1afb20-f00c-4dbe-8d98-75035a1d3f9e/rendere
d/main.tex:547: Missing \cr inserted.
<inserted text> 
                \cr 
l.547 σ}
          & \textbf{Values/ day
G:/work/Journal2LaTeX/backend/temp/2f1afb20-f00c-4dbe-8d98-75035a1d3f9e/rendere
d/main.tex:547: Misplaced \cr.
<inserted text> \cr 
                    
l.547 σ}
          & \textbf{Values/ day
G:/work/Journal2LaTeX/backend/temp/2f1afb20-f00c-4dbe-8d98-75035a1d3f9e/rendere
d/main.tex:547: Missing \cr inserted.
<inserted text> 
                \cr 
l.547 σ}
          & \textbf{Values/ day
G:/work/Journal2LaTeX/backend/temp/2f1afb20-f00c-4dbe-8d98-75035a1d3f9e/rendere
d/main.tex:547: Misplaced \cr.
<inserted text> \cr 
                    
l.547 σ}
          & \textbf{Values/ day
G:/work/Journal2LaTeX/backend/temp/2f1afb20-f00c-4dbe-8d98-75035a1d3f9e/rendere
d/main.tex:547: Missing \cr inserted.
<inserted text> 
                \cr 
l.547 σ}
          & \textbf{Values/ day
G:/work/Journal2LaTeX/backend/temp/2f1afb20-f00c-4dbe-8d98-75035a1d3f9e/rendere
d/main.tex:547: Misplaced \cr.
<inserted text> \cr 
                    
l.547 σ}
          & \textbf{Values/ day
G:/work/Journal2LaTeX/backend/temp/2f1afb20-f00c-4dbe-8d98-75035a1d3f9e/rendere
d/main.tex:547: Missing \cr inserted.
<inserted text> 
                \cr 
l.547 σ}
          & \textbf{Values/ day
G:/work/Journal2LaTeX/backend/temp/2f1afb20-f00c-4dbe-8d98-75035a1d3f9e/rendere
d/main.tex:547: Misplaced \cr.
<inserted text> \cr 
                    
l.547 σ}
          & \textbf{Values/ day
G:/work/Journal2LaTeX/backend/temp/2f1afb20-f00c-4dbe-8d98-75035a1d3f9e/rendere
d/main.tex:547: Missing \cr inserted.
<inserted text> 
                \cr 
l.547 σ}
          & \textbf{Values/ day
G:/work/Journal2LaTeX/backend/temp/2f1afb20-f00c-4dbe-8d98-75035a1d3f9e/rendere
d/main.tex:547: Misplaced \cr.
<inserted text> \cr 
                    
l.547 σ}
          & \textbf{Values/ day
G:/work/Journal2LaTeX/backend/temp/2f1afb20-f00c-4dbe-8d98-75035a1d3f9e/rendere
d/main.tex:547: Missing \cr inserted.
<inserted text> 
                \cr 
l.547 σ}
          & \textbf{Values/ day
G:/work/Journal2LaTeX/backend/temp/2f1afb20-f00c-4dbe-8d98-75035a1d3f9e/rendere
d/main.tex:547: Misplaced \cr.
<inserted text> \cr 
                    
l.547 σ}
          & \textbf{Values/ day
G:/work/Journal2LaTeX/backend/temp/2f1afb20-f00c-4dbe-8d98-75035a1d3f9e/rendere
d/main.tex:547: Missing \cr inserted.
<inserted text> 
                \cr 
l.547 σ}
          & \textbf{Values/ day
G:/work/Journal2LaTeX/backend/temp/2f1afb20-f00c-4dbe-8d98-75035a1d3f9e/rendere
d/main.tex:547: Misplaced \cr.
<inserted text> \cr 
                    
l.547 σ}
          & \textbf{Values/ day
G:/work/Journal2LaTeX/backend/temp/2f1afb20-f00c-4dbe-8d98-75035a1d3f9e/rendere
d/main.tex:547: Missing \cr inserted.
<inserted text> 
                \cr 
l.547 σ}
          & \textbf{Values/ day
G:/work/Journal2LaTeX/backend/temp/2f1afb20-f00c-4dbe-8d98-75035a1d3f9e/rendere
d/main.tex:547: Misplaced \cr.
<inserted text> \cr 
                    
l.547 σ}
          & \textbf{Values/ day
G:/work/Journal2LaTeX/backend/temp/2f1afb20-f00c-4dbe-8d98-75035a1d3f9e/rendere
d/main.tex:547: Missing \cr inserted.
<inserted text> 
                \cr 
l.547 σ}
          & \textbf{Values/ day
G:/work/Journal2LaTeX/backend/temp/2f1afb20-f00c-4dbe-8d98-75035a1d3f9e/rendere
d/main.tex:547: Misplaced \cr.
<inserted text> \cr 
                    
l.547 σ}
          & \textbf{Values/ day
G:/work/Journal2LaTeX/backend/temp/2f1afb20-f00c-4dbe-8d98-75035a1d3f9e/rendere
d/main.tex:547: Missing \cr inserted.
<inserted text> 
                \cr 
l.547 σ}
          & \textbf{Values/ day
G:/work/Journal2LaTeX/backend/temp/2f1afb20-f00c-4dbe-8d98-75035a1d3f9e/rendere
d/main.tex:547: Misplaced \cr.
<inserted text> \cr 
                    
l.547 σ}
          & \textbf{Values/ day
G:/work/Journal2LaTeX/backend/temp/2f1afb20-f00c-4dbe-8d98-75035a1d3f9e/rendere
d/main.tex:547: Missing \cr inserted.
<inserted text> 
                \cr 
l.547 σ}
          & \textbf{Values/ day
G:/work/Journal2LaTeX/backend/temp/2f1afb20-f00c-4dbe-8d98-75035a1d3f9e/rendere
d/main.tex:547: Misplaced \cr.
<inserted text> \cr 
                    
l.547 σ}
          & \textbf{Values/ day
G:/work/Journal2LaTeX/backend/temp/2f1afb20-f00c-4dbe-8d98-75035a1d3f9e/rendere
d/main.tex:547: Missing \cr inserted.
<inserted text> 
                \cr 
l.547 σ}
          & \textbf{Values/ day
G:/work/Journal2LaTeX/backend/temp/2f1afb20-f00c-4dbe-8d98-75035a1d3f9e/rendere
d/main.tex:547: Misplaced \cr.
<inserted text> \cr 
                    
l.547 σ}
          & \textbf{Values/ day
G:/work/Journal2LaTeX/backend/temp/2f1afb20-f00c-4dbe-8d98-75035a1d3f9e/rendere
d/main.tex:547: Missing \cr inserted.
<inserted text> 
                \cr 
l.547 σ}
          & \textbf{Values/ day
G:/work/Journal2LaTeX/backend/temp/2f1afb20-f00c-4dbe-8d98-75035a1d3f9e/rendere
d/main.tex:547: Misplaced \cr.
<inserted text> \cr 
                    
l.547 σ}
          & \textbf{Values/ day
G:/work/Journal2LaTeX/backend/temp/2f1afb20-f00c-4dbe-8d98-75035a1d3f9e/rendere
d/main.tex:547: Missing \cr inserted.
<inserted text> 
                \cr 
l.547 σ}
          & \textbf{Values/ day
G:/work/Journal2LaTeX/backend/temp/2f1afb20-f00c-4dbe-8d98-75035a1d3f9e/rendere
d/main.tex:547: Misplaced \cr.
<inserted text> \cr 
                    
l.547 σ}
          & \textbf{Values/ day
G:/work/Journal2LaTeX/backend/temp/2f1afb20-f00c-4dbe-8d98-75035a1d3f9e/rendere
d/main.tex:547: Missing \cr inserted.
<inserted text> 
                \cr 
l.547 σ}
          & \textbf{Values/ day
G:/work/Journal2LaTeX/backend/temp/2f1afb20-f00c-4dbe-8d98-75035a1d3f9e/rendere
d/main.tex:547: Misplaced \cr.
<inserted text> \cr 
                    
l.547 σ}
          & \textbf{Values/ day
G:/work/Journal2LaTeX/backend/temp/2f1afb20-f00c-4dbe-8d98-75035a1d3f9e/rendere
d/main.tex:547: Missing \cr inserted.
<inserted text> 
                \cr 
l.547 σ}
          & \textbf{Values/ day
G:/work/Journal2LaTeX/backend/temp/2f1afb20-f00c-4dbe-8d98-75035a1d3f9e/rendere
d/main.tex:547: Misplaced \cr.
<inserted text> \cr 
                    
l.547 σ}
          & \textbf{Values/ day
G:/work/Journal2LaTeX/backend/temp/2f1afb20-f00c-4dbe-8d98-75035a1d3f9e/rendere
d/main.tex:547: Missing \cr inserted.
<inserted text> 
                \cr 
l.547 σ}
          & \textbf{Values/ day
G:/work/Journal2LaTeX/backend/temp/2f1afb20-f00c-4dbe-8d98-75035a1d3f9e/rendere
d/main.tex:547: Misplaced \cr.
<inserted text> \cr 
                    
l.547 σ}
          & \textbf{Values/ day
G:/work/Journal2LaTeX/backend/temp/2f1afb20-f00c-4dbe-8d98-75035a1d3f9e/rendere
d/main.tex:547: Missing \cr inserted.
<inserted text> 
                \cr 
l.547 σ}
          & \textbf{Values/ day
G:/work/Journal2LaTeX/backend/temp/2f1afb20-f00c-4dbe-8d98-75035a1d3f9e/rendere
d/main.tex:547: Misplaced \cr.
<inserted text> \cr 
                    
l.547 σ}
          & \textbf{Values/ day
G:/work/Journal2LaTeX/backend/temp/2f1afb20-f00c-4dbe-8d98-75035a1d3f9e/rendere
d/main.tex:547: Missing \cr inserted.
<inserted text> 
                \cr 
l.547 σ}
          & \textbf{Values/ day
G:/work/Journal2LaTeX/backend/temp/2f1afb20-f00c-4dbe-8d98-75035a1d3f9e/rendere
d/main.tex:547: Misplaced \cr.
<inserted text> \cr 
                    
l.547 σ}
          & \textbf{Values/ day
(That makes 100 errors; please try again.)
G:/work/Journal2LaTeX/backend/temp/2f1afb20-f00c-4dbe-8d98-75035a1d3f9e/rendere
d/main.tex:547:  ==> Fatal error occurred, no output PDF file produced!
Transcript written on main.log.
Latexmk: Getting log file 'main.log'
Latexmk: Examining 'main.fls'
Latexmk: Examining 'main.log'
Latexmk: Summary of warnings from last run of *latex:
  Latex failed to resolve 4 reference(s)
  Latex failed to resolve 2 citation(s)
Latexmk: Errors, so I did not complete making targets
Collected error summary (may duplicate other messages):
  pdflatex: Command for 'pdflatex' gave return code 1
      Refer to 'main.log' and/or above output for details



STDERR:
Latexmk: ====Problematic refs and citations with line #s in .tex file:
  Citation `ref10' on page 1 undefined on input line 124
  Reference `LastPage' on page 1 undefined on input line 148
  Reference `LastPage' on page 3 undefined on input line 252
  Reference `LastPage' on page 5 undefined on input line 370
  Citation `ref38' on page 7 undefined on input line 441
  Reference `LastPage' on page 7 undefined on input line 470
Latexmk: Sometimes, the -f option can be used to get latexmk
  to try to force complete processing.
  But normally, you will need to correct the file(s) that caused the
  error, and then rerun latexmk.
  In some cases, it is best to clean out generated files before rerunning
  latexmk after you've corrected the files.
Reverting Windows console CPs to (in,out) = (437,65001)
