[2026-07-22 23:57:27,510] [INFO] [job_manager.py:136]: Job 2f1afb20-f00c-4dbe-8d98-75035a1d3f9e workspace created successfully
[2026-07-22 23:57:27,545] [INFO] [pipeline_service.py:45]: Starting validation for job: 2f1afb20-f00c-4dbe-8d98-75035a1d3f9e
[2026-07-22 23:57:27,563] [INFO] [job_manager.py:180]: Job status updated to: VALIDATING
[2026-07-22 23:57:27,580] [INFO] [job_manager.py:204]: Progress updated to 10%: Validating input Word Document
[2026-07-22 23:57:27,601] [INFO] [pipeline_service.py:60]: Validation successful.
[2026-07-22 23:57:27,619] [INFO] [job_manager.py:204]: Progress updated to 20%: Input document validated successfully
[2026-07-22 23:57:27,619] [INFO] [pipeline_service.py:67]: Starting document analysis for job: 2f1afb20-f00c-4dbe-8d98-75035a1d3f9e
[2026-07-22 23:57:27,636] [INFO] [job_manager.py:180]: Job status updated to: ANALYZING_DOCUMENT
[2026-07-22 23:57:27,656] [INFO] [job_manager.py:204]: Progress updated to 30%: Analyzing document structure and content blocks
[2026-07-22 23:57:27,656] [INFO] [document_analyzer.py:33]: Starting improved document analysis for: G:\work\Journal2LaTeX\backend\temp\2f1afb20-f00c-4dbe-8d98-75035a1d3f9e\input\Zakaria- Optimal   control strategies. July.docx
[2026-07-22 23:57:30,859] [INFO] [document_analyzer.py:517]: Parsed document: title='Optimal control strategies for overwhelming social media scrolling addiction by using fractional order mathematical modelling', authors=21, sections=10, references=47
[2026-07-22 23:57:30,863] [INFO] [pipeline_service.py:95]: Document analysis completed. Saved structure to: G:\work\Journal2LaTeX\backend\temp\2f1afb20-f00c-4dbe-8d98-75035a1d3f9e\intermediate\document_structure.json, report to: G:\work\Journal2LaTeX\backend\temp\2f1afb20-f00c-4dbe-8d98-75035a1d3f9e\intermediate\conversion_report.json
[2026-07-22 23:57:30,882] [INFO] [job_manager.py:204]: Progress updated to 45%: Document structure extracted successfully
[2026-07-22 23:57:30,882] [INFO] [pipeline_service.py:108]: Starting asset extraction for job: 2f1afb20-f00c-4dbe-8d98-75035a1d3f9e
[2026-07-22 23:57:30,896] [INFO] [job_manager.py:180]: Job status updated to: EXTRACTING_ASSETS
[2026-07-22 23:57:30,914] [INFO] [job_manager.py:204]: Progress updated to 50%: Extracting images and figure assets from document
[2026-07-22 23:57:41,696] [INFO] [pipeline_service.py:223]: Office object fig:office1 placed=True
[2026-07-22 23:57:41,697] [INFO] [pipeline_service.py:223]: Office object fig:office2 placed=True
[2026-07-22 23:57:41,697] [INFO] [pipeline_service.py:223]: Office object fig:office3 placed=True
[2026-07-22 23:57:41,741] [INFO] [pipeline_service.py:141]: Assets extracted to: G:\work\Journal2LaTeX\backend\temp\2f1afb20-f00c-4dbe-8d98-75035a1d3f9e\intermediate\media
[2026-07-22 23:57:41,763] [INFO] [job_manager.py:204]: Progress updated to 60%: Document assets extracted successfully
[2026-07-22 23:57:41,763] [INFO] [pipeline_service.py:231]: Classifying extracted assets for job: 2f1afb20-f00c-4dbe-8d98-75035a1d3f9e
[2026-07-22 23:57:41,763] [INFO] [asset_analyzer.py:23]: Starting extended asset analysis for job: 2f1afb20-f00c-4dbe-8d98-75035a1d3f9e
[2026-07-22 23:57:41,766] [INFO] [asset_analyzer.py:153]: Extended asset classification completed. Assets classified: 10
[2026-07-22 23:57:41,782] [INFO] [job_manager.py:204]: Progress updated to 65%: Extracted assets analyzed and mapped successfully
[2026-07-22 23:57:41,895] [INFO] [pipeline_service.py:247]: Loading template 2ff995fa-7363-4e71-8022-33d30b426d79 for job: 2f1afb20-f00c-4dbe-8d98-75035a1d3f9e
[2026-07-22 23:57:41,917] [INFO] [job_manager.py:180]: Job status updated to: LOADING_TEMPLATE
[2026-07-22 23:57:41,934] [INFO] [job_manager.py:204]: Progress updated to 70%: Loading template styles: 2ff995fa-7363-4e71-8022-33d30b426d79
[2026-07-22 23:57:41,994] [INFO] [pipeline_service.py:269]: Template loaded and workspace prepared at: G:\work\Journal2LaTeX\backend\temp\2f1afb20-f00c-4dbe-8d98-75035a1d3f9e\rendered
[2026-07-22 23:57:42,010] [INFO] [job_manager.py:204]: Progress updated to 80%: Template workspace initialized
[2026-07-22 23:57:42,012] [INFO] [pipeline_service.py:294]: Starting LaTeX rendering for job: 2f1afb20-f00c-4dbe-8d98-75035a1d3f9e
[2026-07-22 23:57:42,026] [INFO] [job_manager.py:180]: Job status updated to: RENDERING_LATEX
[2026-07-22 23:57:42,042] [INFO] [job_manager.py:204]: Progress updated to 85%: Rendering document content to LaTeX
[2026-07-22 23:57:42,059] [INFO] [latex_renderer.py:72]: Starting LaTeX rendering inside workspace: G:\work\Journal2LaTeX\backend\temp\2f1afb20-f00c-4dbe-8d98-75035a1d3f9e\rendered
[2026-07-22 23:57:42,225] [INFO] [latex_renderer.py:386]: LaTeX document main.tex rendered successfully.
[2026-07-22 23:57:42,415] [INFO] [header_reconstructor.py:124]: Template class draws its own header; skipping fancyhdr injection.
[2026-07-22 23:57:42,418] [INFO] [job_manager.py:204]: Progress updated to 90%: LaTeX document rendering completed
[2026-07-22 23:57:42,418] [INFO] [pipeline_service.py:357]: Starting document compilation for job: 2f1afb20-f00c-4dbe-8d98-75035a1d3f9e
[2026-07-22 23:57:42,432] [INFO] [job_manager.py:180]: Job status updated to: COMPILING
[2026-07-22 23:57:42,446] [INFO] [job_manager.py:204]: Progress updated to 92%: Compiling LaTeX source to PDF
[2026-07-22 23:57:58,218] [ERROR] [pipeline_service.py:385]: LaTeX compilation failed: LaTeX compilation failed. PDF not generated.
[2026-07-22 23:57:58,236] [ERROR] [job_manager.py:228]: Job error added: LaTeX compilation failed: LaTeX compilation failed. PDF not generated.
