[2026-08-09 16:27:05,071] [INFO] [latex_compiler.py:337]: Starting LaTeX compilation for: G:\work\Journal2LaTeX\backend\temp\729c3a12-114c-4129-b3af-7e80a7c47ef9\rendered\main.tex
[2026-08-09 16:27:05,115] [INFO] [latex_compiler.py:364]: Applied template compatibility layer to main.tex
[2026-08-09 16:27:05,118] [INFO] [latex_compiler.py:126]: Rendered working directory tree before compilation:
  010102.aux
  010102.log
  010102.out
  010102.pdf
  010102.synctex.gz
  default.cls
  default.sty
  everyshi.sty
  FDESPFDA2014revised1.eps
  logo.png
  logo7pt-eps-converted-to.pdf
  logo7pt.eps
  main.tex
  media/
  NSP1.cls
  psfig.sty
  template.tex
[2026-08-09 16:27:05,121] [INFO] [latex_compiler.py:132]: Template resource manifest (16 files):
  010102.aux                               generated document / build artefact
  010102.log                               generated document / build artefact
  010102.out                               generated document / build artefact
  010102.pdf                               template resource (graphic (PDF))
  010102.synctex.gz                        generated document / build artefact
  default.cls                              template resource (document class)
  default.sty                              template resource (package / style)
  everyshi.sty                             template resource (package / style)
  FDESPFDA2014revised1.eps                 template resource (graphic (EPS))
  logo.png                                 template resource (graphic (PNG))
  logo7pt-eps-converted-to.pdf             template resource (graphic (PDF))
  logo7pt.eps                              template resource (graphic (EPS))
  main.tex                                 generated document / build artefact
  NSP1.cls                                 template resource (document class)
  psfig.sty                                template resource (package / style)
  template.tex                             template resource (included source)
[2026-08-09 16:27:05,124] [INFO] [latex_compiler.py:154]: Dependency resolution (5 references):
  [LOCAL  ] documentclass   default
  [SYSTEM ] usepackage      xcolor
  [LOCAL  ] usepackage      default
  [SYSTEM ] usepackage      type1cm
  [SYSTEM ] usepackage      fix-cm
[2026-08-09 16:27:05,125] [INFO] [latex_compiler.py:395]: Using latexmk compiler.
[2026-08-09 16:27:09,009] [INFO] [latex_compiler.py:462]: Compilation completed successfully. PDF generated at: G:\work\Journal2LaTeX\backend\temp\729c3a12-114c-4129-b3af-7e80a7c47ef9\output\paper.pdf
