[2026-08-09 16:27:04,477] [INFO] [job_manager.py:153]: Job 729c3a12-114c-4129-b3af-7e80a7c47ef9 workspace created successfully
[2026-08-09 16:27:04,502] [INFO] [pipeline_service.py:46]: Starting validation for job: 729c3a12-114c-4129-b3af-7e80a7c47ef9
[2026-08-09 16:27:04,517] [INFO] [job_manager.py:202]: Job status updated to: VALIDATING
[2026-08-09 16:27:04,534] [INFO] [job_manager.py:226]: Progress updated to 10%: Validating input Word Document
[2026-08-09 16:27:04,536] [INFO] [pipeline_service.py:61]: Validation successful.
[2026-08-09 16:27:04,554] [INFO] [job_manager.py:226]: Progress updated to 20%: Input document validated successfully
[2026-08-09 16:27:04,554] [INFO] [pipeline_service.py:68]: Starting document analysis for job: 729c3a12-114c-4129-b3af-7e80a7c47ef9
[2026-08-09 16:27:04,576] [INFO] [job_manager.py:202]: Job status updated to: ANALYZING_DOCUMENT
[2026-08-09 16:27:04,591] [INFO] [job_manager.py:226]: Progress updated to 30%: Analyzing document structure and content blocks
[2026-08-09 16:27:04,591] [INFO] [document_analyzer.py:228]: Starting improved document analysis for: G:\work\Journal2LaTeX\backend\temp\729c3a12-114c-4129-b3af-7e80a7c47ef9\input\sample.docx
[2026-08-09 16:27:04,634] [INFO] [document_analyzer.py:1045]: Parsed document: title='Hello from Journal2LaTeX. This is a minimal DOCX document to verify the conversion engine.', authors=0, sections=0, references=0
[2026-08-09 16:27:04,635] [INFO] [pipeline_service.py:96]: Document analysis completed. Saved structure to: G:\work\Journal2LaTeX\backend\temp\729c3a12-114c-4129-b3af-7e80a7c47ef9\intermediate\document_structure.json, report to: G:\work\Journal2LaTeX\backend\temp\729c3a12-114c-4129-b3af-7e80a7c47ef9\intermediate\conversion_report.json
[2026-08-09 16:27:04,652] [INFO] [job_manager.py:226]: Progress updated to 45%: Document structure extracted successfully
[2026-08-09 16:27:04,652] [INFO] [pipeline_service.py:109]: Starting asset extraction for job: 729c3a12-114c-4129-b3af-7e80a7c47ef9
[2026-08-09 16:27:04,671] [INFO] [job_manager.py:202]: Job status updated to: EXTRACTING_ASSETS
[2026-08-09 16:27:04,687] [INFO] [job_manager.py:226]: Progress updated to 50%: Extracting images and figure assets from document
[2026-08-09 16:27:04,781] [INFO] [pipeline_service.py:156]: Assets extracted to: G:\work\Journal2LaTeX\backend\temp\729c3a12-114c-4129-b3af-7e80a7c47ef9\intermediate\media
[2026-08-09 16:27:04,796] [INFO] [job_manager.py:226]: Progress updated to 60%: Document assets extracted successfully
[2026-08-09 16:27:04,797] [INFO] [pipeline_service.py:273]: Classifying extracted assets for job: 729c3a12-114c-4129-b3af-7e80a7c47ef9
[2026-08-09 16:27:04,797] [INFO] [asset_analyzer.py:23]: Starting extended asset analysis for job: 729c3a12-114c-4129-b3af-7e80a7c47ef9
[2026-08-09 16:27:04,801] [INFO] [asset_analyzer.py:153]: Extended asset classification completed. Assets classified: 0
[2026-08-09 16:27:04,819] [INFO] [job_manager.py:226]: Progress updated to 65%: Extracted assets analyzed and mapped successfully
[2026-08-09 16:27:04,843] [INFO] [pipeline_service.py:289]: Loading template default for job: 729c3a12-114c-4129-b3af-7e80a7c47ef9
[2026-08-09 16:27:04,857] [INFO] [job_manager.py:202]: Job status updated to: LOADING_TEMPLATE
[2026-08-09 16:27:04,872] [INFO] [job_manager.py:226]: Progress updated to 70%: Loading template styles: default
[2026-08-09 16:27:04,949] [INFO] [pipeline_service.py:311]: Template loaded and workspace prepared at: G:\work\Journal2LaTeX\backend\temp\729c3a12-114c-4129-b3af-7e80a7c47ef9\rendered
[2026-08-09 16:27:04,970] [INFO] [job_manager.py:226]: Progress updated to 80%: Template workspace initialized
[2026-08-09 16:27:04,972] [INFO] [pipeline_service.py:336]: Starting LaTeX rendering for job: 729c3a12-114c-4129-b3af-7e80a7c47ef9
[2026-08-09 16:27:04,993] [INFO] [job_manager.py:202]: Job status updated to: RENDERING_LATEX
[2026-08-09 16:27:05,011] [INFO] [job_manager.py:226]: Progress updated to 85%: Rendering document content to LaTeX
[2026-08-09 16:27:05,013] [INFO] [latex_renderer.py:104]: Starting LaTeX rendering inside workspace: G:\work\Journal2LaTeX\backend\temp\729c3a12-114c-4129-b3af-7e80a7c47ef9\rendered
[2026-08-09 16:27:05,017] [INFO] [latex_renderer.py:507]: LaTeX document main.tex rendered successfully.
[2026-08-09 16:27:05,035] [INFO] [job_manager.py:226]: Progress updated to 90%: LaTeX document rendering completed
[2026-08-09 16:27:05,035] [INFO] [pipeline_service.py:399]: Starting document compilation for job: 729c3a12-114c-4129-b3af-7e80a7c47ef9
[2026-08-09 16:27:05,054] [INFO] [job_manager.py:202]: Job status updated to: COMPILING
[2026-08-09 16:27:05,070] [INFO] [job_manager.py:226]: Progress updated to 92%: Compiling LaTeX source to PDF
[2026-08-09 16:27:09,025] [INFO] [pipeline_service.py:422]: Compilation completed successfully.
[2026-08-09 16:27:09,026] [INFO] [pipeline_service.py:437]: Running E2E publication fidelity checker for job: 729c3a12-114c-4129-b3af-7e80a7c47ef9
[2026-08-09 16:27:09,026] [INFO] [fidelity_checker.py:70]: Generating advanced fidelity report and scores for job: 729c3a12-114c-4129-b3af-7e80a7c47ef9
[2026-08-09 16:27:09,027] [INFO] [fidelity_checker.py:250]: Fidelity report written to G:\work\Journal2LaTeX\backend\temp\729c3a12-114c-4129-b3af-7e80a7c47ef9\intermediate\fidelity_report.json. Overall Score: 100.0%, Critical missing: 0
[2026-08-09 16:27:09,049] [INFO] [job_manager.py:202]: Job status updated to: COMPLETED
[2026-08-09 16:27:09,066] [INFO] [job_manager.py:226]: Progress updated to 100%: Pipeline process completed successfully
