[2026-07-18 18:34:43,603] [INFO] [job_manager.py:117]: Job f66c2703-29d5-4dc9-b248-9aba9f16b60b workspace created successfully
[2026-07-18 18:34:43,605] [INFO] [pipeline_service.py:36]: Starting validation for job: f66c2703-29d5-4dc9-b248-9aba9f16b60b
[2026-07-18 18:34:43,619] [INFO] [job_manager.py:161]: Job status updated to: VALIDATING
[2026-07-18 18:34:43,631] [INFO] [job_manager.py:185]: Progress updated to 10%: Validating input Word Document
[2026-07-18 18:34:43,647] [INFO] [pipeline_service.py:51]: Validation successful.
[2026-07-18 18:34:43,660] [INFO] [job_manager.py:185]: Progress updated to 20%: Input document validated successfully
[2026-07-18 18:34:43,660] [INFO] [pipeline_service.py:58]: Starting document analysis for job: f66c2703-29d5-4dc9-b248-9aba9f16b60b
[2026-07-18 18:34:43,673] [INFO] [job_manager.py:161]: Job status updated to: ANALYZING_DOCUMENT
[2026-07-18 18:34:43,690] [INFO] [job_manager.py:185]: Progress updated to 30%: Analyzing document structure and content blocks
[2026-07-18 18:34:43,690] [INFO] [document_analyzer.py:33]: Starting improved document analysis for: G:\work\Journal2LaTeX\temp\f66c2703-29d5-4dc9-b248-9aba9f16b60b\input\style_mixed.docx
[2026-07-18 18:34:43,887] [INFO] [document_analyzer.py:416]: Parsed document: title='Test Document Title', authors=2, sections=1, references=2
[2026-07-18 18:34:43,889] [INFO] [pipeline_service.py:86]: Document analysis completed. Saved structure to: G:\work\Journal2LaTeX\temp\f66c2703-29d5-4dc9-b248-9aba9f16b60b\intermediate\document_structure.json, report to: G:\work\Journal2LaTeX\temp\f66c2703-29d5-4dc9-b248-9aba9f16b60b\intermediate\conversion_report.json
[2026-07-18 18:34:43,902] [INFO] [job_manager.py:185]: Progress updated to 45%: Document structure extracted successfully
[2026-07-18 18:34:43,903] [INFO] [pipeline_service.py:99]: Starting asset extraction for job: f66c2703-29d5-4dc9-b248-9aba9f16b60b
[2026-07-18 18:34:43,916] [INFO] [job_manager.py:161]: Job status updated to: EXTRACTING_ASSETS
[2026-07-18 18:34:43,929] [INFO] [job_manager.py:185]: Progress updated to 50%: Extracting images and figure assets from document
[2026-07-18 18:34:44,132] [INFO] [pipeline_service.py:111]: Assets extracted to: G:\work\Journal2LaTeX\temp\f66c2703-29d5-4dc9-b248-9aba9f16b60b\intermediate\media
[2026-07-18 18:34:44,143] [INFO] [job_manager.py:185]: Progress updated to 60%: Document assets extracted successfully
[2026-07-18 18:34:44,143] [INFO] [pipeline_service.py:123]: Classifying extracted assets for job: f66c2703-29d5-4dc9-b248-9aba9f16b60b
[2026-07-18 18:34:44,143] [INFO] [asset_analyzer.py:23]: Starting extended asset analysis for job: f66c2703-29d5-4dc9-b248-9aba9f16b60b
[2026-07-18 18:34:44,145] [INFO] [asset_analyzer.py:153]: Extended asset classification completed. Assets classified: 0
[2026-07-18 18:34:44,157] [INFO] [job_manager.py:185]: Progress updated to 65%: Extracted assets analyzed and mapped successfully
[2026-07-18 18:34:44,157] [INFO] [pipeline_service.py:139]: Loading template default for job: f66c2703-29d5-4dc9-b248-9aba9f16b60b
[2026-07-18 18:34:44,169] [INFO] [job_manager.py:161]: Job status updated to: LOADING_TEMPLATE
[2026-07-18 18:34:44,183] [INFO] [job_manager.py:185]: Progress updated to 70%: Loading template styles: default
[2026-07-18 18:34:44,190] [INFO] [pipeline_service.py:157]: Template loaded and workspace prepared at: G:\work\Journal2LaTeX\temp\f66c2703-29d5-4dc9-b248-9aba9f16b60b\rendered
[2026-07-18 18:34:44,206] [INFO] [job_manager.py:185]: Progress updated to 80%: Template workspace initialized
[2026-07-18 18:34:44,206] [INFO] [pipeline_service.py:170]: Starting LaTeX rendering for job: f66c2703-29d5-4dc9-b248-9aba9f16b60b
[2026-07-18 18:34:44,219] [INFO] [job_manager.py:161]: Job status updated to: RENDERING_LATEX
[2026-07-18 18:34:44,235] [INFO] [job_manager.py:185]: Progress updated to 85%: Rendering document content to LaTeX
[2026-07-18 18:34:44,238] [INFO] [latex_renderer.py:70]: Starting LaTeX rendering inside workspace: G:\work\Journal2LaTeX\temp\f66c2703-29d5-4dc9-b248-9aba9f16b60b\rendered
[2026-07-18 18:34:44,245] [INFO] [latex_renderer.py:337]: LaTeX document main.tex rendered successfully.
[2026-07-18 18:34:44,258] [INFO] [job_manager.py:185]: Progress updated to 90%: LaTeX document rendering completed
[2026-07-18 18:34:44,258] [INFO] [pipeline_service.py:204]: Starting document compilation for job: f66c2703-29d5-4dc9-b248-9aba9f16b60b
[2026-07-18 18:34:44,274] [INFO] [job_manager.py:161]: Job status updated to: COMPILING
[2026-07-18 18:34:44,289] [INFO] [job_manager.py:185]: Progress updated to 92%: Compiling LaTeX source to PDF
[2026-07-18 18:34:46,717] [INFO] [pipeline_service.py:226]: Compilation completed successfully.
