[2026-07-21 19:36:11,808] [INFO] [latex_compiler.py:321]: Starting LaTeX compilation for: G:\work\Journal2LaTeX\backend\temp\3c1d2b6c-cf92-4a5e-ab8f-0875e7654442\rendered\main.tex
[2026-07-21 19:36:11,814] [INFO] [latex_compiler.py:125]: Rendered working directory tree before compilation:
  main.tex
  media/
    image1.jpeg
    image10.jpeg
    image4.jpeg
    image5.png
    image6.png
    image7.png
    image8.jpeg
    image9.jpeg
  Statistical_Analysis_of_Social_Responsibility_Disclosure_in_Family_Businesses/
    chart1.png
    chart2.png
    chart3.png
    chart4.png
    everyshi.sty
    logo7pt-eps-converted-to.pdf
    logo7pt.eps
    NSP1.cls
    paper.aux
    paper.log
    paper.out
    paper.pdf
    paper.synctex.gz
    paper.tex
    psfig.sty
    Ref. JSAP paper.tex
  template.json
[2026-07-21 19:36:11,819] [INFO] [latex_compiler.py:131]: Template resource manifest (26 files):
  main.tex                                 generated document / build artefact
  media\image1.jpeg                        renderer-generated media
  media\image10.jpeg                       renderer-generated media
  media\image4.jpeg                        renderer-generated media
  media\image5.png                         renderer-generated media
  media\image6.png                         renderer-generated media
  media\image7.png                         renderer-generated media
  media\image8.jpeg                        renderer-generated media
  media\image9.jpeg                        renderer-generated media
  Statistical_Analysis_of_Social_Responsibility_Disclosure_in_Family_Businesses\chart1.png template resource (graphic (PNG))
  Statistical_Analysis_of_Social_Responsibility_Disclosure_in_Family_Businesses\chart2.png template resource (graphic (PNG))
  Statistical_Analysis_of_Social_Responsibility_Disclosure_in_Family_Businesses\chart3.png template resource (graphic (PNG))
  Statistical_Analysis_of_Social_Responsibility_Disclosure_in_Family_Businesses\chart4.png template resource (graphic (PNG))
  Statistical_Analysis_of_Social_Responsibility_Disclosure_in_Family_Businesses\everyshi.sty template resource (package / style)
  Statistical_Analysis_of_Social_Responsibility_Disclosure_in_Family_Businesses\logo7pt-eps-converted-to.pdf template resource (graphic (PDF))
  Statistical_Analysis_of_Social_Responsibility_Disclosure_in_Family_Businesses\logo7pt.eps template resource (graphic (EPS))
  Statistical_Analysis_of_Social_Responsibility_Disclosure_in_Family_Businesses\NSP1.cls template resource (document class)
  Statistical_Analysis_of_Social_Responsibility_Disclosure_in_Family_Businesses\paper.aux generated document / build artefact
  Statistical_Analysis_of_Social_Responsibility_Disclosure_in_Family_Businesses\paper.log generated document / build artefact
  Statistical_Analysis_of_Social_Responsibility_Disclosure_in_Family_Businesses\paper.out generated document / build artefact
  Statistical_Analysis_of_Social_Responsibility_Disclosure_in_Family_Businesses\paper.pdf template resource (graphic (PDF))
  Statistical_Analysis_of_Social_Responsibility_Disclosure_in_Family_Businesses\paper.synctex.gz generated document / build artefact
  Statistical_Analysis_of_Social_Responsibility_Disclosure_in_Family_Businesses\paper.tex template resource (included source)
  Statistical_Analysis_of_Social_Responsibility_Disclosure_in_Family_Businesses\psfig.sty template resource (package / style)
  Statistical_Analysis_of_Social_Responsibility_Disclosure_in_Family_Businesses\Ref. JSAP paper.tex template resource (included source)
  template.json                            template metadata
[2026-07-21 19:36:21,954] [INFO] [latex_compiler.py:144]: Dependency resolution (28 references):
  [MISSING] documentclass   NSP1
  [SYSTEM ] usepackage      url
  [SYSTEM ] usepackage      floatflt
  [SYSTEM ] usepackage      cite
  [SYSTEM ] usepackage      helvet
  [SYSTEM ] usepackage      times
  [MISSING] usepackage      psfig
  [SYSTEM ] usepackage      graphicx
  [SYSTEM ] usepackage      mathptmx
  [SYSTEM ] usepackage      amsmath
  [SYSTEM ] usepackage      amssymb
  [SYSTEM ] usepackage      bm
  [SYSTEM ] usepackage      float
  [SYSTEM ] usepackage      caption
  [SYSTEM ] usepackage      placeins
  [SYSTEM ] usepackage      booktabs
  [SYSTEM ] usepackage      array
  [SYSTEM ] usepackage      multirow
  [SYSTEM ] usepackage      makecell
  [SYSTEM ] usepackage      xcolor
  [SYSTEM ] usepackage      fancyhdr
  [LOCAL  ] includegraphics media/image4.jpeg
  [LOCAL  ] includegraphics media/image5.png
  [LOCAL  ] includegraphics media/image6.png
  [LOCAL  ] includegraphics media/image7.png
  [LOCAL  ] includegraphics media/image8.jpeg
  [LOCAL  ] includegraphics media/image9.jpeg
  [LOCAL  ] includegraphics media/image10.jpeg
[2026-07-21 19:36:21,954] [ERROR] [latex_compiler.py:153]: Template is missing required local resource(s); aborting before pdflatex. Ensure the template package ships these files:
  - documentclass -> NSP1
  - usepackage -> psfig
