[2026-07-21 19:36:08,790] [INFO] [job_manager.py:136]: Job 3c1d2b6c-cf92-4a5e-ab8f-0875e7654442 workspace created successfully
[2026-07-21 19:36:08,832] [INFO] [pipeline_service.py:45]: Starting validation for job: 3c1d2b6c-cf92-4a5e-ab8f-0875e7654442
[2026-07-21 19:36:08,848] [INFO] [job_manager.py:180]: Job status updated to: VALIDATING
[2026-07-21 19:36:08,866] [INFO] [job_manager.py:204]: Progress updated to 10%: Validating input Word Document
[2026-07-21 19:36:08,884] [INFO] [pipeline_service.py:60]: Validation successful.
[2026-07-21 19:36:08,899] [INFO] [job_manager.py:204]: Progress updated to 20%: Input document validated successfully
[2026-07-21 19:36:08,900] [INFO] [pipeline_service.py:67]: Starting document analysis for job: 3c1d2b6c-cf92-4a5e-ab8f-0875e7654442
[2026-07-21 19:36:08,915] [INFO] [job_manager.py:180]: Job status updated to: ANALYZING_DOCUMENT
[2026-07-21 19:36:08,930] [INFO] [job_manager.py:204]: Progress updated to 30%: Analyzing document structure and content blocks
[2026-07-21 19:36:08,930] [INFO] [document_analyzer.py:33]: Starting improved document analysis for: G:\work\Journal2LaTeX\backend\temp\3c1d2b6c-cf92-4a5e-ab8f-0875e7654442\input\The role.docx
[2026-07-21 19:36:09,943] [INFO] [document_analyzer.py:461]: Parsed document: title='The Role of Social Media in the Spread and Countering of Cyber-Extremism: An Islamic Jurisprudential and Educational Perspective', authors=19, sections=1, references=42
[2026-07-21 19:36:09,949] [INFO] [pipeline_service.py:95]: Document analysis completed. Saved structure to: G:\work\Journal2LaTeX\backend\temp\3c1d2b6c-cf92-4a5e-ab8f-0875e7654442\intermediate\document_structure.json, report to: G:\work\Journal2LaTeX\backend\temp\3c1d2b6c-cf92-4a5e-ab8f-0875e7654442\intermediate\conversion_report.json
[2026-07-21 19:36:09,963] [INFO] [job_manager.py:204]: Progress updated to 45%: Document structure extracted successfully
[2026-07-21 19:36:09,964] [INFO] [pipeline_service.py:108]: Starting asset extraction for job: 3c1d2b6c-cf92-4a5e-ab8f-0875e7654442
[2026-07-21 19:36:09,977] [INFO] [job_manager.py:180]: Job status updated to: EXTRACTING_ASSETS
[2026-07-21 19:36:09,990] [INFO] [job_manager.py:204]: Progress updated to 50%: Extracting images and figure assets from document
[2026-07-21 19:36:11,213] [INFO] [pipeline_service.py:141]: Assets extracted to: G:\work\Journal2LaTeX\backend\temp\3c1d2b6c-cf92-4a5e-ab8f-0875e7654442\intermediate\media
[2026-07-21 19:36:11,227] [INFO] [job_manager.py:204]: Progress updated to 60%: Document assets extracted successfully
[2026-07-21 19:36:11,227] [INFO] [pipeline_service.py:231]: Classifying extracted assets for job: 3c1d2b6c-cf92-4a5e-ab8f-0875e7654442
[2026-07-21 19:36:11,227] [INFO] [asset_analyzer.py:23]: Starting extended asset analysis for job: 3c1d2b6c-cf92-4a5e-ab8f-0875e7654442
[2026-07-21 19:36:11,230] [INFO] [asset_analyzer.py:153]: Extended asset classification completed. Assets classified: 7
[2026-07-21 19:36:11,244] [INFO] [job_manager.py:204]: Progress updated to 65%: Extracted assets analyzed and mapped successfully
[2026-07-21 19:36:11,331] [INFO] [pipeline_service.py:247]: Loading template a53dbf37-0e8c-4cd1-a074-90b62d754dfe for job: 3c1d2b6c-cf92-4a5e-ab8f-0875e7654442
[2026-07-21 19:36:11,347] [INFO] [job_manager.py:180]: Job status updated to: LOADING_TEMPLATE
[2026-07-21 19:36:11,363] [INFO] [job_manager.py:204]: Progress updated to 70%: Loading template styles: a53dbf37-0e8c-4cd1-a074-90b62d754dfe
[2026-07-21 19:36:11,466] [INFO] [pipeline_service.py:269]: Template loaded and workspace prepared at: G:\work\Journal2LaTeX\backend\temp\3c1d2b6c-cf92-4a5e-ab8f-0875e7654442\rendered
[2026-07-21 19:36:11,480] [INFO] [job_manager.py:204]: Progress updated to 80%: Template workspace initialized
[2026-07-21 19:36:11,482] [INFO] [pipeline_service.py:294]: Starting LaTeX rendering for job: 3c1d2b6c-cf92-4a5e-ab8f-0875e7654442
[2026-07-21 19:36:11,495] [INFO] [job_manager.py:180]: Job status updated to: RENDERING_LATEX
[2026-07-21 19:36:11,510] [INFO] [job_manager.py:204]: Progress updated to 85%: Rendering document content to LaTeX
[2026-07-21 19:36:11,527] [INFO] [latex_renderer.py:72]: Starting LaTeX rendering inside workspace: G:\work\Journal2LaTeX\backend\temp\3c1d2b6c-cf92-4a5e-ab8f-0875e7654442\rendered
[2026-07-21 19:36:11,619] [INFO] [latex_renderer.py:355]: LaTeX document main.tex rendered successfully.
[2026-07-21 19:36:11,777] [INFO] [job_manager.py:204]: Progress updated to 90%: LaTeX document rendering completed
[2026-07-21 19:36:11,778] [INFO] [pipeline_service.py:357]: Starting document compilation for job: 3c1d2b6c-cf92-4a5e-ab8f-0875e7654442
[2026-07-21 19:36:11,792] [INFO] [job_manager.py:180]: Job status updated to: COMPILING
[2026-07-21 19:36:11,807] [INFO] [job_manager.py:204]: Progress updated to 92%: Compiling LaTeX source to PDF
[2026-07-21 19:36:21,954] [ERROR] [pipeline_service.py:385]: LaTeX compilation failed: Template is missing required local resource(s); aborting before pdflatex. Ensure the template package ships these files:
  - documentclass -> NSP1
  - usepackage -> psfig
[2026-07-21 19:36:21,971] [ERROR] [job_manager.py:228]: Job error added: LaTeX compilation failed: Template is missing required local resource(s); aborting before pdflatex. Ensure the template package ships these files:
  - documentclass -> NSP1
  - usepackage -> psfig
