[2026-07-18 02:08:58,817] [INFO] [job_manager.py:92]: Job ccbc5897-3205-4f55-adeb-2ec07b53ed8c workspace created successfully
[2026-07-18 02:08:58,838] [INFO] [pipeline_service.py:34]: Starting validation for job: ccbc5897-3205-4f55-adeb-2ec07b53ed8c
[2026-07-18 02:08:58,839] [INFO] [job_manager.py:136]: Job status updated to: VALIDATING
[2026-07-18 02:08:58,850] [INFO] [job_manager.py:160]: Progress updated to 10%: Validating input Word Document
[2026-07-18 02:08:58,864] [INFO] [pipeline_service.py:49]: Validation successful.
[2026-07-18 02:08:58,874] [INFO] [job_manager.py:160]: Progress updated to 20%: Input document validated successfully
[2026-07-18 02:08:58,875] [INFO] [pipeline_service.py:56]: Starting document analysis for job: ccbc5897-3205-4f55-adeb-2ec07b53ed8c
[2026-07-18 02:08:58,892] [INFO] [job_manager.py:136]: Job status updated to: ANALYZING_DOCUMENT
[2026-07-18 02:08:58,905] [INFO] [job_manager.py:160]: Progress updated to 30%: Analyzing document structure and content blocks
[2026-07-18 02:08:58,905] [INFO] [document_analyzer.py:33]: Starting improved document analysis for: G:\work\Journal2LaTeX\backend\temp\ccbc5897-3205-4f55-adeb-2ec07b53ed8c\input\with_author_photo.docx
[2026-07-18 02:08:59,190] [INFO] [document_analyzer.py:358]: Parsed document: title='Statistical Analysis of Body Dysmorphic Disorder, Quality of Life, and Social Anxiety in Fire Victims: Path Analysis', authors=3, sections=1, references=0
[2026-07-18 02:08:59,192] [INFO] [pipeline_service.py:84]: Document analysis completed. Saved structure to: G:\work\Journal2LaTeX\backend\temp\ccbc5897-3205-4f55-adeb-2ec07b53ed8c\intermediate\document_structure.json, report to: G:\work\Journal2LaTeX\backend\temp\ccbc5897-3205-4f55-adeb-2ec07b53ed8c\intermediate\conversion_report.json
[2026-07-18 02:08:59,203] [INFO] [job_manager.py:160]: Progress updated to 45%: Document structure extracted successfully
[2026-07-18 02:08:59,203] [INFO] [pipeline_service.py:97]: Starting asset extraction for job: ccbc5897-3205-4f55-adeb-2ec07b53ed8c
[2026-07-18 02:08:59,217] [INFO] [job_manager.py:136]: Job status updated to: EXTRACTING_ASSETS
[2026-07-18 02:08:59,235] [INFO] [job_manager.py:160]: Progress updated to 50%: Extracting images and figure assets from document
[2026-07-18 02:08:59,595] [INFO] [pipeline_service.py:108]: Assets extracted to: G:\work\Journal2LaTeX\backend\temp\ccbc5897-3205-4f55-adeb-2ec07b53ed8c\intermediate\media
[2026-07-18 02:08:59,609] [INFO] [job_manager.py:160]: Progress updated to 60%: Document assets extracted successfully
[2026-07-18 02:08:59,609] [INFO] [pipeline_service.py:120]: Classifying extracted assets for job: ccbc5897-3205-4f55-adeb-2ec07b53ed8c
[2026-07-18 02:08:59,609] [INFO] [asset_analyzer.py:23]: Starting extended asset analysis for job: ccbc5897-3205-4f55-adeb-2ec07b53ed8c
[2026-07-18 02:08:59,611] [INFO] [asset_analyzer.py:153]: Extended asset classification completed. Assets classified: 8
[2026-07-18 02:08:59,623] [INFO] [job_manager.py:160]: Progress updated to 65%: Extracted assets analyzed and mapped successfully
[2026-07-18 02:08:59,641] [INFO] [pipeline_service.py:136]: Loading template JSAP for job: ccbc5897-3205-4f55-adeb-2ec07b53ed8c
[2026-07-18 02:08:59,642] [INFO] [job_manager.py:136]: Job status updated to: LOADING_TEMPLATE
[2026-07-18 02:08:59,653] [INFO] [job_manager.py:160]: Progress updated to 70%: Loading template styles: JSAP
[2026-07-18 02:08:59,669] [INFO] [pipeline_service.py:154]: Template loaded and workspace prepared at: G:\work\Journal2LaTeX\backend\temp\ccbc5897-3205-4f55-adeb-2ec07b53ed8c\rendered
[2026-07-18 02:08:59,683] [INFO] [job_manager.py:160]: Progress updated to 80%: Template workspace initialized
[2026-07-18 02:08:59,683] [INFO] [pipeline_service.py:167]: Starting LaTeX rendering for job: ccbc5897-3205-4f55-adeb-2ec07b53ed8c
[2026-07-18 02:08:59,694] [INFO] [job_manager.py:136]: Job status updated to: RENDERING_LATEX
[2026-07-18 02:08:59,705] [INFO] [job_manager.py:160]: Progress updated to 85%: Rendering document content to LaTeX
[2026-07-18 02:08:59,717] [INFO] [latex_renderer.py:30]: Starting LaTeX rendering inside workspace: G:\work\Journal2LaTeX\backend\temp\ccbc5897-3205-4f55-adeb-2ec07b53ed8c\rendered
[2026-07-18 02:08:59,723] [INFO] [latex_renderer.py:155]: LaTeX document main.tex rendered successfully.
[2026-07-18 02:08:59,733] [INFO] [job_manager.py:160]: Progress updated to 90%: LaTeX document rendering completed
[2026-07-18 02:08:59,733] [INFO] [pipeline_service.py:201]: Starting document compilation for job: ccbc5897-3205-4f55-adeb-2ec07b53ed8c
[2026-07-18 02:08:59,743] [INFO] [job_manager.py:136]: Job status updated to: COMPILING
[2026-07-18 02:08:59,753] [INFO] [job_manager.py:160]: Progress updated to 92%: Compiling LaTeX source to PDF
[2026-07-18 02:09:03,908] [ERROR] [pipeline_service.py:228]: LaTeX compilation failed: LaTeX compilation failed with return code 12.
[2026-07-18 02:09:03,922] [ERROR] [job_manager.py:184]: Job error added: LaTeX compilation failed: LaTeX compilation failed with return code 12.
