STDOUT:
Initial Win CP for (console input, console output, system): (CP437, CP65001, CP1252)
I changed them all to CP1252
Rc files read (in order):
  NONE
Latexmk: This is Latexmk, John Collins, 9 March 2026. Version 4.88.
No existing .aux file, so I'll make a simple one, and require run of *latex.
Force everything to be remade.
Latexmk: applying rule 'pdflatex'...
Rule 'pdflatex':  Reasons for rerun
Category 'other':
  Rerun of 'pdflatex' forced or previously required:
    Reason or flag: 'go_mode'

------------
Run number 1 of rule 'pdflatex'
------------
------------
Running 'pdflatex  -interaction=nonstopmode -file-line-error -recorder  "G:/work/Journal2LaTeX/backend/temp/41c4f8df-332b-4c69-996e-e7ce36ee07c6/rendered/main.tex"'
------------
This is pdfTeX, Version 3.141592653-2.6-1.40.29 (MiKTeX 26.5) (preloaded format=pdflatex.fmt)
 restricted \write18 enabled.
entering extended mode

(G:/work/Journal2LaTeX/backend/temp/41c4f8df-332b-4c69-996e-e7ce36ee07c6/render
ed/main.tex
LaTeX2e <2026-06-01>
L3 programming layer <2026-06-18>
(C:\Users\asus\AppData\Local\Programs\MiKTeX\tex/latex/xcolor\xcolor.sty
(C:\Users\asus\AppData\Local\Programs\MiKTeX\tex/latex/graphics-cfg\color.cfg)
(C:\Users\asus\AppData\Local\Programs\MiKTeX\tex/latex/graphics-def\pdftex.def)
 (C:\Users\asus\AppData\Local\Programs\MiKTeX\tex/latex/graphics\mathcolor.ltx)
) (C:\Users\asus\AppData\Local\Programs\MiKTeX\tex/latex/graphics\dvipsnam.def)
 (C:\Users\asus\AppData\Local\Programs\MiKTeX\tex/latex/xcolor\svgnam.def)
(C:\Users\asus\AppData\Local\Programs\MiKTeX\tex/latex/xcolor\x11nam.def)
(C:\Users\asus\AppData\Local\Programs\MiKTeX\tex/latex/colortbl\colortbl.sty
(C:\Users\asus\AppData\Local\Programs\MiKTeX\tex/latex/tools\array.sty)
new hooks used!!
) (NSP1.cls

LaTeX Warning: You have requested document class `NSP1',
               but the document class provides `NSP'.

Document Class: NSP 2012/01/01
(C:\Users\asus\AppData\Local\Programs\MiKTeX\tex/latex/base\fleqn.clo)
(C:\Users\asus\AppData\Local\Programs\MiKTeX\tex/latex/graphics\graphicx.sty
(C:\Users\asus\AppData\Local\Programs\MiKTeX\tex/latex/graphics\keyval.sty)
(C:\Users\asus\AppData\Local\Programs\MiKTeX\tex/latex/graphics\graphics.sty
(C:\Users\asus\AppData\Local\Programs\MiKTeX\tex/latex/graphics\trig.sty)
(C:\Users\asus\AppData\Local\Programs\MiKTeX\tex/latex/graphics-cfg\graphics.cf
g)))
(C:\Users\asus\AppData\Local\Programs\MiKTeX\tex/latex/lastpage\lastpage.sty
(C:\Users\asus\AppData\Local\Programs\MiKTeX\tex/latex/lastpage\lastpage2e.sty
(C:\Users\asus\AppData\Local\Programs\MiKTeX\tex/latex/lastpage\lastpagemodern.
sty) 
)) (C:\Users\asus\AppData\Local\Programs\MiKTeX\tex/latex/hyperref\hyperref.sty
(C:\Users\asus\AppData\Local\Programs\MiKTeX\tex/generic/iftex\iftex.sty)
(C:\Users\asus\AppData\Local\Programs\MiKTeX\tex/latex/kvsetkeys\kvsetkeys.sty)

(C:\Users\asus\AppData\Local\Programs\MiKTeX\tex/generic/kvdefinekeys\kvdefinek
eys.sty)
(C:\Users\asus\AppData\Local\Programs\MiKTeX\tex/generic/pdfescape\pdfescape.st
y (C:\Users\asus\AppData\Local\Programs\MiKTeX\tex/generic/ltxcmds\ltxcmds.sty)

(C:\Users\asus\AppData\Local\Programs\MiKTeX\tex/generic/pdftexcmds\pdftexcmds.
sty
(C:\Users\asus\AppData\Local\Programs\MiKTeX\tex/generic/infwarerr\infwarerr.st
y))) (C:\Users\asus\AppData\Local\Programs\MiKTeX\tex/latex/hycolor\hycolor.sty
) (C:\Users\asus\AppData\Local\Programs\MiKTeX\tex/latex/hyperref\nameref.sty
(C:\Users\asus\AppData\Local\Programs\MiKTeX\tex/latex/refcount\refcount.sty)
(C:\Users\asus\AppData\Local\Programs\MiKTeX\tex/generic/gettitlestring\gettitl
estring.sty
(C:\Users\asus\AppData\Local\Programs\MiKTeX\tex/latex/kvoptions\kvoptions.sty)
)) (C:\Users\asus\AppData\Local\Programs\MiKTeX\tex/latex/etoolbox\etoolbox.sty
)
(C:\Users\asus\AppData\Local\Programs\MiKTeX\tex/generic/stringenc\stringenc.st
y) (C:\Users\asus\AppData\Local\Programs\MiKTeX\tex/latex/hyperref\pd1enc.def)
(C:\Users\asus\AppData\Local\Programs\MiKTeX\tex/generic/intcalc\intcalc.sty)
(C:\Users\asus\AppData\Local\Programs\MiKTeX\tex/latex/hyperref\puenc.def)
(C:\Users\asus\AppData\Local\Programs\MiKTeX\tex/latex/url\url.sty)
(C:\Users\asus\AppData\Local\Programs\MiKTeX\tex/generic/bitset\bitset.sty
(C:\Users\asus\AppData\Local\Programs\MiKTeX\tex/generic/bigintcalc\bigintcalc.
sty))

Package hyperref Warning: Option `pdfpagelabels' is turned off
(hyperref)                because \thepage is undefined.

) (C:\Users\asus\AppData\Local\Programs\MiKTeX\tex/latex/hyperref\hpdftex.def
(C:\Users\asus\AppData\Local\Programs\MiKTeX\tex/latex/rerunfilecheck\rerunfile
check.sty
(C:\Users\asus\AppData\Local\Programs\MiKTeX\tex/generic/uniquecounter\uniqueco
unter.sty))))
(C:\Users\asus\AppData\Local\Programs\MiKTeX\tex/latex/floatflt\floatflt.sty)
(C:\Users\asus\AppData\Local\Programs\MiKTeX\tex/latex/psnfss\helvet.sty)
(C:\Users\asus\AppData\Local\Programs\MiKTeX\tex/latex/psnfss\times.sty)
(psfig.sty
psfig/tex 1.10-dvips
) (C:\Users\asus\AppData\Local\Programs\MiKTeX\tex/latex/psnfss\mathptmx.sty)
(C:\Users\asus\AppData\Local\Programs\MiKTeX\tex/latex/amsmath\amsmath.sty
For additional information on amsmath, use the `?' option.
(C:\Users\asus\AppData\Local\Programs\MiKTeX\tex/latex/amsmath\amstext.sty
(C:\Users\asus\AppData\Local\Programs\MiKTeX\tex/latex/amsmath\amsgen.sty))
(C:\Users\asus\AppData\Local\Programs\MiKTeX\tex/latex/amsmath\amsbsy.sty)
(C:\Users\asus\AppData\Local\Programs\MiKTeX\tex/latex/amsmath\amsopn.sty))
(C:\Users\asus\AppData\Local\Programs\MiKTeX\tex/latex/amsfonts\amssymb.sty
(C:\Users\asus\AppData\Local\Programs\MiKTeX\tex/latex/amsfonts\amsfonts.sty))
(C:\Users\asus\AppData\Local\Programs\MiKTeX\tex/latex/tools\bm.sty)
(C:\Users\asus\AppData\Local\Programs\MiKTeX\tex/latex/float\float.sty)
(C:\Users\asus\AppData\Local\Programs\MiKTeX\tex/latex/caption\caption.sty
(C:\Users\asus\AppData\Local\Programs\MiKTeX\tex/latex/caption\caption3.sty)

Package caption Warning: Unknown document class (or package),
(caption)                standard defaults will be used.
See the caption package documentation for explanation.

)

LaTeX Warning: Package "xcolor" has already been loaded: ignoring load-time
(LaTeX)        option "xcdraw".

(C:\Users\asus\AppData\Local\Programs\MiKTeX\tex/latex/type1cm\type1cm.sty)
(C:\Users\asus\AppData\Local\Programs\MiKTeX\tex/latex/base\fix-cm.sty
(C:\Users\asus\AppData\Local\Programs\MiKTeX\tex/latex/base\ts1enc.def))
(C:\Users\asus\AppData\Local\Programs\MiKTeX\tex/latex/psnfss\ot1ptm.fd)
(C:\Users\asus\AppData\Local\Programs\MiKTeX\tex/latex/l3backend\l3backend-pdft
ex.def) (main.aux)
(C:\Users\asus\AppData\Local\Programs\MiKTeX\tex/context/base/mkii\supp-pdf.mki
i
[Loading MPS to PDF converter (version 2006.09.02).]
)
(C:\Users\asus\AppData\Local\Programs\MiKTeX\tex/latex/epstopdf-pkg\epstopdf-ba
se.sty
(C:\Users\asus\AppData\Local\Programs\MiKTeX\tex/latex/00miktex\epstopdf-sys.cf
g))
Runaway argument?
{{\large \bf \rm Progress in Fractional Differentiation 
G:/work/Journal2LaTeX/backend/temp/41c4f8df-332b-4c69-996e-e7ce36ee07c6/rendere
d/main.tex:128: Paragraph ended before \titlefigurecaption was complete.
<to be read again> 
                   \par 
l.128 
      
G:/work/Journal2LaTeX/backend/temp/41c4f8df-332b-4c69-996e-e7ce36ee07c6/rendere
d/main.tex:129: Too many }'s.
l.129 and Applications}
                       \\ {\it\small An International Journal}}
G:/work/Journal2LaTeX/backend/temp/41c4f8df-332b-4c69-996e-e7ce36ee07c6/rendere
d/main.tex:129: Too many }'s.
l.129 ...}\\ {\it\small An International Journal}}
                                                  

LaTeX Warning: Reference `LastPage' on page 1 undefined on input line 173.

(C:\Users\asus\AppData\Local\Programs\MiKTeX\tex/latex/psnfss\ot1ztmcm.fd)
(C:\Users\asus\AppData\Local\Programs\MiKTeX\tex/latex/psnfss\omlztmcm.fd)
(C:\Users\asus\AppData\Local\Programs\MiKTeX\tex/latex/psnfss\omsztmcm.fd)
(C:\Users\asus\AppData\Local\Programs\MiKTeX\tex/latex/psnfss\omxztmcm.fd)
(C:\Users\asus\AppData\Local\Programs\MiKTeX\tex/latex/psnfss\ts1ptm.fd)
[1{C:/Users/asus/AppData/Local/MiKTeX/fonts/map/pdftex/pdftex.map}{C:/Users/asu
s/AppData/Local/Programs/MiKTeX/fonts/enc/dvips/base/8r.enc} <./logo7pt-eps-con
verted-to.pdf>]

Package mathptmx Warning: There are no bold math fonts on input line 173.

(C:\Users\asus\AppData\Local\Programs\MiKTeX\tex/latex/psnfss\ot1phv.fd)
(C:\Users\asus\AppData\Local\Programs\MiKTeX\tex/latex/psnfss\omsptm.fd)
G:/work/Journal2LaTeX/backend/temp/41c4f8df-332b-4c69-996e-e7ce36ee07c6/rendere
d/main.tex:173: Display math should end with $$.
<to be read again> 
                   M
l.173 \maketitle
                
G:/work/Journal2LaTeX/backend/temp/41c4f8df-332b-4c69-996e-e7ce36ee07c6/rendere
d/main.tex:173: Missing $ inserted.
<inserted text> 
                $
l.173 \maketitle
                
G:/work/Journal2LaTeX/backend/temp/41c4f8df-332b-4c69-996e-e7ce36ee07c6/rendere
d/main.tex:173: Display math should end with $$.
<to be read again> 
                   M
l.173 \maketitle
                
G:/work/Journal2LaTeX/backend/temp/41c4f8df-332b-4c69-996e-e7ce36ee07c6/rendere
d/main.tex:173: Missing $ inserted.
<inserted text> 
                $
l.173 \maketitle
                
G:/work/Journal2LaTeX/backend/temp/41c4f8df-332b-4c69-996e-e7ce36ee07c6/rendere
d/main.tex:186: Missing $ inserted.
<inserted text> 
                $
l.186 
      
G:/work/Journal2LaTeX/backend/temp/41c4f8df-332b-4c69-996e-e7ce36ee07c6/rendere
d/main.tex:186: Display math should end with $$.
<to be read again> 
                   \tex_par:D 
l.186 
      

G:/work/Journal2LaTeX/backend/temp/41c4f8df-332b-4c69-996e-e7ce36ee07c6/rendere
d/main.tex:187: LaTeX Error: Bad math environment delimiter.

See the LaTeX manual or LaTeX Companion for explanation.
Type  H <return>  for immediate help.
 ...                                              
                                                  
l.187 \end{equation}
                    
G:/work/Journal2LaTeX/backend/temp/41c4f8df-332b-4c69-996e-e7ce36ee07c6/rendere
d/main.tex:187: You can't use `\eqno' in vertical mode.
\veqno ->\@kernel@eqno 
                       \aftergroup \ignorespaces 
l.187 \end{equation}
                    
G:/work/Journal2LaTeX/backend/temp/41c4f8df-332b-4c69-996e-e7ce36ee07c6/rendere
d/main.tex:187: Missing $ inserted.
<inserted text> 
                $
l.187 \end{equation}
                    
G:/work/Journal2LaTeX/backend/temp/41c4f8df-332b-4c69-996e-e7ce36ee07c6/rendere
d/main.tex:187: Display math should end with $$.
<to be read again> 
                   \endgroup 
l.187 \end{equation}
                    
G:/work/Journal2LaTeX/backend/temp/41c4f8df-332b-4c69-996e-e7ce36ee07c6/rendere
d/main.tex:195: Missing $ inserted.
<inserted text> 
                $
l.195 
      
G:/work/Journal2LaTeX/backend/temp/41c4f8df-332b-4c69-996e-e7ce36ee07c6/rendere
d/main.tex:195: Display math should end with $$.
<to be read again> 
                   \tex_par:D 
l.195 
      

G:/work/Journal2LaTeX/backend/temp/41c4f8df-332b-4c69-996e-e7ce36ee07c6/rendere
d/main.tex:196: LaTeX Error: Bad math environment delimiter.

See the LaTeX manual or LaTeX Companion for explanation.
Type  H <return>  for immediate help.
 ...                                              
                                                  
l.196 \end{equation}
                    
G:/work/Journal2LaTeX/backend/temp/41c4f8df-332b-4c69-996e-e7ce36ee07c6/rendere
d/main.tex:196: You can't use `\eqno' in vertical mode.
\veqno ->\@kernel@eqno 
                       \aftergroup \ignorespaces 
l.196 \end{equation}
                    
G:/work/Journal2LaTeX/backend/temp/41c4f8df-332b-4c69-996e-e7ce36ee07c6/rendere
d/main.tex:196: Missing $ inserted.
<inserted text> 
                $
l.196 \end{equation}
                    
G:/work/Journal2LaTeX/backend/temp/41c4f8df-332b-4c69-996e-e7ce36ee07c6/rendere
d/main.tex:196: Display math should end with $$.
<to be read again> 
                   \endgroup 
l.196 \end{equation}
                    

LaTeX Warning: Reference `LastPage' on page 2 undefined on input line 196.

[2]
G:/work/Journal2LaTeX/backend/temp/41c4f8df-332b-4c69-996e-e7ce36ee07c6/rendere
d/main.tex:202: Missing $ inserted.
<inserted text> 
                $
l.202 
      
G:/work/Journal2LaTeX/backend/temp/41c4f8df-332b-4c69-996e-e7ce36ee07c6/rendere
d/main.tex:202: Display math should end with $$.
<to be read again> 
                   \tex_par:D 
l.202 
      

G:/work/Journal2LaTeX/backend/temp/41c4f8df-332b-4c69-996e-e7ce36ee07c6/rendere
d/main.tex:203: LaTeX Error: Bad math environment delimiter.

See the LaTeX manual or LaTeX Companion for explanation.
Type  H <return>  for immediate help.
 ...                                              
                                                  
l.203 \end{equation}
                    
G:/work/Journal2LaTeX/backend/temp/41c4f8df-332b-4c69-996e-e7ce36ee07c6/rendere
d/main.tex:203: You can't use `\eqno' in vertical mode.
\veqno ->\@kernel@eqno 
                       \aftergroup \ignorespaces 
l.203 \end{equation}
                    
G:/work/Journal2LaTeX/backend/temp/41c4f8df-332b-4c69-996e-e7ce36ee07c6/rendere
d/main.tex:203: Missing $ inserted.
<inserted text> 
                $
l.203 \end{equation}
                    
G:/work/Journal2LaTeX/backend/temp/41c4f8df-332b-4c69-996e-e7ce36ee07c6/rendere
d/main.tex:203: Display math should end with $$.
<to be read again> 
                   \endgroup 
l.203 \end{equation}
                    

G:/work/Journal2LaTeX/backend/temp/41c4f8df-332b-4c69-996e-e7ce36ee07c6/rendere
d/main.tex:205: LaTeX Error: Unicode character ◻ (U+25FB)
               not set up for use with LaTeX.

See the LaTeX manual or LaTeX Companion for explanation.
Type  H <return>  for immediate help.
 ...                                              
                                                  
l.205 ...ixed point, hence a unique solution. ◻
                                                  
G:/work/Journal2LaTeX/backend/temp/41c4f8df-332b-4c69-996e-e7ce36ee07c6/rendere
d/main.tex:213: Missing $ inserted.
<inserted text> 
                $
l.213 
      
G:/work/Journal2LaTeX/backend/temp/41c4f8df-332b-4c69-996e-e7ce36ee07c6/rendere
d/main.tex:213: Display math should end with $$.
<to be read again> 
                   \tex_par:D 
l.213 
      

G:/work/Journal2LaTeX/backend/temp/41c4f8df-332b-4c69-996e-e7ce36ee07c6/rendere
d/main.tex:214: LaTeX Error: Bad math environment delimiter.

See the LaTeX manual or LaTeX Companion for explanation.
Type  H <return>  for immediate help.
 ...                                              
                                                  
l.214 \end{equation}
                    
G:/work/Journal2LaTeX/backend/temp/41c4f8df-332b-4c69-996e-e7ce36ee07c6/rendere
d/main.tex:214: You can't use `\eqno' in vertical mode.
\veqno ->\@kernel@eqno 
                       \aftergroup \ignorespaces 
l.214 \end{equation}
                    
G:/work/Journal2LaTeX/backend/temp/41c4f8df-332b-4c69-996e-e7ce36ee07c6/rendere
d/main.tex:214: Missing $ inserted.
<inserted text> 
                $
l.214 \end{equation}
                    
G:/work/Journal2LaTeX/backend/temp/41c4f8df-332b-4c69-996e-e7ce36ee07c6/rendere
d/main.tex:214: Display math should end with $$.
<to be read again> 
                   \endgroup 
l.214 \end{equation}
                    
G:/work/Journal2LaTeX/backend/temp/41c4f8df-332b-4c69-996e-e7ce36ee07c6/rendere
d/main.tex:220: Missing $ inserted.
<inserted text> 
                $
l.220 
      
G:/work/Journal2LaTeX/backend/temp/41c4f8df-332b-4c69-996e-e7ce36ee07c6/rendere
d/main.tex:220: Display math should end with $$.
<to be read again> 
                   \tex_par:D 
l.220 
      

G:/work/Journal2LaTeX/backend/temp/41c4f8df-332b-4c69-996e-e7ce36ee07c6/rendere
d/main.tex:221: LaTeX Error: Bad math environment delimiter.

See the LaTeX manual or LaTeX Companion for explanation.
Type  H <return>  for immediate help.
 ...                                              
                                                  
l.221 \end{equation}
                    
G:/work/Journal2LaTeX/backend/temp/41c4f8df-332b-4c69-996e-e7ce36ee07c6/rendere
d/main.tex:221: You can't use `\eqno' in vertical mode.
\veqno ->\@kernel@eqno 
                       \aftergroup \ignorespaces 
l.221 \end{equation}
                    
G:/work/Journal2LaTeX/backend/temp/41c4f8df-332b-4c69-996e-e7ce36ee07c6/rendere
d/main.tex:221: Missing $ inserted.
<inserted text> 
                $
l.221 \end{equation}
                    
G:/work/Journal2LaTeX/backend/temp/41c4f8df-332b-4c69-996e-e7ce36ee07c6/rendere
d/main.tex:221: Display math should end with $$.
<to be read again> 
                   \endgroup 
l.221 \end{equation}
                    
G:/work/Journal2LaTeX/backend/temp/41c4f8df-332b-4c69-996e-e7ce36ee07c6/rendere
d/main.tex:229: Missing $ inserted.
<inserted text> 
                $
l.229 
      
G:/work/Journal2LaTeX/backend/temp/41c4f8df-332b-4c69-996e-e7ce36ee07c6/rendere
d/main.tex:229: Display math should end with $$.
<to be read again> 
                   \tex_par:D 
l.229 
      

G:/work/Journal2LaTeX/backend/temp/41c4f8df-332b-4c69-996e-e7ce36ee07c6/rendere
d/main.tex:230: LaTeX Error: Bad math environment delimiter.

See the LaTeX manual or LaTeX Companion for explanation.
Type  H <return>  for immediate help.
 ...                                              
                                                  
l.230 \end{equation}
                    
G:/work/Journal2LaTeX/backend/temp/41c4f8df-332b-4c69-996e-e7ce36ee07c6/rendere
d/main.tex:230: You can't use `\eqno' in vertical mode.
\veqno ->\@kernel@eqno 
                       \aftergroup \ignorespaces 
l.230 \end{equation}
                    
G:/work/Journal2LaTeX/backend/temp/41c4f8df-332b-4c69-996e-e7ce36ee07c6/rendere
d/main.tex:230: Missing $ inserted.
<inserted text> 
                $
l.230 \end{equation}
                    
G:/work/Journal2LaTeX/backend/temp/41c4f8df-332b-4c69-996e-e7ce36ee07c6/rendere
d/main.tex:230: Display math should end with $$.
<to be read again> 
                   \endgroup 
l.230 \end{equation}
                    
G:/work/Journal2LaTeX/backend/temp/41c4f8df-332b-4c69-996e-e7ce36ee07c6/rendere
d/main.tex:236: Missing $ inserted.
<inserted text> 
                $
l.236 
      
G:/work/Journal2LaTeX/backend/temp/41c4f8df-332b-4c69-996e-e7ce36ee07c6/rendere
d/main.tex:236: Display math should end with $$.
<to be read again> 
                   \tex_par:D 
l.236 
      

G:/work/Journal2LaTeX/backend/temp/41c4f8df-332b-4c69-996e-e7ce36ee07c6/rendere
d/main.tex:237: LaTeX Error: Bad math environment delimiter.

See the LaTeX manual or LaTeX Companion for explanation.
Type  H <return>  for immediate help.
 ...                                              
                                                  
l.237 \end{equation}
                    
G:/work/Journal2LaTeX/backend/temp/41c4f8df-332b-4c69-996e-e7ce36ee07c6/rendere
d/main.tex:237: You can't use `\eqno' in vertical mode.
\veqno ->\@kernel@eqno 
                       \aftergroup \ignorespaces 
l.237 \end{equation}
                    
G:/work/Journal2LaTeX/backend/temp/41c4f8df-332b-4c69-996e-e7ce36ee07c6/rendere
d/main.tex:237: Missing $ inserted.
<inserted text> 
                $
l.237 \end{equation}
                    
G:/work/Journal2LaTeX/backend/temp/41c4f8df-332b-4c69-996e-e7ce36ee07c6/rendere
d/main.tex:237: Display math should end with $$.
<to be read again> 
                   \endgroup 
l.237 \end{equation}
                    
G:/work/Journal2LaTeX/backend/temp/41c4f8df-332b-4c69-996e-e7ce36ee07c6/rendere
d/main.tex:243: Missing $ inserted.
<inserted text> 
                $
l.243 
      
G:/work/Journal2LaTeX/backend/temp/41c4f8df-332b-4c69-996e-e7ce36ee07c6/rendere
d/main.tex:243: Display math should end with $$.
<to be read again> 
                   \tex_par:D 
l.243 
      

G:/work/Journal2LaTeX/backend/temp/41c4f8df-332b-4c69-996e-e7ce36ee07c6/rendere
d/main.tex:244: LaTeX Error: Bad math environment delimiter.

See the LaTeX manual or LaTeX Companion for explanation.
Type  H <return>  for immediate help.
 ...                                              
                                                  
l.244 \end{equation}
                    
G:/work/Journal2LaTeX/backend/temp/41c4f8df-332b-4c69-996e-e7ce36ee07c6/rendere
d/main.tex:244: You can't use `\eqno' in vertical mode.
\veqno ->\@kernel@eqno 
                       \aftergroup \ignorespaces 
l.244 \end{equation}
                    
G:/work/Journal2LaTeX/backend/temp/41c4f8df-332b-4c69-996e-e7ce36ee07c6/rendere
d/main.tex:244: Missing $ inserted.
<inserted text> 
                $
l.244 \end{equation}
                    
G:/work/Journal2LaTeX/backend/temp/41c4f8df-332b-4c69-996e-e7ce36ee07c6/rendere
d/main.tex:244: Display math should end with $$.
<to be read again> 
                   \endgroup 
l.244 \end{equation}
                    
G:/work/Journal2LaTeX/backend/temp/41c4f8df-332b-4c69-996e-e7ce36ee07c6/rendere
d/main.tex:258: Missing $ inserted.
<inserted text> 
                $
l.258 
      
G:/work/Journal2LaTeX/backend/temp/41c4f8df-332b-4c69-996e-e7ce36ee07c6/rendere
d/main.tex:258: Display math should end with $$.
<to be read again> 
                   \tex_par:D 
l.258 
      

G:/work/Journal2LaTeX/backend/temp/41c4f8df-332b-4c69-996e-e7ce36ee07c6/rendere
d/main.tex:259: LaTeX Error: Bad math environment delimiter.

See the LaTeX manual or LaTeX Companion for explanation.
Type  H <return>  for immediate help.
 ...                                              
                                                  
l.259 \end{equation}
                    
G:/work/Journal2LaTeX/backend/temp/41c4f8df-332b-4c69-996e-e7ce36ee07c6/rendere
d/main.tex:259: You can't use `\eqno' in vertical mode.
\veqno ->\@kernel@eqno 
                       \aftergroup \ignorespaces 
l.259 \end{equation}
                    
G:/work/Journal2LaTeX/backend/temp/41c4f8df-332b-4c69-996e-e7ce36ee07c6/rendere
d/main.tex:259: Missing $ inserted.
<inserted text> 
                $
l.259 \end{equation}
                    
G:/work/Journal2LaTeX/backend/temp/41c4f8df-332b-4c69-996e-e7ce36ee07c6/rendere
d/main.tex:259: Display math should end with $$.
<to be read again> 
                   \endgroup 
l.259 \end{equation}
                    

LaTeX Warning: Reference `LastPage' on page 3 undefined on input line 259.

[3]
G:/work/Journal2LaTeX/backend/temp/41c4f8df-332b-4c69-996e-e7ce36ee07c6/rendere
d/main.tex:265: Missing $ inserted.
<inserted text> 
                $
l.265 
      
G:/work/Journal2LaTeX/backend/temp/41c4f8df-332b-4c69-996e-e7ce36ee07c6/rendere
d/main.tex:265: Display math should end with $$.
<to be read again> 
                   \tex_par:D 
l.265 
      

G:/work/Journal2LaTeX/backend/temp/41c4f8df-332b-4c69-996e-e7ce36ee07c6/rendere
d/main.tex:266: LaTeX Error: Bad math environment delimiter.

See the LaTeX manual or LaTeX Companion for explanation.
Type  H <return>  for immediate help.
 ...                                              
                                                  
l.266 \end{equation}
                    
G:/work/Journal2LaTeX/backend/temp/41c4f8df-332b-4c69-996e-e7ce36ee07c6/rendere
d/main.tex:266: You can't use `\eqno' in vertical mode.
\veqno ->\@kernel@eqno 
                       \aftergroup \ignorespaces 
l.266 \end{equation}
                    
G:/work/Journal2LaTeX/backend/temp/41c4f8df-332b-4c69-996e-e7ce36ee07c6/rendere
d/main.tex:266: Missing $ inserted.
<inserted text> 
                $
l.266 \end{equation}
                    
G:/work/Journal2LaTeX/backend/temp/41c4f8df-332b-4c69-996e-e7ce36ee07c6/rendere
d/main.tex:266: Display math should end with $$.
<to be read again> 
                   \endgroup 
l.266 \end{equation}
                    
G:/work/Journal2LaTeX/backend/temp/41c4f8df-332b-4c69-996e-e7ce36ee07c6/rendere
d/main.tex:276: Missing $ inserted.
<inserted text> 
                $
l.276 
      
G:/work/Journal2LaTeX/backend/temp/41c4f8df-332b-4c69-996e-e7ce36ee07c6/rendere
d/main.tex:276: Display math should end with $$.
<to be read again> 
                   \tex_par:D 
l.276 
      

G:/work/Journal2LaTeX/backend/temp/41c4f8df-332b-4c69-996e-e7ce36ee07c6/rendere
d/main.tex:277: LaTeX Error: Bad math environment delimiter.

See the LaTeX manual or LaTeX Companion for explanation.
Type  H <return>  for immediate help.
 ...                                              
                                                  
l.277 \end{equation}
                    
G:/work/Journal2LaTeX/backend/temp/41c4f8df-332b-4c69-996e-e7ce36ee07c6/rendere
d/main.tex:277: You can't use `\eqno' in vertical mode.
\veqno ->\@kernel@eqno 
                       \aftergroup \ignorespaces 
l.277 \end{equation}
                    
G:/work/Journal2LaTeX/backend/temp/41c4f8df-332b-4c69-996e-e7ce36ee07c6/rendere
d/main.tex:277: Missing $ inserted.
<inserted text> 
                $
l.277 \end{equation}
                    
G:/work/Journal2LaTeX/backend/temp/41c4f8df-332b-4c69-996e-e7ce36ee07c6/rendere
d/main.tex:277: Display math should end with $$.
<to be read again> 
                   \endgroup 
l.277 \end{equation}
                    
G:/work/Journal2LaTeX/backend/temp/41c4f8df-332b-4c69-996e-e7ce36ee07c6/rendere
d/main.tex:283: Missing $ inserted.
<inserted text> 
                $
l.283 
      
G:/work/Journal2LaTeX/backend/temp/41c4f8df-332b-4c69-996e-e7ce36ee07c6/rendere
d/main.tex:283: Display math should end with $$.
<to be read again> 
                   \tex_par:D 
l.283 
      

G:/work/Journal2LaTeX/backend/temp/41c4f8df-332b-4c69-996e-e7ce36ee07c6/rendere
d/main.tex:284: LaTeX Error: Bad math environment delimiter.

See the LaTeX manual or LaTeX Companion for explanation.
Type  H <return>  for immediate help.
 ...                                              
                                                  
l.284 \end{equation}
                    
G:/work/Journal2LaTeX/backend/temp/41c4f8df-332b-4c69-996e-e7ce36ee07c6/rendere
d/main.tex:284: You can't use `\eqno' in vertical mode.
\veqno ->\@kernel@eqno 
                       \aftergroup \ignorespaces 
l.284 \end{equation}
                    
G:/work/Journal2LaTeX/backend/temp/41c4f8df-332b-4c69-996e-e7ce36ee07c6/rendere
d/main.tex:284: Missing $ inserted.
<inserted text> 
                $
l.284 \end{equation}
                    
G:/work/Journal2LaTeX/backend/temp/41c4f8df-332b-4c69-996e-e7ce36ee07c6/rendere
d/main.tex:284: Display math should end with $$.
<to be read again> 
                   \endgroup 
l.284 \end{equation}
                    
G:/work/Journal2LaTeX/backend/temp/41c4f8df-332b-4c69-996e-e7ce36ee07c6/rendere
d/main.tex:290: Missing $ inserted.
<inserted text> 
                $
l.290 
      
G:/work/Journal2LaTeX/backend/temp/41c4f8df-332b-4c69-996e-e7ce36ee07c6/rendere
d/main.tex:290: Display math should end with $$.
<to be read again> 
                   \tex_par:D 
l.290 
      

G:/work/Journal2LaTeX/backend/temp/41c4f8df-332b-4c69-996e-e7ce36ee07c6/rendere
d/main.tex:291: LaTeX Error: Bad math environment delimiter.

See the LaTeX manual or LaTeX Companion for explanation.
Type  H <return>  for immediate help.
 ...                                              
                                                  
l.291 \end{equation}
                    
G:/work/Journal2LaTeX/backend/temp/41c4f8df-332b-4c69-996e-e7ce36ee07c6/rendere
d/main.tex:291: You can't use `\eqno' in vertical mode.
\veqno ->\@kernel@eqno 
                       \aftergroup \ignorespaces 
l.291 \end{equation}
                    
G:/work/Journal2LaTeX/backend/temp/41c4f8df-332b-4c69-996e-e7ce36ee07c6/rendere
d/main.tex:291: Missing $ inserted.
<inserted text> 
                $
l.291 \end{equation}
                    
G:/work/Journal2LaTeX/backend/temp/41c4f8df-332b-4c69-996e-e7ce36ee07c6/rendere
d/main.tex:291: Display math should end with $$.
<to be read again> 
                   \endgroup 
l.291 \end{equation}
                    
G:/work/Journal2LaTeX/backend/temp/41c4f8df-332b-4c69-996e-e7ce36ee07c6/rendere
d/main.tex:299: Missing $ inserted.
<inserted text> 
                $
l.299 
      
G:/work/Journal2LaTeX/backend/temp/41c4f8df-332b-4c69-996e-e7ce36ee07c6/rendere
d/main.tex:299: Display math should end with $$.
<to be read again> 
                   \tex_par:D 
l.299 
      

G:/work/Journal2LaTeX/backend/temp/41c4f8df-332b-4c69-996e-e7ce36ee07c6/rendere
d/main.tex:300: LaTeX Error: Bad math environment delimiter.

See the LaTeX manual or LaTeX Companion for explanation.
Type  H <return>  for immediate help.
 ...                                              
                                                  
l.300 \end{equation}
                    
G:/work/Journal2LaTeX/backend/temp/41c4f8df-332b-4c69-996e-e7ce36ee07c6/rendere
d/main.tex:300: You can't use `\eqno' in vertical mode.
\veqno ->\@kernel@eqno 
                       \aftergroup \ignorespaces 
l.300 \end{equation}
                    
G:/work/Journal2LaTeX/backend/temp/41c4f8df-332b-4c69-996e-e7ce36ee07c6/rendere
d/main.tex:300: Missing $ inserted.
<inserted text> 
                $
l.300 \end{equation}
                    
G:/work/Journal2LaTeX/backend/temp/41c4f8df-332b-4c69-996e-e7ce36ee07c6/rendere
d/main.tex:300: Display math should end with $$.
<to be read again> 
                   \endgroup 
l.300 \end{equation}
                    
G:/work/Journal2LaTeX/backend/temp/41c4f8df-332b-4c69-996e-e7ce36ee07c6/rendere
d/main.tex:306: Missing $ inserted.
<inserted text> 
                $
l.306 
      
G:/work/Journal2LaTeX/backend/temp/41c4f8df-332b-4c69-996e-e7ce36ee07c6/rendere
d/main.tex:306: Display math should end with $$.
<to be read again> 
                   \tex_par:D 
l.306 
      

G:/work/Journal2LaTeX/backend/temp/41c4f8df-332b-4c69-996e-e7ce36ee07c6/rendere
d/main.tex:307: LaTeX Error: Bad math environment delimiter.

See the LaTeX manual or LaTeX Companion for explanation.
Type  H <return>  for immediate help.
 ...                                              
                                                  
l.307 \end{equation}
                    
G:/work/Journal2LaTeX/backend/temp/41c4f8df-332b-4c69-996e-e7ce36ee07c6/rendere
d/main.tex:307: You can't use `\eqno' in vertical mode.
\veqno ->\@kernel@eqno 
                       \aftergroup \ignorespaces 
l.307 \end{equation}
                    
G:/work/Journal2LaTeX/backend/temp/41c4f8df-332b-4c69-996e-e7ce36ee07c6/rendere
d/main.tex:307: Missing $ inserted.
<inserted text> 
                $
l.307 \end{equation}
                    
G:/work/Journal2LaTeX/backend/temp/41c4f8df-332b-4c69-996e-e7ce36ee07c6/rendere
d/main.tex:307: Display math should end with $$.
<to be read again> 
                   \endgroup 
l.307 \end{equation}
                    
(C:\Users\asus\AppData\Local\Programs\MiKTeX\tex/latex/psnfss\omlptm.fd)
G:/work/Journal2LaTeX/backend/temp/41c4f8df-332b-4c69-996e-e7ce36ee07c6/rendere
d/main.tex:315: Missing $ inserted.
<inserted text> 
                $
l.315 
      
G:/work/Journal2LaTeX/backend/temp/41c4f8df-332b-4c69-996e-e7ce36ee07c6/rendere
d/main.tex:315: Display math should end with $$.
<to be read again> 
                   \tex_par:D 
l.315 
      

G:/work/Journal2LaTeX/backend/temp/41c4f8df-332b-4c69-996e-e7ce36ee07c6/rendere
d/main.tex:316: LaTeX Error: Bad math environment delimiter.

See the LaTeX manual or LaTeX Companion for explanation.
Type  H <return>  for immediate help.
 ...                                              
                                                  
l.316 \end{equation}
                    
G:/work/Journal2LaTeX/backend/temp/41c4f8df-332b-4c69-996e-e7ce36ee07c6/rendere
d/main.tex:316: You can't use `\eqno' in vertical mode.
\veqno ->\@kernel@eqno 
                       \aftergroup \ignorespaces 
l.316 \end{equation}
                    

Overfull \hbox (133.64804pt too wide) has occurred while \output is active
[] [] \OT1/ptm/m/n/9 Roselyn Besi P et al.: Fractal-Fractional Tactic of Mathem
atical Modelling on Math Anxiety Using Hadamard Derivative: A Comprehensive Stu
dy
[4]
G:/work/Journal2LaTeX/backend/temp/41c4f8df-332b-4c69-996e-e7ce36ee07c6/rendere
d/main.tex:316: Missing $ inserted.
<inserted text> 
                $
l.316 \end{equation}
                    
G:/work/Journal2LaTeX/backend/temp/41c4f8df-332b-4c69-996e-e7ce36ee07c6/rendere
d/main.tex:316: Display math should end with $$.
<to be read again> 
                   \endgroup 
l.316 \end{equation}
                    
G:/work/Journal2LaTeX/backend/temp/41c4f8df-332b-4c69-996e-e7ce36ee07c6/rendere
d/main.tex:324: Missing $ inserted.
<inserted text> 
                $
l.324 
      
G:/work/Journal2LaTeX/backend/temp/41c4f8df-332b-4c69-996e-e7ce36ee07c6/rendere
d/main.tex:324: Display math should end with $$.
<to be read again> 
                   \tex_par:D 
l.324 
      

G:/work/Journal2LaTeX/backend/temp/41c4f8df-332b-4c69-996e-e7ce36ee07c6/rendere
d/main.tex:325: LaTeX Error: Bad math environment delimiter.

See the LaTeX manual or LaTeX Companion for explanation.
Type  H <return>  for immediate help.
 ...                                              
                                                  
l.325 \end{equation}
                    
G:/work/Journal2LaTeX/backend/temp/41c4f8df-332b-4c69-996e-e7ce36ee07c6/rendere
d/main.tex:325: You can't use `\eqno' in vertical mode.
\veqno ->\@kernel@eqno 
                       \aftergroup \ignorespaces 
l.325 \end{equation}
                    
G:/work/Journal2LaTeX/backend/temp/41c4f8df-332b-4c69-996e-e7ce36ee07c6/rendere
d/main.tex:325: Missing $ inserted.
<inserted text> 
                $
l.325 \end{equation}
                    
G:/work/Journal2LaTeX/backend/temp/41c4f8df-332b-4c69-996e-e7ce36ee07c6/rendere
d/main.tex:325: Display math should end with $$.
<to be read again> 
                   \endgroup 
l.325 \end{equation}
                    
G:/work/Journal2LaTeX/backend/temp/41c4f8df-332b-4c69-996e-e7ce36ee07c6/rendere
d/main.tex:337: Missing $ inserted.
<inserted text> 
                $
l.337 
      
G:/work/Journal2LaTeX/backend/temp/41c4f8df-332b-4c69-996e-e7ce36ee07c6/rendere
d/main.tex:337: Display math should end with $$.
<to be read again> 
                   \tex_par:D 
l.337 
      

G:/work/Journal2LaTeX/backend/temp/41c4f8df-332b-4c69-996e-e7ce36ee07c6/rendere
d/main.tex:338: LaTeX Error: Bad math environment delimiter.

See the LaTeX manual or LaTeX Companion for explanation.
Type  H <return>  for immediate help.
 ...                                              
                                                  
l.338 \end{equation}
                    
G:/work/Journal2LaTeX/backend/temp/41c4f8df-332b-4c69-996e-e7ce36ee07c6/rendere
d/main.tex:338: You can't use `\eqno' in vertical mode.
\veqno ->\@kernel@eqno 
                       \aftergroup \ignorespaces 
l.338 \end{equation}
                    
G:/work/Journal2LaTeX/backend/temp/41c4f8df-332b-4c69-996e-e7ce36ee07c6/rendere
d/main.tex:338: Missing $ inserted.
<inserted text> 
                $
l.338 \end{equation}
                    
G:/work/Journal2LaTeX/backend/temp/41c4f8df-332b-4c69-996e-e7ce36ee07c6/rendere
d/main.tex:338: Display math should end with $$.
<to be read again> 
                   \endgroup 
l.338 \end{equation}
                    
G:/work/Journal2LaTeX/backend/temp/41c4f8df-332b-4c69-996e-e7ce36ee07c6/rendere
d/main.tex:344: Missing $ inserted.
<inserted text> 
                $
l.344 
      
G:/work/Journal2LaTeX/backend/temp/41c4f8df-332b-4c69-996e-e7ce36ee07c6/rendere
d/main.tex:344: Display math should end with $$.
<to be read again> 
                   \tex_par:D 
l.344 
      

G:/work/Journal2LaTeX/backend/temp/41c4f8df-332b-4c69-996e-e7ce36ee07c6/rendere
d/main.tex:345: LaTeX Error: Bad math environment delimiter.

See the LaTeX manual or LaTeX Companion for explanation.
Type  H <return>  for immediate help.
 ...                                              
                                                  
l.345 \end{equation}
                    
G:/work/Journal2LaTeX/backend/temp/41c4f8df-332b-4c69-996e-e7ce36ee07c6/rendere
d/main.tex:345: You can't use `\eqno' in vertical mode.
\veqno ->\@kernel@eqno 
                       \aftergroup \ignorespaces 
l.345 \end{equation}
                    
G:/work/Journal2LaTeX/backend/temp/41c4f8df-332b-4c69-996e-e7ce36ee07c6/rendere
d/main.tex:345: Missing $ inserted.
<inserted text> 
                $
l.345 \end{equation}
                    
G:/work/Journal2LaTeX/backend/temp/41c4f8df-332b-4c69-996e-e7ce36ee07c6/rendere
d/main.tex:345: Display math should end with $$.
<to be read again> 
                   \endgroup 
l.345 \end{equation}
                    
G:/work/Journal2LaTeX/backend/temp/41c4f8df-332b-4c69-996e-e7ce36ee07c6/rendere
d/main.tex:351: Missing $ inserted.
<inserted text> 
                $
l.351 
      
G:/work/Journal2LaTeX/backend/temp/41c4f8df-332b-4c69-996e-e7ce36ee07c6/rendere
d/main.tex:351: Display math should end with $$.
<to be read again> 
                   \tex_par:D 
l.351 
      

G:/work/Journal2LaTeX/backend/temp/41c4f8df-332b-4c69-996e-e7ce36ee07c6/rendere
d/main.tex:352: LaTeX Error: Bad math environment delimiter.

See the LaTeX manual or LaTeX Companion for explanation.
Type  H <return>  for immediate help.
 ...                                              
                                                  
l.352 \end{equation}
                    
G:/work/Journal2LaTeX/backend/temp/41c4f8df-332b-4c69-996e-e7ce36ee07c6/rendere
d/main.tex:352: You can't use `\eqno' in vertical mode.
\veqno ->\@kernel@eqno 
                       \aftergroup \ignorespaces 
l.352 \end{equation}
                    
G:/work/Journal2LaTeX/backend/temp/41c4f8df-332b-4c69-996e-e7ce36ee07c6/rendere
d/main.tex:352: Missing $ inserted.
<inserted text> 
                $
l.352 \end{equation}
                    
G:/work/Journal2LaTeX/backend/temp/41c4f8df-332b-4c69-996e-e7ce36ee07c6/rendere
d/main.tex:352: Display math should end with $$.
<to be read again> 
                   \endgroup 
l.352 \end{equation}
                    
G:/work/Journal2LaTeX/backend/temp/41c4f8df-332b-4c69-996e-e7ce36ee07c6/rendere
d/main.tex:364: Missing $ inserted.
<inserted text> 
                $
l.364 
      
G:/work/Journal2LaTeX/backend/temp/41c4f8df-332b-4c69-996e-e7ce36ee07c6/rendere
d/main.tex:364: Display math should end with $$.
<to be read again> 
                   \tex_par:D 
l.364 
      

G:/work/Journal2LaTeX/backend/temp/41c4f8df-332b-4c69-996e-e7ce36ee07c6/rendere
d/main.tex:365: LaTeX Error: Bad math environment delimiter.

See the LaTeX manual or LaTeX Companion for explanation.
Type  H <return>  for immediate help.
 ...                                              
                                                  
l.365 \end{equation}
                    
G:/work/Journal2LaTeX/backend/temp/41c4f8df-332b-4c69-996e-e7ce36ee07c6/rendere
d/main.tex:365: You can't use `\eqno' in vertical mode.
\veqno ->\@kernel@eqno 
                       \aftergroup \ignorespaces 
l.365 \end{equation}
                    
G:/work/Journal2LaTeX/backend/temp/41c4f8df-332b-4c69-996e-e7ce36ee07c6/rendere
d/main.tex:365: Missing $ inserted.
<inserted text> 
                $
l.365 \end{equation}
                    
G:/work/Journal2LaTeX/backend/temp/41c4f8df-332b-4c69-996e-e7ce36ee07c6/rendere
d/main.tex:365: Display math should end with $$.
<to be read again> 
                   \endgroup 
l.365 \end{equation}
                    

LaTeX Warning: Reference `LastPage' on page 5 undefined on input line 365.

[5]
Underfull \vbox (badness 10000) has occurred while \output is active
Overfull \hbox (133.64804pt too wide) has occurred while \output is active
[] [] \OT1/ptm/m/n/9 Roselyn Besi P et al.: Fractal-Fractional Tactic of Mathem
atical Modelling on Math Anxiety Using Hadamard Derivative: A Comprehensive Stu
dy
[6 <./media/image1.png>]

LaTeX Warning: Reference `LastPage' on page 7 undefined on input line 431.

[7 <./media/image2.png> <./media/image3.png>]
Overfull \hbox (133.64804pt too wide) has occurred while \output is active
[] [] \OT1/ptm/m/n/9 Roselyn Besi P et al.: Fractal-Fractional Tactic of Mathem
atical Modelling on Math Anxiety Using Hadamard Derivative: A Comprehensive Stu
dy
[8 <./media/image4.png> <./media/image5.png>]

LaTeX Warning: Reference `LastPage' on page 9 undefined on input line 514.

[9]
Overfull \hbox (133.64804pt too wide) has occurred while \output is active
[] [] \OT1/ptm/m/n/9 Roselyn Besi P et al.: Fractal-Fractional Tactic of Mathem
atical Modelling on Math Anxiety Using Hadamard Derivative: A Comprehensive Stu
dy
[10] 
enddocument/afterlastpage (AED): lastpage setting LastPage.
(main.aux)

LaTeX Warning: There were undefined references.


LaTeX Warning: Label(s) may have changed. Rerun to get cross-references right.


Package rerunfilecheck Warning: File `main.out' has changed.
(rerunfilecheck)                Rerun to get outlines right
(rerunfilecheck)                or use package `bookmark'.


Package lastpage Warning: Rerun to get the references right on input line 532.

 )
(see the transcript file for additional information)<C:/Users/asus/AppData/Loca
l/Programs/MiKTeX/fonts/type1/public/amsfonts/cm/cmex10.pfb><C:/Users/asus/AppD
ata/Local/Programs/MiKTeX/fonts/type1/public/amsfonts/cm/cmmi10.pfb><C:/Users/a
sus/AppData/Local/Programs/MiKTeX/fonts/type1/public/amsfonts/cm/cmr10.pfb><C:/
Users/asus/AppData/Local/Programs/MiKTeX/fonts/type1/public/amsfonts/cm/cmsy10.
pfb><C:/Users/asus/AppData/Local/Programs/MiKTeX/fonts/type1/urw/helvetic/uhvb8
a.pfb><C:/Users/asus/AppData/Local/Programs/MiKTeX/fonts/type1/urw/symbol/usyr.
pfb><C:/Users/asus/AppData/Local/Programs/MiKTeX/fonts/type1/urw/symbol/usyr.pf
b><C:/Users/asus/AppData/Local/Programs/MiKTeX/fonts/type1/urw/times/utmb8a.pfb
><C:/Users/asus/AppData/Local/Programs/MiKTeX/fonts/type1/urw/times/utmr8a.pfb>
<C:/Users/asus/AppData/Local/Programs/MiKTeX/fonts/type1/urw/times/utmri8a.pfb>

Output written on main.pdf (10 pages, 288196 bytes).
Transcript written on main.log.
Latexmk: Getting log file 'main.log'
Latexmk: Examining 'main.fls'
Latexmk: Examining 'main.log'
Latexmk: References changed.
Latexmk: References changed.
Latexmk: References changed.
Latexmk: Log file says output to 'main.pdf'
Latexmk: Summary of warnings from last run of *latex:
  Latex failed to resolve 6 reference(s)
Latexmk: Errors, so I did not complete making targets
Collected error summary (may duplicate other messages):
  pdflatex: Command for 'pdflatex' gave return code 1
      Refer to 'main.log' and/or above output for details



STDERR:
Latexmk: ====Problematic refs and citations with line #s in .tex file:
  Reference `LastPage' on page 1 undefined on input line 173
  Reference `LastPage' on page 2 undefined on input line 196
  Reference `LastPage' on page 3 undefined on input line 259
  Reference `LastPage' on page 5 undefined on input line 365
  Reference `LastPage' on page 7 undefined on input line 431
  Reference `LastPage' on page 9 undefined on input line 514
Latexmk: Sometimes, the -f option can be used to get latexmk
  to try to force complete processing.
  But normally, you will need to correct the file(s) that caused the
  error, and then rerun latexmk.
  In some cases, it is best to clean out generated files before rerunning
  latexmk after you've corrected the files.
Reverting Windows console CPs to (in,out) = (437,65001)
