[2026-07-22 01:56:44,476] [INFO] [job_manager.py:136]: Job 7721a778-798d-4375-8c59-13554474af23 workspace created successfully
[2026-07-22 01:56:44,504] [INFO] [pipeline_service.py:45]: Starting validation for job: 7721a778-798d-4375-8c59-13554474af23
[2026-07-22 01:56:44,521] [INFO] [job_manager.py:180]: Job status updated to: VALIDATING
[2026-07-22 01:56:44,535] [INFO] [job_manager.py:204]: Progress updated to 10%: Validating input Word Document
[2026-07-22 01:56:44,552] [INFO] [pipeline_service.py:60]: Validation successful.
[2026-07-22 01:56:44,566] [INFO] [job_manager.py:204]: Progress updated to 20%: Input document validated successfully
[2026-07-22 01:56:44,566] [INFO] [pipeline_service.py:67]: Starting document analysis for job: 7721a778-798d-4375-8c59-13554474af23
[2026-07-22 01:56:44,580] [INFO] [job_manager.py:180]: Job status updated to: ANALYZING_DOCUMENT
[2026-07-22 01:56:44,594] [INFO] [job_manager.py:204]: Progress updated to 30%: Analyzing document structure and content blocks
[2026-07-22 01:56:44,595] [INFO] [document_analyzer.py:33]: Starting improved document analysis for: G:\work\Journal2LaTeX\backend\temp\7721a778-798d-4375-8c59-13554474af23\input\The role.docx
[2026-07-22 01:56:45,677] [INFO] [document_analyzer.py:511]: Parsed document: title='The Role of Social Media in the Spread and Countering of Cyber-Extremism: An Islamic Jurisprudential and Educational Perspective', authors=3, sections=41, references=42
[2026-07-22 01:56:45,684] [INFO] [pipeline_service.py:95]: Document analysis completed. Saved structure to: G:\work\Journal2LaTeX\backend\temp\7721a778-798d-4375-8c59-13554474af23\intermediate\document_structure.json, report to: G:\work\Journal2LaTeX\backend\temp\7721a778-798d-4375-8c59-13554474af23\intermediate\conversion_report.json
[2026-07-22 01:56:45,699] [INFO] [job_manager.py:204]: Progress updated to 45%: Document structure extracted successfully
[2026-07-22 01:56:45,700] [INFO] [pipeline_service.py:108]: Starting asset extraction for job: 7721a778-798d-4375-8c59-13554474af23
[2026-07-22 01:56:45,713] [INFO] [job_manager.py:180]: Job status updated to: EXTRACTING_ASSETS
[2026-07-22 01:56:45,734] [INFO] [job_manager.py:204]: Progress updated to 50%: Extracting images and figure assets from document
[2026-07-22 01:56:51,547] [INFO] [pipeline_service.py:223]: Office object fig:office1 placed=True
[2026-07-22 01:56:51,597] [INFO] [pipeline_service.py:141]: Assets extracted to: G:\work\Journal2LaTeX\backend\temp\7721a778-798d-4375-8c59-13554474af23\intermediate\media
[2026-07-22 01:56:51,613] [INFO] [job_manager.py:204]: Progress updated to 60%: Document assets extracted successfully
[2026-07-22 01:56:51,613] [INFO] [pipeline_service.py:231]: Classifying extracted assets for job: 7721a778-798d-4375-8c59-13554474af23
[2026-07-22 01:56:51,613] [INFO] [asset_analyzer.py:23]: Starting extended asset analysis for job: 7721a778-798d-4375-8c59-13554474af23
[2026-07-22 01:56:51,616] [INFO] [asset_analyzer.py:153]: Extended asset classification completed. Assets classified: 8
[2026-07-22 01:56:51,633] [INFO] [job_manager.py:204]: Progress updated to 65%: Extracted assets analyzed and mapped successfully
[2026-07-22 01:56:51,697] [INFO] [pipeline_service.py:247]: Loading template 946adfce-fbfb-44ca-8d20-b477a6765248 for job: 7721a778-798d-4375-8c59-13554474af23
[2026-07-22 01:56:51,713] [INFO] [job_manager.py:180]: Job status updated to: LOADING_TEMPLATE
[2026-07-22 01:56:51,728] [INFO] [job_manager.py:204]: Progress updated to 70%: Loading template styles: 946adfce-fbfb-44ca-8d20-b477a6765248
[2026-07-22 01:56:51,819] [INFO] [pipeline_service.py:269]: Template loaded and workspace prepared at: G:\work\Journal2LaTeX\backend\temp\7721a778-798d-4375-8c59-13554474af23\rendered
[2026-07-22 01:56:51,837] [INFO] [job_manager.py:204]: Progress updated to 80%: Template workspace initialized
[2026-07-22 01:56:51,839] [INFO] [pipeline_service.py:294]: Starting LaTeX rendering for job: 7721a778-798d-4375-8c59-13554474af23
[2026-07-22 01:56:51,852] [INFO] [job_manager.py:180]: Job status updated to: RENDERING_LATEX
[2026-07-22 01:56:51,867] [INFO] [job_manager.py:204]: Progress updated to 85%: Rendering document content to LaTeX
[2026-07-22 01:56:51,886] [INFO] [latex_renderer.py:72]: Starting LaTeX rendering inside workspace: G:\work\Journal2LaTeX\backend\temp\7721a778-798d-4375-8c59-13554474af23\rendered
[2026-07-22 01:56:51,981] [INFO] [latex_renderer.py:359]: LaTeX document main.tex rendered successfully.
[2026-07-22 01:56:52,115] [INFO] [header_reconstructor.py:124]: Template class draws its own header; skipping fancyhdr injection.
[2026-07-22 01:56:52,117] [INFO] [job_manager.py:204]: Progress updated to 90%: LaTeX document rendering completed
[2026-07-22 01:56:52,118] [INFO] [pipeline_service.py:357]: Starting document compilation for job: 7721a778-798d-4375-8c59-13554474af23
[2026-07-22 01:56:52,132] [INFO] [job_manager.py:180]: Job status updated to: COMPILING
[2026-07-22 01:56:52,144] [INFO] [job_manager.py:204]: Progress updated to 92%: Compiling LaTeX source to PDF
[2026-07-22 01:56:57,691] [ERROR] [pipeline_service.py:385]: LaTeX compilation failed: Template is missing required local resource(s); aborting before pdflatex. Ensure the template package ships these files:
  - usepackage -> newunicodechar
[2026-07-22 01:56:57,703] [ERROR] [job_manager.py:228]: Job error added: LaTeX compilation failed: Template is missing required local resource(s); aborting before pdflatex. Ensure the template package ships these files:
  - usepackage -> newunicodechar
