[2026-08-03 15:09:29,228] [INFO] [latex_compiler.py:337]: Starting LaTeX compilation for: G:\work\Journal2LaTeX\backend\temp\306da8ad-fc52-4b57-a087-9b46ea7e1da0\rendered\main.tex
[2026-08-03 15:09:29,314] [INFO] [latex_compiler.py:364]: Applied template compatibility layer to main.tex
[2026-08-03 15:09:29,317] [INFO] [latex_compiler.py:126]: Rendered working directory tree before compilation:
  010102.aux
  010102.log
  010102.out
  010102.pdf
  010102.synctex.gz
  default.cls
  default.sty
  everyshi.sty
  FDESPFDA2014revised1.eps
  logo.png
  logo7pt-eps-converted-to.pdf
  logo7pt.eps
  main.tex
  media/
  NSP1.cls
  psfig.sty
  template.tex
[2026-08-03 15:09:29,318] [INFO] [latex_compiler.py:132]: Template resource manifest (16 files):
  010102.aux                               generated document / build artefact
  010102.log                               generated document / build artefact
  010102.out                               generated document / build artefact
  010102.pdf                               template resource (graphic (PDF))
  010102.synctex.gz                        generated document / build artefact
  default.cls                              template resource (document class)
  default.sty                              template resource (package / style)
  everyshi.sty                             template resource (package / style)
  FDESPFDA2014revised1.eps                 template resource (graphic (EPS))
  logo.png                                 template resource (graphic (PNG))
  logo7pt-eps-converted-to.pdf             template resource (graphic (PDF))
  logo7pt.eps                              template resource (graphic (EPS))
  main.tex                                 generated document / build artefact
  NSP1.cls                                 template resource (document class)
  psfig.sty                                template resource (package / style)
  template.tex                             template resource (included source)
[2026-08-03 15:09:31,107] [INFO] [latex_compiler.py:154]: Dependency resolution (5 references):
  [LOCAL  ] documentclass   default
  [SYSTEM ] usepackage      xcolor
  [LOCAL  ] usepackage      default
  [SYSTEM ] usepackage      type1cm
  [SYSTEM ] usepackage      fix-cm
