[2026-08-03 15:09:28,500] [INFO] [job_manager.py:136]: Job 306da8ad-fc52-4b57-a087-9b46ea7e1da0 workspace created successfully
[2026-08-03 15:09:28,522] [INFO] [pipeline_service.py:46]: Starting validation for job: 306da8ad-fc52-4b57-a087-9b46ea7e1da0
[2026-08-03 15:09:28,538] [INFO] [job_manager.py:180]: Job status updated to: VALIDATING
[2026-08-03 15:09:28,552] [INFO] [job_manager.py:204]: Progress updated to 10%: Validating input Word Document
[2026-08-03 15:09:28,555] [INFO] [pipeline_service.py:61]: Validation successful.
[2026-08-03 15:09:28,571] [INFO] [job_manager.py:204]: Progress updated to 20%: Input document validated successfully
[2026-08-03 15:09:28,572] [INFO] [pipeline_service.py:68]: Starting document analysis for job: 306da8ad-fc52-4b57-a087-9b46ea7e1da0
[2026-08-03 15:09:28,589] [INFO] [job_manager.py:180]: Job status updated to: ANALYZING_DOCUMENT
[2026-08-03 15:09:28,602] [INFO] [job_manager.py:204]: Progress updated to 30%: Analyzing document structure and content blocks
[2026-08-03 15:09:28,602] [INFO] [document_analyzer.py:119]: Starting improved document analysis for: G:\work\Journal2LaTeX\backend\temp\306da8ad-fc52-4b57-a087-9b46ea7e1da0\input\sample.docx
[2026-08-03 15:09:28,648] [INFO] [document_analyzer.py:777]: Parsed document: title='Hello from Journal2LaTeX. This is a minimal DOCX document to verify the conversion engine.', authors=0, sections=0, references=0
[2026-08-03 15:09:28,649] [INFO] [pipeline_service.py:96]: Document analysis completed. Saved structure to: G:\work\Journal2LaTeX\backend\temp\306da8ad-fc52-4b57-a087-9b46ea7e1da0\intermediate\document_structure.json, report to: G:\work\Journal2LaTeX\backend\temp\306da8ad-fc52-4b57-a087-9b46ea7e1da0\intermediate\conversion_report.json
[2026-08-03 15:09:28,674] [INFO] [job_manager.py:204]: Progress updated to 45%: Document structure extracted successfully
[2026-08-03 15:09:28,674] [INFO] [pipeline_service.py:109]: Starting asset extraction for job: 306da8ad-fc52-4b57-a087-9b46ea7e1da0
[2026-08-03 15:09:28,690] [INFO] [job_manager.py:180]: Job status updated to: EXTRACTING_ASSETS
[2026-08-03 15:09:28,704] [INFO] [job_manager.py:204]: Progress updated to 50%: Extracting images and figure assets from document
[2026-08-03 15:09:28,793] [INFO] [pipeline_service.py:156]: Assets extracted to: G:\work\Journal2LaTeX\backend\temp\306da8ad-fc52-4b57-a087-9b46ea7e1da0\intermediate\media
[2026-08-03 15:09:28,809] [INFO] [job_manager.py:204]: Progress updated to 60%: Document assets extracted successfully
[2026-08-03 15:09:28,809] [INFO] [pipeline_service.py:273]: Classifying extracted assets for job: 306da8ad-fc52-4b57-a087-9b46ea7e1da0
[2026-08-03 15:09:28,810] [INFO] [asset_analyzer.py:23]: Starting extended asset analysis for job: 306da8ad-fc52-4b57-a087-9b46ea7e1da0
[2026-08-03 15:09:28,813] [INFO] [asset_analyzer.py:153]: Extended asset classification completed. Assets classified: 0
[2026-08-03 15:09:28,829] [INFO] [job_manager.py:204]: Progress updated to 65%: Extracted assets analyzed and mapped successfully
[2026-08-03 15:09:28,865] [INFO] [pipeline_service.py:289]: Loading template default for job: 306da8ad-fc52-4b57-a087-9b46ea7e1da0
[2026-08-03 15:09:28,879] [INFO] [job_manager.py:180]: Job status updated to: LOADING_TEMPLATE
[2026-08-03 15:09:28,894] [INFO] [job_manager.py:204]: Progress updated to 70%: Loading template styles: default
[2026-08-03 15:09:28,982] [INFO] [pipeline_service.py:311]: Template loaded and workspace prepared at: G:\work\Journal2LaTeX\backend\temp\306da8ad-fc52-4b57-a087-9b46ea7e1da0\rendered
[2026-08-03 15:09:29,001] [INFO] [job_manager.py:204]: Progress updated to 80%: Template workspace initialized
[2026-08-03 15:09:29,003] [INFO] [pipeline_service.py:336]: Starting LaTeX rendering for job: 306da8ad-fc52-4b57-a087-9b46ea7e1da0
[2026-08-03 15:09:29,030] [INFO] [job_manager.py:180]: Job status updated to: RENDERING_LATEX
[2026-08-03 15:09:29,046] [INFO] [job_manager.py:204]: Progress updated to 85%: Rendering document content to LaTeX
[2026-08-03 15:09:29,048] [INFO] [latex_renderer.py:104]: Starting LaTeX rendering inside workspace: G:\work\Journal2LaTeX\backend\temp\306da8ad-fc52-4b57-a087-9b46ea7e1da0\rendered
[2026-08-03 15:09:29,182] [INFO] [latex_renderer.py:507]: LaTeX document main.tex rendered successfully.
[2026-08-03 15:09:29,199] [INFO] [job_manager.py:204]: Progress updated to 90%: LaTeX document rendering completed
[2026-08-03 15:09:29,199] [INFO] [pipeline_service.py:399]: Starting document compilation for job: 306da8ad-fc52-4b57-a087-9b46ea7e1da0
[2026-08-03 15:09:29,212] [INFO] [job_manager.py:180]: Job status updated to: COMPILING
[2026-08-03 15:09:29,227] [INFO] [job_manager.py:204]: Progress updated to 92%: Compiling LaTeX source to PDF
