[2026-07-23 14:51:36,883] [INFO] [job_manager.py:136]: Job 1f8af5e2-6ffc-4c9f-afcb-62f9d2e02e1f workspace created successfully
[2026-07-23 14:51:36,938] [INFO] [pipeline_service.py:45]: Starting validation for job: 1f8af5e2-6ffc-4c9f-afcb-62f9d2e02e1f
[2026-07-23 14:51:36,958] [INFO] [job_manager.py:180]: Job status updated to: VALIDATING
[2026-07-23 14:51:36,973] [INFO] [job_manager.py:204]: Progress updated to 10%: Validating input Word Document
[2026-07-23 14:51:36,997] [INFO] [pipeline_service.py:60]: Validation successful.
[2026-07-23 14:51:37,014] [INFO] [job_manager.py:204]: Progress updated to 20%: Input document validated successfully
[2026-07-23 14:51:37,014] [INFO] [pipeline_service.py:67]: Starting document analysis for job: 1f8af5e2-6ffc-4c9f-afcb-62f9d2e02e1f
[2026-07-23 14:51:37,028] [INFO] [job_manager.py:180]: Job status updated to: ANALYZING_DOCUMENT
[2026-07-23 14:51:37,041] [INFO] [job_manager.py:204]: Progress updated to 30%: Analyzing document structure and content blocks
[2026-07-23 14:51:37,042] [INFO] [document_analyzer.py:33]: Starting improved document analysis for: G:\work\Journal2LaTeX\backend\temp\1f8af5e2-6ffc-4c9f-afcb-62f9d2e02e1f\input\Zakaria- Optimal   control strategies. July.docx
[2026-07-23 14:51:40,039] [INFO] [document_analyzer.py:517]: Parsed document: title='Optimal control strategies for overwhelming social media scrolling addiction by using fractional order mathematical modelling', authors=21, sections=10, references=47
[2026-07-23 14:51:40,045] [INFO] [pipeline_service.py:95]: Document analysis completed. Saved structure to: G:\work\Journal2LaTeX\backend\temp\1f8af5e2-6ffc-4c9f-afcb-62f9d2e02e1f\intermediate\document_structure.json, report to: G:\work\Journal2LaTeX\backend\temp\1f8af5e2-6ffc-4c9f-afcb-62f9d2e02e1f\intermediate\conversion_report.json
[2026-07-23 14:51:40,066] [INFO] [job_manager.py:204]: Progress updated to 45%: Document structure extracted successfully
[2026-07-23 14:51:40,066] [INFO] [pipeline_service.py:108]: Starting asset extraction for job: 1f8af5e2-6ffc-4c9f-afcb-62f9d2e02e1f
[2026-07-23 14:51:40,082] [INFO] [job_manager.py:180]: Job status updated to: EXTRACTING_ASSETS
[2026-07-23 14:51:40,097] [INFO] [job_manager.py:204]: Progress updated to 50%: Extracting images and figure assets from document
[2026-07-23 14:51:49,336] [INFO] [pipeline_service.py:223]: Office object fig:office1 placed=True
[2026-07-23 14:51:49,336] [INFO] [pipeline_service.py:223]: Office object fig:office2 placed=True
[2026-07-23 14:51:49,337] [INFO] [pipeline_service.py:223]: Office object fig:office3 placed=True
[2026-07-23 14:51:49,384] [INFO] [pipeline_service.py:141]: Assets extracted to: G:\work\Journal2LaTeX\backend\temp\1f8af5e2-6ffc-4c9f-afcb-62f9d2e02e1f\intermediate\media
[2026-07-23 14:51:49,401] [INFO] [job_manager.py:204]: Progress updated to 60%: Document assets extracted successfully
[2026-07-23 14:51:49,401] [INFO] [pipeline_service.py:231]: Classifying extracted assets for job: 1f8af5e2-6ffc-4c9f-afcb-62f9d2e02e1f
[2026-07-23 14:51:49,401] [INFO] [asset_analyzer.py:23]: Starting extended asset analysis for job: 1f8af5e2-6ffc-4c9f-afcb-62f9d2e02e1f
[2026-07-23 14:51:49,404] [INFO] [asset_analyzer.py:153]: Extended asset classification completed. Assets classified: 10
[2026-07-23 14:51:49,419] [INFO] [job_manager.py:204]: Progress updated to 65%: Extracted assets analyzed and mapped successfully
[2026-07-23 14:51:49,525] [INFO] [pipeline_service.py:247]: Loading template 1c13bdd1-cbd0-43ab-b64f-a777526afee7 for job: 1f8af5e2-6ffc-4c9f-afcb-62f9d2e02e1f
[2026-07-23 14:51:49,540] [INFO] [job_manager.py:180]: Job status updated to: LOADING_TEMPLATE
[2026-07-23 14:51:49,554] [INFO] [job_manager.py:204]: Progress updated to 70%: Loading template styles: 1c13bdd1-cbd0-43ab-b64f-a777526afee7
[2026-07-23 14:51:49,627] [INFO] [pipeline_service.py:269]: Template loaded and workspace prepared at: G:\work\Journal2LaTeX\backend\temp\1f8af5e2-6ffc-4c9f-afcb-62f9d2e02e1f\rendered
[2026-07-23 14:51:49,645] [INFO] [job_manager.py:204]: Progress updated to 80%: Template workspace initialized
[2026-07-23 14:51:49,647] [INFO] [pipeline_service.py:294]: Starting LaTeX rendering for job: 1f8af5e2-6ffc-4c9f-afcb-62f9d2e02e1f
[2026-07-23 14:51:49,661] [INFO] [job_manager.py:180]: Job status updated to: RENDERING_LATEX
[2026-07-23 14:51:49,675] [INFO] [job_manager.py:204]: Progress updated to 85%: Rendering document content to LaTeX
[2026-07-23 14:51:49,698] [INFO] [latex_renderer.py:72]: Starting LaTeX rendering inside workspace: G:\work\Journal2LaTeX\backend\temp\1f8af5e2-6ffc-4c9f-afcb-62f9d2e02e1f\rendered
[2026-07-23 14:51:49,908] [INFO] [latex_renderer.py:386]: LaTeX document main.tex rendered successfully.
[2026-07-23 14:51:50,101] [INFO] [header_reconstructor.py:124]: Template class draws its own header; skipping fancyhdr injection.
[2026-07-23 14:51:50,104] [INFO] [job_manager.py:204]: Progress updated to 90%: LaTeX document rendering completed
[2026-07-23 14:51:50,105] [INFO] [pipeline_service.py:357]: Starting document compilation for job: 1f8af5e2-6ffc-4c9f-afcb-62f9d2e02e1f
[2026-07-23 14:51:50,120] [INFO] [job_manager.py:180]: Job status updated to: COMPILING
[2026-07-23 14:51:50,135] [INFO] [job_manager.py:204]: Progress updated to 92%: Compiling LaTeX source to PDF
[2026-07-23 14:52:02,595] [ERROR] [pipeline_service.py:385]: LaTeX compilation failed: LaTeX compilation failed. PDF not generated.
[2026-07-23 14:52:02,618] [ERROR] [job_manager.py:228]: Job error added: LaTeX compilation failed: LaTeX compilation failed. PDF not generated.
