[2026-07-18 00:05:15,126] [INFO] [job_manager.py:92]: Job a0275040-76c1-4c6f-94c8-9f87a9c073d4 workspace created successfully
[2026-07-18 00:05:15,171] [INFO] [pipeline_service.py:30]: Starting validation for job: a0275040-76c1-4c6f-94c8-9f87a9c073d4
[2026-07-18 00:05:15,172] [INFO] [job_manager.py:136]: Job status updated to: VALIDATING
[2026-07-18 00:05:15,180] [INFO] [job_manager.py:160]: Progress updated to 10%: Validating input Word Document
[2026-07-18 00:05:15,183] [INFO] [pipeline_service.py:45]: Validation successful.
[2026-07-18 00:05:15,193] [INFO] [job_manager.py:160]: Progress updated to 20%: Input document validated successfully
[2026-07-18 00:05:15,193] [INFO] [pipeline_service.py:52]: Starting document analysis for job: a0275040-76c1-4c6f-94c8-9f87a9c073d4
[2026-07-18 00:05:15,211] [INFO] [job_manager.py:136]: Job status updated to: ANALYZING_DOCUMENT
[2026-07-18 00:05:15,226] [INFO] [job_manager.py:160]: Progress updated to 30%: Analyzing document structure and content blocks
[2026-07-18 00:05:15,226] [INFO] [document_analyzer.py:32]: Starting document analysis for: G:\work\Journal2LaTeX\backend\temp\a0275040-76c1-4c6f-94c8-9f87a9c073d4\input\sample.docx
[2026-07-18 00:05:15,226] [DEBUG] [document_analyzer.py:46]: Running Pandoc AST command: pandoc G:\work\Journal2LaTeX\backend\temp\a0275040-76c1-4c6f-94c8-9f87a9c073d4\input\sample.docx -t json
[2026-07-18 00:05:15,267] [INFO] [document_analyzer.py:183]: Successfully parsed document: title='', sections=1
[2026-07-18 00:05:15,268] [INFO] [pipeline_service.py:73]: Document analysis completed. Saved structure to: G:\work\Journal2LaTeX\backend\temp\a0275040-76c1-4c6f-94c8-9f87a9c073d4\intermediate\document_structure.json
[2026-07-18 00:05:15,281] [INFO] [job_manager.py:160]: Progress updated to 45%: Document structure extracted successfully
[2026-07-18 00:05:15,281] [INFO] [pipeline_service.py:86]: Starting asset extraction for job: a0275040-76c1-4c6f-94c8-9f87a9c073d4
[2026-07-18 00:05:15,293] [INFO] [job_manager.py:136]: Job status updated to: EXTRACTING_ASSETS
[2026-07-18 00:05:15,305] [INFO] [job_manager.py:160]: Progress updated to 50%: Extracting images and figure assets from document
[2026-07-18 00:05:15,345] [INFO] [pipeline_service.py:97]: Assets extracted to: G:\work\Journal2LaTeX\backend\temp\a0275040-76c1-4c6f-94c8-9f87a9c073d4\intermediate\media
[2026-07-18 00:05:15,356] [INFO] [job_manager.py:160]: Progress updated to 60%: Document assets extracted successfully
[2026-07-18 00:05:15,373] [INFO] [pipeline_service.py:109]: Loading template default for job: a0275040-76c1-4c6f-94c8-9f87a9c073d4
[2026-07-18 00:05:15,374] [INFO] [job_manager.py:136]: Job status updated to: LOADING_TEMPLATE
[2026-07-18 00:05:15,386] [INFO] [job_manager.py:160]: Progress updated to 70%: Loading template styles: default
[2026-07-18 00:05:15,392] [INFO] [pipeline_service.py:127]: Template loaded and workspace prepared at: G:\work\Journal2LaTeX\backend\temp\a0275040-76c1-4c6f-94c8-9f87a9c073d4\rendered
[2026-07-18 00:05:15,407] [INFO] [job_manager.py:160]: Progress updated to 80%: Template workspace initialized
[2026-07-18 00:05:15,407] [INFO] [pipeline_service.py:140]: Starting LaTeX rendering for job: a0275040-76c1-4c6f-94c8-9f87a9c073d4
[2026-07-18 00:05:15,419] [INFO] [job_manager.py:136]: Job status updated to: RENDERING_LATEX
[2026-07-18 00:05:15,430] [INFO] [job_manager.py:160]: Progress updated to 85%: Rendering document content to LaTeX
[2026-07-18 00:05:15,436] [INFO] [latex_renderer.py:29]: Starting LaTeX rendering inside workspace: G:\work\Journal2LaTeX\backend\temp\a0275040-76c1-4c6f-94c8-9f87a9c073d4\rendered
[2026-07-18 00:05:15,438] [INFO] [latex_renderer.py:81]: LaTeX document main.tex rendered successfully.
[2026-07-18 00:05:15,452] [INFO] [job_manager.py:160]: Progress updated to 90%: LaTeX document rendering completed
[2026-07-18 00:05:15,452] [INFO] [pipeline_service.py:174]: Starting document compilation for job: a0275040-76c1-4c6f-94c8-9f87a9c073d4
[2026-07-18 00:05:15,463] [INFO] [job_manager.py:136]: Job status updated to: COMPILING
[2026-07-18 00:05:15,473] [INFO] [job_manager.py:160]: Progress updated to 92%: Compiling LaTeX source to PDF
[2026-07-18 00:05:18,525] [INFO] [pipeline_service.py:196]: Compilation completed successfully.
[2026-07-18 00:05:18,536] [INFO] [job_manager.py:136]: Job status updated to: COMPLETED
[2026-07-18 00:05:18,547] [INFO] [job_manager.py:160]: Progress updated to 100%: Pipeline process completed successfully
