[2026-08-09 16:24:39,889] [INFO] [document_analyzer.py:228]: Starting improved document analysis for: G:\work\Journal2LaTeX\backend\tests\normal_paper.docx
[2026-08-09 16:24:40,895] [INFO] [document_analyzer.py:1045]: Parsed document: title='Modification of the Authentication in the Routing Protocols in Mobile Ad Hoc Networks (MANETs)', authors=5, sections=24, references=14
[2026-08-09 16:24:41,160] [INFO] [document_analyzer.py:228]: Starting improved document analysis for: G:\work\Journal2LaTeX\backend\tests\the_role.docx
[2026-08-09 16:24:41,161] [ERROR] [document_analyzer.py:232]: Document not found at: G:\work\Journal2LaTeX\backend\tests\the_role.docx
[2026-08-09 16:24:41,162] [INFO] [document_analyzer.py:228]: Starting improved document analysis for: G:\work\Journal2LaTeX\backend\tests\with_author_photo.docx
[2026-08-09 16:24:41,896] [INFO] [document_analyzer.py:1045]: Parsed document: title='Statistical Analysis of Body Dysmorphic Disorder, Quality of Life, and Social Anxiety in Fire Victims: Path Analysis', authors=3, sections=22, references=20
[2026-08-09 16:24:42,139] [INFO] [document_analyzer.py:228]: Starting improved document analysis for: G:\work\Journal2LaTeX\backend\tests\with_charts.docx
[2026-08-09 16:24:42,440] [INFO] [document_analyzer.py:1045]: Parsed document: title='Performance Evaluation of MANET Protocols', authors=1, sections=2, references=1
[2026-08-09 16:24:43,766] [INFO] [document_analyzer.py:228]: Starting improved document analysis for: G:\work\Journal2LaTeX\backend\tests\normal_paper.docx
[2026-08-09 16:24:44,677] [INFO] [document_analyzer.py:1045]: Parsed document: title='Modification of the Authentication in the Routing Protocols in Mobile Ad Hoc Networks (MANETs)', authors=5, sections=24, references=14
[2026-08-09 16:24:44,679] [INFO] [document_analyzer.py:228]: Starting improved document analysis for: G:\work\Journal2LaTeX\backend\tests\normal_paper.docx
[2026-08-09 16:24:45,535] [INFO] [document_analyzer.py:1045]: Parsed document: title='Modification of the Authentication in the Routing Protocols in Mobile Ad Hoc Networks (MANETs)', authors=5, sections=24, references=14
[2026-08-09 16:24:45,540] [INFO] [document_analyzer.py:228]: Starting improved document analysis for: G:\work\Journal2LaTeX\backend\tests\the_role.docx
[2026-08-09 16:24:45,540] [ERROR] [document_analyzer.py:232]: Document not found at: G:\work\Journal2LaTeX\backend\tests\the_role.docx
[2026-08-09 16:24:45,541] [INFO] [document_analyzer.py:228]: Starting improved document analysis for: G:\work\Journal2LaTeX\backend\tests\with_author_photo.docx
[2026-08-09 16:24:46,298] [INFO] [document_analyzer.py:1045]: Parsed document: title='Statistical Analysis of Body Dysmorphic Disorder, Quality of Life, and Social Anxiety in Fire Victims: Path Analysis', authors=3, sections=22, references=20
[2026-08-09 16:24:46,300] [INFO] [document_analyzer.py:228]: Starting improved document analysis for: G:\work\Journal2LaTeX\backend\tests\with_author_photo.docx
[2026-08-09 16:24:47,125] [INFO] [document_analyzer.py:1045]: Parsed document: title='Statistical Analysis of Body Dysmorphic Disorder, Quality of Life, and Social Anxiety in Fire Victims: Path Analysis', authors=3, sections=22, references=20
[2026-08-09 16:24:47,128] [INFO] [document_analyzer.py:228]: Starting improved document analysis for: G:\work\Journal2LaTeX\backend\tests\with_charts.docx
[2026-08-09 16:24:47,437] [INFO] [document_analyzer.py:1045]: Parsed document: title='Performance Evaluation of MANET Protocols', authors=1, sections=2, references=1
[2026-08-09 16:24:47,437] [INFO] [document_analyzer.py:228]: Starting improved document analysis for: G:\work\Journal2LaTeX\backend\tests\with_charts.docx
[2026-08-09 16:24:47,758] [INFO] [document_analyzer.py:1045]: Parsed document: title='Performance Evaluation of MANET Protocols', authors=1, sections=2, references=1
[2026-08-09 16:26:56,023] [INFO] [document_analyzer.py:228]: Starting improved document analysis for: G:\work\Journal2LaTeX\backend\tests\normal_paper.docx
[2026-08-09 16:26:57,259] [INFO] [document_analyzer.py:1045]: Parsed document: title='Modification of the Authentication in the Routing Protocols in Mobile Ad Hoc Networks (MANETs)', authors=5, sections=24, references=14
[2026-08-09 16:26:57,535] [INFO] [document_analyzer.py:228]: Starting improved document analysis for: G:\work\Journal2LaTeX\backend\tests\the_role.docx
[2026-08-09 16:26:57,535] [ERROR] [document_analyzer.py:232]: Document not found at: G:\work\Journal2LaTeX\backend\tests\the_role.docx
[2026-08-09 16:26:57,536] [INFO] [document_analyzer.py:228]: Starting improved document analysis for: G:\work\Journal2LaTeX\backend\tests\with_author_photo.docx
[2026-08-09 16:26:58,326] [INFO] [document_analyzer.py:1045]: Parsed document: title='Statistical Analysis of Body Dysmorphic Disorder, Quality of Life, and Social Anxiety in Fire Victims: Path Analysis', authors=3, sections=22, references=20
[2026-08-09 16:26:58,513] [INFO] [document_analyzer.py:228]: Starting improved document analysis for: G:\work\Journal2LaTeX\backend\tests\with_charts.docx
[2026-08-09 16:26:58,810] [INFO] [document_analyzer.py:1045]: Parsed document: title='Performance Evaluation of MANET Protocols', authors=1, sections=2, references=1
[2026-08-09 16:27:00,136] [INFO] [document_analyzer.py:228]: Starting improved document analysis for: G:\work\Journal2LaTeX\backend\tests\normal_paper.docx
[2026-08-09 16:27:01,027] [INFO] [document_analyzer.py:1045]: Parsed document: title='Modification of the Authentication in the Routing Protocols in Mobile Ad Hoc Networks (MANETs)', authors=5, sections=24, references=14
[2026-08-09 16:27:01,028] [INFO] [document_analyzer.py:228]: Starting improved document analysis for: G:\work\Journal2LaTeX\backend\tests\normal_paper.docx
[2026-08-09 16:27:01,934] [INFO] [document_analyzer.py:1045]: Parsed document: title='Modification of the Authentication in the Routing Protocols in Mobile Ad Hoc Networks (MANETs)', authors=5, sections=24, references=14
[2026-08-09 16:27:01,937] [INFO] [document_analyzer.py:228]: Starting improved document analysis for: G:\work\Journal2LaTeX\backend\tests\the_role.docx
[2026-08-09 16:27:01,938] [ERROR] [document_analyzer.py:232]: Document not found at: G:\work\Journal2LaTeX\backend\tests\the_role.docx
[2026-08-09 16:27:01,938] [INFO] [document_analyzer.py:228]: Starting improved document analysis for: G:\work\Journal2LaTeX\backend\tests\with_author_photo.docx
[2026-08-09 16:27:02,745] [INFO] [document_analyzer.py:1045]: Parsed document: title='Statistical Analysis of Body Dysmorphic Disorder, Quality of Life, and Social Anxiety in Fire Victims: Path Analysis', authors=3, sections=22, references=20
[2026-08-09 16:27:02,748] [INFO] [document_analyzer.py:228]: Starting improved document analysis for: G:\work\Journal2LaTeX\backend\tests\with_author_photo.docx
[2026-08-09 16:27:03,737] [INFO] [document_analyzer.py:1045]: Parsed document: title='Statistical Analysis of Body Dysmorphic Disorder, Quality of Life, and Social Anxiety in Fire Victims: Path Analysis', authors=3, sections=22, references=20
[2026-08-09 16:27:03,741] [INFO] [document_analyzer.py:228]: Starting improved document analysis for: G:\work\Journal2LaTeX\backend\tests\with_charts.docx
[2026-08-09 16:27:04,124] [INFO] [document_analyzer.py:1045]: Parsed document: title='Performance Evaluation of MANET Protocols', authors=1, sections=2, references=1
[2026-08-09 16:27:04,124] [INFO] [document_analyzer.py:228]: Starting improved document analysis for: G:\work\Journal2LaTeX\backend\tests\with_charts.docx
[2026-08-09 16:27:04,436] [INFO] [document_analyzer.py:1045]: Parsed document: title='Performance Evaluation of MANET Protocols', authors=1, sections=2, references=1
