[2026-08-09 16:26:34,459] [INFO] [job_manager.py:153]: Job 610d45e1-480f-4dd5-9302-6f832c980003 workspace created successfully
[2026-08-09 16:26:34,489] [INFO] [pipeline_service.py:46]: Starting validation for job: 610d45e1-480f-4dd5-9302-6f832c980003
[2026-08-09 16:26:34,507] [INFO] [job_manager.py:202]: Job status updated to: VALIDATING
[2026-08-09 16:26:34,523] [INFO] [job_manager.py:226]: Progress updated to 10%: Validating input Word Document
[2026-08-09 16:26:34,525] [INFO] [pipeline_service.py:61]: Validation successful.
[2026-08-09 16:26:34,538] [INFO] [job_manager.py:226]: Progress updated to 20%: Input document validated successfully
[2026-08-09 16:26:34,539] [INFO] [pipeline_service.py:68]: Starting document analysis for job: 610d45e1-480f-4dd5-9302-6f832c980003
[2026-08-09 16:26:34,559] [INFO] [job_manager.py:202]: Job status updated to: ANALYZING_DOCUMENT
[2026-08-09 16:26:34,582] [INFO] [job_manager.py:226]: Progress updated to 30%: Analyzing document structure and content blocks
[2026-08-09 16:26:34,582] [INFO] [document_analyzer.py:228]: Starting improved document analysis for: G:\work\Journal2LaTeX\backend\temp\610d45e1-480f-4dd5-9302-6f832c980003\input\sample.docx
[2026-08-09 16:26:34,731] [INFO] [document_analyzer.py:1045]: Parsed document: title='Hello from Journal2LaTeX. This is a minimal DOCX document to verify the conversion engine.', authors=0, sections=0, references=0
[2026-08-09 16:26:34,733] [INFO] [pipeline_service.py:96]: Document analysis completed. Saved structure to: G:\work\Journal2LaTeX\backend\temp\610d45e1-480f-4dd5-9302-6f832c980003\intermediate\document_structure.json, report to: G:\work\Journal2LaTeX\backend\temp\610d45e1-480f-4dd5-9302-6f832c980003\intermediate\conversion_report.json
[2026-08-09 16:26:34,753] [INFO] [job_manager.py:226]: Progress updated to 45%: Document structure extracted successfully
[2026-08-09 16:26:34,753] [INFO] [pipeline_service.py:109]: Starting asset extraction for job: 610d45e1-480f-4dd5-9302-6f832c980003
[2026-08-09 16:26:34,766] [INFO] [job_manager.py:202]: Job status updated to: EXTRACTING_ASSETS
[2026-08-09 16:26:34,783] [INFO] [job_manager.py:226]: Progress updated to 50%: Extracting images and figure assets from document
[2026-08-09 16:26:34,885] [INFO] [pipeline_service.py:156]: Assets extracted to: G:\work\Journal2LaTeX\backend\temp\610d45e1-480f-4dd5-9302-6f832c980003\intermediate\media
[2026-08-09 16:26:34,902] [INFO] [job_manager.py:226]: Progress updated to 60%: Document assets extracted successfully
[2026-08-09 16:26:34,903] [INFO] [pipeline_service.py:273]: Classifying extracted assets for job: 610d45e1-480f-4dd5-9302-6f832c980003
[2026-08-09 16:26:34,903] [INFO] [asset_analyzer.py:23]: Starting extended asset analysis for job: 610d45e1-480f-4dd5-9302-6f832c980003
[2026-08-09 16:26:34,905] [INFO] [asset_analyzer.py:153]: Extended asset classification completed. Assets classified: 0
[2026-08-09 16:26:34,922] [INFO] [job_manager.py:226]: Progress updated to 65%: Extracted assets analyzed and mapped successfully
