[2026-07-18 13:52:43,378] [INFO] [job_manager.py:117]: Job 5f74c12e-99d7-473c-b490-b02e2ef1843e workspace created successfully
[2026-07-18 13:52:45,448] [INFO] [pipeline_service.py:34]: Starting validation for job: 5f74c12e-99d7-473c-b490-b02e2ef1843e
[2026-07-18 13:52:45,461] [INFO] [job_manager.py:161]: Job status updated to: VALIDATING
[2026-07-18 13:52:45,475] [INFO] [job_manager.py:185]: Progress updated to 10%: Validating input Word Document
[2026-07-18 13:52:45,477] [INFO] [pipeline_service.py:49]: Validation successful.
[2026-07-18 13:52:45,491] [INFO] [job_manager.py:185]: Progress updated to 20%: Input document validated successfully
[2026-07-18 13:52:45,491] [INFO] [pipeline_service.py:56]: Starting document analysis for job: 5f74c12e-99d7-473c-b490-b02e2ef1843e
[2026-07-18 13:52:45,512] [INFO] [job_manager.py:161]: Job status updated to: ANALYZING_DOCUMENT
[2026-07-18 13:52:45,527] [INFO] [job_manager.py:185]: Progress updated to 30%: Analyzing document structure and content blocks
[2026-07-18 13:52:45,527] [INFO] [document_analyzer.py:33]: Starting improved document analysis for: G:\work\Journal2LaTeX\backend\temp\5f74c12e-99d7-473c-b490-b02e2ef1843e\input\sample.docx
[2026-07-18 13:52:45,577] [INFO] [document_analyzer.py:416]: Parsed document: title='Hello from Journal2LaTeX. This is a minimal DOCX document to verify the conversion engine.', authors=0, sections=0, references=0
[2026-07-18 13:52:45,578] [INFO] [pipeline_service.py:84]: Document analysis completed. Saved structure to: G:\work\Journal2LaTeX\backend\temp\5f74c12e-99d7-473c-b490-b02e2ef1843e\intermediate\document_structure.json, report to: G:\work\Journal2LaTeX\backend\temp\5f74c12e-99d7-473c-b490-b02e2ef1843e\intermediate\conversion_report.json
[2026-07-18 13:52:45,595] [INFO] [job_manager.py:185]: Progress updated to 45%: Document structure extracted successfully
[2026-07-18 13:52:45,595] [INFO] [pipeline_service.py:97]: Starting asset extraction for job: 5f74c12e-99d7-473c-b490-b02e2ef1843e
[2026-07-18 13:52:45,611] [INFO] [job_manager.py:161]: Job status updated to: EXTRACTING_ASSETS
[2026-07-18 13:52:45,628] [INFO] [job_manager.py:185]: Progress updated to 50%: Extracting images and figure assets from document
[2026-07-18 13:52:45,678] [INFO] [pipeline_service.py:108]: Assets extracted to: G:\work\Journal2LaTeX\backend\temp\5f74c12e-99d7-473c-b490-b02e2ef1843e\intermediate\media
[2026-07-18 13:52:45,693] [INFO] [job_manager.py:185]: Progress updated to 60%: Document assets extracted successfully
[2026-07-18 13:52:45,694] [INFO] [pipeline_service.py:120]: Classifying extracted assets for job: 5f74c12e-99d7-473c-b490-b02e2ef1843e
[2026-07-18 13:52:45,694] [INFO] [asset_analyzer.py:23]: Starting extended asset analysis for job: 5f74c12e-99d7-473c-b490-b02e2ef1843e
[2026-07-18 13:52:45,696] [INFO] [asset_analyzer.py:153]: Extended asset classification completed. Assets classified: 0
[2026-07-18 13:52:45,710] [INFO] [job_manager.py:185]: Progress updated to 65%: Extracted assets analyzed and mapped successfully
[2026-07-18 13:52:47,778] [INFO] [pipeline_service.py:136]: Loading template 89ef5c54-ae4c-4ca9-8a57-004ebe5530df for job: 5f74c12e-99d7-473c-b490-b02e2ef1843e
[2026-07-18 13:52:47,779] [INFO] [job_manager.py:161]: Job status updated to: LOADING_TEMPLATE
[2026-07-18 13:52:47,795] [INFO] [job_manager.py:185]: Progress updated to 70%: Loading template styles: 89ef5c54-ae4c-4ca9-8a57-004ebe5530df
[2026-07-18 13:52:47,810] [INFO] [pipeline_service.py:154]: Template loaded and workspace prepared at: G:\work\Journal2LaTeX\backend\temp\5f74c12e-99d7-473c-b490-b02e2ef1843e\rendered
[2026-07-18 13:52:47,825] [INFO] [job_manager.py:185]: Progress updated to 80%: Template workspace initialized
[2026-07-18 13:52:47,825] [INFO] [pipeline_service.py:167]: Starting LaTeX rendering for job: 5f74c12e-99d7-473c-b490-b02e2ef1843e
[2026-07-18 13:52:47,838] [INFO] [job_manager.py:161]: Job status updated to: RENDERING_LATEX
[2026-07-18 13:52:47,855] [INFO] [job_manager.py:185]: Progress updated to 85%: Rendering document content to LaTeX
[2026-07-18 13:52:47,858] [INFO] [latex_renderer.py:30]: Starting LaTeX rendering inside workspace: G:\work\Journal2LaTeX\backend\temp\5f74c12e-99d7-473c-b490-b02e2ef1843e\rendered
[2026-07-18 13:52:47,869] [INFO] [latex_renderer.py:187]: LaTeX document main.tex rendered successfully.
[2026-07-18 13:52:47,887] [INFO] [job_manager.py:185]: Progress updated to 90%: LaTeX document rendering completed
[2026-07-18 13:52:47,887] [INFO] [pipeline_service.py:201]: Starting document compilation for job: 5f74c12e-99d7-473c-b490-b02e2ef1843e
[2026-07-18 13:52:47,908] [INFO] [job_manager.py:161]: Job status updated to: COMPILING
[2026-07-18 13:52:47,924] [INFO] [job_manager.py:185]: Progress updated to 92%: Compiling LaTeX source to PDF
[2026-07-18 13:52:51,847] [INFO] [pipeline_service.py:223]: Compilation completed successfully.
[2026-07-18 13:52:51,847] [INFO] [pipeline_service.py:235]: Running E2E publication fidelity checker for job: 5f74c12e-99d7-473c-b490-b02e2ef1843e
[2026-07-18 13:52:51,848] [INFO] [fidelity_checker.py:24]: Generating advanced fidelity report and scores for job: 5f74c12e-99d7-473c-b490-b02e2ef1843e
[2026-07-18 13:52:51,850] [INFO] [fidelity_checker.py:163]: Fidelity report written to G:\work\Journal2LaTeX\backend\temp\5f74c12e-99d7-473c-b490-b02e2ef1843e\intermediate\fidelity_report.json. Overall Score: 99.5%, Critical missing: 0
[2026-07-18 13:52:51,867] [INFO] [job_manager.py:161]: Job status updated to: COMPLETED
[2026-07-18 13:52:51,881] [INFO] [job_manager.py:185]: Progress updated to 100%: Pipeline process completed successfully
