[2026-07-18 18:34:29,016] [INFO] [job_manager.py:117]: Job 2ae184b8-4d5d-438b-b554-33078d0aa575 workspace created successfully
[2026-07-18 18:34:29,018] [INFO] [pipeline_service.py:36]: Starting validation for job: 2ae184b8-4d5d-438b-b554-33078d0aa575
[2026-07-18 18:34:29,036] [INFO] [job_manager.py:161]: Job status updated to: VALIDATING
[2026-07-18 18:34:29,052] [INFO] [job_manager.py:185]: Progress updated to 10%: Validating input Word Document
[2026-07-18 18:34:29,067] [INFO] [pipeline_service.py:51]: Validation successful.
[2026-07-18 18:34:29,079] [INFO] [job_manager.py:185]: Progress updated to 20%: Input document validated successfully
[2026-07-18 18:34:29,079] [INFO] [pipeline_service.py:58]: Starting document analysis for job: 2ae184b8-4d5d-438b-b554-33078d0aa575
[2026-07-18 18:34:29,094] [INFO] [job_manager.py:161]: Job status updated to: ANALYZING_DOCUMENT
[2026-07-18 18:34:29,107] [INFO] [job_manager.py:185]: Progress updated to 30%: Analyzing document structure and content blocks
[2026-07-18 18:34:29,107] [INFO] [document_analyzer.py:33]: Starting improved document analysis for: G:\work\Journal2LaTeX\temp\2ae184b8-4d5d-438b-b554-33078d0aa575\input\style_ieee.docx
[2026-07-18 18:34:29,297] [INFO] [document_analyzer.py:416]: Parsed document: title='Test Document Title', authors=2, sections=1, references=2
[2026-07-18 18:34:29,298] [INFO] [pipeline_service.py:86]: Document analysis completed. Saved structure to: G:\work\Journal2LaTeX\temp\2ae184b8-4d5d-438b-b554-33078d0aa575\intermediate\document_structure.json, report to: G:\work\Journal2LaTeX\temp\2ae184b8-4d5d-438b-b554-33078d0aa575\intermediate\conversion_report.json
[2026-07-18 18:34:29,311] [INFO] [job_manager.py:185]: Progress updated to 45%: Document structure extracted successfully
[2026-07-18 18:34:29,311] [INFO] [pipeline_service.py:99]: Starting asset extraction for job: 2ae184b8-4d5d-438b-b554-33078d0aa575
[2026-07-18 18:34:29,323] [INFO] [job_manager.py:161]: Job status updated to: EXTRACTING_ASSETS
[2026-07-18 18:34:29,337] [INFO] [job_manager.py:185]: Progress updated to 50%: Extracting images and figure assets from document
[2026-07-18 18:34:29,532] [INFO] [pipeline_service.py:111]: Assets extracted to: G:\work\Journal2LaTeX\temp\2ae184b8-4d5d-438b-b554-33078d0aa575\intermediate\media
[2026-07-18 18:34:29,544] [INFO] [job_manager.py:185]: Progress updated to 60%: Document assets extracted successfully
[2026-07-18 18:34:29,544] [INFO] [pipeline_service.py:123]: Classifying extracted assets for job: 2ae184b8-4d5d-438b-b554-33078d0aa575
[2026-07-18 18:34:29,545] [INFO] [asset_analyzer.py:23]: Starting extended asset analysis for job: 2ae184b8-4d5d-438b-b554-33078d0aa575
[2026-07-18 18:34:29,546] [INFO] [asset_analyzer.py:153]: Extended asset classification completed. Assets classified: 0
[2026-07-18 18:34:29,558] [INFO] [job_manager.py:185]: Progress updated to 65%: Extracted assets analyzed and mapped successfully
[2026-07-18 18:34:29,558] [INFO] [pipeline_service.py:139]: Loading template default for job: 2ae184b8-4d5d-438b-b554-33078d0aa575
[2026-07-18 18:34:29,570] [INFO] [job_manager.py:161]: Job status updated to: LOADING_TEMPLATE
[2026-07-18 18:34:29,585] [INFO] [job_manager.py:185]: Progress updated to 70%: Loading template styles: default
[2026-07-18 18:34:29,594] [INFO] [pipeline_service.py:157]: Template loaded and workspace prepared at: G:\work\Journal2LaTeX\temp\2ae184b8-4d5d-438b-b554-33078d0aa575\rendered
[2026-07-18 18:34:29,606] [INFO] [job_manager.py:185]: Progress updated to 80%: Template workspace initialized
[2026-07-18 18:34:29,606] [INFO] [pipeline_service.py:170]: Starting LaTeX rendering for job: 2ae184b8-4d5d-438b-b554-33078d0aa575
[2026-07-18 18:34:29,620] [INFO] [job_manager.py:161]: Job status updated to: RENDERING_LATEX
[2026-07-18 18:34:29,633] [INFO] [job_manager.py:185]: Progress updated to 85%: Rendering document content to LaTeX
[2026-07-18 18:34:29,634] [INFO] [latex_renderer.py:70]: Starting LaTeX rendering inside workspace: G:\work\Journal2LaTeX\temp\2ae184b8-4d5d-438b-b554-33078d0aa575\rendered
[2026-07-18 18:34:29,693] [INFO] [latex_renderer.py:337]: LaTeX document main.tex rendered successfully.
[2026-07-18 18:34:29,705] [INFO] [job_manager.py:185]: Progress updated to 90%: LaTeX document rendering completed
[2026-07-18 18:34:29,705] [INFO] [pipeline_service.py:204]: Starting document compilation for job: 2ae184b8-4d5d-438b-b554-33078d0aa575
[2026-07-18 18:34:29,719] [INFO] [job_manager.py:161]: Job status updated to: COMPILING
[2026-07-18 18:34:29,734] [INFO] [job_manager.py:185]: Progress updated to 92%: Compiling LaTeX source to PDF
[2026-07-18 18:34:33,078] [INFO] [pipeline_service.py:226]: Compilation completed successfully.
