[2026-07-18 17:40:19,027] [INFO] [job_manager.py:117]: Job 0ca6053c-9291-48a4-9a27-a2d1933d7a9e workspace created successfully
[2026-07-18 17:40:19,063] [INFO] [pipeline_service.py:34]: Starting validation for job: 0ca6053c-9291-48a4-9a27-a2d1933d7a9e
[2026-07-18 17:40:19,077] [INFO] [job_manager.py:161]: Job status updated to: VALIDATING
[2026-07-18 17:40:19,091] [INFO] [job_manager.py:185]: Progress updated to 10%: Validating input Word Document
[2026-07-18 17:40:19,115] [INFO] [pipeline_service.py:49]: Validation successful.
[2026-07-18 17:40:19,130] [INFO] [job_manager.py:185]: Progress updated to 20%: Input document validated successfully
[2026-07-18 17:40:19,130] [INFO] [pipeline_service.py:56]: Starting document analysis for job: 0ca6053c-9291-48a4-9a27-a2d1933d7a9e
[2026-07-18 17:40:19,144] [INFO] [job_manager.py:161]: Job status updated to: ANALYZING_DOCUMENT
[2026-07-18 17:40:19,158] [INFO] [job_manager.py:185]: Progress updated to 30%: Analyzing document structure and content blocks
[2026-07-18 17:40:19,158] [INFO] [document_analyzer.py:33]: Starting improved document analysis for: G:\work\Journal2LaTeX\backend\temp\0ca6053c-9291-48a4-9a27-a2d1933d7a9e\input\research in the journal form.docx
[2026-07-18 17:40:19,644] [INFO] [document_analyzer.py:416]: Parsed document: title='Statistical Analysis of Body Dysmorphic Disorder, Quality of Life, and Social Anxiety in Fire Victims: Path Analysis', authors=3, sections=1, references=21
[2026-07-18 17:40:19,656] [INFO] [pipeline_service.py:84]: Document analysis completed. Saved structure to: G:\work\Journal2LaTeX\backend\temp\0ca6053c-9291-48a4-9a27-a2d1933d7a9e\intermediate\document_structure.json, report to: G:\work\Journal2LaTeX\backend\temp\0ca6053c-9291-48a4-9a27-a2d1933d7a9e\intermediate\conversion_report.json
[2026-07-18 17:40:19,671] [INFO] [job_manager.py:185]: Progress updated to 45%: Document structure extracted successfully
[2026-07-18 17:40:19,671] [INFO] [pipeline_service.py:97]: Starting asset extraction for job: 0ca6053c-9291-48a4-9a27-a2d1933d7a9e
[2026-07-18 17:40:19,686] [INFO] [job_manager.py:161]: Job status updated to: EXTRACTING_ASSETS
[2026-07-18 17:40:19,703] [INFO] [job_manager.py:185]: Progress updated to 50%: Extracting images and figure assets from document
[2026-07-18 17:40:20,160] [INFO] [pipeline_service.py:108]: Assets extracted to: G:\work\Journal2LaTeX\backend\temp\0ca6053c-9291-48a4-9a27-a2d1933d7a9e\intermediate\media
[2026-07-18 17:40:20,177] [INFO] [job_manager.py:185]: Progress updated to 60%: Document assets extracted successfully
[2026-07-18 17:40:20,178] [INFO] [pipeline_service.py:120]: Classifying extracted assets for job: 0ca6053c-9291-48a4-9a27-a2d1933d7a9e
[2026-07-18 17:40:20,178] [INFO] [asset_analyzer.py:23]: Starting extended asset analysis for job: 0ca6053c-9291-48a4-9a27-a2d1933d7a9e
[2026-07-18 17:40:20,180] [INFO] [asset_analyzer.py:153]: Extended asset classification completed. Assets classified: 8
[2026-07-18 17:40:20,198] [INFO] [job_manager.py:185]: Progress updated to 65%: Extracted assets analyzed and mapped successfully
[2026-07-18 17:40:20,246] [INFO] [pipeline_service.py:136]: Loading template 51260454-650e-4388-8301-03a28333d665 for job: 0ca6053c-9291-48a4-9a27-a2d1933d7a9e
[2026-07-18 17:40:20,247] [INFO] [job_manager.py:161]: Job status updated to: LOADING_TEMPLATE
[2026-07-18 17:40:20,263] [INFO] [job_manager.py:185]: Progress updated to 70%: Loading template styles: 51260454-650e-4388-8301-03a28333d665
[2026-07-18 17:40:20,285] [INFO] [pipeline_service.py:154]: Template loaded and workspace prepared at: G:\work\Journal2LaTeX\backend\temp\0ca6053c-9291-48a4-9a27-a2d1933d7a9e\rendered
[2026-07-18 17:40:20,299] [INFO] [job_manager.py:185]: Progress updated to 80%: Template workspace initialized
[2026-07-18 17:40:20,299] [INFO] [pipeline_service.py:167]: Starting LaTeX rendering for job: 0ca6053c-9291-48a4-9a27-a2d1933d7a9e
[2026-07-18 17:40:20,316] [INFO] [job_manager.py:161]: Job status updated to: RENDERING_LATEX
[2026-07-18 17:40:20,331] [INFO] [job_manager.py:185]: Progress updated to 85%: Rendering document content to LaTeX
[2026-07-18 17:40:20,352] [INFO] [latex_renderer.py:70]: Starting LaTeX rendering inside workspace: G:\work\Journal2LaTeX\backend\temp\0ca6053c-9291-48a4-9a27-a2d1933d7a9e\rendered
[2026-07-18 17:40:20,794] [INFO] [latex_renderer.py:335]: LaTeX document main.tex rendered successfully.
[2026-07-18 17:40:20,809] [INFO] [job_manager.py:185]: Progress updated to 90%: LaTeX document rendering completed
[2026-07-18 17:40:20,809] [INFO] [pipeline_service.py:201]: Starting document compilation for job: 0ca6053c-9291-48a4-9a27-a2d1933d7a9e
[2026-07-18 17:40:20,826] [INFO] [job_manager.py:161]: Job status updated to: COMPILING
[2026-07-18 17:40:20,844] [INFO] [job_manager.py:185]: Progress updated to 92%: Compiling LaTeX source to PDF
[2026-07-18 17:40:25,859] [INFO] [pipeline_service.py:223]: Compilation completed successfully.
[2026-07-18 17:40:25,860] [INFO] [pipeline_service.py:235]: Running E2E publication fidelity checker for job: 0ca6053c-9291-48a4-9a27-a2d1933d7a9e
[2026-07-18 17:40:25,861] [INFO] [fidelity_checker.py:24]: Generating advanced fidelity report and scores for job: 0ca6053c-9291-48a4-9a27-a2d1933d7a9e
[2026-07-18 17:40:25,864] [INFO] [fidelity_checker.py:163]: Fidelity report written to G:\work\Journal2LaTeX\backend\temp\0ca6053c-9291-48a4-9a27-a2d1933d7a9e\intermediate\fidelity_report.json. Overall Score: 98.2%, Critical missing: 0
[2026-07-18 17:40:25,880] [INFO] [job_manager.py:161]: Job status updated to: COMPLETED
[2026-07-18 17:40:25,898] [INFO] [job_manager.py:185]: Progress updated to 100%: Pipeline process completed successfully
