[2026-08-03 14:27:05,952] [INFO] [job_manager.py:136]: Job caf9252f-19b6-4dba-adcc-29510135a6ff workspace created successfully
[2026-08-03 14:27:05,979] [INFO] [pipeline_service.py:46]: Starting validation for job: caf9252f-19b6-4dba-adcc-29510135a6ff
[2026-08-03 14:27:05,997] [INFO] [job_manager.py:180]: Job status updated to: VALIDATING
[2026-08-03 14:27:06,015] [INFO] [job_manager.py:204]: Progress updated to 10%: Validating input Word Document
[2026-08-03 14:27:10,139] [INFO] [pipeline_service.py:61]: Validation successful.
[2026-08-03 14:27:10,159] [INFO] [job_manager.py:204]: Progress updated to 20%: Input document validated successfully
[2026-08-03 14:27:10,159] [INFO] [pipeline_service.py:68]: Starting document analysis for job: caf9252f-19b6-4dba-adcc-29510135a6ff
[2026-08-03 14:27:10,173] [INFO] [job_manager.py:180]: Job status updated to: ANALYZING_DOCUMENT
[2026-08-03 14:27:10,192] [INFO] [job_manager.py:204]: Progress updated to 30%: Analyzing document structure and content blocks
[2026-08-03 14:27:10,193] [INFO] [document_analyzer.py:119]: Starting improved document analysis for: G:\work\Journal2LaTeX\backend\temp\caf9252f-19b6-4dba-adcc-29510135a6ff\input\Frac_Kine_revision_tracked_PathA_4.docx
[2026-08-03 14:27:11,229] [INFO] [document_analyzer.py:777]: Parsed document: title='Fractional-Order Dynamics of Cardio-Respiratory Oxygen Transport: A Stable Regulator of Human Endurance and the Boundary of Chaos', authors=139, sections=2, references=23
[2026-08-03 14:27:11,238] [INFO] [pipeline_service.py:96]: Document analysis completed. Saved structure to: G:\work\Journal2LaTeX\backend\temp\caf9252f-19b6-4dba-adcc-29510135a6ff\intermediate\document_structure.json, report to: G:\work\Journal2LaTeX\backend\temp\caf9252f-19b6-4dba-adcc-29510135a6ff\intermediate\conversion_report.json
[2026-08-03 14:27:11,259] [INFO] [job_manager.py:204]: Progress updated to 45%: Document structure extracted successfully
[2026-08-03 14:27:11,260] [INFO] [pipeline_service.py:109]: Starting asset extraction for job: caf9252f-19b6-4dba-adcc-29510135a6ff
[2026-08-03 14:27:11,285] [INFO] [job_manager.py:180]: Job status updated to: EXTRACTING_ASSETS
[2026-08-03 14:27:11,300] [INFO] [job_manager.py:204]: Progress updated to 50%: Extracting images and figure assets from document
[2026-08-03 14:32:04,930] [INFO] [pipeline_service.py:265]: Office object fig:office1 placed=True
[2026-08-03 14:32:04,930] [INFO] [pipeline_service.py:265]: Office object fig:office2 placed=True
[2026-08-03 14:32:04,931] [INFO] [pipeline_service.py:265]: Office object fig:office3 placed=True
[2026-08-03 14:32:04,931] [INFO] [pipeline_service.py:265]: Office object fig:office4 placed=True
[2026-08-03 14:32:04,931] [INFO] [pipeline_service.py:265]: Office object fig:office5 placed=True
[2026-08-03 14:32:04,931] [INFO] [pipeline_service.py:265]: Office object fig:office6 placed=True
[2026-08-03 14:32:04,931] [INFO] [pipeline_service.py:265]: Office object fig:office7 placed=True
[2026-08-03 14:32:04,932] [INFO] [pipeline_service.py:265]: Office object fig:office8 placed=True
[2026-08-03 14:32:04,932] [INFO] [pipeline_service.py:265]: Office object fig:office9 placed=True
[2026-08-03 14:32:04,932] [INFO] [pipeline_service.py:265]: Office object fig:office10 placed=True
[2026-08-03 14:32:04,932] [INFO] [pipeline_service.py:265]: Office object fig:office11 placed=True
[2026-08-03 14:32:04,932] [INFO] [pipeline_service.py:265]: Office object fig:office12 placed=True
[2026-08-03 14:32:04,932] [INFO] [pipeline_service.py:265]: Office object fig:office13 placed=True
[2026-08-03 14:32:04,932] [INFO] [pipeline_service.py:265]: Office object fig:office14 placed=True
[2026-08-03 14:32:04,932] [INFO] [pipeline_service.py:265]: Office object fig:office15 placed=True
[2026-08-03 14:32:04,932] [INFO] [pipeline_service.py:265]: Office object fig:office16 placed=True
[2026-08-03 14:32:04,932] [INFO] [pipeline_service.py:265]: Office object fig:office17 placed=True
[2026-08-03 14:32:04,933] [INFO] [pipeline_service.py:265]: Office object fig:office18 placed=True
[2026-08-03 14:32:04,933] [INFO] [pipeline_service.py:265]: Office object fig:office19 placed=True
[2026-08-03 14:32:04,933] [INFO] [pipeline_service.py:265]: Office object fig:office20 placed=True
[2026-08-03 14:32:04,933] [INFO] [pipeline_service.py:265]: Office object fig:office21 placed=True
[2026-08-03 14:32:04,933] [INFO] [pipeline_service.py:265]: Office object fig:office22 placed=True
[2026-08-03 14:32:04,933] [INFO] [pipeline_service.py:265]: Office object fig:office23 placed=True
[2026-08-03 14:32:04,933] [INFO] [pipeline_service.py:265]: Office object fig:office24 placed=True
[2026-08-03 14:32:04,933] [INFO] [pipeline_service.py:265]: Office object fig:office25 placed=True
[2026-08-03 14:32:04,933] [INFO] [pipeline_service.py:265]: Office object fig:office26 placed=True
[2026-08-03 14:32:04,933] [INFO] [pipeline_service.py:265]: Office object fig:office27 placed=True
[2026-08-03 14:32:04,934] [INFO] [pipeline_service.py:265]: Office object fig:office28 placed=True
[2026-08-03 14:32:04,934] [INFO] [pipeline_service.py:265]: Office object fig:office29 placed=True
[2026-08-03 14:32:04,934] [INFO] [pipeline_service.py:265]: Office object fig:office30 placed=True
[2026-08-03 14:32:04,934] [INFO] [pipeline_service.py:265]: Office object fig:office31 placed=True
[2026-08-03 14:32:04,934] [INFO] [pipeline_service.py:265]: Office object fig:office32 placed=True
[2026-08-03 14:32:04,934] [INFO] [pipeline_service.py:265]: Office object fig:office33 placed=True
[2026-08-03 14:32:04,934] [INFO] [pipeline_service.py:265]: Office object fig:office34 placed=True
[2026-08-03 14:32:04,934] [INFO] [pipeline_service.py:265]: Office object fig:office35 placed=True
[2026-08-03 14:32:04,934] [INFO] [pipeline_service.py:265]: Office object fig:office36 placed=True
[2026-08-03 14:32:04,934] [INFO] [pipeline_service.py:265]: Office object fig:office37 placed=True
[2026-08-03 14:32:04,934] [INFO] [pipeline_service.py:265]: Office object fig:office38 placed=True
[2026-08-03 14:32:04,935] [INFO] [pipeline_service.py:265]: Office object fig:office39 placed=True
[2026-08-03 14:32:04,935] [INFO] [pipeline_service.py:265]: Office object fig:office40 placed=True
[2026-08-03 14:32:04,935] [INFO] [pipeline_service.py:265]: Office object fig:office41 placed=True
[2026-08-03 14:32:04,935] [INFO] [pipeline_service.py:265]: Office object fig:office42 placed=True
[2026-08-03 14:32:04,935] [INFO] [pipeline_service.py:265]: Office object fig:office43 placed=True
[2026-08-03 14:32:04,935] [INFO] [pipeline_service.py:265]: Office object fig:office44 placed=True
[2026-08-03 14:32:04,935] [INFO] [pipeline_service.py:265]: Office object fig:office45 placed=True
[2026-08-03 14:32:04,935] [INFO] [pipeline_service.py:265]: Office object fig:office46 placed=True
[2026-08-03 14:32:04,935] [INFO] [pipeline_service.py:265]: Office object fig:office47 placed=True
[2026-08-03 14:32:04,936] [INFO] [pipeline_service.py:265]: Office object fig:office48 placed=True
[2026-08-03 14:32:04,936] [INFO] [pipeline_service.py:265]: Office object fig:office49 placed=True
[2026-08-03 14:32:04,936] [INFO] [pipeline_service.py:265]: Office object fig:office50 placed=True
[2026-08-03 14:32:04,936] [INFO] [pipeline_service.py:265]: Office object fig:office51 placed=True
[2026-08-03 14:32:04,936] [INFO] [pipeline_service.py:265]: Office object fig:office52 placed=True
[2026-08-03 14:32:04,936] [INFO] [pipeline_service.py:265]: Office object fig:office53 placed=True
[2026-08-03 14:32:04,936] [INFO] [pipeline_service.py:265]: Office object fig:office54 placed=True
[2026-08-03 14:32:04,936] [INFO] [pipeline_service.py:265]: Office object fig:office55 placed=True
[2026-08-03 14:32:04,936] [INFO] [pipeline_service.py:265]: Office object fig:office56 placed=True
[2026-08-03 14:32:04,936] [INFO] [pipeline_service.py:265]: Office object fig:office57 placed=True
[2026-08-03 14:32:04,937] [INFO] [pipeline_service.py:265]: Office object fig:office58 placed=True
[2026-08-03 14:32:04,937] [INFO] [pipeline_service.py:265]: Office object fig:office59 placed=True
[2026-08-03 14:32:04,937] [INFO] [pipeline_service.py:265]: Office object fig:office60 placed=True
[2026-08-03 14:32:04,937] [INFO] [pipeline_service.py:265]: Office object fig:office61 placed=True
[2026-08-03 14:32:04,937] [INFO] [pipeline_service.py:265]: Office object fig:office62 placed=True
[2026-08-03 14:32:04,937] [INFO] [pipeline_service.py:265]: Office object fig:office63 placed=True
[2026-08-03 14:32:05,045] [WARNING] [media_convert.py:88]: 80 vector media files need conversion but LibreOffice is unavailable.
[2026-08-03 14:32:05,063] [WARNING] [job_manager.py:250]: Job warning added: 80 vector media files could not be converted to PNG and may be missing from the output.
[2026-08-03 14:32:05,142] [INFO] [pipeline_service.py:156]: Assets extracted to: G:\work\Journal2LaTeX\backend\temp\caf9252f-19b6-4dba-adcc-29510135a6ff\intermediate\media
[2026-08-03 14:32:05,156] [INFO] [job_manager.py:204]: Progress updated to 60%: Document assets extracted successfully
[2026-08-03 14:32:05,157] [INFO] [pipeline_service.py:273]: Classifying extracted assets for job: caf9252f-19b6-4dba-adcc-29510135a6ff
[2026-08-03 14:32:05,157] [INFO] [asset_analyzer.py:23]: Starting extended asset analysis for job: caf9252f-19b6-4dba-adcc-29510135a6ff
[2026-08-03 14:32:05,171] [INFO] [asset_analyzer.py:153]: Extended asset classification completed. Assets classified: 149
[2026-08-03 14:32:05,184] [INFO] [job_manager.py:204]: Progress updated to 65%: Extracted assets analyzed and mapped successfully
[2026-08-03 14:32:05,242] [INFO] [pipeline_service.py:289]: Loading template JSAP for job: caf9252f-19b6-4dba-adcc-29510135a6ff
[2026-08-03 14:32:05,258] [INFO] [job_manager.py:180]: Job status updated to: LOADING_TEMPLATE
[2026-08-03 14:32:05,271] [INFO] [job_manager.py:204]: Progress updated to 70%: Loading template styles: JSAP
[2026-08-03 14:32:05,496] [INFO] [pipeline_service.py:311]: Template loaded and workspace prepared at: G:\work\Journal2LaTeX\backend\temp\caf9252f-19b6-4dba-adcc-29510135a6ff\rendered
[2026-08-03 14:32:05,516] [INFO] [job_manager.py:204]: Progress updated to 80%: Template workspace initialized
[2026-08-03 14:32:05,518] [INFO] [pipeline_service.py:336]: Starting LaTeX rendering for job: caf9252f-19b6-4dba-adcc-29510135a6ff
[2026-08-03 14:32:05,531] [INFO] [job_manager.py:180]: Job status updated to: RENDERING_LATEX
[2026-08-03 14:32:05,544] [INFO] [job_manager.py:204]: Progress updated to 85%: Rendering document content to LaTeX
[2026-08-03 14:32:05,559] [INFO] [latex_renderer.py:104]: Starting LaTeX rendering inside workspace: G:\work\Journal2LaTeX\backend\temp\caf9252f-19b6-4dba-adcc-29510135a6ff\rendered
[2026-08-03 14:32:06,474] [INFO] [latex_renderer.py:507]: LaTeX document main.tex rendered successfully.
[2026-08-03 14:32:06,531] [INFO] [header_reconstructor.py:124]: Template class draws its own header; skipping fancyhdr injection.
[2026-08-03 14:32:06,535] [INFO] [job_manager.py:204]: Progress updated to 90%: LaTeX document rendering completed
[2026-08-03 14:32:06,535] [INFO] [pipeline_service.py:399]: Starting document compilation for job: caf9252f-19b6-4dba-adcc-29510135a6ff
[2026-08-03 14:32:06,551] [INFO] [job_manager.py:180]: Job status updated to: COMPILING
[2026-08-03 14:32:06,566] [INFO] [job_manager.py:204]: Progress updated to 92%: Compiling LaTeX source to PDF
[2026-08-03 14:32:13,294] [INFO] [pipeline_service.py:422]: Compilation completed successfully.
[2026-08-03 14:32:13,296] [INFO] [pipeline_service.py:437]: Running E2E publication fidelity checker for job: caf9252f-19b6-4dba-adcc-29510135a6ff
[2026-08-03 14:32:13,296] [INFO] [fidelity_checker.py:70]: Generating advanced fidelity report and scores for job: caf9252f-19b6-4dba-adcc-29510135a6ff
[2026-08-03 14:32:13,314] [INFO] [fidelity_checker.py:250]: Fidelity report written to G:\work\Journal2LaTeX\backend\temp\caf9252f-19b6-4dba-adcc-29510135a6ff\intermediate\fidelity_report.json. Overall Score: 84.2%, Critical missing: 0
[2026-08-03 14:32:13,332] [INFO] [job_manager.py:180]: Job status updated to: COMPLETED
[2026-08-03 14:32:13,345] [INFO] [job_manager.py:204]: Progress updated to 100%: Pipeline process completed successfully
[2026-08-04 10:21:29,976] [INFO] [project_packager.py:194]: Packaged LaTeX project for job caf9252f-19b6-4dba-adcc-29510135a6ff (3149801 bytes); unresolved deps: none
