[2026-07-18 02:01:40,454] [INFO] [job_manager.py:92]: Job cdcd857d-5699-48e9-991a-d28467aee097 workspace created successfully
[2026-07-18 02:01:40,501] [INFO] [pipeline_service.py:34]: Starting validation for job: cdcd857d-5699-48e9-991a-d28467aee097
[2026-07-18 02:01:40,502] [INFO] [job_manager.py:136]: Job status updated to: VALIDATING
[2026-07-18 02:01:40,517] [INFO] [job_manager.py:160]: Progress updated to 10%: Validating input Word Document
[2026-07-18 02:01:40,536] [INFO] [pipeline_service.py:49]: Validation successful.
[2026-07-18 02:01:40,549] [INFO] [job_manager.py:160]: Progress updated to 20%: Input document validated successfully
[2026-07-18 02:01:40,549] [INFO] [pipeline_service.py:56]: Starting document analysis for job: cdcd857d-5699-48e9-991a-d28467aee097
[2026-07-18 02:01:40,562] [INFO] [job_manager.py:136]: Job status updated to: ANALYZING_DOCUMENT
[2026-07-18 02:01:40,575] [INFO] [job_manager.py:160]: Progress updated to 30%: Analyzing document structure and content blocks
[2026-07-18 02:01:40,575] [INFO] [document_analyzer.py:33]: Starting improved document analysis for: G:\work\Journal2LaTeX\backend\temp\cdcd857d-5699-48e9-991a-d28467aee097\input\with_author_photo.docx
[2026-07-18 02:01:41,432] [INFO] [document_analyzer.py:303]: Parsed document: title='Statistical Analysis of Body Dysmorphic Disorder, Quality of Life, and Social Anxiety in Fire Victims: Path Analysis', authors=3, sections=1, references=0
[2026-07-18 02:01:41,436] [INFO] [pipeline_service.py:84]: Document analysis completed. Saved structure to: G:\work\Journal2LaTeX\backend\temp\cdcd857d-5699-48e9-991a-d28467aee097\intermediate\document_structure.json, report to: G:\work\Journal2LaTeX\backend\temp\cdcd857d-5699-48e9-991a-d28467aee097\intermediate\conversion_report.json
[2026-07-18 02:01:41,449] [INFO] [job_manager.py:160]: Progress updated to 45%: Document structure extracted successfully
[2026-07-18 02:01:41,449] [INFO] [pipeline_service.py:97]: Starting asset extraction for job: cdcd857d-5699-48e9-991a-d28467aee097
[2026-07-18 02:01:41,462] [INFO] [job_manager.py:136]: Job status updated to: EXTRACTING_ASSETS
[2026-07-18 02:01:41,474] [INFO] [job_manager.py:160]: Progress updated to 50%: Extracting images and figure assets from document
[2026-07-18 02:01:41,889] [INFO] [pipeline_service.py:108]: Assets extracted to: G:\work\Journal2LaTeX\backend\temp\cdcd857d-5699-48e9-991a-d28467aee097\intermediate\media
[2026-07-18 02:01:41,903] [INFO] [job_manager.py:160]: Progress updated to 60%: Document assets extracted successfully
[2026-07-18 02:01:41,904] [INFO] [pipeline_service.py:120]: Classifying extracted assets for job: cdcd857d-5699-48e9-991a-d28467aee097
[2026-07-18 02:01:41,904] [INFO] [asset_analyzer.py:23]: Starting extended asset analysis for job: cdcd857d-5699-48e9-991a-d28467aee097
[2026-07-18 02:01:41,907] [INFO] [asset_analyzer.py:153]: Extended asset classification completed. Assets classified: 8
[2026-07-18 02:01:41,921] [INFO] [job_manager.py:160]: Progress updated to 65%: Extracted assets analyzed and mapped successfully
[2026-07-18 02:01:41,964] [INFO] [pipeline_service.py:136]: Loading template JSAP for job: cdcd857d-5699-48e9-991a-d28467aee097
[2026-07-18 02:01:41,965] [INFO] [job_manager.py:136]: Job status updated to: LOADING_TEMPLATE
[2026-07-18 02:01:41,981] [INFO] [job_manager.py:160]: Progress updated to 70%: Loading template styles: JSAP
[2026-07-18 02:01:42,011] [INFO] [pipeline_service.py:154]: Template loaded and workspace prepared at: G:\work\Journal2LaTeX\backend\temp\cdcd857d-5699-48e9-991a-d28467aee097\rendered
[2026-07-18 02:01:42,027] [INFO] [job_manager.py:160]: Progress updated to 80%: Template workspace initialized
[2026-07-18 02:01:42,027] [INFO] [pipeline_service.py:167]: Starting LaTeX rendering for job: cdcd857d-5699-48e9-991a-d28467aee097
[2026-07-18 02:01:42,042] [INFO] [job_manager.py:136]: Job status updated to: RENDERING_LATEX
[2026-07-18 02:01:42,057] [INFO] [job_manager.py:160]: Progress updated to 85%: Rendering document content to LaTeX
[2026-07-18 02:01:42,074] [INFO] [latex_renderer.py:29]: Starting LaTeX rendering inside workspace: G:\work\Journal2LaTeX\backend\temp\cdcd857d-5699-48e9-991a-d28467aee097\rendered
[2026-07-18 02:01:42,082] [INFO] [latex_renderer.py:105]: LaTeX document main.tex rendered successfully.
[2026-07-18 02:01:42,098] [INFO] [job_manager.py:160]: Progress updated to 90%: LaTeX document rendering completed
[2026-07-18 02:01:42,099] [INFO] [pipeline_service.py:201]: Starting document compilation for job: cdcd857d-5699-48e9-991a-d28467aee097
[2026-07-18 02:01:42,113] [INFO] [job_manager.py:136]: Job status updated to: COMPILING
[2026-07-18 02:01:42,129] [INFO] [job_manager.py:160]: Progress updated to 92%: Compiling LaTeX source to PDF
[2026-07-18 02:01:50,733] [INFO] [pipeline_service.py:223]: Compilation completed successfully.
[2026-07-18 02:01:50,735] [INFO] [pipeline_service.py:235]: Running E2E publication fidelity checker for job: cdcd857d-5699-48e9-991a-d28467aee097
[2026-07-18 02:01:50,735] [INFO] [fidelity_checker.py:24]: Generating advanced fidelity report and scores for job: cdcd857d-5699-48e9-991a-d28467aee097
[2026-07-18 02:01:50,738] [INFO] [fidelity_checker.py:160]: Fidelity report written to G:\work\Journal2LaTeX\backend\temp\cdcd857d-5699-48e9-991a-d28467aee097\intermediate\fidelity_report.json. Overall Score: 97.3%, Critical missing: 0
[2026-07-18 02:01:50,752] [INFO] [job_manager.py:136]: Job status updated to: COMPLETED
[2026-07-18 02:01:50,767] [INFO] [job_manager.py:160]: Progress updated to 100%: Pipeline process completed successfully
