[2026-07-21 19:47:45,378] [INFO] [latex_compiler.py:321]: Starting LaTeX compilation for: G:\work\Journal2LaTeX\backend\temp\8d631e53-d8eb-4f28-944c-f409e46fdafb\rendered\main.tex
[2026-07-21 19:47:45,382] [INFO] [latex_compiler.py:125]: Rendered working directory tree before compilation:
  main.tex
  media/
    image1.jpeg
    image10.jpeg
    image4.jpeg
    image5.png
    image6.png
    image7.png
    image8.jpeg
    image9.jpeg
  template.json
  tex/
    everyshi.sty
    fig1_likert.png
    fig2_alpha.png
    fig3_desc.png
    fig4_ks.png
    logo7pt.eps
    logo7pt.pdf
    main.pdf
    main.tex
    NSP1.cls
    nsplogo.jpg
    psfig.sty
[2026-07-21 19:47:45,386] [INFO] [latex_compiler.py:131]: Template resource manifest (22 files):
  main.tex                                 generated document / build artefact
  media\image1.jpeg                        renderer-generated media
  media\image10.jpeg                       renderer-generated media
  media\image4.jpeg                        renderer-generated media
  media\image5.png                         renderer-generated media
  media\image6.png                         renderer-generated media
  media\image7.png                         renderer-generated media
  media\image8.jpeg                        renderer-generated media
  media\image9.jpeg                        renderer-generated media
  template.json                            template metadata
  tex\everyshi.sty                         template resource (package / style)
  tex\fig1_likert.png                      template resource (graphic (PNG))
  tex\fig2_alpha.png                       template resource (graphic (PNG))
  tex\fig3_desc.png                        template resource (graphic (PNG))
  tex\fig4_ks.png                          template resource (graphic (PNG))
  tex\logo7pt.eps                          template resource (graphic (EPS))
  tex\logo7pt.pdf                          template resource (graphic (PDF))
  tex\main.pdf                             generated document / build artefact
  tex\main.tex                             generated document / build artefact
  tex\NSP1.cls                             template resource (document class)
  tex\nsplogo.jpg                          template resource (graphic (JPEG))
  tex\psfig.sty                            template resource (package / style)
[2026-07-21 19:47:45,532] [INFO] [latex_compiler.py:144]: Dependency resolution (15 references):
  [MISSING] documentclass   NSP1
  [SYSTEM ] usepackage      amsmath
  [SYSTEM ] usepackage      amssymb
  [SYSTEM ] usepackage      multirow
  [SYSTEM ] usepackage      xcolor
  [SYSTEM ] usepackage      fancyhdr
  [SYSTEM ] usepackage      graphicx
  [LOCAL  ] includegraphics media/image4.jpeg
  [MISSING] includegraphics nsplogo.jpg
  [LOCAL  ] includegraphics media/image5.png
  [LOCAL  ] includegraphics media/image6.png
  [LOCAL  ] includegraphics media/image7.png
  [LOCAL  ] includegraphics media/image8.jpeg
  [LOCAL  ] includegraphics media/image9.jpeg
  [LOCAL  ] includegraphics media/image10.jpeg
[2026-07-21 19:47:45,532] [ERROR] [latex_compiler.py:153]: Template is missing required local resource(s); aborting before pdflatex. Ensure the template package ships these files:
  - documentclass -> NSP1
  - includegraphics -> nsplogo.jpg
