[2026-07-18 18:34:13,688] [INFO] [job_manager.py:117]: Job 6a907040-9274-486b-82c7-eb818e27f896 workspace created successfully
[2026-07-18 18:34:13,689] [INFO] [pipeline_service.py:36]: Starting validation for job: 6a907040-9274-486b-82c7-eb818e27f896
[2026-07-18 18:34:13,703] [INFO] [job_manager.py:161]: Job status updated to: VALIDATING
[2026-07-18 18:34:13,714] [INFO] [job_manager.py:185]: Progress updated to 10%: Validating input Word Document
[2026-07-18 18:34:13,726] [INFO] [pipeline_service.py:51]: Validation successful.
[2026-07-18 18:34:13,739] [INFO] [job_manager.py:185]: Progress updated to 20%: Input document validated successfully
[2026-07-18 18:34:13,739] [INFO] [pipeline_service.py:58]: Starting document analysis for job: 6a907040-9274-486b-82c7-eb818e27f896
[2026-07-18 18:34:13,757] [INFO] [job_manager.py:161]: Job status updated to: ANALYZING_DOCUMENT
[2026-07-18 18:34:13,778] [INFO] [job_manager.py:185]: Progress updated to 30%: Analyzing document structure and content blocks
[2026-07-18 18:34:13,779] [INFO] [document_analyzer.py:33]: Starting improved document analysis for: G:\work\Journal2LaTeX\temp\6a907040-9274-486b-82c7-eb818e27f896\input\style_vancouver.docx
[2026-07-18 18:34:14,017] [INFO] [document_analyzer.py:416]: Parsed document: title='Test Document Title', authors=2, sections=1, references=2
[2026-07-18 18:34:14,018] [INFO] [pipeline_service.py:86]: Document analysis completed. Saved structure to: G:\work\Journal2LaTeX\temp\6a907040-9274-486b-82c7-eb818e27f896\intermediate\document_structure.json, report to: G:\work\Journal2LaTeX\temp\6a907040-9274-486b-82c7-eb818e27f896\intermediate\conversion_report.json
[2026-07-18 18:34:14,031] [INFO] [job_manager.py:185]: Progress updated to 45%: Document structure extracted successfully
[2026-07-18 18:34:14,031] [INFO] [pipeline_service.py:99]: Starting asset extraction for job: 6a907040-9274-486b-82c7-eb818e27f896
[2026-07-18 18:34:14,046] [INFO] [job_manager.py:161]: Job status updated to: EXTRACTING_ASSETS
[2026-07-18 18:34:14,059] [INFO] [job_manager.py:185]: Progress updated to 50%: Extracting images and figure assets from document
[2026-07-18 18:34:14,325] [INFO] [pipeline_service.py:111]: Assets extracted to: G:\work\Journal2LaTeX\temp\6a907040-9274-486b-82c7-eb818e27f896\intermediate\media
[2026-07-18 18:34:14,337] [INFO] [job_manager.py:185]: Progress updated to 60%: Document assets extracted successfully
[2026-07-18 18:34:14,338] [INFO] [pipeline_service.py:123]: Classifying extracted assets for job: 6a907040-9274-486b-82c7-eb818e27f896
[2026-07-18 18:34:14,338] [INFO] [asset_analyzer.py:23]: Starting extended asset analysis for job: 6a907040-9274-486b-82c7-eb818e27f896
[2026-07-18 18:34:14,340] [INFO] [asset_analyzer.py:153]: Extended asset classification completed. Assets classified: 0
[2026-07-18 18:34:14,351] [INFO] [job_manager.py:185]: Progress updated to 65%: Extracted assets analyzed and mapped successfully
[2026-07-18 18:34:14,352] [INFO] [pipeline_service.py:139]: Loading template default for job: 6a907040-9274-486b-82c7-eb818e27f896
[2026-07-18 18:34:14,366] [INFO] [job_manager.py:161]: Job status updated to: LOADING_TEMPLATE
[2026-07-18 18:34:14,379] [INFO] [job_manager.py:185]: Progress updated to 70%: Loading template styles: default
[2026-07-18 18:34:14,385] [INFO] [pipeline_service.py:157]: Template loaded and workspace prepared at: G:\work\Journal2LaTeX\temp\6a907040-9274-486b-82c7-eb818e27f896\rendered
[2026-07-18 18:34:14,398] [INFO] [job_manager.py:185]: Progress updated to 80%: Template workspace initialized
[2026-07-18 18:34:14,398] [INFO] [pipeline_service.py:170]: Starting LaTeX rendering for job: 6a907040-9274-486b-82c7-eb818e27f896
[2026-07-18 18:34:14,412] [INFO] [job_manager.py:161]: Job status updated to: RENDERING_LATEX
[2026-07-18 18:34:14,425] [INFO] [job_manager.py:185]: Progress updated to 85%: Rendering document content to LaTeX
[2026-07-18 18:34:14,428] [INFO] [latex_renderer.py:70]: Starting LaTeX rendering inside workspace: G:\work\Journal2LaTeX\temp\6a907040-9274-486b-82c7-eb818e27f896\rendered
[2026-07-18 18:34:14,435] [INFO] [latex_renderer.py:337]: LaTeX document main.tex rendered successfully.
[2026-07-18 18:34:14,448] [INFO] [job_manager.py:185]: Progress updated to 90%: LaTeX document rendering completed
[2026-07-18 18:34:14,449] [INFO] [pipeline_service.py:204]: Starting document compilation for job: 6a907040-9274-486b-82c7-eb818e27f896
[2026-07-18 18:34:14,463] [INFO] [job_manager.py:161]: Job status updated to: COMPILING
[2026-07-18 18:34:14,477] [INFO] [job_manager.py:185]: Progress updated to 92%: Compiling LaTeX source to PDF
[2026-07-18 18:34:18,060] [INFO] [pipeline_service.py:226]: Compilation completed successfully.
