[2026-08-11 22:22:49,615] [INFO] [latex_compiler.py:337]: Starting LaTeX compilation for: G:\work\Journal2LaTeX\backend\temp\1506b362-5efd-4d5a-8597-2228c038e32d\rendered\main.tex
[2026-08-11 22:22:49,636] [INFO] [latex_compiler.py:364]: Applied template compatibility layer to main.tex
[2026-08-11 22:22:49,640] [INFO] [latex_compiler.py:126]: Rendered working directory tree before compilation:
  1.eps
  2.eps
  everyshi.sty
  logo7pt.eps
  main.tex
  media/
    image1.jpeg
    image10.png
    image11.png
    image2.png
    image5.jpeg
    image6.png
    image7.png
    image8.png
    image9.png
  NSP1.cls
  paper.aux
  paper.dvi
  paper.log
  paper.out
  paper.pdf
  paper.ps
  paper.tex
  psfig.sty
  template.json
[2026-08-11 22:22:49,650] [INFO] [latex_compiler.py:132]: Template resource manifest (24 files):
  1.eps                                    template resource (graphic (EPS))
  2.eps                                    template resource (graphic (EPS))
  everyshi.sty                             template resource (package / style)
  logo7pt.eps                              template resource (graphic (EPS))
  main.tex                                 generated document / build artefact
  media\image1.jpeg                        renderer-generated media
  media\image10.png                        renderer-generated media
  media\image11.png                        renderer-generated media
  media\image2.png                         renderer-generated media
  media\image5.jpeg                        renderer-generated media
  media\image6.png                         renderer-generated media
  media\image7.png                         renderer-generated media
  media\image8.png                         renderer-generated media
  media\image9.png                         renderer-generated media
  NSP1.cls                                 template resource (document class)
  paper.aux                                generated document / build artefact
  paper.dvi                                template resource
  paper.log                                generated document / build artefact
  paper.out                                generated document / build artefact
  paper.pdf                                template resource (graphic (PDF))
  paper.ps                                 template resource
  paper.tex                                template resource (included source)
  psfig.sty                                template resource (package / style)
  template.json                            template metadata
[2026-08-11 22:22:59,900] [INFO] [latex_compiler.py:154]: Dependency resolution (25 references):
  [LOCAL  ] documentclass   NSP1
  [SYSTEM ] usepackage      xcolor
  [SYSTEM ] usepackage      url
  [SYSTEM ] usepackage      floatflt
  [SYSTEM ] usepackage      helvet
  [SYSTEM ] usepackage      times
  [LOCAL  ] usepackage      psfig
  [SYSTEM ] usepackage      graphics
  [SYSTEM ] usepackage      mathptmx
  [SYSTEM ] usepackage      amsmath
  [SYSTEM ] usepackage      amssymb
  [SYSTEM ] usepackage      bm
  [SYSTEM ] usepackage      float
  [SYSTEM ] usepackage      caption
  [SYSTEM ] usepackage      array
  [SYSTEM ] usepackage      cuted
  [SYSTEM ] usepackage      newunicodechar
  [SYSTEM ] usepackage      type1cm
  [SYSTEM ] usepackage      fix-cm
  [LOCAL  ] includegraphics media/image6.png
  [LOCAL  ] includegraphics media/image7.png
  [LOCAL  ] includegraphics media/image8.png
  [LOCAL  ] includegraphics media/image9.png
  [LOCAL  ] includegraphics media/image10.png
  [LOCAL  ] includegraphics media/image11.png
[2026-08-11 22:23:03,047] [INFO] [latex_compiler.py:395]: Using latexmk compiler.
[2026-08-11 22:23:10,964] [ERROR] [latex_compiler.py:450]: LaTeX compilation failed. PDF not generated. Check raw logs for details.
