[2026-07-28 17:41:27,807] [INFO] [job_manager.py:136]: Job 56c06d69-74b0-4bc4-bc5d-8e279ac023da workspace created successfully
[2026-07-28 17:41:27,837] [INFO] [pipeline_service.py:46]: Starting validation for job: 56c06d69-74b0-4bc4-bc5d-8e279ac023da
[2026-07-28 17:41:27,857] [INFO] [job_manager.py:180]: Job status updated to: VALIDATING
[2026-07-28 17:41:27,872] [INFO] [job_manager.py:204]: Progress updated to 10%: Validating input Word Document
[2026-07-28 17:41:27,893] [INFO] [pipeline_service.py:61]: Validation successful.
[2026-07-28 17:41:27,909] [INFO] [job_manager.py:204]: Progress updated to 20%: Input document validated successfully
[2026-07-28 17:41:27,909] [INFO] [pipeline_service.py:68]: Starting document analysis for job: 56c06d69-74b0-4bc4-bc5d-8e279ac023da
[2026-07-28 17:41:27,925] [INFO] [job_manager.py:180]: Job status updated to: ANALYZING_DOCUMENT
[2026-07-28 17:41:27,940] [INFO] [job_manager.py:204]: Progress updated to 30%: Analyzing document structure and content blocks
[2026-07-28 17:41:27,940] [INFO] [document_analyzer.py:44]: Starting improved document analysis for: G:\work\Journal2LaTeX\backend\temp\56c06d69-74b0-4bc4-bc5d-8e279ac023da\input\2.docx
[2026-07-28 17:41:29,277] [INFO] [document_analyzer.py:528]: Parsed document: title='Fractal-Fractional Tactic of Mathematical Modelling on Math Anxiety Using Hadamard Derivative: A Comprehensive Study', authors=24, sections=14, references=15
[2026-07-28 17:41:29,280] [INFO] [pipeline_service.py:96]: Document analysis completed. Saved structure to: G:\work\Journal2LaTeX\backend\temp\56c06d69-74b0-4bc4-bc5d-8e279ac023da\intermediate\document_structure.json, report to: G:\work\Journal2LaTeX\backend\temp\56c06d69-74b0-4bc4-bc5d-8e279ac023da\intermediate\conversion_report.json
[2026-07-28 17:41:29,298] [INFO] [job_manager.py:204]: Progress updated to 45%: Document structure extracted successfully
[2026-07-28 17:41:29,299] [INFO] [pipeline_service.py:109]: Starting asset extraction for job: 56c06d69-74b0-4bc4-bc5d-8e279ac023da
[2026-07-28 17:41:29,314] [INFO] [job_manager.py:180]: Job status updated to: EXTRACTING_ASSETS
[2026-07-28 17:41:29,328] [INFO] [job_manager.py:204]: Progress updated to 50%: Extracting images and figure assets from document
[2026-07-28 17:41:30,006] [INFO] [pipeline_service.py:142]: Assets extracted to: G:\work\Journal2LaTeX\backend\temp\56c06d69-74b0-4bc4-bc5d-8e279ac023da\intermediate\media
[2026-07-28 17:41:30,025] [INFO] [job_manager.py:204]: Progress updated to 60%: Document assets extracted successfully
[2026-07-28 17:41:30,025] [INFO] [pipeline_service.py:259]: Classifying extracted assets for job: 56c06d69-74b0-4bc4-bc5d-8e279ac023da
[2026-07-28 17:41:30,025] [INFO] [asset_analyzer.py:23]: Starting extended asset analysis for job: 56c06d69-74b0-4bc4-bc5d-8e279ac023da
[2026-07-28 17:41:30,035] [INFO] [asset_analyzer.py:153]: Extended asset classification completed. Assets classified: 5
[2026-07-28 17:41:30,049] [INFO] [job_manager.py:204]: Progress updated to 65%: Extracted assets analyzed and mapped successfully
[2026-07-28 17:41:30,098] [INFO] [pipeline_service.py:275]: Loading template 0312f57b-b1a8-4d33-a32e-e0e1e6a831d8 for job: 56c06d69-74b0-4bc4-bc5d-8e279ac023da
[2026-07-28 17:41:30,114] [INFO] [job_manager.py:180]: Job status updated to: LOADING_TEMPLATE
[2026-07-28 17:41:30,130] [INFO] [job_manager.py:204]: Progress updated to 70%: Loading template styles: 0312f57b-b1a8-4d33-a32e-e0e1e6a831d8
[2026-07-28 17:41:30,197] [INFO] [pipeline_service.py:297]: Template loaded and workspace prepared at: G:\work\Journal2LaTeX\backend\temp\56c06d69-74b0-4bc4-bc5d-8e279ac023da\rendered
[2026-07-28 17:41:30,216] [INFO] [job_manager.py:204]: Progress updated to 80%: Template workspace initialized
[2026-07-28 17:41:30,217] [INFO] [pipeline_service.py:322]: Starting LaTeX rendering for job: 56c06d69-74b0-4bc4-bc5d-8e279ac023da
[2026-07-28 17:41:30,232] [INFO] [job_manager.py:180]: Job status updated to: RENDERING_LATEX
[2026-07-28 17:41:30,248] [INFO] [job_manager.py:204]: Progress updated to 85%: Rendering document content to LaTeX
[2026-07-28 17:41:30,264] [INFO] [latex_renderer.py:104]: Starting LaTeX rendering inside workspace: G:\work\Journal2LaTeX\backend\temp\56c06d69-74b0-4bc4-bc5d-8e279ac023da\rendered
[2026-07-28 17:41:30,358] [INFO] [latex_renderer.py:479]: LaTeX document main.tex rendered successfully.
[2026-07-28 17:41:30,426] [INFO] [header_reconstructor.py:124]: Template class draws its own header; skipping fancyhdr injection.
[2026-07-28 17:41:30,437] [INFO] [job_manager.py:204]: Progress updated to 90%: LaTeX document rendering completed
[2026-07-28 17:41:30,437] [INFO] [pipeline_service.py:385]: Starting document compilation for job: 56c06d69-74b0-4bc4-bc5d-8e279ac023da
[2026-07-28 17:41:30,451] [INFO] [job_manager.py:180]: Job status updated to: COMPILING
[2026-07-28 17:41:30,466] [INFO] [job_manager.py:204]: Progress updated to 92%: Compiling LaTeX source to PDF
[2026-07-28 17:41:35,389] [INFO] [pipeline_service.py:408]: Compilation completed successfully.
[2026-07-28 17:41:35,390] [INFO] [pipeline_service.py:423]: Running E2E publication fidelity checker for job: 56c06d69-74b0-4bc4-bc5d-8e279ac023da
[2026-07-28 17:41:35,390] [INFO] [fidelity_checker.py:24]: Generating advanced fidelity report and scores for job: 56c06d69-74b0-4bc4-bc5d-8e279ac023da
[2026-07-28 17:41:35,394] [INFO] [fidelity_checker.py:175]: Fidelity report written to G:\work\Journal2LaTeX\backend\temp\56c06d69-74b0-4bc4-bc5d-8e279ac023da\intermediate\fidelity_report.json. Overall Score: 92.9%, Critical missing: 0
[2026-07-28 17:41:35,410] [INFO] [job_manager.py:180]: Job status updated to: COMPLETED
[2026-07-28 17:41:35,424] [INFO] [job_manager.py:204]: Progress updated to 100%: Pipeline process completed successfully
