[2026-07-18 12:55:11,461] [INFO] [job_manager.py:117]: Job 6db70146-4bcf-45fd-9d14-4fc7c33f99de workspace created successfully
[2026-07-18 12:55:11,489] [INFO] [pipeline_service.py:34]: Starting validation for job: 6db70146-4bcf-45fd-9d14-4fc7c33f99de
[2026-07-18 12:55:11,491] [INFO] [job_manager.py:161]: Job status updated to: VALIDATING
[2026-07-18 12:55:11,504] [INFO] [job_manager.py:185]: Progress updated to 10%: Validating input Word Document
[2026-07-18 12:55:11,519] [INFO] [pipeline_service.py:49]: Validation successful.
[2026-07-18 12:55:11,531] [INFO] [job_manager.py:185]: Progress updated to 20%: Input document validated successfully
[2026-07-18 12:55:11,531] [INFO] [pipeline_service.py:56]: Starting document analysis for job: 6db70146-4bcf-45fd-9d14-4fc7c33f99de
[2026-07-18 12:55:11,544] [INFO] [job_manager.py:161]: Job status updated to: ANALYZING_DOCUMENT
[2026-07-18 12:55:11,557] [INFO] [job_manager.py:185]: Progress updated to 30%: Analyzing document structure and content blocks
[2026-07-18 12:55:11,557] [INFO] [document_analyzer.py:33]: Starting improved document analysis for: G:\work\Journal2LaTeX\backend\temp\6db70146-4bcf-45fd-9d14-4fc7c33f99de\input\research in the journal form.docx
[2026-07-18 12:55:11,961] [INFO] [document_analyzer.py:416]: Parsed document: title='Statistical Analysis of Body Dysmorphic Disorder, Quality of Life, and Social Anxiety in Fire Victims: Path Analysis', authors=3, sections=1, references=21
[2026-07-18 12:55:11,964] [INFO] [pipeline_service.py:84]: Document analysis completed. Saved structure to: G:\work\Journal2LaTeX\backend\temp\6db70146-4bcf-45fd-9d14-4fc7c33f99de\intermediate\document_structure.json, report to: G:\work\Journal2LaTeX\backend\temp\6db70146-4bcf-45fd-9d14-4fc7c33f99de\intermediate\conversion_report.json
[2026-07-18 12:55:11,977] [INFO] [job_manager.py:185]: Progress updated to 45%: Document structure extracted successfully
[2026-07-18 12:55:11,977] [INFO] [pipeline_service.py:97]: Starting asset extraction for job: 6db70146-4bcf-45fd-9d14-4fc7c33f99de
[2026-07-18 12:55:11,990] [INFO] [job_manager.py:161]: Job status updated to: EXTRACTING_ASSETS
[2026-07-18 12:55:12,007] [INFO] [job_manager.py:185]: Progress updated to 50%: Extracting images and figure assets from document
[2026-07-18 12:55:12,444] [INFO] [pipeline_service.py:108]: Assets extracted to: G:\work\Journal2LaTeX\backend\temp\6db70146-4bcf-45fd-9d14-4fc7c33f99de\intermediate\media
[2026-07-18 12:55:12,458] [INFO] [job_manager.py:185]: Progress updated to 60%: Document assets extracted successfully
[2026-07-18 12:55:12,458] [INFO] [pipeline_service.py:120]: Classifying extracted assets for job: 6db70146-4bcf-45fd-9d14-4fc7c33f99de
[2026-07-18 12:55:12,458] [INFO] [asset_analyzer.py:23]: Starting extended asset analysis for job: 6db70146-4bcf-45fd-9d14-4fc7c33f99de
[2026-07-18 12:55:12,461] [INFO] [asset_analyzer.py:153]: Extended asset classification completed. Assets classified: 8
[2026-07-18 12:55:12,474] [INFO] [job_manager.py:185]: Progress updated to 65%: Extracted assets analyzed and mapped successfully
[2026-07-18 12:55:12,567] [INFO] [pipeline_service.py:136]: Loading template default for job: 6db70146-4bcf-45fd-9d14-4fc7c33f99de
[2026-07-18 12:55:12,568] [INFO] [job_manager.py:161]: Job status updated to: LOADING_TEMPLATE
[2026-07-18 12:55:12,581] [INFO] [job_manager.py:185]: Progress updated to 70%: Loading template styles: default
[2026-07-18 12:55:12,598] [INFO] [pipeline_service.py:154]: Template loaded and workspace prepared at: G:\work\Journal2LaTeX\backend\temp\6db70146-4bcf-45fd-9d14-4fc7c33f99de\rendered
[2026-07-18 12:55:12,612] [INFO] [job_manager.py:185]: Progress updated to 80%: Template workspace initialized
[2026-07-18 12:55:12,613] [INFO] [pipeline_service.py:167]: Starting LaTeX rendering for job: 6db70146-4bcf-45fd-9d14-4fc7c33f99de
[2026-07-18 12:55:12,626] [INFO] [job_manager.py:161]: Job status updated to: RENDERING_LATEX
[2026-07-18 12:55:12,639] [INFO] [job_manager.py:185]: Progress updated to 85%: Rendering document content to LaTeX
[2026-07-18 12:55:12,652] [INFO] [latex_renderer.py:29]: Starting LaTeX rendering inside workspace: G:\work\Journal2LaTeX\backend\temp\6db70146-4bcf-45fd-9d14-4fc7c33f99de\rendered
[2026-07-18 12:55:12,661] [INFO] [latex_renderer.py:174]: LaTeX document main.tex rendered successfully.
[2026-07-18 12:55:12,675] [INFO] [job_manager.py:185]: Progress updated to 90%: LaTeX document rendering completed
[2026-07-18 12:55:12,675] [INFO] [pipeline_service.py:201]: Starting document compilation for job: 6db70146-4bcf-45fd-9d14-4fc7c33f99de
[2026-07-18 12:55:12,688] [INFO] [job_manager.py:161]: Job status updated to: COMPILING
[2026-07-18 12:55:12,701] [INFO] [job_manager.py:185]: Progress updated to 92%: Compiling LaTeX source to PDF
[2026-07-18 12:55:15,784] [INFO] [pipeline_service.py:223]: Compilation completed successfully.
[2026-07-18 12:55:15,785] [INFO] [pipeline_service.py:235]: Running E2E publication fidelity checker for job: 6db70146-4bcf-45fd-9d14-4fc7c33f99de
[2026-07-18 12:55:15,785] [INFO] [fidelity_checker.py:24]: Generating advanced fidelity report and scores for job: 6db70146-4bcf-45fd-9d14-4fc7c33f99de
[2026-07-18 12:55:15,786] [INFO] [fidelity_checker.py:163]: Fidelity report written to G:\work\Journal2LaTeX\backend\temp\6db70146-4bcf-45fd-9d14-4fc7c33f99de\intermediate\fidelity_report.json. Overall Score: 99.5%, Critical missing: 0
[2026-07-18 12:55:15,800] [INFO] [job_manager.py:161]: Job status updated to: COMPLETED
[2026-07-18 12:55:15,815] [INFO] [job_manager.py:185]: Progress updated to 100%: Pipeline process completed successfully
