[2026-08-09 16:26:56,253] [INFO] [job_manager.py:153]: Job 5c80a262-4546-4c8f-9c27-376a70e00cdf workspace created successfully
[2026-08-09 16:26:56,280] [INFO] [pipeline_service.py:46]: Starting validation for job: 5c80a262-4546-4c8f-9c27-376a70e00cdf
[2026-08-09 16:26:56,297] [INFO] [job_manager.py:202]: Job status updated to: VALIDATING
[2026-08-09 16:26:56,315] [INFO] [job_manager.py:226]: Progress updated to 10%: Validating input Word Document
[2026-08-09 16:26:56,316] [INFO] [pipeline_service.py:61]: Validation successful.
[2026-08-09 16:26:56,333] [INFO] [job_manager.py:226]: Progress updated to 20%: Input document validated successfully
[2026-08-09 16:26:56,333] [INFO] [pipeline_service.py:68]: Starting document analysis for job: 5c80a262-4546-4c8f-9c27-376a70e00cdf
[2026-08-09 16:26:56,360] [INFO] [job_manager.py:202]: Job status updated to: ANALYZING_DOCUMENT
[2026-08-09 16:26:56,378] [INFO] [job_manager.py:226]: Progress updated to 30%: Analyzing document structure and content blocks
[2026-08-09 16:26:56,379] [INFO] [document_analyzer.py:228]: Starting improved document analysis for: G:\work\Journal2LaTeX\backend\temp\5c80a262-4546-4c8f-9c27-376a70e00cdf\input\sample.docx
[2026-08-09 16:26:56,430] [INFO] [document_analyzer.py:1045]: Parsed document: title='Hello from Journal2LaTeX. This is a minimal DOCX document to verify the conversion engine.', authors=0, sections=0, references=0
[2026-08-09 16:26:56,431] [INFO] [pipeline_service.py:96]: Document analysis completed. Saved structure to: G:\work\Journal2LaTeX\backend\temp\5c80a262-4546-4c8f-9c27-376a70e00cdf\intermediate\document_structure.json, report to: G:\work\Journal2LaTeX\backend\temp\5c80a262-4546-4c8f-9c27-376a70e00cdf\intermediate\conversion_report.json
[2026-08-09 16:26:56,447] [INFO] [job_manager.py:226]: Progress updated to 45%: Document structure extracted successfully
[2026-08-09 16:26:56,447] [INFO] [pipeline_service.py:109]: Starting asset extraction for job: 5c80a262-4546-4c8f-9c27-376a70e00cdf
[2026-08-09 16:26:56,464] [INFO] [job_manager.py:202]: Job status updated to: EXTRACTING_ASSETS
[2026-08-09 16:26:56,484] [INFO] [job_manager.py:226]: Progress updated to 50%: Extracting images and figure assets from document
[2026-08-09 16:26:56,592] [INFO] [pipeline_service.py:156]: Assets extracted to: G:\work\Journal2LaTeX\backend\temp\5c80a262-4546-4c8f-9c27-376a70e00cdf\intermediate\media
[2026-08-09 16:26:56,613] [INFO] [job_manager.py:226]: Progress updated to 60%: Document assets extracted successfully
[2026-08-09 16:26:56,613] [INFO] [pipeline_service.py:273]: Classifying extracted assets for job: 5c80a262-4546-4c8f-9c27-376a70e00cdf
[2026-08-09 16:26:56,613] [INFO] [asset_analyzer.py:23]: Starting extended asset analysis for job: 5c80a262-4546-4c8f-9c27-376a70e00cdf
[2026-08-09 16:26:56,615] [INFO] [asset_analyzer.py:153]: Extended asset classification completed. Assets classified: 0
[2026-08-09 16:26:56,629] [INFO] [job_manager.py:226]: Progress updated to 65%: Extracted assets analyzed and mapped successfully
