[2026-07-21 20:10:28,940] [INFO] [job_manager.py:136]: Job e42eaeae-f340-4fd5-b10d-dc41ce5c6f63 workspace created successfully
[2026-07-21 20:10:28,965] [INFO] [pipeline_service.py:45]: Starting validation for job: e42eaeae-f340-4fd5-b10d-dc41ce5c6f63
[2026-07-21 20:10:28,981] [INFO] [job_manager.py:180]: Job status updated to: VALIDATING
[2026-07-21 20:10:28,998] [INFO] [job_manager.py:204]: Progress updated to 10%: Validating input Word Document
[2026-07-21 20:10:29,017] [INFO] [pipeline_service.py:60]: Validation successful.
[2026-07-21 20:10:29,032] [INFO] [job_manager.py:204]: Progress updated to 20%: Input document validated successfully
[2026-07-21 20:10:29,032] [INFO] [pipeline_service.py:67]: Starting document analysis for job: e42eaeae-f340-4fd5-b10d-dc41ce5c6f63
[2026-07-21 20:10:29,050] [INFO] [job_manager.py:180]: Job status updated to: ANALYZING_DOCUMENT
[2026-07-21 20:10:29,062] [INFO] [job_manager.py:204]: Progress updated to 30%: Analyzing document structure and content blocks
[2026-07-21 20:10:29,063] [INFO] [document_analyzer.py:33]: Starting improved document analysis for: G:\work\Journal2LaTeX\backend\temp\e42eaeae-f340-4fd5-b10d-dc41ce5c6f63\input\The role.docx
[2026-07-21 20:10:29,950] [INFO] [document_analyzer.py:461]: Parsed document: title='The Role of Social Media in the Spread and Countering of Cyber-Extremism: An Islamic Jurisprudential and Educational Perspective', authors=19, sections=1, references=42
[2026-07-21 20:10:29,958] [INFO] [pipeline_service.py:95]: Document analysis completed. Saved structure to: G:\work\Journal2LaTeX\backend\temp\e42eaeae-f340-4fd5-b10d-dc41ce5c6f63\intermediate\document_structure.json, report to: G:\work\Journal2LaTeX\backend\temp\e42eaeae-f340-4fd5-b10d-dc41ce5c6f63\intermediate\conversion_report.json
[2026-07-21 20:10:29,980] [INFO] [job_manager.py:204]: Progress updated to 45%: Document structure extracted successfully
[2026-07-21 20:10:29,980] [INFO] [pipeline_service.py:108]: Starting asset extraction for job: e42eaeae-f340-4fd5-b10d-dc41ce5c6f63
[2026-07-21 20:10:29,995] [INFO] [job_manager.py:180]: Job status updated to: EXTRACTING_ASSETS
[2026-07-21 20:10:30,014] [INFO] [job_manager.py:204]: Progress updated to 50%: Extracting images and figure assets from document
[2026-07-21 20:10:31,195] [INFO] [pipeline_service.py:141]: Assets extracted to: G:\work\Journal2LaTeX\backend\temp\e42eaeae-f340-4fd5-b10d-dc41ce5c6f63\intermediate\media
[2026-07-21 20:10:31,213] [INFO] [job_manager.py:204]: Progress updated to 60%: Document assets extracted successfully
[2026-07-21 20:10:31,213] [INFO] [pipeline_service.py:231]: Classifying extracted assets for job: e42eaeae-f340-4fd5-b10d-dc41ce5c6f63
[2026-07-21 20:10:31,213] [INFO] [asset_analyzer.py:23]: Starting extended asset analysis for job: e42eaeae-f340-4fd5-b10d-dc41ce5c6f63
[2026-07-21 20:10:31,216] [INFO] [asset_analyzer.py:153]: Extended asset classification completed. Assets classified: 7
[2026-07-21 20:10:31,230] [INFO] [job_manager.py:204]: Progress updated to 65%: Extracted assets analyzed and mapped successfully
[2026-07-21 20:10:31,286] [INFO] [pipeline_service.py:247]: Loading template 7c031f31-c841-4083-b0d4-149e0c43b0a6 for job: e42eaeae-f340-4fd5-b10d-dc41ce5c6f63
[2026-07-21 20:10:31,304] [INFO] [job_manager.py:180]: Job status updated to: LOADING_TEMPLATE
[2026-07-21 20:10:31,319] [INFO] [job_manager.py:204]: Progress updated to 70%: Loading template styles: 7c031f31-c841-4083-b0d4-149e0c43b0a6
[2026-07-21 20:10:31,402] [INFO] [pipeline_service.py:269]: Template loaded and workspace prepared at: G:\work\Journal2LaTeX\backend\temp\e42eaeae-f340-4fd5-b10d-dc41ce5c6f63\rendered
[2026-07-21 20:10:31,416] [INFO] [job_manager.py:204]: Progress updated to 80%: Template workspace initialized
[2026-07-21 20:10:31,419] [INFO] [pipeline_service.py:294]: Starting LaTeX rendering for job: e42eaeae-f340-4fd5-b10d-dc41ce5c6f63
[2026-07-21 20:10:31,433] [INFO] [job_manager.py:180]: Job status updated to: RENDERING_LATEX
[2026-07-21 20:10:31,451] [INFO] [job_manager.py:204]: Progress updated to 85%: Rendering document content to LaTeX
[2026-07-21 20:10:31,472] [INFO] [latex_renderer.py:72]: Starting LaTeX rendering inside workspace: G:\work\Journal2LaTeX\backend\temp\e42eaeae-f340-4fd5-b10d-dc41ce5c6f63\rendered
[2026-07-21 20:10:31,578] [INFO] [latex_renderer.py:355]: LaTeX document main.tex rendered successfully.
[2026-07-21 20:10:31,744] [INFO] [header_reconstructor.py:124]: Template class draws its own header; skipping fancyhdr injection.
[2026-07-21 20:10:31,747] [INFO] [job_manager.py:204]: Progress updated to 90%: LaTeX document rendering completed
[2026-07-21 20:10:31,748] [INFO] [pipeline_service.py:357]: Starting document compilation for job: e42eaeae-f340-4fd5-b10d-dc41ce5c6f63
[2026-07-21 20:10:31,766] [INFO] [job_manager.py:180]: Job status updated to: COMPILING
[2026-07-21 20:10:31,782] [INFO] [job_manager.py:204]: Progress updated to 92%: Compiling LaTeX source to PDF
[2026-07-21 20:10:35,838] [INFO] [pipeline_service.py:380]: Compilation completed successfully.
[2026-07-21 20:10:35,844] [INFO] [pipeline_service.py:395]: Running E2E publication fidelity checker for job: e42eaeae-f340-4fd5-b10d-dc41ce5c6f63
[2026-07-21 20:10:35,844] [INFO] [fidelity_checker.py:24]: Generating advanced fidelity report and scores for job: e42eaeae-f340-4fd5-b10d-dc41ce5c6f63
[2026-07-21 20:10:35,848] [INFO] [fidelity_checker.py:163]: Fidelity report written to G:\work\Journal2LaTeX\backend\temp\e42eaeae-f340-4fd5-b10d-dc41ce5c6f63\intermediate\fidelity_report.json. Overall Score: 90.4%, Critical missing: 0
[2026-07-21 20:10:35,873] [INFO] [pipeline_service.py:357]: Starting document compilation for job: e42eaeae-f340-4fd5-b10d-dc41ce5c6f63
[2026-07-21 20:10:39,934] [INFO] [pipeline_service.py:380]: Compilation completed successfully.
[2026-07-21 20:10:55,308] [INFO] [pipeline_service.py:357]: Starting document compilation for job: e42eaeae-f340-4fd5-b10d-dc41ce5c6f63
[2026-07-21 20:10:59,140] [INFO] [pipeline_service.py:380]: Compilation completed successfully.
[2026-07-21 20:11:07,545] [INFO] [pipeline_service.py:357]: Starting document compilation for job: e42eaeae-f340-4fd5-b10d-dc41ce5c6f63
[2026-07-21 20:11:11,751] [INFO] [pipeline_service.py:380]: Compilation completed successfully.
[2026-07-21 20:11:20,301] [INFO] [pipeline_service.py:357]: Starting document compilation for job: e42eaeae-f340-4fd5-b10d-dc41ce5c6f63
[2026-07-21 20:11:25,054] [INFO] [pipeline_service.py:380]: Compilation completed successfully.
[2026-07-21 20:11:33,987] [INFO] [pipeline_service.py:357]: Starting document compilation for job: e42eaeae-f340-4fd5-b10d-dc41ce5c6f63
[2026-07-21 20:11:38,626] [INFO] [pipeline_service.py:380]: Compilation completed successfully.
[2026-07-21 20:11:47,693] [INFO] [pipeline_service.py:357]: Starting document compilation for job: e42eaeae-f340-4fd5-b10d-dc41ce5c6f63
[2026-07-21 20:11:51,769] [INFO] [pipeline_service.py:380]: Compilation completed successfully.
[2026-07-21 20:12:00,672] [INFO] [pipeline_service.py:357]: Starting document compilation for job: e42eaeae-f340-4fd5-b10d-dc41ce5c6f63
[2026-07-21 20:12:05,485] [INFO] [pipeline_service.py:380]: Compilation completed successfully.
[2026-07-21 20:12:14,381] [INFO] [pipeline_service.py:357]: Starting document compilation for job: e42eaeae-f340-4fd5-b10d-dc41ce5c6f63
[2026-07-21 20:12:18,349] [INFO] [pipeline_service.py:380]: Compilation completed successfully.
[2026-07-21 20:12:18,363] [INFO] [job_manager.py:180]: Job status updated to: COMPLETED
[2026-07-21 20:12:18,375] [INFO] [job_manager.py:204]: Progress updated to 100%: Pipeline process completed successfully
