[2026-07-18 17:19:45,756] [INFO] [job_manager.py:117]: Job 28854651-e422-4d4a-8047-494310295e53 workspace created successfully
[2026-07-18 17:19:45,789] [INFO] [pipeline_service.py:34]: Starting validation for job: 28854651-e422-4d4a-8047-494310295e53
[2026-07-18 17:19:45,802] [INFO] [job_manager.py:161]: Job status updated to: VALIDATING
[2026-07-18 17:19:45,816] [INFO] [job_manager.py:185]: Progress updated to 10%: Validating input Word Document
[2026-07-18 17:19:45,835] [INFO] [pipeline_service.py:49]: Validation successful.
[2026-07-18 17:19:45,848] [INFO] [job_manager.py:185]: Progress updated to 20%: Input document validated successfully
[2026-07-18 17:19:45,848] [INFO] [pipeline_service.py:56]: Starting document analysis for job: 28854651-e422-4d4a-8047-494310295e53
[2026-07-18 17:19:45,862] [INFO] [job_manager.py:161]: Job status updated to: ANALYZING_DOCUMENT
[2026-07-18 17:19:45,875] [INFO] [job_manager.py:185]: Progress updated to 30%: Analyzing document structure and content blocks
[2026-07-18 17:19:45,875] [INFO] [document_analyzer.py:33]: Starting improved document analysis for: G:\work\Journal2LaTeX\backend\temp\28854651-e422-4d4a-8047-494310295e53\input\research in the journal form.docx
[2026-07-18 17:19:46,330] [INFO] [document_analyzer.py:416]: Parsed document: title='Statistical Analysis of Body Dysmorphic Disorder, Quality of Life, and Social Anxiety in Fire Victims: Path Analysis', authors=3, sections=1, references=21
[2026-07-18 17:19:46,341] [INFO] [pipeline_service.py:84]: Document analysis completed. Saved structure to: G:\work\Journal2LaTeX\backend\temp\28854651-e422-4d4a-8047-494310295e53\intermediate\document_structure.json, report to: G:\work\Journal2LaTeX\backend\temp\28854651-e422-4d4a-8047-494310295e53\intermediate\conversion_report.json
[2026-07-18 17:19:46,361] [INFO] [job_manager.py:185]: Progress updated to 45%: Document structure extracted successfully
[2026-07-18 17:19:46,361] [INFO] [pipeline_service.py:97]: Starting asset extraction for job: 28854651-e422-4d4a-8047-494310295e53
[2026-07-18 17:19:46,378] [INFO] [job_manager.py:161]: Job status updated to: EXTRACTING_ASSETS
[2026-07-18 17:19:46,392] [INFO] [job_manager.py:185]: Progress updated to 50%: Extracting images and figure assets from document
[2026-07-18 17:19:46,854] [INFO] [pipeline_service.py:108]: Assets extracted to: G:\work\Journal2LaTeX\backend\temp\28854651-e422-4d4a-8047-494310295e53\intermediate\media
[2026-07-18 17:19:46,866] [INFO] [job_manager.py:185]: Progress updated to 60%: Document assets extracted successfully
[2026-07-18 17:19:46,867] [INFO] [pipeline_service.py:120]: Classifying extracted assets for job: 28854651-e422-4d4a-8047-494310295e53
[2026-07-18 17:19:46,867] [INFO] [asset_analyzer.py:23]: Starting extended asset analysis for job: 28854651-e422-4d4a-8047-494310295e53
[2026-07-18 17:19:46,871] [INFO] [asset_analyzer.py:153]: Extended asset classification completed. Assets classified: 8
[2026-07-18 17:19:46,886] [INFO] [job_manager.py:185]: Progress updated to 65%: Extracted assets analyzed and mapped successfully
[2026-07-18 17:19:46,981] [INFO] [pipeline_service.py:136]: Loading template 3d94de93-1a8b-4b7f-adfb-713ec2a77e4d for job: 28854651-e422-4d4a-8047-494310295e53
[2026-07-18 17:19:46,982] [INFO] [job_manager.py:161]: Job status updated to: LOADING_TEMPLATE
[2026-07-18 17:19:46,997] [INFO] [job_manager.py:185]: Progress updated to 70%: Loading template styles: 3d94de93-1a8b-4b7f-adfb-713ec2a77e4d
[2026-07-18 17:19:47,018] [INFO] [pipeline_service.py:154]: Template loaded and workspace prepared at: G:\work\Journal2LaTeX\backend\temp\28854651-e422-4d4a-8047-494310295e53\rendered
[2026-07-18 17:19:47,036] [INFO] [job_manager.py:185]: Progress updated to 80%: Template workspace initialized
[2026-07-18 17:19:47,037] [INFO] [pipeline_service.py:167]: Starting LaTeX rendering for job: 28854651-e422-4d4a-8047-494310295e53
[2026-07-18 17:19:47,048] [INFO] [job_manager.py:161]: Job status updated to: RENDERING_LATEX
[2026-07-18 17:19:47,066] [INFO] [job_manager.py:185]: Progress updated to 85%: Rendering document content to LaTeX
[2026-07-18 17:19:47,083] [INFO] [latex_renderer.py:70]: Starting LaTeX rendering inside workspace: G:\work\Journal2LaTeX\backend\temp\28854651-e422-4d4a-8047-494310295e53\rendered
[2026-07-18 17:19:47,118] [INFO] [latex_renderer.py:335]: LaTeX document main.tex rendered successfully.
[2026-07-18 17:19:47,134] [INFO] [job_manager.py:185]: Progress updated to 90%: LaTeX document rendering completed
[2026-07-18 17:19:47,134] [INFO] [pipeline_service.py:201]: Starting document compilation for job: 28854651-e422-4d4a-8047-494310295e53
[2026-07-18 17:19:47,149] [INFO] [job_manager.py:161]: Job status updated to: COMPILING
[2026-07-18 17:19:47,162] [INFO] [job_manager.py:185]: Progress updated to 92%: Compiling LaTeX source to PDF
[2026-07-18 17:19:53,753] [INFO] [pipeline_service.py:223]: Compilation completed successfully.
[2026-07-18 17:19:53,754] [INFO] [pipeline_service.py:235]: Running E2E publication fidelity checker for job: 28854651-e422-4d4a-8047-494310295e53
[2026-07-18 17:19:53,755] [INFO] [fidelity_checker.py:24]: Generating advanced fidelity report and scores for job: 28854651-e422-4d4a-8047-494310295e53
[2026-07-18 17:19:53,764] [INFO] [fidelity_checker.py:163]: Fidelity report written to G:\work\Journal2LaTeX\backend\temp\28854651-e422-4d4a-8047-494310295e53\intermediate\fidelity_report.json. Overall Score: 98.7%, Critical missing: 0
[2026-07-18 17:19:53,779] [INFO] [job_manager.py:161]: Job status updated to: COMPLETED
[2026-07-18 17:19:53,796] [INFO] [job_manager.py:185]: Progress updated to 100%: Pipeline process completed successfully
