[2026-07-18 19:07:22,358] [INFO] [job_manager.py:117]: Job 07fc17fd-39da-4cd1-901a-8f21d0b83240 workspace created successfully
[2026-07-18 19:07:22,392] [INFO] [pipeline_service.py:40]: Starting validation for job: 07fc17fd-39da-4cd1-901a-8f21d0b83240
[2026-07-18 19:07:22,405] [INFO] [job_manager.py:161]: Job status updated to: VALIDATING
[2026-07-18 19:07:22,418] [INFO] [job_manager.py:185]: Progress updated to 10%: Validating input Word Document
[2026-07-18 19:07:22,435] [INFO] [pipeline_service.py:55]: Validation successful.
[2026-07-18 19:07:22,449] [INFO] [job_manager.py:185]: Progress updated to 20%: Input document validated successfully
[2026-07-18 19:07:22,449] [INFO] [pipeline_service.py:62]: Starting document analysis for job: 07fc17fd-39da-4cd1-901a-8f21d0b83240
[2026-07-18 19:07:22,462] [INFO] [job_manager.py:161]: Job status updated to: ANALYZING_DOCUMENT
[2026-07-18 19:07:22,475] [INFO] [job_manager.py:185]: Progress updated to 30%: Analyzing document structure and content blocks
[2026-07-18 19:07:22,475] [INFO] [document_analyzer.py:33]: Starting improved document analysis for: G:\work\Journal2LaTeX\backend\temp\07fc17fd-39da-4cd1-901a-8f21d0b83240\input\research in the journal form.docx
[2026-07-18 19:07:22,839] [INFO] [document_analyzer.py:416]: Parsed document: title='Statistical Analysis of Body Dysmorphic Disorder, Quality of Life, and Social Anxiety in Fire Victims: Path Analysis', authors=3, sections=1, references=21
[2026-07-18 19:07:22,843] [INFO] [pipeline_service.py:90]: Document analysis completed. Saved structure to: G:\work\Journal2LaTeX\backend\temp\07fc17fd-39da-4cd1-901a-8f21d0b83240\intermediate\document_structure.json, report to: G:\work\Journal2LaTeX\backend\temp\07fc17fd-39da-4cd1-901a-8f21d0b83240\intermediate\conversion_report.json
[2026-07-18 19:07:22,858] [INFO] [job_manager.py:185]: Progress updated to 45%: Document structure extracted successfully
[2026-07-18 19:07:22,858] [INFO] [pipeline_service.py:103]: Starting asset extraction for job: 07fc17fd-39da-4cd1-901a-8f21d0b83240
[2026-07-18 19:07:22,873] [INFO] [job_manager.py:161]: Job status updated to: EXTRACTING_ASSETS
[2026-07-18 19:07:22,891] [INFO] [job_manager.py:185]: Progress updated to 50%: Extracting images and figure assets from document
[2026-07-18 19:07:23,365] [INFO] [pipeline_service.py:115]: Assets extracted to: G:\work\Journal2LaTeX\backend\temp\07fc17fd-39da-4cd1-901a-8f21d0b83240\intermediate\media
[2026-07-18 19:07:23,384] [INFO] [job_manager.py:185]: Progress updated to 60%: Document assets extracted successfully
[2026-07-18 19:07:23,385] [INFO] [pipeline_service.py:127]: Classifying extracted assets for job: 07fc17fd-39da-4cd1-901a-8f21d0b83240
[2026-07-18 19:07:23,385] [INFO] [asset_analyzer.py:23]: Starting extended asset analysis for job: 07fc17fd-39da-4cd1-901a-8f21d0b83240
[2026-07-18 19:07:23,388] [INFO] [asset_analyzer.py:153]: Extended asset classification completed. Assets classified: 8
[2026-07-18 19:07:23,403] [INFO] [job_manager.py:185]: Progress updated to 65%: Extracted assets analyzed and mapped successfully
[2026-07-18 19:07:23,472] [INFO] [pipeline_service.py:143]: Loading template c8b8b7ad-5cca-4c7d-a86f-bd9dea9d2edd for job: 07fc17fd-39da-4cd1-901a-8f21d0b83240
[2026-07-18 19:07:23,473] [INFO] [job_manager.py:161]: Job status updated to: LOADING_TEMPLATE
[2026-07-18 19:07:23,488] [INFO] [job_manager.py:185]: Progress updated to 70%: Loading template styles: c8b8b7ad-5cca-4c7d-a86f-bd9dea9d2edd
[2026-07-18 19:07:23,509] [INFO] [pipeline_service.py:161]: Template loaded and workspace prepared at: G:\work\Journal2LaTeX\backend\temp\07fc17fd-39da-4cd1-901a-8f21d0b83240\rendered
[2026-07-18 19:07:23,522] [INFO] [job_manager.py:185]: Progress updated to 80%: Template workspace initialized
[2026-07-18 19:07:23,524] [INFO] [pipeline_service.py:174]: Starting LaTeX rendering for job: 07fc17fd-39da-4cd1-901a-8f21d0b83240
[2026-07-18 19:07:23,536] [INFO] [job_manager.py:161]: Job status updated to: RENDERING_LATEX
[2026-07-18 19:07:23,551] [INFO] [job_manager.py:185]: Progress updated to 85%: Rendering document content to LaTeX
[2026-07-18 19:07:23,568] [INFO] [latex_renderer.py:70]: Starting LaTeX rendering inside workspace: G:\work\Journal2LaTeX\backend\temp\07fc17fd-39da-4cd1-901a-8f21d0b83240\rendered
[2026-07-18 19:07:23,997] [INFO] [latex_renderer.py:337]: LaTeX document main.tex rendered successfully.
[2026-07-18 19:07:24,014] [INFO] [job_manager.py:185]: Progress updated to 90%: LaTeX document rendering completed
[2026-07-18 19:07:24,014] [INFO] [pipeline_service.py:208]: Starting document compilation for job: 07fc17fd-39da-4cd1-901a-8f21d0b83240
[2026-07-18 19:07:24,032] [INFO] [job_manager.py:161]: Job status updated to: COMPILING
[2026-07-18 19:07:24,046] [INFO] [job_manager.py:185]: Progress updated to 92%: Compiling LaTeX source to PDF
[2026-07-18 19:07:29,049] [INFO] [pipeline_service.py:230]: Compilation completed successfully.
[2026-07-18 19:07:29,051] [INFO] [pipeline_service.py:242]: Running E2E publication fidelity checker for job: 07fc17fd-39da-4cd1-901a-8f21d0b83240
[2026-07-18 19:07:29,051] [INFO] [fidelity_checker.py:24]: Generating advanced fidelity report and scores for job: 07fc17fd-39da-4cd1-901a-8f21d0b83240
[2026-07-18 19:07:29,054] [INFO] [fidelity_checker.py:163]: Fidelity report written to G:\work\Journal2LaTeX\backend\temp\07fc17fd-39da-4cd1-901a-8f21d0b83240\intermediate\fidelity_report.json. Overall Score: 97.8%, Critical missing: 0
[2026-07-18 19:07:29,074] [INFO] [pipeline_service.py:208]: Starting document compilation for job: 07fc17fd-39da-4cd1-901a-8f21d0b83240
[2026-07-18 19:07:29,075] [INFO] [job_manager.py:161]: Job status updated to: COMPILING
[2026-07-18 19:07:29,087] [INFO] [job_manager.py:185]: Progress updated to 92%: Compiling LaTeX source to PDF
[2026-07-18 19:07:30,419] [INFO] [pipeline_service.py:230]: Compilation completed successfully.
[2026-07-18 19:07:39,251] [INFO] [pipeline_service.py:208]: Starting document compilation for job: 07fc17fd-39da-4cd1-901a-8f21d0b83240
[2026-07-18 19:07:39,269] [INFO] [job_manager.py:161]: Job status updated to: COMPILING
[2026-07-18 19:07:39,290] [INFO] [job_manager.py:185]: Progress updated to 92%: Compiling LaTeX source to PDF
[2026-07-18 19:07:42,469] [INFO] [pipeline_service.py:230]: Compilation completed successfully.
[2026-07-18 19:07:51,091] [INFO] [pipeline_service.py:208]: Starting document compilation for job: 07fc17fd-39da-4cd1-901a-8f21d0b83240
[2026-07-18 19:07:51,106] [INFO] [job_manager.py:161]: Job status updated to: COMPILING
[2026-07-18 19:07:51,123] [INFO] [job_manager.py:185]: Progress updated to 92%: Compiling LaTeX source to PDF
[2026-07-18 19:07:54,355] [INFO] [pipeline_service.py:230]: Compilation completed successfully.
[2026-07-18 19:08:04,408] [INFO] [pipeline_service.py:208]: Starting document compilation for job: 07fc17fd-39da-4cd1-901a-8f21d0b83240
[2026-07-18 19:08:04,431] [INFO] [job_manager.py:161]: Job status updated to: COMPILING
[2026-07-18 19:08:04,452] [INFO] [job_manager.py:185]: Progress updated to 92%: Compiling LaTeX source to PDF
[2026-07-18 19:08:07,580] [INFO] [pipeline_service.py:230]: Compilation completed successfully.
[2026-07-18 19:08:16,213] [INFO] [pipeline_service.py:208]: Starting document compilation for job: 07fc17fd-39da-4cd1-901a-8f21d0b83240
[2026-07-18 19:08:16,232] [INFO] [job_manager.py:161]: Job status updated to: COMPILING
[2026-07-18 19:08:16,247] [INFO] [job_manager.py:185]: Progress updated to 92%: Compiling LaTeX source to PDF
[2026-07-18 19:08:19,283] [INFO] [pipeline_service.py:230]: Compilation completed successfully.
[2026-07-18 19:08:27,843] [INFO] [pipeline_service.py:208]: Starting document compilation for job: 07fc17fd-39da-4cd1-901a-8f21d0b83240
[2026-07-18 19:08:27,856] [INFO] [job_manager.py:161]: Job status updated to: COMPILING
[2026-07-18 19:08:27,870] [INFO] [job_manager.py:185]: Progress updated to 92%: Compiling LaTeX source to PDF
[2026-07-18 19:08:31,242] [INFO] [pipeline_service.py:230]: Compilation completed successfully.
[2026-07-18 19:08:31,261] [INFO] [job_manager.py:161]: Job status updated to: COMPLETED
[2026-07-18 19:08:31,276] [INFO] [job_manager.py:185]: Progress updated to 100%: Pipeline process completed successfully
