[2026-07-28 17:32:28,040] [INFO] [job_manager.py:136]: Job 1b926f30-3413-42aa-ada8-7173a72c45c5 workspace created successfully
[2026-07-28 17:32:28,065] [INFO] [pipeline_service.py:46]: Starting validation for job: 1b926f30-3413-42aa-ada8-7173a72c45c5
[2026-07-28 17:32:28,081] [INFO] [job_manager.py:180]: Job status updated to: VALIDATING
[2026-07-28 17:32:28,096] [INFO] [job_manager.py:204]: Progress updated to 10%: Validating input Word Document
[2026-07-28 17:32:28,116] [INFO] [pipeline_service.py:61]: Validation successful.
[2026-07-28 17:32:28,133] [INFO] [job_manager.py:204]: Progress updated to 20%: Input document validated successfully
[2026-07-28 17:32:28,133] [INFO] [pipeline_service.py:68]: Starting document analysis for job: 1b926f30-3413-42aa-ada8-7173a72c45c5
[2026-07-28 17:32:28,149] [INFO] [job_manager.py:180]: Job status updated to: ANALYZING_DOCUMENT
[2026-07-28 17:32:28,164] [INFO] [job_manager.py:204]: Progress updated to 30%: Analyzing document structure and content blocks
[2026-07-28 17:32:28,165] [INFO] [document_analyzer.py:44]: Starting improved document analysis for: G:\work\Journal2LaTeX\backend\temp\1b926f30-3413-42aa-ada8-7173a72c45c5\input\6.docx
[2026-07-28 17:32:30,539] [INFO] [document_analyzer.py:528]: Parsed document: title='A Fractional Fuzzy Dynamical Model for Math-Phobia with Optimal Learning Intervention Strategies', authors=232, sections=0, references=0
[2026-07-28 17:32:30,550] [INFO] [pipeline_service.py:96]: Document analysis completed. Saved structure to: G:\work\Journal2LaTeX\backend\temp\1b926f30-3413-42aa-ada8-7173a72c45c5\intermediate\document_structure.json, report to: G:\work\Journal2LaTeX\backend\temp\1b926f30-3413-42aa-ada8-7173a72c45c5\intermediate\conversion_report.json
[2026-07-28 17:32:30,567] [INFO] [job_manager.py:204]: Progress updated to 45%: Document structure extracted successfully
[2026-07-28 17:32:30,567] [INFO] [pipeline_service.py:109]: Starting asset extraction for job: 1b926f30-3413-42aa-ada8-7173a72c45c5
[2026-07-28 17:32:30,584] [INFO] [job_manager.py:180]: Job status updated to: EXTRACTING_ASSETS
[2026-07-28 17:32:30,598] [INFO] [job_manager.py:204]: Progress updated to 50%: Extracting images and figure assets from document
[2026-07-28 17:32:32,524] [INFO] [pipeline_service.py:142]: Assets extracted to: G:\work\Journal2LaTeX\backend\temp\1b926f30-3413-42aa-ada8-7173a72c45c5\intermediate\media
[2026-07-28 17:32:32,542] [INFO] [job_manager.py:204]: Progress updated to 60%: Document assets extracted successfully
[2026-07-28 17:32:32,542] [INFO] [pipeline_service.py:259]: Classifying extracted assets for job: 1b926f30-3413-42aa-ada8-7173a72c45c5
[2026-07-28 17:32:32,542] [INFO] [asset_analyzer.py:23]: Starting extended asset analysis for job: 1b926f30-3413-42aa-ada8-7173a72c45c5
[2026-07-28 17:32:32,553] [INFO] [asset_analyzer.py:153]: Extended asset classification completed. Assets classified: 6
[2026-07-28 17:32:32,569] [INFO] [job_manager.py:204]: Progress updated to 65%: Extracted assets analyzed and mapped successfully
[2026-07-28 17:32:32,617] [INFO] [pipeline_service.py:275]: Loading template 40a040bf-25f7-4b4d-8a35-8cf3a3278c33 for job: 1b926f30-3413-42aa-ada8-7173a72c45c5
[2026-07-28 17:32:32,632] [INFO] [job_manager.py:180]: Job status updated to: LOADING_TEMPLATE
[2026-07-28 17:32:32,646] [INFO] [job_manager.py:204]: Progress updated to 70%: Loading template styles: 40a040bf-25f7-4b4d-8a35-8cf3a3278c33
[2026-07-28 17:32:32,749] [INFO] [pipeline_service.py:297]: Template loaded and workspace prepared at: G:\work\Journal2LaTeX\backend\temp\1b926f30-3413-42aa-ada8-7173a72c45c5\rendered
[2026-07-28 17:32:32,764] [INFO] [job_manager.py:204]: Progress updated to 80%: Template workspace initialized
[2026-07-28 17:32:32,766] [INFO] [pipeline_service.py:322]: Starting LaTeX rendering for job: 1b926f30-3413-42aa-ada8-7173a72c45c5
[2026-07-28 17:32:32,783] [INFO] [job_manager.py:180]: Job status updated to: RENDERING_LATEX
[2026-07-28 17:32:32,798] [INFO] [job_manager.py:204]: Progress updated to 85%: Rendering document content to LaTeX
[2026-07-28 17:32:32,822] [INFO] [latex_renderer.py:104]: Starting LaTeX rendering inside workspace: G:\work\Journal2LaTeX\backend\temp\1b926f30-3413-42aa-ada8-7173a72c45c5\rendered
[2026-07-28 17:32:32,848] [INFO] [latex_renderer.py:479]: LaTeX document main.tex rendered successfully.
[2026-07-28 17:32:33,036] [INFO] [header_reconstructor.py:124]: Template class draws its own header; skipping fancyhdr injection.
[2026-07-28 17:32:33,046] [INFO] [job_manager.py:204]: Progress updated to 90%: LaTeX document rendering completed
[2026-07-28 17:32:33,046] [INFO] [pipeline_service.py:385]: Starting document compilation for job: 1b926f30-3413-42aa-ada8-7173a72c45c5
[2026-07-28 17:32:33,062] [INFO] [job_manager.py:180]: Job status updated to: COMPILING
[2026-07-28 17:32:33,079] [INFO] [job_manager.py:204]: Progress updated to 92%: Compiling LaTeX source to PDF
[2026-07-28 17:32:36,860] [INFO] [pipeline_service.py:408]: Compilation completed successfully.
[2026-07-28 17:32:36,862] [INFO] [pipeline_service.py:423]: Running E2E publication fidelity checker for job: 1b926f30-3413-42aa-ada8-7173a72c45c5
[2026-07-28 17:32:36,862] [INFO] [fidelity_checker.py:24]: Generating advanced fidelity report and scores for job: 1b926f30-3413-42aa-ada8-7173a72c45c5
[2026-07-28 17:32:36,866] [INFO] [fidelity_checker.py:175]: Fidelity report written to G:\work\Journal2LaTeX\backend\temp\1b926f30-3413-42aa-ada8-7173a72c45c5\intermediate\fidelity_report.json. Overall Score: 94.5%, Critical missing: 0
[2026-07-28 17:32:36,883] [INFO] [job_manager.py:180]: Job status updated to: COMPLETED
[2026-07-28 17:32:36,900] [INFO] [job_manager.py:204]: Progress updated to 100%: Pipeline process completed successfully
