[2026-07-23 15:28:33,446] [INFO] [job_manager.py:136]: Job 9562b6b4-141f-40c9-a974-c060917b8d31 workspace created successfully
[2026-07-23 15:28:33,472] [INFO] [pipeline_service.py:45]: Starting validation for job: 9562b6b4-141f-40c9-a974-c060917b8d31
[2026-07-23 15:28:33,486] [INFO] [job_manager.py:180]: Job status updated to: VALIDATING
[2026-07-23 15:28:33,501] [INFO] [job_manager.py:204]: Progress updated to 10%: Validating input Word Document
[2026-07-23 15:28:33,522] [INFO] [pipeline_service.py:60]: Validation successful.
[2026-07-23 15:28:33,537] [INFO] [job_manager.py:204]: Progress updated to 20%: Input document validated successfully
[2026-07-23 15:28:33,537] [INFO] [pipeline_service.py:67]: Starting document analysis for job: 9562b6b4-141f-40c9-a974-c060917b8d31
[2026-07-23 15:28:33,553] [INFO] [job_manager.py:180]: Job status updated to: ANALYZING_DOCUMENT
[2026-07-23 15:28:33,569] [INFO] [job_manager.py:204]: Progress updated to 30%: Analyzing document structure and content blocks
[2026-07-23 15:28:33,569] [INFO] [document_analyzer.py:33]: Starting improved document analysis for: G:\work\Journal2LaTeX\backend\temp\9562b6b4-141f-40c9-a974-c060917b8d31\input\with_charts.docx
[2026-07-23 15:28:33,856] [INFO] [document_analyzer.py:517]: Parsed document: title='Performance Evaluation of MANET Protocols', authors=1, sections=2, references=1
[2026-07-23 15:28:33,857] [INFO] [pipeline_service.py:95]: Document analysis completed. Saved structure to: G:\work\Journal2LaTeX\backend\temp\9562b6b4-141f-40c9-a974-c060917b8d31\intermediate\document_structure.json, report to: G:\work\Journal2LaTeX\backend\temp\9562b6b4-141f-40c9-a974-c060917b8d31\intermediate\conversion_report.json
[2026-07-23 15:28:33,873] [INFO] [job_manager.py:204]: Progress updated to 45%: Document structure extracted successfully
[2026-07-23 15:28:33,873] [INFO] [pipeline_service.py:108]: Starting asset extraction for job: 9562b6b4-141f-40c9-a974-c060917b8d31
[2026-07-23 15:28:33,888] [INFO] [job_manager.py:180]: Job status updated to: EXTRACTING_ASSETS
[2026-07-23 15:28:33,904] [INFO] [job_manager.py:204]: Progress updated to 50%: Extracting images and figure assets from document
[2026-07-23 15:28:38,017] [INFO] [pipeline_service.py:223]: Office object fig:office1 placed=True
[2026-07-23 15:28:38,017] [INFO] [pipeline_service.py:223]: Office object fig:office2 placed=True
[2026-07-23 15:28:38,067] [INFO] [pipeline_service.py:141]: Assets extracted to: G:\work\Journal2LaTeX\backend\temp\9562b6b4-141f-40c9-a974-c060917b8d31\intermediate\media
[2026-07-23 15:28:38,083] [INFO] [job_manager.py:204]: Progress updated to 60%: Document assets extracted successfully
[2026-07-23 15:28:38,083] [INFO] [pipeline_service.py:231]: Classifying extracted assets for job: 9562b6b4-141f-40c9-a974-c060917b8d31
[2026-07-23 15:28:38,083] [INFO] [asset_analyzer.py:23]: Starting extended asset analysis for job: 9562b6b4-141f-40c9-a974-c060917b8d31
[2026-07-23 15:28:38,086] [INFO] [asset_analyzer.py:153]: Extended asset classification completed. Assets classified: 2
[2026-07-23 15:28:38,104] [INFO] [job_manager.py:204]: Progress updated to 65%: Extracted assets analyzed and mapped successfully
[2026-07-23 15:28:38,128] [INFO] [pipeline_service.py:247]: Loading template default for job: 9562b6b4-141f-40c9-a974-c060917b8d31
[2026-07-23 15:28:38,142] [INFO] [job_manager.py:180]: Job status updated to: LOADING_TEMPLATE
[2026-07-23 15:28:38,161] [INFO] [job_manager.py:204]: Progress updated to 70%: Loading template styles: default
[2026-07-23 15:28:38,212] [INFO] [pipeline_service.py:269]: Template loaded and workspace prepared at: G:\work\Journal2LaTeX\backend\temp\9562b6b4-141f-40c9-a974-c060917b8d31\rendered
[2026-07-23 15:28:38,229] [INFO] [job_manager.py:204]: Progress updated to 80%: Template workspace initialized
[2026-07-23 15:28:38,231] [INFO] [pipeline_service.py:294]: Starting LaTeX rendering for job: 9562b6b4-141f-40c9-a974-c060917b8d31
[2026-07-23 15:28:38,245] [INFO] [job_manager.py:180]: Job status updated to: RENDERING_LATEX
[2026-07-23 15:28:38,259] [INFO] [job_manager.py:204]: Progress updated to 85%: Rendering document content to LaTeX
[2026-07-23 15:28:38,277] [INFO] [latex_renderer.py:72]: Starting LaTeX rendering inside workspace: G:\work\Journal2LaTeX\backend\temp\9562b6b4-141f-40c9-a974-c060917b8d31\rendered
[2026-07-23 15:28:38,322] [INFO] [latex_renderer.py:386]: LaTeX document main.tex rendered successfully.
[2026-07-23 15:28:38,339] [INFO] [job_manager.py:204]: Progress updated to 90%: LaTeX document rendering completed
[2026-07-23 15:28:38,339] [INFO] [pipeline_service.py:357]: Starting document compilation for job: 9562b6b4-141f-40c9-a974-c060917b8d31
[2026-07-23 15:28:38,355] [INFO] [job_manager.py:180]: Job status updated to: COMPILING
[2026-07-23 15:28:38,371] [INFO] [job_manager.py:204]: Progress updated to 92%: Compiling LaTeX source to PDF
[2026-07-23 15:28:41,220] [INFO] [pipeline_service.py:380]: Compilation completed successfully.
[2026-07-23 15:28:41,220] [INFO] [pipeline_service.py:395]: Running E2E publication fidelity checker for job: 9562b6b4-141f-40c9-a974-c060917b8d31
[2026-07-23 15:28:41,220] [INFO] [fidelity_checker.py:24]: Generating advanced fidelity report and scores for job: 9562b6b4-141f-40c9-a974-c060917b8d31
[2026-07-23 15:28:41,222] [INFO] [fidelity_checker.py:163]: Fidelity report written to G:\work\Journal2LaTeX\backend\temp\9562b6b4-141f-40c9-a974-c060917b8d31\intermediate\fidelity_report.json. Overall Score: 70.0%, Critical missing: 0
[2026-07-23 15:28:41,236] [INFO] [pipeline_service.py:357]: Starting document compilation for job: 9562b6b4-141f-40c9-a974-c060917b8d31
[2026-07-23 15:28:43,843] [INFO] [pipeline_service.py:380]: Compilation completed successfully.
[2026-07-23 15:28:47,354] [INFO] [job_manager.py:180]: Job status updated to: COMPLETED
[2026-07-23 15:28:47,368] [INFO] [job_manager.py:204]: Progress updated to 100%: Pipeline process completed successfully
