[2026-07-21 21:03:56,964] [INFO] [job_manager.py:136]: Job 9413c05e-f87b-4f2c-a985-405e7541f89b workspace created successfully
[2026-07-21 21:03:56,997] [INFO] [pipeline_service.py:45]: Starting validation for job: 9413c05e-f87b-4f2c-a985-405e7541f89b
[2026-07-21 21:03:57,013] [INFO] [job_manager.py:180]: Job status updated to: VALIDATING
[2026-07-21 21:03:57,028] [INFO] [job_manager.py:204]: Progress updated to 10%: Validating input Word Document
[2026-07-21 21:03:57,052] [INFO] [pipeline_service.py:60]: Validation successful.
[2026-07-21 21:03:57,068] [INFO] [job_manager.py:204]: Progress updated to 20%: Input document validated successfully
[2026-07-21 21:03:57,068] [INFO] [pipeline_service.py:67]: Starting document analysis for job: 9413c05e-f87b-4f2c-a985-405e7541f89b
[2026-07-21 21:03:57,082] [INFO] [job_manager.py:180]: Job status updated to: ANALYZING_DOCUMENT
[2026-07-21 21:03:57,096] [INFO] [job_manager.py:204]: Progress updated to 30%: Analyzing document structure and content blocks
[2026-07-21 21:03:57,096] [INFO] [document_analyzer.py:33]: Starting improved document analysis for: G:\work\Journal2LaTeX\backend\temp\9413c05e-f87b-4f2c-a985-405e7541f89b\input\The role.docx
[2026-07-21 21:03:58,132] [INFO] [document_analyzer.py:491]: Parsed document: title='The Role of Social Media in the Spread and Countering of Cyber-Extremism: An Islamic Jurisprudential and Educational Perspective', authors=3, sections=41, references=42
[2026-07-21 21:03:58,138] [INFO] [pipeline_service.py:95]: Document analysis completed. Saved structure to: G:\work\Journal2LaTeX\backend\temp\9413c05e-f87b-4f2c-a985-405e7541f89b\intermediate\document_structure.json, report to: G:\work\Journal2LaTeX\backend\temp\9413c05e-f87b-4f2c-a985-405e7541f89b\intermediate\conversion_report.json
[2026-07-21 21:03:58,153] [INFO] [job_manager.py:204]: Progress updated to 45%: Document structure extracted successfully
[2026-07-21 21:03:58,153] [INFO] [pipeline_service.py:108]: Starting asset extraction for job: 9413c05e-f87b-4f2c-a985-405e7541f89b
[2026-07-21 21:03:58,170] [INFO] [job_manager.py:180]: Job status updated to: EXTRACTING_ASSETS
[2026-07-21 21:03:58,186] [INFO] [job_manager.py:204]: Progress updated to 50%: Extracting images and figure assets from document
[2026-07-21 21:04:05,042] [INFO] [pipeline_service.py:223]: Office object fig:office1 placed=True
[2026-07-21 21:04:05,082] [INFO] [pipeline_service.py:141]: Assets extracted to: G:\work\Journal2LaTeX\backend\temp\9413c05e-f87b-4f2c-a985-405e7541f89b\intermediate\media
[2026-07-21 21:04:05,095] [INFO] [job_manager.py:204]: Progress updated to 60%: Document assets extracted successfully
[2026-07-21 21:04:05,095] [INFO] [pipeline_service.py:231]: Classifying extracted assets for job: 9413c05e-f87b-4f2c-a985-405e7541f89b
[2026-07-21 21:04:05,096] [INFO] [asset_analyzer.py:23]: Starting extended asset analysis for job: 9413c05e-f87b-4f2c-a985-405e7541f89b
[2026-07-21 21:04:05,098] [INFO] [asset_analyzer.py:153]: Extended asset classification completed. Assets classified: 8
[2026-07-21 21:04:05,111] [INFO] [job_manager.py:204]: Progress updated to 65%: Extracted assets analyzed and mapped successfully
[2026-07-21 21:04:05,163] [INFO] [pipeline_service.py:247]: Loading template 43f5bf09-40e3-4a9f-90c7-dd167461e5b1 for job: 9413c05e-f87b-4f2c-a985-405e7541f89b
[2026-07-21 21:04:05,178] [INFO] [job_manager.py:180]: Job status updated to: LOADING_TEMPLATE
[2026-07-21 21:04:05,195] [INFO] [job_manager.py:204]: Progress updated to 70%: Loading template styles: 43f5bf09-40e3-4a9f-90c7-dd167461e5b1
[2026-07-21 21:04:05,280] [INFO] [pipeline_service.py:269]: Template loaded and workspace prepared at: G:\work\Journal2LaTeX\backend\temp\9413c05e-f87b-4f2c-a985-405e7541f89b\rendered
[2026-07-21 21:04:05,298] [INFO] [job_manager.py:204]: Progress updated to 80%: Template workspace initialized
[2026-07-21 21:04:05,300] [INFO] [pipeline_service.py:294]: Starting LaTeX rendering for job: 9413c05e-f87b-4f2c-a985-405e7541f89b
[2026-07-21 21:04:05,319] [INFO] [job_manager.py:180]: Job status updated to: RENDERING_LATEX
[2026-07-21 21:04:05,333] [INFO] [job_manager.py:204]: Progress updated to 85%: Rendering document content to LaTeX
[2026-07-21 21:04:05,355] [INFO] [latex_renderer.py:72]: Starting LaTeX rendering inside workspace: G:\work\Journal2LaTeX\backend\temp\9413c05e-f87b-4f2c-a985-405e7541f89b\rendered
[2026-07-21 21:04:05,439] [INFO] [latex_renderer.py:348]: LaTeX document main.tex rendered successfully.
[2026-07-21 21:04:05,564] [INFO] [header_reconstructor.py:124]: Template class draws its own header; skipping fancyhdr injection.
[2026-07-21 21:04:05,567] [INFO] [job_manager.py:204]: Progress updated to 90%: LaTeX document rendering completed
[2026-07-21 21:04:05,568] [INFO] [pipeline_service.py:357]: Starting document compilation for job: 9413c05e-f87b-4f2c-a985-405e7541f89b
[2026-07-21 21:04:05,585] [INFO] [job_manager.py:180]: Job status updated to: COMPILING
[2026-07-21 21:04:05,600] [INFO] [job_manager.py:204]: Progress updated to 92%: Compiling LaTeX source to PDF
[2026-07-21 21:04:18,478] [INFO] [pipeline_service.py:380]: Compilation completed successfully.
[2026-07-21 21:04:18,483] [INFO] [pipeline_service.py:395]: Running E2E publication fidelity checker for job: 9413c05e-f87b-4f2c-a985-405e7541f89b
[2026-07-21 21:04:18,483] [INFO] [fidelity_checker.py:24]: Generating advanced fidelity report and scores for job: 9413c05e-f87b-4f2c-a985-405e7541f89b
[2026-07-21 21:04:18,487] [INFO] [fidelity_checker.py:163]: Fidelity report written to G:\work\Journal2LaTeX\backend\temp\9413c05e-f87b-4f2c-a985-405e7541f89b\intermediate\fidelity_report.json. Overall Score: 88.0%, Critical missing: 2
[2026-07-21 21:04:18,510] [INFO] [pipeline_service.py:357]: Starting document compilation for job: 9413c05e-f87b-4f2c-a985-405e7541f89b
[2026-07-21 21:04:23,247] [INFO] [pipeline_service.py:380]: Compilation completed successfully.
[2026-07-21 21:04:39,875] [INFO] [pipeline_service.py:357]: Starting document compilation for job: 9413c05e-f87b-4f2c-a985-405e7541f89b
[2026-07-21 21:04:44,055] [INFO] [pipeline_service.py:380]: Compilation completed successfully.
[2026-07-21 21:04:52,364] [INFO] [pipeline_service.py:357]: Starting document compilation for job: 9413c05e-f87b-4f2c-a985-405e7541f89b
[2026-07-21 21:04:56,430] [INFO] [pipeline_service.py:380]: Compilation completed successfully.
[2026-07-21 21:05:05,469] [INFO] [pipeline_service.py:357]: Starting document compilation for job: 9413c05e-f87b-4f2c-a985-405e7541f89b
[2026-07-21 21:05:10,565] [INFO] [pipeline_service.py:380]: Compilation completed successfully.
[2026-07-21 21:05:19,785] [INFO] [pipeline_service.py:357]: Starting document compilation for job: 9413c05e-f87b-4f2c-a985-405e7541f89b
[2026-07-21 21:05:24,381] [INFO] [pipeline_service.py:380]: Compilation completed successfully.
[2026-07-21 21:05:33,405] [INFO] [pipeline_service.py:357]: Starting document compilation for job: 9413c05e-f87b-4f2c-a985-405e7541f89b
[2026-07-21 21:05:37,931] [INFO] [pipeline_service.py:380]: Compilation completed successfully.
[2026-07-21 21:05:46,787] [INFO] [pipeline_service.py:357]: Starting document compilation for job: 9413c05e-f87b-4f2c-a985-405e7541f89b
[2026-07-21 21:05:51,547] [INFO] [pipeline_service.py:380]: Compilation completed successfully.
[2026-07-21 21:06:00,827] [INFO] [pipeline_service.py:357]: Starting document compilation for job: 9413c05e-f87b-4f2c-a985-405e7541f89b
[2026-07-21 21:06:05,191] [INFO] [pipeline_service.py:380]: Compilation completed successfully.
[2026-07-21 21:06:14,752] [INFO] [pipeline_service.py:357]: Starting document compilation for job: 9413c05e-f87b-4f2c-a985-405e7541f89b
[2026-07-21 21:06:19,553] [INFO] [pipeline_service.py:380]: Compilation completed successfully.
[2026-07-21 21:06:28,821] [INFO] [pipeline_service.py:357]: Starting document compilation for job: 9413c05e-f87b-4f2c-a985-405e7541f89b
[2026-07-21 21:06:33,831] [INFO] [pipeline_service.py:380]: Compilation completed successfully.
[2026-07-21 21:06:42,830] [INFO] [job_manager.py:180]: Job status updated to: COMPLETED
[2026-07-21 21:06:42,846] [INFO] [job_manager.py:204]: Progress updated to 100%: Pipeline process completed successfully
