STDOUT:
Initial Win CP for (console input, console output, system): (CP437, CP65001, CP1252)
I changed them all to CP1252
Rc files read (in order):
  NONE
Latexmk: This is Latexmk, John Collins, 9 March 2026. Version 4.88.
Latexmk: Getting log file 'paper.log'
Latexmk: Examining 'paper.log'
Latexmk: References changed.
Latexmk: Log file says output to 'paper.pdf'
Latexmk: applying rule 'pdflatex'...
Rule 'pdflatex':  Reasons for rerun
Changed files or newly in use/created:
  G:/work/Journal2LaTeX/backend/temp/01ec9502-c37d-45b6-b931-ebcafd03fa2d/intermediate/paper.tex
  paper.aux
Category 'changed_user':
  G:/work/Journal2LaTeX/backend/temp/01ec9502-c37d-45b6-b931-ebcafd03fa2d/intermediate/paper.tex
Category 'never_run':
  pdflatex

------------
Run number 1 of rule 'pdflatex'
------------
------------
Running 'pdflatex  -interaction=nonstopmode -file-line-error -recorder  "G:/work/Journal2LaTeX/backend/temp/01ec9502-c37d-45b6-b931-ebcafd03fa2d/intermediate/paper.tex"'
------------
This is pdfTeX, Version 3.141592653-2.6-1.40.29 (MiKTeX 26.5) (preloaded format=pdflatex.fmt)
 restricted \write18 enabled.
entering extended mode

(G:/work/Journal2LaTeX/backend/temp/01ec9502-c37d-45b6-b931-ebcafd03fa2d/interm
ediate/paper.tex
LaTeX2e <2026-06-01>
L3 programming layer <2026-06-18>
(C:\Users\asus\AppData\Local\Programs\MiKTeX\tex/latex/base\article.cls
Document Class: article 2025/01/22 v1.4n Standard LaTeX document class
(C:\Users\asus\AppData\Local\Programs\MiKTeX\tex/latex/base\size10.clo))
(C:\Users\asus\AppData\Local\Programs\MiKTeX\tex/latex/xcolor\xcolor.sty
(C:\Users\asus\AppData\Local\Programs\MiKTeX\tex/latex/graphics-cfg\color.cfg)
(C:\Users\asus\AppData\Local\Programs\MiKTeX\tex/latex/graphics-def\pdftex.def)
 (C:\Users\asus\AppData\Local\Programs\MiKTeX\tex/latex/graphics\mathcolor.ltx)
) (C:\Users\asus\AppData\Local\Programs\MiKTeX\tex/latex/amsmath\amsmath.sty
For additional information on amsmath, use the `?' option.
(C:\Users\asus\AppData\Local\Programs\MiKTeX\tex/latex/amsmath\amstext.sty
(C:\Users\asus\AppData\Local\Programs\MiKTeX\tex/latex/amsmath\amsgen.sty))
(C:\Users\asus\AppData\Local\Programs\MiKTeX\tex/latex/amsmath\amsbsy.sty)
(C:\Users\asus\AppData\Local\Programs\MiKTeX\tex/latex/amsmath\amsopn.sty))
(C:\Users\asus\AppData\Local\Programs\MiKTeX\tex/latex/amsfonts\amssymb.sty
(C:\Users\asus\AppData\Local\Programs\MiKTeX\tex/latex/amsfonts\amsfonts.sty))
(C:\Users\asus\AppData\Local\Programs\MiKTeX\tex/generic/iftex\iftex.sty)
(C:\Users\asus\AppData\Local\Programs\MiKTeX\tex/latex/base\fontenc.sty)
(C:\Users\asus\AppData\Local\Programs\MiKTeX\tex/latex/base\inputenc.sty)
(C:\Users\asus\AppData\Local\Programs\MiKTeX\tex/latex/base\textcomp.sty)
(C:\Users\asus\AppData\Local\Programs\MiKTeX\tex/latex/lm\lmodern.sty)
(C:\Users\asus\AppData\Local\Programs\MiKTeX\tex/latex/upquote\upquote.sty)
(C:\Users\asus\AppData\Local\Programs\MiKTeX\tex/latex/microtype\microtype.sty
(C:\Users\asus\AppData\Local\Programs\MiKTeX\tex/latex/graphics\keyval.sty)
(C:\Users\asus\AppData\Local\Programs\MiKTeX\tex/latex/etoolbox\etoolbox.sty)
(C:\Users\asus\AppData\Local\Programs\MiKTeX\tex/latex/microtype\microtype-pdft
ex.def)
(C:\Users\asus\AppData\Local\Programs\MiKTeX\tex/latex/microtype\microtype.cfg)
) (C:\Users\asus\AppData\Local\Programs\MiKTeX\tex/latex/parskip\parskip.sty
(C:\Users\asus\AppData\Local\Programs\MiKTeX\tex/latex/kvoptions\kvoptions.sty
(C:\Users\asus\AppData\Local\Programs\MiKTeX\tex/generic/ltxcmds\ltxcmds.sty)
(C:\Users\asus\AppData\Local\Programs\MiKTeX\tex/latex/kvsetkeys\kvsetkeys.sty)
)) (C:\Users\asus\AppData\Local\Programs\MiKTeX\tex/latex/tools\longtable.sty)
(C:\Users\asus\AppData\Local\Programs\MiKTeX\tex/latex/booktabs\booktabs.sty)
(C:\Users\asus\AppData\Local\Programs\MiKTeX\tex/latex/tools\array.sty)
(C:\Users\asus\AppData\Local\Programs\MiKTeX\tex/latex/multirow\multirow.sty)
(C:\Users\asus\AppData\Local\Programs\MiKTeX\tex/latex/tools\calc.sty)
(C:\Users\asus\AppData\Local\Programs\MiKTeX\tex/latex/footnotehyper\footnotehy
per.sty)
(C:\Users\asus\AppData\Local\Programs\MiKTeX\tex/latex/graphics\graphicx.sty
(C:\Users\asus\AppData\Local\Programs\MiKTeX\tex/latex/graphics\graphics.sty
(C:\Users\asus\AppData\Local\Programs\MiKTeX\tex/latex/graphics\trig.sty)
(C:\Users\asus\AppData\Local\Programs\MiKTeX\tex/latex/graphics-cfg\graphics.cf
g))) (C:\Users\asus\AppData\Local\Programs\MiKTeX\tex/generic/soul\soul.sty
(C:\Users\asus\AppData\Local\Programs\MiKTeX\tex/generic/soul\soul-ori.sty)
(C:\Users\asus\AppData\Local\Programs\MiKTeX\tex/generic/infwarerr\infwarerr.st
y)
(C:\Users\asus\AppData\Local\Programs\MiKTeX\tex/generic/etexcmds\etexcmds.sty)
) (C:\Users\asus\AppData\Local\Programs\MiKTeX\tex/latex/bookmark\bookmark.sty
(C:\Users\asus\AppData\Local\Programs\MiKTeX\tex/latex/hyperref\hyperref.sty
(C:\Users\asus\AppData\Local\Programs\MiKTeX\tex/generic/kvdefinekeys\kvdefinek
eys.sty)
(C:\Users\asus\AppData\Local\Programs\MiKTeX\tex/generic/pdfescape\pdfescape.st
y
(C:\Users\asus\AppData\Local\Programs\MiKTeX\tex/generic/pdftexcmds\pdftexcmds.
sty))
(C:\Users\asus\AppData\Local\Programs\MiKTeX\tex/latex/hycolor\hycolor.sty)
(C:\Users\asus\AppData\Local\Programs\MiKTeX\tex/latex/hyperref\nameref.sty
(C:\Users\asus\AppData\Local\Programs\MiKTeX\tex/latex/refcount\refcount.sty)
(C:\Users\asus\AppData\Local\Programs\MiKTeX\tex/generic/gettitlestring\gettitl
estring.sty))
(C:\Users\asus\AppData\Local\Programs\MiKTeX\tex/generic/stringenc\stringenc.st
y) (C:\Users\asus\AppData\Local\Programs\MiKTeX\tex/latex/hyperref\pd1enc.def)
(C:\Users\asus\AppData\Local\Programs\MiKTeX\tex/generic/intcalc\intcalc.sty)
(C:\Users\asus\AppData\Local\Programs\MiKTeX\tex/latex/hyperref\puenc.def)
(C:\Users\asus\AppData\Local\Programs\MiKTeX\tex/latex/url\url.sty)
(C:\Users\asus\AppData\Local\Programs\MiKTeX\tex/generic/bitset\bitset.sty
(C:\Users\asus\AppData\Local\Programs\MiKTeX\tex/generic/bigintcalc\bigintcalc.
sty)))
(C:\Users\asus\AppData\Local\Programs\MiKTeX\tex/latex/hyperref\hpdftex.def
(C:\Users\asus\AppData\Local\Programs\MiKTeX\tex/latex/rerunfilecheck\rerunfile
check.sty
(C:\Users\asus\AppData\Local\Programs\MiKTeX\tex/generic/uniquecounter\uniqueco
unter.sty)))
(C:\Users\asus\AppData\Local\Programs\MiKTeX\tex/latex/l3backend\l3backend-pdft
ex.def)
(C:\Users\asus\AppData\Local\Programs\MiKTeX\tex/latex/bookmark\bkm-pdftex.def)
) (C:\Users\asus\AppData\Local\Programs\MiKTeX\tex/latex/xurl\xurl.sty)
(C:\Users\asus\AppData\Local\Programs\MiKTeX\tex/latex/lm\t1lmr.fd) (paper.aux)

(C:\Users\asus\AppData\Local\Programs\MiKTeX\tex/context/base/mkii\supp-pdf.mki
i
[Loading MPS to PDF converter (version 2006.09.02).]
)
(C:\Users\asus\AppData\Local\Programs\MiKTeX\tex/latex/epstopdf-pkg\epstopdf-ba
se.sty
(C:\Users\asus\AppData\Local\Programs\MiKTeX\tex/latex/00miktex\epstopdf-sys.cf
g)) (C:\Users\asus\AppData\Local\Programs\MiKTeX\tex/latex/microtype\mt-cmr.cfg
)

LaTeX Warning: File `media/image1.jpeg' not found on input line 104.


G:/work/Journal2LaTeX/backend/temp/01ec9502-c37d-45b6-b931-ebcafd03fa2d/interme
diate/paper.tex:104: Package pdftex.def Error: File `media/image1.jpeg' not fou
nd: using draft setting.

See the pdftex.def package documentation for explanation.
Type  H <return>  for immediate help.
 ...                                              
                                                  
l.104 ...94in,height=0.27014in]{media/image1.jpeg}
                                                  J.
(C:\Users\asus\AppData\Local\Programs\MiKTeX\tex/latex/lm\t1lmtt.fd)
(C:\Users\asus\AppData\Local\Programs\MiKTeX\tex/latex/lm\ot1lmr.fd)
(C:\Users\asus\AppData\Local\Programs\MiKTeX\tex/latex/lm\omllmm.fd)
(C:\Users\asus\AppData\Local\Programs\MiKTeX\tex/latex/lm\omslmsy.fd)
(C:\Users\asus\AppData\Local\Programs\MiKTeX\tex/latex/lm\omxlmex.fd)
(C:\Users\asus\AppData\Local\Programs\MiKTeX\tex/latex/amsfonts\umsa.fd)
(C:\Users\asus\AppData\Local\Programs\MiKTeX\tex/latex/microtype\mt-msa.cfg)
(C:\Users\asus\AppData\Local\Programs\MiKTeX\tex/latex/amsfonts\umsb.fd)
(C:\Users\asus\AppData\Local\Programs\MiKTeX\tex/latex/microtype\mt-msb.cfg)
(C:\Users\asus\AppData\Local\Programs\MiKTeX\tex/latex/lm\ts1lmr.fd) [1{C:/User
s/asus/AppData/Local/MiKTeX/fonts/map/pdftex/pdftex.map}{C:/Users/asus/AppData/
Local/Programs/MiKTeX/fonts/enc/dvips/lm/lm-ec.enc}{C:/Users/asus/AppData/Local
/Programs/MiKTeX/fonts/enc/dvips/lm/lm-ts1.enc}] [2]
Underfull \hbox (badness 10000) in paragraph at lines 238--239

[3] [4]
Overfull \hbox (20.21797pt too wide) in paragraph at lines 397--398
 []\T1/lmr/bx/n/10 (-20) Correlation 

Overfull \hbox (20.24297pt too wide) in paragraph at lines 401--402
 []\T1/lmr/bx/n/10 (-20) Correlation 

Overfull \hbox (20.24297pt too wide) in paragraph at lines 405--406
 []\T1/lmr/bx/n/10 (-20) Correlation 

LaTeX Warning: File `media/image5.png' not found on input line 474.


G:/work/Journal2LaTeX/backend/temp/01ec9502-c37d-45b6-b931-ebcafd03fa2d/interme
diate/paper.tex:474: Package pdftex.def Error: File `media/image5.png' not foun
d: using draft setting.

See the pdftex.def package documentation for explanation.
Type  H <return>  for immediate help.
 ...                                              
                                                  
l.474 ...586in,height=2.32576in]{media/image5.png}
                                                  
[5]

LaTeX Warning: File `media/image6.png' not found on input line 483.


G:/work/Journal2LaTeX/backend/temp/01ec9502-c37d-45b6-b931-ebcafd03fa2d/interme
diate/paper.tex:483: Package pdftex.def Error: File `media/image6.png' not foun
d: using draft setting.

See the pdftex.def package documentation for explanation.
Type  H <return>  for immediate help.
 ...                                              
                                                  
l.483 ...242in,height=2.34726in]{media/image6.png}
                                                  

LaTeX Warning: File `media/image7.png' not found on input line 492.


G:/work/Journal2LaTeX/backend/temp/01ec9502-c37d-45b6-b931-ebcafd03fa2d/interme
diate/paper.tex:492: Package pdftex.def Error: File `media/image7.png' not foun
d: using draft setting.

See the pdftex.def package documentation for explanation.
Type  H <return>  for immediate help.
 ...                                              
                                                  
l.492 ...879in,height=2.28045in]{media/image7.png}
                                                  
[6]

LaTeX Warning: File `media/image8.png' not found on input line 539.


G:/work/Journal2LaTeX/backend/temp/01ec9502-c37d-45b6-b931-ebcafd03fa2d/interme
diate/paper.tex:539: Package pdftex.def Error: File `media/image8.png' not foun
d: using draft setting.

See the pdftex.def package documentation for explanation.
Type  H <return>  for immediate help.
 ...                                              
                                                  
l.539 ...778in,height=5.09325in]{media/image8.png}
                                                  
[7]
Overfull \hbox (5.52986pt too wide) in paragraph at lines 553--554
 []\T1/lmr/bx/n/10 (-20) Independent 
[8] [9]
Underfull \hbox (badness 10000) in paragraph at lines 690--691

[10]
Overfull \hbox (152.5617pt too wide) in paragraph at lines 734--737
[]\T1/lmr/m/n/10 (-20) Columbia (2026). Path Anal-y-sis. Avail-able from: [][]h
ttps://www.publichealth.columbia.edu/research/population[]-
[11]
Underfull \hbox (badness 10000) in paragraph at lines 778--779


LaTeX Warning: File `media/image9.jpeg' not found on input line 788.


G:/work/Journal2LaTeX/backend/temp/01ec9502-c37d-45b6-b931-ebcafd03fa2d/interme
diate/paper.tex:788: Package pdftex.def Error: File `media/image9.jpeg' not fou
nd: using draft setting.

See the pdftex.def package documentation for explanation.
Type  H <return>  for immediate help.
 ...                                              
                                                  
l.788 ...99in,height=0.93539in]{media/image9.jpeg}
                                                  

LaTeX Warning: File `media/image10.jpeg' not found on input line 799.


G:/work/Journal2LaTeX/backend/temp/01ec9502-c37d-45b6-b931-ebcafd03fa2d/interme
diate/paper.tex:799: Package pdftex.def Error: File `media/image10.jpeg' not fo
und: using draft setting.

See the pdftex.def package documentation for explanation.
Type  H <return>  for immediate help.
 ...                                              
                                                  
l.799 ...6in,height=1.04167in]{media/image10.jpeg}
                                                   &

LaTeX Warning: File `media/image11.jpeg' not found on input line 805.


G:/work/Journal2LaTeX/backend/temp/01ec9502-c37d-45b6-b931-ebcafd03fa2d/interme
diate/paper.tex:805: Package pdftex.def Error: File `media/image11.jpeg' not fo
und: using draft setting.

See the pdftex.def package documentation for explanation.
Type  H <return>  for immediate help.
 ...                                              
                                                  
l.805 ...6in,height=1.01783in]{media/image11.jpeg}
                                                   &
[12] (paper.aux) )
(see the transcript file for additional information)<C:/Users/asus/AppData/Loca
l/Programs/MiKTeX/fonts/type1/public/lm/lmbx10.pfb><C:/Users/asus/AppData/Local
/Programs/MiKTeX/fonts/type1/public/lm/lmbx12.pfb><C:/Users/asus/AppData/Local/
Programs/MiKTeX/fonts/type1/public/lm/lmbxi10.pfb><C:/Users/asus/AppData/Local/
Programs/MiKTeX/fonts/type1/public/lm/lmr10.pfb><C:/Users/asus/AppData/Local/Pr
ograms/MiKTeX/fonts/type1/public/lm/lmr7.pfb><C:/Users/asus/AppData/Local/Progr
ams/MiKTeX/fonts/type1/public/lm/lmri10.pfb><C:/Users/asus/AppData/Local/Progra
ms/MiKTeX/fonts/type1/public/lm/lmtt10.pfb>
Output written on paper.pdf (12 pages, 231544 bytes).
Transcript written on paper.log.
Latexmk: Getting log file 'paper.log'
Latexmk: Examining 'paper.fls'
Latexmk: Examining 'paper.log'
Latexmk: Log file says output to 'paper.pdf'
Latexmk: Errors, so I did not complete making targets
Collected error summary (may duplicate other messages):
  pdflatex: Command for 'pdflatex' gave return code 1
      Refer to 'paper.log' and/or above output for details



STDERR:
Latexmk: Missing input file 'paper.aux' message in .log file:
  No file paper.aux.
Latexmk: Missing input file 'media/image1.jpeg' message in .log file:
  LaTeX Warning: File `media/image1.jpeg' not found on input line 104.
Latexmk: Missing input file 'media/image5.png' message in .log file:
  LaTeX Warning: File `media/image5.png' not found on input line 474.
Latexmk: Missing input file 'media/image6.png' message in .log file:
  LaTeX Warning: File `media/image6.png' not found on input line 483.
Latexmk: Missing input file 'media/image7.png' message in .log file:
  LaTeX Warning: File `media/image7.png' not found on input line 492.
Latexmk: Missing input file 'media/image8.png' message in .log file:
  LaTeX Warning: File `media/image8.png' not found on input line 539.
Latexmk: Missing input file 'media/image9.jpeg' message in .log file:
  LaTeX Warning: File `media/image9.jpeg' not found on input line 788.
Latexmk: Missing input file 'media/image10.jpeg' message in .log file:
  LaTeX Warning: File `media/image10.jpeg' not found on input line 799.
Latexmk: Missing input file 'media/image11.jpeg' message in .log file:
  LaTeX Warning: File `media/image11.jpeg' not found on input line 805.
Latexmk: Missing input file 'media/image1.jpeg' message in .log file:
  LaTeX Warning: File `media/image1.jpeg' not found on input line 104.
Latexmk: Missing input file 'media/image5.png' message in .log file:
  LaTeX Warning: File `media/image5.png' not found on input line 474.
Latexmk: Missing input file 'media/image6.png' message in .log file:
  LaTeX Warning: File `media/image6.png' not found on input line 483.
Latexmk: Missing input file 'media/image7.png' message in .log file:
  LaTeX Warning: File `media/image7.png' not found on input line 492.
Latexmk: Missing input file 'media/image8.png' message in .log file:
  LaTeX Warning: File `media/image8.png' not found on input line 539.
Latexmk: Missing input file 'media/image9.jpeg' message in .log file:
  LaTeX Warning: File `media/image9.jpeg' not found on input line 788.
Latexmk: Missing input file 'media/image10.jpeg' message in .log file:
  LaTeX Warning: File `media/image10.jpeg' not found on input line 799.
Latexmk: Missing input file 'media/image11.jpeg' message in .log file:
  LaTeX Warning: File `media/image11.jpeg' not found on input line 805.
Latexmk: Sometimes, the -f option can be used to get latexmk
  to try to force complete processing.
  But normally, you will need to correct the file(s) that caused the
  error, and then rerun latexmk.
  In some cases, it is best to clean out generated files before rerunning
  latexmk after you've corrected the files.
Reverting Windows console CPs to (in,out) = (437,65001)
