This is pdfTeX, Version 3.141592653-2.6-1.40.29 (MiKTeX 26.5) (preloaded format=pdflatex 2026.7.9)  21 JUL 2026 19:50
entering extended mode
 restricted \write18 enabled.
 %&-line parsing enabled.
**./main.tex
(main.tex
LaTeX2e <2026-06-01>
L3 programming layer <2026-06-18>
(NSP1.cls

LaTeX Warning: You have requested document class `NSP1',
               but the document class provides `NSP'.

Document Class: NSP 2012/01/01
(C:\Users\asus\AppData\Local\Programs\MiKTeX\tex/latex/base\fleqn.clo
File: fleqn.clo 2016/12/29 v1.2b Standard LaTeX option (flush left equations)
\mathindent=\skip49
Applying: [2015/01/01] Make \[ robust on input line 50.
LaTeX Info: Redefining \[ on input line 51.
Already applied: [0000/00/00] Make \[ robust on input line 62.
Applying: [2015/01/01] Make \] robust on input line 74.
LaTeX Info: Redefining \] on input line 75.
Already applied: [0000/00/00] Make \] robust on input line 83.
)
(C:\Users\asus\AppData\Local\Programs\MiKTeX\tex/latex/graphics\color.sty
Package: color 2026-05-17 v1.3f Standard LaTeX Color (DPC)

(C:\Users\asus\AppData\Local\Programs\MiKTeX\tex/latex/graphics-cfg\color.cfg
File: color.cfg 2016/01/02 v1.6 sample color configuration
)
Package color Info: Driver file: pdftex.def on input line 149.

(C:\Users\asus\AppData\Local\Programs\MiKTeX\tex/latex/graphics-def\pdftex.def
File: pdftex.def 2025/09/29 v1.2d Graphics/color driver for pdftex
) (C:\Users\asus\AppData\Local\Programs\MiKTeX\tex/latex/graphics\mathcolor.ltx
)) (C:\Users\asus\AppData\Local\Programs\MiKTeX\tex/latex/graphics\graphicx.sty
Package: graphicx 2026-05-17 v1.2e Enhanced LaTeX Graphics (DPC,SPQR)

(C:\Users\asus\AppData\Local\Programs\MiKTeX\tex/latex/graphics\keyval.sty
Package: keyval 2026-05-17 v1.15 key=value parser (DPC)
\KV@toks@=\toks17
)
(C:\Users\asus\AppData\Local\Programs\MiKTeX\tex/latex/graphics\graphics.sty
Package: graphics 2026-05-17 v1.4h Standard LaTeX Graphics (DPC,SPQR)

(C:\Users\asus\AppData\Local\Programs\MiKTeX\tex/latex/graphics\trig.sty
Package: trig 2023/12/02 v1.11 sin cos tan (DPC)
)
(C:\Users\asus\AppData\Local\Programs\MiKTeX\tex/latex/graphics-cfg\graphics.cf
g
File: graphics.cfg 2016/06/04 v1.11 sample graphics configuration
)
Package graphics Info: Driver file: pdftex.def on input line 106.
)
\Gin@req@height=\dimen150
\Gin@req@width=\dimen151
)
(C:\Users\asus\AppData\Local\Programs\MiKTeX\tex/latex/lastpage\lastpage.sty
Package: lastpage 2025/08/14 v2.1h lastpage: 2.09 or 2e? (HMM)

(C:\Users\asus\AppData\Local\Programs\MiKTeX\tex/latex/lastpage\lastpage2e.sty
Package: lastpage2e 2025/08/14 v2.1h Decide which 2e lastpage version to use (H
MM)

(C:\Users\asus\AppData\Local\Programs\MiKTeX\tex/latex/lastpage\lastpagemodern.
sty
Package: lastpagemodern 2025-08-14 v2.1h Refers to last page's name (HMM; JPG)
\c@lastpagecount=\count276
) 
)) (C:\Users\asus\AppData\Local\Programs\MiKTeX\tex/latex/hyperref\hyperref.sty
Package: hyperref 2026-06-17 v7.01r Hypertext links for LaTeX
(C:\Users\asus\AppData\Local\Programs\MiKTeX\tex/generic/iftex\iftex.sty
Package: iftex 2024/12/12 v1.0g TeX engine tests
)
(C:\Users\asus\AppData\Local\Programs\MiKTeX\tex/latex/kvsetkeys\kvsetkeys.sty
Package: kvsetkeys 2022-10-05 v1.19 Key value parser (HO)
)
(C:\Users\asus\AppData\Local\Programs\MiKTeX\tex/generic/kvdefinekeys\kvdefinek
eys.sty
Package: kvdefinekeys 2019-12-19 v1.6 Define keys (HO)
)
(C:\Users\asus\AppData\Local\Programs\MiKTeX\tex/generic/pdfescape\pdfescape.st
y
Package: pdfescape 2019/12/09 v1.15 Implements pdfTeX's escape features (HO)
 (C:\Users\asus\AppData\Local\Programs\MiKTeX\tex/generic/ltxcmds\ltxcmds.sty
Package: ltxcmds 2023-12-04 v1.26 LaTeX kernel commands for general use (HO)
)
(C:\Users\asus\AppData\Local\Programs\MiKTeX\tex/generic/pdftexcmds\pdftexcmds.
sty
Package: pdftexcmds 2020-06-27 v0.33 Utility functions of pdfTeX for LuaTeX (HO
)

(C:\Users\asus\AppData\Local\Programs\MiKTeX\tex/generic/infwarerr\infwarerr.st
y
Package: infwarerr 2019/12/03 v1.5 Providing info/warning/error messages (HO)
)
Package pdftexcmds Info: \pdf@primitive is available.
Package pdftexcmds Info: \pdf@ifprimitive is available.
Package pdftexcmds Info: \pdfdraftmode found.
)) (C:\Users\asus\AppData\Local\Programs\MiKTeX\tex/latex/hycolor\hycolor.sty
Package: hycolor 2020-01-27 v1.10 Color options for hyperref/bookmark (HO)
) (C:\Users\asus\AppData\Local\Programs\MiKTeX\tex/latex/hyperref\nameref.sty
Package: nameref 2026-01-29 v2.58 Cross-referencing by name of section

(C:\Users\asus\AppData\Local\Programs\MiKTeX\tex/latex/refcount\refcount.sty
Package: refcount 2019/12/15 v3.6 Data extraction from label references (HO)
)
(C:\Users\asus\AppData\Local\Programs\MiKTeX\tex/generic/gettitlestring\gettitl
estring.sty
Package: gettitlestring 2019/12/15 v1.6 Cleanup title references (HO)

(C:\Users\asus\AppData\Local\Programs\MiKTeX\tex/latex/kvoptions\kvoptions.sty
Package: kvoptions 2022-06-15 v3.15 Key value format for package options (HO)
))
\c@section@level=\count277
) (C:\Users\asus\AppData\Local\Programs\MiKTeX\tex/latex/etoolbox\etoolbox.sty
Package: etoolbox 2025/10/02 v2.5m e-TeX tools for LaTeX (JAW)
\etb@tempcnta=\count278
)
(C:\Users\asus\AppData\Local\Programs\MiKTeX\tex/generic/stringenc\stringenc.st
y
Package: stringenc 2019/11/29 v1.12 Convert strings between diff. encodings (HO
)
)
\@linkdim=\dimen152
\Hy@linkcounter=\count279
\Hy@pagecounter=\count280
 (C:\Users\asus\AppData\Local\Programs\MiKTeX\tex/latex/hyperref\pd1enc.def
File: pd1enc.def 2026-06-17 v7.01r Hyperref: PDFDocEncoding definition (HO)
Now handling font encoding PD1 ...
... no UTF-8 mapping file for font encoding PD1
)
(C:\Users\asus\AppData\Local\Programs\MiKTeX\tex/generic/intcalc\intcalc.sty
Package: intcalc 2019/12/15 v1.3 Expandable calculations with integers (HO)
)
\Hy@SavedSpaceFactor=\count281

(C:\Users\asus\AppData\Local\Programs\MiKTeX\tex/latex/hyperref\puenc.def
File: puenc.def 2026-06-17 v7.01r Hyperref: PDF Unicode definition (HO)
Now handling font encoding PU ...
... no UTF-8 mapping file for font encoding PU
)
Package hyperref Info: Option `colorlinks' set `true' on input line 4070.
Package hyperref Info: Hyper figures OFF on input line 4199.
Package hyperref Info: Link nesting OFF on input line 4204.
Package hyperref Info: Hyper index ON on input line 4207.
Package hyperref Info: Plain pages OFF on input line 4214.
Package hyperref Info: Backreferencing OFF on input line 4219.
Package hyperref Info: Implicit mode ON; LaTeX internals redefined.
Package hyperref Info: Bookmarks ON on input line 4466.
\c@Hy@tempcnt=\count282

(C:\Users\asus\AppData\Local\Programs\MiKTeX\tex/latex/url\url.sty
\Urlmuskip=\muskip17
Package: url 2013/09/16  ver 3.4  Verb mode for urls, etc.
)
LaTeX Info: Redefining \url on input line 4805.
\XeTeXLinkMargin=\dimen153

(C:\Users\asus\AppData\Local\Programs\MiKTeX\tex/generic/bitset\bitset.sty
Package: bitset 2019/12/09 v1.3 Handle bit-vector datatype (HO)

(C:\Users\asus\AppData\Local\Programs\MiKTeX\tex/generic/bigintcalc\bigintcalc.
sty
Package: bigintcalc 2019/12/15 v1.5 Expandable calculations on big integers (HO
)
))
\Fld@menulength=\count283
\Field@Width=\dimen154
\Fld@charsize=\dimen155
Package hyperref Info: Hyper figures OFF on input line 6091.
Package hyperref Info: Link nesting OFF on input line 6096.
Package hyperref Info: Hyper index ON on input line 6099.
Package hyperref Info: backreferencing OFF on input line 6106.
Package hyperref Info: Link coloring ON on input line 6109.
Package hyperref Info: Link coloring with OCG OFF on input line 6116.
Package hyperref Info: PDF/A mode OFF on input line 6121.


Package hyperref Warning: Option `pdfpagelabels' is turned off
(hyperref)                because \thepage is undefined.

\c@Item=\count284
\c@Hfootnote=\count285
)
Package hyperref Info: Driver (autodetected): hpdftex.
 (C:\Users\asus\AppData\Local\Programs\MiKTeX\tex/latex/hyperref\hpdftex.def
File: hpdftex.def 2026-06-17 v7.01r Hyperref driver for pdfTeX
\Fld@listcount=\count286
\c@bookmark@seq@number=\count287

(C:\Users\asus\AppData\Local\Programs\MiKTeX\tex/latex/rerunfilecheck\rerunfile
check.sty
Package: rerunfilecheck 2025-06-21 v1.11 Rerun checks for auxiliary files (HO)

(C:\Users\asus\AppData\Local\Programs\MiKTeX\tex/generic/uniquecounter\uniqueco
unter.sty
Package: uniquecounter 2019/12/15 v1.4 Provide unlimited unique counter (HO)
)
Package uniquecounter Info: New unique counter `rerunfilecheck' on input line 2
84.
)
\Hy@SectionHShift=\skip50
)
LaTeX Font Info:    Redeclaring math symbol \Gamma on input line 86.
LaTeX Font Info:    Redeclaring math symbol \Delta on input line 87.
LaTeX Font Info:    Redeclaring math symbol \Theta on input line 88.
LaTeX Font Info:    Redeclaring math symbol \Lambda on input line 89.
LaTeX Font Info:    Redeclaring math symbol \Xi on input line 90.
LaTeX Font Info:    Redeclaring math symbol \Pi on input line 91.
LaTeX Font Info:    Redeclaring math symbol \Sigma on input line 92.
LaTeX Font Info:    Redeclaring math symbol \Upsilon on input line 93.
LaTeX Font Info:    Redeclaring math symbol \Phi on input line 94.
LaTeX Font Info:    Redeclaring math symbol \Psi on input line 95.
LaTeX Font Info:    Redeclaring math symbol \Omega on input line 96.
\logodepth=\dimen156
\headerboxheight=\dimen157
\betweenumberspace=\dimen158
\aftertext=\dimen159
\headlineindent=\dimen160
\c@inst=\count288
\c@auth=\count289
\instindent=\dimen161
\authrun=\box53
\authorrunning=\toks18
\titrun=\box54
\titlerunning=\toks19
\combirun=\box55
\c@lastpage=\count290


! Package color Error: Undefined color `Dandelion'.

See the color package documentation for explanation.
Type  H <return>  for immediate help.
 ...                                              
                                                  
l.572 ...inecolor{abstractcolor}{named}{Dandelion}
                                                  
You're in trouble here.  Try typing  <return>  to proceed.
If that doesn't work, type  X <return>  to quit.


! Package color Error: Undefined color `Bittersweet'.

See the color package documentation for explanation.
Type  H <return>  for immediate help.
 ...                                              
                                                  
l.573 \definecolor{rulecolor}{named}{Bittersweet}
                                                 
You're in trouble here.  Try typing  <return>  to proceed.
If that doesn't work, type  X <return>  to quit.

\c@section=\count291
\c@subsection=\count292
\c@subsubsection=\count293
\c@paragraph=\count294
\c@subparagraph=\count295
\c@theorem=\count296
\c@case=\count297
\c@conjecture=\count298
\c@corollary=\count299
\c@definition=\count300
\c@example=\count301
\c@exercise=\count302
\c@lemma=\count303
\c@note=\count304
\c@problem=\count305
\c@property=\count306
\c@proposition=\count307
\c@question=\count308
\c@solution=\count309
\c@remark=\count310
\c@figure=\count311
\c@table=\count312
\abovecaptionskip=\skip51
\belowcaptionskip=\skip52
\figcapgap=\dimen162
\tabcapgap=\dimen163
\figgap=\dimen164
\bibindent=\dimen165
\@tempcntc=\count313
) (C:\Users\asus\AppData\Local\Programs\MiKTeX\tex/latex/amsmath\amsmath.sty
Package: amsmath 2026/05/19 v2.18d AMS math features
\@mathmargin=\skip53

For additional information on amsmath, use the `?' option.
(C:\Users\asus\AppData\Local\Programs\MiKTeX\tex/latex/amsmath\amstext.sty
Package: amstext 2024/11/17 v2.01 AMS text

(C:\Users\asus\AppData\Local\Programs\MiKTeX\tex/latex/amsmath\amsgen.sty
File: amsgen.sty 1999/11/30 v2.0 generic functions
\@emptytoks=\toks20
\ex@=\dimen166
))
(C:\Users\asus\AppData\Local\Programs\MiKTeX\tex/latex/amsmath\amsbsy.sty
Package: amsbsy 1999/11/29 v1.2d Bold Symbols
\pmbraise@=\dimen167
)
(C:\Users\asus\AppData\Local\Programs\MiKTeX\tex/latex/amsmath\amsopn.sty
Package: amsopn 2022/04/08 v2.04 operator names
)
\inf@bad=\count314
LaTeX Info: Redefining \frac on input line 233.
\uproot@=\count315
\leftroot@=\count316
LaTeX Info: Redefining \overline on input line 398.
LaTeX Info: Redefining \colon on input line 409.
\classnum@=\count317
\DOTSCASE@=\count318
LaTeX Info: Redefining \ldots on input line 495.
LaTeX Info: Redefining \dots on input line 498.
LaTeX Info: Redefining \cdots on input line 619.
\Mathstrutbox@=\box56
\strutbox@=\box57
LaTeX Info: Redefining \big on input line 721.
LaTeX Info: Redefining \Big on input line 722.
LaTeX Info: Redefining \bigg on input line 723.
LaTeX Info: Redefining \Bigg on input line 724.
\big@size=\dimen168
LaTeX Font Info:    Redeclaring font encoding OML on input line 742.
LaTeX Font Info:    Redeclaring font encoding OMS on input line 743.
\macc@depth=\count319
LaTeX Info: Redefining \bmod on input line 904.
LaTeX Info: Redefining \pmod on input line 909.
LaTeX Info: Redefining \smash on input line 939.
LaTeX Info: Redefining \relbar on input line 969.
LaTeX Info: Redefining \Relbar on input line 970.
\c@MaxMatrixCols=\count320
\dotsspace@=\muskip18
\c@parentequation=\count321
\dspbrk@lvl=\count322
\tag@help=\toks21
\row@=\count323
\column@=\count324
\maxfields@=\count325
\andhelp@=\toks22
\eqnshift@=\dimen169
\alignsep@=\dimen170
\tagshift@=\dimen171
\tagwidth@=\dimen172
\totwidth@=\dimen173
\lineht@=\dimen174
\@envbody=\toks23
\multlinegap=\skip54
\multlinetaggap=\skip55
\mathdisplay@stack=\toks24
LaTeX Info: Redefining \[ on input line 2965.
LaTeX Info: Redefining \] on input line 2966.
)
(C:\Users\asus\AppData\Local\Programs\MiKTeX\tex/latex/amsfonts\amssymb.sty
Package: amssymb 2013/01/14 v3.01 AMS font symbols

(C:\Users\asus\AppData\Local\Programs\MiKTeX\tex/latex/amsfonts\amsfonts.sty
Package: amsfonts 2013/01/14 v3.01 Basic AMSFonts support
\symAMSa=\mathgroup4
\symAMSb=\mathgroup5
LaTeX Font Info:    Redeclaring math symbol \hbar on input line 98.
LaTeX Font Info:    Overwriting math alphabet `\mathfrak' in version `bold'
(Font)                  U/euf/m/n --> U/euf/b/n on input line 106.
))
(C:\Users\asus\AppData\Local\Programs\MiKTeX\tex/latex/multirow\multirow.sty
Package: multirow 2024/11/12 v2.9 Span multiple rows of a table
\multirow@colwidth=\skip56
\multirow@cntb=\count326
\multirow@dima=\skip57
\bigstrutjot=\dimen175
)
(C:\Users\asus\AppData\Local\Programs\MiKTeX\tex/latex/xcolor\xcolor.sty
Package: xcolor 2024/09/29 v3.02 LaTeX color extensions (UK)

(C:\Users\asus\AppData\Local\Programs\MiKTeX\tex/latex/graphics-cfg\color.cfg
File: color.cfg 2016/01/02 v1.6 sample color configuration
)
Package xcolor Info: Driver file: pdftex.def on input line 274.
LaTeX Info: Redefining \color on input line 762.

(C:\Users\asus\AppData\Local\Programs\MiKTeX\tex/latex/graphics\mathcolor.ltx)
Package xcolor Info: Model `cmy' substituted by `cmy0' on input line 1349.
Package xcolor Info: Model `hsb' substituted by `rgb' on input line 1353.
Package xcolor Info: Model `RGB' extended on input line 1365.
Package xcolor Info: Model `HTML' substituted by `rgb' on input line 1367.
Package xcolor Info: Model `Hsb' substituted by `hsb' on input line 1368.
Package xcolor Info: Model `tHsb' substituted by `hsb' on input line 1369.
Package xcolor Info: Model `HSB' substituted by `hsb' on input line 1370.
Package xcolor Info: Model `Gray' substituted by `gray' on input line 1371.
Package xcolor Info: Model `wave' substituted by `hsb' on input line 1372.
) (C:\Users\asus\AppData\Local\Programs\MiKTeX\tex/latex/colortbl\colortbl.sty
Package: colortbl 2026/05/01 v1.0l Color table columns (DPC)

(C:\Users\asus\AppData\Local\Programs\MiKTeX\tex/latex/tools\array.sty
Package: array 2026/02/24 v2.7b Tabular extension package (FMi)
\col@sep=\dimen176
\ar@mcellbox=\box58
\extrarowheight=\dimen177
\NC@list=\toks25
\extratabsurround=\skip58
\backup@length=\skip59
\ar@cellbox=\box59
)
new hooks used!!
\minrowclearance=\skip60
\rownum=\count327
) (C:\Users\asus\AppData\Local\Programs\MiKTeX\tex/latex/fancyhdr\fancyhdr.sty
Package: fancyhdr 2025/02/07 v5.2 Extensive control of page headers and footers

\f@nch@headwidth=\skip61
\f@nch@offset@elh=\skip62
\f@nch@offset@erh=\skip63
\f@nch@offset@olh=\skip64
\f@nch@offset@orh=\skip65
\f@nch@offset@elf=\skip66
\f@nch@offset@erf=\skip67
\f@nch@offset@olf=\skip68
\f@nch@offset@orf=\skip69
\f@nch@height=\skip70
\f@nch@footalignment=\skip71
\f@nch@widthL=\skip72
\f@nch@widthC=\skip73
\f@nch@widthR=\skip74
\@temptokenb=\toks26
)
(C:\Users\asus\AppData\Local\Programs\MiKTeX\tex/latex/l3backend\l3backend-pdft
ex.def
File: l3backend-pdftex.def 2026-02-18 L3 backend support: PDF output (pdfTeX)
\l__color_backend_stack_int=\count328
) (main.aux)
\openout1 = `main.aux'.

LaTeX Font Info:    Checking defaults for OML/cmm/m/it on input line 27.
LaTeX Font Info:    ... okay on input line 27.
LaTeX Font Info:    Checking defaults for OMS/cmsy/m/n on input line 27.
LaTeX Font Info:    ... okay on input line 27.
LaTeX Font Info:    Checking defaults for OT1/cmr/m/n on input line 27.
LaTeX Font Info:    ... okay on input line 27.
LaTeX Font Info:    Checking defaults for T1/cmr/m/n on input line 27.
LaTeX Font Info:    ... okay on input line 27.
LaTeX Font Info:    Checking defaults for TS1/cmr/m/n on input line 27.
LaTeX Font Info:    ... okay on input line 27.
LaTeX Font Info:    Checking defaults for OMX/cmex/m/n on input line 27.
LaTeX Font Info:    ... okay on input line 27.
LaTeX Font Info:    Checking defaults for U/cmr/m/n on input line 27.
LaTeX Font Info:    ... okay on input line 27.
LaTeX Font Info:    Checking defaults for PD1/pdf/m/n on input line 27.
LaTeX Font Info:    ... okay on input line 27.
LaTeX Font Info:    Checking defaults for PU/pdf/m/n on input line 27.
LaTeX Font Info:    ... okay on input line 27.

(C:\Users\asus\AppData\Local\Programs\MiKTeX\tex/context/base/mkii\supp-pdf.mki
i
[Loading MPS to PDF converter (version 2006.09.02).]
\scratchcounter=\count329
\scratchdimen=\dimen178
\scratchbox=\box60
\nofMPsegments=\count330
\nofMParguments=\count331
\everyMPshowfont=\toks27
\MPscratchCnt=\count332
\MPscratchDim=\dimen179
\MPnumerator=\count333
\makeMPintoPDFobject=\count334
\everyMPtoPDFconversion=\toks28
)
(C:\Users\asus\AppData\Local\Programs\MiKTeX\tex/latex/epstopdf-pkg\epstopdf-ba
se.sty
Package: epstopdf-base 2020-01-24 v2.11 Base part for package epstopdf
Package epstopdf-base Info: Redefining graphics rule for `.eps' on input line 4
85.

(C:\Users\asus\AppData\Local\Programs\MiKTeX\tex/latex/00miktex\epstopdf-sys.cf
g
File: epstopdf-sys.cfg 2021/03/18 v2.0 Configuration of epstopdf for MiKTeX
))
Package hyperref Info: Link coloring ON on input line 27.
 (main.out) (main.out)
\@outlinefile=\write3
\openout3 = `main.out'.

<nsplogo.jpg, id=7, 414.79968pt x 112.92188pt>
File: nsplogo.jpg Graphic file (type jpg)
<use nsplogo.jpg>
Package pdftex.def Info: nsplogo.jpg  used on input line 54.
(pdftex.def)             Requested size: 110.19987pt x 30.0pt.
LaTeX Font Info:    Trying to load font information for U+msa on input line 67.


(C:\Users\asus\AppData\Local\Programs\MiKTeX\tex/latex/amsfonts\umsa.fd
File: umsa.fd 2013/01/14 v3.01 AMS symbols A
)
LaTeX Font Info:    Trying to load font information for U+msb on input line 67.


(C:\Users\asus\AppData\Local\Programs\MiKTeX\tex/latex/amsfonts\umsb.fd
File: umsb.fd 2013/01/14 v3.01 AMS symbols B
)

! Package xcolor Error: Undefined color `rulecolor'.

See the xcolor package documentation for explanation.
Type  H <return>  for immediate help.
 ...                                              
                                                  
l.92 \noindent{\color{rulecolor}
                                \rule{\textwidth}{1pt}}
Try typing  <return>  to proceed.
If that doesn't work, type  X <return>  to quit.


! Package xcolor Error: Undefined color `rulecolor'.

See the xcolor package documentation for explanation.
Type  H <return>  for immediate help.
 ...                                              
                                                  
l.101 \noindent{\color{rulecolor}
                                 \rule{\textwidth}{1pt}}
Try typing  <return>  to proceed.
If that doesn't work, type  X <return>  to quit.


Package hyperref Warning: Ignoring empty anchor on input line 105.

[1{C:/Users/asus/AppData/Local/MiKTeX/fonts/map/pdftex/pdftex.map} <./nsplogo.j
pg>]
<media/image4.jpeg, id=30, 415.5525pt x 112.92188pt>
File: media/image4.jpeg Graphic file (type jpg)
<use media/image4.jpeg>
Package pdftex.def Info: media/image4.jpeg  used on input line 123.
(pdftex.def)             Requested size: 57.95502pt x 15.75pt.
 [2 <./media/image4.jpeg>]
File: media/image4.jpeg Graphic file (type jpg)
<use media/image4.jpeg>
Package pdftex.def Info: media/image4.jpeg  used on input line 138.
(pdftex.def)             Requested size: 57.95502pt x 15.75pt.
 [3]

! LaTeX Error: Unicode character ʿ (U+02BF)
               not set up for use with LaTeX.

See the LaTeX manual or LaTeX Companion for explanation.
Type  H <return>  for immediate help.
 ...                                              
                                                  
l.139 ...t Islamic jurisprudential maxims (qawāʿ
                                                  id fiqhiyyah) provides an ...

You may provide a definition with
\DeclareUnicodeCharacter 

File: media/image4.jpeg Graphic file (type jpg)
<use media/image4.jpeg>
Package pdftex.def Info: media/image4.jpeg  used on input line 181.
(pdftex.def)             Requested size: 57.95502pt x 15.75pt.
[4]
File: media/image4.jpeg Graphic file (type jpg)
<use media/image4.jpeg>
Package pdftex.def Info: media/image4.jpeg  used on input line 196.
(pdftex.def)             Requested size: 57.95502pt x 15.75pt.
 [5]
File: media/image4.jpeg Graphic file (type jpg)
<use media/image4.jpeg>
Package pdftex.def Info: media/image4.jpeg  used on input line 219.
(pdftex.def)             Requested size: 57.95502pt x 15.75pt.
 [6]
File: media/image4.jpeg Graphic file (type jpg)
<use media/image4.jpeg>
Package pdftex.def Info: media/image4.jpeg  used on input line 242.
(pdftex.def)             Requested size: 57.95502pt x 15.75pt.
 [7]
File: media/image4.jpeg Graphic file (type jpg)
<use media/image4.jpeg>
Package pdftex.def Info: media/image4.jpeg  used on input line 264.
(pdftex.def)             Requested size: 57.95502pt x 15.75pt.
 [8]

! LaTeX Error: Unicode character Ḍ (U+1E0C)
               not set up for use with LaTeX.

See the LaTeX manual or LaTeX Companion for explanation.
Type  H <return>  for immediate help.
 ...                                              
                                                  
l.275 ...r harm nor reciprocating harm” (Lā Ḍ
                                                  arar wa Lā Ḍirār), one...

You may provide a definition with
\DeclareUnicodeCharacter 


! LaTeX Error: Unicode character Ḍ (U+1E0C)
               not set up for use with LaTeX.

See the LaTeX manual or LaTeX Companion for explanation.
Type  H <return>  for immediate help.
 ...                                              
                                                  
l.275 ...procating harm” (Lā Ḍarar wa Lā Ḍ
                                                  irār), one of the major u...

You may provide a definition with
\DeclareUnicodeCharacter 


! LaTeX Error: Unicode character Ḍ (U+1E0C)
               not set up for use with LaTeX.

See the LaTeX manual or LaTeX Companion for explanation.
Type  H <return>  for immediate help.
 ...                                              
                                                  
l.279 ...evented to the extent possible” (Al-Ḍ
                                                  arar Yudfaʿu bi-Qadr al-I...

You may provide a definition with
\DeclareUnicodeCharacter 


! LaTeX Error: Unicode character ʿ (U+02BF)
               not set up for use with LaTeX.

See the LaTeX manual or LaTeX Companion for explanation.
Type  H <return>  for immediate help.
 ...                                              
                                                  
l.279 ...he extent possible” (Al-Ḍarar Yudfaʿ
                                                  u bi-Qadr al-Imkān), whic...

You may provide a definition with
\DeclareUnicodeCharacter 


! LaTeX Error: Unicode character ʿ (U+02BF)
               not set up for use with LaTeX.

See the LaTeX manual or LaTeX Companion for explanation.
Type  H <return>  for immediate help.
 ...                                              
                                                  
l.281 ...es of Islamic Law (Maqāṣid al-Sharīʿ
                                                  ah)
You may provide a definition with
\DeclareUnicodeCharacter 


! LaTeX Error: Unicode character ʿ (U+02BF)
               not set up for use with LaTeX.

See the LaTeX manual or LaTeX Companion for explanation.
Type  H <return>  for immediate help.
 ...                                              
                                                  
l.283 ...es of Islamic law (Maqāṣid al-Sharīʿ
                                                  ah) provide a comprehensiv...

You may provide a definition with
\DeclareUnicodeCharacter 


! LaTeX Error: Unicode character ẓ (U+1E93)
               not set up for use with LaTeX.

See the LaTeX manual or LaTeX Companion for explanation.
Type  H <return>  for immediate help.
 ...                                              
                                                  
l.283 ...ndamental necessities: religion (ḥifẓ
                                                   al-dīn), life (ḥifẓ ...

You may provide a definition with
\DeclareUnicodeCharacter 


! LaTeX Error: Unicode character ẓ (U+1E93)
               not set up for use with LaTeX.

See the LaTeX manual or LaTeX Companion for explanation.
Type  H <return>  for immediate help.
 ...                                              
                                                  
l.283 ...ligion (ḥifẓ al-dīn), life (ḥifẓ
                                                   al-nafs), intellect (ḥi...

You may provide a definition with
\DeclareUnicodeCharacter 


! LaTeX Error: Unicode character ẓ (U+1E93)
               not set up for use with LaTeX.

See the LaTeX manual or LaTeX Companion for explanation.
Type  H <return>  for immediate help.
 ...                                              
                                                  
l.283 ...e (ḥifẓ al-nafs), intellect (ḥifẓ
                                                   al-ʿaql), lineage and hu...

You may provide a definition with
\DeclareUnicodeCharacter 


! LaTeX Error: Unicode character ʿ (U+02BF)
               not set up for use with LaTeX.

See the LaTeX manual or LaTeX Companion for explanation.
Type  H <return>  for immediate help.
 ...                                              
                                                  
l.283 ...ifẓ al-nafs), intellect (ḥifẓ al-ʿ
                                                  aql), lineage and human di...

You may provide a definition with
\DeclareUnicodeCharacter 


! LaTeX Error: Unicode character ẓ (U+1E93)
               not set up for use with LaTeX.

See the LaTeX manual or LaTeX Companion for explanation.
Type  H <return>  for immediate help.
 ...                                              
                                                  
l.283 ...aql), lineage and human dignity (ḥifẓ
                                                   al-nasl wa al-ʿirḍ), a...

You may provide a definition with
\DeclareUnicodeCharacter 


! LaTeX Error: Unicode character ʿ (U+02BF)
               not set up for use with LaTeX.

See the LaTeX manual or LaTeX Companion for explanation.
Type  H <return>  for immediate help.
 ...                                              
                                                  
l.283 ... human dignity (ḥifẓ al-nasl wa al-ʿ
                                                  irḍ), and property (ḥi...

You may provide a definition with
\DeclareUnicodeCharacter 


! LaTeX Error: Unicode character ẓ (U+1E93)
               not set up for use with LaTeX.

See the LaTeX manual or LaTeX Companion for explanation.
Type  H <return>  for immediate help.
 ...                                              
                                                  
l.283 ...sl wa al-ʿirḍ), and property (ḥifẓ
                                                   al-māl). These objective...

You may provide a definition with
\DeclareUnicodeCharacter 

File: media/image4.jpeg Graphic file (type jpg)
<use media/image4.jpeg>
Package pdftex.def Info: media/image4.jpeg  used on input line 285.
(pdftex.def)             Requested size: 57.95502pt x 15.75pt.
[9]

! LaTeX Error: Unicode character ʿ (U+02BF)
               not set up for use with LaTeX.

See the LaTeX manual or LaTeX Companion for explanation.
Type  H <return>  for immediate help.
 ...                                              
                                                  
l.287 .... Accordingly, the Maqāṣid al-Sharīʿ
                                                  ah establish a comprehensi...

You may provide a definition with
\DeclareUnicodeCharacter 

File: media/image4.jpeg Graphic file (type jpg)
<use media/image4.jpeg>
Package pdftex.def Info: media/image4.jpeg  used on input line 306.
(pdftex.def)             Requested size: 57.95502pt x 15.75pt.
[10]
File: media/image4.jpeg Graphic file (type jpg)
<use media/image4.jpeg>
Package pdftex.def Info: media/image4.jpeg  used on input line 361.
(pdftex.def)             Requested size: 57.95502pt x 15.75pt.
 [11]
<media/image5.png, id=72, 628.3475pt x 502.87875pt>
File: media/image5.png Graphic file (type png)
<use media/image5.png>
Package pdftex.def Info: media/image5.png  used on input line 369.
(pdftex.def)             Requested size: 247.84459pt x 198.35484pt.
<media/image6.png, id=73, 628.3475pt x 502.87875pt>
File: media/image6.png Graphic file (type png)
<use media/image6.png>
Package pdftex.def Info: media/image6.png  used on input line 380.
(pdftex.def)             Requested size: 247.84459pt x 198.35484pt.
File: media/image4.jpeg Graphic file (type jpg)
<use media/image4.jpeg>
Package pdftex.def Info: media/image4.jpeg  used on input line 388.
(pdftex.def)             Requested size: 57.95502pt x 15.75pt.
 [12 <./media/image5.png (PNG copy)>]

! LaTeX Error: Unicode character α (U+03B1)
               not set up for use with LaTeX.

See the LaTeX manual or LaTeX Companion for explanation.
Type  H <return>  for immediate help.
 ...                                              
                                                  
l.393 ...'s f = 0.631), a significance level of α
                                                   = .05, four comparison gr...

You may provide a definition with
\DeclareUnicodeCharacter 

File: media/image4.jpeg Graphic file (type jpg)
<use media/image4.jpeg>
Package pdftex.def Info: media/image4.jpeg  used on input line 405.
(pdftex.def)             Requested size: 57.95502pt x 15.75pt.
[13 <./media/image6.png (PNG copy)>]
Underfull \hbox (badness 10000) in paragraph at lines 418--418
[]|\OT1/cmr/bx/n/9 Correlation
 []


Underfull \hbox (badness 10000) in paragraph at lines 418--418
[]|\OT1/cmr/bx/n/9 Correlation
 []


Underfull \hbox (badness 10000) in paragraph at lines 418--418
[]|\OT1/cmr/bx/n/9 Correlation
 []


Underfull \hbox (badness 10000) in paragraph at lines 418--419
[]|\OT1/cmr/bx/n/9 Correlation
 []


Overfull \hbox (51.2125pt too wide) in paragraph at lines 416--435
 [][] 
 []


! LaTeX Error: Unicode character χ (U+03C7)
               not set up for use with LaTeX.

See the LaTeX manual or LaTeX Companion for explanation.
Type  H <return>  for immediate help.
 ...                                              
                                                  
l.465 ...ericity was statistically significant (χ
                                                  ² = 3232.818, df = 378, p...

You may provide a definition with
\DeclareUnicodeCharacter 

File: media/image4.jpeg Graphic file (type jpg)
<use media/image4.jpeg>
Package pdftex.def Info: media/image4.jpeg  used on input line 466.
(pdftex.def)             Requested size: 57.95502pt x 15.75pt.
[14]

! LaTeX Error: Unicode character χ (U+03C7)
               not set up for use with LaTeX.

See the LaTeX manual or LaTeX Companion for explanation.
Type  H <return>  for immediate help.
 ...                                              
                                                  
l.476 ...DDD9C3}Bartlett's Test of Sphericity & χ
                                                  ² = 3232.818, df = 378, p...

You may provide a definition with
\DeclareUnicodeCharacter 


! LaTeX Error: Unicode character η (U+03B7)
               not set up for use with LaTeX.

See the LaTeX manual or LaTeX Companion for explanation.
Type  H <return>  for immediate help.
 ...                                              
                                                  
l.511 ...on, effect size indices (Cohen's d and η
                                                  ²) were calculated to eva...

You may provide a definition with
\DeclareUnicodeCharacter 

<media/image7.png, id=87, 628.3475pt x 502.87875pt>
File: media/image7.png Graphic file (type png)
<use media/image7.png>
Package pdftex.def Info: media/image7.png  used on input line 549.
(pdftex.def)             Requested size: 247.84459pt x 198.35484pt.
File: media/image4.jpeg Graphic file (type jpg)
<use media/image4.jpeg>
Package pdftex.def Info: media/image4.jpeg  used on input line 558.
(pdftex.def)             Requested size: 57.95502pt x 15.75pt.
[15]
Underfull \hbox (badness 10000) in paragraph at lines 571--571
[]|\OT1/cmr/m/n/9 Combating Cyber-
 []

File: media/image4.jpeg Graphic file (type jpg)
<use media/image4.jpeg>
Package pdftex.def Info: media/image4.jpeg  used on input line 584.
(pdftex.def)             Requested size: 57.95502pt x 15.75pt.
[16 <./media/image7.png (PNG copy)>]

! LaTeX Error: Unicode character − (U+2212)
               not set up for use with LaTeX.

See the LaTeX manual or LaTeX Companion for explanation.
Type  H <return>  for immediate help.
 ...                                              
                                                  
l.584 ... obtained skewness values ranged from −
                                                  0.673 to −0.263, while t...

You may provide a definition with
\DeclareUnicodeCharacter 


! LaTeX Error: Unicode character − (U+2212)
               not set up for use with LaTeX.

See the LaTeX manual or LaTeX Companion for explanation.
Type  H <return>  for immediate help.
 ...                                              
                                                  
l.584 ...ewness values ranged from −0.673 to −
                                                  0.263, while the kurtosis ...

You may provide a definition with
\DeclareUnicodeCharacter 


! LaTeX Error: Unicode character − (U+2212)
               not set up for use with LaTeX.

See the LaTeX manual or LaTeX Companion for explanation.
Type  H <return>  for immediate help.
 ...                                              
                                                  
l.584 ...while the kurtosis values ranged from −
                                                  1.445 to −0.062. These v...

You may provide a definition with
\DeclareUnicodeCharacter 


! LaTeX Error: Unicode character − (U+2212)
               not set up for use with LaTeX.

See the LaTeX manual or LaTeX Companion for explanation.
Type  H <return>  for immediate help.
 ...                                              
                                                  
l.584 ...rtosis values ranged from −1.445 to −
                                                  0.062. These values fell w...

You may provide a definition with
\DeclareUnicodeCharacter 


Underfull \hbox (badness 10000) in paragraph at lines 595--595
[]|\OT1/cmr/bx/n/9 Demographic
 []


Underfull \hbox (badness 10000) in paragraph at lines 597--597
[]|\OT1/cmr/m/n/9 Independent-
 []


Overfull \hbox (14.03468pt too wide) in paragraph at lines 593--604
 [][] 
 []


Underfull \hbox (badness 10000) in paragraph at lines 621--621
[]|\OT1/cmr/bx/n/9 Demographic
 []


Underfull \hbox (badness 10000) in paragraph at lines 623--623
[]|\OT1/cmr/m/n/9 Independent-
 []

File: media/image4.jpeg Graphic file (type jpg)
<use media/image4.jpeg>
Package pdftex.def Info: media/image4.jpeg  used on input line 637.
(pdftex.def)             Requested size: 57.95502pt x 15.75pt.
[17]
Underfull \hbox (badness 10000) in paragraph at lines 647--647
[]|\OT1/cmr/bx/n/9 Correlation
 []


! LaTeX Error: Unicode character − (U+2212)
               not set up for use with LaTeX.

See the LaTeX manual or LaTeX Companion for explanation.
Type  H <return>  for immediate help.
 ...                                              
                                                  
l.649 \cellcolor[HTML]{DDD9C3}S & — & — & −
                                                 0.152* & 0.042 \\
You may provide a definition with
\DeclareUnicodeCharacter 


! LaTeX Error: Unicode character − (U+2212)
               not set up for use with LaTeX.

See the LaTeX manual or LaTeX Companion for explanation.
Type  H <return>  for immediate help.
 ...                                              
                                                  
l.662 ... found between the two variables (r = −
                                                  0.152, p = .042). Although...

You may provide a definition with
\DeclareUnicodeCharacter 


! LaTeX Error: Unicode character η (U+03B7)
               not set up for use with LaTeX.

See the LaTeX manual or LaTeX Companion for explanation.
Type  H <return>  for immediate help.
 ...                                              
                                                  
l.664 ...a's role in spreading cyber-extremism (η
                                                  ² = 0.042), whereas a lar...

You may provide a definition with
\DeclareUnicodeCharacter 


! LaTeX Error: Unicode character η (U+03B7)
               not set up for use with LaTeX.

See the LaTeX manual or LaTeX Companion for explanation.
Type  H <return>  for immediate help.
 ...                                              
                                                  
l.664 ...ts role in countering cyber-extremism (η
                                                  ² = 0.285), indicating th...

You may provide a definition with
\DeclareUnicodeCharacter 


! LaTeX Error: Unicode character η (U+03B7)
               not set up for use with LaTeX.

See the LaTeX manual or LaTeX Companion for explanation.
Type  H <return>  for immediate help.
 ...                                              
                                                  
l.664 ... use demonstrated a small effect size (η
                                                  ² = 0.040). Finally, the ...

You may provide a definition with
\DeclareUnicodeCharacter 


! LaTeX Error: Unicode character − (U+2212)
               not set up for use with LaTeX.

See the LaTeX manual or LaTeX Companion for explanation.
Type  H <return>  for immediate help.
 ...                                              
                                                  
l.664 ...nted a weak negative association (r = −
                                                  0.152). These findings sug...

You may provide a definition with
\DeclareUnicodeCharacter 

File: media/image4.jpeg Graphic file (type jpg)
<use media/image4.jpeg>
Package pdftex.def Info: media/image4.jpeg  used on input line 672.
(pdftex.def)             Requested size: 57.95502pt x 15.75pt.
[18]
File: media/image4.jpeg Graphic file (type jpg)
<use media/image4.jpeg>
Package pdftex.def Info: media/image4.jpeg  used on input line 697.
(pdftex.def)             Requested size: 57.95502pt x 15.75pt.
 [19]
File: media/image4.jpeg Graphic file (type jpg)
<use media/image4.jpeg>
Package pdftex.def Info: media/image4.jpeg  used on input line 776.
(pdftex.def)             Requested size: 57.95502pt x 15.75pt.
 [20]
<media/image8.jpeg, id=140, 768.8725pt x 870.25125pt>
File: media/image8.jpeg Graphic file (type jpg)
<use media/image8.jpeg>
Package pdftex.def Info: media/image8.jpeg  used on input line 831.
(pdftex.def)             Requested size: 72.26933pt x 81.79831pt.
<media/image9.jpeg, id=141, 414.54875pt x 532.99126pt>
File: media/image9.jpeg Graphic file (type jpg)
<use media/image9.jpeg>
Package pdftex.def Info: media/image9.jpeg  used on input line 835.
(pdftex.def)             Requested size: 70.25728pt x 90.3308pt.
File: media/image4.jpeg Graphic file (type jpg)
<use media/image4.jpeg>
Package pdftex.def Info: media/image4.jpeg  used on input line 836.
(pdftex.def)             Requested size: 57.95502pt x 15.75pt.
 [21 <./media/image8.jpeg>]
<media/image10.jpeg, id=165, 602.25pt x 828.09375pt>
File: media/image10.jpeg Graphic file (type jpg)
<use media/image10.jpeg>
Package pdftex.def Info: media/image10.jpeg  used on input line 839.
(pdftex.def)             Requested size: 65.69632pt x 90.33244pt.
File: media/image4.jpeg Graphic file (type jpg)
<use media/image4.jpeg>
Package pdftex.def Info: media/image4.jpeg  used on input line 844.
(pdftex.def)             Requested size: 57.95502pt x 15.75pt.
 [22 <./media/image9.jpeg> <./media/image10.jpeg>] 
enddocument/afterlastpage (AED): lastpage setting LastPage.
(main.aux)
 ***********
LaTeX2e <2026-06-01>
L3 programming layer <2026-06-18>
 ***********
Package rerunfilecheck Info: File `main.out' has not changed.
(rerunfilecheck)             Checksum: 9814C2D956916ADB9290ECA4E25C967A;103.
 ) 
Here is how much of TeX's memory you used:
 11307 strings out of 467510
 174002 string characters out of 5409281
 621089 words of memory out of 5000000
 40330 multiletter control sequences out of 15000+600000
 636865 words of font info for 74 fonts, out of 8000000 for 9000
 1141 hyphenation exceptions out of 8191
 89i,16n,93p,1629b,595s stack positions out of 10000i,1000n,20000p,200000b,200000s
 <C:\Users\asus\AppData\Local\MiKTeX\fonts/pk/ljfour/jknappen/ec/dpi600\tcrm0
900.pk> <C:\Users\asus\AppData\Local\MiKTeX\fonts/pk/ljfour/jknappen/ec/dpi600\
tcrm1000.pk> <C:\Users\asus\AppData\Local\MiKTeX\fonts/pk/ljfour/jknappen/ec/dp
i600\tcrm0600.pk><C:/Users/asus/AppData/Local/Programs/MiKTeX/fonts/type1/publi
c/amsfonts/cm/cmbx10.pfb><C:/Users/asus/AppData/Local/Programs/MiKTeX/fonts/typ
e1/public/amsfonts/cm/cmbx12.pfb><C:/Users/asus/AppData/Local/Programs/MiKTeX/f
onts/type1/public/amsfonts/cm/cmbx9.pfb><C:/Users/asus/AppData/Local/Programs/M
iKTeX/fonts/type1/public/amsfonts/cm/cmbxti10.pfb><C:/Users/asus/AppData/Local/
Programs/MiKTeX/fonts/type1/public/amsfonts/cm/cmmi7.pfb><C:/Users/asus/AppData
/Local/Programs/MiKTeX/fonts/type1/public/amsfonts/cm/cmmi9.pfb><C:/Users/asus/
AppData/Local/Programs/MiKTeX/fonts/type1/public/amsfonts/cm/cmr10.pfb><C:/User
s/asus/AppData/Local/Programs/MiKTeX/fonts/type1/public/amsfonts/cm/cmr6.pfb><C
:/Users/asus/AppData/Local/Programs/MiKTeX/fonts/type1/public/amsfonts/cm/cmr7.
pfb><C:/Users/asus/AppData/Local/Programs/MiKTeX/fonts/type1/public/amsfonts/cm
/cmr9.pfb><C:/Users/asus/AppData/Local/Programs/MiKTeX/fonts/type1/public/amsfo
nts/cm/cmssbx10.pfb><C:/Users/asus/AppData/Local/Programs/MiKTeX/fonts/type1/pu
blic/amsfonts/cm/cmsy6.pfb><C:/Users/asus/AppData/Local/Programs/MiKTeX/fonts/t
ype1/public/amsfonts/cm/cmsy7.pfb><C:/Users/asus/AppData/Local/Programs/MiKTeX/
fonts/type1/public/amsfonts/cm/cmsy9.pfb><C:/Users/asus/AppData/Local/Programs/
MiKTeX/fonts/type1/public/amsfonts/cm/cmti10.pfb><C:/Users/asus/AppData/Local/P
rograms/MiKTeX/fonts/type1/public/amsfonts/cm/cmtt9.pfb>
Output written on main.pdf (22 pages, 499877 bytes).
PDF statistics:
 265 PDF objects out of 1000 (max. 8388607)
 67 named destinations out of 1000 (max. 500000)
 49 words of extra memory for PDF output out of 10000 (max. 10000000)

