[2026-07-26 21:08:02,154] [INFO] [latex_compiler.py:337]: Starting LaTeX compilation for: G:\work\Journal2LaTeX\backend\temp\062bb9f7-ef57-4b12-8de1-e5158218594e\rendered\main.tex
[2026-07-26 21:08:02,206] [INFO] [latex_compiler.py:364]: Applied template compatibility layer to main.tex
[2026-07-26 21:08:02,210] [INFO] [latex_compiler.py:126]: Rendered working directory tree before compilation:
  everyshi.sty
  logo7pt-eps-converted-to.pdf
  logo7pt.eps
  main.tex
  media/
    image1.jpeg
    image10.jpeg
    image11.jpeg
    image4.jpeg
    image5.png
    image6.png
    image7.png
    image8.jpeg
    image8.png
    image9.jpeg
    office_obj_1.png
  NSP1.cls
  psfig.sty
  Ref. JSAP paper.tex
  template.json
[2026-07-26 21:08:02,212] [INFO] [latex_compiler.py:132]: Template resource manifest (19 files):
  everyshi.sty                             template resource (package / style)
  logo7pt-eps-converted-to.pdf             template resource (graphic (PDF))
  logo7pt.eps                              template resource (graphic (EPS))
  main.tex                                 generated document / build artefact
  media\image1.jpeg                        renderer-generated media
  media\image10.jpeg                       renderer-generated media
  media\image11.jpeg                       renderer-generated media
  media\image4.jpeg                        renderer-generated media
  media\image5.png                         renderer-generated media
  media\image6.png                         renderer-generated media
  media\image7.png                         renderer-generated media
  media\image8.jpeg                        renderer-generated media
  media\image8.png                         renderer-generated media
  media\image9.jpeg                        renderer-generated media
  media\office_obj_1.png                   renderer-generated media
  NSP1.cls                                 template resource (document class)
  psfig.sty                                template resource (package / style)
  Ref. JSAP paper.tex                      template resource (included source)
  template.json                            template metadata
[2026-07-26 21:08:02,722] [INFO] [latex_compiler.py:154]: Dependency resolution (26 references):
  [LOCAL  ] documentclass   NSP1
  [SYSTEM ] usepackage      xcolor
  [SYSTEM ] usepackage      makecell
  [SYSTEM ] usepackage      url
  [SYSTEM ] usepackage      floatflt
  [SYSTEM ] usepackage      helvet
  [SYSTEM ] usepackage      times
  [SYSTEM ] usepackage      float
  [SYSTEM ] usepackage      graphicx
  [SYSTEM ] usepackage      mathptmx
  [SYSTEM ] usepackage      amsmath
  [SYSTEM ] usepackage      amssymb
  [SYSTEM ] usepackage      bm
  [SYSTEM ] usepackage      caption
  [SYSTEM ] usepackage      multirow
  [SYSTEM ] usepackage      array
  [SYSTEM ] usepackage      newunicodechar
  [SYSTEM ] usepackage      cuted
  [SYSTEM ] usepackage      type1cm
  [SYSTEM ] usepackage      fix-cm
  [DYNAMIC] includegraphics #1
  [LOCAL  ] includegraphics media/office_obj_1.png
  [LOCAL  ] includegraphics media/image5.png
  [LOCAL  ] includegraphics media/image6.png
  [LOCAL  ] includegraphics media/image7.png
  [LOCAL  ] includegraphics media/image8.png
[2026-07-26 21:08:02,723] [INFO] [latex_compiler.py:395]: Using latexmk compiler.
[2026-07-26 21:08:07,821] [INFO] [latex_compiler.py:462]: Compilation completed successfully. PDF generated at: G:\work\Journal2LaTeX\backend\temp\062bb9f7-ef57-4b12-8de1-e5158218594e\output\paper.pdf
