[2026-07-26 21:07:55,573] [INFO] [job_manager.py:136]: Job 062bb9f7-ef57-4b12-8de1-e5158218594e workspace created successfully
[2026-07-26 21:07:55,600] [INFO] [pipeline_service.py:46]: Starting validation for job: 062bb9f7-ef57-4b12-8de1-e5158218594e
[2026-07-26 21:07:55,618] [INFO] [job_manager.py:180]: Job status updated to: VALIDATING
[2026-07-26 21:07:55,632] [INFO] [job_manager.py:204]: Progress updated to 10%: Validating input Word Document
[2026-07-26 21:07:55,652] [INFO] [pipeline_service.py:61]: Validation successful.
[2026-07-26 21:07:55,676] [INFO] [job_manager.py:204]: Progress updated to 20%: Input document validated successfully
[2026-07-26 21:07:55,676] [INFO] [pipeline_service.py:68]: Starting document analysis for job: 062bb9f7-ef57-4b12-8de1-e5158218594e
[2026-07-26 21:07:55,698] [INFO] [job_manager.py:180]: Job status updated to: ANALYZING_DOCUMENT
[2026-07-26 21:07:55,717] [INFO] [job_manager.py:204]: Progress updated to 30%: Analyzing document structure and content blocks
[2026-07-26 21:07:55,717] [INFO] [document_analyzer.py:44]: Starting improved document analysis for: G:\work\Journal2LaTeX\backend\temp\062bb9f7-ef57-4b12-8de1-e5158218594e\input\research in the journal form.docx
[2026-07-26 21:07:56,278] [INFO] [document_analyzer.py:528]: Parsed document: title='Statistical Analysis of Body Dysmorphic Disorder, Quality of Life, and Social Anxiety in Fire Victims: Path Analysis', authors=3, sections=2, references=20
[2026-07-26 21:07:56,281] [INFO] [pipeline_service.py:96]: Document analysis completed. Saved structure to: G:\work\Journal2LaTeX\backend\temp\062bb9f7-ef57-4b12-8de1-e5158218594e\intermediate\document_structure.json, report to: G:\work\Journal2LaTeX\backend\temp\062bb9f7-ef57-4b12-8de1-e5158218594e\intermediate\conversion_report.json
[2026-07-26 21:07:56,305] [INFO] [job_manager.py:204]: Progress updated to 45%: Document structure extracted successfully
[2026-07-26 21:07:56,305] [INFO] [pipeline_service.py:109]: Starting asset extraction for job: 062bb9f7-ef57-4b12-8de1-e5158218594e
[2026-07-26 21:07:56,320] [INFO] [job_manager.py:180]: Job status updated to: EXTRACTING_ASSETS
[2026-07-26 21:07:56,334] [INFO] [job_manager.py:204]: Progress updated to 50%: Extracting images and figure assets from document
[2026-07-26 21:08:01,546] [INFO] [pipeline_service.py:251]: Office object fig:office1 placed=True
[2026-07-26 21:08:01,597] [INFO] [pipeline_service.py:142]: Assets extracted to: G:\work\Journal2LaTeX\backend\temp\062bb9f7-ef57-4b12-8de1-e5158218594e\intermediate\media
[2026-07-26 21:08:01,614] [INFO] [job_manager.py:204]: Progress updated to 60%: Document assets extracted successfully
[2026-07-26 21:08:01,614] [INFO] [pipeline_service.py:259]: Classifying extracted assets for job: 062bb9f7-ef57-4b12-8de1-e5158218594e
[2026-07-26 21:08:01,614] [INFO] [asset_analyzer.py:23]: Starting extended asset analysis for job: 062bb9f7-ef57-4b12-8de1-e5158218594e
[2026-07-26 21:08:01,618] [INFO] [asset_analyzer.py:153]: Extended asset classification completed. Assets classified: 9
[2026-07-26 21:08:01,634] [INFO] [job_manager.py:204]: Progress updated to 65%: Extracted assets analyzed and mapped successfully
[2026-07-26 21:08:01,706] [INFO] [pipeline_service.py:275]: Loading template 369585ba-9b19-497b-b4cf-bee224be7a6d for job: 062bb9f7-ef57-4b12-8de1-e5158218594e
[2026-07-26 21:08:01,722] [INFO] [job_manager.py:180]: Job status updated to: LOADING_TEMPLATE
[2026-07-26 21:08:01,736] [INFO] [job_manager.py:204]: Progress updated to 70%: Loading template styles: 369585ba-9b19-497b-b4cf-bee224be7a6d
[2026-07-26 21:08:01,812] [INFO] [pipeline_service.py:297]: Template loaded and workspace prepared at: G:\work\Journal2LaTeX\backend\temp\062bb9f7-ef57-4b12-8de1-e5158218594e\rendered
[2026-07-26 21:08:01,828] [INFO] [job_manager.py:204]: Progress updated to 80%: Template workspace initialized
[2026-07-26 21:08:01,830] [INFO] [pipeline_service.py:322]: Starting LaTeX rendering for job: 062bb9f7-ef57-4b12-8de1-e5158218594e
[2026-07-26 21:08:01,845] [INFO] [job_manager.py:180]: Job status updated to: RENDERING_LATEX
[2026-07-26 21:08:01,859] [INFO] [job_manager.py:204]: Progress updated to 85%: Rendering document content to LaTeX
[2026-07-26 21:08:01,875] [INFO] [latex_renderer.py:104]: Starting LaTeX rendering inside workspace: G:\work\Journal2LaTeX\backend\temp\062bb9f7-ef57-4b12-8de1-e5158218594e\rendered
[2026-07-26 21:08:02,048] [INFO] [latex_renderer.py:479]: LaTeX document main.tex rendered successfully.
[2026-07-26 21:08:02,117] [INFO] [header_reconstructor.py:124]: Template class draws its own header; skipping fancyhdr injection.
[2026-07-26 21:08:02,120] [INFO] [job_manager.py:204]: Progress updated to 90%: LaTeX document rendering completed
[2026-07-26 21:08:02,120] [INFO] [pipeline_service.py:385]: Starting document compilation for job: 062bb9f7-ef57-4b12-8de1-e5158218594e
[2026-07-26 21:08:02,137] [INFO] [job_manager.py:180]: Job status updated to: COMPILING
[2026-07-26 21:08:02,153] [INFO] [job_manager.py:204]: Progress updated to 92%: Compiling LaTeX source to PDF
[2026-07-26 21:08:07,838] [INFO] [pipeline_service.py:408]: Compilation completed successfully.
[2026-07-26 21:08:07,840] [INFO] [pipeline_service.py:423]: Running E2E publication fidelity checker for job: 062bb9f7-ef57-4b12-8de1-e5158218594e
[2026-07-26 21:08:07,840] [INFO] [fidelity_checker.py:24]: Generating advanced fidelity report and scores for job: 062bb9f7-ef57-4b12-8de1-e5158218594e
[2026-07-26 21:08:07,843] [INFO] [fidelity_checker.py:175]: Fidelity report written to G:\work\Journal2LaTeX\backend\temp\062bb9f7-ef57-4b12-8de1-e5158218594e\intermediate\fidelity_report.json. Overall Score: 96.2%, Critical missing: 0
[2026-07-26 21:08:07,861] [INFO] [job_manager.py:180]: Job status updated to: COMPLETED
[2026-07-26 21:08:07,876] [INFO] [job_manager.py:204]: Progress updated to 100%: Pipeline process completed successfully
