[2026-07-18 00:09:36,251] [INFO] [job_manager.py:92]: Job 0620f716-618a-4b8f-9c7d-3249cf93e715 workspace created successfully
[2026-07-18 00:09:36,271] [INFO] [pipeline_service.py:30]: Starting validation for job: 0620f716-618a-4b8f-9c7d-3249cf93e715
[2026-07-18 00:09:36,272] [INFO] [job_manager.py:136]: Job status updated to: VALIDATING
[2026-07-18 00:09:36,284] [INFO] [job_manager.py:160]: Progress updated to 10%: Validating input Word Document
[2026-07-18 00:09:36,287] [INFO] [pipeline_service.py:45]: Validation successful.
[2026-07-18 00:09:36,300] [INFO] [job_manager.py:160]: Progress updated to 20%: Input document validated successfully
[2026-07-18 00:09:36,300] [INFO] [pipeline_service.py:52]: Starting document analysis for job: 0620f716-618a-4b8f-9c7d-3249cf93e715
[2026-07-18 00:09:36,321] [INFO] [job_manager.py:136]: Job status updated to: ANALYZING_DOCUMENT
[2026-07-18 00:09:36,336] [INFO] [job_manager.py:160]: Progress updated to 30%: Analyzing document structure and content blocks
[2026-07-18 00:09:36,336] [INFO] [document_analyzer.py:32]: Starting document analysis for: G:\work\Journal2LaTeX\backend\temp\0620f716-618a-4b8f-9c7d-3249cf93e715\input\sample.docx
[2026-07-18 00:09:36,336] [DEBUG] [document_analyzer.py:46]: Running Pandoc AST command: pandoc G:\work\Journal2LaTeX\backend\temp\0620f716-618a-4b8f-9c7d-3249cf93e715\input\sample.docx -t json
[2026-07-18 00:09:36,374] [INFO] [document_analyzer.py:183]: Successfully parsed document: title='', sections=1
[2026-07-18 00:09:36,375] [INFO] [pipeline_service.py:73]: Document analysis completed. Saved structure to: G:\work\Journal2LaTeX\backend\temp\0620f716-618a-4b8f-9c7d-3249cf93e715\intermediate\document_structure.json
[2026-07-18 00:09:36,388] [INFO] [job_manager.py:160]: Progress updated to 45%: Document structure extracted successfully
[2026-07-18 00:09:36,388] [INFO] [pipeline_service.py:86]: Starting asset extraction for job: 0620f716-618a-4b8f-9c7d-3249cf93e715
[2026-07-18 00:09:36,399] [INFO] [job_manager.py:136]: Job status updated to: EXTRACTING_ASSETS
[2026-07-18 00:09:36,411] [INFO] [job_manager.py:160]: Progress updated to 50%: Extracting images and figure assets from document
[2026-07-18 00:09:36,448] [INFO] [pipeline_service.py:97]: Assets extracted to: G:\work\Journal2LaTeX\backend\temp\0620f716-618a-4b8f-9c7d-3249cf93e715\intermediate\media
[2026-07-18 00:09:36,460] [INFO] [job_manager.py:160]: Progress updated to 60%: Document assets extracted successfully
[2026-07-18 00:09:36,479] [INFO] [pipeline_service.py:109]: Loading template JSAP for job: 0620f716-618a-4b8f-9c7d-3249cf93e715
[2026-07-18 00:09:36,480] [INFO] [job_manager.py:136]: Job status updated to: LOADING_TEMPLATE
[2026-07-18 00:09:36,490] [INFO] [job_manager.py:160]: Progress updated to 70%: Loading template styles: JSAP
[2026-07-18 00:09:36,503] [INFO] [pipeline_service.py:127]: Template loaded and workspace prepared at: G:\work\Journal2LaTeX\backend\temp\0620f716-618a-4b8f-9c7d-3249cf93e715\rendered
[2026-07-18 00:09:36,515] [INFO] [job_manager.py:160]: Progress updated to 80%: Template workspace initialized
[2026-07-18 00:09:36,516] [INFO] [pipeline_service.py:140]: Starting LaTeX rendering for job: 0620f716-618a-4b8f-9c7d-3249cf93e715
[2026-07-18 00:09:36,526] [INFO] [job_manager.py:136]: Job status updated to: RENDERING_LATEX
[2026-07-18 00:09:36,541] [INFO] [job_manager.py:160]: Progress updated to 85%: Rendering document content to LaTeX
[2026-07-18 00:09:36,543] [INFO] [latex_renderer.py:29]: Starting LaTeX rendering inside workspace: G:\work\Journal2LaTeX\backend\temp\0620f716-618a-4b8f-9c7d-3249cf93e715\rendered
[2026-07-18 00:09:36,545] [INFO] [latex_renderer.py:93]: LaTeX document main.tex rendered successfully.
[2026-07-18 00:09:36,557] [INFO] [job_manager.py:160]: Progress updated to 90%: LaTeX document rendering completed
[2026-07-18 00:09:36,558] [INFO] [pipeline_service.py:174]: Starting document compilation for job: 0620f716-618a-4b8f-9c7d-3249cf93e715
[2026-07-18 00:09:36,570] [INFO] [job_manager.py:136]: Job status updated to: COMPILING
[2026-07-18 00:09:36,581] [INFO] [job_manager.py:160]: Progress updated to 92%: Compiling LaTeX source to PDF
[2026-07-18 00:09:40,430] [INFO] [pipeline_service.py:196]: Compilation completed successfully.
[2026-07-18 00:09:40,441] [INFO] [job_manager.py:136]: Job status updated to: COMPLETED
[2026-07-18 00:09:40,452] [INFO] [job_manager.py:160]: Progress updated to 100%: Pipeline process completed successfully
