[2026-07-26 21:05:29,563] [INFO] [latex_compiler.py:337]: Starting LaTeX compilation for: G:\work\Journal2LaTeX\backend\temp\81805053-33ba-4272-96aa-99d478ddc373\rendered\main.tex
[2026-07-26 21:05:29,615] [INFO] [latex_compiler.py:364]: Applied template compatibility layer to main.tex
[2026-07-26 21:05:29,618] [INFO] [latex_compiler.py:126]: Rendered working directory tree before compilation:
  1.eps
  2.eps
  everyshi.sty
  logo7pt-eps-converted-to.pdf
  logo7pt.eps
  main.tex
  media/
    image1.png
    image2.png
    image3.png
    image4.png
    image5.png
    image6.png
    image7.png
    office_obj_1.png
    office_obj_2.png
    office_obj_3.png
  NSP1.cls
  psfig.sty
  template.aux
  template.json
  template.log
  template.out
  template.tex
[2026-07-26 21:05:29,628] [INFO] [latex_compiler.py:132]: Template resource manifest (23 files):
  1.eps                                    template resource (graphic (EPS))
  2.eps                                    template resource (graphic (EPS))
  everyshi.sty                             template resource (package / style)
  logo7pt-eps-converted-to.pdf             template resource (graphic (PDF))
  logo7pt.eps                              template resource (graphic (EPS))
  main.tex                                 generated document / build artefact
  media\image1.png                         renderer-generated media
  media\image2.png                         renderer-generated media
  media\image3.png                         renderer-generated media
  media\image4.png                         renderer-generated media
  media\image5.png                         renderer-generated media
  media\image6.png                         renderer-generated media
  media\image7.png                         renderer-generated media
  media\office_obj_1.png                   renderer-generated media
  media\office_obj_2.png                   renderer-generated media
  media\office_obj_3.png                   renderer-generated media
  NSP1.cls                                 template resource (document class)
  psfig.sty                                template resource (package / style)
  template.aux                             generated document / build artefact
  template.json                            template metadata
  template.log                             generated document / build artefact
  template.out                             generated document / build artefact
  template.tex                             template resource (included source)
[2026-07-26 21:05:29,657] [INFO] [latex_compiler.py:154]: Dependency resolution (33 references):
  [LOCAL  ] documentclass   NSP1
  [SYSTEM ] usepackage      xcolor
  [SYSTEM ] usepackage      url
  [SYSTEM ] usepackage      floatflt
  [SYSTEM ] usepackage      helvet
  [SYSTEM ] usepackage      times
  [LOCAL  ] usepackage      psfig
  [SYSTEM ] usepackage      graphics
  [SYSTEM ] usepackage      mathptmx
  [SYSTEM ] usepackage      amsmath
  [SYSTEM ] usepackage      amssymb
  [SYSTEM ] usepackage      bm
  [SYSTEM ] usepackage      float
  [SYSTEM ] usepackage      caption
  [SYSTEM ] usepackage      keyval
  [SYSTEM ] usepackage      graphicx
  [SYSTEM ] usepackage      array
  [SYSTEM ] usepackage      cuted
  [SYSTEM ] usepackage      newunicodechar
  [SYSTEM ] usepackage      type1cm
  [SYSTEM ] usepackage      fix-cm
  [DYNAMIC] includegraphics \psfig@file
  [DYNAMIC] includegraphics #1
  [LOCAL  ] includegraphics media/image1.png
  [LOCAL  ] includegraphics media/office_obj_1.png
  [LOCAL  ] includegraphics media/office_obj_3.png
  [LOCAL  ] includegraphics media/office_obj_2.png
  [LOCAL  ] includegraphics media/image2.png
  [LOCAL  ] includegraphics media/image3.png
  [LOCAL  ] includegraphics media/image4.png
  [LOCAL  ] includegraphics media/image5.png
  [LOCAL  ] includegraphics media/image6.png
  [LOCAL  ] includegraphics media/image7.png
[2026-07-26 21:05:29,658] [INFO] [latex_compiler.py:395]: Using latexmk compiler.
[2026-07-26 21:05:32,754] [ERROR] [latex_compiler.py:450]: LaTeX compilation failed. PDF not generated. Check raw logs for details.
