[2026-07-26 21:05:17,924] [INFO] [job_manager.py:136]: Job 81805053-33ba-4272-96aa-99d478ddc373 workspace created successfully
[2026-07-26 21:05:17,957] [INFO] [pipeline_service.py:46]: Starting validation for job: 81805053-33ba-4272-96aa-99d478ddc373
[2026-07-26 21:05:17,972] [INFO] [job_manager.py:180]: Job status updated to: VALIDATING
[2026-07-26 21:05:17,986] [INFO] [job_manager.py:204]: Progress updated to 10%: Validating input Word Document
[2026-07-26 21:05:18,094] [INFO] [pipeline_service.py:61]: Validation successful.
[2026-07-26 21:05:18,108] [INFO] [job_manager.py:204]: Progress updated to 20%: Input document validated successfully
[2026-07-26 21:05:18,108] [INFO] [pipeline_service.py:68]: Starting document analysis for job: 81805053-33ba-4272-96aa-99d478ddc373
[2026-07-26 21:05:18,123] [INFO] [job_manager.py:180]: Job status updated to: ANALYZING_DOCUMENT
[2026-07-26 21:05:18,154] [INFO] [job_manager.py:204]: Progress updated to 30%: Analyzing document structure and content blocks
[2026-07-26 21:05:18,154] [INFO] [document_analyzer.py:44]: Starting improved document analysis for: G:\work\Journal2LaTeX\backend\temp\81805053-33ba-4272-96aa-99d478ddc373\input\Zakaria- Optimal   control strategies. July.docx
[2026-07-26 21:05:20,482] [INFO] [document_analyzer.py:528]: Parsed document: title='Optimal control strategies for overwhelming social media scrolling addiction by using fractional order mathematical modelling', authors=21, sections=10, references=47
[2026-07-26 21:05:20,489] [INFO] [pipeline_service.py:96]: Document analysis completed. Saved structure to: G:\work\Journal2LaTeX\backend\temp\81805053-33ba-4272-96aa-99d478ddc373\intermediate\document_structure.json, report to: G:\work\Journal2LaTeX\backend\temp\81805053-33ba-4272-96aa-99d478ddc373\intermediate\conversion_report.json
[2026-07-26 21:05:20,515] [INFO] [job_manager.py:204]: Progress updated to 45%: Document structure extracted successfully
[2026-07-26 21:05:20,516] [INFO] [pipeline_service.py:109]: Starting asset extraction for job: 81805053-33ba-4272-96aa-99d478ddc373
[2026-07-26 21:05:20,534] [INFO] [job_manager.py:180]: Job status updated to: EXTRACTING_ASSETS
[2026-07-26 21:05:20,552] [INFO] [job_manager.py:204]: Progress updated to 50%: Extracting images and figure assets from document
[2026-07-26 21:05:28,811] [INFO] [pipeline_service.py:251]: Office object fig:office1 placed=True
[2026-07-26 21:05:28,811] [INFO] [pipeline_service.py:251]: Office object fig:office2 placed=True
[2026-07-26 21:05:28,812] [INFO] [pipeline_service.py:251]: Office object fig:office3 placed=True
[2026-07-26 21:05:28,857] [INFO] [pipeline_service.py:142]: Assets extracted to: G:\work\Journal2LaTeX\backend\temp\81805053-33ba-4272-96aa-99d478ddc373\intermediate\media
[2026-07-26 21:05:28,875] [INFO] [job_manager.py:204]: Progress updated to 60%: Document assets extracted successfully
[2026-07-26 21:05:28,875] [INFO] [pipeline_service.py:259]: Classifying extracted assets for job: 81805053-33ba-4272-96aa-99d478ddc373
[2026-07-26 21:05:28,875] [INFO] [asset_analyzer.py:23]: Starting extended asset analysis for job: 81805053-33ba-4272-96aa-99d478ddc373
[2026-07-26 21:05:28,878] [INFO] [asset_analyzer.py:153]: Extended asset classification completed. Assets classified: 10
[2026-07-26 21:05:28,895] [INFO] [job_manager.py:204]: Progress updated to 65%: Extracted assets analyzed and mapped successfully
[2026-07-26 21:05:28,956] [INFO] [pipeline_service.py:275]: Loading template JSAP for job: 81805053-33ba-4272-96aa-99d478ddc373
[2026-07-26 21:05:28,972] [INFO] [job_manager.py:180]: Job status updated to: LOADING_TEMPLATE
[2026-07-26 21:05:28,987] [INFO] [job_manager.py:204]: Progress updated to 70%: Loading template styles: JSAP
[2026-07-26 21:05:29,074] [INFO] [pipeline_service.py:297]: Template loaded and workspace prepared at: G:\work\Journal2LaTeX\backend\temp\81805053-33ba-4272-96aa-99d478ddc373\rendered
[2026-07-26 21:05:29,092] [INFO] [job_manager.py:204]: Progress updated to 80%: Template workspace initialized
[2026-07-26 21:05:29,094] [INFO] [pipeline_service.py:322]: Starting LaTeX rendering for job: 81805053-33ba-4272-96aa-99d478ddc373
[2026-07-26 21:05:29,109] [INFO] [job_manager.py:180]: Job status updated to: RENDERING_LATEX
[2026-07-26 21:05:29,123] [INFO] [job_manager.py:204]: Progress updated to 85%: Rendering document content to LaTeX
[2026-07-26 21:05:29,140] [INFO] [latex_renderer.py:104]: Starting LaTeX rendering inside workspace: G:\work\Journal2LaTeX\backend\temp\81805053-33ba-4272-96aa-99d478ddc373\rendered
[2026-07-26 21:05:29,327] [INFO] [latex_renderer.py:479]: LaTeX document main.tex rendered successfully.
[2026-07-26 21:05:29,528] [INFO] [header_reconstructor.py:124]: Template class draws its own header; skipping fancyhdr injection.
[2026-07-26 21:05:29,531] [INFO] [job_manager.py:204]: Progress updated to 90%: LaTeX document rendering completed
[2026-07-26 21:05:29,532] [INFO] [pipeline_service.py:385]: Starting document compilation for job: 81805053-33ba-4272-96aa-99d478ddc373
[2026-07-26 21:05:29,547] [INFO] [job_manager.py:180]: Job status updated to: COMPILING
[2026-07-26 21:05:29,562] [INFO] [job_manager.py:204]: Progress updated to 92%: Compiling LaTeX source to PDF
[2026-07-26 21:05:32,754] [ERROR] [pipeline_service.py:413]: LaTeX compilation failed: LaTeX compilation failed. PDF not generated.
[2026-07-26 21:05:32,770] [ERROR] [job_manager.py:228]: Job error added: LaTeX compilation failed: LaTeX compilation failed. PDF not generated.
