[2026-08-03 14:26:39,965] [INFO] [latex_compiler.py:337]: Starting LaTeX compilation for: G:\work\Journal2LaTeX\backend\temp\f3e55dbc-9f75-435c-90fb-66df34793257\rendered\main.tex
[2026-08-03 14:26:40,075] [INFO] [latex_compiler.py:364]: Applied template compatibility layer to main.tex
[2026-08-03 14:26:40,098] [INFO] [latex_compiler.py:126]: Rendered working directory tree before compilation:
  010102.aux
  010102.log
  010102.out
  010102.pdf
  010102.synctex.gz
  default.cls
  default.sty
  everyshi.sty
  FDESPFDA2014revised1.eps
  logo.png
  logo7pt-eps-converted-to.pdf
  logo7pt.eps
  main.tex
  media/
    image1.wmf
    image10.wmf
    image11.wmf
    image12.wmf
    image13.wmf
    image14.wmf
    image15.wmf
    image16.wmf
    image17.wmf
    image18.wmf
    image19.wmf
    image2.JPG
    image20.wmf
    image21.wmf
    image22.wmf
    image23.wmf
    image24.wmf
    image25.wmf
    image26.wmf
    image27.wmf
    image28.wmf
    image29.wmf
    image3.wmf
    image30.wmf
    image31.wmf
    image32.wmf
    image33.wmf
    image34.wmf
    image35.wmf
    image36.wmf
    image37.wmf
    image38.wmf
    image39.wmf
    image4.wmf
    image40.wmf
    image41.wmf
    image42.wmf
    image43.wmf
    image44.wmf
    image45.wmf
    image46.wmf
    image47.wmf
    image48.wmf
    image49.wmf
    image5.wmf
    image50.wmf
    image51.wmf
    image52.wmf
    image53.wmf
    image54.wmf
    image55.wmf
    image56.wmf
    image57.wmf
    image58.wmf
    image59.wmf
    image6.wmf
    image60.wmf
    image61.wmf
    image62.wmf
    image63.wmf
    image64.wmf
    image65.wmf
    image66.wmf
    image67.wmf
    image68.wmf
    image69.wmf
    image7.wmf
    image70.wmf
    image71.wmf
    image72.wmf
    image73.wmf
    image74.wmf
    image75.wmf
    image76.wmf
    image77.wmf
    image78.wmf
    image79.wmf
    image8.wmf
    image80.wmf
    image81.wmf
    image82.JPG
    image83.JPG
    image84.JPG
    image85.png
    image86.jpg
    image9.wmf
    office_obj_1.png
    office_obj_10.png
    office_obj_11.png
    office_obj_12.png
    office_obj_13.png
    office_obj_14.png
    office_obj_15.png
    office_obj_16.png
    office_obj_17.png
    office_obj_18.png
    office_obj_19.png
    office_obj_2.png
    office_obj_20.png
    office_obj_21.png
    office_obj_22.png
    office_obj_23.png
    office_obj_24.png
    office_obj_25.png
    office_obj_26.png
    office_obj_27.png
    office_obj_28.png
    office_obj_29.png
    office_obj_3.png
    office_obj_30.png
    office_obj_31.png
    office_obj_32.png
    office_obj_33.png
    office_obj_34.png
    office_obj_35.png
    office_obj_36.png
    office_obj_37.png
    office_obj_38.png
    office_obj_39.png
    office_obj_4.png
    office_obj_40.png
    office_obj_41.png
    office_obj_42.png
    office_obj_43.png
    office_obj_44.png
    office_obj_45.png
    office_obj_46.png
    office_obj_47.png
    office_obj_48.png
    office_obj_49.png
    office_obj_5.png
    office_obj_50.png
    office_obj_51.png
    office_obj_52.png
    office_obj_53.png
    office_obj_54.png
    office_obj_55.png
    office_obj_56.png
    office_obj_57.png
    office_obj_58.png
    office_obj_59.png
    office_obj_6.png
    office_obj_60.png
    office_obj_61.png
    office_obj_62.png
    office_obj_63.png
    office_obj_7.png
    office_obj_8.png
    office_obj_9.png
  NSP1.cls
  psfig.sty
  template.tex
[2026-08-03 14:26:40,116] [INFO] [latex_compiler.py:132]: Template resource manifest (165 files):
  010102.aux                               generated document / build artefact
  010102.log                               generated document / build artefact
  010102.out                               generated document / build artefact
  010102.pdf                               template resource (graphic (PDF))
  010102.synctex.gz                        generated document / build artefact
  default.cls                              template resource (document class)
  default.sty                              template resource (package / style)
  everyshi.sty                             template resource (package / style)
  FDESPFDA2014revised1.eps                 template resource (graphic (EPS))
  logo.png                                 template resource (graphic (PNG))
  logo7pt-eps-converted-to.pdf             template resource (graphic (PDF))
  logo7pt.eps                              template resource (graphic (EPS))
  main.tex                                 generated document / build artefact
  media\image1.wmf                         renderer-generated media
  media\image10.wmf                        renderer-generated media
  media\image11.wmf                        renderer-generated media
  media\image12.wmf                        renderer-generated media
  media\image13.wmf                        renderer-generated media
  media\image14.wmf                        renderer-generated media
  media\image15.wmf                        renderer-generated media
  media\image16.wmf                        renderer-generated media
  media\image17.wmf                        renderer-generated media
  media\image18.wmf                        renderer-generated media
  media\image19.wmf                        renderer-generated media
  media\image2.JPG                         renderer-generated media
  media\image20.wmf                        renderer-generated media
  media\image21.wmf                        renderer-generated media
  media\image22.wmf                        renderer-generated media
  media\image23.wmf                        renderer-generated media
  media\image24.wmf                        renderer-generated media
  media\image25.wmf                        renderer-generated media
  media\image26.wmf                        renderer-generated media
  media\image27.wmf                        renderer-generated media
  media\image28.wmf                        renderer-generated media
  media\image29.wmf                        renderer-generated media
  media\image3.wmf                         renderer-generated media
  media\image30.wmf                        renderer-generated media
  media\image31.wmf                        renderer-generated media
  media\image32.wmf                        renderer-generated media
  media\image33.wmf                        renderer-generated media
  media\image34.wmf                        renderer-generated media
  media\image35.wmf                        renderer-generated media
  media\image36.wmf                        renderer-generated media
  media\image37.wmf                        renderer-generated media
  media\image38.wmf                        renderer-generated media
  media\image39.wmf                        renderer-generated media
  media\image4.wmf                         renderer-generated media
  media\image40.wmf                        renderer-generated media
  media\image41.wmf                        renderer-generated media
  media\image42.wmf                        renderer-generated media
  media\image43.wmf                        renderer-generated media
  media\image44.wmf                        renderer-generated media
  media\image45.wmf                        renderer-generated media
  media\image46.wmf                        renderer-generated media
  media\image47.wmf                        renderer-generated media
  media\image48.wmf                        renderer-generated media
  media\image49.wmf                        renderer-generated media
  media\image5.wmf                         renderer-generated media
  media\image50.wmf                        renderer-generated media
  media\image51.wmf                        renderer-generated media
  media\image52.wmf                        renderer-generated media
  media\image53.wmf                        renderer-generated media
  media\image54.wmf                        renderer-generated media
  media\image55.wmf                        renderer-generated media
  media\image56.wmf                        renderer-generated media
  media\image57.wmf                        renderer-generated media
  media\image58.wmf                        renderer-generated media
  media\image59.wmf                        renderer-generated media
  media\image6.wmf                         renderer-generated media
  media\image60.wmf                        renderer-generated media
  media\image61.wmf                        renderer-generated media
  media\image62.wmf                        renderer-generated media
  media\image63.wmf                        renderer-generated media
  media\image64.wmf                        renderer-generated media
  media\image65.wmf                        renderer-generated media
  media\image66.wmf                        renderer-generated media
  media\image67.wmf                        renderer-generated media
  media\image68.wmf                        renderer-generated media
  media\image69.wmf                        renderer-generated media
  media\image7.wmf                         renderer-generated media
  media\image70.wmf                        renderer-generated media
  media\image71.wmf                        renderer-generated media
  media\image72.wmf                        renderer-generated media
  media\image73.wmf                        renderer-generated media
  media\image74.wmf                        renderer-generated media
  media\image75.wmf                        renderer-generated media
  media\image76.wmf                        renderer-generated media
  media\image77.wmf                        renderer-generated media
  media\image78.wmf                        renderer-generated media
  media\image79.wmf                        renderer-generated media
  media\image8.wmf                         renderer-generated media
  media\image80.wmf                        renderer-generated media
  media\image81.wmf                        renderer-generated media
  media\image82.JPG                        renderer-generated media
  media\image83.JPG                        renderer-generated media
  media\image84.JPG                        renderer-generated media
  media\image85.png                        renderer-generated media
  media\image86.jpg                        renderer-generated media
  media\image9.wmf                         renderer-generated media
  media\office_obj_1.png                   renderer-generated media
  media\office_obj_10.png                  renderer-generated media
  media\office_obj_11.png                  renderer-generated media
  media\office_obj_12.png                  renderer-generated media
  media\office_obj_13.png                  renderer-generated media
  media\office_obj_14.png                  renderer-generated media
  media\office_obj_15.png                  renderer-generated media
  media\office_obj_16.png                  renderer-generated media
  media\office_obj_17.png                  renderer-generated media
  media\office_obj_18.png                  renderer-generated media
  media\office_obj_19.png                  renderer-generated media
  media\office_obj_2.png                   renderer-generated media
  media\office_obj_20.png                  renderer-generated media
  media\office_obj_21.png                  renderer-generated media
  media\office_obj_22.png                  renderer-generated media
  media\office_obj_23.png                  renderer-generated media
  media\office_obj_24.png                  renderer-generated media
  media\office_obj_25.png                  renderer-generated media
  media\office_obj_26.png                  renderer-generated media
  media\office_obj_27.png                  renderer-generated media
  media\office_obj_28.png                  renderer-generated media
  media\office_obj_29.png                  renderer-generated media
  media\office_obj_3.png                   renderer-generated media
  media\office_obj_30.png                  renderer-generated media
  media\office_obj_31.png                  renderer-generated media
  media\office_obj_32.png                  renderer-generated media
  media\office_obj_33.png                  renderer-generated media
  media\office_obj_34.png                  renderer-generated media
  media\office_obj_35.png                  renderer-generated media
  media\office_obj_36.png                  renderer-generated media
  media\office_obj_37.png                  renderer-generated media
  media\office_obj_38.png                  renderer-generated media
  media\office_obj_39.png                  renderer-generated media
  media\office_obj_4.png                   renderer-generated media
  media\office_obj_40.png                  renderer-generated media
  media\office_obj_41.png                  renderer-generated media
  media\office_obj_42.png                  renderer-generated media
  media\office_obj_43.png                  renderer-generated media
  media\office_obj_44.png                  renderer-generated media
  media\office_obj_45.png                  renderer-generated media
  media\office_obj_46.png                  renderer-generated media
  media\office_obj_47.png                  renderer-generated media
  media\office_obj_48.png                  renderer-generated media
  media\office_obj_49.png                  renderer-generated media
  media\office_obj_5.png                   renderer-generated media
  media\office_obj_50.png                  renderer-generated media
  media\office_obj_51.png                  renderer-generated media
  media\office_obj_52.png                  renderer-generated media
  media\office_obj_53.png                  renderer-generated media
  media\office_obj_54.png                  renderer-generated media
  media\office_obj_55.png                  renderer-generated media
  media\office_obj_56.png                  renderer-generated media
  media\office_obj_57.png                  renderer-generated media
  media\office_obj_58.png                  renderer-generated media
  media\office_obj_59.png                  renderer-generated media
  media\office_obj_6.png                   renderer-generated media
  media\office_obj_60.png                  renderer-generated media
  media\office_obj_61.png                  renderer-generated media
  media\office_obj_62.png                  renderer-generated media
  media\office_obj_63.png                  renderer-generated media
  media\office_obj_7.png                   renderer-generated media
  media\office_obj_8.png                   renderer-generated media
  media\office_obj_9.png                   renderer-generated media
  NSP1.cls                                 template resource (document class)
  psfig.sty                                template resource (package / style)
  template.tex                             template resource (included source)
[2026-08-03 14:26:40,152] [INFO] [latex_compiler.py:154]: Dependency resolution (71 references):
  [LOCAL  ] documentclass   default
  [SYSTEM ] usepackage      xcolor
  [LOCAL  ] usepackage      default
  [SYSTEM ] usepackage      float
  [SYSTEM ] usepackage      cuted
  [SYSTEM ] usepackage      newunicodechar
  [SYSTEM ] usepackage      type1cm
  [SYSTEM ] usepackage      fix-cm
  [LOCAL  ] includegraphics media/office_obj_63.png
  [LOCAL  ] includegraphics media/office_obj_62.png
  [LOCAL  ] includegraphics media/office_obj_61.png
  [LOCAL  ] includegraphics media/office_obj_60.png
  [LOCAL  ] includegraphics media/office_obj_59.png
  [LOCAL  ] includegraphics media/office_obj_58.png
  [LOCAL  ] includegraphics media/office_obj_57.png
  [LOCAL  ] includegraphics media/office_obj_56.png
  [LOCAL  ] includegraphics media/office_obj_55.png
  [LOCAL  ] includegraphics media/office_obj_54.png
  [LOCAL  ] includegraphics media/office_obj_53.png
  [LOCAL  ] includegraphics media/office_obj_52.png
  [LOCAL  ] includegraphics media/office_obj_51.png
  [LOCAL  ] includegraphics media/office_obj_50.png
  [LOCAL  ] includegraphics media/office_obj_49.png
  [LOCAL  ] includegraphics media/office_obj_48.png
  [LOCAL  ] includegraphics media/office_obj_47.png
  [LOCAL  ] includegraphics media/office_obj_46.png
  [LOCAL  ] includegraphics media/office_obj_45.png
  [LOCAL  ] includegraphics media/office_obj_44.png
  [LOCAL  ] includegraphics media/office_obj_43.png
  [LOCAL  ] includegraphics media/office_obj_42.png
  [LOCAL  ] includegraphics media/office_obj_41.png
  [LOCAL  ] includegraphics media/office_obj_40.png
  [LOCAL  ] includegraphics media/office_obj_39.png
  [LOCAL  ] includegraphics media/office_obj_38.png
  [LOCAL  ] includegraphics media/office_obj_37.png
  [LOCAL  ] includegraphics media/office_obj_36.png
  [LOCAL  ] includegraphics media/office_obj_35.png
  [LOCAL  ] includegraphics media/office_obj_34.png
  [LOCAL  ] includegraphics media/office_obj_33.png
  [LOCAL  ] includegraphics media/office_obj_32.png
  [LOCAL  ] includegraphics media/office_obj_31.png
  [LOCAL  ] includegraphics media/office_obj_30.png
  [LOCAL  ] includegraphics media/office_obj_29.png
  [LOCAL  ] includegraphics media/office_obj_28.png
  [LOCAL  ] includegraphics media/office_obj_27.png
  [LOCAL  ] includegraphics media/office_obj_26.png
  [LOCAL  ] includegraphics media/office_obj_25.png
  [LOCAL  ] includegraphics media/office_obj_24.png
  [LOCAL  ] includegraphics media/office_obj_23.png
  [LOCAL  ] includegraphics media/office_obj_22.png
  [LOCAL  ] includegraphics media/office_obj_21.png
  [LOCAL  ] includegraphics media/office_obj_20.png
  [LOCAL  ] includegraphics media/office_obj_19.png
  [LOCAL  ] includegraphics media/office_obj_18.png
  [LOCAL  ] includegraphics media/office_obj_17.png
  [LOCAL  ] includegraphics media/office_obj_16.png
  [LOCAL  ] includegraphics media/office_obj_15.png
  [LOCAL  ] includegraphics media/office_obj_14.png
  [LOCAL  ] includegraphics media/office_obj_13.png
  [LOCAL  ] includegraphics media/office_obj_12.png
  [LOCAL  ] includegraphics media/office_obj_11.png
  [LOCAL  ] includegraphics media/office_obj_10.png
  [LOCAL  ] includegraphics media/office_obj_9.png
  [LOCAL  ] includegraphics media/office_obj_8.png
  [LOCAL  ] includegraphics media/office_obj_7.png
  [LOCAL  ] includegraphics media/office_obj_6.png
  [LOCAL  ] includegraphics media/office_obj_5.png
  [LOCAL  ] includegraphics media/office_obj_4.png
  [LOCAL  ] includegraphics media/office_obj_3.png
  [LOCAL  ] includegraphics media/office_obj_2.png
  [LOCAL  ] includegraphics media/office_obj_1.png
[2026-08-03 14:26:40,153] [INFO] [latex_compiler.py:395]: Using latexmk compiler.
[2026-08-03 14:26:45,392] [INFO] [latex_compiler.py:462]: Compilation completed successfully. PDF generated at: G:\work\Journal2LaTeX\backend\temp\f3e55dbc-9f75-435c-90fb-66df34793257\output\paper.pdf
