[2026-07-23 15:54:01,202] [INFO] [latex_compiler.py:337]: Starting LaTeX compilation for: G:\work\Journal2LaTeX\backend\temp\97355f4b-4574-4e35-bddd-72c65ba576a7\rendered\main.tex
[2026-07-23 15:54:01,239] [INFO] [latex_compiler.py:364]: Applied template compatibility layer to main.tex
[2026-07-23 15:54:01,260] [INFO] [latex_compiler.py:126]: Rendered working directory tree before compilation:
  default.cls
  default.sty
  logo.png
  main.tex
  media/
    image1.jpeg
    image10.wmf
    image11.wmf
    image12.wmf
    image13.wmf
    image14.wmf
    image15.wmf
    image16.wmf
    image17.wmf
    image18.wmf
    image19.wmf
    image2.jpeg
    image20.wmf
    image21.wmf
    image22.wmf
    image23.wmf
    image3.wmf
    image32.wmf
    image33.wmf
    image34.wmf
    image35.wmf
    image36.wmf
    image37.wmf
    image38.wmf
    image39.wmf
    image4.wmf
    image40.wmf
    image41.wmf
    image42.wmf
    image43.wmf
    image44.wmf
    image45.wmf
    image46.wmf
    image47.wmf
    image48.wmf
    image49.wmf
    image5.wmf
    image50.wmf
    image51.wmf
    image52.wmf
    image53.wmf
    image54.wmf
    image55.wmf
    image56.wmf
    image57.wmf
    image58.wmf
    image59.wmf
    image6.wmf
    image60.wmf
    image61.wmf
    image62.wmf
    image63.wmf
    image64.wmf
    image65.wmf
    image66.wmf
    image67.wmf
    image68.wmf
    image69.wmf
    image7.wmf
    image70.wmf
    image71.wmf
    image72.wmf
    image73.wmf
    image74.wmf
    image75.wmf
    image76.wmf
    image77.wmf
    image78.wmf
    image79.wmf
    image8.wmf
    image80.wmf
    image81.wmf
    image82.wmf
    image83.wmf
    image84.wmf
    image85.wmf
    image86.wmf
    image87.wmf
    image88.wmf
    image89.wmf
    image9.wmf
    image90.wmf
    office_obj_1.png
    office_obj_10.png
    office_obj_100.png
    office_obj_101.png
    office_obj_102.png
    office_obj_106.png
    office_obj_107.png
    office_obj_108.png
    office_obj_109.png
    office_obj_11.png
    office_obj_110.png
    office_obj_111.png
    office_obj_112.png
    office_obj_113.png
    office_obj_114.png
    office_obj_115.png
    office_obj_116.png
    office_obj_117.png
    office_obj_118.png
    office_obj_119.png
    office_obj_12.png
    office_obj_120.png
    office_obj_121.png
    office_obj_122.png
    office_obj_123.png
    office_obj_124.png
    office_obj_125.png
    office_obj_126.png
    office_obj_127.png
    office_obj_128.png
    office_obj_129.png
    office_obj_13.png
    office_obj_130.png
    office_obj_131.png
    office_obj_132.png
    office_obj_133.png
    office_obj_134.png
    office_obj_135.png
    office_obj_136.png
    office_obj_137.png
    office_obj_138.png
    office_obj_139.png
    office_obj_14.png
    office_obj_140.png
    office_obj_141.png
    office_obj_142.png
    office_obj_143.png
    office_obj_144.png
    office_obj_145.png
    office_obj_146.png
    office_obj_147.png
    office_obj_148.png
    office_obj_149.png
    office_obj_15.png
    office_obj_150.png
    office_obj_151.png
    office_obj_152.png
    office_obj_153.png
    office_obj_154.png
    office_obj_155.png
    office_obj_156.png
    office_obj_16.png
    office_obj_17.png
    office_obj_18.png
    office_obj_19.png
    office_obj_2.png
    office_obj_20.png
    office_obj_21.png
    office_obj_22.png
    office_obj_23.png
    office_obj_24.png
    office_obj_25.png
    office_obj_26.png
    office_obj_3.png
    office_obj_4.png
    office_obj_44.png
    office_obj_45.png
    office_obj_46.png
    office_obj_47.png
    office_obj_48.png
    office_obj_49.png
    office_obj_5.png
    office_obj_50.png
    office_obj_51.png
    office_obj_52.png
    office_obj_53.png
    office_obj_54.png
    office_obj_55.png
    office_obj_56.png
    office_obj_57.png
    office_obj_58.png
    office_obj_59.png
    office_obj_6.png
    office_obj_60.png
    office_obj_61.png
    office_obj_62.png
    office_obj_63.png
    office_obj_64.png
    office_obj_65.png
    office_obj_66.png
    office_obj_67.png
    office_obj_68.png
    office_obj_69.png
    office_obj_7.png
    office_obj_70.png
    office_obj_71.png
    office_obj_72.png
    office_obj_73.png
    office_obj_74.png
    office_obj_75.png
    office_obj_76.png
    office_obj_77.png
    office_obj_78.png
    office_obj_79.png
    office_obj_8.png
    office_obj_80.png
    office_obj_81.png
    office_obj_82.png
    office_obj_83.png
    office_obj_84.png
    office_obj_85.png
    office_obj_86.png
    office_obj_87.png
    office_obj_88.png
    office_obj_89.png
    office_obj_9.png
    office_obj_90.png
    office_obj_91.png
    office_obj_92.png
    office_obj_93.png
    office_obj_94.png
    office_obj_95.png
    office_obj_96.png
    office_obj_97.png
    office_obj_98.png
    office_obj_99.png
  template.json
  template.tex
[2026-07-23 15:54:01,280] [INFO] [latex_compiler.py:132]: Template resource manifest (224 files):
  default.cls                              template resource (document class)
  default.sty                              template resource (package / style)
  logo.png                                 template resource (graphic (PNG))
  main.tex                                 generated document / build artefact
  media\image1.jpeg                        renderer-generated media
  media\image10.wmf                        renderer-generated media
  media\image11.wmf                        renderer-generated media
  media\image12.wmf                        renderer-generated media
  media\image13.wmf                        renderer-generated media
  media\image14.wmf                        renderer-generated media
  media\image15.wmf                        renderer-generated media
  media\image16.wmf                        renderer-generated media
  media\image17.wmf                        renderer-generated media
  media\image18.wmf                        renderer-generated media
  media\image19.wmf                        renderer-generated media
  media\image2.jpeg                        renderer-generated media
  media\image20.wmf                        renderer-generated media
  media\image21.wmf                        renderer-generated media
  media\image22.wmf                        renderer-generated media
  media\image23.wmf                        renderer-generated media
  media\image3.wmf                         renderer-generated media
  media\image32.wmf                        renderer-generated media
  media\image33.wmf                        renderer-generated media
  media\image34.wmf                        renderer-generated media
  media\image35.wmf                        renderer-generated media
  media\image36.wmf                        renderer-generated media
  media\image37.wmf                        renderer-generated media
  media\image38.wmf                        renderer-generated media
  media\image39.wmf                        renderer-generated media
  media\image4.wmf                         renderer-generated media
  media\image40.wmf                        renderer-generated media
  media\image41.wmf                        renderer-generated media
  media\image42.wmf                        renderer-generated media
  media\image43.wmf                        renderer-generated media
  media\image44.wmf                        renderer-generated media
  media\image45.wmf                        renderer-generated media
  media\image46.wmf                        renderer-generated media
  media\image47.wmf                        renderer-generated media
  media\image48.wmf                        renderer-generated media
  media\image49.wmf                        renderer-generated media
  media\image5.wmf                         renderer-generated media
  media\image50.wmf                        renderer-generated media
  media\image51.wmf                        renderer-generated media
  media\image52.wmf                        renderer-generated media
  media\image53.wmf                        renderer-generated media
  media\image54.wmf                        renderer-generated media
  media\image55.wmf                        renderer-generated media
  media\image56.wmf                        renderer-generated media
  media\image57.wmf                        renderer-generated media
  media\image58.wmf                        renderer-generated media
  media\image59.wmf                        renderer-generated media
  media\image6.wmf                         renderer-generated media
  media\image60.wmf                        renderer-generated media
  media\image61.wmf                        renderer-generated media
  media\image62.wmf                        renderer-generated media
  media\image63.wmf                        renderer-generated media
  media\image64.wmf                        renderer-generated media
  media\image65.wmf                        renderer-generated media
  media\image66.wmf                        renderer-generated media
  media\image67.wmf                        renderer-generated media
  media\image68.wmf                        renderer-generated media
  media\image69.wmf                        renderer-generated media
  media\image7.wmf                         renderer-generated media
  media\image70.wmf                        renderer-generated media
  media\image71.wmf                        renderer-generated media
  media\image72.wmf                        renderer-generated media
  media\image73.wmf                        renderer-generated media
  media\image74.wmf                        renderer-generated media
  media\image75.wmf                        renderer-generated media
  media\image76.wmf                        renderer-generated media
  media\image77.wmf                        renderer-generated media
  media\image78.wmf                        renderer-generated media
  media\image79.wmf                        renderer-generated media
  media\image8.wmf                         renderer-generated media
  media\image80.wmf                        renderer-generated media
  media\image81.wmf                        renderer-generated media
  media\image82.wmf                        renderer-generated media
  media\image83.wmf                        renderer-generated media
  media\image84.wmf                        renderer-generated media
  media\image85.wmf                        renderer-generated media
  media\image86.wmf                        renderer-generated media
  media\image87.wmf                        renderer-generated media
  media\image88.wmf                        renderer-generated media
  media\image89.wmf                        renderer-generated media
  media\image9.wmf                         renderer-generated media
  media\image90.wmf                        renderer-generated media
  media\office_obj_1.png                   renderer-generated media
  media\office_obj_10.png                  renderer-generated media
  media\office_obj_100.png                 renderer-generated media
  media\office_obj_101.png                 renderer-generated media
  media\office_obj_102.png                 renderer-generated media
  media\office_obj_106.png                 renderer-generated media
  media\office_obj_107.png                 renderer-generated media
  media\office_obj_108.png                 renderer-generated media
  media\office_obj_109.png                 renderer-generated media
  media\office_obj_11.png                  renderer-generated media
  media\office_obj_110.png                 renderer-generated media
  media\office_obj_111.png                 renderer-generated media
  media\office_obj_112.png                 renderer-generated media
  media\office_obj_113.png                 renderer-generated media
  media\office_obj_114.png                 renderer-generated media
  media\office_obj_115.png                 renderer-generated media
  media\office_obj_116.png                 renderer-generated media
  media\office_obj_117.png                 renderer-generated media
  media\office_obj_118.png                 renderer-generated media
  media\office_obj_119.png                 renderer-generated media
  media\office_obj_12.png                  renderer-generated media
  media\office_obj_120.png                 renderer-generated media
  media\office_obj_121.png                 renderer-generated media
  media\office_obj_122.png                 renderer-generated media
  media\office_obj_123.png                 renderer-generated media
  media\office_obj_124.png                 renderer-generated media
  media\office_obj_125.png                 renderer-generated media
  media\office_obj_126.png                 renderer-generated media
  media\office_obj_127.png                 renderer-generated media
  media\office_obj_128.png                 renderer-generated media
  media\office_obj_129.png                 renderer-generated media
  media\office_obj_13.png                  renderer-generated media
  media\office_obj_130.png                 renderer-generated media
  media\office_obj_131.png                 renderer-generated media
  media\office_obj_132.png                 renderer-generated media
  media\office_obj_133.png                 renderer-generated media
  media\office_obj_134.png                 renderer-generated media
  media\office_obj_135.png                 renderer-generated media
  media\office_obj_136.png                 renderer-generated media
  media\office_obj_137.png                 renderer-generated media
  media\office_obj_138.png                 renderer-generated media
  media\office_obj_139.png                 renderer-generated media
  media\office_obj_14.png                  renderer-generated media
  media\office_obj_140.png                 renderer-generated media
  media\office_obj_141.png                 renderer-generated media
  media\office_obj_142.png                 renderer-generated media
  media\office_obj_143.png                 renderer-generated media
  media\office_obj_144.png                 renderer-generated media
  media\office_obj_145.png                 renderer-generated media
  media\office_obj_146.png                 renderer-generated media
  media\office_obj_147.png                 renderer-generated media
  media\office_obj_148.png                 renderer-generated media
  media\office_obj_149.png                 renderer-generated media
  media\office_obj_15.png                  renderer-generated media
  media\office_obj_150.png                 renderer-generated media
  media\office_obj_151.png                 renderer-generated media
  media\office_obj_152.png                 renderer-generated media
  media\office_obj_153.png                 renderer-generated media
  media\office_obj_154.png                 renderer-generated media
  media\office_obj_155.png                 renderer-generated media
  media\office_obj_156.png                 renderer-generated media
  media\office_obj_16.png                  renderer-generated media
  media\office_obj_17.png                  renderer-generated media
  media\office_obj_18.png                  renderer-generated media
  media\office_obj_19.png                  renderer-generated media
  media\office_obj_2.png                   renderer-generated media
  media\office_obj_20.png                  renderer-generated media
  media\office_obj_21.png                  renderer-generated media
  media\office_obj_22.png                  renderer-generated media
  media\office_obj_23.png                  renderer-generated media
  media\office_obj_24.png                  renderer-generated media
  media\office_obj_25.png                  renderer-generated media
  media\office_obj_26.png                  renderer-generated media
  media\office_obj_3.png                   renderer-generated media
  media\office_obj_4.png                   renderer-generated media
  media\office_obj_44.png                  renderer-generated media
  media\office_obj_45.png                  renderer-generated media
  media\office_obj_46.png                  renderer-generated media
  media\office_obj_47.png                  renderer-generated media
  media\office_obj_48.png                  renderer-generated media
  media\office_obj_49.png                  renderer-generated media
  media\office_obj_5.png                   renderer-generated media
  media\office_obj_50.png                  renderer-generated media
  media\office_obj_51.png                  renderer-generated media
  media\office_obj_52.png                  renderer-generated media
  media\office_obj_53.png                  renderer-generated media
  media\office_obj_54.png                  renderer-generated media
  media\office_obj_55.png                  renderer-generated media
  media\office_obj_56.png                  renderer-generated media
  media\office_obj_57.png                  renderer-generated media
  media\office_obj_58.png                  renderer-generated media
  media\office_obj_59.png                  renderer-generated media
  media\office_obj_6.png                   renderer-generated media
  media\office_obj_60.png                  renderer-generated media
  media\office_obj_61.png                  renderer-generated media
  media\office_obj_62.png                  renderer-generated media
  media\office_obj_63.png                  renderer-generated media
  media\office_obj_64.png                  renderer-generated media
  media\office_obj_65.png                  renderer-generated media
  media\office_obj_66.png                  renderer-generated media
  media\office_obj_67.png                  renderer-generated media
  media\office_obj_68.png                  renderer-generated media
  media\office_obj_69.png                  renderer-generated media
  media\office_obj_7.png                   renderer-generated media
  media\office_obj_70.png                  renderer-generated media
  media\office_obj_71.png                  renderer-generated media
  media\office_obj_72.png                  renderer-generated media
  media\office_obj_73.png                  renderer-generated media
  media\office_obj_74.png                  renderer-generated media
  media\office_obj_75.png                  renderer-generated media
  media\office_obj_76.png                  renderer-generated media
  media\office_obj_77.png                  renderer-generated media
  media\office_obj_78.png                  renderer-generated media
  media\office_obj_79.png                  renderer-generated media
  media\office_obj_8.png                   renderer-generated media
  media\office_obj_80.png                  renderer-generated media
  media\office_obj_81.png                  renderer-generated media
  media\office_obj_82.png                  renderer-generated media
  media\office_obj_83.png                  renderer-generated media
  media\office_obj_84.png                  renderer-generated media
  media\office_obj_85.png                  renderer-generated media
  media\office_obj_86.png                  renderer-generated media
  media\office_obj_87.png                  renderer-generated media
  media\office_obj_88.png                  renderer-generated media
  media\office_obj_89.png                  renderer-generated media
  media\office_obj_9.png                   renderer-generated media
  media\office_obj_90.png                  renderer-generated media
  media\office_obj_91.png                  renderer-generated media
  media\office_obj_92.png                  renderer-generated media
  media\office_obj_93.png                  renderer-generated media
  media\office_obj_94.png                  renderer-generated media
  media\office_obj_95.png                  renderer-generated media
  media\office_obj_96.png                  renderer-generated media
  media\office_obj_97.png                  renderer-generated media
  media\office_obj_98.png                  renderer-generated media
  media\office_obj_99.png                  renderer-generated media
  template.json                            template metadata
  template.tex                             template resource (included source)
[2026-07-23 15:54:01,324] [INFO] [latex_compiler.py:154]: Dependency resolution (167 references):
  [LOCAL  ] documentclass   default
  [SYSTEM ] usepackage      xcolor
  [LOCAL  ] usepackage      default
  [SYSTEM ] usepackage      float
  [SYSTEM ] usepackage      cuted
  [SYSTEM ] usepackage      fancyhdr
  [SYSTEM ] usepackage      graphicx
  [LOCAL  ] includegraphics media/image2.jpeg
  [LOCAL  ] includegraphics media/office_obj_156.png
  [MISSING] includegraphics media/image3.png
  [LOCAL  ] includegraphics media/office_obj_2.png
  [MISSING] includegraphics media/image4.png
  [MISSING] includegraphics media/image5.png
  [MISSING] includegraphics media/image6.png
  [MISSING] includegraphics media/image7.png
  [MISSING] includegraphics media/image8.png
  [MISSING] includegraphics media/image9.png
  [LOCAL  ] includegraphics media/office_obj_8.png
  [MISSING] includegraphics media/image10.png
  [LOCAL  ] includegraphics media/office_obj_16.png
  [LOCAL  ] includegraphics media/office_obj_15.png
  [LOCAL  ] includegraphics media/office_obj_14.png
  [LOCAL  ] includegraphics media/office_obj_13.png
  [LOCAL  ] includegraphics media/office_obj_12.png
  [LOCAL  ] includegraphics media/office_obj_11.png
  [LOCAL  ] includegraphics media/office_obj_10.png
  [MISSING] includegraphics media/image14.png
  [LOCAL  ] includegraphics media/office_obj_67.png
  [LOCAL  ] includegraphics media/office_obj_66.png
  [MISSING] includegraphics media/image51.png
  [MISSING] includegraphics media/image11.png
  [MISSING] includegraphics media/image53.png
  [MISSING] includegraphics media/image61.png
  [MISSING] includegraphics media/image65.png
  [MISSING] includegraphics media/image55.png
  [MISSING] includegraphics media/image71.png
  [MISSING] includegraphics media/image72.png
  [MISSING] includegraphics media/image81.png
  [MISSING] includegraphics media/image83.png
  [MISSING] includegraphics media/image84.png
  [MISSING] includegraphics media/image85.png
  [LOCAL  ] includegraphics media/office_obj_155.png
  [LOCAL  ] includegraphics media/office_obj_154.png
  [LOCAL  ] includegraphics media/office_obj_153.png
  [LOCAL  ] includegraphics media/office_obj_152.png
  [LOCAL  ] includegraphics media/office_obj_151.png
  [MISSING] includegraphics media/image86.png
  [MISSING] includegraphics media/image90.png
  [LOCAL  ] includegraphics media/office_obj_150.png
  [LOCAL  ] includegraphics media/office_obj_149.png
  [LOCAL  ] includegraphics media/office_obj_148.png
  [LOCAL  ] includegraphics media/office_obj_147.png
  [LOCAL  ] includegraphics media/office_obj_146.png
  [LOCAL  ] includegraphics media/office_obj_145.png
  [LOCAL  ] includegraphics media/office_obj_144.png
  [LOCAL  ] includegraphics media/office_obj_143.png
  [LOCAL  ] includegraphics media/office_obj_142.png
  [LOCAL  ] includegraphics media/office_obj_141.png
  [LOCAL  ] includegraphics media/office_obj_140.png
  [LOCAL  ] includegraphics media/office_obj_139.png
  [LOCAL  ] includegraphics media/office_obj_138.png
  [LOCAL  ] includegraphics media/office_obj_137.png
  [LOCAL  ] includegraphics media/office_obj_136.png
  [LOCAL  ] includegraphics media/office_obj_135.png
  [LOCAL  ] includegraphics media/office_obj_134.png
  [LOCAL  ] includegraphics media/office_obj_133.png
  [LOCAL  ] includegraphics media/office_obj_132.png
  [LOCAL  ] includegraphics media/office_obj_131.png
  [LOCAL  ] includegraphics media/office_obj_130.png
  [LOCAL  ] includegraphics media/office_obj_129.png
  [LOCAL  ] includegraphics media/office_obj_128.png
  [LOCAL  ] includegraphics media/office_obj_127.png
  [LOCAL  ] includegraphics media/office_obj_126.png
  [LOCAL  ] includegraphics media/office_obj_125.png
  [LOCAL  ] includegraphics media/office_obj_124.png
  [LOCAL  ] includegraphics media/office_obj_123.png
  [LOCAL  ] includegraphics media/office_obj_122.png
  [LOCAL  ] includegraphics media/office_obj_121.png
  [LOCAL  ] includegraphics media/office_obj_120.png
  [LOCAL  ] includegraphics media/office_obj_119.png
  [LOCAL  ] includegraphics media/office_obj_118.png
  [LOCAL  ] includegraphics media/office_obj_117.png
  [LOCAL  ] includegraphics media/office_obj_116.png
  [LOCAL  ] includegraphics media/office_obj_115.png
  [LOCAL  ] includegraphics media/office_obj_114.png
  [LOCAL  ] includegraphics media/office_obj_113.png
  [LOCAL  ] includegraphics media/office_obj_112.png
  [LOCAL  ] includegraphics media/office_obj_111.png
  [LOCAL  ] includegraphics media/office_obj_110.png
  [LOCAL  ] includegraphics media/office_obj_109.png
  [LOCAL  ] includegraphics media/office_obj_108.png
  [LOCAL  ] includegraphics media/office_obj_107.png
  [LOCAL  ] includegraphics media/office_obj_106.png
  [LOCAL  ] includegraphics media/office_obj_102.png
  [LOCAL  ] includegraphics media/office_obj_101.png
  [LOCAL  ] includegraphics media/office_obj_100.png
  [LOCAL  ] includegraphics media/office_obj_99.png
  [LOCAL  ] includegraphics media/office_obj_98.png
  [LOCAL  ] includegraphics media/office_obj_97.png
  [LOCAL  ] includegraphics media/office_obj_96.png
  [LOCAL  ] includegraphics media/office_obj_95.png
  [LOCAL  ] includegraphics media/office_obj_94.png
  [LOCAL  ] includegraphics media/office_obj_93.png
  [LOCAL  ] includegraphics media/office_obj_92.png
  [LOCAL  ] includegraphics media/office_obj_91.png
  [LOCAL  ] includegraphics media/office_obj_90.png
  [LOCAL  ] includegraphics media/office_obj_89.png
  [LOCAL  ] includegraphics media/office_obj_88.png
  [LOCAL  ] includegraphics media/office_obj_87.png
  [LOCAL  ] includegraphics media/office_obj_86.png
  [LOCAL  ] includegraphics media/office_obj_85.png
  [LOCAL  ] includegraphics media/office_obj_84.png
  [LOCAL  ] includegraphics media/office_obj_83.png
  [LOCAL  ] includegraphics media/office_obj_82.png
  [LOCAL  ] includegraphics media/office_obj_81.png
  [LOCAL  ] includegraphics media/office_obj_80.png
  [LOCAL  ] includegraphics media/office_obj_79.png
  [LOCAL  ] includegraphics media/office_obj_78.png
  [LOCAL  ] includegraphics media/office_obj_77.png
  [LOCAL  ] includegraphics media/office_obj_76.png
  [LOCAL  ] includegraphics media/office_obj_75.png
  [LOCAL  ] includegraphics media/office_obj_74.png
  [LOCAL  ] includegraphics media/office_obj_73.png
  [LOCAL  ] includegraphics media/office_obj_72.png
  [LOCAL  ] includegraphics media/office_obj_71.png
  [LOCAL  ] includegraphics media/office_obj_70.png
  [LOCAL  ] includegraphics media/office_obj_69.png
  [LOCAL  ] includegraphics media/office_obj_68.png
  [LOCAL  ] includegraphics media/office_obj_65.png
  [LOCAL  ] includegraphics media/office_obj_64.png
  [LOCAL  ] includegraphics media/office_obj_63.png
  [LOCAL  ] includegraphics media/office_obj_62.png
  [LOCAL  ] includegraphics media/office_obj_61.png
  [LOCAL  ] includegraphics media/office_obj_60.png
  [LOCAL  ] includegraphics media/office_obj_59.png
  [LOCAL  ] includegraphics media/office_obj_58.png
  [LOCAL  ] includegraphics media/office_obj_57.png
  [LOCAL  ] includegraphics media/office_obj_56.png
  [LOCAL  ] includegraphics media/office_obj_55.png
  [LOCAL  ] includegraphics media/office_obj_54.png
  [LOCAL  ] includegraphics media/office_obj_53.png
  [LOCAL  ] includegraphics media/office_obj_52.png
  [LOCAL  ] includegraphics media/office_obj_51.png
  [LOCAL  ] includegraphics media/office_obj_50.png
  [LOCAL  ] includegraphics media/office_obj_49.png
  [LOCAL  ] includegraphics media/office_obj_48.png
  [LOCAL  ] includegraphics media/office_obj_47.png
  [LOCAL  ] includegraphics media/office_obj_46.png
  [LOCAL  ] includegraphics media/office_obj_45.png
  [LOCAL  ] includegraphics media/office_obj_44.png
  [LOCAL  ] includegraphics media/office_obj_26.png
  [LOCAL  ] includegraphics media/office_obj_25.png
  [LOCAL  ] includegraphics media/office_obj_24.png
  [LOCAL  ] includegraphics media/office_obj_23.png
  [LOCAL  ] includegraphics media/office_obj_22.png
  [LOCAL  ] includegraphics media/office_obj_21.png
  [LOCAL  ] includegraphics media/office_obj_20.png
  [LOCAL  ] includegraphics media/office_obj_19.png
  [LOCAL  ] includegraphics media/office_obj_18.png
  [LOCAL  ] includegraphics media/office_obj_17.png
  [LOCAL  ] includegraphics media/office_obj_9.png
  [LOCAL  ] includegraphics media/office_obj_7.png
  [LOCAL  ] includegraphics media/office_obj_6.png
  [LOCAL  ] includegraphics media/office_obj_5.png
  [LOCAL  ] includegraphics media/office_obj_4.png
  [LOCAL  ] includegraphics media/office_obj_3.png
  [LOCAL  ] includegraphics media/office_obj_1.png
[2026-07-23 15:54:01,324] [ERROR] [latex_compiler.py:169]: Template is missing required local resource(s); aborting before pdflatex. Ensure the template package ships these files:
  - includegraphics -> media/image3.png
  - includegraphics -> media/image4.png
  - includegraphics -> media/image5.png
  - includegraphics -> media/image6.png
  - includegraphics -> media/image7.png
  - includegraphics -> media/image8.png
  - includegraphics -> media/image9.png
  - includegraphics -> media/image10.png
  - includegraphics -> media/image14.png
  - includegraphics -> media/image51.png
  - includegraphics -> media/image11.png
  - includegraphics -> media/image53.png
  - includegraphics -> media/image61.png
  - includegraphics -> media/image65.png
  - includegraphics -> media/image55.png
  - includegraphics -> media/image71.png
  - includegraphics -> media/image72.png
  - includegraphics -> media/image81.png
  - includegraphics -> media/image83.png
  - includegraphics -> media/image84.png
  - includegraphics -> media/image85.png
  - includegraphics -> media/image86.png
  - includegraphics -> media/image90.png
