[2026-07-23 15:28:56,946] [INFO] [graphics_extractor.py:15]: Starting advanced graphics extraction for job: 97355f4b-4574-4e35-bddd-72c65ba576a7
[2026-07-23 15:28:56,999] [INFO] [graphics_extractor.py:53]: Detected 10 drawings and 8 pict elements
[2026-07-23 15:28:57,007] [INFO] [graphics_extractor.py:158]: Advanced graphics extraction completed successfully. Report saved to G:\work\Journal2LaTeX\backend\temp\97355f4b-4574-4e35-bddd-72c65ba576a7\intermediate\graphics_report.json
[2026-07-23 15:28:57,111] [INFO] [graphics_extractor.py:283]: Detected 156 Office-native objects: ['shape', 'ole', 'ole', 'ole', 'ole', 'ole', 'ole', 'ole', 'ole', 'ole', 'ole', 'ole', 'ole', 'ole', 'ole', 'ole', 'ole', 'ole', 'ole', 'ole', 'ole', 'ole', 'ole', 'ole', 'ole', 'ole', 'ole', 'ole', 'ole', 'ole', 'ole', 'ole', 'ole', 'ole', 'ole', 'ole', 'ole', 'ole', 'ole', 'ole', 'ole', 'ole', 'ole', 'ole', 'ole', 'ole', 'ole', 'ole', 'ole', 'ole', 'ole', 'ole', 'ole', 'ole', 'ole', 'ole', 'ole', 'ole', 'ole', 'ole', 'ole', 'ole', 'ole', 'ole', 'ole', 'ole', 'ole', 'ole', 'ole', 'ole', 'ole', 'ole', 'ole', 'ole', 'ole', 'ole', 'ole', 'ole', 'ole', 'ole', 'ole', 'ole', 'ole', 'ole', 'ole', 'ole', 'ole', 'ole', 'ole', 'ole', 'ole', 'ole', 'ole', 'ole', 'ole', 'ole', 'ole', 'ole', 'ole', 'ole', 'ole', 'ole', 'shape', 'ole', 'ole', 'ole', 'ole', 'ole', 'ole', 'ole', 'ole', 'ole', 'ole', 'ole', 'ole', 'ole', 'ole', 'ole', 'ole', 'ole', 'ole', 'ole', 'ole', 'ole', 'ole', 'ole', 'ole', 'ole', 'ole', 'ole', 'ole', 'ole', 'ole', 'ole', 'ole', 'ole', 'ole', 'ole', 'ole', 'ole', 'ole', 'ole', 'ole', 'ole', 'ole', 'ole', 'ole', 'ole', 'ole', 'ole', 'ole', 'ole', 'ole', 'ole', 'ole', 'ole']
[2026-07-23 15:29:04,594] [INFO] [graphics_extractor.py:479]: LibreOffice unavailable; rendering 156 Office object(s) via Microsoft Word COM.
[2026-07-23 15:32:35,252] [WARNING] [graphics_extractor.py:523]: Word COM failed to render office_obj_27.docx: (-2147352567, 'Exception occurred.', (0, 'Microsoft Word', 'The file appears to be corrupted.', 'wdmain11.chm', 25272, -2146822496), None)
[2026-07-23 15:32:42,633] [WARNING] [graphics_extractor.py:523]: Word COM failed to render office_obj_28.docx: (-2147352567, 'Exception occurred.', (0, 'Microsoft Word', 'The file appears to be corrupted.', 'wdmain11.chm', 25272, -2146822496), None)
[2026-07-23 15:32:49,906] [WARNING] [graphics_extractor.py:523]: Word COM failed to render office_obj_29.docx: (-2147352567, 'Exception occurred.', (0, 'Microsoft Word', 'The file appears to be corrupted.', 'wdmain11.chm', 25272, -2146822496), None)
[2026-07-23 15:32:56,774] [WARNING] [graphics_extractor.py:523]: Word COM failed to render office_obj_30.docx: (-2147352567, 'Exception occurred.', (0, 'Microsoft Word', 'The file appears to be corrupted.', 'wdmain11.chm', 25272, -2146822496), None)
[2026-07-23 15:33:03,581] [WARNING] [graphics_extractor.py:523]: Word COM failed to render office_obj_31.docx: (-2147352567, 'Exception occurred.', (0, 'Microsoft Word', 'The file appears to be corrupted.', 'wdmain11.chm', 25272, -2146822496), None)
[2026-07-23 15:33:10,157] [WARNING] [graphics_extractor.py:523]: Word COM failed to render office_obj_32.docx: (-2147352567, 'Exception occurred.', (0, 'Microsoft Word', 'The file appears to be corrupted.', 'wdmain11.chm', 25272, -2146822496), None)
[2026-07-23 15:33:17,790] [WARNING] [graphics_extractor.py:523]: Word COM failed to render office_obj_33.docx: (-2147352567, 'Exception occurred.', (0, 'Microsoft Word', 'The file appears to be corrupted.', 'wdmain11.chm', 25272, -2146822496), None)
[2026-07-23 15:33:24,466] [WARNING] [graphics_extractor.py:523]: Word COM failed to render office_obj_34.docx: (-2147352567, 'Exception occurred.', (0, 'Microsoft Word', 'The file appears to be corrupted.', 'wdmain11.chm', 25272, -2146822496), None)
[2026-07-23 15:33:31,289] [WARNING] [graphics_extractor.py:523]: Word COM failed to render office_obj_35.docx: (-2147352567, 'Exception occurred.', (0, 'Microsoft Word', 'The file appears to be corrupted.', 'wdmain11.chm', 25272, -2146822496), None)
[2026-07-23 15:33:39,845] [WARNING] [graphics_extractor.py:523]: Word COM failed to render office_obj_36.docx: (-2147352567, 'Exception occurred.', (0, 'Microsoft Word', 'The file appears to be corrupted.', 'wdmain11.chm', 25272, -2146822496), None)
[2026-07-23 15:33:47,903] [WARNING] [graphics_extractor.py:523]: Word COM failed to render office_obj_37.docx: (-2147352567, 'Exception occurred.', (0, 'Microsoft Word', 'The file appears to be corrupted.', 'wdmain11.chm', 25272, -2146822496), None)
[2026-07-23 15:33:55,719] [WARNING] [graphics_extractor.py:523]: Word COM failed to render office_obj_38.docx: (-2147352567, 'Exception occurred.', (0, 'Microsoft Word', 'The file appears to be corrupted.', 'wdmain11.chm', 25272, -2146822496), None)
[2026-07-23 15:34:03,049] [WARNING] [graphics_extractor.py:523]: Word COM failed to render office_obj_39.docx: (-2147352567, 'Exception occurred.', (0, 'Microsoft Word', 'The file appears to be corrupted.', 'wdmain11.chm', 25272, -2146822496), None)
[2026-07-23 15:34:10,335] [WARNING] [graphics_extractor.py:523]: Word COM failed to render office_obj_40.docx: (-2147352567, 'Exception occurred.', (0, 'Microsoft Word', 'The file appears to be corrupted.', 'wdmain11.chm', 25272, -2146822496), None)
[2026-07-23 15:34:18,001] [WARNING] [graphics_extractor.py:523]: Word COM failed to render office_obj_41.docx: (-2147352567, 'Exception occurred.', (0, 'Microsoft Word', 'The file appears to be corrupted.', 'wdmain11.chm', 25272, -2146822496), None)
[2026-07-23 15:34:26,017] [WARNING] [graphics_extractor.py:523]: Word COM failed to render office_obj_42.docx: (-2147352567, 'Exception occurred.', (0, 'Microsoft Word', 'The file appears to be corrupted.', 'wdmain11.chm', 25272, -2146822496), None)
[2026-07-23 15:34:33,715] [WARNING] [graphics_extractor.py:523]: Word COM failed to render office_obj_43.docx: (-2147352567, 'Exception occurred.', (0, 'Microsoft Word', 'The file appears to be corrupted.', 'wdmain11.chm', 25272, -2146822496), None)
[2026-07-23 15:42:24,265] [WARNING] [graphics_extractor.py:523]: Word COM failed to render office_obj_103.docx: (-2147352567, 'Exception occurred.', (0, 'Microsoft Word', 'The file appears to be corrupted.', 'wdmain11.chm', 25272, -2146822496), None)
[2026-07-23 15:42:30,842] [WARNING] [graphics_extractor.py:523]: Word COM failed to render office_obj_104.docx: (-2147352567, 'Exception occurred.', (0, 'Microsoft Word', 'The file appears to be corrupted.', 'wdmain11.chm', 25272, -2146822496), None)
[2026-07-23 15:42:37,583] [WARNING] [graphics_extractor.py:523]: Word COM failed to render office_obj_105.docx: (-2147352567, 'Exception occurred.', (0, 'Microsoft Word', 'The file appears to be corrupted.', 'wdmain11.chm', 25272, -2146822496), None)
[2026-07-23 15:53:15,936] [WARNING] [graphics_extractor.py:486]: No Office backend could render: ['office_obj_27', 'office_obj_28', 'office_obj_29', 'office_obj_30', 'office_obj_31', 'office_obj_32', 'office_obj_33', 'office_obj_34', 'office_obj_35', 'office_obj_36', 'office_obj_37', 'office_obj_38', 'office_obj_39', 'office_obj_40', 'office_obj_41', 'office_obj_42', 'office_obj_43', 'office_obj_103', 'office_obj_104', 'office_obj_105'] (install LibreOffice or Microsoft Word).
[2026-07-23 15:53:23,899] [WARNING] [graphics_extractor.py:320]: Object 27 (ole) could not be rendered.
[2026-07-23 15:53:23,899] [WARNING] [graphics_extractor.py:320]: Object 28 (ole) could not be rendered.
[2026-07-23 15:53:23,899] [WARNING] [graphics_extractor.py:320]: Object 29 (ole) could not be rendered.
[2026-07-23 15:53:23,899] [WARNING] [graphics_extractor.py:320]: Object 30 (ole) could not be rendered.
[2026-07-23 15:53:23,899] [WARNING] [graphics_extractor.py:320]: Object 31 (ole) could not be rendered.
[2026-07-23 15:53:23,899] [WARNING] [graphics_extractor.py:320]: Object 32 (ole) could not be rendered.
[2026-07-23 15:53:23,899] [WARNING] [graphics_extractor.py:320]: Object 33 (ole) could not be rendered.
[2026-07-23 15:53:23,899] [WARNING] [graphics_extractor.py:320]: Object 34 (ole) could not be rendered.
[2026-07-23 15:53:23,899] [WARNING] [graphics_extractor.py:320]: Object 35 (ole) could not be rendered.
[2026-07-23 15:53:23,899] [WARNING] [graphics_extractor.py:320]: Object 36 (ole) could not be rendered.
[2026-07-23 15:53:23,899] [WARNING] [graphics_extractor.py:320]: Object 37 (ole) could not be rendered.
[2026-07-23 15:53:23,899] [WARNING] [graphics_extractor.py:320]: Object 38 (ole) could not be rendered.
[2026-07-23 15:53:23,899] [WARNING] [graphics_extractor.py:320]: Object 39 (ole) could not be rendered.
[2026-07-23 15:53:23,899] [WARNING] [graphics_extractor.py:320]: Object 40 (ole) could not be rendered.
[2026-07-23 15:53:23,899] [WARNING] [graphics_extractor.py:320]: Object 41 (ole) could not be rendered.
[2026-07-23 15:53:23,899] [WARNING] [graphics_extractor.py:320]: Object 42 (ole) could not be rendered.
[2026-07-23 15:53:23,899] [WARNING] [graphics_extractor.py:320]: Object 43 (ole) could not be rendered.
[2026-07-23 15:53:43,047] [WARNING] [graphics_extractor.py:320]: Object 103 (shape) could not be rendered.
[2026-07-23 15:53:43,047] [WARNING] [graphics_extractor.py:320]: Object 104 (ole) could not be rendered.
[2026-07-23 15:53:43,047] [WARNING] [graphics_extractor.py:320]: Object 105 (ole) could not be rendered.
[2026-07-23 15:53:58,692] [INFO] [graphics_extractor.py:322]: Office object extraction: 136/156 rendered.
