STDOUT:
Initial Win CP for (console input, console output, system): (CP437, CP65001, CP1252)
I changed them all to CP1252
Rc files read (in order):
  NONE
Latexmk: This is Latexmk, John Collins, 9 March 2026. Version 4.88.
No existing .aux file, so I'll make a simple one, and require run of *latex.
Force everything to be remade.
Latexmk: applying rule 'pdflatex'...
Rule 'pdflatex':  Reasons for rerun
Category 'other':
  Rerun of 'pdflatex' forced or previously required:
    Reason or flag: 'go_mode'

------------
Run number 1 of rule 'pdflatex'
------------
------------
Running 'pdflatex  -interaction=nonstopmode -file-line-error -recorder  "G:/work/Journal2LaTeX/backend/temp/604d8087-25d2-4382-b311-575294dae91f/rendered/main.tex"'
------------
This is pdfTeX, Version 3.141592653-2.6-1.40.29 (MiKTeX 26.5) (preloaded format=pdflatex.fmt)
 restricted \write18 enabled.
entering extended mode

(G:/work/Journal2LaTeX/backend/temp/604d8087-25d2-4382-b311-575294dae91f/render
ed/main.tex
LaTeX2e <2026-06-01>
L3 programming layer <2026-06-18>
(C:\Users\asus\AppData\Local\Programs\MiKTeX\tex/latex/xcolor\xcolor.sty
(C:\Users\asus\AppData\Local\Programs\MiKTeX\tex/latex/graphics-cfg\color.cfg)
(C:\Users\asus\AppData\Local\Programs\MiKTeX\tex/latex/graphics-def\pdftex.def)
 (C:\Users\asus\AppData\Local\Programs\MiKTeX\tex/latex/graphics\mathcolor.ltx)
) (C:\Users\asus\AppData\Local\Programs\MiKTeX\tex/latex/graphics\dvipsnam.def)
 (C:\Users\asus\AppData\Local\Programs\MiKTeX\tex/latex/xcolor\svgnam.def)
(C:\Users\asus\AppData\Local\Programs\MiKTeX\tex/latex/xcolor\x11nam.def)
(C:\Users\asus\AppData\Local\Programs\MiKTeX\tex/latex/colortbl\colortbl.sty
(C:\Users\asus\AppData\Local\Programs\MiKTeX\tex/latex/tools\array.sty)
new hooks used!!
) (NSP1.cls

LaTeX Warning: You have requested document class `NSP1',
               but the document class provides `NSP'.

Document Class: NSP 2012/01/01
(C:\Users\asus\AppData\Local\Programs\MiKTeX\tex/latex/base\fleqn.clo)
(C:\Users\asus\AppData\Local\Programs\MiKTeX\tex/latex/graphics\graphicx.sty
(C:\Users\asus\AppData\Local\Programs\MiKTeX\tex/latex/graphics\keyval.sty)
(C:\Users\asus\AppData\Local\Programs\MiKTeX\tex/latex/graphics\graphics.sty
(C:\Users\asus\AppData\Local\Programs\MiKTeX\tex/latex/graphics\trig.sty)
(C:\Users\asus\AppData\Local\Programs\MiKTeX\tex/latex/graphics-cfg\graphics.cf
g)))
(C:\Users\asus\AppData\Local\Programs\MiKTeX\tex/latex/lastpage\lastpage.sty
(C:\Users\asus\AppData\Local\Programs\MiKTeX\tex/latex/lastpage\lastpage2e.sty
(C:\Users\asus\AppData\Local\Programs\MiKTeX\tex/latex/lastpage\lastpagemodern.
sty) 
)) (C:\Users\asus\AppData\Local\Programs\MiKTeX\tex/latex/hyperref\hyperref.sty
(C:\Users\asus\AppData\Local\Programs\MiKTeX\tex/generic/iftex\iftex.sty)
(C:\Users\asus\AppData\Local\Programs\MiKTeX\tex/latex/kvsetkeys\kvsetkeys.sty)

(C:\Users\asus\AppData\Local\Programs\MiKTeX\tex/generic/kvdefinekeys\kvdefinek
eys.sty)
(C:\Users\asus\AppData\Local\Programs\MiKTeX\tex/generic/pdfescape\pdfescape.st
y (C:\Users\asus\AppData\Local\Programs\MiKTeX\tex/generic/ltxcmds\ltxcmds.sty)

(C:\Users\asus\AppData\Local\Programs\MiKTeX\tex/generic/pdftexcmds\pdftexcmds.
sty
(C:\Users\asus\AppData\Local\Programs\MiKTeX\tex/generic/infwarerr\infwarerr.st
y))) (C:\Users\asus\AppData\Local\Programs\MiKTeX\tex/latex/hycolor\hycolor.sty
) (C:\Users\asus\AppData\Local\Programs\MiKTeX\tex/latex/hyperref\nameref.sty
(C:\Users\asus\AppData\Local\Programs\MiKTeX\tex/latex/refcount\refcount.sty)
(C:\Users\asus\AppData\Local\Programs\MiKTeX\tex/generic/gettitlestring\gettitl
estring.sty
(C:\Users\asus\AppData\Local\Programs\MiKTeX\tex/latex/kvoptions\kvoptions.sty)
)) (C:\Users\asus\AppData\Local\Programs\MiKTeX\tex/latex/etoolbox\etoolbox.sty
)
(C:\Users\asus\AppData\Local\Programs\MiKTeX\tex/generic/stringenc\stringenc.st
y) (C:\Users\asus\AppData\Local\Programs\MiKTeX\tex/latex/hyperref\pd1enc.def)
(C:\Users\asus\AppData\Local\Programs\MiKTeX\tex/generic/intcalc\intcalc.sty)
(C:\Users\asus\AppData\Local\Programs\MiKTeX\tex/latex/hyperref\puenc.def)
(C:\Users\asus\AppData\Local\Programs\MiKTeX\tex/latex/url\url.sty)
(C:\Users\asus\AppData\Local\Programs\MiKTeX\tex/generic/bitset\bitset.sty
(C:\Users\asus\AppData\Local\Programs\MiKTeX\tex/generic/bigintcalc\bigintcalc.
sty))

Package hyperref Warning: Option `pdfpagelabels' is turned off
(hyperref)                because \thepage is undefined.

) (C:\Users\asus\AppData\Local\Programs\MiKTeX\tex/latex/hyperref\hpdftex.def
(C:\Users\asus\AppData\Local\Programs\MiKTeX\tex/latex/rerunfilecheck\rerunfile
check.sty
(C:\Users\asus\AppData\Local\Programs\MiKTeX\tex/generic/uniquecounter\uniqueco
unter.sty))))
(C:\Users\asus\AppData\Local\Programs\MiKTeX\tex/latex/floatflt\floatflt.sty)
(C:\Users\asus\AppData\Local\Programs\MiKTeX\tex/latex/psnfss\helvet.sty)
(C:\Users\asus\AppData\Local\Programs\MiKTeX\tex/latex/psnfss\times.sty)
(psfig.sty
psfig/tex 1.10-dvips
) (C:\Users\asus\AppData\Local\Programs\MiKTeX\tex/latex/psnfss\mathptmx.sty)
(C:\Users\asus\AppData\Local\Programs\MiKTeX\tex/latex/amsmath\amsmath.sty
For additional information on amsmath, use the `?' option.
(C:\Users\asus\AppData\Local\Programs\MiKTeX\tex/latex/amsmath\amstext.sty
(C:\Users\asus\AppData\Local\Programs\MiKTeX\tex/latex/amsmath\amsgen.sty))
(C:\Users\asus\AppData\Local\Programs\MiKTeX\tex/latex/amsmath\amsbsy.sty)
(C:\Users\asus\AppData\Local\Programs\MiKTeX\tex/latex/amsmath\amsopn.sty))
(C:\Users\asus\AppData\Local\Programs\MiKTeX\tex/latex/amsfonts\amssymb.sty
(C:\Users\asus\AppData\Local\Programs\MiKTeX\tex/latex/amsfonts\amsfonts.sty))
(C:\Users\asus\AppData\Local\Programs\MiKTeX\tex/latex/tools\bm.sty)
(C:\Users\asus\AppData\Local\Programs\MiKTeX\tex/latex/float\float.sty)
(C:\Users\asus\AppData\Local\Programs\MiKTeX\tex/latex/caption\caption.sty
(C:\Users\asus\AppData\Local\Programs\MiKTeX\tex/latex/caption\caption3.sty)

Package caption Warning: Unknown document class (or package),
(caption)                standard defaults will be used.
See the caption package documentation for explanation.

) (C:\Users\asus\AppData\Local\Programs\MiKTeX\tex/latex/sttools\cuted.sty)
(C:\Users\asus\AppData\Local\Programs\MiKTeX\tex/latex/newunicodechar\newunicod
echar.sty)
(C:\Users\asus\AppData\Local\Programs\MiKTeX\tex/latex/type1cm\type1cm.sty)
(C:\Users\asus\AppData\Local\Programs\MiKTeX\tex/latex/base\fix-cm.sty
(C:\Users\asus\AppData\Local\Programs\MiKTeX\tex/latex/base\ts1enc.def))
(C:\Users\asus\AppData\Local\Programs\MiKTeX\tex/latex/psnfss\ot1ptm.fd)
(C:\Users\asus\AppData\Local\Programs\MiKTeX\tex/latex/l3backend\l3backend-pdft
ex.def) (main.aux)
(C:\Users\asus\AppData\Local\Programs\MiKTeX\tex/context/base/mkii\supp-pdf.mki
i
[Loading MPS to PDF converter (version 2006.09.02).]
)
(C:\Users\asus\AppData\Local\Programs\MiKTeX\tex/latex/epstopdf-pkg\epstopdf-ba
se.sty
(C:\Users\asus\AppData\Local\Programs\MiKTeX\tex/latex/00miktex\epstopdf-sys.cf
g)) (C:\Users\asus\AppData\Local\Programs\MiKTeX\tex/latex/psnfss\ot1ztmcm.fd)
(C:\Users\asus\AppData\Local\Programs\MiKTeX\tex/latex/psnfss\omlztmcm.fd)
(C:\Users\asus\AppData\Local\Programs\MiKTeX\tex/latex/psnfss\omsztmcm.fd)
(C:\Users\asus\AppData\Local\Programs\MiKTeX\tex/latex/psnfss\omxztmcm.fd)

Package mathptmx Warning: There are no bold math fonts on input line 178.

(C:\Users\asus\AppData\Local\Programs\MiKTeX\tex/latex/psnfss\ot1phv.fd)

LaTeX Warning: Citation `ref10' on page 1 undefined on input line 182.


Underfull \vbox (badness 2073) has occurred while \output is active
Underfull \vbox (badness 10000) has occurred while \output is active

LaTeX Warning: Reference `LastPage' on page 1 undefined on input line 205.

(C:\Users\asus\AppData\Local\Programs\MiKTeX\tex/latex/psnfss\ts1ptm.fd)
[1{C:/Users/asus/AppData/Local/MiKTeX/fonts/map/pdftex/pdftex.map}{C:/Users/asu
s/AppData/Local/Programs/MiKTeX/fonts/enc/dvips/base/8r.enc} <./logo7pt-eps-con
verted-to.pdf>]

G:/work/Journal2LaTeX/backend/temp/604d8087-25d2-4382-b311-575294dae91f/rendere
d/main.tex:215: LaTeX Error: Unicode character ξ (U+03BE)
               not set up for use with LaTeX.

See the LaTeX manual or LaTeX Companion for explanation.
Type  H <return>  for immediate help.
 ...                                              
                                                  
l.215 ξ
         – Natural exit rate.
G:/work/Journal2LaTeX/backend/temp/604d8087-25d2-4382-b311-575294dae91f/rendere
d/main.tex:245: Missing $ inserted.
<inserted text> 
                $
l.245 
      
G:/work/Journal2LaTeX/backend/temp/604d8087-25d2-4382-b311-575294dae91f/rendere
d/main.tex:245: Display math should end with $$.
<to be read again> 
                   \tex_par:D 
l.245 
      

Overfull \hbox (103.59285pt too wide) detected at line 245
[][][]\OML/ztmcm/m/it/10.50003 CD[] N\OT1/ztmcm/m/n/10.50003 (\OML/ztmcm/m/it/1
0.50003 t\OT1/ztmcm/m/n/10.50003 ) = \OML/ztmcm/m/it/10.50003 CD[] S\OT1/ztmcm/
m/n/10.50003 (\OML/ztmcm/m/it/10.50003 t\OT1/ztmcm/m/n/10.50003 ) + \OML/ztmcm/
m/it/10.50003 CD[] E\OT1/ztmcm/m/n/10.50003 (\OML/ztmcm/m/it/10.50003 t\OT1/ztm
cm/m/n/10.50003 ) + \OML/ztmcm/m/it/10.50003 CD[] I\OT1/ztmcm/m/n/10.50003 (\OM
L/ztmcm/m/it/10.50003 t\OT1/ztmcm/m/n/10.50003 ) + \OML/ztmcm/m/it/10.50003 CD[
]T\OT1/ztmcm/m/n/10.50003 (\OML/ztmcm/m/it/10.50003 t\OT1/ztmcm/m/n/10.50003 ) 
+ \OML/ztmcm/m/it/10.50003 CD[]R\OT1/ztmcm/m/n/10.50003 (\OML/ztmcm/m/it/10.500
03 t\OT1/ztmcm/m/n/10.50003 ) + \OML/ztmcm/m/it/10.50003 CD[]L\OT1/ztmcm/m/n/10
.50003 (\OML/ztmcm/m/it/10.50003 t\OT1/ztmcm/m/n/10.50003 )

G:/work/Journal2LaTeX/backend/temp/604d8087-25d2-4382-b311-575294dae91f/rendere
d/main.tex:246: LaTeX Error: Bad math environment delimiter.

See the LaTeX manual or LaTeX Companion for explanation.
Type  H <return>  for immediate help.
 ...                                              
                                                  
l.246 \end{equation}
                    
G:/work/Journal2LaTeX/backend/temp/604d8087-25d2-4382-b311-575294dae91f/rendere
d/main.tex:246: You can't use `\eqno' in vertical mode.
\veqno ->\@kernel@eqno 
                       \aftergroup \ignorespaces 
l.246 \end{equation}
                    
G:/work/Journal2LaTeX/backend/temp/604d8087-25d2-4382-b311-575294dae91f/rendere
d/main.tex:246: Missing $ inserted.
<inserted text> 
                $
l.246 \end{equation}
                    
G:/work/Journal2LaTeX/backend/temp/604d8087-25d2-4382-b311-575294dae91f/rendere
d/main.tex:246: Display math should end with $$.
<to be read again> 
                   \endgroup 
l.246 \end{equation}
                    
(C:\Users\asus\AppData\Local\Programs\MiKTeX\tex/latex/psnfss\omlptm.fd)
Overfull \hbox (75.04436pt too wide) in paragraph at lines 280--281
[]$

Overfull \hbox (61.73677pt too wide) in paragraph at lines 284--285
[]$\OT1/ptm/m/n/10.50003 and

Overfull \hbox (251.4785pt too wide) has occurred while \output is active
[][] 
[2 <./media/image1.png>]
G:/work/Journal2LaTeX/backend/temp/604d8087-25d2-4382-b311-575294dae91f/rendere
d/main.tex:337: Missing $ inserted.
<inserted text> 
                $
l.337 
      
G:/work/Journal2LaTeX/backend/temp/604d8087-25d2-4382-b311-575294dae91f/rendere
d/main.tex:337: Display math should end with $$.
<to be read again> 
                   \tex_par:D 
l.337 
      

G:/work/Journal2LaTeX/backend/temp/604d8087-25d2-4382-b311-575294dae91f/rendere
d/main.tex:338: LaTeX Error: Bad math environment delimiter.

See the LaTeX manual or LaTeX Companion for explanation.
Type  H <return>  for immediate help.
 ...                                              
                                                  
l.338 \end{equation}
                    
G:/work/Journal2LaTeX/backend/temp/604d8087-25d2-4382-b311-575294dae91f/rendere
d/main.tex:338: You can't use `\eqno' in vertical mode.
\veqno ->\@kernel@eqno 
                       \aftergroup \ignorespaces 
l.338 \end{equation}
                    
G:/work/Journal2LaTeX/backend/temp/604d8087-25d2-4382-b311-575294dae91f/rendere
d/main.tex:338: Missing $ inserted.
<inserted text> 
                $
l.338 \end{equation}
                    
G:/work/Journal2LaTeX/backend/temp/604d8087-25d2-4382-b311-575294dae91f/rendere
d/main.tex:338: Display math should end with $$.
<to be read again> 
                   \endgroup 
l.338 \end{equation}
                    
G:/work/Journal2LaTeX/backend/temp/604d8087-25d2-4382-b311-575294dae91f/rendere
d/main.tex:344: Missing $ inserted.
<inserted text> 
                $
l.344 
      
G:/work/Journal2LaTeX/backend/temp/604d8087-25d2-4382-b311-575294dae91f/rendere
d/main.tex:344: Display math should end with $$.
<to be read again> 
                   \tex_par:D 
l.344 
      

G:/work/Journal2LaTeX/backend/temp/604d8087-25d2-4382-b311-575294dae91f/rendere
d/main.tex:345: LaTeX Error: Bad math environment delimiter.

See the LaTeX manual or LaTeX Companion for explanation.
Type  H <return>  for immediate help.
 ...                                              
                                                  
l.345 \end{equation}
                    
G:/work/Journal2LaTeX/backend/temp/604d8087-25d2-4382-b311-575294dae91f/rendere
d/main.tex:345: You can't use `\eqno' in vertical mode.
\veqno ->\@kernel@eqno 
                       \aftergroup \ignorespaces 
l.345 \end{equation}
                    
G:/work/Journal2LaTeX/backend/temp/604d8087-25d2-4382-b311-575294dae91f/rendere
d/main.tex:345: Missing $ inserted.
<inserted text> 
                $
l.345 \end{equation}
                    
G:/work/Journal2LaTeX/backend/temp/604d8087-25d2-4382-b311-575294dae91f/rendere
d/main.tex:345: Display math should end with $$.
<to be read again> 
                   \endgroup 
l.345 \end{equation}
                    
G:/work/Journal2LaTeX/backend/temp/604d8087-25d2-4382-b311-575294dae91f/rendere
d/main.tex:349: Missing $ inserted.
<inserted text> 
                $
l.349 
      
G:/work/Journal2LaTeX/backend/temp/604d8087-25d2-4382-b311-575294dae91f/rendere
d/main.tex:349: Display math should end with $$.
<to be read again> 
                   \tex_par:D 
l.349 
      

G:/work/Journal2LaTeX/backend/temp/604d8087-25d2-4382-b311-575294dae91f/rendere
d/main.tex:350: LaTeX Error: Bad math environment delimiter.

See the LaTeX manual or LaTeX Companion for explanation.
Type  H <return>  for immediate help.
 ...                                              
                                                  
l.350 \end{equation}
                    
G:/work/Journal2LaTeX/backend/temp/604d8087-25d2-4382-b311-575294dae91f/rendere
d/main.tex:350: You can't use `\eqno' in vertical mode.
\veqno ->\@kernel@eqno 
                       \aftergroup \ignorespaces 
l.350 \end{equation}
                    
G:/work/Journal2LaTeX/backend/temp/604d8087-25d2-4382-b311-575294dae91f/rendere
d/main.tex:350: Missing $ inserted.
<inserted text> 
                $
l.350 \end{equation}
                    
G:/work/Journal2LaTeX/backend/temp/604d8087-25d2-4382-b311-575294dae91f/rendere
d/main.tex:350: Display math should end with $$.
<to be read again> 
                   \endgroup 
l.350 \end{equation}
                    
G:/work/Journal2LaTeX/backend/temp/604d8087-25d2-4382-b311-575294dae91f/rendere
d/main.tex:354: Missing $ inserted.
<inserted text> 
                $
l.354 
      
G:/work/Journal2LaTeX/backend/temp/604d8087-25d2-4382-b311-575294dae91f/rendere
d/main.tex:354: Display math should end with $$.
<to be read again> 
                   \tex_par:D 
l.354 
      

G:/work/Journal2LaTeX/backend/temp/604d8087-25d2-4382-b311-575294dae91f/rendere
d/main.tex:355: LaTeX Error: Bad math environment delimiter.

See the LaTeX manual or LaTeX Companion for explanation.
Type  H <return>  for immediate help.
 ...                                              
                                                  
l.355 \end{equation}
                    
G:/work/Journal2LaTeX/backend/temp/604d8087-25d2-4382-b311-575294dae91f/rendere
d/main.tex:355: You can't use `\eqno' in vertical mode.
\veqno ->\@kernel@eqno 
                       \aftergroup \ignorespaces 
l.355 \end{equation}
                    
G:/work/Journal2LaTeX/backend/temp/604d8087-25d2-4382-b311-575294dae91f/rendere
d/main.tex:355: Missing $ inserted.
<inserted text> 
                $
l.355 \end{equation}
                    
G:/work/Journal2LaTeX/backend/temp/604d8087-25d2-4382-b311-575294dae91f/rendere
d/main.tex:355: Display math should end with $$.
<to be read again> 
                   \endgroup 
l.355 \end{equation}
                    

LaTeX Warning: Reference `LastPage' on page 3 undefined on input line 376.

[3 <./media/office_obj_1.png (PNG copy)> <./media/image7.png>]
Overfull \hbox (282.35678pt too wide) in paragraph at lines 386--387
[]$
G:/work/Journal2LaTeX/backend/temp/604d8087-25d2-4382-b311-575294dae91f/rendere
d/main.tex:392: Missing $ inserted.
<inserted text> 
                $
l.392 
      
G:/work/Journal2LaTeX/backend/temp/604d8087-25d2-4382-b311-575294dae91f/rendere
d/main.tex:392: Display math should end with $$.
<to be read again> 
                   \tex_par:D 
l.392 
      

G:/work/Journal2LaTeX/backend/temp/604d8087-25d2-4382-b311-575294dae91f/rendere
d/main.tex:393: LaTeX Error: Bad math environment delimiter.

See the LaTeX manual or LaTeX Companion for explanation.
Type  H <return>  for immediate help.
 ...                                              
                                                  
l.393 \end{equation}
                    
G:/work/Journal2LaTeX/backend/temp/604d8087-25d2-4382-b311-575294dae91f/rendere
d/main.tex:393: You can't use `\eqno' in vertical mode.
\veqno ->\@kernel@eqno 
                       \aftergroup \ignorespaces 
l.393 \end{equation}
                    
G:/work/Journal2LaTeX/backend/temp/604d8087-25d2-4382-b311-575294dae91f/rendere
d/main.tex:393: Missing $ inserted.
<inserted text> 
                $
l.393 \end{equation}
                    
G:/work/Journal2LaTeX/backend/temp/604d8087-25d2-4382-b311-575294dae91f/rendere
d/main.tex:393: Display math should end with $$.
<to be read again> 
                   \endgroup 
l.393 \end{equation}
                    
G:/work/Journal2LaTeX/backend/temp/604d8087-25d2-4382-b311-575294dae91f/rendere
d/main.tex:397: Missing $ inserted.
<inserted text> 
                $
l.397 
      
G:/work/Journal2LaTeX/backend/temp/604d8087-25d2-4382-b311-575294dae91f/rendere
d/main.tex:397: Display math should end with $$.
<to be read again> 
                   \tex_par:D 
l.397 
      

G:/work/Journal2LaTeX/backend/temp/604d8087-25d2-4382-b311-575294dae91f/rendere
d/main.tex:398: LaTeX Error: Bad math environment delimiter.

See the LaTeX manual or LaTeX Companion for explanation.
Type  H <return>  for immediate help.
 ...                                              
                                                  
l.398 \end{equation}
                    
G:/work/Journal2LaTeX/backend/temp/604d8087-25d2-4382-b311-575294dae91f/rendere
d/main.tex:398: You can't use `\eqno' in vertical mode.
\veqno ->\@kernel@eqno 
                       \aftergroup \ignorespaces 
l.398 \end{equation}
                    
G:/work/Journal2LaTeX/backend/temp/604d8087-25d2-4382-b311-575294dae91f/rendere
d/main.tex:398: Missing $ inserted.
<inserted text> 
                $
l.398 \end{equation}
                    
G:/work/Journal2LaTeX/backend/temp/604d8087-25d2-4382-b311-575294dae91f/rendere
d/main.tex:398: Display math should end with $$.
<to be read again> 
                   \endgroup 
l.398 \end{equation}
                    
G:/work/Journal2LaTeX/backend/temp/604d8087-25d2-4382-b311-575294dae91f/rendere
d/main.tex:408: Missing $ inserted.
<inserted text> 
                $
l.408 
      
G:/work/Journal2LaTeX/backend/temp/604d8087-25d2-4382-b311-575294dae91f/rendere
d/main.tex:408: Display math should end with $$.
<to be read again> 
                   \tex_par:D 
l.408 
      

Overfull \hbox (54.39432pt too wide) detected at line 408
[][][][][] \OT1/ztmcm/m/n/10.50003 = [] []\OML/ztmcm/m/it/10.50003 c[]c[]c[] \O
T1/ztmcm/m/n/10.50003 + [][] + \OML/ztmcm/m/it/10.50003 c[]\OT1/ztmcm/m/n/10.50
003 ) [] []\OML/ztmcm/m/it/10.50003 c[]c[] \OT1/ztmcm/m/n/10.50003 + (\OML/ztmc
m/m/it/10.50003 c[]c[] \OMS/ztmcm/m/n/10.50003 ^^@ \OML/ztmcm/m/it/10.50003 b^^
L\OT1/ztmcm/m/n/10.50003 ) [] []\OML/ztmcm/m/it/10.50003 c[]

G:/work/Journal2LaTeX/backend/temp/604d8087-25d2-4382-b311-575294dae91f/rendere
d/main.tex:409: LaTeX Error: Bad math environment delimiter.

See the LaTeX manual or LaTeX Companion for explanation.
Type  H <return>  for immediate help.
 ...                                              
                                                  
l.409 \end{equation}
                    
G:/work/Journal2LaTeX/backend/temp/604d8087-25d2-4382-b311-575294dae91f/rendere
d/main.tex:409: You can't use `\eqno' in vertical mode.
\veqno ->\@kernel@eqno 
                       \aftergroup \ignorespaces 
l.409 \end{equation}
                    
G:/work/Journal2LaTeX/backend/temp/604d8087-25d2-4382-b311-575294dae91f/rendere
d/main.tex:409: Missing $ inserted.
<inserted text> 
                $
l.409 \end{equation}
                    
G:/work/Journal2LaTeX/backend/temp/604d8087-25d2-4382-b311-575294dae91f/rendere
d/main.tex:409: Display math should end with $$.
<to be read again> 
                   \endgroup 
l.409 \end{equation}
                    
G:/work/Journal2LaTeX/backend/temp/604d8087-25d2-4382-b311-575294dae91f/rendere
d/main.tex:415: Missing $ inserted.
<inserted text> 
                $
l.415 
      
G:/work/Journal2LaTeX/backend/temp/604d8087-25d2-4382-b311-575294dae91f/rendere
d/main.tex:415: Display math should end with $$.
<to be read again> 
                   \tex_par:D 
l.415 
      

Overfull \hbox (3.71684pt too wide) detected at line 415
[][][][][] \OT1/ztmcm/m/n/10.50003 = [] []\OML/ztmcm/m/it/10.50003 c[]c[]c[]c[]
 \OT1/ztmcm/m/n/10.50003 + [][] + \OML/ztmcm/m/it/10.50003 c[]\OT1/ztmcm/m/n/10
.50003 ) [] []\OML/ztmcm/m/it/10.50003 c[]c[]c[]

G:/work/Journal2LaTeX/backend/temp/604d8087-25d2-4382-b311-575294dae91f/rendere
d/main.tex:416: LaTeX Error: Bad math environment delimiter.

See the LaTeX manual or LaTeX Companion for explanation.
Type  H <return>  for immediate help.
 ...                                              
                                                  
l.416 \end{equation}
                    
G:/work/Journal2LaTeX/backend/temp/604d8087-25d2-4382-b311-575294dae91f/rendere
d/main.tex:416: You can't use `\eqno' in vertical mode.
\veqno ->\@kernel@eqno 
                       \aftergroup \ignorespaces 
l.416 \end{equation}
                    
G:/work/Journal2LaTeX/backend/temp/604d8087-25d2-4382-b311-575294dae91f/rendere
d/main.tex:416: Missing $ inserted.
<inserted text> 
                $
l.416 \end{equation}
                    
G:/work/Journal2LaTeX/backend/temp/604d8087-25d2-4382-b311-575294dae91f/rendere
d/main.tex:416: Display math should end with $$.
<to be read again> 
                   \endgroup 
l.416 \end{equation}
                    
G:/work/Journal2LaTeX/backend/temp/604d8087-25d2-4382-b311-575294dae91f/rendere
d/main.tex:446: Missing $ inserted.
<inserted text> 
                $
l.446 
      
G:/work/Journal2LaTeX/backend/temp/604d8087-25d2-4382-b311-575294dae91f/rendere
d/main.tex:446: Display math should end with $$.
<to be read again> 
                   \tex_par:D 
l.446 
      

Overfull \hbox (766.72427pt too wide) detected at line 446
[][][]\OML/ztmcm/m/it/10.50003 V[] \OT1/ztmcm/m/n/10.50003 = \OML/ztmcm/m/it/10
.50003 x[] [] [] \OT1/ztmcm/m/n/10.50003 + \OML/ztmcm/m/it/10.50003 x[] [] [] \
OT1/ztmcm/m/n/10.50003 + \OML/ztmcm/m/it/10.50003 x[] [] [] \OT1/ztmcm/m/n/10.5
0003 + \OML/ztmcm/m/it/10.50003 x[] [] \OT1/ztmcm/m/n/10.50003 + \OML/ztmcm/m/i
t/10.50003 x[] [] \OT1/ztmcm/m/n/10.50003 (\OML/ztmcm/m/it/10.50003 ^^NT \OMS/z
tmcm/m/n/10.50003 ^^@ \OML/ztmcm/m/it/10.50003 ^^X R \OMS/ztmcm/m/n/10.50003 ^^
@ \OML/ztmcm/m/it/10.50003 ^^ZR\OT1/ztmcm/m/n/10.50003 ) + \OML/ztmcm/m/it/10.5
0003 x[] [] \OT1/ztmcm/m/n/10.50003 (\OML/ztmcm/m/it/10.50003 ^^ZR \OMS/ztmcm/m
/n/10.50003 ^^@ \OML/ztmcm/m/it/10.50003 ^^X L \OMS/ztmcm/m/n/10.50003 ^^@ \OML
/ztmcm/m/it/10.50003 ^^[ L \OMS/ztmcm/m/n/10.50003 ^^@ \OML/ztmcm/m/it/10.50003
 ^^\ E\OT1/ztmcm/m/n/10.50003 )\OML/ztmcm/m/it/10.50003 :

G:/work/Journal2LaTeX/backend/temp/604d8087-25d2-4382-b311-575294dae91f/rendere
d/main.tex:447: LaTeX Error: Bad math environment delimiter.

See the LaTeX manual or LaTeX Companion for explanation.
Type  H <return>  for immediate help.
 ...                                              
                                                  
l.447 \end{equation}
                    
G:/work/Journal2LaTeX/backend/temp/604d8087-25d2-4382-b311-575294dae91f/rendere
d/main.tex:447: You can't use `\eqno' in vertical mode.
\veqno ->\@kernel@eqno 
                       \aftergroup \ignorespaces 
l.447 \end{equation}
                    
G:/work/Journal2LaTeX/backend/temp/604d8087-25d2-4382-b311-575294dae91f/rendere
d/main.tex:447: Missing $ inserted.
<inserted text> 
                $
l.447 \end{equation}
                    
G:/work/Journal2LaTeX/backend/temp/604d8087-25d2-4382-b311-575294dae91f/rendere
d/main.tex:447: Display math should end with $$.
<to be read again> 
                   \endgroup 
l.447 \end{equation}
                    
G:/work/Journal2LaTeX/backend/temp/604d8087-25d2-4382-b311-575294dae91f/rendere
d/main.tex:451: Missing $ inserted.
<inserted text> 
                $
l.451 
      
G:/work/Journal2LaTeX/backend/temp/604d8087-25d2-4382-b311-575294dae91f/rendere
d/main.tex:451: Display math should end with $$.
<to be read again> 
                   \tex_par:D 
l.451 
      

Overfull \hbox (716.03717pt too wide) detected at line 451
[][][]\OML/ztmcm/m/it/10.50003 V[] \OT1/ztmcm/m/n/10.50003 = \OML/ztmcm/m/it/10
.50003 x[] [] [] \OT1/ztmcm/m/n/10.50003 + \OML/ztmcm/m/it/10.50003 x[] [] [] \
OT1/ztmcm/m/n/10.50003 + \OML/ztmcm/m/it/10.50003 x[] [] [] \OT1/ztmcm/m/n/10.5
0003 + \OML/ztmcm/m/it/10.50003 x[] [] \OT1/ztmcm/m/n/10.50003 + \OML/ztmcm/m/i
t/10.50003 x[] [] \OT1/ztmcm/m/n/10.50003 (\OML/ztmcm/m/it/10.50003 ^^NT \OMS/z
tmcm/m/n/10.50003 ^^@ \OML/ztmcm/m/it/10.50003 ^^X R \OMS/ztmcm/m/n/10.50003 ^^
@ \OML/ztmcm/m/it/10.50003 ^^ZR\OT1/ztmcm/m/n/10.50003 ) + \OML/ztmcm/m/it/10.5
0003 x[] [] \OT1/ztmcm/m/n/10.50003 (\OML/ztmcm/m/it/10.50003 ^^ZR \OMS/ztmcm/m
/n/10.50003 ^^@ \OML/ztmcm/m/it/10.50003 ^^X L \OMS/ztmcm/m/n/10.50003 ^^@ \OML
/ztmcm/m/it/10.50003 ^^[ L \OMS/ztmcm/m/n/10.50003 ^^@ \OML/ztmcm/m/it/10.50003
 ^^\ E\OT1/ztmcm/m/n/10.50003 )

G:/work/Journal2LaTeX/backend/temp/604d8087-25d2-4382-b311-575294dae91f/rendere
d/main.tex:452: LaTeX Error: Bad math environment delimiter.

See the LaTeX manual or LaTeX Companion for explanation.
Type  H <return>  for immediate help.
 ...                                              
                                                  
l.452 \end{equation}
                    
G:/work/Journal2LaTeX/backend/temp/604d8087-25d2-4382-b311-575294dae91f/rendere
d/main.tex:452: You can't use `\eqno' in vertical mode.
\veqno ->\@kernel@eqno 
                       \aftergroup \ignorespaces 
l.452 \end{equation}
                    
G:/work/Journal2LaTeX/backend/temp/604d8087-25d2-4382-b311-575294dae91f/rendere
d/main.tex:452: Missing $ inserted.
<inserted text> 
                $
l.452 \end{equation}
                    
G:/work/Journal2LaTeX/backend/temp/604d8087-25d2-4382-b311-575294dae91f/rendere
d/main.tex:452: Display math should end with $$.
<to be read again> 
                   \endgroup 
l.452 \end{equation}
                    
G:/work/Journal2LaTeX/backend/temp/604d8087-25d2-4382-b311-575294dae91f/rendere
d/main.tex:456: Missing $ inserted.
<inserted text> 
                $
l.456 
      
G:/work/Journal2LaTeX/backend/temp/604d8087-25d2-4382-b311-575294dae91f/rendere
d/main.tex:456: Display math should end with $$.
<to be read again> 
                   \tex_par:D 
l.456 
      

Overfull \hbox (716.03717pt too wide) detected at line 456
[][][]\OML/ztmcm/m/it/10.50003 V[] \OT1/ztmcm/m/n/10.50003 = \OML/ztmcm/m/it/10
.50003 x[] [] [] \OT1/ztmcm/m/n/10.50003 + \OML/ztmcm/m/it/10.50003 x[] [] [] \
OT1/ztmcm/m/n/10.50003 + \OML/ztmcm/m/it/10.50003 x[] [] [] \OT1/ztmcm/m/n/10.5
0003 + \OML/ztmcm/m/it/10.50003 x[] [] \OT1/ztmcm/m/n/10.50003 + \OML/ztmcm/m/i
t/10.50003 x[] [] \OT1/ztmcm/m/n/10.50003 (\OML/ztmcm/m/it/10.50003 ^^NT \OMS/z
tmcm/m/n/10.50003 ^^@ \OML/ztmcm/m/it/10.50003 ^^X R \OMS/ztmcm/m/n/10.50003 ^^
@ \OML/ztmcm/m/it/10.50003 ^^ZR\OT1/ztmcm/m/n/10.50003 ) + \OML/ztmcm/m/it/10.5
0003 x[] [] \OT1/ztmcm/m/n/10.50003 (\OML/ztmcm/m/it/10.50003 ^^ZR \OMS/ztmcm/m
/n/10.50003 ^^@ \OML/ztmcm/m/it/10.50003 ^^X L \OMS/ztmcm/m/n/10.50003 ^^@ \OML
/ztmcm/m/it/10.50003 ^^[ L \OMS/ztmcm/m/n/10.50003 ^^@ \OML/ztmcm/m/it/10.50003
 ^^\ E\OT1/ztmcm/m/n/10.50003 )

G:/work/Journal2LaTeX/backend/temp/604d8087-25d2-4382-b311-575294dae91f/rendere
d/main.tex:457: LaTeX Error: Bad math environment delimiter.

See the LaTeX manual or LaTeX Companion for explanation.
Type  H <return>  for immediate help.
 ...                                              
                                                  
l.457 \end{equation}
                    
G:/work/Journal2LaTeX/backend/temp/604d8087-25d2-4382-b311-575294dae91f/rendere
d/main.tex:457: You can't use `\eqno' in vertical mode.
\veqno ->\@kernel@eqno 
                       \aftergroup \ignorespaces 
l.457 \end{equation}
                    
G:/work/Journal2LaTeX/backend/temp/604d8087-25d2-4382-b311-575294dae91f/rendere
d/main.tex:457: Missing $ inserted.
<inserted text> 
                $
l.457 \end{equation}
                    
G:/work/Journal2LaTeX/backend/temp/604d8087-25d2-4382-b311-575294dae91f/rendere
d/main.tex:457: Display math should end with $$.
<to be read again> 
                   \endgroup 
l.457 \end{equation}
                    

Overfull \hbox (251.4785pt too wide) has occurred while \output is active
[][] 
[4]
G:/work/Journal2LaTeX/backend/temp/604d8087-25d2-4382-b311-575294dae91f/rendere
d/main.tex:492: Missing $ inserted.
<inserted text> 
                $
l.492 
      
G:/work/Journal2LaTeX/backend/temp/604d8087-25d2-4382-b311-575294dae91f/rendere
d/main.tex:492: Display math should end with $$.
<to be read again> 
                   \tex_par:D 
l.492 
      

G:/work/Journal2LaTeX/backend/temp/604d8087-25d2-4382-b311-575294dae91f/rendere
d/main.tex:493: LaTeX Error: Bad math environment delimiter.

See the LaTeX manual or LaTeX Companion for explanation.
Type  H <return>  for immediate help.
 ...                                              
                                                  
l.493 \end{equation}
                    
G:/work/Journal2LaTeX/backend/temp/604d8087-25d2-4382-b311-575294dae91f/rendere
d/main.tex:493: You can't use `\eqno' in vertical mode.
\veqno ->\@kernel@eqno 
                       \aftergroup \ignorespaces 
l.493 \end{equation}
                    
G:/work/Journal2LaTeX/backend/temp/604d8087-25d2-4382-b311-575294dae91f/rendere
d/main.tex:493: Missing $ inserted.
<inserted text> 
                $
l.493 \end{equation}
                    
G:/work/Journal2LaTeX/backend/temp/604d8087-25d2-4382-b311-575294dae91f/rendere
d/main.tex:493: Display math should end with $$.
<to be read again> 
                   \endgroup 
l.493 \end{equation}
                    
G:/work/Journal2LaTeX/backend/temp/604d8087-25d2-4382-b311-575294dae91f/rendere
d/main.tex:497: Missing $ inserted.
<inserted text> 
                $
l.497 
      
G:/work/Journal2LaTeX/backend/temp/604d8087-25d2-4382-b311-575294dae91f/rendere
d/main.tex:497: Display math should end with $$.
<to be read again> 
                   \tex_par:D 
l.497 
      

G:/work/Journal2LaTeX/backend/temp/604d8087-25d2-4382-b311-575294dae91f/rendere
d/main.tex:498: LaTeX Error: Bad math environment delimiter.

See the LaTeX manual or LaTeX Companion for explanation.
Type  H <return>  for immediate help.
 ...                                              
                                                  
l.498 \end{equation}
                    
G:/work/Journal2LaTeX/backend/temp/604d8087-25d2-4382-b311-575294dae91f/rendere
d/main.tex:498: You can't use `\eqno' in vertical mode.
\veqno ->\@kernel@eqno 
                       \aftergroup \ignorespaces 
l.498 \end{equation}
                    
G:/work/Journal2LaTeX/backend/temp/604d8087-25d2-4382-b311-575294dae91f/rendere
d/main.tex:498: Missing $ inserted.
<inserted text> 
                $
l.498 \end{equation}
                    
G:/work/Journal2LaTeX/backend/temp/604d8087-25d2-4382-b311-575294dae91f/rendere
d/main.tex:498: Display math should end with $$.
<to be read again> 
                   \endgroup 
l.498 \end{equation}
                    

LaTeX Warning: Citation `ref38' on page 5 undefined on input line 524.

G:/work/Journal2LaTeX/backend/temp/604d8087-25d2-4382-b311-575294dae91f/rendere
d/main.tex:534: Missing $ inserted.
<inserted text> 
                $
l.534 
      
G:/work/Journal2LaTeX/backend/temp/604d8087-25d2-4382-b311-575294dae91f/rendere
d/main.tex:534: Display math should end with $$.
<to be read again> 
                   \tex_par:D 
l.534 
      

G:/work/Journal2LaTeX/backend/temp/604d8087-25d2-4382-b311-575294dae91f/rendere
d/main.tex:535: LaTeX Error: Bad math environment delimiter.

See the LaTeX manual or LaTeX Companion for explanation.
Type  H <return>  for immediate help.
 ...                                              
                                                  
l.535 \end{equation}
                    
G:/work/Journal2LaTeX/backend/temp/604d8087-25d2-4382-b311-575294dae91f/rendere
d/main.tex:535: You can't use `\eqno' in vertical mode.
\veqno ->\@kernel@eqno 
                       \aftergroup \ignorespaces 
l.535 \end{equation}
                    
G:/work/Journal2LaTeX/backend/temp/604d8087-25d2-4382-b311-575294dae91f/rendere
d/main.tex:535: Missing $ inserted.
<inserted text> 
                $
l.535 \end{equation}
                    
G:/work/Journal2LaTeX/backend/temp/604d8087-25d2-4382-b311-575294dae91f/rendere
d/main.tex:535: Display math should end with $$.
<to be read again> 
                   \endgroup 
l.535 \end{equation}
                    
G:/work/Journal2LaTeX/backend/temp/604d8087-25d2-4382-b311-575294dae91f/rendere
d/main.tex:543: Missing $ inserted.
<inserted text> 
                $
l.543 
      
G:/work/Journal2LaTeX/backend/temp/604d8087-25d2-4382-b311-575294dae91f/rendere
d/main.tex:543: Display math should end with $$.
<to be read again> 
                   \tex_par:D 
l.543 
      

G:/work/Journal2LaTeX/backend/temp/604d8087-25d2-4382-b311-575294dae91f/rendere
d/main.tex:544: LaTeX Error: Bad math environment delimiter.

See the LaTeX manual or LaTeX Companion for explanation.
Type  H <return>  for immediate help.
 ...                                              
                                                  
l.544 \end{equation}
                    
G:/work/Journal2LaTeX/backend/temp/604d8087-25d2-4382-b311-575294dae91f/rendere
d/main.tex:544: You can't use `\eqno' in vertical mode.
\veqno ->\@kernel@eqno 
                       \aftergroup \ignorespaces 
l.544 \end{equation}
                    
G:/work/Journal2LaTeX/backend/temp/604d8087-25d2-4382-b311-575294dae91f/rendere
d/main.tex:544: Missing $ inserted.
<inserted text> 
                $
l.544 \end{equation}
                    
G:/work/Journal2LaTeX/backend/temp/604d8087-25d2-4382-b311-575294dae91f/rendere
d/main.tex:544: Display math should end with $$.
<to be read again> 
                   \endgroup 
l.544 \end{equation}
                    

LaTeX Warning: Reference `LastPage' on page 5 undefined on input line 544.

[5 <./media/office_obj_3.png (PNG copy)> <./media/image9.png>]
G:/work/Journal2LaTeX/backend/temp/604d8087-25d2-4382-b311-575294dae91f/rendere
d/main.tex:548: Missing $ inserted.
<inserted text> 
                $
l.548 
      
G:/work/Journal2LaTeX/backend/temp/604d8087-25d2-4382-b311-575294dae91f/rendere
d/main.tex:548: Display math should end with $$.
<to be read again> 
                   \tex_par:D 
l.548 
      

G:/work/Journal2LaTeX/backend/temp/604d8087-25d2-4382-b311-575294dae91f/rendere
d/main.tex:549: LaTeX Error: Bad math environment delimiter.

See the LaTeX manual or LaTeX Companion for explanation.
Type  H <return>  for immediate help.
 ...                                              
                                                  
l.549 \end{equation}
                    
G:/work/Journal2LaTeX/backend/temp/604d8087-25d2-4382-b311-575294dae91f/rendere
d/main.tex:549: You can't use `\eqno' in vertical mode.
\veqno ->\@kernel@eqno 
                       \aftergroup \ignorespaces 
l.549 \end{equation}
                    
G:/work/Journal2LaTeX/backend/temp/604d8087-25d2-4382-b311-575294dae91f/rendere
d/main.tex:549: Missing $ inserted.
<inserted text> 
                $
l.549 \end{equation}
                    
G:/work/Journal2LaTeX/backend/temp/604d8087-25d2-4382-b311-575294dae91f/rendere
d/main.tex:549: Display math should end with $$.
<to be read again> 
                   \endgroup 
l.549 \end{equation}
                    
G:/work/Journal2LaTeX/backend/temp/604d8087-25d2-4382-b311-575294dae91f/rendere
d/main.tex:553: Missing $ inserted.
<inserted text> 
                $
l.553 
      
G:/work/Journal2LaTeX/backend/temp/604d8087-25d2-4382-b311-575294dae91f/rendere
d/main.tex:553: Display math should end with $$.
<to be read again> 
                   \tex_par:D 
l.553 
      

G:/work/Journal2LaTeX/backend/temp/604d8087-25d2-4382-b311-575294dae91f/rendere
d/main.tex:554: LaTeX Error: Bad math environment delimiter.

See the LaTeX manual or LaTeX Companion for explanation.
Type  H <return>  for immediate help.
 ...                                              
                                                  
l.554 \end{equation}
                    
G:/work/Journal2LaTeX/backend/temp/604d8087-25d2-4382-b311-575294dae91f/rendere
d/main.tex:554: You can't use `\eqno' in vertical mode.
\veqno ->\@kernel@eqno 
                       \aftergroup \ignorespaces 
l.554 \end{equation}
                    
G:/work/Journal2LaTeX/backend/temp/604d8087-25d2-4382-b311-575294dae91f/rendere
d/main.tex:554: Missing $ inserted.
<inserted text> 
                $
l.554 \end{equation}
                    
G:/work/Journal2LaTeX/backend/temp/604d8087-25d2-4382-b311-575294dae91f/rendere
d/main.tex:554: Display math should end with $$.
<to be read again> 
                   \endgroup 
l.554 \end{equation}
                    
G:/work/Journal2LaTeX/backend/temp/604d8087-25d2-4382-b311-575294dae91f/rendere
d/main.tex:572: Missing $ inserted.
<inserted text> 
                $
l.572 
      
G:/work/Journal2LaTeX/backend/temp/604d8087-25d2-4382-b311-575294dae91f/rendere
d/main.tex:572: Display math should end with $$.
<to be read again> 
                   \tex_par:D 
l.572 
      

Overfull \hbox (18.78941pt too wide) detected at line 572
[][][][][]\OML/ztmcm/m/it/10.50003 ^^H[] \OT1/ztmcm/m/n/10.50003 = [] = \OML/zt
mcm/m/it/10.50003 ^^H[]\OT1/ztmcm/m/n/10.50003 (\OML/ztmcm/m/it/10.50003 ^^X \O
T1/ztmcm/m/n/10.50003 + \OML/ztmcm/m/it/10.50003 ^^N\OT1/ztmcm/m/n/10.50003 ) \
OMS/ztmcm/m/n/10.50003 ^^@ \OML/ztmcm/m/it/10.50003 ^^H[]^^N \OT1/ztmcm/m/n/10.
50003 = \OML/ztmcm/m/it/10.50003 ^^N [] \OT1/ztmcm/m/n/10.50003 + \OML/ztmcm/m/
it/10.50003 ^^X^^H[];

G:/work/Journal2LaTeX/backend/temp/604d8087-25d2-4382-b311-575294dae91f/rendere
d/main.tex:573: LaTeX Error: Bad math environment delimiter.

See the LaTeX manual or LaTeX Companion for explanation.
Type  H <return>  for immediate help.
 ...                                              
                                                  
l.573 \end{equation}
                    
G:/work/Journal2LaTeX/backend/temp/604d8087-25d2-4382-b311-575294dae91f/rendere
d/main.tex:573: You can't use `\eqno' in vertical mode.
\veqno ->\@kernel@eqno 
                       \aftergroup \ignorespaces 
l.573 \end{equation}
                    
G:/work/Journal2LaTeX/backend/temp/604d8087-25d2-4382-b311-575294dae91f/rendere
d/main.tex:573: Missing $ inserted.
<inserted text> 
                $
l.573 \end{equation}
                    
G:/work/Journal2LaTeX/backend/temp/604d8087-25d2-4382-b311-575294dae91f/rendere
d/main.tex:573: Display math should end with $$.
<to be read again> 
                   \endgroup 
l.573 \end{equation}
                    
G:/work/Journal2LaTeX/backend/temp/604d8087-25d2-4382-b311-575294dae91f/rendere
d/main.tex:583: Missing $ inserted.
<inserted text> 
                $
l.583 
      
G:/work/Journal2LaTeX/backend/temp/604d8087-25d2-4382-b311-575294dae91f/rendere
d/main.tex:583: Display math should end with $$.
<to be read again> 
                   \tex_par:D 
l.583 
      

G:/work/Journal2LaTeX/backend/temp/604d8087-25d2-4382-b311-575294dae91f/rendere
d/main.tex:584: LaTeX Error: Bad math environment delimiter.

See the LaTeX manual or LaTeX Companion for explanation.
Type  H <return>  for immediate help.
 ...                                              
                                                  
l.584 \end{equation}
                    
G:/work/Journal2LaTeX/backend/temp/604d8087-25d2-4382-b311-575294dae91f/rendere
d/main.tex:584: You can't use `\eqno' in vertical mode.
\veqno ->\@kernel@eqno 
                       \aftergroup \ignorespaces 
l.584 \end{equation}
                    
G:/work/Journal2LaTeX/backend/temp/604d8087-25d2-4382-b311-575294dae91f/rendere
d/main.tex:584: Missing $ inserted.
<inserted text> 
                $
l.584 \end{equation}
                    
G:/work/Journal2LaTeX/backend/temp/604d8087-25d2-4382-b311-575294dae91f/rendere
d/main.tex:584: Display math should end with $$.
<to be read again> 
                   \endgroup 
l.584 \end{equation}
                    
G:/work/Journal2LaTeX/backend/temp/604d8087-25d2-4382-b311-575294dae91f/rendere
d/main.tex:588: Missing $ inserted.
<inserted text> 
                $
l.588 
      
G:/work/Journal2LaTeX/backend/temp/604d8087-25d2-4382-b311-575294dae91f/rendere
d/main.tex:588: Display math should end with $$.
<to be read again> 
                   \tex_par:D 
l.588 
      

Overfull \hbox (90.09453pt too wide) detected at line 588
[][][][] \OT1/ztmcm/m/n/10.50003 = \OML/ztmcm/m/it/10.50003 c[]u[] \OMS/ztmcm/m
/n/10.50003 ^^@ \OML/ztmcm/m/it/10.50003 ^^H[][] \OT1/ztmcm/m/n/10.50003 + \OML
/ztmcm/m/it/10.50003 ^^H[][] \OT1/ztmcm/m/n/10.50003 = \OML/ztmcm/m/it/10.50003
 c[]u[] \OT1/ztmcm/m/n/10.50003 + [] [] = 0\OML/ztmcm/m/it/10.50003 :

G:/work/Journal2LaTeX/backend/temp/604d8087-25d2-4382-b311-575294dae91f/rendere
d/main.tex:589: LaTeX Error: Bad math environment delimiter.

See the LaTeX manual or LaTeX Companion for explanation.
Type  H <return>  for immediate help.
 ...                                              
                                                  
l.589 \end{equation}
                    
G:/work/Journal2LaTeX/backend/temp/604d8087-25d2-4382-b311-575294dae91f/rendere
d/main.tex:589: You can't use `\eqno' in vertical mode.
\veqno ->\@kernel@eqno 
                       \aftergroup \ignorespaces 
l.589 \end{equation}
                    
G:/work/Journal2LaTeX/backend/temp/604d8087-25d2-4382-b311-575294dae91f/rendere
d/main.tex:589: Missing $ inserted.
<inserted text> 
                $
l.589 \end{equation}
                    
G:/work/Journal2LaTeX/backend/temp/604d8087-25d2-4382-b311-575294dae91f/rendere
d/main.tex:589: Display math should end with $$.
<to be read again> 
                   \endgroup 
l.589 \end{equation}
                    
G:/work/Journal2LaTeX/backend/temp/604d8087-25d2-4382-b311-575294dae91f/rendere
d/main.tex:593: Missing $ inserted.
<inserted text> 
                $
l.593 
      
G:/work/Journal2LaTeX/backend/temp/604d8087-25d2-4382-b311-575294dae91f/rendere
d/main.tex:593: Display math should end with $$.
<to be read again> 
                   \tex_par:D 
l.593 
      

G:/work/Journal2LaTeX/backend/temp/604d8087-25d2-4382-b311-575294dae91f/rendere
d/main.tex:594: LaTeX Error: Bad math environment delimiter.

See the LaTeX manual or LaTeX Companion for explanation.
Type  H <return>  for immediate help.
 ...                                              
                                                  
l.594 \end{equation}
                    
G:/work/Journal2LaTeX/backend/temp/604d8087-25d2-4382-b311-575294dae91f/rendere
d/main.tex:594: You can't use `\eqno' in vertical mode.
\veqno ->\@kernel@eqno 
                       \aftergroup \ignorespaces 
l.594 \end{equation}
                    
G:/work/Journal2LaTeX/backend/temp/604d8087-25d2-4382-b311-575294dae91f/rendere
d/main.tex:594: Missing $ inserted.
<inserted text> 
                $
l.594 \end{equation}
                    
G:/work/Journal2LaTeX/backend/temp/604d8087-25d2-4382-b311-575294dae91f/rendere
d/main.tex:594: Display math should end with $$.
<to be read again> 
                   \endgroup 
l.594 \end{equation}
                    
G:/work/Journal2LaTeX/backend/temp/604d8087-25d2-4382-b311-575294dae91f/rendere
d/main.tex:598: Missing $ inserted.
<inserted text> 
                $
l.598 
      
G:/work/Journal2LaTeX/backend/temp/604d8087-25d2-4382-b311-575294dae91f/rendere
d/main.tex:598: Display math should end with $$.
<to be read again> 
                   \tex_par:D 
l.598 
      

Overfull \hbox (47.3504pt too wide) detected at line 598
[][][][] \OT1/ztmcm/m/n/10.50003 = \OML/ztmcm/m/it/10.50003 c[]u[] \OMS/ztmcm/m
/n/10.50003 ^^@ \OML/ztmcm/m/it/10.50003 ^^H[]^^Z\OT1/ztmcm/m/n/10.50003 (\OMS/
ztmcm/m/n/10.50003 ^^@\OT1/ztmcm/m/n/10.50003 1)\OML/ztmcm/m/it/10.50003 R \OT1
/ztmcm/m/n/10.50003 + \OML/ztmcm/m/it/10.50003 ^^H[]^^Z\OT1/ztmcm/m/n/10.50003 
(\OMS/ztmcm/m/n/10.50003 ^^@\OT1/ztmcm/m/n/10.50003 1)\OML/ztmcm/m/it/10.50003 
R \OT1/ztmcm/m/n/10.50003 = \OML/ztmcm/m/it/10.50003 c[]u[] \OT1/ztmcm/m/n/10.5
0003 + [][] \OMS/ztmcm/m/n/10.50003 ^^@ \OML/ztmcm/m/it/10.50003 ^^H[]\OT1/ztmc
m/m/n/10.50003 )\OML/ztmcm/m/it/10.50003 ^^ZR \OT1/ztmcm/m/n/10.50003 = 0\OML/z
tmcm/m/it/10.50003 :

G:/work/Journal2LaTeX/backend/temp/604d8087-25d2-4382-b311-575294dae91f/rendere
d/main.tex:599: LaTeX Error: Bad math environment delimiter.

See the LaTeX manual or LaTeX Companion for explanation.
Type  H <return>  for immediate help.
 ...                                              
                                                  
l.599 \end{equation}
                    
G:/work/Journal2LaTeX/backend/temp/604d8087-25d2-4382-b311-575294dae91f/rendere
d/main.tex:599: You can't use `\eqno' in vertical mode.
\veqno ->\@kernel@eqno 
                       \aftergroup \ignorespaces 
l.599 \end{equation}
                    
G:/work/Journal2LaTeX/backend/temp/604d8087-25d2-4382-b311-575294dae91f/rendere
d/main.tex:599: Missing $ inserted.
<inserted text> 
                $
l.599 \end{equation}
                    
G:/work/Journal2LaTeX/backend/temp/604d8087-25d2-4382-b311-575294dae91f/rendere
d/main.tex:599: Display math should end with $$.
<to be read again> 
                   \endgroup 
l.599 \end{equation}
                    
Runaway argument?
{Parameters 
G:/work/Journal2LaTeX/backend/temp/604d8087-25d2-4382-b311-575294dae91f/rendere
d/main.tex:629: Paragraph ended before \text@command was complete.
<to be read again> 
                   \par 
l.629 σ}
          & \textbf{Values/ day

G:/work/Journal2LaTeX/backend/temp/604d8087-25d2-4382-b311-575294dae91f/rendere
d/main.tex:629: LaTeX Error: Unicode character ξ (U+03BE)
               not set up for use with LaTeX.

See the LaTeX manual or LaTeX Companion for explanation.
Type  H <return>  for immediate help.
 ...                                              
                                                  
l.629 σ}
          & \textbf{Values/ day
G:/work/Journal2LaTeX/backend/temp/604d8087-25d2-4382-b311-575294dae91f/rendere
d/main.tex:629: Missing \endgroup inserted.
<inserted text> 
                \endgroup 
l.629 σ}
          & \textbf{Values/ day
G:/work/Journal2LaTeX/backend/temp/604d8087-25d2-4382-b311-575294dae91f/rendere
d/main.tex:629: Missing \endgroup inserted.
<inserted text> 
                \endgroup 
l.629 σ}
          & \textbf{Values/ day
G:/work/Journal2LaTeX/backend/temp/604d8087-25d2-4382-b311-575294dae91f/rendere
d/main.tex:629: Missing } inserted.
<inserted text> 
                }
l.629 σ}
          & \textbf{Values/ day
G:/work/Journal2LaTeX/backend/temp/604d8087-25d2-4382-b311-575294dae91f/rendere
d/main.tex:629: Missing } inserted.
<inserted text> 
                }
l.629 σ}
          & \textbf{Values/ day
G:/work/Journal2LaTeX/backend/temp/604d8087-25d2-4382-b311-575294dae91f/rendere
d/main.tex:629: Missing } inserted.
<inserted text> 
                }
l.629 σ}
          & \textbf{Values/ day
G:/work/Journal2LaTeX/backend/temp/604d8087-25d2-4382-b311-575294dae91f/rendere
d/main.tex:629: Missing } inserted.
<inserted text> 
                }
l.629 σ}
          & \textbf{Values/ day
G:/work/Journal2LaTeX/backend/temp/604d8087-25d2-4382-b311-575294dae91f/rendere
d/main.tex:629: Missing \cr inserted.
<inserted text> 
                \cr 
l.629 σ}
          & \textbf{Values/ day
G:/work/Journal2LaTeX/backend/temp/604d8087-25d2-4382-b311-575294dae91f/rendere
d/main.tex:629: Misplaced \cr.
<inserted text> \cr 
                    
l.629 σ}
          & \textbf{Values/ day
G:/work/Journal2LaTeX/backend/temp/604d8087-25d2-4382-b311-575294dae91f/rendere
d/main.tex:629: Missing \cr inserted.
<inserted text> 
                \cr 
l.629 σ}
          & \textbf{Values/ day
G:/work/Journal2LaTeX/backend/temp/604d8087-25d2-4382-b311-575294dae91f/rendere
d/main.tex:629: Misplaced \cr.
<inserted text> \cr 
                    
l.629 σ}
          & \textbf{Values/ day
G:/work/Journal2LaTeX/backend/temp/604d8087-25d2-4382-b311-575294dae91f/rendere
d/main.tex:629: Missing \cr inserted.
<inserted text> 
                \cr 
l.629 σ}
          & \textbf{Values/ day
G:/work/Journal2LaTeX/backend/temp/604d8087-25d2-4382-b311-575294dae91f/rendere
d/main.tex:629: Misplaced \cr.
<inserted text> \cr 
                    
l.629 σ}
          & \textbf{Values/ day
G:/work/Journal2LaTeX/backend/temp/604d8087-25d2-4382-b311-575294dae91f/rendere
d/main.tex:629: Missing \cr inserted.
<inserted text> 
                \cr 
l.629 σ}
          & \textbf{Values/ day
G:/work/Journal2LaTeX/backend/temp/604d8087-25d2-4382-b311-575294dae91f/rendere
d/main.tex:629: Misplaced \cr.
<inserted text> \cr 
                    
l.629 σ}
          & \textbf{Values/ day
G:/work/Journal2LaTeX/backend/temp/604d8087-25d2-4382-b311-575294dae91f/rendere
d/main.tex:629: Missing \cr inserted.
<inserted text> 
                \cr 
l.629 σ}
          & \textbf{Values/ day
G:/work/Journal2LaTeX/backend/temp/604d8087-25d2-4382-b311-575294dae91f/rendere
d/main.tex:629: Misplaced \cr.
<inserted text> \cr 
                    
l.629 σ}
          & \textbf{Values/ day
G:/work/Journal2LaTeX/backend/temp/604d8087-25d2-4382-b311-575294dae91f/rendere
d/main.tex:629: Missing \cr inserted.
<inserted text> 
                \cr 
l.629 σ}
          & \textbf{Values/ day
G:/work/Journal2LaTeX/backend/temp/604d8087-25d2-4382-b311-575294dae91f/rendere
d/main.tex:629: Misplaced \cr.
<inserted text> \cr 
                    
l.629 σ}
          & \textbf{Values/ day
G:/work/Journal2LaTeX/backend/temp/604d8087-25d2-4382-b311-575294dae91f/rendere
d/main.tex:629: Missing \cr inserted.
<inserted text> 
                \cr 
l.629 σ}
          & \textbf{Values/ day
G:/work/Journal2LaTeX/backend/temp/604d8087-25d2-4382-b311-575294dae91f/rendere
d/main.tex:629: Misplaced \cr.
<inserted text> \cr 
                    
l.629 σ}
          & \textbf{Values/ day
G:/work/Journal2LaTeX/backend/temp/604d8087-25d2-4382-b311-575294dae91f/rendere
d/main.tex:629: Missing \cr inserted.
<inserted text> 
                \cr 
l.629 σ}
          & \textbf{Values/ day
G:/work/Journal2LaTeX/backend/temp/604d8087-25d2-4382-b311-575294dae91f/rendere
d/main.tex:629: Misplaced \cr.
<inserted text> \cr 
                    
l.629 σ}
          & \textbf{Values/ day
G:/work/Journal2LaTeX/backend/temp/604d8087-25d2-4382-b311-575294dae91f/rendere
d/main.tex:629: Missing \cr inserted.
<inserted text> 
                \cr 
l.629 σ}
          & \textbf{Values/ day
G:/work/Journal2LaTeX/backend/temp/604d8087-25d2-4382-b311-575294dae91f/rendere
d/main.tex:629: Misplaced \cr.
<inserted text> \cr 
                    
l.629 σ}
          & \textbf{Values/ day
G:/work/Journal2LaTeX/backend/temp/604d8087-25d2-4382-b311-575294dae91f/rendere
d/main.tex:629: Missing \cr inserted.
<inserted text> 
                \cr 
l.629 σ}
          & \textbf{Values/ day
G:/work/Journal2LaTeX/backend/temp/604d8087-25d2-4382-b311-575294dae91f/rendere
d/main.tex:629: Misplaced \cr.
<inserted text> \cr 
                    
l.629 σ}
          & \textbf{Values/ day
G:/work/Journal2LaTeX/backend/temp/604d8087-25d2-4382-b311-575294dae91f/rendere
d/main.tex:629: Missing \cr inserted.
<inserted text> 
                \cr 
l.629 σ}
          & \textbf{Values/ day
G:/work/Journal2LaTeX/backend/temp/604d8087-25d2-4382-b311-575294dae91f/rendere
d/main.tex:629: Misplaced \cr.
<inserted text> \cr 
                    
l.629 σ}
          & \textbf{Values/ day
G:/work/Journal2LaTeX/backend/temp/604d8087-25d2-4382-b311-575294dae91f/rendere
d/main.tex:629: Missing \cr inserted.
<inserted text> 
                \cr 
l.629 σ}
          & \textbf{Values/ day
G:/work/Journal2LaTeX/backend/temp/604d8087-25d2-4382-b311-575294dae91f/rendere
d/main.tex:629: Misplaced \cr.
<inserted text> \cr 
                    
l.629 σ}
          & \textbf{Values/ day
G:/work/Journal2LaTeX/backend/temp/604d8087-25d2-4382-b311-575294dae91f/rendere
d/main.tex:629: Missing \cr inserted.
<inserted text> 
                \cr 
l.629 σ}
          & \textbf{Values/ day
G:/work/Journal2LaTeX/backend/temp/604d8087-25d2-4382-b311-575294dae91f/rendere
d/main.tex:629: Misplaced \cr.
<inserted text> \cr 
                    
l.629 σ}
          & \textbf{Values/ day
G:/work/Journal2LaTeX/backend/temp/604d8087-25d2-4382-b311-575294dae91f/rendere
d/main.tex:629: Missing \cr inserted.
<inserted text> 
                \cr 
l.629 σ}
          & \textbf{Values/ day
G:/work/Journal2LaTeX/backend/temp/604d8087-25d2-4382-b311-575294dae91f/rendere
d/main.tex:629: Misplaced \cr.
<inserted text> \cr 
                    
l.629 σ}
          & \textbf{Values/ day
G:/work/Journal2LaTeX/backend/temp/604d8087-25d2-4382-b311-575294dae91f/rendere
d/main.tex:629: Missing \cr inserted.
<inserted text> 
                \cr 
l.629 σ}
          & \textbf{Values/ day
G:/work/Journal2LaTeX/backend/temp/604d8087-25d2-4382-b311-575294dae91f/rendere
d/main.tex:629: Misplaced \cr.
<inserted text> \cr 
                    
l.629 σ}
          & \textbf{Values/ day
G:/work/Journal2LaTeX/backend/temp/604d8087-25d2-4382-b311-575294dae91f/rendere
d/main.tex:629: Missing \cr inserted.
<inserted text> 
                \cr 
l.629 σ}
          & \textbf{Values/ day
G:/work/Journal2LaTeX/backend/temp/604d8087-25d2-4382-b311-575294dae91f/rendere
d/main.tex:629: Misplaced \cr.
<inserted text> \cr 
                    
l.629 σ}
          & \textbf{Values/ day
G:/work/Journal2LaTeX/backend/temp/604d8087-25d2-4382-b311-575294dae91f/rendere
d/main.tex:629: Missing \cr inserted.
<inserted text> 
                \cr 
l.629 σ}
          & \textbf{Values/ day
G:/work/Journal2LaTeX/backend/temp/604d8087-25d2-4382-b311-575294dae91f/rendere
d/main.tex:629: Misplaced \cr.
<inserted text> \cr 
                    
l.629 σ}
          & \textbf{Values/ day
G:/work/Journal2LaTeX/backend/temp/604d8087-25d2-4382-b311-575294dae91f/rendere
d/main.tex:629: Missing \cr inserted.
<inserted text> 
                \cr 
l.629 σ}
          & \textbf{Values/ day
G:/work/Journal2LaTeX/backend/temp/604d8087-25d2-4382-b311-575294dae91f/rendere
d/main.tex:629: Misplaced \cr.
<inserted text> \cr 
                    
l.629 σ}
          & \textbf{Values/ day
G:/work/Journal2LaTeX/backend/temp/604d8087-25d2-4382-b311-575294dae91f/rendere
d/main.tex:629: Missing \cr inserted.
<inserted text> 
                \cr 
l.629 σ}
          & \textbf{Values/ day
G:/work/Journal2LaTeX/backend/temp/604d8087-25d2-4382-b311-575294dae91f/rendere
d/main.tex:629: Misplaced \cr.
<inserted text> \cr 
                    
l.629 σ}
          & \textbf{Values/ day
G:/work/Journal2LaTeX/backend/temp/604d8087-25d2-4382-b311-575294dae91f/rendere
d/main.tex:629: Missing \cr inserted.
<inserted text> 
                \cr 
l.629 σ}
          & \textbf{Values/ day
G:/work/Journal2LaTeX/backend/temp/604d8087-25d2-4382-b311-575294dae91f/rendere
d/main.tex:629: Misplaced \cr.
<inserted text> \cr 
                    
l.629 σ}
          & \textbf{Values/ day
G:/work/Journal2LaTeX/backend/temp/604d8087-25d2-4382-b311-575294dae91f/rendere
d/main.tex:629: Missing \cr inserted.
<inserted text> 
                \cr 
l.629 σ}
          & \textbf{Values/ day
G:/work/Journal2LaTeX/backend/temp/604d8087-25d2-4382-b311-575294dae91f/rendere
d/main.tex:629: Misplaced \cr.
<inserted text> \cr 
                    
l.629 σ}
          & \textbf{Values/ day
G:/work/Journal2LaTeX/backend/temp/604d8087-25d2-4382-b311-575294dae91f/rendere
d/main.tex:629: Missing \cr inserted.
<inserted text> 
                \cr 
l.629 σ}
          & \textbf{Values/ day
G:/work/Journal2LaTeX/backend/temp/604d8087-25d2-4382-b311-575294dae91f/rendere
d/main.tex:629: Misplaced \cr.
<inserted text> \cr 
                    
l.629 σ}
          & \textbf{Values/ day
G:/work/Journal2LaTeX/backend/temp/604d8087-25d2-4382-b311-575294dae91f/rendere
d/main.tex:629: Missing \cr inserted.
<inserted text> 
                \cr 
l.629 σ}
          & \textbf{Values/ day
G:/work/Journal2LaTeX/backend/temp/604d8087-25d2-4382-b311-575294dae91f/rendere
d/main.tex:629: Misplaced \cr.
<inserted text> \cr 
                    
l.629 σ}
          & \textbf{Values/ day
G:/work/Journal2LaTeX/backend/temp/604d8087-25d2-4382-b311-575294dae91f/rendere
d/main.tex:629: Missing \cr inserted.
<inserted text> 
                \cr 
l.629 σ}
          & \textbf{Values/ day
G:/work/Journal2LaTeX/backend/temp/604d8087-25d2-4382-b311-575294dae91f/rendere
d/main.tex:629: Misplaced \cr.
<inserted text> \cr 
                    
l.629 σ}
          & \textbf{Values/ day
G:/work/Journal2LaTeX/backend/temp/604d8087-25d2-4382-b311-575294dae91f/rendere
d/main.tex:629: Missing \cr inserted.
<inserted text> 
                \cr 
l.629 σ}
          & \textbf{Values/ day
G:/work/Journal2LaTeX/backend/temp/604d8087-25d2-4382-b311-575294dae91f/rendere
d/main.tex:629: Misplaced \cr.
<inserted text> \cr 
                    
l.629 σ}
          & \textbf{Values/ day
G:/work/Journal2LaTeX/backend/temp/604d8087-25d2-4382-b311-575294dae91f/rendere
d/main.tex:629: Missing \cr inserted.
<inserted text> 
                \cr 
l.629 σ}
          & \textbf{Values/ day
G:/work/Journal2LaTeX/backend/temp/604d8087-25d2-4382-b311-575294dae91f/rendere
d/main.tex:629: Misplaced \cr.
<inserted text> \cr 
                    
l.629 σ}
          & \textbf{Values/ day
G:/work/Journal2LaTeX/backend/temp/604d8087-25d2-4382-b311-575294dae91f/rendere
d/main.tex:629: Missing \cr inserted.
<inserted text> 
                \cr 
l.629 σ}
          & \textbf{Values/ day
G:/work/Journal2LaTeX/backend/temp/604d8087-25d2-4382-b311-575294dae91f/rendere
d/main.tex:629: Misplaced \cr.
<inserted text> \cr 
                    
l.629 σ}
          & \textbf{Values/ day
G:/work/Journal2LaTeX/backend/temp/604d8087-25d2-4382-b311-575294dae91f/rendere
d/main.tex:629: Missing \cr inserted.
<inserted text> 
                \cr 
l.629 σ}
          & \textbf{Values/ day
G:/work/Journal2LaTeX/backend/temp/604d8087-25d2-4382-b311-575294dae91f/rendere
d/main.tex:629: Misplaced \cr.
<inserted text> \cr 
                    
l.629 σ}
          & \textbf{Values/ day
G:/work/Journal2LaTeX/backend/temp/604d8087-25d2-4382-b311-575294dae91f/rendere
d/main.tex:629: Missing \cr inserted.
<inserted text> 
                \cr 
l.629 σ}
          & \textbf{Values/ day
G:/work/Journal2LaTeX/backend/temp/604d8087-25d2-4382-b311-575294dae91f/rendere
d/main.tex:629: Misplaced \cr.
<inserted text> \cr 
                    
l.629 σ}
          & \textbf{Values/ day
G:/work/Journal2LaTeX/backend/temp/604d8087-25d2-4382-b311-575294dae91f/rendere
d/main.tex:629: Missing \cr inserted.
<inserted text> 
                \cr 
l.629 σ}
          & \textbf{Values/ day
G:/work/Journal2LaTeX/backend/temp/604d8087-25d2-4382-b311-575294dae91f/rendere
d/main.tex:629: Misplaced \cr.
<inserted text> \cr 
                    
l.629 σ}
          & \textbf{Values/ day
G:/work/Journal2LaTeX/backend/temp/604d8087-25d2-4382-b311-575294dae91f/rendere
d/main.tex:629: Missing \cr inserted.
<inserted text> 
                \cr 
l.629 σ}
          & \textbf{Values/ day
G:/work/Journal2LaTeX/backend/temp/604d8087-25d2-4382-b311-575294dae91f/rendere
d/main.tex:629: Misplaced \cr.
<inserted text> \cr 
                    
l.629 σ}
          & \textbf{Values/ day
G:/work/Journal2LaTeX/backend/temp/604d8087-25d2-4382-b311-575294dae91f/rendere
d/main.tex:629: Missing \cr inserted.
<inserted text> 
                \cr 
l.629 σ}
          & \textbf{Values/ day
G:/work/Journal2LaTeX/backend/temp/604d8087-25d2-4382-b311-575294dae91f/rendere
d/main.tex:629: Misplaced \cr.
<inserted text> \cr 
                    
l.629 σ}
          & \textbf{Values/ day
G:/work/Journal2LaTeX/backend/temp/604d8087-25d2-4382-b311-575294dae91f/rendere
d/main.tex:629: Missing \cr inserted.
<inserted text> 
                \cr 
l.629 σ}
          & \textbf{Values/ day
G:/work/Journal2LaTeX/backend/temp/604d8087-25d2-4382-b311-575294dae91f/rendere
d/main.tex:629: Misplaced \cr.
<inserted text> \cr 
                    
l.629 σ}
          & \textbf{Values/ day
G:/work/Journal2LaTeX/backend/temp/604d8087-25d2-4382-b311-575294dae91f/rendere
d/main.tex:629: Missing \cr inserted.
<inserted text> 
                \cr 
l.629 σ}
          & \textbf{Values/ day
G:/work/Journal2LaTeX/backend/temp/604d8087-25d2-4382-b311-575294dae91f/rendere
d/main.tex:629: Misplaced \cr.
<inserted text> \cr 
                    
l.629 σ}
          & \textbf{Values/ day
G:/work/Journal2LaTeX/backend/temp/604d8087-25d2-4382-b311-575294dae91f/rendere
d/main.tex:629: Missing \cr inserted.
<inserted text> 
                \cr 
l.629 σ}
          & \textbf{Values/ day
G:/work/Journal2LaTeX/backend/temp/604d8087-25d2-4382-b311-575294dae91f/rendere
d/main.tex:629: Misplaced \cr.
<inserted text> \cr 
                    
l.629 σ}
          & \textbf{Values/ day
G:/work/Journal2LaTeX/backend/temp/604d8087-25d2-4382-b311-575294dae91f/rendere
d/main.tex:629: Missing \cr inserted.
<inserted text> 
                \cr 
l.629 σ}
          & \textbf{Values/ day
G:/work/Journal2LaTeX/backend/temp/604d8087-25d2-4382-b311-575294dae91f/rendere
d/main.tex:629: Misplaced \cr.
<inserted text> \cr 
                    
l.629 σ}
          & \textbf{Values/ day
G:/work/Journal2LaTeX/backend/temp/604d8087-25d2-4382-b311-575294dae91f/rendere
d/main.tex:629: Missing \cr inserted.
<inserted text> 
                \cr 
l.629 σ}
          & \textbf{Values/ day
G:/work/Journal2LaTeX/backend/temp/604d8087-25d2-4382-b311-575294dae91f/rendere
d/main.tex:629: Misplaced \cr.
<inserted text> \cr 
                    
l.629 σ}
          & \textbf{Values/ day
G:/work/Journal2LaTeX/backend/temp/604d8087-25d2-4382-b311-575294dae91f/rendere
d/main.tex:629: Missing \cr inserted.
<inserted text> 
                \cr 
l.629 σ}
          & \textbf{Values/ day
G:/work/Journal2LaTeX/backend/temp/604d8087-25d2-4382-b311-575294dae91f/rendere
d/main.tex:629: Misplaced \cr.
<inserted text> \cr 
                    
l.629 σ}
          & \textbf{Values/ day
G:/work/Journal2LaTeX/backend/temp/604d8087-25d2-4382-b311-575294dae91f/rendere
d/main.tex:629: Missing \cr inserted.
<inserted text> 
                \cr 
l.629 σ}
          & \textbf{Values/ day
G:/work/Journal2LaTeX/backend/temp/604d8087-25d2-4382-b311-575294dae91f/rendere
d/main.tex:629: Misplaced \cr.
<inserted text> \cr 
                    
l.629 σ}
          & \textbf{Values/ day
G:/work/Journal2LaTeX/backend/temp/604d8087-25d2-4382-b311-575294dae91f/rendere
d/main.tex:629: Missing \cr inserted.
<inserted text> 
                \cr 
l.629 σ}
          & \textbf{Values/ day
G:/work/Journal2LaTeX/backend/temp/604d8087-25d2-4382-b311-575294dae91f/rendere
d/main.tex:629: Misplaced \cr.
<inserted text> \cr 
                    
l.629 σ}
          & \textbf{Values/ day
G:/work/Journal2LaTeX/backend/temp/604d8087-25d2-4382-b311-575294dae91f/rendere
d/main.tex:629: Missing \cr inserted.
<inserted text> 
                \cr 
l.629 σ}
          & \textbf{Values/ day
G:/work/Journal2LaTeX/backend/temp/604d8087-25d2-4382-b311-575294dae91f/rendere
d/main.tex:629: Misplaced \cr.
<inserted text> \cr 
                    
l.629 σ}
          & \textbf{Values/ day
G:/work/Journal2LaTeX/backend/temp/604d8087-25d2-4382-b311-575294dae91f/rendere
d/main.tex:629: Missing \cr inserted.
<inserted text> 
                \cr 
l.629 σ}
          & \textbf{Values/ day
G:/work/Journal2LaTeX/backend/temp/604d8087-25d2-4382-b311-575294dae91f/rendere
d/main.tex:629: Misplaced \cr.
<inserted text> \cr 
                    
l.629 σ}
          & \textbf{Values/ day
G:/work/Journal2LaTeX/backend/temp/604d8087-25d2-4382-b311-575294dae91f/rendere
d/main.tex:629: Missing \cr inserted.
<inserted text> 
                \cr 
l.629 σ}
          & \textbf{Values/ day
G:/work/Journal2LaTeX/backend/temp/604d8087-25d2-4382-b311-575294dae91f/rendere
d/main.tex:629: Misplaced \cr.
<inserted text> \cr 
                    
l.629 σ}
          & \textbf{Values/ day
G:/work/Journal2LaTeX/backend/temp/604d8087-25d2-4382-b311-575294dae91f/rendere
d/main.tex:629: Missing \cr inserted.
<inserted text> 
                \cr 
l.629 σ}
          & \textbf{Values/ day
G:/work/Journal2LaTeX/backend/temp/604d8087-25d2-4382-b311-575294dae91f/rendere
d/main.tex:629: Misplaced \cr.
<inserted text> \cr 
                    
l.629 σ}
          & \textbf{Values/ day
G:/work/Journal2LaTeX/backend/temp/604d8087-25d2-4382-b311-575294dae91f/rendere
d/main.tex:629: Missing \cr inserted.
<inserted text> 
                \cr 
l.629 σ}
          & \textbf{Values/ day
G:/work/Journal2LaTeX/backend/temp/604d8087-25d2-4382-b311-575294dae91f/rendere
d/main.tex:629: Misplaced \cr.
<inserted text> \cr 
                    
l.629 σ}
          & \textbf{Values/ day
G:/work/Journal2LaTeX/backend/temp/604d8087-25d2-4382-b311-575294dae91f/rendere
d/main.tex:629: Missing \cr inserted.
<inserted text> 
                \cr 
l.629 σ}
          & \textbf{Values/ day
G:/work/Journal2LaTeX/backend/temp/604d8087-25d2-4382-b311-575294dae91f/rendere
d/main.tex:629: Misplaced \cr.
<inserted text> \cr 
                    
l.629 σ}
          & \textbf{Values/ day
G:/work/Journal2LaTeX/backend/temp/604d8087-25d2-4382-b311-575294dae91f/rendere
d/main.tex:629: Missing \cr inserted.
<inserted text> 
                \cr 
l.629 σ}
          & \textbf{Values/ day
G:/work/Journal2LaTeX/backend/temp/604d8087-25d2-4382-b311-575294dae91f/rendere
d/main.tex:629: Misplaced \cr.
<inserted text> \cr 
                    
l.629 σ}
          & \textbf{Values/ day
G:/work/Journal2LaTeX/backend/temp/604d8087-25d2-4382-b311-575294dae91f/rendere
d/main.tex:629: Missing \cr inserted.
<inserted text> 
                \cr 
l.629 σ}
          & \textbf{Values/ day
G:/work/Journal2LaTeX/backend/temp/604d8087-25d2-4382-b311-575294dae91f/rendere
d/main.tex:629: Misplaced \cr.
<inserted text> \cr 
                    
l.629 σ}
          & \textbf{Values/ day
(That makes 100 errors; please try again.)
G:/work/Journal2LaTeX/backend/temp/604d8087-25d2-4382-b311-575294dae91f/rendere
d/main.tex:629:  ==> Fatal error occurred, no output PDF file produced!
Transcript written on main.log.
Latexmk: Getting log file 'main.log'
Latexmk: Examining 'main.fls'
Latexmk: Examining 'main.log'
Latexmk: Summary of warnings from last run of *latex:
  Latex failed to resolve 3 reference(s)
  Latex failed to resolve 2 citation(s)
Latexmk: Errors, so I did not complete making targets
Collected error summary (may duplicate other messages):
  pdflatex: Command for 'pdflatex' gave return code 1
      Refer to 'main.log' and/or above output for details



STDERR:
Latexmk: ====Problematic refs and citations with line #s in .tex file:
  Citation `ref10' on page 1 undefined on input line 182
  Reference `LastPage' on page 1 undefined on input line 205
  Reference `LastPage' on page 3 undefined on input line 376
  Citation `ref38' on page 5 undefined on input line 524
  Reference `LastPage' on page 5 undefined on input line 544
Latexmk: Sometimes, the -f option can be used to get latexmk
  to try to force complete processing.
  But normally, you will need to correct the file(s) that caused the
  error, and then rerun latexmk.
  In some cases, it is best to clean out generated files before rerunning
  latexmk after you've corrected the files.
Reverting Windows console CPs to (in,out) = (437,65001)
