[2026-07-28 15:43:31,518] [INFO] [job_manager.py:136]: Job 604d8087-25d2-4382-b311-575294dae91f workspace created successfully
[2026-07-28 15:43:31,551] [INFO] [pipeline_service.py:46]: Starting validation for job: 604d8087-25d2-4382-b311-575294dae91f
[2026-07-28 15:43:31,568] [INFO] [job_manager.py:180]: Job status updated to: VALIDATING
[2026-07-28 15:43:31,584] [INFO] [job_manager.py:204]: Progress updated to 10%: Validating input Word Document
[2026-07-28 15:43:31,603] [INFO] [pipeline_service.py:61]: Validation successful.
[2026-07-28 15:43:31,617] [INFO] [job_manager.py:204]: Progress updated to 20%: Input document validated successfully
[2026-07-28 15:43:31,618] [INFO] [pipeline_service.py:68]: Starting document analysis for job: 604d8087-25d2-4382-b311-575294dae91f
[2026-07-28 15:43:31,633] [INFO] [job_manager.py:180]: Job status updated to: ANALYZING_DOCUMENT
[2026-07-28 15:43:31,648] [INFO] [job_manager.py:204]: Progress updated to 30%: Analyzing document structure and content blocks
[2026-07-28 15:43:31,648] [INFO] [document_analyzer.py:44]: Starting improved document analysis for: G:\work\Journal2LaTeX\backend\temp\604d8087-25d2-4382-b311-575294dae91f\input\1.docx
[2026-07-28 15:43:33,805] [INFO] [document_analyzer.py:528]: Parsed document: title='Optimal control strategies for overwhelming social media scrolling addiction by using fractional order mathematical modelling', authors=19, sections=10, references=47
[2026-07-28 15:43:33,810] [INFO] [pipeline_service.py:96]: Document analysis completed. Saved structure to: G:\work\Journal2LaTeX\backend\temp\604d8087-25d2-4382-b311-575294dae91f\intermediate\document_structure.json, report to: G:\work\Journal2LaTeX\backend\temp\604d8087-25d2-4382-b311-575294dae91f\intermediate\conversion_report.json
[2026-07-28 15:43:33,826] [INFO] [job_manager.py:204]: Progress updated to 45%: Document structure extracted successfully
[2026-07-28 15:43:33,827] [INFO] [pipeline_service.py:109]: Starting asset extraction for job: 604d8087-25d2-4382-b311-575294dae91f
[2026-07-28 15:43:33,842] [INFO] [job_manager.py:180]: Job status updated to: EXTRACTING_ASSETS
[2026-07-28 15:43:33,856] [INFO] [job_manager.py:204]: Progress updated to 50%: Extracting images and figure assets from document
[2026-07-28 15:43:43,721] [INFO] [pipeline_service.py:251]: Office object fig:office1 placed=True
[2026-07-28 15:43:43,723] [INFO] [pipeline_service.py:251]: Office object fig:office2 placed=True
[2026-07-28 15:43:43,723] [INFO] [pipeline_service.py:251]: Office object fig:office3 placed=True
[2026-07-28 15:43:43,771] [INFO] [pipeline_service.py:142]: Assets extracted to: G:\work\Journal2LaTeX\backend\temp\604d8087-25d2-4382-b311-575294dae91f\intermediate\media
[2026-07-28 15:43:43,790] [INFO] [job_manager.py:204]: Progress updated to 60%: Document assets extracted successfully
[2026-07-28 15:43:43,790] [INFO] [pipeline_service.py:259]: Classifying extracted assets for job: 604d8087-25d2-4382-b311-575294dae91f
[2026-07-28 15:43:43,790] [INFO] [asset_analyzer.py:23]: Starting extended asset analysis for job: 604d8087-25d2-4382-b311-575294dae91f
[2026-07-28 15:43:43,794] [INFO] [asset_analyzer.py:153]: Extended asset classification completed. Assets classified: 12
[2026-07-28 15:43:43,810] [INFO] [job_manager.py:204]: Progress updated to 65%: Extracted assets analyzed and mapped successfully
[2026-07-28 15:43:43,870] [INFO] [pipeline_service.py:275]: Loading template JSAP for job: 604d8087-25d2-4382-b311-575294dae91f
[2026-07-28 15:43:43,886] [INFO] [job_manager.py:180]: Job status updated to: LOADING_TEMPLATE
[2026-07-28 15:43:43,903] [INFO] [job_manager.py:204]: Progress updated to 70%: Loading template styles: JSAP
[2026-07-28 15:43:43,989] [INFO] [pipeline_service.py:297]: Template loaded and workspace prepared at: G:\work\Journal2LaTeX\backend\temp\604d8087-25d2-4382-b311-575294dae91f\rendered
[2026-07-28 15:43:44,005] [INFO] [job_manager.py:204]: Progress updated to 80%: Template workspace initialized
[2026-07-28 15:43:44,007] [INFO] [pipeline_service.py:322]: Starting LaTeX rendering for job: 604d8087-25d2-4382-b311-575294dae91f
[2026-07-28 15:43:44,027] [INFO] [job_manager.py:180]: Job status updated to: RENDERING_LATEX
[2026-07-28 15:43:44,041] [INFO] [job_manager.py:204]: Progress updated to 85%: Rendering document content to LaTeX
[2026-07-28 15:43:44,060] [INFO] [latex_renderer.py:104]: Starting LaTeX rendering inside workspace: G:\work\Journal2LaTeX\backend\temp\604d8087-25d2-4382-b311-575294dae91f\rendered
[2026-07-28 15:43:44,230] [INFO] [latex_renderer.py:479]: LaTeX document main.tex rendered successfully.
[2026-07-28 15:43:44,384] [INFO] [header_reconstructor.py:124]: Template class draws its own header; skipping fancyhdr injection.
[2026-07-28 15:43:44,387] [INFO] [job_manager.py:204]: Progress updated to 90%: LaTeX document rendering completed
[2026-07-28 15:43:44,387] [INFO] [pipeline_service.py:385]: Starting document compilation for job: 604d8087-25d2-4382-b311-575294dae91f
[2026-07-28 15:43:44,401] [INFO] [job_manager.py:180]: Job status updated to: COMPILING
[2026-07-28 15:43:44,415] [INFO] [job_manager.py:204]: Progress updated to 92%: Compiling LaTeX source to PDF
[2026-07-28 15:43:47,951] [ERROR] [pipeline_service.py:413]: LaTeX compilation failed: LaTeX compilation failed. PDF not generated.
[2026-07-28 15:43:47,969] [ERROR] [job_manager.py:228]: Job error added: LaTeX compilation failed: LaTeX compilation failed. PDF not generated.
