[2026-07-18 02:09:25,778] [INFO] [job_manager.py:92]: Job aff78a4b-5149-4965-b1ba-bce94b10b02a workspace created successfully
[2026-07-18 02:09:25,799] [INFO] [pipeline_service.py:34]: Starting validation for job: aff78a4b-5149-4965-b1ba-bce94b10b02a
[2026-07-18 02:09:25,800] [INFO] [job_manager.py:136]: Job status updated to: VALIDATING
[2026-07-18 02:09:25,814] [INFO] [job_manager.py:160]: Progress updated to 10%: Validating input Word Document
[2026-07-18 02:09:31,925] [INFO] [pipeline_service.py:49]: Validation successful.
[2026-07-18 02:09:31,942] [INFO] [job_manager.py:160]: Progress updated to 20%: Input document validated successfully
[2026-07-18 02:09:31,943] [INFO] [pipeline_service.py:56]: Starting document analysis for job: aff78a4b-5149-4965-b1ba-bce94b10b02a
[2026-07-18 02:09:31,961] [INFO] [job_manager.py:136]: Job status updated to: ANALYZING_DOCUMENT
[2026-07-18 02:09:31,972] [INFO] [job_manager.py:160]: Progress updated to 30%: Analyzing document structure and content blocks
[2026-07-18 02:09:31,973] [INFO] [document_analyzer.py:33]: Starting improved document analysis for: G:\work\Journal2LaTeX\backend\temp\aff78a4b-5149-4965-b1ba-bce94b10b02a\input\normal_paper.docx
[2026-07-18 02:09:32,278] [INFO] [document_analyzer.py:358]: Parsed document: title='Modification of the Authentication in the Routing Protocols in Mobile Ad Hoc Networks (MANETs)', authors=5, sections=1, references=0
[2026-07-18 02:09:32,282] [INFO] [pipeline_service.py:84]: Document analysis completed. Saved structure to: G:\work\Journal2LaTeX\backend\temp\aff78a4b-5149-4965-b1ba-bce94b10b02a\intermediate\document_structure.json, report to: G:\work\Journal2LaTeX\backend\temp\aff78a4b-5149-4965-b1ba-bce94b10b02a\intermediate\conversion_report.json
[2026-07-18 02:09:32,294] [INFO] [job_manager.py:160]: Progress updated to 45%: Document structure extracted successfully
[2026-07-18 02:09:32,295] [INFO] [pipeline_service.py:97]: Starting asset extraction for job: aff78a4b-5149-4965-b1ba-bce94b10b02a
[2026-07-18 02:09:32,305] [INFO] [job_manager.py:136]: Job status updated to: EXTRACTING_ASSETS
[2026-07-18 02:09:32,316] [INFO] [job_manager.py:160]: Progress updated to 50%: Extracting images and figure assets from document
[2026-07-18 02:09:32,843] [INFO] [pipeline_service.py:108]: Assets extracted to: G:\work\Journal2LaTeX\backend\temp\aff78a4b-5149-4965-b1ba-bce94b10b02a\intermediate\media
[2026-07-18 02:09:32,859] [INFO] [job_manager.py:160]: Progress updated to 60%: Document assets extracted successfully
[2026-07-18 02:09:32,859] [INFO] [pipeline_service.py:120]: Classifying extracted assets for job: aff78a4b-5149-4965-b1ba-bce94b10b02a
[2026-07-18 02:09:32,859] [INFO] [asset_analyzer.py:23]: Starting extended asset analysis for job: aff78a4b-5149-4965-b1ba-bce94b10b02a
[2026-07-18 02:09:32,867] [INFO] [asset_analyzer.py:153]: Extended asset classification completed. Assets classified: 81
[2026-07-18 02:09:32,883] [INFO] [job_manager.py:160]: Progress updated to 65%: Extracted assets analyzed and mapped successfully
[2026-07-18 02:09:32,903] [INFO] [pipeline_service.py:136]: Loading template JSAP for job: aff78a4b-5149-4965-b1ba-bce94b10b02a
[2026-07-18 02:09:32,904] [INFO] [job_manager.py:136]: Job status updated to: LOADING_TEMPLATE
[2026-07-18 02:09:32,917] [INFO] [job_manager.py:160]: Progress updated to 70%: Loading template styles: JSAP
[2026-07-18 02:09:33,027] [INFO] [pipeline_service.py:154]: Template loaded and workspace prepared at: G:\work\Journal2LaTeX\backend\temp\aff78a4b-5149-4965-b1ba-bce94b10b02a\rendered
[2026-07-18 02:09:33,063] [INFO] [job_manager.py:160]: Progress updated to 80%: Template workspace initialized
[2026-07-18 02:09:33,063] [INFO] [pipeline_service.py:167]: Starting LaTeX rendering for job: aff78a4b-5149-4965-b1ba-bce94b10b02a
[2026-07-18 02:09:33,080] [INFO] [job_manager.py:136]: Job status updated to: RENDERING_LATEX
[2026-07-18 02:09:33,091] [INFO] [job_manager.py:160]: Progress updated to 85%: Rendering document content to LaTeX
[2026-07-18 02:09:33,111] [INFO] [latex_renderer.py:30]: Starting LaTeX rendering inside workspace: G:\work\Journal2LaTeX\backend\temp\aff78a4b-5149-4965-b1ba-bce94b10b02a\rendered
[2026-07-18 02:09:33,124] [INFO] [latex_renderer.py:155]: LaTeX document main.tex rendered successfully.
[2026-07-18 02:09:33,136] [INFO] [job_manager.py:160]: Progress updated to 90%: LaTeX document rendering completed
[2026-07-18 02:09:33,137] [INFO] [pipeline_service.py:201]: Starting document compilation for job: aff78a4b-5149-4965-b1ba-bce94b10b02a
[2026-07-18 02:09:33,153] [INFO] [job_manager.py:136]: Job status updated to: COMPILING
[2026-07-18 02:09:33,169] [INFO] [job_manager.py:160]: Progress updated to 92%: Compiling LaTeX source to PDF
[2026-07-18 02:09:38,812] [INFO] [pipeline_service.py:223]: Compilation completed successfully.
[2026-07-18 02:09:38,814] [INFO] [pipeline_service.py:235]: Running E2E publication fidelity checker for job: aff78a4b-5149-4965-b1ba-bce94b10b02a
[2026-07-18 02:09:38,814] [INFO] [fidelity_checker.py:24]: Generating advanced fidelity report and scores for job: aff78a4b-5149-4965-b1ba-bce94b10b02a
[2026-07-18 02:09:38,823] [INFO] [fidelity_checker.py:163]: Fidelity report written to G:\work\Journal2LaTeX\backend\temp\aff78a4b-5149-4965-b1ba-bce94b10b02a\intermediate\fidelity_report.json. Overall Score: 98.3%, Critical missing: 0
[2026-07-18 02:09:38,836] [INFO] [job_manager.py:136]: Job status updated to: COMPLETED
[2026-07-18 02:09:38,847] [INFO] [job_manager.py:160]: Progress updated to 100%: Pipeline process completed successfully
