[2026-08-09 16:26:56,708] [INFO] [job_manager.py:153]: Job 61ada1b4-9cbe-4b9e-afb7-62b55fc21ed0 workspace created successfully
[2026-08-09 16:26:56,735] [INFO] [pipeline_service.py:46]: Starting validation for job: 61ada1b4-9cbe-4b9e-afb7-62b55fc21ed0
[2026-08-09 16:26:56,751] [INFO] [job_manager.py:202]: Job status updated to: VALIDATING
[2026-08-09 16:26:56,769] [INFO] [job_manager.py:226]: Progress updated to 10%: Validating input Word Document
[2026-08-09 16:26:56,770] [INFO] [pipeline_service.py:61]: Validation successful.
[2026-08-09 16:26:56,788] [INFO] [job_manager.py:226]: Progress updated to 20%: Input document validated successfully
[2026-08-09 16:26:56,788] [INFO] [pipeline_service.py:68]: Starting document analysis for job: 61ada1b4-9cbe-4b9e-afb7-62b55fc21ed0
[2026-08-09 16:26:56,809] [INFO] [job_manager.py:202]: Job status updated to: ANALYZING_DOCUMENT
[2026-08-09 16:26:56,823] [INFO] [job_manager.py:226]: Progress updated to 30%: Analyzing document structure and content blocks
[2026-08-09 16:26:56,824] [INFO] [document_analyzer.py:228]: Starting improved document analysis for: G:\work\Journal2LaTeX\backend\temp\61ada1b4-9cbe-4b9e-afb7-62b55fc21ed0\input\sample.docx
[2026-08-09 16:26:56,866] [INFO] [document_analyzer.py:1045]: Parsed document: title='Hello from Journal2LaTeX. This is a minimal DOCX document to verify the conversion engine.', authors=0, sections=0, references=0
[2026-08-09 16:26:56,870] [INFO] [pipeline_service.py:96]: Document analysis completed. Saved structure to: G:\work\Journal2LaTeX\backend\temp\61ada1b4-9cbe-4b9e-afb7-62b55fc21ed0\intermediate\document_structure.json, report to: G:\work\Journal2LaTeX\backend\temp\61ada1b4-9cbe-4b9e-afb7-62b55fc21ed0\intermediate\conversion_report.json
[2026-08-09 16:26:56,886] [INFO] [job_manager.py:226]: Progress updated to 45%: Document structure extracted successfully
[2026-08-09 16:26:56,886] [INFO] [pipeline_service.py:109]: Starting asset extraction for job: 61ada1b4-9cbe-4b9e-afb7-62b55fc21ed0
[2026-08-09 16:26:56,902] [INFO] [job_manager.py:202]: Job status updated to: EXTRACTING_ASSETS
[2026-08-09 16:26:56,925] [INFO] [job_manager.py:226]: Progress updated to 50%: Extracting images and figure assets from document
[2026-08-09 16:26:57,009] [INFO] [pipeline_service.py:156]: Assets extracted to: G:\work\Journal2LaTeX\backend\temp\61ada1b4-9cbe-4b9e-afb7-62b55fc21ed0\intermediate\media
[2026-08-09 16:26:57,025] [INFO] [job_manager.py:226]: Progress updated to 60%: Document assets extracted successfully
[2026-08-09 16:26:57,025] [INFO] [pipeline_service.py:273]: Classifying extracted assets for job: 61ada1b4-9cbe-4b9e-afb7-62b55fc21ed0
[2026-08-09 16:26:57,025] [INFO] [asset_analyzer.py:23]: Starting extended asset analysis for job: 61ada1b4-9cbe-4b9e-afb7-62b55fc21ed0
[2026-08-09 16:26:57,029] [INFO] [asset_analyzer.py:153]: Extended asset classification completed. Assets classified: 0
[2026-08-09 16:26:57,050] [INFO] [job_manager.py:226]: Progress updated to 65%: Extracted assets analyzed and mapped successfully
[2026-08-09 16:26:57,078] [INFO] [pipeline_service.py:289]: Loading template default for job: 61ada1b4-9cbe-4b9e-afb7-62b55fc21ed0
[2026-08-09 16:26:57,096] [INFO] [job_manager.py:202]: Job status updated to: LOADING_TEMPLATE
[2026-08-09 16:26:57,113] [INFO] [job_manager.py:226]: Progress updated to 70%: Loading template styles: default
[2026-08-09 16:26:57,187] [INFO] [pipeline_service.py:311]: Template loaded and workspace prepared at: G:\work\Journal2LaTeX\backend\temp\61ada1b4-9cbe-4b9e-afb7-62b55fc21ed0\rendered
[2026-08-09 16:26:57,202] [INFO] [job_manager.py:226]: Progress updated to 80%: Template workspace initialized
[2026-08-09 16:26:57,205] [INFO] [pipeline_service.py:336]: Starting LaTeX rendering for job: 61ada1b4-9cbe-4b9e-afb7-62b55fc21ed0
[2026-08-09 16:26:57,219] [INFO] [job_manager.py:202]: Job status updated to: RENDERING_LATEX
[2026-08-09 16:26:57,239] [INFO] [job_manager.py:226]: Progress updated to 85%: Rendering document content to LaTeX
[2026-08-09 16:26:57,242] [INFO] [latex_renderer.py:104]: Starting LaTeX rendering inside workspace: G:\work\Journal2LaTeX\backend\temp\61ada1b4-9cbe-4b9e-afb7-62b55fc21ed0\rendered
[2026-08-09 16:26:57,316] [INFO] [latex_renderer.py:507]: LaTeX document main.tex rendered successfully.
[2026-08-09 16:26:57,333] [INFO] [job_manager.py:226]: Progress updated to 90%: LaTeX document rendering completed
[2026-08-09 16:26:57,333] [INFO] [pipeline_service.py:399]: Starting document compilation for job: 61ada1b4-9cbe-4b9e-afb7-62b55fc21ed0
[2026-08-09 16:26:57,346] [INFO] [job_manager.py:202]: Job status updated to: COMPILING
[2026-08-09 16:26:57,364] [INFO] [job_manager.py:226]: Progress updated to 92%: Compiling LaTeX source to PDF
[2026-08-09 16:27:04,352] [INFO] [pipeline_service.py:422]: Compilation completed successfully.
[2026-08-09 16:27:04,353] [INFO] [pipeline_service.py:437]: Running E2E publication fidelity checker for job: 61ada1b4-9cbe-4b9e-afb7-62b55fc21ed0
[2026-08-09 16:27:04,353] [INFO] [fidelity_checker.py:70]: Generating advanced fidelity report and scores for job: 61ada1b4-9cbe-4b9e-afb7-62b55fc21ed0
[2026-08-09 16:27:04,356] [INFO] [fidelity_checker.py:250]: Fidelity report written to G:\work\Journal2LaTeX\backend\temp\61ada1b4-9cbe-4b9e-afb7-62b55fc21ed0\intermediate\fidelity_report.json. Overall Score: 100.0%, Critical missing: 0
[2026-08-09 16:27:04,376] [INFO] [job_manager.py:202]: Job status updated to: COMPLETED
[2026-08-09 16:27:04,391] [INFO] [job_manager.py:226]: Progress updated to 100%: Pipeline process completed successfully
