STDOUT:
Initial Win CP for (console input, console output, system): (CP437, CP65001, CP1252)
I changed them all to CP1252
Rc files read (in order):
  NONE
Latexmk: This is Latexmk, John Collins, 9 March 2026. Version 4.88.
No existing .aux file, so I'll make a simple one, and require run of *latex.
Latexmk: applying rule 'pdflatex'...
Rule 'pdflatex':  Reasons for rerun
Category 'other':
  Rerun of 'pdflatex' forced or previously required:
    Reason or flag: 'Initial setup'

------------
Run number 1 of rule 'pdflatex'
------------
------------
Running 'pdflatex  -interaction=nonstopmode -file-line-error -recorder  "G:/work/Journal2LaTeX/backend/temp/38a0c2f9-a0bb-4c7c-b4d9-b87a34ffdad4/intermediate/paper.tex"'
------------
This is pdfTeX, Version 3.141592653-2.6-1.40.29 (MiKTeX 26.5) (preloaded format=pdflatex.fmt)
 restricted \write18 enabled.
entering extended mode

(G:/work/Journal2LaTeX/backend/temp/38a0c2f9-a0bb-4c7c-b4d9-b87a34ffdad4/interm
ediate/paper.tex
LaTeX2e <2026-06-01>
L3 programming layer <2026-06-18>
(C:\Users\asus\AppData\Local\Programs\MiKTeX\tex/latex/base\article.cls
Document Class: article 2025/01/22 v1.4n Standard LaTeX document class
(C:\Users\asus\AppData\Local\Programs\MiKTeX\tex/latex/base\size10.clo))
(C:\Users\asus\AppData\Local\Programs\MiKTeX\tex/latex/xcolor\xcolor.sty
(C:\Users\asus\AppData\Local\Programs\MiKTeX\tex/latex/graphics-cfg\color.cfg)
(C:\Users\asus\AppData\Local\Programs\MiKTeX\tex/latex/graphics-def\pdftex.def)
 (C:\Users\asus\AppData\Local\Programs\MiKTeX\tex/latex/graphics\mathcolor.ltx)
) (C:\Users\asus\AppData\Local\Programs\MiKTeX\tex/latex/amsmath\amsmath.sty
For additional information on amsmath, use the `?' option.
(C:\Users\asus\AppData\Local\Programs\MiKTeX\tex/latex/amsmath\amstext.sty
(C:\Users\asus\AppData\Local\Programs\MiKTeX\tex/latex/amsmath\amsgen.sty))
(C:\Users\asus\AppData\Local\Programs\MiKTeX\tex/latex/amsmath\amsbsy.sty)
(C:\Users\asus\AppData\Local\Programs\MiKTeX\tex/latex/amsmath\amsopn.sty))
(C:\Users\asus\AppData\Local\Programs\MiKTeX\tex/latex/amsfonts\amssymb.sty
(C:\Users\asus\AppData\Local\Programs\MiKTeX\tex/latex/amsfonts\amsfonts.sty))
(C:\Users\asus\AppData\Local\Programs\MiKTeX\tex/generic/iftex\iftex.sty)
(C:\Users\asus\AppData\Local\Programs\MiKTeX\tex/latex/base\fontenc.sty)
(C:\Users\asus\AppData\Local\Programs\MiKTeX\tex/latex/base\inputenc.sty)
(C:\Users\asus\AppData\Local\Programs\MiKTeX\tex/latex/base\textcomp.sty)
(C:\Users\asus\AppData\Local\Programs\MiKTeX\tex/latex/lm\lmodern.sty)
(C:\Users\asus\AppData\Local\Programs\MiKTeX\tex/latex/upquote\upquote.sty)
(C:\Users\asus\AppData\Local\Programs\MiKTeX\tex/latex/microtype\microtype.sty
(C:\Users\asus\AppData\Local\Programs\MiKTeX\tex/latex/graphics\keyval.sty)
(C:\Users\asus\AppData\Local\Programs\MiKTeX\tex/latex/etoolbox\etoolbox.sty)
(C:\Users\asus\AppData\Local\Programs\MiKTeX\tex/latex/microtype\microtype-pdft
ex.def)
(C:\Users\asus\AppData\Local\Programs\MiKTeX\tex/latex/microtype\microtype.cfg)
) (C:\Users\asus\AppData\Local\Programs\MiKTeX\tex/latex/parskip\parskip.sty
(C:\Users\asus\AppData\Local\Programs\MiKTeX\tex/latex/kvoptions\kvoptions.sty
(C:\Users\asus\AppData\Local\Programs\MiKTeX\tex/generic/ltxcmds\ltxcmds.sty)
(C:\Users\asus\AppData\Local\Programs\MiKTeX\tex/latex/kvsetkeys\kvsetkeys.sty)
)) (C:\Users\asus\AppData\Local\Programs\MiKTeX\tex/latex/bookmark\bookmark.sty
(C:\Users\asus\AppData\Local\Programs\MiKTeX\tex/latex/hyperref\hyperref.sty
(C:\Users\asus\AppData\Local\Programs\MiKTeX\tex/generic/kvdefinekeys\kvdefinek
eys.sty)
(C:\Users\asus\AppData\Local\Programs\MiKTeX\tex/generic/pdfescape\pdfescape.st
y
(C:\Users\asus\AppData\Local\Programs\MiKTeX\tex/generic/pdftexcmds\pdftexcmds.
sty
(C:\Users\asus\AppData\Local\Programs\MiKTeX\tex/generic/infwarerr\infwarerr.st
y))) (C:\Users\asus\AppData\Local\Programs\MiKTeX\tex/latex/hycolor\hycolor.sty
) (C:\Users\asus\AppData\Local\Programs\MiKTeX\tex/latex/hyperref\nameref.sty
(C:\Users\asus\AppData\Local\Programs\MiKTeX\tex/latex/refcount\refcount.sty)
(C:\Users\asus\AppData\Local\Programs\MiKTeX\tex/generic/gettitlestring\gettitl
estring.sty))
(C:\Users\asus\AppData\Local\Programs\MiKTeX\tex/generic/stringenc\stringenc.st
y) (C:\Users\asus\AppData\Local\Programs\MiKTeX\tex/latex/hyperref\pd1enc.def)
(C:\Users\asus\AppData\Local\Programs\MiKTeX\tex/generic/intcalc\intcalc.sty)
(C:\Users\asus\AppData\Local\Programs\MiKTeX\tex/latex/hyperref\puenc.def)
(C:\Users\asus\AppData\Local\Programs\MiKTeX\tex/latex/url\url.sty)
(C:\Users\asus\AppData\Local\Programs\MiKTeX\tex/generic/bitset\bitset.sty
(C:\Users\asus\AppData\Local\Programs\MiKTeX\tex/generic/bigintcalc\bigintcalc.
sty)))
(C:\Users\asus\AppData\Local\Programs\MiKTeX\tex/latex/hyperref\hpdftex.def
(C:\Users\asus\AppData\Local\Programs\MiKTeX\tex/latex/rerunfilecheck\rerunfile
check.sty
(C:\Users\asus\AppData\Local\Programs\MiKTeX\tex/generic/uniquecounter\uniqueco
unter.sty)))
(C:\Users\asus\AppData\Local\Programs\MiKTeX\tex/latex/l3backend\l3backend-pdft
ex.def)
(C:\Users\asus\AppData\Local\Programs\MiKTeX\tex/latex/bookmark\bkm-pdftex.def)
) (C:\Users\asus\AppData\Local\Programs\MiKTeX\tex/latex/xurl\xurl.sty)
(C:\Users\asus\AppData\Local\Programs\MiKTeX\tex/latex/lm\t1lmr.fd) (paper.aux)

(C:\Users\asus\AppData\Local\Programs\MiKTeX\tex/context/base/mkii\supp-pdf.mki
i
[Loading MPS to PDF converter (version 2006.09.02).]
) (C:\Users\asus\AppData\Local\Programs\MiKTeX\tex/latex/microtype\mt-cmr.cfg)
[1{C:/Users/asus/AppData/Local/MiKTeX/fonts/map/pdftex/pdftex.map}{C:/Users/asu
s/AppData/Local/Programs/MiKTeX/fonts/enc/dvips/lm/lm-ec.enc}] (paper.aux) )<C:
/Users/asus/AppData/Local/Programs/MiKTeX/fonts/type1/public/lm/lmr10.pfb>
Output written on paper.pdf (1 page, 30343 bytes).
Transcript written on paper.log.
Latexmk: Getting log file 'paper.log'
Latexmk: Examining 'paper.fls'
Latexmk: Examining 'paper.log'
Latexmk: Log file says output to 'paper.pdf'
Latexmk: applying rule 'pdflatex'...
Rule 'pdflatex':  Reasons for rerun
Changed files or newly in use/created:
  paper.aux

------------
Run number 2 of rule 'pdflatex'
------------
------------
Running 'pdflatex  -interaction=nonstopmode -file-line-error -recorder  "G:/work/Journal2LaTeX/backend/temp/38a0c2f9-a0bb-4c7c-b4d9-b87a34ffdad4/intermediate/paper.tex"'
------------
This is pdfTeX, Version 3.141592653-2.6-1.40.29 (MiKTeX 26.5) (preloaded format=pdflatex.fmt)
 restricted \write18 enabled.
entering extended mode

(G:/work/Journal2LaTeX/backend/temp/38a0c2f9-a0bb-4c7c-b4d9-b87a34ffdad4/interm
ediate/paper.tex
LaTeX2e <2026-06-01>
L3 programming layer <2026-06-18>
(C:\Users\asus\AppData\Local\Programs\MiKTeX\tex/latex/base\article.cls
Document Class: article 2025/01/22 v1.4n Standard LaTeX document class
(C:\Users\asus\AppData\Local\Programs\MiKTeX\tex/latex/base\size10.clo))
(C:\Users\asus\AppData\Local\Programs\MiKTeX\tex/latex/xcolor\xcolor.sty
(C:\Users\asus\AppData\Local\Programs\MiKTeX\tex/latex/graphics-cfg\color.cfg)
(C:\Users\asus\AppData\Local\Programs\MiKTeX\tex/latex/graphics-def\pdftex.def)
 (C:\Users\asus\AppData\Local\Programs\MiKTeX\tex/latex/graphics\mathcolor.ltx)
) (C:\Users\asus\AppData\Local\Programs\MiKTeX\tex/latex/amsmath\amsmath.sty
For additional information on amsmath, use the `?' option.
(C:\Users\asus\AppData\Local\Programs\MiKTeX\tex/latex/amsmath\amstext.sty
(C:\Users\asus\AppData\Local\Programs\MiKTeX\tex/latex/amsmath\amsgen.sty))
(C:\Users\asus\AppData\Local\Programs\MiKTeX\tex/latex/amsmath\amsbsy.sty)
(C:\Users\asus\AppData\Local\Programs\MiKTeX\tex/latex/amsmath\amsopn.sty))
(C:\Users\asus\AppData\Local\Programs\MiKTeX\tex/latex/amsfonts\amssymb.sty
(C:\Users\asus\AppData\Local\Programs\MiKTeX\tex/latex/amsfonts\amsfonts.sty))
(C:\Users\asus\AppData\Local\Programs\MiKTeX\tex/generic/iftex\iftex.sty)
(C:\Users\asus\AppData\Local\Programs\MiKTeX\tex/latex/base\fontenc.sty)
(C:\Users\asus\AppData\Local\Programs\MiKTeX\tex/latex/base\inputenc.sty)
(C:\Users\asus\AppData\Local\Programs\MiKTeX\tex/latex/base\textcomp.sty)
(C:\Users\asus\AppData\Local\Programs\MiKTeX\tex/latex/lm\lmodern.sty)
(C:\Users\asus\AppData\Local\Programs\MiKTeX\tex/latex/upquote\upquote.sty)
(C:\Users\asus\AppData\Local\Programs\MiKTeX\tex/latex/microtype\microtype.sty
(C:\Users\asus\AppData\Local\Programs\MiKTeX\tex/latex/graphics\keyval.sty)
(C:\Users\asus\AppData\Local\Programs\MiKTeX\tex/latex/etoolbox\etoolbox.sty)
(C:\Users\asus\AppData\Local\Programs\MiKTeX\tex/latex/microtype\microtype-pdft
ex.def)
(C:\Users\asus\AppData\Local\Programs\MiKTeX\tex/latex/microtype\microtype.cfg)
) (C:\Users\asus\AppData\Local\Programs\MiKTeX\tex/latex/parskip\parskip.sty
(C:\Users\asus\AppData\Local\Programs\MiKTeX\tex/latex/kvoptions\kvoptions.sty
(C:\Users\asus\AppData\Local\Programs\MiKTeX\tex/generic/ltxcmds\ltxcmds.sty)
(C:\Users\asus\AppData\Local\Programs\MiKTeX\tex/latex/kvsetkeys\kvsetkeys.sty)
)) (C:\Users\asus\AppData\Local\Programs\MiKTeX\tex/latex/bookmark\bookmark.sty
(C:\Users\asus\AppData\Local\Programs\MiKTeX\tex/latex/hyperref\hyperref.sty
(C:\Users\asus\AppData\Local\Programs\MiKTeX\tex/generic/kvdefinekeys\kvdefinek
eys.sty)
(C:\Users\asus\AppData\Local\Programs\MiKTeX\tex/generic/pdfescape\pdfescape.st
y
(C:\Users\asus\AppData\Local\Programs\MiKTeX\tex/generic/pdftexcmds\pdftexcmds.
sty
(C:\Users\asus\AppData\Local\Programs\MiKTeX\tex/generic/infwarerr\infwarerr.st
y))) (C:\Users\asus\AppData\Local\Programs\MiKTeX\tex/latex/hycolor\hycolor.sty
) (C:\Users\asus\AppData\Local\Programs\MiKTeX\tex/latex/hyperref\nameref.sty
(C:\Users\asus\AppData\Local\Programs\MiKTeX\tex/latex/refcount\refcount.sty)
(C:\Users\asus\AppData\Local\Programs\MiKTeX\tex/generic/gettitlestring\gettitl
estring.sty))
(C:\Users\asus\AppData\Local\Programs\MiKTeX\tex/generic/stringenc\stringenc.st
y) (C:\Users\asus\AppData\Local\Programs\MiKTeX\tex/latex/hyperref\pd1enc.def)
(C:\Users\asus\AppData\Local\Programs\MiKTeX\tex/generic/intcalc\intcalc.sty)
(C:\Users\asus\AppData\Local\Programs\MiKTeX\tex/latex/hyperref\puenc.def)
(C:\Users\asus\AppData\Local\Programs\MiKTeX\tex/latex/url\url.sty)
(C:\Users\asus\AppData\Local\Programs\MiKTeX\tex/generic/bitset\bitset.sty
(C:\Users\asus\AppData\Local\Programs\MiKTeX\tex/generic/bigintcalc\bigintcalc.
sty)))
(C:\Users\asus\AppData\Local\Programs\MiKTeX\tex/latex/hyperref\hpdftex.def
(C:\Users\asus\AppData\Local\Programs\MiKTeX\tex/latex/rerunfilecheck\rerunfile
check.sty
(C:\Users\asus\AppData\Local\Programs\MiKTeX\tex/generic/uniquecounter\uniqueco
unter.sty)))
(C:\Users\asus\AppData\Local\Programs\MiKTeX\tex/latex/l3backend\l3backend-pdft
ex.def)
(C:\Users\asus\AppData\Local\Programs\MiKTeX\tex/latex/bookmark\bkm-pdftex.def)
) (C:\Users\asus\AppData\Local\Programs\MiKTeX\tex/latex/xurl\xurl.sty)
(C:\Users\asus\AppData\Local\Programs\MiKTeX\tex/latex/lm\t1lmr.fd) (paper.aux)

(C:\Users\asus\AppData\Local\Programs\MiKTeX\tex/context/base/mkii\supp-pdf.mki
i
[Loading MPS to PDF converter (version 2006.09.02).]
) (C:\Users\asus\AppData\Local\Programs\MiKTeX\tex/latex/microtype\mt-cmr.cfg)
[1{C:/Users/asus/AppData/Local/MiKTeX/fonts/map/pdftex/pdftex.map}{C:/Users/asu
s/AppData/Local/Programs/MiKTeX/fonts/enc/dvips/lm/lm-ec.enc}] (paper.aux) )<C:
/Users/asus/AppData/Local/Programs/MiKTeX/fonts/type1/public/lm/lmr10.pfb>
Output written on paper.pdf (1 page, 30343 bytes).
Transcript written on paper.log.
Latexmk: Getting log file 'paper.log'
Latexmk: Examining 'paper.fls'
Latexmk: Examining 'paper.log'
Latexmk: Log file says output to 'paper.pdf'
Latexmk: All targets (paper.pdf) are up-to-date



STDERR:
Reverting Windows console CPs to (in,out) = (437,65001)
