[2026-07-18 00:03:32,695] [INFO] [job_manager.py:92]: Job 64433b5f-f7dd-4eb3-a36e-fdae871dd617 workspace created successfully
[2026-07-18 00:03:32,723] [INFO] [pipeline_service.py:30]: Starting validation for job: 64433b5f-f7dd-4eb3-a36e-fdae871dd617
[2026-07-18 00:03:32,723] [INFO] [job_manager.py:136]: Job status updated to: VALIDATING
[2026-07-18 00:03:32,734] [INFO] [job_manager.py:160]: Progress updated to 10%: Validating input Word Document
[2026-07-18 00:03:32,737] [INFO] [pipeline_service.py:45]: Validation successful.
[2026-07-18 00:03:32,748] [INFO] [job_manager.py:160]: Progress updated to 20%: Input document validated successfully
[2026-07-18 00:03:32,748] [INFO] [pipeline_service.py:52]: Starting document analysis for job: 64433b5f-f7dd-4eb3-a36e-fdae871dd617
[2026-07-18 00:03:32,767] [INFO] [job_manager.py:136]: Job status updated to: ANALYZING_DOCUMENT
[2026-07-18 00:03:32,778] [INFO] [job_manager.py:160]: Progress updated to 30%: Analyzing document structure and content blocks
[2026-07-18 00:03:32,778] [INFO] [document_analyzer.py:32]: Starting document analysis for: G:\work\Journal2LaTeX\backend\temp\64433b5f-f7dd-4eb3-a36e-fdae871dd617\input\sample.docx
[2026-07-18 00:03:32,779] [DEBUG] [document_analyzer.py:46]: Running Pandoc AST command: pandoc G:\work\Journal2LaTeX\backend\temp\64433b5f-f7dd-4eb3-a36e-fdae871dd617\input\sample.docx -t json
[2026-07-18 00:03:32,815] [INFO] [document_analyzer.py:183]: Successfully parsed document: title='', sections=1
[2026-07-18 00:03:32,816] [INFO] [pipeline_service.py:73]: Document analysis completed. Saved structure to: G:\work\Journal2LaTeX\backend\temp\64433b5f-f7dd-4eb3-a36e-fdae871dd617\intermediate\document_structure.json
[2026-07-18 00:03:32,829] [INFO] [job_manager.py:160]: Progress updated to 45%: Document structure extracted successfully
[2026-07-18 00:03:32,829] [INFO] [pipeline_service.py:86]: Starting asset extraction for job: 64433b5f-f7dd-4eb3-a36e-fdae871dd617
[2026-07-18 00:03:32,841] [INFO] [job_manager.py:136]: Job status updated to: EXTRACTING_ASSETS
[2026-07-18 00:03:32,852] [INFO] [job_manager.py:160]: Progress updated to 50%: Extracting images and figure assets from document
[2026-07-18 00:03:32,890] [INFO] [pipeline_service.py:97]: Assets extracted to: G:\work\Journal2LaTeX\backend\temp\64433b5f-f7dd-4eb3-a36e-fdae871dd617\intermediate\media
[2026-07-18 00:03:32,901] [INFO] [job_manager.py:160]: Progress updated to 60%: Document assets extracted successfully
[2026-07-18 00:03:32,920] [INFO] [pipeline_service.py:109]: Loading template default for job: 64433b5f-f7dd-4eb3-a36e-fdae871dd617
[2026-07-18 00:03:32,921] [INFO] [job_manager.py:136]: Job status updated to: LOADING_TEMPLATE
[2026-07-18 00:03:32,932] [INFO] [job_manager.py:160]: Progress updated to 70%: Loading template styles: default
[2026-07-18 00:03:32,939] [INFO] [pipeline_service.py:127]: Template loaded and workspace prepared at: G:\work\Journal2LaTeX\backend\temp\64433b5f-f7dd-4eb3-a36e-fdae871dd617\rendered
[2026-07-18 00:03:32,949] [INFO] [job_manager.py:160]: Progress updated to 80%: Template workspace initialized
[2026-07-18 00:03:32,949] [INFO] [pipeline_service.py:140]: Starting LaTeX rendering for job: 64433b5f-f7dd-4eb3-a36e-fdae871dd617
[2026-07-18 00:03:32,962] [INFO] [job_manager.py:136]: Job status updated to: RENDERING_LATEX
[2026-07-18 00:03:32,972] [INFO] [job_manager.py:160]: Progress updated to 85%: Rendering document content to LaTeX
[2026-07-18 00:03:32,974] [INFO] [latex_renderer.py:29]: Starting LaTeX rendering inside workspace: G:\work\Journal2LaTeX\backend\temp\64433b5f-f7dd-4eb3-a36e-fdae871dd617\rendered
[2026-07-18 00:03:32,984] [INFO] [latex_renderer.py:81]: LaTeX document main.tex rendered successfully.
[2026-07-18 00:03:32,997] [INFO] [job_manager.py:160]: Progress updated to 90%: LaTeX document rendering completed
[2026-07-18 00:03:32,997] [INFO] [pipeline_service.py:174]: Starting document compilation for job: 64433b5f-f7dd-4eb3-a36e-fdae871dd617
[2026-07-18 00:03:33,012] [INFO] [job_manager.py:136]: Job status updated to: COMPILING
[2026-07-18 00:03:33,024] [INFO] [job_manager.py:160]: Progress updated to 92%: Compiling LaTeX source to PDF
[2026-07-18 00:03:46,318] [ERROR] [pipeline_service.py:203]: LaTeX compilation failed: LaTeX compilation failed with return code 12.
[2026-07-18 00:03:46,331] [ERROR] [job_manager.py:184]: Job error added: LaTeX compilation failed: LaTeX compilation failed with return code 12.
