[2026-07-18 18:34:24,775] [INFO] [job_manager.py:117]: Job 20d5696f-b19b-4d41-82d5-e42f162e72b8 workspace created successfully
[2026-07-18 18:34:24,776] [INFO] [pipeline_service.py:36]: Starting validation for job: 20d5696f-b19b-4d41-82d5-e42f162e72b8
[2026-07-18 18:34:24,789] [INFO] [job_manager.py:161]: Job status updated to: VALIDATING
[2026-07-18 18:34:24,807] [INFO] [job_manager.py:185]: Progress updated to 10%: Validating input Word Document
[2026-07-18 18:34:24,824] [INFO] [pipeline_service.py:51]: Validation successful.
[2026-07-18 18:34:24,843] [INFO] [job_manager.py:185]: Progress updated to 20%: Input document validated successfully
[2026-07-18 18:34:24,843] [INFO] [pipeline_service.py:58]: Starting document analysis for job: 20d5696f-b19b-4d41-82d5-e42f162e72b8
[2026-07-18 18:34:24,860] [INFO] [job_manager.py:161]: Job status updated to: ANALYZING_DOCUMENT
[2026-07-18 18:34:24,878] [INFO] [job_manager.py:185]: Progress updated to 30%: Analyzing document structure and content blocks
[2026-07-18 18:34:24,878] [INFO] [document_analyzer.py:33]: Starting improved document analysis for: G:\work\Journal2LaTeX\temp\20d5696f-b19b-4d41-82d5-e42f162e72b8\input\style_mixed.docx
[2026-07-18 18:34:25,086] [INFO] [document_analyzer.py:416]: Parsed document: title='Test Document Title', authors=2, sections=1, references=2
[2026-07-18 18:34:25,095] [INFO] [pipeline_service.py:86]: Document analysis completed. Saved structure to: G:\work\Journal2LaTeX\temp\20d5696f-b19b-4d41-82d5-e42f162e72b8\intermediate\document_structure.json, report to: G:\work\Journal2LaTeX\temp\20d5696f-b19b-4d41-82d5-e42f162e72b8\intermediate\conversion_report.json
[2026-07-18 18:34:25,107] [INFO] [job_manager.py:185]: Progress updated to 45%: Document structure extracted successfully
[2026-07-18 18:34:25,108] [INFO] [pipeline_service.py:99]: Starting asset extraction for job: 20d5696f-b19b-4d41-82d5-e42f162e72b8
[2026-07-18 18:34:25,121] [INFO] [job_manager.py:161]: Job status updated to: EXTRACTING_ASSETS
[2026-07-18 18:34:25,133] [INFO] [job_manager.py:185]: Progress updated to 50%: Extracting images and figure assets from document
[2026-07-18 18:34:25,331] [INFO] [pipeline_service.py:111]: Assets extracted to: G:\work\Journal2LaTeX\temp\20d5696f-b19b-4d41-82d5-e42f162e72b8\intermediate\media
[2026-07-18 18:34:25,343] [INFO] [job_manager.py:185]: Progress updated to 60%: Document assets extracted successfully
[2026-07-18 18:34:25,343] [INFO] [pipeline_service.py:123]: Classifying extracted assets for job: 20d5696f-b19b-4d41-82d5-e42f162e72b8
[2026-07-18 18:34:25,343] [INFO] [asset_analyzer.py:23]: Starting extended asset analysis for job: 20d5696f-b19b-4d41-82d5-e42f162e72b8
[2026-07-18 18:34:25,345] [INFO] [asset_analyzer.py:153]: Extended asset classification completed. Assets classified: 0
[2026-07-18 18:34:25,357] [INFO] [job_manager.py:185]: Progress updated to 65%: Extracted assets analyzed and mapped successfully
[2026-07-18 18:34:25,357] [INFO] [pipeline_service.py:139]: Loading template default for job: 20d5696f-b19b-4d41-82d5-e42f162e72b8
[2026-07-18 18:34:25,370] [INFO] [job_manager.py:161]: Job status updated to: LOADING_TEMPLATE
[2026-07-18 18:34:25,382] [INFO] [job_manager.py:185]: Progress updated to 70%: Loading template styles: default
[2026-07-18 18:34:25,388] [INFO] [pipeline_service.py:157]: Template loaded and workspace prepared at: G:\work\Journal2LaTeX\temp\20d5696f-b19b-4d41-82d5-e42f162e72b8\rendered
[2026-07-18 18:34:25,400] [INFO] [job_manager.py:185]: Progress updated to 80%: Template workspace initialized
[2026-07-18 18:34:25,400] [INFO] [pipeline_service.py:170]: Starting LaTeX rendering for job: 20d5696f-b19b-4d41-82d5-e42f162e72b8
[2026-07-18 18:34:25,412] [INFO] [job_manager.py:161]: Job status updated to: RENDERING_LATEX
[2026-07-18 18:34:25,423] [INFO] [job_manager.py:185]: Progress updated to 85%: Rendering document content to LaTeX
[2026-07-18 18:34:25,425] [INFO] [latex_renderer.py:70]: Starting LaTeX rendering inside workspace: G:\work\Journal2LaTeX\temp\20d5696f-b19b-4d41-82d5-e42f162e72b8\rendered
[2026-07-18 18:34:25,431] [INFO] [latex_renderer.py:337]: LaTeX document main.tex rendered successfully.
[2026-07-18 18:34:25,443] [INFO] [job_manager.py:185]: Progress updated to 90%: LaTeX document rendering completed
[2026-07-18 18:34:25,443] [INFO] [pipeline_service.py:204]: Starting document compilation for job: 20d5696f-b19b-4d41-82d5-e42f162e72b8
[2026-07-18 18:34:25,458] [INFO] [job_manager.py:161]: Job status updated to: COMPILING
[2026-07-18 18:34:25,470] [INFO] [job_manager.py:185]: Progress updated to 92%: Compiling LaTeX source to PDF
[2026-07-18 18:34:27,889] [INFO] [pipeline_service.py:226]: Compilation completed successfully.
