[2026-07-21 18:41:07,605] [INFO] [job_manager.py:136]: Job d781f89f-d154-4615-b9b3-d9b02b68f90c workspace created successfully
[2026-07-21 18:41:07,636] [INFO] [pipeline_service.py:45]: Starting validation for job: d781f89f-d154-4615-b9b3-d9b02b68f90c
[2026-07-21 18:41:07,649] [INFO] [job_manager.py:180]: Job status updated to: VALIDATING
[2026-07-21 18:41:07,663] [INFO] [job_manager.py:204]: Progress updated to 10%: Validating input Word Document
[2026-07-21 18:41:07,681] [INFO] [pipeline_service.py:60]: Validation successful.
[2026-07-21 18:41:07,696] [INFO] [job_manager.py:204]: Progress updated to 20%: Input document validated successfully
[2026-07-21 18:41:07,696] [INFO] [pipeline_service.py:67]: Starting document analysis for job: d781f89f-d154-4615-b9b3-d9b02b68f90c
[2026-07-21 18:41:07,710] [INFO] [job_manager.py:180]: Job status updated to: ANALYZING_DOCUMENT
[2026-07-21 18:41:07,723] [INFO] [job_manager.py:204]: Progress updated to 30%: Analyzing document structure and content blocks
[2026-07-21 18:41:07,723] [INFO] [document_analyzer.py:33]: Starting improved document analysis for: G:\work\Journal2LaTeX\backend\temp\d781f89f-d154-4615-b9b3-d9b02b68f90c\input\The role.docx
[2026-07-21 18:41:08,809] [INFO] [document_analyzer.py:461]: Parsed document: title='The Role of Social Media in the Spread and Countering of Cyber-Extremism: An Islamic Jurisprudential and Educational Perspective', authors=19, sections=1, references=42
[2026-07-21 18:41:08,824] [INFO] [pipeline_service.py:95]: Document analysis completed. Saved structure to: G:\work\Journal2LaTeX\backend\temp\d781f89f-d154-4615-b9b3-d9b02b68f90c\intermediate\document_structure.json, report to: G:\work\Journal2LaTeX\backend\temp\d781f89f-d154-4615-b9b3-d9b02b68f90c\intermediate\conversion_report.json
[2026-07-21 18:41:08,843] [INFO] [job_manager.py:204]: Progress updated to 45%: Document structure extracted successfully
[2026-07-21 18:41:08,843] [INFO] [pipeline_service.py:108]: Starting asset extraction for job: d781f89f-d154-4615-b9b3-d9b02b68f90c
[2026-07-21 18:41:08,858] [INFO] [job_manager.py:180]: Job status updated to: EXTRACTING_ASSETS
[2026-07-21 18:41:08,875] [INFO] [job_manager.py:204]: Progress updated to 50%: Extracting images and figure assets from document
[2026-07-21 18:41:10,128] [INFO] [pipeline_service.py:141]: Assets extracted to: G:\work\Journal2LaTeX\backend\temp\d781f89f-d154-4615-b9b3-d9b02b68f90c\intermediate\media
[2026-07-21 18:41:10,145] [INFO] [job_manager.py:204]: Progress updated to 60%: Document assets extracted successfully
[2026-07-21 18:41:10,145] [INFO] [pipeline_service.py:231]: Classifying extracted assets for job: d781f89f-d154-4615-b9b3-d9b02b68f90c
[2026-07-21 18:41:10,145] [INFO] [asset_analyzer.py:23]: Starting extended asset analysis for job: d781f89f-d154-4615-b9b3-d9b02b68f90c
[2026-07-21 18:41:10,148] [INFO] [asset_analyzer.py:153]: Extended asset classification completed. Assets classified: 7
[2026-07-21 18:41:10,165] [INFO] [job_manager.py:204]: Progress updated to 65%: Extracted assets analyzed and mapped successfully
[2026-07-21 18:41:10,239] [INFO] [pipeline_service.py:247]: Loading template 3cfc991a-1277-4525-b53b-58d11eb98182 for job: d781f89f-d154-4615-b9b3-d9b02b68f90c
[2026-07-21 18:41:10,255] [INFO] [job_manager.py:180]: Job status updated to: LOADING_TEMPLATE
[2026-07-21 18:41:10,269] [INFO] [job_manager.py:204]: Progress updated to 70%: Loading template styles: 3cfc991a-1277-4525-b53b-58d11eb98182
[2026-07-21 18:41:10,347] [INFO] [pipeline_service.py:269]: Template loaded and workspace prepared at: G:\work\Journal2LaTeX\backend\temp\d781f89f-d154-4615-b9b3-d9b02b68f90c\rendered
[2026-07-21 18:41:10,361] [INFO] [job_manager.py:204]: Progress updated to 80%: Template workspace initialized
[2026-07-21 18:41:10,363] [INFO] [pipeline_service.py:294]: Starting LaTeX rendering for job: d781f89f-d154-4615-b9b3-d9b02b68f90c
[2026-07-21 18:41:10,378] [INFO] [job_manager.py:180]: Job status updated to: RENDERING_LATEX
[2026-07-21 18:41:10,391] [INFO] [job_manager.py:204]: Progress updated to 85%: Rendering document content to LaTeX
[2026-07-21 18:41:10,411] [INFO] [latex_renderer.py:72]: Starting LaTeX rendering inside workspace: G:\work\Journal2LaTeX\backend\temp\d781f89f-d154-4615-b9b3-d9b02b68f90c\rendered
[2026-07-21 18:41:10,504] [INFO] [latex_renderer.py:355]: LaTeX document main.tex rendered successfully.
[2026-07-21 18:41:10,662] [INFO] [job_manager.py:204]: Progress updated to 90%: LaTeX document rendering completed
[2026-07-21 18:41:10,663] [INFO] [pipeline_service.py:357]: Starting document compilation for job: d781f89f-d154-4615-b9b3-d9b02b68f90c
[2026-07-21 18:41:10,679] [INFO] [job_manager.py:180]: Job status updated to: COMPILING
[2026-07-21 18:41:10,697] [INFO] [job_manager.py:204]: Progress updated to 92%: Compiling LaTeX source to PDF
[2026-07-21 18:41:12,139] [ERROR] [pipeline_service.py:385]: LaTeX compilation failed: LaTeX compilation failed. PDF not generated.
[2026-07-21 18:41:12,153] [ERROR] [job_manager.py:228]: Job error added: LaTeX compilation failed: LaTeX compilation failed. PDF not generated.
