[2026-07-28 19:41:34,507] [INFO] [latex_compiler.py:337]: Starting LaTeX compilation for: G:\work\Journal2LaTeX\backend\temp\b61331f8-1e49-48fc-ab9a-718afd3b27f4\rendered\main.tex
[2026-07-28 19:41:34,564] [INFO] [latex_compiler.py:364]: Applied template compatibility layer to main.tex
[2026-07-28 19:41:34,568] [INFO] [latex_compiler.py:126]: Rendered working directory tree before compilation:
  010101.aux
  010101.log
  010101.out
  010101.pdf
  everyshi.sty
  FDESPFDA2014revised1-eps-converted-to.pdf
  FDESPFDA2014revised1.eps
  logo7pt-eps-converted-to.pdf
  logo7pt.eps
  main.tex
  media/
    image1.png
    image2.png
    image3.png
    image4.png
    image5.png
    image6.png
    image7.png
  NSP1.cls
  psfig.sty
  template.tex
[2026-07-28 19:41:34,571] [INFO] [latex_compiler.py:132]: Template resource manifest (20 files):
  010101.aux                               generated document / build artefact
  010101.log                               generated document / build artefact
  010101.out                               generated document / build artefact
  010101.pdf                               template resource (graphic (PDF))
  everyshi.sty                             template resource (package / style)
  FDESPFDA2014revised1-eps-converted-to.pdf template resource (graphic (PDF))
  FDESPFDA2014revised1.eps                 template resource (graphic (EPS))
  logo7pt-eps-converted-to.pdf             template resource (graphic (PDF))
  logo7pt.eps                              template resource (graphic (EPS))
  main.tex                                 generated document / build artefact
  media\image1.png                         renderer-generated media
  media\image2.png                         renderer-generated media
  media\image3.png                         renderer-generated media
  media\image4.png                         renderer-generated media
  media\image5.png                         renderer-generated media
  media\image6.png                         renderer-generated media
  media\image7.png                         renderer-generated media
  NSP1.cls                                 template resource (document class)
  psfig.sty                                template resource (package / style)
  template.tex                             template resource (included source)
[2026-07-28 19:41:35,169] [INFO] [latex_compiler.py:154]: Dependency resolution (26 references):
  [LOCAL  ] documentclass   NSP1
  [SYSTEM ] usepackage      xcolor
  [SYSTEM ] usepackage      url
  [SYSTEM ] usepackage      floatflt
  [SYSTEM ] usepackage      helvet
  [SYSTEM ] usepackage      times
  [LOCAL  ] usepackage      psfig
  [SYSTEM ] usepackage      graphics
  [SYSTEM ] usepackage      mathptmx
  [SYSTEM ] usepackage      amsmath
  [SYSTEM ] usepackage      amssymb
  [SYSTEM ] usepackage      bm
  [SYSTEM ] usepackage      float
  [SYSTEM ] usepackage      caption
  [SYSTEM ] usepackage      array
  [SYSTEM ] usepackage      cuted
  [SYSTEM ] usepackage      newunicodechar
  [SYSTEM ] usepackage      type1cm
  [SYSTEM ] usepackage      fix-cm
  [LOCAL  ] includegraphics media/image1.png
  [LOCAL  ] includegraphics media/image2.png
  [LOCAL  ] includegraphics media/image3.png
  [LOCAL  ] includegraphics media/image4.png
  [LOCAL  ] includegraphics media/image5.png
  [LOCAL  ] includegraphics media/image6.png
  [LOCAL  ] includegraphics media/image7.png
[2026-07-28 19:41:35,170] [INFO] [latex_compiler.py:395]: Using latexmk compiler.
[2026-07-28 19:41:37,889] [ERROR] [latex_compiler.py:450]: LaTeX compilation failed. PDF not generated. Check raw logs for details.
