[2026-07-18 02:01:57,030] [INFO] [job_manager.py:92]: Job 7147a5be-d270-4127-89e0-b65d2dddf715 workspace created successfully
[2026-07-18 02:01:57,043] [INFO] [pipeline_service.py:34]: Starting validation for job: 7147a5be-d270-4127-89e0-b65d2dddf715
[2026-07-18 02:01:57,045] [INFO] [job_manager.py:136]: Job status updated to: VALIDATING
[2026-07-18 02:01:57,056] [INFO] [job_manager.py:160]: Progress updated to 10%: Validating input Word Document
[2026-07-18 02:02:03,228] [INFO] [pipeline_service.py:49]: Validation successful.
[2026-07-18 02:02:03,241] [INFO] [job_manager.py:160]: Progress updated to 20%: Input document validated successfully
[2026-07-18 02:02:03,241] [INFO] [pipeline_service.py:56]: Starting document analysis for job: 7147a5be-d270-4127-89e0-b65d2dddf715
[2026-07-18 02:02:03,262] [INFO] [job_manager.py:136]: Job status updated to: ANALYZING_DOCUMENT
[2026-07-18 02:02:03,275] [INFO] [job_manager.py:160]: Progress updated to 30%: Analyzing document structure and content blocks
[2026-07-18 02:02:03,275] [INFO] [document_analyzer.py:33]: Starting improved document analysis for: G:\work\Journal2LaTeX\backend\temp\7147a5be-d270-4127-89e0-b65d2dddf715\input\normal_paper.docx
[2026-07-18 02:02:03,652] [INFO] [document_analyzer.py:303]: Parsed document: title='Modification of the Authentication in the Routing Protocols in Mobile Ad Hoc Networks (MANETs)', authors=5, sections=1, references=0
[2026-07-18 02:02:03,662] [INFO] [pipeline_service.py:84]: Document analysis completed. Saved structure to: G:\work\Journal2LaTeX\backend\temp\7147a5be-d270-4127-89e0-b65d2dddf715\intermediate\document_structure.json, report to: G:\work\Journal2LaTeX\backend\temp\7147a5be-d270-4127-89e0-b65d2dddf715\intermediate\conversion_report.json
[2026-07-18 02:02:03,675] [INFO] [job_manager.py:160]: Progress updated to 45%: Document structure extracted successfully
[2026-07-18 02:02:03,675] [INFO] [pipeline_service.py:97]: Starting asset extraction for job: 7147a5be-d270-4127-89e0-b65d2dddf715
[2026-07-18 02:02:03,687] [INFO] [job_manager.py:136]: Job status updated to: EXTRACTING_ASSETS
[2026-07-18 02:02:03,703] [INFO] [job_manager.py:160]: Progress updated to 50%: Extracting images and figure assets from document
[2026-07-18 02:02:04,351] [INFO] [pipeline_service.py:108]: Assets extracted to: G:\work\Journal2LaTeX\backend\temp\7147a5be-d270-4127-89e0-b65d2dddf715\intermediate\media
[2026-07-18 02:02:04,366] [INFO] [job_manager.py:160]: Progress updated to 60%: Document assets extracted successfully
[2026-07-18 02:02:04,366] [INFO] [pipeline_service.py:120]: Classifying extracted assets for job: 7147a5be-d270-4127-89e0-b65d2dddf715
[2026-07-18 02:02:04,366] [INFO] [asset_analyzer.py:23]: Starting extended asset analysis for job: 7147a5be-d270-4127-89e0-b65d2dddf715
[2026-07-18 02:02:04,373] [INFO] [asset_analyzer.py:153]: Extended asset classification completed. Assets classified: 81
[2026-07-18 02:02:04,386] [INFO] [job_manager.py:160]: Progress updated to 65%: Extracted assets analyzed and mapped successfully
[2026-07-18 02:02:04,405] [INFO] [pipeline_service.py:136]: Loading template JSAP for job: 7147a5be-d270-4127-89e0-b65d2dddf715
[2026-07-18 02:02:04,406] [INFO] [job_manager.py:136]: Job status updated to: LOADING_TEMPLATE
[2026-07-18 02:02:04,435] [INFO] [job_manager.py:160]: Progress updated to 70%: Loading template styles: JSAP
[2026-07-18 02:02:04,540] [INFO] [pipeline_service.py:154]: Template loaded and workspace prepared at: G:\work\Journal2LaTeX\backend\temp\7147a5be-d270-4127-89e0-b65d2dddf715\rendered
[2026-07-18 02:02:04,557] [INFO] [job_manager.py:160]: Progress updated to 80%: Template workspace initialized
[2026-07-18 02:02:04,558] [INFO] [pipeline_service.py:167]: Starting LaTeX rendering for job: 7147a5be-d270-4127-89e0-b65d2dddf715
[2026-07-18 02:02:04,585] [INFO] [job_manager.py:136]: Job status updated to: RENDERING_LATEX
[2026-07-18 02:02:04,604] [INFO] [job_manager.py:160]: Progress updated to 85%: Rendering document content to LaTeX
[2026-07-18 02:02:04,626] [INFO] [latex_renderer.py:29]: Starting LaTeX rendering inside workspace: G:\work\Journal2LaTeX\backend\temp\7147a5be-d270-4127-89e0-b65d2dddf715\rendered
[2026-07-18 02:02:04,638] [INFO] [latex_renderer.py:105]: LaTeX document main.tex rendered successfully.
[2026-07-18 02:02:04,651] [INFO] [job_manager.py:160]: Progress updated to 90%: LaTeX document rendering completed
[2026-07-18 02:02:04,651] [INFO] [pipeline_service.py:201]: Starting document compilation for job: 7147a5be-d270-4127-89e0-b65d2dddf715
[2026-07-18 02:02:04,667] [INFO] [job_manager.py:136]: Job status updated to: COMPILING
[2026-07-18 02:02:04,680] [INFO] [job_manager.py:160]: Progress updated to 92%: Compiling LaTeX source to PDF
[2026-07-18 02:02:10,591] [INFO] [pipeline_service.py:223]: Compilation completed successfully.
[2026-07-18 02:02:10,593] [INFO] [pipeline_service.py:235]: Running E2E publication fidelity checker for job: 7147a5be-d270-4127-89e0-b65d2dddf715
[2026-07-18 02:02:10,593] [INFO] [fidelity_checker.py:24]: Generating advanced fidelity report and scores for job: 7147a5be-d270-4127-89e0-b65d2dddf715
[2026-07-18 02:02:10,603] [INFO] [fidelity_checker.py:160]: Fidelity report written to G:\work\Journal2LaTeX\backend\temp\7147a5be-d270-4127-89e0-b65d2dddf715\intermediate\fidelity_report.json. Overall Score: 96.2%, Critical missing: 0
[2026-07-18 02:02:10,614] [INFO] [job_manager.py:136]: Job status updated to: COMPLETED
[2026-07-18 02:02:10,625] [INFO] [job_manager.py:160]: Progress updated to 100%: Pipeline process completed successfully
