STDOUT:
Initial Win CP for (console input, console output, system): (CP437, CP65001, CP1252)
I changed them all to CP1252
Rc files read (in order):
  NONE
Latexmk: This is Latexmk, John Collins, 9 March 2026. Version 4.88.
Force everything to be remade.
Latexmk: applying rule 'pdflatex'...
Rule 'pdflatex':  Reasons for rerun
Category 'other':
  Rerun of 'pdflatex' forced or previously required:
    Reason or flag: 'go_mode'

------------
Run number 1 of rule 'pdflatex'
------------
------------
Running 'pdflatex  -interaction=nonstopmode -file-line-error -recorder  "G:/work/Journal2LaTeX/backend/temp/2ca5fbfb-f0f7-47f6-9ebf-d967d170abc7/rendered/main.tex"'
------------
This is pdfTeX, Version 3.141592653-2.6-1.40.29 (MiKTeX 26.5) (preloaded format=pdflatex.fmt)
 restricted \write18 enabled.
entering extended mode

(G:/work/Journal2LaTeX/backend/temp/2ca5fbfb-f0f7-47f6-9ebf-d967d170abc7/render
ed/main.tex
LaTeX2e <2026-06-01>
L3 programming layer <2026-06-18>
(NSP1.cls

LaTeX Warning: You have requested document class `NSP1',
               but the document class provides `NSP'.

Document Class: NSP 2012/01/01
(C:\Users\asus\AppData\Local\Programs\MiKTeX\tex/latex/base\fleqn.clo)
(C:\Users\asus\AppData\Local\Programs\MiKTeX\tex/latex/graphics\color.sty
(C:\Users\asus\AppData\Local\Programs\MiKTeX\tex/latex/graphics-cfg\color.cfg)
(C:\Users\asus\AppData\Local\Programs\MiKTeX\tex/latex/graphics-def\pdftex.def)
 (C:\Users\asus\AppData\Local\Programs\MiKTeX\tex/latex/graphics\dvipsnam.def)
(C:\Users\asus\AppData\Local\Programs\MiKTeX\tex/latex/graphics\mathcolor.ltx))
(C:\Users\asus\AppData\Local\Programs\MiKTeX\tex/latex/graphics\graphicx.sty
(C:\Users\asus\AppData\Local\Programs\MiKTeX\tex/latex/graphics\keyval.sty)
(C:\Users\asus\AppData\Local\Programs\MiKTeX\tex/latex/graphics\graphics.sty
(C:\Users\asus\AppData\Local\Programs\MiKTeX\tex/latex/graphics\trig.sty)
(C:\Users\asus\AppData\Local\Programs\MiKTeX\tex/latex/graphics-cfg\graphics.cf
g)))
(C:\Users\asus\AppData\Local\Programs\MiKTeX\tex/latex/lastpage\lastpage.sty
(C:\Users\asus\AppData\Local\Programs\MiKTeX\tex/latex/lastpage\lastpage2e.sty
(C:\Users\asus\AppData\Local\Programs\MiKTeX\tex/latex/lastpage\lastpagemodern.
sty) 
)) (C:\Users\asus\AppData\Local\Programs\MiKTeX\tex/latex/hyperref\hyperref.sty
(C:\Users\asus\AppData\Local\Programs\MiKTeX\tex/generic/iftex\iftex.sty)
(C:\Users\asus\AppData\Local\Programs\MiKTeX\tex/latex/kvsetkeys\kvsetkeys.sty)

(C:\Users\asus\AppData\Local\Programs\MiKTeX\tex/generic/kvdefinekeys\kvdefinek
eys.sty)
(C:\Users\asus\AppData\Local\Programs\MiKTeX\tex/generic/pdfescape\pdfescape.st
y (C:\Users\asus\AppData\Local\Programs\MiKTeX\tex/generic/ltxcmds\ltxcmds.sty)

(C:\Users\asus\AppData\Local\Programs\MiKTeX\tex/generic/pdftexcmds\pdftexcmds.
sty
(C:\Users\asus\AppData\Local\Programs\MiKTeX\tex/generic/infwarerr\infwarerr.st
y))) (C:\Users\asus\AppData\Local\Programs\MiKTeX\tex/latex/hycolor\hycolor.sty
) (C:\Users\asus\AppData\Local\Programs\MiKTeX\tex/latex/hyperref\nameref.sty
(C:\Users\asus\AppData\Local\Programs\MiKTeX\tex/latex/refcount\refcount.sty)
(C:\Users\asus\AppData\Local\Programs\MiKTeX\tex/generic/gettitlestring\gettitl
estring.sty
(C:\Users\asus\AppData\Local\Programs\MiKTeX\tex/latex/kvoptions\kvoptions.sty)
)) (C:\Users\asus\AppData\Local\Programs\MiKTeX\tex/latex/etoolbox\etoolbox.sty
)
(C:\Users\asus\AppData\Local\Programs\MiKTeX\tex/generic/stringenc\stringenc.st
y) (C:\Users\asus\AppData\Local\Programs\MiKTeX\tex/latex/hyperref\pd1enc.def)
(C:\Users\asus\AppData\Local\Programs\MiKTeX\tex/generic/intcalc\intcalc.sty)
(C:\Users\asus\AppData\Local\Programs\MiKTeX\tex/latex/hyperref\puenc.def)
(C:\Users\asus\AppData\Local\Programs\MiKTeX\tex/latex/url\url.sty)
(C:\Users\asus\AppData\Local\Programs\MiKTeX\tex/generic/bitset\bitset.sty
(C:\Users\asus\AppData\Local\Programs\MiKTeX\tex/generic/bigintcalc\bigintcalc.
sty))

Package hyperref Warning: Option `pdfpagelabels' is turned off
(hyperref)                because \thepage is undefined.

) (C:\Users\asus\AppData\Local\Programs\MiKTeX\tex/latex/hyperref\hpdftex.def
(C:\Users\asus\AppData\Local\Programs\MiKTeX\tex/latex/rerunfilecheck\rerunfile
check.sty
(C:\Users\asus\AppData\Local\Programs\MiKTeX\tex/generic/uniquecounter\uniqueco
unter.sty))))
(C:\Users\asus\AppData\Local\Programs\MiKTeX\tex/latex/floatflt\floatflt.sty)
(C:\Users\asus\AppData\Local\Programs\MiKTeX\tex/latex/cite\cite.sty)
(C:\Users\asus\AppData\Local\Programs\MiKTeX\tex/latex/psnfss\helvet.sty)
(C:\Users\asus\AppData\Local\Programs\MiKTeX\tex/latex/psnfss\times.sty)
(psfig.sty
psfig/tex 1.10-dvips
) (C:\Users\asus\AppData\Local\Programs\MiKTeX\tex/latex/psnfss\mathptmx.sty)
(C:\Users\asus\AppData\Local\Programs\MiKTeX\tex/latex/amsmath\amsmath.sty
For additional information on amsmath, use the `?' option.
(C:\Users\asus\AppData\Local\Programs\MiKTeX\tex/latex/amsmath\amstext.sty
(C:\Users\asus\AppData\Local\Programs\MiKTeX\tex/latex/amsmath\amsgen.sty))
(C:\Users\asus\AppData\Local\Programs\MiKTeX\tex/latex/amsmath\amsbsy.sty)
(C:\Users\asus\AppData\Local\Programs\MiKTeX\tex/latex/amsmath\amsopn.sty))
(C:\Users\asus\AppData\Local\Programs\MiKTeX\tex/latex/amsfonts\amssymb.sty
(C:\Users\asus\AppData\Local\Programs\MiKTeX\tex/latex/amsfonts\amsfonts.sty))
(C:\Users\asus\AppData\Local\Programs\MiKTeX\tex/latex/tools\bm.sty)
(C:\Users\asus\AppData\Local\Programs\MiKTeX\tex/latex/float\float.sty)
(C:\Users\asus\AppData\Local\Programs\MiKTeX\tex/latex/caption\caption.sty
(C:\Users\asus\AppData\Local\Programs\MiKTeX\tex/latex/caption\caption3.sty)

Package caption Warning: Unknown document class (or package),
(caption)                standard defaults will be used.
See the caption package documentation for explanation.

) (C:\Users\asus\AppData\Local\Programs\MiKTeX\tex/latex/placeins\placeins.sty)
 (C:\Users\asus\AppData\Local\Programs\MiKTeX\tex/latex/booktabs\booktabs.sty)
(C:\Users\asus\AppData\Local\Programs\MiKTeX\tex/latex/tools\array.sty)
(C:\Users\asus\AppData\Local\Programs\MiKTeX\tex/latex/multirow\multirow.sty)
(C:\Users\asus\AppData\Local\Programs\MiKTeX\tex/latex/makecell\makecell.sty)
(C:\Users\asus\AppData\Local\Programs\MiKTeX\tex/latex/geometry\geometry.sty
(C:\Users\asus\AppData\Local\Programs\MiKTeX\tex/generic/iftex\ifvtex.sty)
(C:\Users\asus\AppData\Local\Programs\MiKTeX\tex/latex/geometry\geometry.cfg))
(C:\Users\asus\AppData\Local\Programs\MiKTeX\tex/latex/psnfss\ot1ptm.fd)
(C:\Users\asus\AppData\Local\Programs\MiKTeX\tex/latex/l3backend\l3backend-pdft
ex.def) (main.aux)
(C:\Users\asus\AppData\Local\Programs\MiKTeX\tex/context/base/mkii\supp-pdf.mki
i
[Loading MPS to PDF converter (version 2006.09.02).]
)
(C:\Users\asus\AppData\Local\Programs\MiKTeX\tex/latex/epstopdf-pkg\epstopdf-ba
se.sty
(C:\Users\asus\AppData\Local\Programs\MiKTeX\tex/latex/00miktex\epstopdf-sys.cf
g)) (main.out) (main.out)
*geometry* driver: auto-detecting
*geometry* detected driver: pdftex

Overfull \hbox (12.0pt too wide) in paragraph at lines 97--97
[][] [] 
(C:\Users\asus\AppData\Local\Programs\MiKTeX\tex/latex/psnfss\ot1ztmcm.fd)
(C:\Users\asus\AppData\Local\Programs\MiKTeX\tex/latex/psnfss\omlztmcm.fd)
(C:\Users\asus\AppData\Local\Programs\MiKTeX\tex/latex/psnfss\omsztmcm.fd)
(C:\Users\asus\AppData\Local\Programs\MiKTeX\tex/latex/psnfss\omxztmcm.fd)

Package mathptmx Warning: There are no bold math fonts on input line 97.

(C:\Users\asus\AppData\Local\Programs\MiKTeX\tex/latex/psnfss\ot1phv.fd)

G:/work/Journal2LaTeX/backend/temp/2ca5fbfb-f0f7-47f6-9ebf-d967d170abc7/rendere
d/main.tex:97: LaTeX Error: Unicode character α (U+03B1)
               not set up for use with LaTeX.

See the LaTeX manual or LaTeX Companion for explanation.
Type  H <return>  for immediate help.
 ...                                              
                                                  
l.97 	\maketitle
                

G:/work/Journal2LaTeX/backend/temp/2ca5fbfb-f0f7-47f6-9ebf-d967d170abc7/rendere
d/main.tex:97: LaTeX Error: Unicode character ≤ (U+2264)
               not set up for use with LaTeX.

See the LaTeX manual or LaTeX Companion for explanation.
Type  H <return>  for immediate help.
 ...                                              
                                                  
l.97 	\maketitle
                

Underfull \vbox (badness 3701) has occurred while \output is active
(C:\Users\asus\AppData\Local\Programs\MiKTeX\tex/latex/psnfss\ts1ptm.fd)
[1{C:/Users/asus/AppData/Local/MiKTeX/fonts/map/pdftex/pdftex.map}{C:/Users/asu
s/AppData/Local/Programs/MiKTeX/fonts/enc/dvips/base/8r.enc}

pdfTeX warning: pdflatex: pop empty color page stack 0
 <./logo7pt-eps-converted-to.pdf>]
Underfull \vbox (badness 10000) has occurred while \output is active [2]
[3]
Underfull \vbox (badness 10000) has occurred while \output is active [4]
[5]
Underfull \vbox (badness 10000) has occurred while \output is active [6]

G:/work/Journal2LaTeX/backend/temp/2ca5fbfb-f0f7-47f6-9ebf-d967d170abc7/rendere
d/main.tex:238: LaTeX Error: Unicode character α (U+03B1)
               not set up for use with LaTeX.

See the LaTeX manual or LaTeX Companion for explanation.
Type  H <return>  for immediate help.
 ...                                              
                                                  
l.238 ...mmitment (at the significance level of α
                                                   ≤ 0.05) by family busin...


G:/work/Journal2LaTeX/backend/temp/2ca5fbfb-f0f7-47f6-9ebf-d967d170abc7/rendere
d/main.tex:238: LaTeX Error: Unicode character ≤ (U+2264)
               not set up for use with LaTeX.

See the LaTeX manual or LaTeX Companion for explanation.
Type  H <return>  for immediate help.
 ...                                              
                                                  
l.238 ...ment (at the significance level of α ≤
                                                   0.05) by family businesse...


G:/work/Journal2LaTeX/backend/temp/2ca5fbfb-f0f7-47f6-9ebf-d967d170abc7/rendere
d/main.tex:239: LaTeX Error: Unicode character α (U+03B1)
               not set up for use with LaTeX.

See the LaTeX manual or LaTeX Companion for explanation.
Type  H <return>  for immediate help.
 ...                                              
                                                  
l.239 ...mmitment (at the significance level of α
                                                   ≤ 0.05) by family busin...


G:/work/Journal2LaTeX/backend/temp/2ca5fbfb-f0f7-47f6-9ebf-d967d170abc7/rendere
d/main.tex:239: LaTeX Error: Unicode character ≤ (U+2264)
               not set up for use with LaTeX.

See the LaTeX manual or LaTeX Companion for explanation.
Type  H <return>  for immediate help.
 ...                                              
                                                  
l.239 ...ment (at the significance level of α ≤
                                                   0.05) by family businesse...


G:/work/Journal2LaTeX/backend/temp/2ca5fbfb-f0f7-47f6-9ebf-d967d170abc7/rendere
d/main.tex:240: LaTeX Error: Unicode character α (U+03B1)
               not set up for use with LaTeX.

See the LaTeX manual or LaTeX Companion for explanation.
Type  H <return>  for immediate help.
 ...                                              
                                                  
l.240 ...mmitment (at the significance level of α
                                                   ≤ 0.05) by family busin...


G:/work/Journal2LaTeX/backend/temp/2ca5fbfb-f0f7-47f6-9ebf-d967d170abc7/rendere
d/main.tex:240: LaTeX Error: Unicode character ≤ (U+2264)
               not set up for use with LaTeX.

See the LaTeX manual or LaTeX Companion for explanation.
Type  H <return>  for immediate help.
 ...                                              
                                                  
l.240 ...ment (at the significance level of α ≤
                                                   0.05) by family businesse...


G:/work/Journal2LaTeX/backend/temp/2ca5fbfb-f0f7-47f6-9ebf-d967d170abc7/rendere
d/main.tex:241: LaTeX Error: Unicode character α (U+03B1)
               not set up for use with LaTeX.

See the LaTeX manual or LaTeX Companion for explanation.
Type  H <return>  for immediate help.
 ...                                              
                                                  
l.241 ...mmitment (at the significance level of α
                                                   ≤ 0.05) by family busin...


G:/work/Journal2LaTeX/backend/temp/2ca5fbfb-f0f7-47f6-9ebf-d967d170abc7/rendere
d/main.tex:241: LaTeX Error: Unicode character ≤ (U+2264)
               not set up for use with LaTeX.

See the LaTeX manual or LaTeX Companion for explanation.
Type  H <return>  for immediate help.
 ...                                              
                                                  
l.241 ...ment (at the significance level of α ≤
                                                   0.05) by family businesse...

G:/work/Journal2LaTeX/backend/temp/2ca5fbfb-f0f7-47f6-9ebf-d967d170abc7/rendere
d/main.tex:254: Missing $ inserted.
<inserted text> 
                $
l.254 
      
G:/work/Journal2LaTeX/backend/temp/2ca5fbfb-f0f7-47f6-9ebf-d967d170abc7/rendere
d/main.tex:254: Display math should end with $$.
<to be read again> 
                   \tex_par:D 
l.254 
      

G:/work/Journal2LaTeX/backend/temp/2ca5fbfb-f0f7-47f6-9ebf-d967d170abc7/rendere
d/main.tex:255: LaTeX Error: Bad math environment delimiter.

See the LaTeX manual or LaTeX Companion for explanation.
Type  H <return>  for immediate help.
 ...                                              
                                                  
l.255 \end{equation}
                    
G:/work/Journal2LaTeX/backend/temp/2ca5fbfb-f0f7-47f6-9ebf-d967d170abc7/rendere
d/main.tex:255: You can't use `\eqno' in vertical mode.
\veqno ->\@kernel@eqno 
                       \aftergroup \ignorespaces 
l.255 \end{equation}
                    
G:/work/Journal2LaTeX/backend/temp/2ca5fbfb-f0f7-47f6-9ebf-d967d170abc7/rendere
d/main.tex:255: Missing $ inserted.
<inserted text> 
                $
l.255 \end{equation}
                    
G:/work/Journal2LaTeX/backend/temp/2ca5fbfb-f0f7-47f6-9ebf-d967d170abc7/rendere
d/main.tex:255: Display math should end with $$.
<to be read again> 
                   \endgroup 
l.255 \end{equation}
                    
G:/work/Journal2LaTeX/backend/temp/2ca5fbfb-f0f7-47f6-9ebf-d967d170abc7/rendere
d/main.tex:257: Undefined control sequence.
l.257 ...studies to ensure reliable results \citep
                                                  {ref34}.
[7] [8]
Overfull \hbox (10.24634pt too wide) in paragraph at lines 362--379
 [][] 

Overfull \hbox (5.43pt too wide) in paragraph at lines 398--413
 [][] 
[9]

G:/work/Journal2LaTeX/backend/temp/2ca5fbfb-f0f7-47f6-9ebf-d967d170abc7/rendere
d/main.tex:425: LaTeX Error: Unicode character α (U+03B1)
               not set up for use with LaTeX.

See the LaTeX manual or LaTeX Companion for explanation.
Type  H <return>  for immediate help.
 ...                                              
                                                  
l.425 ...mmitment (at the significance level of α
                                                   ≤ 0.05) by family busin...


G:/work/Journal2LaTeX/backend/temp/2ca5fbfb-f0f7-47f6-9ebf-d967d170abc7/rendere
d/main.tex:425: LaTeX Error: Unicode character ≤ (U+2264)
               not set up for use with LaTeX.

See the LaTeX manual or LaTeX Companion for explanation.
Type  H <return>  for immediate help.
 ...                                              
                                                  
l.425 ...ment (at the significance level of α ≤
                                                   0.05) by family businesse...


G:/work/Journal2LaTeX/backend/temp/2ca5fbfb-f0f7-47f6-9ebf-d967d170abc7/rendere
d/main.tex:429: LaTeX Error: Unicode character α (U+03B1)
               not set up for use with LaTeX.

See the LaTeX manual or LaTeX Companion for explanation.
Type  H <return>  for immediate help.
 ...                                              
                                                  
l.429 ...mmitment (at the significance level of α
                                                   ≤ 0.05) by family busin...


G:/work/Journal2LaTeX/backend/temp/2ca5fbfb-f0f7-47f6-9ebf-d967d170abc7/rendere
d/main.tex:429: LaTeX Error: Unicode character ≤ (U+2264)
               not set up for use with LaTeX.

See the LaTeX manual or LaTeX Companion for explanation.
Type  H <return>  for immediate help.
 ...                                              
                                                  
l.429 ...ment (at the significance level of α ≤
                                                   0.05) by family businesse...


Overfull \hbox (29.48332pt too wide) in paragraph at lines 438--438
[]|[]| 

Overfull \hbox (50.56136pt too wide) in paragraph at lines 436--445
 [][] 

G:/work/Journal2LaTeX/backend/temp/2ca5fbfb-f0f7-47f6-9ebf-d967d170abc7/rendere
d/main.tex:449: LaTeX Error: Unicode character α (U+03B1)
               not set up for use with LaTeX.

See the LaTeX manual or LaTeX Companion for explanation.
Type  H <return>  for immediate help.
 ...                                              
                                                  
l.449 *Significant at α
                         ≤ 0.05 level. Prepared by the two researchers: Ba...


G:/work/Journal2LaTeX/backend/temp/2ca5fbfb-f0f7-47f6-9ebf-d967d170abc7/rendere
d/main.tex:449: LaTeX Error: Unicode character ≤ (U+2264)
               not set up for use with LaTeX.

See the LaTeX manual or LaTeX Companion for explanation.
Type  H <return>  for immediate help.
 ...                                              
                                                  
l.449 *Significant at α ≤
                             0.05 level. Prepared by the two researchers: Ba...


G:/work/Journal2LaTeX/backend/temp/2ca5fbfb-f0f7-47f6-9ebf-d967d170abc7/rendere
d/main.tex:451: LaTeX Error: Unicode character α (U+03B1)
               not set up for use with LaTeX.

See the LaTeX manual or LaTeX Companion for explanation.
Type  H <return>  for immediate help.
 ...                                              
                                                  
l.451 ...elated to environmental protection at (α
                                                   ≤ 0.05) and (df=1). Con...


G:/work/Journal2LaTeX/backend/temp/2ca5fbfb-f0f7-47f6-9ebf-d967d170abc7/rendere
d/main.tex:451: LaTeX Error: Unicode character ≤ (U+2264)
               not set up for use with LaTeX.

See the LaTeX manual or LaTeX Companion for explanation.
Type  H <return>  for immediate help.
 ...                                              
                                                  
l.451 ...ed to environmental protection at (α ≤
                                                   0.05) and (df=1). Consequ...


G:/work/Journal2LaTeX/backend/temp/2ca5fbfb-f0f7-47f6-9ebf-d967d170abc7/rendere
d/main.tex:457: LaTeX Error: Unicode character α (U+03B1)
               not set up for use with LaTeX.

See the LaTeX manual or LaTeX Companion for explanation.
Type  H <return>  for immediate help.
 ...                                              
                                                  
l.457 ...mmitment (at the significance level of α
                                                   ≤ 0.05) by family busin...


G:/work/Journal2LaTeX/backend/temp/2ca5fbfb-f0f7-47f6-9ebf-d967d170abc7/rendere
d/main.tex:457: LaTeX Error: Unicode character ≤ (U+2264)
               not set up for use with LaTeX.

See the LaTeX manual or LaTeX Companion for explanation.
Type  H <return>  for immediate help.
 ...                                              
                                                  
l.457 ...ment (at the significance level of α ≤
                                                   0.05) by family businesse...


Overfull \hbox (29.48332pt too wide) in paragraph at lines 466--466
[]|[]| 

Overfull \hbox (50.56136pt too wide) in paragraph at lines 464--473
 [][] 

G:/work/Journal2LaTeX/backend/temp/2ca5fbfb-f0f7-47f6-9ebf-d967d170abc7/rendere
d/main.tex:477: LaTeX Error: Unicode character α (U+03B1)
               not set up for use with LaTeX.

See the LaTeX manual or LaTeX Companion for explanation.
Type  H <return>  for immediate help.
 ...                                              
                                                  
l.477 *Significant at α
                         ≤ 0.05 level. Prepared by the two researchers: Ba...


G:/work/Journal2LaTeX/backend/temp/2ca5fbfb-f0f7-47f6-9ebf-d967d170abc7/rendere
d/main.tex:477: LaTeX Error: Unicode character ≤ (U+2264)
               not set up for use with LaTeX.

See the LaTeX manual or LaTeX Companion for explanation.
Type  H <return>  for immediate help.
 ...                                              
                                                  
l.477 *Significant at α ≤
                             0.05 level. Prepared by the two researchers: Ba...


Underfull \vbox (badness 2495) has occurred while \output is active [10]

G:/work/Journal2LaTeX/backend/temp/2ca5fbfb-f0f7-47f6-9ebf-d967d170abc7/rendere
d/main.tex:479: LaTeX Error: Unicode character α (U+03B1)
               not set up for use with LaTeX.

See the LaTeX manual or LaTeX Companion for explanation.
Type  H <return>  for immediate help.
 ...                                              
                                                  
l.479 ...ure related to the local community at (α
                                                   ≤ 0.05) and (df=1). Con...


G:/work/Journal2LaTeX/backend/temp/2ca5fbfb-f0f7-47f6-9ebf-d967d170abc7/rendere
d/main.tex:479: LaTeX Error: Unicode character ≤ (U+2264)
               not set up for use with LaTeX.

See the LaTeX manual or LaTeX Companion for explanation.
Type  H <return>  for immediate help.
 ...                                              
                                                  
l.479 ...related to the local community at (α ≤
                                                   0.05) and (df=1). Consequ...


G:/work/Journal2LaTeX/backend/temp/2ca5fbfb-f0f7-47f6-9ebf-d967d170abc7/rendere
d/main.tex:485: LaTeX Error: Unicode character α (U+03B1)
               not set up for use with LaTeX.

See the LaTeX manual or LaTeX Companion for explanation.
Type  H <return>  for immediate help.
 ...                                              
                                                  
l.485 ...mmitment (at the significance level of α
                                                   ≤ 0.05) by family busin...


G:/work/Journal2LaTeX/backend/temp/2ca5fbfb-f0f7-47f6-9ebf-d967d170abc7/rendere
d/main.tex:485: LaTeX Error: Unicode character ≤ (U+2264)
               not set up for use with LaTeX.

See the LaTeX manual or LaTeX Companion for explanation.
Type  H <return>  for immediate help.
 ...                                              
                                                  
l.485 ...ment (at the significance level of α ≤
                                                   0.05) by family businesse...


Overfull \hbox (29.48332pt too wide) in paragraph at lines 494--494
[]|[]| 

Overfull \hbox (50.56136pt too wide) in paragraph at lines 492--501
 [][] 

G:/work/Journal2LaTeX/backend/temp/2ca5fbfb-f0f7-47f6-9ebf-d967d170abc7/rendere
d/main.tex:505: LaTeX Error: Unicode character α (U+03B1)
               not set up for use with LaTeX.

See the LaTeX manual or LaTeX Companion for explanation.
Type  H <return>  for immediate help.
 ...                                              
                                                  
l.505 *Significant at α
                         ≤ 0.05 level. Prepared by the two researchers: Ba...


G:/work/Journal2LaTeX/backend/temp/2ca5fbfb-f0f7-47f6-9ebf-d967d170abc7/rendere
d/main.tex:505: LaTeX Error: Unicode character ≤ (U+2264)
               not set up for use with LaTeX.

See the LaTeX manual or LaTeX Companion for explanation.
Type  H <return>  for immediate help.
 ...                                              
                                                  
l.505 *Significant at α ≤
                             0.05 level. Prepared by the two researchers: Ba...


G:/work/Journal2LaTeX/backend/temp/2ca5fbfb-f0f7-47f6-9ebf-d967d170abc7/rendere
d/main.tex:507: LaTeX Error: Unicode character α (U+03B1)
               not set up for use with LaTeX.

See the LaTeX manual or LaTeX Companion for explanation.
Type  H <return>  for immediate help.
 ...                                              
                                                  
l.507 ...ng disclosure related to employees at (α
                                                   ≤ 0.05) and (df=1). Con...


G:/work/Journal2LaTeX/backend/temp/2ca5fbfb-f0f7-47f6-9ebf-d967d170abc7/rendere
d/main.tex:507: LaTeX Error: Unicode character ≤ (U+2264)
               not set up for use with LaTeX.

See the LaTeX manual or LaTeX Companion for explanation.
Type  H <return>  for immediate help.
 ...                                              
                                                  
l.507 ...isclosure related to employees at (α ≤
                                                   0.05) and (df=1). Consequ...

[11]

G:/work/Journal2LaTeX/backend/temp/2ca5fbfb-f0f7-47f6-9ebf-d967d170abc7/rendere
d/main.tex:513: LaTeX Error: Unicode character α (U+03B1)
               not set up for use with LaTeX.

See the LaTeX manual or LaTeX Companion for explanation.
Type  H <return>  for immediate help.
 ...                                              
                                                  
l.513 ...mmitment (at the significance level of α
                                                   ≤ 0.05) by family busin...


G:/work/Journal2LaTeX/backend/temp/2ca5fbfb-f0f7-47f6-9ebf-d967d170abc7/rendere
d/main.tex:513: LaTeX Error: Unicode character ≤ (U+2264)
               not set up for use with LaTeX.

See the LaTeX manual or LaTeX Companion for explanation.
Type  H <return>  for immediate help.
 ...                                              
                                                  
l.513 ...ment (at the significance level of α ≤
                                                   0.05) by family businesse...


Overfull \hbox (29.48332pt too wide) in paragraph at lines 522--522
[]|[]| 

Overfull \hbox (50.56136pt too wide) in paragraph at lines 520--529
 [][] 

G:/work/Journal2LaTeX/backend/temp/2ca5fbfb-f0f7-47f6-9ebf-d967d170abc7/rendere
d/main.tex:533: LaTeX Error: Unicode character α (U+03B1)
               not set up for use with LaTeX.

See the LaTeX manual or LaTeX Companion for explanation.
Type  H <return>  for immediate help.
 ...                                              
                                                  
l.533 *Significant at α
                         ≤ 0.05 level. Prepared by two the researchers: Ba...


G:/work/Journal2LaTeX/backend/temp/2ca5fbfb-f0f7-47f6-9ebf-d967d170abc7/rendere
d/main.tex:533: LaTeX Error: Unicode character ≤ (U+2264)
               not set up for use with LaTeX.

See the LaTeX manual or LaTeX Companion for explanation.
Type  H <return>  for immediate help.
 ...                                              
                                                  
l.533 *Significant at α ≤
                             0.05 level. Prepared by two the researchers: Ba...


G:/work/Journal2LaTeX/backend/temp/2ca5fbfb-f0f7-47f6-9ebf-d967d170abc7/rendere
d/main.tex:535: LaTeX Error: Unicode character α (U+03B1)
               not set up for use with LaTeX.

See the LaTeX manual or LaTeX Companion for explanation.
Type  H <return>  for immediate help.
 ...                                              
                                                  
l.535 ...ure related to consumer protection at (α
                                                   ≤ 0.05) and (df=1). Con...


G:/work/Journal2LaTeX/backend/temp/2ca5fbfb-f0f7-47f6-9ebf-d967d170abc7/rendere
d/main.tex:535: LaTeX Error: Unicode character ≤ (U+2264)
               not set up for use with LaTeX.

See the LaTeX manual or LaTeX Companion for explanation.
Type  H <return>  for immediate help.
 ...                                              
                                                  
l.535 ...related to consumer protection at (α ≤
                                                   0.05) and (df=1). Consequ...


G:/work/Journal2LaTeX/backend/temp/2ca5fbfb-f0f7-47f6-9ebf-d967d170abc7/rendere
d/main.tex:542: LaTeX Error: Unicode character α (U+03B1)
               not set up for use with LaTeX.

See the LaTeX manual or LaTeX Companion for explanation.
Type  H <return>  for immediate help.
 ...                                              
                                                  
l.542 ... statistically significant commitment (α
                                                   ≤ 0.05) by family busin...


G:/work/Journal2LaTeX/backend/temp/2ca5fbfb-f0f7-47f6-9ebf-d967d170abc7/rendere
d/main.tex:542: LaTeX Error: Unicode character ≤ (U+2264)
               not set up for use with LaTeX.

See the LaTeX manual or LaTeX Companion for explanation.
Type  H <return>  for immediate help.
 ...                                              
                                                  
l.542 ...tistically significant commitment (α ≤
                                                   0.05) by family businesse...


G:/work/Journal2LaTeX/backend/temp/2ca5fbfb-f0f7-47f6-9ebf-d967d170abc7/rendere
d/main.tex:543: LaTeX Error: Unicode character α (U+03B1)
               not set up for use with LaTeX.

See the LaTeX manual or LaTeX Companion for explanation.
Type  H <return>  for immediate help.
 ...                                              
                                                  
l.543 ... statistically significant commitment (α
                                                   ≤ 0.05) by family busin...


G:/work/Journal2LaTeX/backend/temp/2ca5fbfb-f0f7-47f6-9ebf-d967d170abc7/rendere
d/main.tex:543: LaTeX Error: Unicode character ≤ (U+2264)
               not set up for use with LaTeX.

See the LaTeX manual or LaTeX Companion for explanation.
Type  H <return>  for immediate help.
 ...                                              
                                                  
l.543 ...tistically significant commitment (α ≤
                                                   0.05) by family businesse...


G:/work/Journal2LaTeX/backend/temp/2ca5fbfb-f0f7-47f6-9ebf-d967d170abc7/rendere
d/main.tex:544: LaTeX Error: Unicode character α (U+03B1)
               not set up for use with LaTeX.

See the LaTeX manual or LaTeX Companion for explanation.
Type  H <return>  for immediate help.
 ...                                              
                                                  
l.544 ... statistically significant commitment (α
                                                   ≤ 0.05) by family busin...


G:/work/Journal2LaTeX/backend/temp/2ca5fbfb-f0f7-47f6-9ebf-d967d170abc7/rendere
d/main.tex:544: LaTeX Error: Unicode character ≤ (U+2264)
               not set up for use with LaTeX.

See the LaTeX manual or LaTeX Companion for explanation.
Type  H <return>  for immediate help.
 ...                                              
                                                  
l.544 ...tistically significant commitment (α ≤
                                                   0.05) by family businesse...


G:/work/Journal2LaTeX/backend/temp/2ca5fbfb-f0f7-47f6-9ebf-d967d170abc7/rendere
d/main.tex:545: LaTeX Error: Unicode character α (U+03B1)
               not set up for use with LaTeX.

See the LaTeX manual or LaTeX Companion for explanation.
Type  H <return>  for immediate help.
 ...                                              
                                                  
l.545 ... statistically significant commitment (α
                                                   ≤ 0.05) by family busin...


G:/work/Journal2LaTeX/backend/temp/2ca5fbfb-f0f7-47f6-9ebf-d967d170abc7/rendere
d/main.tex:545: LaTeX Error: Unicode character ≤ (U+2264)
               not set up for use with LaTeX.

See the LaTeX manual or LaTeX Companion for explanation.
Type  H <return>  for immediate help.
 ...                                              
                                                  
l.545 ...tistically significant commitment (α ≤
                                                   0.05) by family businesse...

[12] [13]

G:/work/Journal2LaTeX/backend/temp/2ca5fbfb-f0f7-47f6-9ebf-d967d170abc7/rendere
d/main.tex:676: LaTeX Error: Unicode character ، (U+060C)
               not set up for use with LaTeX.

See the LaTeX manual or LaTeX Companion for explanation.
Type  H <return>  for immediate help.
 ...                                              
                                                  
l.676 ...oho, H. (2021). Company Characteristics،
                                                   Disclosure of Social Resp...


G:/work/Journal2LaTeX/backend/temp/2ca5fbfb-f0f7-47f6-9ebf-d967d170abc7/rendere
d/main.tex:676: LaTeX Error: Unicode character ، (U+060C)
               not set up for use with LaTeX.

See the LaTeX manual or LaTeX Companion for explanation.
Type  H <return>  for immediate help.
 ...                                              
                                                  
l.676 ...s، Disclosure of Social Responsibility،
                                                   and Its Impact on Company...


G:/work/Journal2LaTeX/backend/temp/2ca5fbfb-f0f7-47f6-9ebf-d967d170abc7/rendere
d/main.tex:676: LaTeX Error: Unicode character ، (U+060C)
               not set up for use with LaTeX.

See the LaTeX manual or LaTeX Companion for explanation.
Type  H <return>  for immediate help.
 ...                                              
                                                  
l.676 ... in Indonesia. Journal of Asian Finance،
                                                   Economics and Business, 8...


G:/work/Journal2LaTeX/backend/temp/2ca5fbfb-f0f7-47f6-9ebf-d967d170abc7/rendere
d/main.tex:679: LaTeX Error: Unicode character ، (U+060C)
               not set up for use with LaTeX.

See the LaTeX manual or LaTeX Companion for explanation.
Type  H <return>  for immediate help.
 ...                                              
                                                  
l.679 ...Pricilia, O., A, Chidiebere, N. (2021) ،
                                                   Impact of Environmental،...


G:/work/Journal2LaTeX/backend/temp/2ca5fbfb-f0f7-47f6-9ebf-d967d170abc7/rendere
d/main.tex:679: LaTeX Error: Unicode character ، (U+060C)
               not set up for use with LaTeX.

See the LaTeX manual or LaTeX Companion for explanation.
Type  H <return>  for immediate help.
 ...                                              
                                                  
l.679 ...e, N. (2021) ، Impact of Environmental،
                                                   Social and Governance Dim...

[14] 
enddocument/afterlastpage (AED): lastpage setting LastPage.
(main.aux) )
(see the transcript file for additional information)<C:/Users/asus/AppData/Loca
l/Programs/MiKTeX/fonts/type1/public/amsfonts/cm/cmmi10.pfb><C:/Users/asus/AppD
ata/Local/Programs/MiKTeX/fonts/type1/public/amsfonts/cm/cmr10.pfb><C:/Users/as
us/AppData/Local/Programs/MiKTeX/fonts/type1/public/amsfonts/cm/cmsy10.pfb><C:/
Users/asus/AppData/Local/Programs/MiKTeX/fonts/type1/urw/helvetic/uhvb8a.pfb><C
:/Users/asus/AppData/Local/Programs/MiKTeX/fonts/type1/urw/times/utmb8a.pfb><C:
/Users/asus/AppData/Local/Programs/MiKTeX/fonts/type1/urw/times/utmr8a.pfb><C:/
Users/asus/AppData/Local/Programs/MiKTeX/fonts/type1/urw/times/utmri8a.pfb>
Output written on main.pdf (14 pages, 197197 bytes).
Transcript written on main.log.
Latexmk: Getting log file 'main.log'
Latexmk: Examining 'main.fls'
Latexmk: Examining 'main.log'
Latexmk: Log file says output to 'main.pdf'
Latexmk: Errors, so I did not complete making targets
Collected error summary (may duplicate other messages):
  pdflatex: Command for 'pdflatex' gave return code 1
      Refer to 'main.log' and/or above output for details



STDERR:
Latexmk: Sometimes, the -f option can be used to get latexmk
  to try to force complete processing.
  But normally, you will need to correct the file(s) that caused the
  error, and then rerun latexmk.
  In some cases, it is best to clean out generated files before rerunning
  latexmk after you've corrected the files.
Reverting Windows console CPs to (in,out) = (437,65001)
