This is pdfTeX, Version 3.141592653-2.6-1.40.29 (MiKTeX 26.5) (preloaded format=pdflatex 2026.7.9)  21 JUL 2026 18:41
entering extended mode
 restricted \write18 enabled.
 file:line:error style messages enabled.
 %&-line parsing enabled.
**G:/work/Journal2LaTeX/backend/temp/d781f89f-d154-4615-b9b3-d9b02b68f90c/rende
red/main.tex

(G:/work/Journal2LaTeX/backend/temp/d781f89f-d154-4615-b9b3-d9b02b68f90c/render
ed/main.tex
LaTeX2e <2026-06-01>
L3 programming layer <2026-06-18>

! LaTeX Error: File `NSP1.cls' not found.

Type X to quit or <RETURN> to proceed,
or enter new name. (Default extension: cls)

Enter file name: 
G:/work/Journal2LaTeX/backend/temp/d781f89f-d154-4615-b9b3-d9b02b68f90c/rendere
d/main.tex:3: Emergency stop.
<read *> 
         
l.3 \usepackage
               {url,floatflt,cite}^^M
*** (cannot \read from terminal in nonstop modes)

 
Here is how much of TeX's memory you used:
 26 strings out of 467510
 748 string characters out of 5409281
 435365 words of memory out of 5000000
 29363 multiletter control sequences out of 15000+600000
 627721 words of font info for 40 fonts, out of 8000000 for 9000
 1141 hyphenation exceptions out of 8191
 19i,0n,29p,165b,17s stack positions out of 10000i,1000n,20000p,200000b,200000s
G:/work/Journal2LaTeX/backend/temp/d781f89f-d154-4615-b9b3-d9b02b68f90c/rendere
d/main.tex:3:  ==> Fatal error occurred, no output PDF file produced!
