[2026-07-17 23:06:45,407] [INFO] [job_manager.py:92]: Job 1b80b6ee-d39b-4121-b015-7018fb669d63 workspace created successfully
[2026-07-17 23:06:45,429] [INFO] [pipeline_service.py:30]: Starting validation for job: 1b80b6ee-d39b-4121-b015-7018fb669d63
[2026-07-17 23:06:45,430] [INFO] [job_manager.py:136]: Job status updated to: VALIDATING
[2026-07-17 23:06:45,445] [INFO] [job_manager.py:160]: Progress updated to 10%: Validating input Word Document
[2026-07-17 23:06:45,449] [INFO] [pipeline_service.py:46]: Validation successful.
[2026-07-17 23:06:45,463] [INFO] [job_manager.py:160]: Progress updated to 20%: Input document validated successfully
[2026-07-17 23:06:45,463] [INFO] [pipeline_service.py:61]: Starting document conversion for job: 1b80b6ee-d39b-4121-b015-7018fb669d63
[2026-07-17 23:06:45,485] [INFO] [job_manager.py:136]: Job status updated to: CONVERTING
[2026-07-17 23:06:45,496] [INFO] [job_manager.py:160]: Progress updated to 30%: Converting document elements to LaTeX
[2026-07-17 23:06:45,653] [INFO] [job_manager.py:160]: Progress updated to 50%: Extracting embedded media files
[2026-07-17 23:06:45,689] [INFO] [pipeline_service.py:82]: Conversion completed successfully.
[2026-07-17 23:06:45,703] [INFO] [job_manager.py:160]: Progress updated to 60%: Document conversion completed
[2026-07-17 23:06:45,723] [INFO] [pipeline_service.py:102]: Starting document compilation for job: 1b80b6ee-d39b-4121-b015-7018fb669d63
[2026-07-17 23:06:45,724] [INFO] [job_manager.py:136]: Job status updated to: COMPILING
[2026-07-17 23:06:45,736] [INFO] [job_manager.py:160]: Progress updated to 70%: Running LaTeX compilation engine
[2026-07-17 23:07:13,178] [INFO] [pipeline_service.py:116]: Compilation completed successfully.
[2026-07-17 23:07:13,190] [INFO] [job_manager.py:160]: Progress updated to 90%: LaTeX compilation completed
[2026-07-17 23:07:13,190] [INFO] [pipeline_service.py:136]: Exporting output files for job: 1b80b6ee-d39b-4121-b015-7018fb669d63
[2026-07-17 23:07:13,204] [INFO] [job_manager.py:136]: Job status updated to: EXPORTING
[2026-07-17 23:07:13,215] [INFO] [job_manager.py:160]: Progress updated to 95%: Exporting generated files
[2026-07-17 23:07:13,245] [INFO] [job_manager.py:136]: Job status updated to: COMPLETED
[2026-07-17 23:07:13,257] [INFO] [job_manager.py:160]: Progress updated to 100%: Pipeline process completed successfully
[2026-07-17 23:07:13,257] [INFO] [pipeline_service.py:154]: Job execution completed successfully.
