[2026-07-22 12:32:55,544] [INFO] [latex_compiler.py:337]: Starting LaTeX compilation for: G:\work\Journal2LaTeX\backend\temp\dd065692-e9e6-478b-abda-db204af3dd73\rendered\main.tex
[2026-07-22 12:32:55,694] [INFO] [latex_compiler.py:364]: Applied template compatibility layer to main.tex
[2026-07-22 12:32:55,698] [INFO] [latex_compiler.py:126]: Rendered working directory tree before compilation:
  author1.jpg
  author2.jpg
  author3.jpg
  fig2_qol.png
  fig3_bdds.png
  fig4_sads.png
  fig5_model.png
  logo7pt.eps
  logo7pt.pdf
  main.pdf
  main.tex
  media/
    image1.jpeg
    image10.jpeg
    image4.jpeg
    image5.png
    image6.png
    image7.png
    image8.jpeg
    image9.jpeg
    office_obj_1.png
  NSP1.cls
  nsplogo.jpg
  template.json
[2026-07-22 12:32:55,702] [INFO] [latex_compiler.py:132]: Template resource manifest (23 files):
  author1.jpg                              template resource (graphic (JPEG))
  author2.jpg                              template resource (graphic (JPEG))
  author3.jpg                              template resource (graphic (JPEG))
  fig2_qol.png                             template resource (graphic (PNG))
  fig3_bdds.png                            template resource (graphic (PNG))
  fig4_sads.png                            template resource (graphic (PNG))
  fig5_model.png                           template resource (graphic (PNG))
  logo7pt.eps                              template resource (graphic (EPS))
  logo7pt.pdf                              template resource (graphic (PDF))
  main.pdf                                 generated document / build artefact
  main.tex                                 generated document / build artefact
  media\image1.jpeg                        renderer-generated media
  media\image10.jpeg                       renderer-generated media
  media\image4.jpeg                        renderer-generated media
  media\image5.png                         renderer-generated media
  media\image6.png                         renderer-generated media
  media\image7.png                         renderer-generated media
  media\image8.jpeg                        renderer-generated media
  media\image9.jpeg                        renderer-generated media
  media\office_obj_1.png                   renderer-generated media
  NSP1.cls                                 template resource (document class)
  nsplogo.jpg                              template resource (graphic (JPEG))
  template.json                            template metadata
[2026-07-22 12:32:59,972] [INFO] [latex_compiler.py:154]: Dependency resolution (15 references):
  [LOCAL  ] documentclass   NSP1
  [SYSTEM ] usepackage      xcolor
  [SYSTEM ] usepackage      amsmath
  [SYSTEM ] usepackage      amssymb
  [SYSTEM ] usepackage      multirow
  [SYSTEM ] usepackage      tikz
  [SYSTEM ] usepackage      graphicx
  [SYSTEM ] usepackage      array
  [SYSTEM ] usepackage      newunicodechar
  [DYNAMIC] includegraphics #1
  [LOCAL  ] includegraphics nsplogo.jpg
  [LOCAL  ] includegraphics media/office_obj_1.png
  [LOCAL  ] includegraphics media/image5.png
  [LOCAL  ] includegraphics media/image6.png
  [LOCAL  ] includegraphics media/image7.png
[2026-07-22 12:33:00,704] [INFO] [latex_compiler.py:395]: Using latexmk compiler.
[2026-07-22 12:33:07,969] [INFO] [latex_compiler.py:462]: Compilation completed successfully. PDF generated at: G:\work\Journal2LaTeX\backend\temp\dd065692-e9e6-478b-abda-db204af3dd73\output\paper.pdf
[2026-07-22 12:33:08,012] [INFO] [latex_compiler.py:337]: Starting LaTeX compilation for: G:\work\Journal2LaTeX\backend\temp\dd065692-e9e6-478b-abda-db204af3dd73\rendered\main.tex
[2026-07-22 12:33:08,124] [INFO] [latex_compiler.py:364]: Applied template compatibility layer to main.tex
[2026-07-22 12:33:08,129] [INFO] [latex_compiler.py:126]: Rendered working directory tree before compilation:
  author1.jpg
  author2.jpg
  author3.jpg
  fig2_qol.png
  fig3_bdds.png
  fig4_sads.png
  fig5_model.png
  logo7pt.eps
  logo7pt.pdf
  main.aux
  main.fdb_latexmk
  main.fls
  main.log
  main.out
  main.pdf
  main.tex
  media/
    image1.jpeg
    image10.jpeg
    image4.jpeg
    image5.png
    image6.png
    image7.png
    image8.jpeg
    image9.jpeg
    office_obj_1.png
  NSP1.cls
  nsplogo.jpg
  template.json
[2026-07-22 12:33:08,132] [INFO] [latex_compiler.py:132]: Template resource manifest (28 files):
  author1.jpg                              template resource (graphic (JPEG))
  author2.jpg                              template resource (graphic (JPEG))
  author3.jpg                              template resource (graphic (JPEG))
  fig2_qol.png                             template resource (graphic (PNG))
  fig3_bdds.png                            template resource (graphic (PNG))
  fig4_sads.png                            template resource (graphic (PNG))
  fig5_model.png                           template resource (graphic (PNG))
  logo7pt.eps                              template resource (graphic (EPS))
  logo7pt.pdf                              template resource (graphic (PDF))
  main.aux                                 generated document / build artefact
  main.fdb_latexmk                         generated document / build artefact
  main.fls                                 generated document / build artefact
  main.log                                 generated document / build artefact
  main.out                                 generated document / build artefact
  main.pdf                                 generated document / build artefact
  main.tex                                 generated document / build artefact
  media\image1.jpeg                        renderer-generated media
  media\image10.jpeg                       renderer-generated media
  media\image4.jpeg                        renderer-generated media
  media\image5.png                         renderer-generated media
  media\image6.png                         renderer-generated media
  media\image7.png                         renderer-generated media
  media\image8.jpeg                        renderer-generated media
  media\image9.jpeg                        renderer-generated media
  media\office_obj_1.png                   renderer-generated media
  NSP1.cls                                 template resource (document class)
  nsplogo.jpg                              template resource (graphic (JPEG))
  template.json                            template metadata
[2026-07-22 12:33:08,795] [INFO] [latex_compiler.py:154]: Dependency resolution (16 references):
  [LOCAL  ] documentclass   NSP1
  [SYSTEM ] usepackage      xcolor
  [SYSTEM ] usepackage      amsmath
  [SYSTEM ] usepackage      amssymb
  [SYSTEM ] usepackage      multirow
  [SYSTEM ] usepackage      tikz
  [SYSTEM ] usepackage      graphicx
  [SYSTEM ] usepackage      array
  [SYSTEM ] usepackage      newunicodechar
  [SYSTEM ] usepackage      geometry
  [DYNAMIC] includegraphics #1
  [LOCAL  ] includegraphics nsplogo.jpg
  [LOCAL  ] includegraphics media/office_obj_1.png
  [LOCAL  ] includegraphics media/image5.png
  [LOCAL  ] includegraphics media/image6.png
  [LOCAL  ] includegraphics media/image7.png
[2026-07-22 12:33:08,796] [INFO] [latex_compiler.py:395]: Using latexmk compiler.
[2026-07-22 12:33:10,972] [ERROR] [latex_compiler.py:450]: LaTeX compilation failed. PDF not generated. Check raw logs for details.
[2026-07-22 12:33:10,978] [INFO] [latex_compiler.py:337]: Starting LaTeX compilation for: G:\work\Journal2LaTeX\backend\temp\dd065692-e9e6-478b-abda-db204af3dd73\rendered\main.tex
[2026-07-22 12:33:11,107] [INFO] [latex_compiler.py:364]: Applied template compatibility layer to main.tex
[2026-07-22 12:33:11,110] [INFO] [latex_compiler.py:126]: Rendered working directory tree before compilation:
  author1.jpg
  author2.jpg
  author3.jpg
  fig2_qol.png
  fig3_bdds.png
  fig4_sads.png
  fig5_model.png
  logo7pt.eps
  logo7pt.pdf
  main.aux
  main.fdb_latexmk
  main.fls
  main.log
  main.out
  main.tex
  media/
    image1.jpeg
    image10.jpeg
    image4.jpeg
    image5.png
    image6.png
    image7.png
    image8.jpeg
    image9.jpeg
    office_obj_1.png
  NSP1.cls
  nsplogo.jpg
  template.json
[2026-07-22 12:33:11,113] [INFO] [latex_compiler.py:132]: Template resource manifest (27 files):
  author1.jpg                              template resource (graphic (JPEG))
  author2.jpg                              template resource (graphic (JPEG))
  author3.jpg                              template resource (graphic (JPEG))
  fig2_qol.png                             template resource (graphic (PNG))
  fig3_bdds.png                            template resource (graphic (PNG))
  fig4_sads.png                            template resource (graphic (PNG))
  fig5_model.png                           template resource (graphic (PNG))
  logo7pt.eps                              template resource (graphic (EPS))
  logo7pt.pdf                              template resource (graphic (PDF))
  main.aux                                 generated document / build artefact
  main.fdb_latexmk                         generated document / build artefact
  main.fls                                 generated document / build artefact
  main.log                                 generated document / build artefact
  main.out                                 generated document / build artefact
  main.tex                                 generated document / build artefact
  media\image1.jpeg                        renderer-generated media
  media\image10.jpeg                       renderer-generated media
  media\image4.jpeg                        renderer-generated media
  media\image5.png                         renderer-generated media
  media\image6.png                         renderer-generated media
  media\image7.png                         renderer-generated media
  media\image8.jpeg                        renderer-generated media
  media\image9.jpeg                        renderer-generated media
  media\office_obj_1.png                   renderer-generated media
  NSP1.cls                                 template resource (document class)
  nsplogo.jpg                              template resource (graphic (JPEG))
  template.json                            template metadata
[2026-07-22 12:33:11,259] [INFO] [latex_compiler.py:154]: Dependency resolution (15 references):
  [LOCAL  ] documentclass   NSP1
  [SYSTEM ] usepackage      xcolor
  [SYSTEM ] usepackage      amsmath
  [SYSTEM ] usepackage      amssymb
  [SYSTEM ] usepackage      multirow
  [SYSTEM ] usepackage      tikz
  [SYSTEM ] usepackage      graphicx
  [SYSTEM ] usepackage      array
  [SYSTEM ] usepackage      newunicodechar
  [DYNAMIC] includegraphics #1
  [LOCAL  ] includegraphics nsplogo.jpg
  [LOCAL  ] includegraphics media/office_obj_1.png
  [LOCAL  ] includegraphics media/image5.png
  [LOCAL  ] includegraphics media/image6.png
  [LOCAL  ] includegraphics media/image7.png
[2026-07-22 12:33:11,259] [INFO] [latex_compiler.py:395]: Using latexmk compiler.
[2026-07-22 12:33:13,447] [ERROR] [latex_compiler.py:450]: LaTeX compilation failed. PDF not generated. Check raw logs for details.
