[2026-07-28 17:51:55,174] [INFO] [latex_compiler.py:337]: Starting LaTeX compilation for: G:\work\Journal2LaTeX\backend\temp\cd6c007a-5814-4e06-ad27-b50091d23aa9\rendered\main.tex
[2026-07-28 17:51:55,229] [INFO] [latex_compiler.py:364]: Applied template compatibility layer to main.tex
[2026-07-28 17:51:55,231] [INFO] [latex_compiler.py:126]: Rendered working directory tree before compilation:
  010101.pdf
  010101.tex
  everyshi.sty
  FDESPFDA2014revised1.eps
  logo7pt.eps
  main.tex
  media/
    image1.png
    image2.png
    image3.png
  NSP1.cls
  psfig.sty
  template.json
[2026-07-28 17:51:55,232] [INFO] [latex_compiler.py:132]: Template resource manifest (12 files):
  010101.pdf                               template resource (graphic (PDF))
  010101.tex                               template resource (included source)
  everyshi.sty                             template resource (package / style)
  FDESPFDA2014revised1.eps                 template resource (graphic (EPS))
  logo7pt.eps                              template resource (graphic (EPS))
  main.tex                                 generated document / build artefact
  media\image1.png                         renderer-generated media
  media\image2.png                         renderer-generated media
  media\image3.png                         renderer-generated media
  NSP1.cls                                 template resource (document class)
  psfig.sty                                template resource (package / style)
  template.json                            template metadata
[2026-07-28 17:51:55,253] [INFO] [latex_compiler.py:154]: Dependency resolution (18 references):
  [LOCAL  ] documentclass   NSP1
  [SYSTEM ] usepackage      xcolor
  [SYSTEM ] usepackage      url
  [SYSTEM ] usepackage      floatflt
  [SYSTEM ] usepackage      helvet
  [SYSTEM ] usepackage      times
  [LOCAL  ] usepackage      psfig
  [SYSTEM ] usepackage      graphics
  [SYSTEM ] usepackage      mathptmx
  [SYSTEM ] usepackage      amsmath
  [SYSTEM ] usepackage      amssymb
  [SYSTEM ] usepackage      bm
  [SYSTEM ] usepackage      float
  [SYSTEM ] usepackage      caption
  [SYSTEM ] usepackage      graphicx
  [SYSTEM ] usepackage      type1cm
  [SYSTEM ] usepackage      fix-cm
  [DYNAMIC] includegraphics #1
[2026-07-28 17:51:55,253] [INFO] [latex_compiler.py:395]: Using latexmk compiler.
[2026-07-28 17:51:58,877] [INFO] [latex_compiler.py:462]: Compilation completed successfully. PDF generated at: G:\work\Journal2LaTeX\backend\temp\cd6c007a-5814-4e06-ad27-b50091d23aa9\output\paper.pdf
