[2026-08-09 16:26:43,176] [INFO] [job_manager.py:153]: Job b0322fb8-1471-48f1-8855-befe170b87b0 workspace created successfully
[2026-08-09 16:26:43,212] [INFO] [pipeline_service.py:46]: Starting validation for job: b0322fb8-1471-48f1-8855-befe170b87b0
[2026-08-09 16:26:43,244] [INFO] [job_manager.py:202]: Job status updated to: VALIDATING
[2026-08-09 16:26:43,267] [INFO] [job_manager.py:226]: Progress updated to 10%: Validating input Word Document
[2026-08-09 16:26:43,269] [INFO] [pipeline_service.py:61]: Validation successful.
[2026-08-09 16:26:43,290] [INFO] [job_manager.py:226]: Progress updated to 20%: Input document validated successfully
[2026-08-09 16:26:43,291] [INFO] [pipeline_service.py:68]: Starting document analysis for job: b0322fb8-1471-48f1-8855-befe170b87b0
[2026-08-09 16:26:43,308] [INFO] [job_manager.py:202]: Job status updated to: ANALYZING_DOCUMENT
[2026-08-09 16:26:43,326] [INFO] [job_manager.py:226]: Progress updated to 30%: Analyzing document structure and content blocks
[2026-08-09 16:26:43,326] [INFO] [document_analyzer.py:228]: Starting improved document analysis for: G:\work\Journal2LaTeX\backend\temp\b0322fb8-1471-48f1-8855-befe170b87b0\input\sample.docx
[2026-08-09 16:26:43,409] [INFO] [document_analyzer.py:1045]: Parsed document: title='Hello from Journal2LaTeX. This is a minimal DOCX document to verify the conversion engine.', authors=0, sections=0, references=0
[2026-08-09 16:26:43,411] [INFO] [pipeline_service.py:96]: Document analysis completed. Saved structure to: G:\work\Journal2LaTeX\backend\temp\b0322fb8-1471-48f1-8855-befe170b87b0\intermediate\document_structure.json, report to: G:\work\Journal2LaTeX\backend\temp\b0322fb8-1471-48f1-8855-befe170b87b0\intermediate\conversion_report.json
[2026-08-09 16:26:43,434] [INFO] [job_manager.py:226]: Progress updated to 45%: Document structure extracted successfully
[2026-08-09 16:26:43,434] [INFO] [pipeline_service.py:109]: Starting asset extraction for job: b0322fb8-1471-48f1-8855-befe170b87b0
[2026-08-09 16:26:43,451] [INFO] [job_manager.py:202]: Job status updated to: EXTRACTING_ASSETS
[2026-08-09 16:26:43,471] [INFO] [job_manager.py:226]: Progress updated to 50%: Extracting images and figure assets from document
[2026-08-09 16:26:43,551] [INFO] [pipeline_service.py:156]: Assets extracted to: G:\work\Journal2LaTeX\backend\temp\b0322fb8-1471-48f1-8855-befe170b87b0\intermediate\media
[2026-08-09 16:26:43,567] [INFO] [job_manager.py:226]: Progress updated to 60%: Document assets extracted successfully
[2026-08-09 16:26:43,567] [INFO] [pipeline_service.py:273]: Classifying extracted assets for job: b0322fb8-1471-48f1-8855-befe170b87b0
[2026-08-09 16:26:43,567] [INFO] [asset_analyzer.py:23]: Starting extended asset analysis for job: b0322fb8-1471-48f1-8855-befe170b87b0
[2026-08-09 16:26:43,569] [INFO] [asset_analyzer.py:153]: Extended asset classification completed. Assets classified: 0
[2026-08-09 16:26:43,584] [INFO] [job_manager.py:226]: Progress updated to 65%: Extracted assets analyzed and mapped successfully
[2026-08-09 16:26:43,614] [INFO] [pipeline_service.py:289]: Loading template default for job: b0322fb8-1471-48f1-8855-befe170b87b0
[2026-08-09 16:26:43,638] [INFO] [job_manager.py:202]: Job status updated to: LOADING_TEMPLATE
[2026-08-09 16:26:43,654] [INFO] [job_manager.py:226]: Progress updated to 70%: Loading template styles: default
[2026-08-09 16:26:43,743] [INFO] [pipeline_service.py:311]: Template loaded and workspace prepared at: G:\work\Journal2LaTeX\backend\temp\b0322fb8-1471-48f1-8855-befe170b87b0\rendered
[2026-08-09 16:26:43,763] [INFO] [job_manager.py:226]: Progress updated to 80%: Template workspace initialized
[2026-08-09 16:26:43,765] [INFO] [pipeline_service.py:336]: Starting LaTeX rendering for job: b0322fb8-1471-48f1-8855-befe170b87b0
[2026-08-09 16:26:43,782] [INFO] [job_manager.py:202]: Job status updated to: RENDERING_LATEX
[2026-08-09 16:26:43,802] [INFO] [job_manager.py:226]: Progress updated to 85%: Rendering document content to LaTeX
[2026-08-09 16:26:43,803] [INFO] [latex_renderer.py:104]: Starting LaTeX rendering inside workspace: G:\work\Journal2LaTeX\backend\temp\b0322fb8-1471-48f1-8855-befe170b87b0\rendered
[2026-08-09 16:26:43,808] [INFO] [latex_renderer.py:507]: LaTeX document main.tex rendered successfully.
[2026-08-09 16:26:43,823] [INFO] [job_manager.py:226]: Progress updated to 90%: LaTeX document rendering completed
[2026-08-09 16:26:43,824] [INFO] [pipeline_service.py:399]: Starting document compilation for job: b0322fb8-1471-48f1-8855-befe170b87b0
[2026-08-09 16:26:43,843] [INFO] [job_manager.py:202]: Job status updated to: COMPILING
[2026-08-09 16:26:43,856] [INFO] [job_manager.py:226]: Progress updated to 92%: Compiling LaTeX source to PDF
[2026-08-09 16:26:47,809] [INFO] [pipeline_service.py:422]: Compilation completed successfully.
[2026-08-09 16:26:47,810] [INFO] [pipeline_service.py:437]: Running E2E publication fidelity checker for job: b0322fb8-1471-48f1-8855-befe170b87b0
[2026-08-09 16:26:47,810] [INFO] [fidelity_checker.py:70]: Generating advanced fidelity report and scores for job: b0322fb8-1471-48f1-8855-befe170b87b0
[2026-08-09 16:26:47,812] [INFO] [fidelity_checker.py:250]: Fidelity report written to G:\work\Journal2LaTeX\backend\temp\b0322fb8-1471-48f1-8855-befe170b87b0\intermediate\fidelity_report.json. Overall Score: 100.0%, Critical missing: 0
[2026-08-09 16:26:47,832] [INFO] [job_manager.py:202]: Job status updated to: COMPLETED
[2026-08-09 16:26:47,846] [INFO] [job_manager.py:226]: Progress updated to 100%: Pipeline process completed successfully
