[2026-08-03 10:22:06,085] [INFO] [latex_compiler.py:337]: Starting LaTeX compilation for: G:\work\Journal2LaTeX\backend\temp\05e9ded2-b7b5-4c3a-9927-f87a79b0d301\rendered\main.tex
[2026-08-03 10:22:06,135] [INFO] [latex_compiler.py:364]: Applied template compatibility layer to main.tex
[2026-08-03 10:22:06,139] [INFO] [latex_compiler.py:126]: Rendered working directory tree before compilation:
  everyshi.sty
  logo7pt-eps-converted-to.pdf
  logo7pt.eps
  main.tex
  media/
    image1.jpeg
    image10.jpeg
    image4.jpeg
    image5.png
    image6.png
    image7.png
    image8.jpeg
    image9.jpeg
    office_obj_1.png
  NSP1.cls
  psfig.sty
  role.aux
  role.log
  role.out
  role.pdf
  role.synctex.gz
  role.tex
  role_pdf.txt
  template.json
  texput.log
  The_role.md
[2026-08-03 10:22:06,148] [INFO] [latex_compiler.py:132]: Template resource manifest (25 files):
  everyshi.sty                             template resource (package / style)
  logo7pt-eps-converted-to.pdf             template resource (graphic (PDF))
  logo7pt.eps                              template resource (graphic (EPS))
  main.tex                                 generated document / build artefact
  media\image1.jpeg                        renderer-generated media
  media\image10.jpeg                       renderer-generated media
  media\image4.jpeg                        renderer-generated media
  media\image5.png                         renderer-generated media
  media\image6.png                         renderer-generated media
  media\image7.png                         renderer-generated media
  media\image8.jpeg                        renderer-generated media
  media\image9.jpeg                        renderer-generated media
  media\office_obj_1.png                   renderer-generated media
  NSP1.cls                                 template resource (document class)
  psfig.sty                                template resource (package / style)
  role.aux                                 generated document / build artefact
  role.log                                 generated document / build artefact
  role.out                                 generated document / build artefact
  role.pdf                                 template resource (graphic (PDF))
  role.synctex.gz                          generated document / build artefact
  role.tex                                 template resource (included source)
  role_pdf.txt                             template resource
  template.json                            template metadata
  texput.log                               generated document / build artefact
  The_role.md                              template resource
[2026-08-03 10:22:06,815] [INFO] [latex_compiler.py:154]: Dependency resolution (29 references):
  [LOCAL  ] documentclass   NSP1
  [SYSTEM ] usepackage      xcolor
  [SYSTEM ] usepackage      url
  [SYSTEM ] usepackage      floatflt
  [SYSTEM ] usepackage      helvet
  [SYSTEM ] usepackage      times
  [LOCAL  ] usepackage      psfig
  [SYSTEM ] usepackage      graphics
  [SYSTEM ] usepackage      mathptmx
  [SYSTEM ] usepackage      amsmath
  [SYSTEM ] usepackage      amssymb
  [SYSTEM ] usepackage      bm
  [SYSTEM ] usepackage      float
  [SYSTEM ] usepackage      caption
  [SYSTEM ] usepackage      array
  [SYSTEM ] usepackage      multirow
  [SYSTEM ] usepackage      makecell
  [SYSTEM ] usepackage      newunicodechar
  [SYSTEM ] usepackage      wrapfig
  [SYSTEM ] usepackage      graphicx
  [SYSTEM ] usepackage      cuted
  [SYSTEM ] usepackage      type1cm
  [SYSTEM ] usepackage      fix-cm
  [LOCAL  ] includegraphics logo7pt
  [DYNAMIC] includegraphics #1
  [LOCAL  ] includegraphics media/image5.png
  [LOCAL  ] includegraphics media/office_obj_1.png
  [LOCAL  ] includegraphics media/image6.png
  [LOCAL  ] includegraphics media/image7.png
[2026-08-03 10:22:06,816] [INFO] [latex_compiler.py:395]: Using latexmk compiler.
[2026-08-03 10:22:14,409] [INFO] [latex_compiler.py:462]: Compilation completed successfully. PDF generated at: G:\work\Journal2LaTeX\backend\temp\05e9ded2-b7b5-4c3a-9927-f87a79b0d301\output\paper.pdf
