STDOUT:
Initial Win CP for (console input, console output, system): (CP437, CP65001, CP1252)
I changed them all to CP1252
Rc files read (in order):
  NONE
Latexmk: This is Latexmk, John Collins, 9 March 2026. Version 4.88.
No existing .aux file, so I'll make a simple one, and require run of *latex.
Force everything to be remade.
Latexmk: applying rule 'pdflatex'...
Rule 'pdflatex':  Reasons for rerun
Category 'other':
  Rerun of 'pdflatex' forced or previously required:
    Reason or flag: 'go_mode'

------------
Run number 1 of rule 'pdflatex'
------------
------------
Running 'pdflatex  -interaction=nonstopmode -file-line-error -recorder  "G:/work/Journal2LaTeX/backend/temp/ec53fcf3-b087-473c-b3fd-c0e13ef1d169/rendered/main.tex"'
------------
This is pdfTeX, Version 3.141592653-2.6-1.40.29 (MiKTeX 26.5) (preloaded format=pdflatex.fmt)
 restricted \write18 enabled.
entering extended mode

(G:/work/Journal2LaTeX/backend/temp/ec53fcf3-b087-473c-b3fd-c0e13ef1d169/render
ed/main.tex
LaTeX2e <2026-06-01>
L3 programming layer <2026-06-18>

! LaTeX Error: File `NSP1.cls' not found.

Type X to quit or <RETURN> to proceed,
or enter new name. (Default extension: cls)

Enter file name: 
G:/work/Journal2LaTeX/backend/temp/ec53fcf3-b087-473c-b3fd-c0e13ef1d169/rendere
d/main.tex:3: Emergency stop.
<read *> 
         
l.3 \usepackage
               {url,floatflt,cite}^^M
G:/work/Journal2LaTeX/backend/temp/ec53fcf3-b087-473c-b3fd-c0e13ef1d169/rendere
d/main.tex:3:  ==> Fatal error occurred, no output PDF file produced!
Transcript written on main.log.
Latexmk: Getting log file 'main.log'
Latexmk: Examining 'main.fls'
Latexmk: Examining 'main.log'
Latexmk: Errors, so I did not complete making targets
Collected error summary (may duplicate other messages):
  pdflatex: Command for 'pdflatex' gave return code 1
      Refer to 'main.log' and/or above output for details



STDERR:
Latexmk: Missing input file 'NSP1.cls' message in .log file:
  ! LaTeX Error: File `NSP1.cls' not found.
Latexmk: Sometimes, the -f option can be used to get latexmk
  to try to force complete processing.
  But normally, you will need to correct the file(s) that caused the
  error, and then rerun latexmk.
  In some cases, it is best to clean out generated files before rerunning
  latexmk after you've corrected the files.
Reverting Windows console CPs to (in,out) = (437,65001)
