[2026-07-21 18:04:11,187] [INFO] [job_manager.py:136]: Job ec53fcf3-b087-473c-b3fd-c0e13ef1d169 workspace created successfully
[2026-07-21 18:04:11,228] [INFO] [pipeline_service.py:45]: Starting validation for job: ec53fcf3-b087-473c-b3fd-c0e13ef1d169
[2026-07-21 18:04:11,244] [INFO] [job_manager.py:180]: Job status updated to: VALIDATING
[2026-07-21 18:04:11,257] [INFO] [job_manager.py:204]: Progress updated to 10%: Validating input Word Document
[2026-07-21 18:04:11,276] [INFO] [pipeline_service.py:60]: Validation successful.
[2026-07-21 18:04:11,288] [INFO] [job_manager.py:204]: Progress updated to 20%: Input document validated successfully
[2026-07-21 18:04:11,289] [INFO] [pipeline_service.py:67]: Starting document analysis for job: ec53fcf3-b087-473c-b3fd-c0e13ef1d169
[2026-07-21 18:04:11,304] [INFO] [job_manager.py:180]: Job status updated to: ANALYZING_DOCUMENT
[2026-07-21 18:04:11,319] [INFO] [job_manager.py:204]: Progress updated to 30%: Analyzing document structure and content blocks
[2026-07-21 18:04:11,319] [INFO] [document_analyzer.py:33]: Starting improved document analysis for: G:\work\Journal2LaTeX\backend\temp\ec53fcf3-b087-473c-b3fd-c0e13ef1d169\input\The role.docx
[2026-07-21 18:04:13,315] [INFO] [document_analyzer.py:461]: Parsed document: title='The Role of Social Media in the Spread and Countering of Cyber-Extremism: An Islamic Jurisprudential and Educational Perspective', authors=19, sections=1, references=42
[2026-07-21 18:04:13,332] [INFO] [pipeline_service.py:95]: Document analysis completed. Saved structure to: G:\work\Journal2LaTeX\backend\temp\ec53fcf3-b087-473c-b3fd-c0e13ef1d169\intermediate\document_structure.json, report to: G:\work\Journal2LaTeX\backend\temp\ec53fcf3-b087-473c-b3fd-c0e13ef1d169\intermediate\conversion_report.json
[2026-07-21 18:04:13,350] [INFO] [job_manager.py:204]: Progress updated to 45%: Document structure extracted successfully
[2026-07-21 18:04:13,350] [INFO] [pipeline_service.py:108]: Starting asset extraction for job: ec53fcf3-b087-473c-b3fd-c0e13ef1d169
[2026-07-21 18:04:13,370] [INFO] [job_manager.py:180]: Job status updated to: EXTRACTING_ASSETS
[2026-07-21 18:04:13,384] [INFO] [job_manager.py:204]: Progress updated to 50%: Extracting images and figure assets from document
[2026-07-21 18:04:14,615] [INFO] [pipeline_service.py:141]: Assets extracted to: G:\work\Journal2LaTeX\backend\temp\ec53fcf3-b087-473c-b3fd-c0e13ef1d169\intermediate\media
[2026-07-21 18:04:14,633] [INFO] [job_manager.py:204]: Progress updated to 60%: Document assets extracted successfully
[2026-07-21 18:04:14,634] [INFO] [pipeline_service.py:231]: Classifying extracted assets for job: ec53fcf3-b087-473c-b3fd-c0e13ef1d169
[2026-07-21 18:04:14,634] [INFO] [asset_analyzer.py:23]: Starting extended asset analysis for job: ec53fcf3-b087-473c-b3fd-c0e13ef1d169
[2026-07-21 18:04:14,637] [INFO] [asset_analyzer.py:153]: Extended asset classification completed. Assets classified: 7
[2026-07-21 18:04:14,654] [INFO] [job_manager.py:204]: Progress updated to 65%: Extracted assets analyzed and mapped successfully
[2026-07-21 18:04:14,774] [INFO] [pipeline_service.py:247]: Loading template 4b5a90d6-63d6-4ac6-bc1d-e2e4c6e7f303 for job: ec53fcf3-b087-473c-b3fd-c0e13ef1d169
[2026-07-21 18:04:14,792] [INFO] [job_manager.py:180]: Job status updated to: LOADING_TEMPLATE
[2026-07-21 18:04:14,806] [INFO] [job_manager.py:204]: Progress updated to 70%: Loading template styles: 4b5a90d6-63d6-4ac6-bc1d-e2e4c6e7f303
[2026-07-21 18:04:14,874] [INFO] [pipeline_service.py:269]: Template loaded and workspace prepared at: G:\work\Journal2LaTeX\backend\temp\ec53fcf3-b087-473c-b3fd-c0e13ef1d169\rendered
[2026-07-21 18:04:14,888] [INFO] [job_manager.py:204]: Progress updated to 80%: Template workspace initialized
[2026-07-21 18:04:14,891] [INFO] [pipeline_service.py:294]: Starting LaTeX rendering for job: ec53fcf3-b087-473c-b3fd-c0e13ef1d169
[2026-07-21 18:04:14,903] [INFO] [job_manager.py:180]: Job status updated to: RENDERING_LATEX
[2026-07-21 18:04:14,916] [INFO] [job_manager.py:204]: Progress updated to 85%: Rendering document content to LaTeX
[2026-07-21 18:04:14,932] [INFO] [latex_renderer.py:72]: Starting LaTeX rendering inside workspace: G:\work\Journal2LaTeX\backend\temp\ec53fcf3-b087-473c-b3fd-c0e13ef1d169\rendered
[2026-07-21 18:04:15,023] [INFO] [latex_renderer.py:355]: LaTeX document main.tex rendered successfully.
[2026-07-21 18:04:15,184] [INFO] [job_manager.py:204]: Progress updated to 90%: LaTeX document rendering completed
[2026-07-21 18:04:15,185] [INFO] [pipeline_service.py:357]: Starting document compilation for job: ec53fcf3-b087-473c-b3fd-c0e13ef1d169
[2026-07-21 18:04:15,207] [INFO] [job_manager.py:180]: Job status updated to: COMPILING
[2026-07-21 18:04:15,225] [INFO] [job_manager.py:204]: Progress updated to 92%: Compiling LaTeX source to PDF
[2026-07-21 18:04:19,319] [ERROR] [pipeline_service.py:385]: LaTeX compilation failed: LaTeX compilation failed. PDF not generated.
[2026-07-21 18:04:19,336] [ERROR] [job_manager.py:228]: Job error added: LaTeX compilation failed: LaTeX compilation failed. PDF not generated.
