[2026-07-22 12:15:30,122] [INFO] [latex_compiler.py:321]: Starting LaTeX compilation for: G:\work\Journal2LaTeX\backend\temp\2e6f3a05-abca-48e7-ae02-350e26845cf8\rendered\main.tex
[2026-07-22 12:15:30,124] [INFO] [latex_compiler.py:125]: Rendered working directory tree before compilation:
  default.cls
  default.sty
  logo.png
  main.tex
  media/
    image1.jpeg
    image10.jpeg
    image4.jpeg
    image5.png
    image6.png
    image7.png
    image8.jpeg
    image9.jpeg
    office_obj_1.png
  template.json
  template.tex
[2026-07-22 12:15:30,126] [INFO] [latex_compiler.py:131]: Template resource manifest (15 files):
  default.cls                              template resource (document class)
  default.sty                              template resource (package / style)
  logo.png                                 template resource (graphic (PNG))
  main.tex                                 generated document / build artefact
  media\image1.jpeg                        renderer-generated media
  media\image10.jpeg                       renderer-generated media
  media\image4.jpeg                        renderer-generated media
  media\image5.png                         renderer-generated media
  media\image6.png                         renderer-generated media
  media\image7.png                         renderer-generated media
  media\image8.jpeg                        renderer-generated media
  media\image9.jpeg                        renderer-generated media
  media\office_obj_1.png                   renderer-generated media
  template.json                            template metadata
  template.tex                             template resource (included source)
[2026-07-22 12:15:30,848] [INFO] [latex_compiler.py:144]: Dependency resolution (16 references):
  [LOCAL  ] documentclass   default
  [LOCAL  ] usepackage      default
  [SYSTEM ] usepackage      multirow
  [SYSTEM ] usepackage      xcolor
  [SYSTEM ] usepackage      array
  [SYSTEM ] usepackage      newunicodechar
  [SYSTEM ] usepackage      fancyhdr
  [SYSTEM ] usepackage      graphicx
  [LOCAL  ] includegraphics media/image4.jpeg
  [LOCAL  ] includegraphics media/office_obj_1.png
  [LOCAL  ] includegraphics media/image5.png
  [LOCAL  ] includegraphics media/image6.png
  [LOCAL  ] includegraphics media/image7.png
  [LOCAL  ] includegraphics media/image8.jpeg
  [LOCAL  ] includegraphics media/image9.jpeg
  [LOCAL  ] includegraphics media/image10.jpeg
[2026-07-22 12:15:30,849] [INFO] [latex_compiler.py:357]: Using latexmk compiler.
[2026-07-22 12:15:33,796] [INFO] [latex_compiler.py:424]: Compilation completed successfully. PDF generated at: G:\work\Journal2LaTeX\backend\temp\2e6f3a05-abca-48e7-ae02-350e26845cf8\output\paper.pdf
[2026-07-22 12:15:33,841] [INFO] [latex_compiler.py:321]: Starting LaTeX compilation for: G:\work\Journal2LaTeX\backend\temp\2e6f3a05-abca-48e7-ae02-350e26845cf8\rendered\main.tex
[2026-07-22 12:15:33,844] [INFO] [latex_compiler.py:125]: Rendered working directory tree before compilation:
  default.cls
  default.sty
  logo.png
  main.aux
  main.fdb_latexmk
  main.fls
  main.log
  main.out
  main.pdf
  main.tex
  media/
    image1.jpeg
    image10.jpeg
    image4.jpeg
    image5.png
    image6.png
    image7.png
    image8.jpeg
    image9.jpeg
    office_obj_1.png
  template.json
  template.tex
[2026-07-22 12:15:33,848] [INFO] [latex_compiler.py:131]: Template resource manifest (21 files):
  default.cls                              template resource (document class)
  default.sty                              template resource (package / style)
  logo.png                                 template resource (graphic (PNG))
  main.aux                                 generated document / build artefact
  main.fdb_latexmk                         generated document / build artefact
  main.fls                                 generated document / build artefact
  main.log                                 generated document / build artefact
  main.out                                 generated document / build artefact
  main.pdf                                 generated document / build artefact
  main.tex                                 generated document / build artefact
  media\image1.jpeg                        renderer-generated media
  media\image10.jpeg                       renderer-generated media
  media\image4.jpeg                        renderer-generated media
  media\image5.png                         renderer-generated media
  media\image6.png                         renderer-generated media
  media\image7.png                         renderer-generated media
  media\image8.jpeg                        renderer-generated media
  media\image9.jpeg                        renderer-generated media
  media\office_obj_1.png                   renderer-generated media
  template.json                            template metadata
  template.tex                             template resource (included source)
[2026-07-22 12:15:34,032] [INFO] [latex_compiler.py:144]: Dependency resolution (17 references):
  [LOCAL  ] documentclass   default
  [LOCAL  ] usepackage      default
  [SYSTEM ] usepackage      multirow
  [SYSTEM ] usepackage      xcolor
  [SYSTEM ] usepackage      array
  [SYSTEM ] usepackage      newunicodechar
  [SYSTEM ] usepackage      fancyhdr
  [SYSTEM ] usepackage      graphicx
  [SYSTEM ] usepackage      geometry
  [LOCAL  ] includegraphics media/image4.jpeg
  [LOCAL  ] includegraphics media/office_obj_1.png
  [LOCAL  ] includegraphics media/image5.png
  [LOCAL  ] includegraphics media/image6.png
  [LOCAL  ] includegraphics media/image7.png
  [LOCAL  ] includegraphics media/image8.jpeg
  [LOCAL  ] includegraphics media/image9.jpeg
  [LOCAL  ] includegraphics media/image10.jpeg
[2026-07-22 12:15:34,033] [INFO] [latex_compiler.py:357]: Using latexmk compiler.
[2026-07-22 12:15:36,429] [INFO] [latex_compiler.py:424]: Compilation completed successfully. PDF generated at: G:\work\Journal2LaTeX\backend\temp\2e6f3a05-abca-48e7-ae02-350e26845cf8\output\paper.pdf
[2026-07-22 12:15:53,404] [INFO] [latex_compiler.py:321]: Starting LaTeX compilation for: G:\work\Journal2LaTeX\backend\temp\2e6f3a05-abca-48e7-ae02-350e26845cf8\rendered\main.tex
[2026-07-22 12:15:53,408] [INFO] [latex_compiler.py:125]: Rendered working directory tree before compilation:
  default.cls
  default.sty
  logo.png
  main.aux
  main.fdb_latexmk
  main.fls
  main.log
  main.out
  main.pdf
  main.tex
  media/
    image1.jpeg
    image10.jpeg
    image4.jpeg
    image5.png
    image6.png
    image7.png
    image8.jpeg
    image9.jpeg
    office_obj_1.png
  template.json
  template.tex
[2026-07-22 12:15:53,412] [INFO] [latex_compiler.py:131]: Template resource manifest (21 files):
  default.cls                              template resource (document class)
  default.sty                              template resource (package / style)
  logo.png                                 template resource (graphic (PNG))
  main.aux                                 generated document / build artefact
  main.fdb_latexmk                         generated document / build artefact
  main.fls                                 generated document / build artefact
  main.log                                 generated document / build artefact
  main.out                                 generated document / build artefact
  main.pdf                                 generated document / build artefact
  main.tex                                 generated document / build artefact
  media\image1.jpeg                        renderer-generated media
  media\image10.jpeg                       renderer-generated media
  media\image4.jpeg                        renderer-generated media
  media\image5.png                         renderer-generated media
  media\image6.png                         renderer-generated media
  media\image7.png                         renderer-generated media
  media\image8.jpeg                        renderer-generated media
  media\image9.jpeg                        renderer-generated media
  media\office_obj_1.png                   renderer-generated media
  template.json                            template metadata
  template.tex                             template resource (included source)
[2026-07-22 12:15:53,605] [INFO] [latex_compiler.py:144]: Dependency resolution (17 references):
  [LOCAL  ] documentclass   default
  [LOCAL  ] usepackage      default
  [SYSTEM ] usepackage      multirow
  [SYSTEM ] usepackage      xcolor
  [SYSTEM ] usepackage      array
  [SYSTEM ] usepackage      newunicodechar
  [SYSTEM ] usepackage      fancyhdr
  [SYSTEM ] usepackage      graphicx
  [SYSTEM ] usepackage      geometry
  [LOCAL  ] includegraphics media/image4.jpeg
  [LOCAL  ] includegraphics media/office_obj_1.png
  [LOCAL  ] includegraphics media/image5.png
  [LOCAL  ] includegraphics media/image6.png
  [LOCAL  ] includegraphics media/image7.png
  [LOCAL  ] includegraphics media/image8.jpeg
  [LOCAL  ] includegraphics media/image9.jpeg
  [LOCAL  ] includegraphics media/image10.jpeg
[2026-07-22 12:15:53,606] [INFO] [latex_compiler.py:357]: Using latexmk compiler.
[2026-07-22 12:15:56,230] [INFO] [latex_compiler.py:424]: Compilation completed successfully. PDF generated at: G:\work\Journal2LaTeX\backend\temp\2e6f3a05-abca-48e7-ae02-350e26845cf8\output\paper.pdf
[2026-07-22 12:16:05,798] [INFO] [latex_compiler.py:321]: Starting LaTeX compilation for: G:\work\Journal2LaTeX\backend\temp\2e6f3a05-abca-48e7-ae02-350e26845cf8\rendered\main.tex
[2026-07-22 12:16:05,803] [INFO] [latex_compiler.py:125]: Rendered working directory tree before compilation:
  default.cls
  default.sty
  logo.png
  main.aux
  main.fdb_latexmk
  main.fls
  main.log
  main.out
  main.pdf
  main.tex
  media/
    image1.jpeg
    image10.jpeg
    image4.jpeg
    image5.png
    image6.png
    image7.png
    image8.jpeg
    image9.jpeg
    office_obj_1.png
  template.json
  template.tex
[2026-07-22 12:16:05,806] [INFO] [latex_compiler.py:131]: Template resource manifest (21 files):
  default.cls                              template resource (document class)
  default.sty                              template resource (package / style)
  logo.png                                 template resource (graphic (PNG))
  main.aux                                 generated document / build artefact
  main.fdb_latexmk                         generated document / build artefact
  main.fls                                 generated document / build artefact
  main.log                                 generated document / build artefact
  main.out                                 generated document / build artefact
  main.pdf                                 generated document / build artefact
  main.tex                                 generated document / build artefact
  media\image1.jpeg                        renderer-generated media
  media\image10.jpeg                       renderer-generated media
  media\image4.jpeg                        renderer-generated media
  media\image5.png                         renderer-generated media
  media\image6.png                         renderer-generated media
  media\image7.png                         renderer-generated media
  media\image8.jpeg                        renderer-generated media
  media\image9.jpeg                        renderer-generated media
  media\office_obj_1.png                   renderer-generated media
  template.json                            template metadata
  template.tex                             template resource (included source)
[2026-07-22 12:16:06,001] [INFO] [latex_compiler.py:144]: Dependency resolution (17 references):
  [LOCAL  ] documentclass   default
  [LOCAL  ] usepackage      default
  [SYSTEM ] usepackage      multirow
  [SYSTEM ] usepackage      xcolor
  [SYSTEM ] usepackage      array
  [SYSTEM ] usepackage      newunicodechar
  [SYSTEM ] usepackage      fancyhdr
  [SYSTEM ] usepackage      graphicx
  [SYSTEM ] usepackage      geometry
  [LOCAL  ] includegraphics media/image4.jpeg
  [LOCAL  ] includegraphics media/office_obj_1.png
  [LOCAL  ] includegraphics media/image5.png
  [LOCAL  ] includegraphics media/image6.png
  [LOCAL  ] includegraphics media/image7.png
  [LOCAL  ] includegraphics media/image8.jpeg
  [LOCAL  ] includegraphics media/image9.jpeg
  [LOCAL  ] includegraphics media/image10.jpeg
[2026-07-22 12:16:06,002] [INFO] [latex_compiler.py:357]: Using latexmk compiler.
[2026-07-22 12:16:08,385] [INFO] [latex_compiler.py:424]: Compilation completed successfully. PDF generated at: G:\work\Journal2LaTeX\backend\temp\2e6f3a05-abca-48e7-ae02-350e26845cf8\output\paper.pdf
[2026-07-22 12:16:18,243] [INFO] [latex_compiler.py:321]: Starting LaTeX compilation for: G:\work\Journal2LaTeX\backend\temp\2e6f3a05-abca-48e7-ae02-350e26845cf8\rendered\main.tex
[2026-07-22 12:16:18,246] [INFO] [latex_compiler.py:125]: Rendered working directory tree before compilation:
  default.cls
  default.sty
  logo.png
  main.aux
  main.fdb_latexmk
  main.fls
  main.log
  main.out
  main.pdf
  main.tex
  media/
    image1.jpeg
    image10.jpeg
    image4.jpeg
    image5.png
    image6.png
    image7.png
    image8.jpeg
    image9.jpeg
    office_obj_1.png
  template.json
  template.tex
[2026-07-22 12:16:18,248] [INFO] [latex_compiler.py:131]: Template resource manifest (21 files):
  default.cls                              template resource (document class)
  default.sty                              template resource (package / style)
  logo.png                                 template resource (graphic (PNG))
  main.aux                                 generated document / build artefact
  main.fdb_latexmk                         generated document / build artefact
  main.fls                                 generated document / build artefact
  main.log                                 generated document / build artefact
  main.out                                 generated document / build artefact
  main.pdf                                 generated document / build artefact
  main.tex                                 generated document / build artefact
  media\image1.jpeg                        renderer-generated media
  media\image10.jpeg                       renderer-generated media
  media\image4.jpeg                        renderer-generated media
  media\image5.png                         renderer-generated media
  media\image6.png                         renderer-generated media
  media\image7.png                         renderer-generated media
  media\image8.jpeg                        renderer-generated media
  media\image9.jpeg                        renderer-generated media
  media\office_obj_1.png                   renderer-generated media
  template.json                            template metadata
  template.tex                             template resource (included source)
[2026-07-22 12:16:18,453] [INFO] [latex_compiler.py:144]: Dependency resolution (17 references):
  [LOCAL  ] documentclass   default
  [LOCAL  ] usepackage      default
  [SYSTEM ] usepackage      multirow
  [SYSTEM ] usepackage      xcolor
  [SYSTEM ] usepackage      array
  [SYSTEM ] usepackage      newunicodechar
  [SYSTEM ] usepackage      fancyhdr
  [SYSTEM ] usepackage      graphicx
  [SYSTEM ] usepackage      geometry
  [LOCAL  ] includegraphics media/image4.jpeg
  [LOCAL  ] includegraphics media/office_obj_1.png
  [LOCAL  ] includegraphics media/image5.png
  [LOCAL  ] includegraphics media/image6.png
  [LOCAL  ] includegraphics media/image7.png
  [LOCAL  ] includegraphics media/image8.jpeg
  [LOCAL  ] includegraphics media/image9.jpeg
  [LOCAL  ] includegraphics media/image10.jpeg
[2026-07-22 12:16:18,455] [INFO] [latex_compiler.py:357]: Using latexmk compiler.
[2026-07-22 12:16:20,837] [INFO] [latex_compiler.py:424]: Compilation completed successfully. PDF generated at: G:\work\Journal2LaTeX\backend\temp\2e6f3a05-abca-48e7-ae02-350e26845cf8\output\paper.pdf
[2026-07-22 12:16:30,551] [INFO] [latex_compiler.py:321]: Starting LaTeX compilation for: G:\work\Journal2LaTeX\backend\temp\2e6f3a05-abca-48e7-ae02-350e26845cf8\rendered\main.tex
[2026-07-22 12:16:30,554] [INFO] [latex_compiler.py:125]: Rendered working directory tree before compilation:
  default.cls
  default.sty
  logo.png
  main.aux
  main.fdb_latexmk
  main.fls
  main.log
  main.out
  main.pdf
  main.tex
  media/
    image1.jpeg
    image10.jpeg
    image4.jpeg
    image5.png
    image6.png
    image7.png
    image8.jpeg
    image9.jpeg
    office_obj_1.png
  template.json
  template.tex
[2026-07-22 12:16:30,558] [INFO] [latex_compiler.py:131]: Template resource manifest (21 files):
  default.cls                              template resource (document class)
  default.sty                              template resource (package / style)
  logo.png                                 template resource (graphic (PNG))
  main.aux                                 generated document / build artefact
  main.fdb_latexmk                         generated document / build artefact
  main.fls                                 generated document / build artefact
  main.log                                 generated document / build artefact
  main.out                                 generated document / build artefact
  main.pdf                                 generated document / build artefact
  main.tex                                 generated document / build artefact
  media\image1.jpeg                        renderer-generated media
  media\image10.jpeg                       renderer-generated media
  media\image4.jpeg                        renderer-generated media
  media\image5.png                         renderer-generated media
  media\image6.png                         renderer-generated media
  media\image7.png                         renderer-generated media
  media\image8.jpeg                        renderer-generated media
  media\image9.jpeg                        renderer-generated media
  media\office_obj_1.png                   renderer-generated media
  template.json                            template metadata
  template.tex                             template resource (included source)
[2026-07-22 12:16:30,741] [INFO] [latex_compiler.py:144]: Dependency resolution (17 references):
  [LOCAL  ] documentclass   default
  [LOCAL  ] usepackage      default
  [SYSTEM ] usepackage      multirow
  [SYSTEM ] usepackage      xcolor
  [SYSTEM ] usepackage      array
  [SYSTEM ] usepackage      newunicodechar
  [SYSTEM ] usepackage      fancyhdr
  [SYSTEM ] usepackage      graphicx
  [SYSTEM ] usepackage      geometry
  [LOCAL  ] includegraphics media/image4.jpeg
  [LOCAL  ] includegraphics media/office_obj_1.png
  [LOCAL  ] includegraphics media/image5.png
  [LOCAL  ] includegraphics media/image6.png
  [LOCAL  ] includegraphics media/image7.png
  [LOCAL  ] includegraphics media/image8.jpeg
  [LOCAL  ] includegraphics media/image9.jpeg
  [LOCAL  ] includegraphics media/image10.jpeg
[2026-07-22 12:16:30,743] [INFO] [latex_compiler.py:357]: Using latexmk compiler.
[2026-07-22 12:16:33,273] [INFO] [latex_compiler.py:424]: Compilation completed successfully. PDF generated at: G:\work\Journal2LaTeX\backend\temp\2e6f3a05-abca-48e7-ae02-350e26845cf8\output\paper.pdf
[2026-07-22 12:16:42,836] [INFO] [latex_compiler.py:321]: Starting LaTeX compilation for: G:\work\Journal2LaTeX\backend\temp\2e6f3a05-abca-48e7-ae02-350e26845cf8\rendered\main.tex
[2026-07-22 12:16:42,839] [INFO] [latex_compiler.py:125]: Rendered working directory tree before compilation:
  default.cls
  default.sty
  logo.png
  main.aux
  main.fdb_latexmk
  main.fls
  main.log
  main.out
  main.pdf
  main.tex
  media/
    image1.jpeg
    image10.jpeg
    image4.jpeg
    image5.png
    image6.png
    image7.png
    image8.jpeg
    image9.jpeg
    office_obj_1.png
  template.json
  template.tex
[2026-07-22 12:16:42,841] [INFO] [latex_compiler.py:131]: Template resource manifest (21 files):
  default.cls                              template resource (document class)
  default.sty                              template resource (package / style)
  logo.png                                 template resource (graphic (PNG))
  main.aux                                 generated document / build artefact
  main.fdb_latexmk                         generated document / build artefact
  main.fls                                 generated document / build artefact
  main.log                                 generated document / build artefact
  main.out                                 generated document / build artefact
  main.pdf                                 generated document / build artefact
  main.tex                                 generated document / build artefact
  media\image1.jpeg                        renderer-generated media
  media\image10.jpeg                       renderer-generated media
  media\image4.jpeg                        renderer-generated media
  media\image5.png                         renderer-generated media
  media\image6.png                         renderer-generated media
  media\image7.png                         renderer-generated media
  media\image8.jpeg                        renderer-generated media
  media\image9.jpeg                        renderer-generated media
  media\office_obj_1.png                   renderer-generated media
  template.json                            template metadata
  template.tex                             template resource (included source)
[2026-07-22 12:16:43,038] [INFO] [latex_compiler.py:144]: Dependency resolution (17 references):
  [LOCAL  ] documentclass   default
  [LOCAL  ] usepackage      default
  [SYSTEM ] usepackage      multirow
  [SYSTEM ] usepackage      xcolor
  [SYSTEM ] usepackage      array
  [SYSTEM ] usepackage      newunicodechar
  [SYSTEM ] usepackage      fancyhdr
  [SYSTEM ] usepackage      graphicx
  [SYSTEM ] usepackage      geometry
  [LOCAL  ] includegraphics media/image4.jpeg
  [LOCAL  ] includegraphics media/office_obj_1.png
  [LOCAL  ] includegraphics media/image5.png
  [LOCAL  ] includegraphics media/image6.png
  [LOCAL  ] includegraphics media/image7.png
  [LOCAL  ] includegraphics media/image8.jpeg
  [LOCAL  ] includegraphics media/image9.jpeg
  [LOCAL  ] includegraphics media/image10.jpeg
[2026-07-22 12:16:43,039] [INFO] [latex_compiler.py:357]: Using latexmk compiler.
[2026-07-22 12:16:45,725] [INFO] [latex_compiler.py:424]: Compilation completed successfully. PDF generated at: G:\work\Journal2LaTeX\backend\temp\2e6f3a05-abca-48e7-ae02-350e26845cf8\output\paper.pdf
[2026-07-22 12:16:55,672] [INFO] [latex_compiler.py:321]: Starting LaTeX compilation for: G:\work\Journal2LaTeX\backend\temp\2e6f3a05-abca-48e7-ae02-350e26845cf8\rendered\main.tex
[2026-07-22 12:16:55,677] [INFO] [latex_compiler.py:125]: Rendered working directory tree before compilation:
  default.cls
  default.sty
  logo.png
  main.aux
  main.fdb_latexmk
  main.fls
  main.log
  main.out
  main.pdf
  main.tex
  media/
    image1.jpeg
    image10.jpeg
    image4.jpeg
    image5.png
    image6.png
    image7.png
    image8.jpeg
    image9.jpeg
    office_obj_1.png
  template.json
  template.tex
[2026-07-22 12:16:55,680] [INFO] [latex_compiler.py:131]: Template resource manifest (21 files):
  default.cls                              template resource (document class)
  default.sty                              template resource (package / style)
  logo.png                                 template resource (graphic (PNG))
  main.aux                                 generated document / build artefact
  main.fdb_latexmk                         generated document / build artefact
  main.fls                                 generated document / build artefact
  main.log                                 generated document / build artefact
  main.out                                 generated document / build artefact
  main.pdf                                 generated document / build artefact
  main.tex                                 generated document / build artefact
  media\image1.jpeg                        renderer-generated media
  media\image10.jpeg                       renderer-generated media
  media\image4.jpeg                        renderer-generated media
  media\image5.png                         renderer-generated media
  media\image6.png                         renderer-generated media
  media\image7.png                         renderer-generated media
  media\image8.jpeg                        renderer-generated media
  media\image9.jpeg                        renderer-generated media
  media\office_obj_1.png                   renderer-generated media
  template.json                            template metadata
  template.tex                             template resource (included source)
[2026-07-22 12:16:55,898] [INFO] [latex_compiler.py:144]: Dependency resolution (17 references):
  [LOCAL  ] documentclass   default
  [LOCAL  ] usepackage      default
  [SYSTEM ] usepackage      multirow
  [SYSTEM ] usepackage      xcolor
  [SYSTEM ] usepackage      array
  [SYSTEM ] usepackage      newunicodechar
  [SYSTEM ] usepackage      fancyhdr
  [SYSTEM ] usepackage      graphicx
  [SYSTEM ] usepackage      geometry
  [LOCAL  ] includegraphics media/image4.jpeg
  [LOCAL  ] includegraphics media/office_obj_1.png
  [LOCAL  ] includegraphics media/image5.png
  [LOCAL  ] includegraphics media/image6.png
  [LOCAL  ] includegraphics media/image7.png
  [LOCAL  ] includegraphics media/image8.jpeg
  [LOCAL  ] includegraphics media/image9.jpeg
  [LOCAL  ] includegraphics media/image10.jpeg
[2026-07-22 12:16:55,900] [INFO] [latex_compiler.py:357]: Using latexmk compiler.
[2026-07-22 12:16:58,679] [INFO] [latex_compiler.py:424]: Compilation completed successfully. PDF generated at: G:\work\Journal2LaTeX\backend\temp\2e6f3a05-abca-48e7-ae02-350e26845cf8\output\paper.pdf
[2026-07-22 12:17:08,460] [INFO] [latex_compiler.py:321]: Starting LaTeX compilation for: G:\work\Journal2LaTeX\backend\temp\2e6f3a05-abca-48e7-ae02-350e26845cf8\rendered\main.tex
[2026-07-22 12:17:08,464] [INFO] [latex_compiler.py:125]: Rendered working directory tree before compilation:
  default.cls
  default.sty
  logo.png
  main.aux
  main.fdb_latexmk
  main.fls
  main.log
  main.out
  main.pdf
  main.tex
  media/
    image1.jpeg
    image10.jpeg
    image4.jpeg
    image5.png
    image6.png
    image7.png
    image8.jpeg
    image9.jpeg
    office_obj_1.png
  template.json
  template.tex
[2026-07-22 12:17:08,468] [INFO] [latex_compiler.py:131]: Template resource manifest (21 files):
  default.cls                              template resource (document class)
  default.sty                              template resource (package / style)
  logo.png                                 template resource (graphic (PNG))
  main.aux                                 generated document / build artefact
  main.fdb_latexmk                         generated document / build artefact
  main.fls                                 generated document / build artefact
  main.log                                 generated document / build artefact
  main.out                                 generated document / build artefact
  main.pdf                                 generated document / build artefact
  main.tex                                 generated document / build artefact
  media\image1.jpeg                        renderer-generated media
  media\image10.jpeg                       renderer-generated media
  media\image4.jpeg                        renderer-generated media
  media\image5.png                         renderer-generated media
  media\image6.png                         renderer-generated media
  media\image7.png                         renderer-generated media
  media\image8.jpeg                        renderer-generated media
  media\image9.jpeg                        renderer-generated media
  media\office_obj_1.png                   renderer-generated media
  template.json                            template metadata
  template.tex                             template resource (included source)
[2026-07-22 12:17:08,666] [INFO] [latex_compiler.py:144]: Dependency resolution (17 references):
  [LOCAL  ] documentclass   default
  [LOCAL  ] usepackage      default
  [SYSTEM ] usepackage      multirow
  [SYSTEM ] usepackage      xcolor
  [SYSTEM ] usepackage      array
  [SYSTEM ] usepackage      newunicodechar
  [SYSTEM ] usepackage      fancyhdr
  [SYSTEM ] usepackage      graphicx
  [SYSTEM ] usepackage      geometry
  [LOCAL  ] includegraphics media/image4.jpeg
  [LOCAL  ] includegraphics media/office_obj_1.png
  [LOCAL  ] includegraphics media/image5.png
  [LOCAL  ] includegraphics media/image6.png
  [LOCAL  ] includegraphics media/image7.png
  [LOCAL  ] includegraphics media/image8.jpeg
  [LOCAL  ] includegraphics media/image9.jpeg
  [LOCAL  ] includegraphics media/image10.jpeg
[2026-07-22 12:17:08,667] [INFO] [latex_compiler.py:357]: Using latexmk compiler.
[2026-07-22 12:17:11,132] [INFO] [latex_compiler.py:424]: Compilation completed successfully. PDF generated at: G:\work\Journal2LaTeX\backend\temp\2e6f3a05-abca-48e7-ae02-350e26845cf8\output\paper.pdf
[2026-07-22 12:17:20,710] [INFO] [latex_compiler.py:321]: Starting LaTeX compilation for: G:\work\Journal2LaTeX\backend\temp\2e6f3a05-abca-48e7-ae02-350e26845cf8\rendered\main.tex
[2026-07-22 12:17:20,713] [INFO] [latex_compiler.py:125]: Rendered working directory tree before compilation:
  default.cls
  default.sty
  logo.png
  main.aux
  main.fdb_latexmk
  main.fls
  main.log
  main.out
  main.pdf
  main.tex
  media/
    image1.jpeg
    image10.jpeg
    image4.jpeg
    image5.png
    image6.png
    image7.png
    image8.jpeg
    image9.jpeg
    office_obj_1.png
  template.json
  template.tex
[2026-07-22 12:17:20,715] [INFO] [latex_compiler.py:131]: Template resource manifest (21 files):
  default.cls                              template resource (document class)
  default.sty                              template resource (package / style)
  logo.png                                 template resource (graphic (PNG))
  main.aux                                 generated document / build artefact
  main.fdb_latexmk                         generated document / build artefact
  main.fls                                 generated document / build artefact
  main.log                                 generated document / build artefact
  main.out                                 generated document / build artefact
  main.pdf                                 generated document / build artefact
  main.tex                                 generated document / build artefact
  media\image1.jpeg                        renderer-generated media
  media\image10.jpeg                       renderer-generated media
  media\image4.jpeg                        renderer-generated media
  media\image5.png                         renderer-generated media
  media\image6.png                         renderer-generated media
  media\image7.png                         renderer-generated media
  media\image8.jpeg                        renderer-generated media
  media\image9.jpeg                        renderer-generated media
  media\office_obj_1.png                   renderer-generated media
  template.json                            template metadata
  template.tex                             template resource (included source)
[2026-07-22 12:17:20,932] [INFO] [latex_compiler.py:144]: Dependency resolution (17 references):
  [LOCAL  ] documentclass   default
  [LOCAL  ] usepackage      default
  [SYSTEM ] usepackage      multirow
  [SYSTEM ] usepackage      xcolor
  [SYSTEM ] usepackage      array
  [SYSTEM ] usepackage      newunicodechar
  [SYSTEM ] usepackage      fancyhdr
  [SYSTEM ] usepackage      graphicx
  [SYSTEM ] usepackage      geometry
  [LOCAL  ] includegraphics media/image4.jpeg
  [LOCAL  ] includegraphics media/office_obj_1.png
  [LOCAL  ] includegraphics media/image5.png
  [LOCAL  ] includegraphics media/image6.png
  [LOCAL  ] includegraphics media/image7.png
  [LOCAL  ] includegraphics media/image8.jpeg
  [LOCAL  ] includegraphics media/image9.jpeg
  [LOCAL  ] includegraphics media/image10.jpeg
[2026-07-22 12:17:20,933] [INFO] [latex_compiler.py:357]: Using latexmk compiler.
[2026-07-22 12:17:23,207] [INFO] [latex_compiler.py:424]: Compilation completed successfully. PDF generated at: G:\work\Journal2LaTeX\backend\temp\2e6f3a05-abca-48e7-ae02-350e26845cf8\output\paper.pdf
[2026-07-22 12:17:32,861] [INFO] [latex_compiler.py:321]: Starting LaTeX compilation for: G:\work\Journal2LaTeX\backend\temp\2e6f3a05-abca-48e7-ae02-350e26845cf8\rendered\main.tex
[2026-07-22 12:17:32,864] [INFO] [latex_compiler.py:125]: Rendered working directory tree before compilation:
  default.cls
  default.sty
  logo.png
  main.aux
  main.fdb_latexmk
  main.fls
  main.log
  main.out
  main.pdf
  main.tex
  media/
    image1.jpeg
    image10.jpeg
    image4.jpeg
    image5.png
    image6.png
    image7.png
    image8.jpeg
    image9.jpeg
    office_obj_1.png
  template.json
  template.tex
[2026-07-22 12:17:32,866] [INFO] [latex_compiler.py:131]: Template resource manifest (21 files):
  default.cls                              template resource (document class)
  default.sty                              template resource (package / style)
  logo.png                                 template resource (graphic (PNG))
  main.aux                                 generated document / build artefact
  main.fdb_latexmk                         generated document / build artefact
  main.fls                                 generated document / build artefact
  main.log                                 generated document / build artefact
  main.out                                 generated document / build artefact
  main.pdf                                 generated document / build artefact
  main.tex                                 generated document / build artefact
  media\image1.jpeg                        renderer-generated media
  media\image10.jpeg                       renderer-generated media
  media\image4.jpeg                        renderer-generated media
  media\image5.png                         renderer-generated media
  media\image6.png                         renderer-generated media
  media\image7.png                         renderer-generated media
  media\image8.jpeg                        renderer-generated media
  media\image9.jpeg                        renderer-generated media
  media\office_obj_1.png                   renderer-generated media
  template.json                            template metadata
  template.tex                             template resource (included source)
[2026-07-22 12:17:33,049] [INFO] [latex_compiler.py:144]: Dependency resolution (17 references):
  [LOCAL  ] documentclass   default
  [LOCAL  ] usepackage      default
  [SYSTEM ] usepackage      multirow
  [SYSTEM ] usepackage      xcolor
  [SYSTEM ] usepackage      array
  [SYSTEM ] usepackage      newunicodechar
  [SYSTEM ] usepackage      fancyhdr
  [SYSTEM ] usepackage      graphicx
  [SYSTEM ] usepackage      geometry
  [LOCAL  ] includegraphics media/image4.jpeg
  [LOCAL  ] includegraphics media/office_obj_1.png
  [LOCAL  ] includegraphics media/image5.png
  [LOCAL  ] includegraphics media/image6.png
  [LOCAL  ] includegraphics media/image7.png
  [LOCAL  ] includegraphics media/image8.jpeg
  [LOCAL  ] includegraphics media/image9.jpeg
  [LOCAL  ] includegraphics media/image10.jpeg
[2026-07-22 12:17:33,050] [INFO] [latex_compiler.py:357]: Using latexmk compiler.
[2026-07-22 12:17:35,308] [INFO] [latex_compiler.py:424]: Compilation completed successfully. PDF generated at: G:\work\Journal2LaTeX\backend\temp\2e6f3a05-abca-48e7-ae02-350e26845cf8\output\paper.pdf
