[2026-07-22 12:15:20,787] [INFO] [job_manager.py:136]: Job 2e6f3a05-abca-48e7-ae02-350e26845cf8 workspace created successfully
[2026-07-22 12:15:20,817] [INFO] [pipeline_service.py:45]: Starting validation for job: 2e6f3a05-abca-48e7-ae02-350e26845cf8
[2026-07-22 12:15:20,831] [INFO] [job_manager.py:180]: Job status updated to: VALIDATING
[2026-07-22 12:15:20,847] [INFO] [job_manager.py:204]: Progress updated to 10%: Validating input Word Document
[2026-07-22 12:15:20,868] [INFO] [pipeline_service.py:60]: Validation successful.
[2026-07-22 12:15:20,885] [INFO] [job_manager.py:204]: Progress updated to 20%: Input document validated successfully
[2026-07-22 12:15:20,885] [INFO] [pipeline_service.py:67]: Starting document analysis for job: 2e6f3a05-abca-48e7-ae02-350e26845cf8
[2026-07-22 12:15:20,900] [INFO] [job_manager.py:180]: Job status updated to: ANALYZING_DOCUMENT
[2026-07-22 12:15:20,917] [INFO] [job_manager.py:204]: Progress updated to 30%: Analyzing document structure and content blocks
[2026-07-22 12:15:20,917] [INFO] [document_analyzer.py:33]: Starting improved document analysis for: G:\work\Journal2LaTeX\backend\temp\2e6f3a05-abca-48e7-ae02-350e26845cf8\input\The role.docx
[2026-07-22 12:15:22,080] [INFO] [document_analyzer.py:511]: Parsed document: title='The Role of Social Media in the Spread and Countering of Cyber-Extremism: An Islamic Jurisprudential and Educational Perspective', authors=3, sections=41, references=42
[2026-07-22 12:15:22,089] [INFO] [pipeline_service.py:95]: Document analysis completed. Saved structure to: G:\work\Journal2LaTeX\backend\temp\2e6f3a05-abca-48e7-ae02-350e26845cf8\intermediate\document_structure.json, report to: G:\work\Journal2LaTeX\backend\temp\2e6f3a05-abca-48e7-ae02-350e26845cf8\intermediate\conversion_report.json
[2026-07-22 12:15:22,106] [INFO] [job_manager.py:204]: Progress updated to 45%: Document structure extracted successfully
[2026-07-22 12:15:22,106] [INFO] [pipeline_service.py:108]: Starting asset extraction for job: 2e6f3a05-abca-48e7-ae02-350e26845cf8
[2026-07-22 12:15:22,123] [INFO] [job_manager.py:180]: Job status updated to: EXTRACTING_ASSETS
[2026-07-22 12:15:22,145] [INFO] [job_manager.py:204]: Progress updated to 50%: Extracting images and figure assets from document
[2026-07-22 12:15:29,496] [INFO] [pipeline_service.py:223]: Office object fig:office1 placed=True
[2026-07-22 12:15:29,552] [INFO] [pipeline_service.py:141]: Assets extracted to: G:\work\Journal2LaTeX\backend\temp\2e6f3a05-abca-48e7-ae02-350e26845cf8\intermediate\media
[2026-07-22 12:15:29,570] [INFO] [job_manager.py:204]: Progress updated to 60%: Document assets extracted successfully
[2026-07-22 12:15:29,570] [INFO] [pipeline_service.py:231]: Classifying extracted assets for job: 2e6f3a05-abca-48e7-ae02-350e26845cf8
[2026-07-22 12:15:29,570] [INFO] [asset_analyzer.py:23]: Starting extended asset analysis for job: 2e6f3a05-abca-48e7-ae02-350e26845cf8
[2026-07-22 12:15:29,573] [INFO] [asset_analyzer.py:153]: Extended asset classification completed. Assets classified: 8
[2026-07-22 12:15:29,590] [INFO] [job_manager.py:204]: Progress updated to 65%: Extracted assets analyzed and mapped successfully
[2026-07-22 12:15:29,649] [INFO] [pipeline_service.py:247]: Loading template default for job: 2e6f3a05-abca-48e7-ae02-350e26845cf8
[2026-07-22 12:15:29,683] [INFO] [job_manager.py:180]: Job status updated to: LOADING_TEMPLATE
[2026-07-22 12:15:29,713] [INFO] [job_manager.py:204]: Progress updated to 70%: Loading template styles: default
[2026-07-22 12:15:29,793] [INFO] [pipeline_service.py:269]: Template loaded and workspace prepared at: G:\work\Journal2LaTeX\backend\temp\2e6f3a05-abca-48e7-ae02-350e26845cf8\rendered
[2026-07-22 12:15:29,812] [INFO] [job_manager.py:204]: Progress updated to 80%: Template workspace initialized
[2026-07-22 12:15:29,815] [INFO] [pipeline_service.py:294]: Starting LaTeX rendering for job: 2e6f3a05-abca-48e7-ae02-350e26845cf8
[2026-07-22 12:15:29,832] [INFO] [job_manager.py:180]: Job status updated to: RENDERING_LATEX
[2026-07-22 12:15:29,848] [INFO] [job_manager.py:204]: Progress updated to 85%: Rendering document content to LaTeX
[2026-07-22 12:15:29,874] [INFO] [latex_renderer.py:72]: Starting LaTeX rendering inside workspace: G:\work\Journal2LaTeX\backend\temp\2e6f3a05-abca-48e7-ae02-350e26845cf8\rendered
[2026-07-22 12:15:29,920] [INFO] [latex_renderer.py:359]: LaTeX document main.tex rendered successfully.
[2026-07-22 12:15:30,082] [INFO] [job_manager.py:204]: Progress updated to 90%: LaTeX document rendering completed
[2026-07-22 12:15:30,082] [INFO] [pipeline_service.py:357]: Starting document compilation for job: 2e6f3a05-abca-48e7-ae02-350e26845cf8
[2026-07-22 12:15:30,100] [INFO] [job_manager.py:180]: Job status updated to: COMPILING
[2026-07-22 12:15:30,121] [INFO] [job_manager.py:204]: Progress updated to 92%: Compiling LaTeX source to PDF
[2026-07-22 12:15:33,814] [INFO] [pipeline_service.py:380]: Compilation completed successfully.
[2026-07-22 12:15:33,818] [INFO] [pipeline_service.py:395]: Running E2E publication fidelity checker for job: 2e6f3a05-abca-48e7-ae02-350e26845cf8
[2026-07-22 12:15:33,818] [INFO] [fidelity_checker.py:24]: Generating advanced fidelity report and scores for job: 2e6f3a05-abca-48e7-ae02-350e26845cf8
[2026-07-22 12:15:33,822] [INFO] [fidelity_checker.py:163]: Fidelity report written to G:\work\Journal2LaTeX\backend\temp\2e6f3a05-abca-48e7-ae02-350e26845cf8\intermediate\fidelity_report.json. Overall Score: 90.4%, Critical missing: 2
[2026-07-22 12:15:33,840] [INFO] [pipeline_service.py:357]: Starting document compilation for job: 2e6f3a05-abca-48e7-ae02-350e26845cf8
[2026-07-22 12:15:36,432] [INFO] [pipeline_service.py:380]: Compilation completed successfully.
[2026-07-22 12:15:53,404] [INFO] [pipeline_service.py:357]: Starting document compilation for job: 2e6f3a05-abca-48e7-ae02-350e26845cf8
[2026-07-22 12:15:56,246] [INFO] [pipeline_service.py:380]: Compilation completed successfully.
[2026-07-22 12:16:05,798] [INFO] [pipeline_service.py:357]: Starting document compilation for job: 2e6f3a05-abca-48e7-ae02-350e26845cf8
[2026-07-22 12:16:08,411] [INFO] [pipeline_service.py:380]: Compilation completed successfully.
[2026-07-22 12:16:18,242] [INFO] [pipeline_service.py:357]: Starting document compilation for job: 2e6f3a05-abca-48e7-ae02-350e26845cf8
[2026-07-22 12:16:20,854] [INFO] [pipeline_service.py:380]: Compilation completed successfully.
[2026-07-22 12:16:30,551] [INFO] [pipeline_service.py:357]: Starting document compilation for job: 2e6f3a05-abca-48e7-ae02-350e26845cf8
[2026-07-22 12:16:33,290] [INFO] [pipeline_service.py:380]: Compilation completed successfully.
[2026-07-22 12:16:42,835] [INFO] [pipeline_service.py:357]: Starting document compilation for job: 2e6f3a05-abca-48e7-ae02-350e26845cf8
[2026-07-22 12:16:45,746] [INFO] [pipeline_service.py:380]: Compilation completed successfully.
[2026-07-22 12:16:55,672] [INFO] [pipeline_service.py:357]: Starting document compilation for job: 2e6f3a05-abca-48e7-ae02-350e26845cf8
[2026-07-22 12:16:58,699] [INFO] [pipeline_service.py:380]: Compilation completed successfully.
[2026-07-22 12:17:08,458] [INFO] [pipeline_service.py:357]: Starting document compilation for job: 2e6f3a05-abca-48e7-ae02-350e26845cf8
[2026-07-22 12:17:11,148] [INFO] [pipeline_service.py:380]: Compilation completed successfully.
[2026-07-22 12:17:20,710] [INFO] [pipeline_service.py:357]: Starting document compilation for job: 2e6f3a05-abca-48e7-ae02-350e26845cf8
[2026-07-22 12:17:23,248] [INFO] [pipeline_service.py:380]: Compilation completed successfully.
[2026-07-22 12:17:32,861] [INFO] [pipeline_service.py:357]: Starting document compilation for job: 2e6f3a05-abca-48e7-ae02-350e26845cf8
[2026-07-22 12:17:35,328] [INFO] [pipeline_service.py:380]: Compilation completed successfully.
[2026-07-22 12:17:44,727] [INFO] [job_manager.py:180]: Job status updated to: COMPLETED
[2026-07-22 12:17:44,746] [INFO] [job_manager.py:204]: Progress updated to 100%: Pipeline process completed successfully
