STDOUT:
Initial Win CP for (console input, console output, system): (CP437, CP65001, CP1252)
I changed them all to CP1252
Rc files read (in order):
  NONE
Latexmk: This is Latexmk, John Collins, 9 March 2026. Version 4.88.
Force everything to be remade.
Latexmk: applying rule 'pdflatex'...
Rule 'pdflatex':  Reasons for rerun
Category 'other':
  Rerun of 'pdflatex' forced or previously required:
    Reason or flag: 'go_mode'

------------
Run number 1 of rule 'pdflatex'
------------
------------
Running 'pdflatex  -interaction=nonstopmode -file-line-error -recorder  "G:/work/Journal2LaTeX/backend/temp/8b2244d1-17bc-4574-bdd9-f668f3e0d83f/rendered/main.tex"'
------------
This is pdfTeX, Version 3.141592653-2.6-1.40.29 (MiKTeX 26.5) (preloaded format=pdflatex.fmt)
 restricted \write18 enabled.
entering extended mode

(G:/work/Journal2LaTeX/backend/temp/8b2244d1-17bc-4574-bdd9-f668f3e0d83f/render
ed/main.tex
LaTeX2e <2026-06-01>
L3 programming layer <2026-06-18>
(NSP1.cls

LaTeX Warning: You have requested document class `NSP1',
               but the document class provides `NSP'.

Document Class: NSP 2012/01/01
(C:\Users\asus\AppData\Local\Programs\MiKTeX\tex/latex/base\fleqn.clo)
(C:\Users\asus\AppData\Local\Programs\MiKTeX\tex/latex/graphics\color.sty
(C:\Users\asus\AppData\Local\Programs\MiKTeX\tex/latex/graphics-cfg\color.cfg)
(C:\Users\asus\AppData\Local\Programs\MiKTeX\tex/latex/graphics-def\pdftex.def)
 (C:\Users\asus\AppData\Local\Programs\MiKTeX\tex/latex/graphics\mathcolor.ltx)
) (C:\Users\asus\AppData\Local\Programs\MiKTeX\tex/latex/graphics\graphicx.sty
(C:\Users\asus\AppData\Local\Programs\MiKTeX\tex/latex/graphics\keyval.sty)
(C:\Users\asus\AppData\Local\Programs\MiKTeX\tex/latex/graphics\graphics.sty
(C:\Users\asus\AppData\Local\Programs\MiKTeX\tex/latex/graphics\trig.sty)
(C:\Users\asus\AppData\Local\Programs\MiKTeX\tex/latex/graphics-cfg\graphics.cf
g)))
(C:\Users\asus\AppData\Local\Programs\MiKTeX\tex/latex/lastpage\lastpage.sty
(C:\Users\asus\AppData\Local\Programs\MiKTeX\tex/latex/lastpage\lastpage2e.sty
(C:\Users\asus\AppData\Local\Programs\MiKTeX\tex/latex/lastpage\lastpagemodern.
sty) 
)) (C:\Users\asus\AppData\Local\Programs\MiKTeX\tex/latex/hyperref\hyperref.sty
(C:\Users\asus\AppData\Local\Programs\MiKTeX\tex/generic/iftex\iftex.sty)
(C:\Users\asus\AppData\Local\Programs\MiKTeX\tex/latex/kvsetkeys\kvsetkeys.sty)

(C:\Users\asus\AppData\Local\Programs\MiKTeX\tex/generic/kvdefinekeys\kvdefinek
eys.sty)
(C:\Users\asus\AppData\Local\Programs\MiKTeX\tex/generic/pdfescape\pdfescape.st
y (C:\Users\asus\AppData\Local\Programs\MiKTeX\tex/generic/ltxcmds\ltxcmds.sty)

(C:\Users\asus\AppData\Local\Programs\MiKTeX\tex/generic/pdftexcmds\pdftexcmds.
sty
(C:\Users\asus\AppData\Local\Programs\MiKTeX\tex/generic/infwarerr\infwarerr.st
y))) (C:\Users\asus\AppData\Local\Programs\MiKTeX\tex/latex/hycolor\hycolor.sty
) (C:\Users\asus\AppData\Local\Programs\MiKTeX\tex/latex/hyperref\nameref.sty
(C:\Users\asus\AppData\Local\Programs\MiKTeX\tex/latex/refcount\refcount.sty)
(C:\Users\asus\AppData\Local\Programs\MiKTeX\tex/generic/gettitlestring\gettitl
estring.sty
(C:\Users\asus\AppData\Local\Programs\MiKTeX\tex/latex/kvoptions\kvoptions.sty)
)) (C:\Users\asus\AppData\Local\Programs\MiKTeX\tex/latex/etoolbox\etoolbox.sty
)
(C:\Users\asus\AppData\Local\Programs\MiKTeX\tex/generic/stringenc\stringenc.st
y) (C:\Users\asus\AppData\Local\Programs\MiKTeX\tex/latex/hyperref\pd1enc.def)
(C:\Users\asus\AppData\Local\Programs\MiKTeX\tex/generic/intcalc\intcalc.sty)
(C:\Users\asus\AppData\Local\Programs\MiKTeX\tex/latex/hyperref\puenc.def)
(C:\Users\asus\AppData\Local\Programs\MiKTeX\tex/latex/url\url.sty)
(C:\Users\asus\AppData\Local\Programs\MiKTeX\tex/generic/bitset\bitset.sty
(C:\Users\asus\AppData\Local\Programs\MiKTeX\tex/generic/bigintcalc\bigintcalc.
sty))

Package hyperref Warning: Option `pdfpagelabels' is turned off
(hyperref)                because \thepage is undefined.

) (C:\Users\asus\AppData\Local\Programs\MiKTeX\tex/latex/hyperref\hpdftex.def
(C:\Users\asus\AppData\Local\Programs\MiKTeX\tex/latex/rerunfilecheck\rerunfile
check.sty
(C:\Users\asus\AppData\Local\Programs\MiKTeX\tex/generic/uniquecounter\uniqueco
unter.sty)))

NSP1.cls:576: Package color Error: Undefined color `LimeGreen'.

See the color package documentation for explanation.
Type  H <return>  for immediate help.
 ...                                              
                                                  
l.576 ...inecolor{abstractcolor}{named}{LimeGreen}
                                                  

NSP1.cls:577: Package color Error: Undefined color `PineGreen'.

See the color package documentation for explanation.
Type  H <return>  for immediate help.
 ...                                              
                                                  
l.577 \definecolor{rulecolor}{named}{PineGreen}
                                               
) (C:\Users\asus\AppData\Local\Programs\MiKTeX\tex/latex/floatflt\floatflt.sty)
 (C:\Users\asus\AppData\Local\Programs\MiKTeX\tex/latex/psnfss\helvet.sty)
(C:\Users\asus\AppData\Local\Programs\MiKTeX\tex/latex/psnfss\times.sty)
(psfig.sty
psfig/tex 1.10-dvips
) (C:\Users\asus\AppData\Local\Programs\MiKTeX\tex/latex/psnfss\mathptmx.sty)
(C:\Users\asus\AppData\Local\Programs\MiKTeX\tex/latex/amsmath\amsmath.sty
For additional information on amsmath, use the `?' option.
(C:\Users\asus\AppData\Local\Programs\MiKTeX\tex/latex/amsmath\amstext.sty
(C:\Users\asus\AppData\Local\Programs\MiKTeX\tex/latex/amsmath\amsgen.sty))
(C:\Users\asus\AppData\Local\Programs\MiKTeX\tex/latex/amsmath\amsbsy.sty)
(C:\Users\asus\AppData\Local\Programs\MiKTeX\tex/latex/amsmath\amsopn.sty))
(C:\Users\asus\AppData\Local\Programs\MiKTeX\tex/latex/amsfonts\amssymb.sty
(C:\Users\asus\AppData\Local\Programs\MiKTeX\tex/latex/amsfonts\amsfonts.sty))
(C:\Users\asus\AppData\Local\Programs\MiKTeX\tex/latex/tools\bm.sty)
(C:\Users\asus\AppData\Local\Programs\MiKTeX\tex/latex/float\float.sty)
(C:\Users\asus\AppData\Local\Programs\MiKTeX\tex/latex/caption\caption.sty
(C:\Users\asus\AppData\Local\Programs\MiKTeX\tex/latex/caption\caption3.sty)

Package caption Warning: Unknown document class (or package),
(caption)                standard defaults will be used.
See the caption package documentation for explanation.

) (C:\Users\asus\AppData\Local\Programs\MiKTeX\tex/latex/multirow\multirow.sty)
 (C:\Users\asus\AppData\Local\Programs\MiKTeX\tex/latex/xcolor\xcolor.sty
(C:\Users\asus\AppData\Local\Programs\MiKTeX\tex/latex/graphics-cfg\color.cfg)
(C:\Users\asus\AppData\Local\Programs\MiKTeX\tex/latex/graphics\mathcolor.ltx))
 (C:\Users\asus\AppData\Local\Programs\MiKTeX\tex/latex/colortbl\colortbl.sty
(C:\Users\asus\AppData\Local\Programs\MiKTeX\tex/latex/tools\array.sty)
new hooks used!!
)
(C:\Users\asus\AppData\Local\Programs\MiKTeX\tex/latex/newunicodechar\newunicod
echar.sty)

Package newunicodechar Warning: Redefining Unicode character on input line 97.


Package newunicodechar Warning: Redefining Unicode character on input line 98.


Package newunicodechar Warning: Redefining Unicode character on input line 99.

(C:\Users\asus\AppData\Local\Programs\MiKTeX\tex/latex/geometry\geometry.sty
(C:\Users\asus\AppData\Local\Programs\MiKTeX\tex/generic/iftex\ifvtex.sty)
(C:\Users\asus\AppData\Local\Programs\MiKTeX\tex/latex/geometry\geometry.cfg))
(C:\Users\asus\AppData\Local\Programs\MiKTeX\tex/latex/psnfss\ot1ptm.fd)
(C:\Users\asus\AppData\Local\Programs\MiKTeX\tex/latex/l3backend\l3backend-pdft
ex.def) (main.aux)
(C:\Users\asus\AppData\Local\Programs\MiKTeX\tex/context/base/mkii\supp-pdf.mki
i
[Loading MPS to PDF converter (version 2006.09.02).]
)
(C:\Users\asus\AppData\Local\Programs\MiKTeX\tex/latex/epstopdf-pkg\epstopdf-ba
se.sty
(C:\Users\asus\AppData\Local\Programs\MiKTeX\tex/latex/00miktex\epstopdf-sys.cf
g)) (main.out) (main.out)
*geometry* driver: auto-detecting
*geometry* detected driver: pdftex

Overfull \hbox (22.38248pt too wide) in paragraph at lines 139--139
[][] 

Overfull \hbox (22.38248pt too wide) in paragraph at lines 139--139
[][] 

Overfull \hbox (22.38248pt too wide) in paragraph at lines 139--139
[][] 

Overfull \hbox (22.38248pt too wide) in paragraph at lines 139--139
[][] 

Overfull \hbox (22.38248pt too wide) in paragraph at lines 139--139
[][] 

Package xcolor Warning: Incompatible color definition on input line 139.

(C:\Users\asus\AppData\Local\Programs\MiKTeX\tex/latex/psnfss\ot1ztmcm.fd)
(C:\Users\asus\AppData\Local\Programs\MiKTeX\tex/latex/psnfss\omlztmcm.fd)
(C:\Users\asus\AppData\Local\Programs\MiKTeX\tex/latex/psnfss\omsztmcm.fd)
(C:\Users\asus\AppData\Local\Programs\MiKTeX\tex/latex/psnfss\omxztmcm.fd)

Package mathptmx Warning: There are no bold math fonts on input line 139.

(C:\Users\asus\AppData\Local\Programs\MiKTeX\tex/latex/psnfss\ot1phv.fd)

Package xcolor Warning: Incompatible color definition on input line 139.


Package xcolor Warning: Incompatible color definition on input line 139.


Underfull \vbox (badness 10000) has occurred while \output is active
Underfull \vbox (badness 10000) has occurred while \output is active
(C:\Users\asus\AppData\Local\Programs\MiKTeX\tex/latex/psnfss\ts1ptm.fd)
[1{C:/Users/asus/AppData/Local/MiKTeX/fonts/map/pdftex/pdftex.map}{C:/Users/asu
s/AppData/Local/Programs/MiKTeX/fonts/enc/dvips/base/8r.enc} <./logo7pt-eps-con
verted-to.pdf>]
Underfull \vbox (badness 10000) has occurred while \output is active
Underfull \vbox (badness 10000) has occurred while \output is active
Overfull \hbox (224.55057pt too wide) has occurred while \output is active
[][] 
[2]
Underfull \vbox (badness 10000) has occurred while \output is active
Underfull \vbox (badness 3503) has occurred while \output is active [3]
Underfull \vbox (badness 10000) has occurred while \output is active
Underfull \vbox (badness 10000) has occurred while \output is active
Overfull \hbox (224.55057pt too wide) has occurred while \output is active
[][] 
[4]
Underfull \vbox (badness 10000) has occurred while \output is active [5]
Underfull \vbox (badness 10000) has occurred while \output is active
Overfull \hbox (224.55057pt too wide) has occurred while \output is active
[][] 
[6]
Underfull \vbox (badness 10000) has occurred while \output is active
Underfull \vbox (badness 2478) has occurred while \output is active [7]
Underfull \vbox (badness 3503) has occurred while \output is active
Underfull \vbox (badness 10000) has occurred while \output is active
Overfull \hbox (224.55057pt too wide) has occurred while \output is active
[][] 
[8]
Underfull \vbox (badness 10000) has occurred while \output is active [9]
Underfull \vbox (badness 3471) has occurred while \output is active
Overfull \hbox (224.55057pt too wide) has occurred while \output is active
[][] 
[10]
Underfull \vbox (badness 10000) has occurred while \output is active [11]
Underfull \vbox (badness 10000) has occurred while \output is active
Overfull \hbox (224.55057pt too wide) has occurred while \output is active
[][] 
[12]
Underfull \vbox (badness 10000) has occurred while \output is active [13]
Underfull \vbox (badness 2478) has occurred while \output is active
Overfull \hbox (224.55057pt too wide) has occurred while \output is active
[][] 
[14]
Underfull \vbox (badness 2478) has occurred while \output is active
Underfull \vbox (badness 10000) has occurred while \output is active [15]
Overfull \hbox (224.55057pt too wide) has occurred while \output is active
[][] 
[16]
Underfull \vbox (badness 10000) has occurred while \output is active
Underfull \vbox (badness 10000) has occurred while \output is active [17]
Overfull \hbox (2.97221pt too wide) in paragraph at lines 375--375
 []|\OT1/ptm/b/n/9 Frequency| 

Overfull \hbox (224.55057pt too wide) has occurred while \output is active
[][] 
[18 <./media/office_obj_1.png (PNG copy)> <./media/image5.png (PNG copy)> <./me
dia/image6.png (PNG copy)>]
Underfull \vbox (badness 4846) has occurred while \output is active [19]
Overfull \hbox (1.29477pt too wide) in paragraph at lines 467--467
[]|\OT1/ptm/b/n/9 Correlation

Overfull \hbox (1.29477pt too wide) in paragraph at lines 467--467
[]|\OT1/ptm/b/n/9 Correlation

Overfull \hbox (1.29477pt too wide) in paragraph at lines 467--467
[]|\OT1/ptm/b/n/9 Correlation

Overfull \hbox (1.29477pt too wide) in paragraph at lines 467--468
[]|\OT1/ptm/b/n/9 Correlation

Overfull \hbox (3.50806pt too wide) in paragraph at lines 465--484
 [][] 

Overfull \hbox (1.59996pt too wide) in paragraph at lines 497--504
 [][] 

Underfull \vbox (badness 10000) has occurred while \output is active
Overfull \hbox (224.55057pt too wide) has occurred while \output is active
[][] 
[20] (C:\Users\asus\AppData\Local\Programs\MiKTeX\tex/latex/psnfss\omlptm.fd)
Underfull \vbox (badness 10000) has occurred while \output is active
Underfull \vbox (badness 10000) has occurred while \output is active [21]
Underfull \vbox (badness 10000) has occurred while \output is active
Underfull \vbox (badness 1472) has occurred while \output is active
Overfull \hbox (224.55057pt too wide) has occurred while \output is active
[][] 
[22 <./media/image7.png (PNG copy)>]
Underfull \vbox (badness 10000) has occurred while \output is active
Overfull \hbox (2.39992pt too wide) in paragraph at lines 646--657
 [][] 

Underfull \vbox (badness 10000) has occurred while \output is active [23]
Overfull \hbox (224.55057pt too wide) has occurred while \output is active
[][] 
[24]
Underfull \vbox (badness 10000) has occurred while \output is active
Underfull \vbox (badness 5711) has occurred while \output is active [25]
Underfull \vbox (badness 10000) has occurred while \output is active
Underfull \vbox (badness 10000) has occurred while \output is active
Overfull \hbox (224.55057pt too wide) has occurred while \output is active
[][] 
[26]
Underfull \vbox (badness 10000) has occurred while \output is active
Underfull \vbox (badness 10000) has occurred while \output is active [27]
Overfull \hbox (224.55057pt too wide) has occurred while \output is active
[][] 
[28] [29 <./media/image8.jpeg>]
Underfull \vbox (badness 1762) has occurred while \output is active
Overfull \hbox (224.55057pt too wide) has occurred while \output is active
[][] 
[30 <./media/image9.jpeg> <./media/image10.jpeg>]

enddocument/afterlastpage (AED): lastpage setting LastPage.
(main.aux) )
(see the transcript file for additional information)<C:/Users/asus/AppData/Loca
l/Programs/MiKTeX/fonts/type1/public/amsfonts/cm/cmmi10.pfb><C:/Users/asus/AppD
ata/Local/Programs/MiKTeX/fonts/type1/public/amsfonts/cm/cmmi9.pfb><C:/Users/as
us/AppData/Local/Programs/MiKTeX/fonts/type1/public/amsfonts/cm/cmsy10.pfb><C:/
Users/asus/AppData/Local/Programs/MiKTeX/fonts/type1/urw/helvetic/uhvb8a.pfb><C
:/Users/asus/AppData/Local/Programs/MiKTeX/fonts/type1/urw/symbol/usyr.pfb><C:/
Users/asus/AppData/Local/Programs/MiKTeX/fonts/type1/urw/times/utmb8a.pfb><C:/U
sers/asus/AppData/Local/Programs/MiKTeX/fonts/type1/urw/times/utmr8a.pfb><C:/Us
ers/asus/AppData/Local/Programs/MiKTeX/fonts/type1/urw/times/utmri8a.pfb>
Output written on main.pdf (30 pages, 413968 bytes).
Transcript written on main.log.
Latexmk: Getting log file 'main.log'
Latexmk: Examining 'main.fls'
Latexmk: Examining 'main.log'
Latexmk: Log file says output to 'main.pdf'
Latexmk: Errors, so I did not complete making targets
Collected error summary (may duplicate other messages):
  pdflatex: Command for 'pdflatex' gave return code 1
      Refer to 'main.log' and/or above output for details



STDERR:
Latexmk: Sometimes, the -f option can be used to get latexmk
  to try to force complete processing.
  But normally, you will need to correct the file(s) that caused the
  error, and then rerun latexmk.
  In some cases, it is best to clean out generated files before rerunning
  latexmk after you've corrected the files.
Reverting Windows console CPs to (in,out) = (437,65001)
