[2026-07-22 12:07:22,098] [INFO] [job_manager.py:136]: Job 8b2244d1-17bc-4574-bdd9-f668f3e0d83f workspace created successfully
[2026-07-22 12:07:22,127] [INFO] [pipeline_service.py:45]: Starting validation for job: 8b2244d1-17bc-4574-bdd9-f668f3e0d83f
[2026-07-22 12:07:22,142] [INFO] [job_manager.py:180]: Job status updated to: VALIDATING
[2026-07-22 12:07:22,159] [INFO] [job_manager.py:204]: Progress updated to 10%: Validating input Word Document
[2026-07-22 12:07:22,178] [INFO] [pipeline_service.py:60]: Validation successful.
[2026-07-22 12:07:22,195] [INFO] [job_manager.py:204]: Progress updated to 20%: Input document validated successfully
[2026-07-22 12:07:22,195] [INFO] [pipeline_service.py:67]: Starting document analysis for job: 8b2244d1-17bc-4574-bdd9-f668f3e0d83f
[2026-07-22 12:07:22,210] [INFO] [job_manager.py:180]: Job status updated to: ANALYZING_DOCUMENT
[2026-07-22 12:07:22,227] [INFO] [job_manager.py:204]: Progress updated to 30%: Analyzing document structure and content blocks
[2026-07-22 12:07:22,227] [INFO] [document_analyzer.py:33]: Starting improved document analysis for: G:\work\Journal2LaTeX\backend\temp\8b2244d1-17bc-4574-bdd9-f668f3e0d83f\input\The role.docx
[2026-07-22 12:07:23,385] [INFO] [document_analyzer.py:511]: Parsed document: title='The Role of Social Media in the Spread and Countering of Cyber-Extremism: An Islamic Jurisprudential and Educational Perspective', authors=3, sections=41, references=42
[2026-07-22 12:07:23,394] [INFO] [pipeline_service.py:95]: Document analysis completed. Saved structure to: G:\work\Journal2LaTeX\backend\temp\8b2244d1-17bc-4574-bdd9-f668f3e0d83f\intermediate\document_structure.json, report to: G:\work\Journal2LaTeX\backend\temp\8b2244d1-17bc-4574-bdd9-f668f3e0d83f\intermediate\conversion_report.json
[2026-07-22 12:07:23,409] [INFO] [job_manager.py:204]: Progress updated to 45%: Document structure extracted successfully
[2026-07-22 12:07:23,409] [INFO] [pipeline_service.py:108]: Starting asset extraction for job: 8b2244d1-17bc-4574-bdd9-f668f3e0d83f
[2026-07-22 12:07:23,428] [INFO] [job_manager.py:180]: Job status updated to: EXTRACTING_ASSETS
[2026-07-22 12:07:23,444] [INFO] [job_manager.py:204]: Progress updated to 50%: Extracting images and figure assets from document
[2026-07-22 12:07:29,460] [INFO] [pipeline_service.py:223]: Office object fig:office1 placed=True
[2026-07-22 12:07:29,507] [INFO] [pipeline_service.py:141]: Assets extracted to: G:\work\Journal2LaTeX\backend\temp\8b2244d1-17bc-4574-bdd9-f668f3e0d83f\intermediate\media
[2026-07-22 12:07:29,525] [INFO] [job_manager.py:204]: Progress updated to 60%: Document assets extracted successfully
[2026-07-22 12:07:29,525] [INFO] [pipeline_service.py:231]: Classifying extracted assets for job: 8b2244d1-17bc-4574-bdd9-f668f3e0d83f
[2026-07-22 12:07:29,525] [INFO] [asset_analyzer.py:23]: Starting extended asset analysis for job: 8b2244d1-17bc-4574-bdd9-f668f3e0d83f
[2026-07-22 12:07:29,528] [INFO] [asset_analyzer.py:153]: Extended asset classification completed. Assets classified: 8
[2026-07-22 12:07:29,543] [INFO] [job_manager.py:204]: Progress updated to 65%: Extracted assets analyzed and mapped successfully
[2026-07-22 12:07:29,591] [INFO] [pipeline_service.py:247]: Loading template JSAP for job: 8b2244d1-17bc-4574-bdd9-f668f3e0d83f
[2026-07-22 12:07:29,607] [INFO] [job_manager.py:180]: Job status updated to: LOADING_TEMPLATE
[2026-07-22 12:07:29,623] [INFO] [job_manager.py:204]: Progress updated to 70%: Loading template styles: JSAP
[2026-07-22 12:07:29,700] [INFO] [pipeline_service.py:269]: Template loaded and workspace prepared at: G:\work\Journal2LaTeX\backend\temp\8b2244d1-17bc-4574-bdd9-f668f3e0d83f\rendered
[2026-07-22 12:07:29,715] [INFO] [job_manager.py:204]: Progress updated to 80%: Template workspace initialized
[2026-07-22 12:07:29,717] [INFO] [pipeline_service.py:294]: Starting LaTeX rendering for job: 8b2244d1-17bc-4574-bdd9-f668f3e0d83f
[2026-07-22 12:07:29,731] [INFO] [job_manager.py:180]: Job status updated to: RENDERING_LATEX
[2026-07-22 12:07:29,745] [INFO] [job_manager.py:204]: Progress updated to 85%: Rendering document content to LaTeX
[2026-07-22 12:07:29,765] [INFO] [latex_renderer.py:72]: Starting LaTeX rendering inside workspace: G:\work\Journal2LaTeX\backend\temp\8b2244d1-17bc-4574-bdd9-f668f3e0d83f\rendered
[2026-07-22 12:07:29,820] [INFO] [latex_renderer.py:359]: LaTeX document main.tex rendered successfully.
[2026-07-22 12:07:29,949] [INFO] [header_reconstructor.py:124]: Template class draws its own header; skipping fancyhdr injection.
[2026-07-22 12:07:29,953] [INFO] [job_manager.py:204]: Progress updated to 90%: LaTeX document rendering completed
[2026-07-22 12:07:29,954] [INFO] [pipeline_service.py:357]: Starting document compilation for job: 8b2244d1-17bc-4574-bdd9-f668f3e0d83f
[2026-07-22 12:07:29,972] [INFO] [job_manager.py:180]: Job status updated to: COMPILING
[2026-07-22 12:07:29,991] [INFO] [job_manager.py:204]: Progress updated to 92%: Compiling LaTeX source to PDF
[2026-07-22 12:07:35,431] [INFO] [pipeline_service.py:380]: Compilation completed successfully.
[2026-07-22 12:07:35,436] [INFO] [pipeline_service.py:395]: Running E2E publication fidelity checker for job: 8b2244d1-17bc-4574-bdd9-f668f3e0d83f
[2026-07-22 12:07:35,436] [INFO] [fidelity_checker.py:24]: Generating advanced fidelity report and scores for job: 8b2244d1-17bc-4574-bdd9-f668f3e0d83f
[2026-07-22 12:07:35,439] [INFO] [fidelity_checker.py:163]: Fidelity report written to G:\work\Journal2LaTeX\backend\temp\8b2244d1-17bc-4574-bdd9-f668f3e0d83f\intermediate\fidelity_report.json. Overall Score: 88.4%, Critical missing: 2
[2026-07-22 12:07:35,459] [INFO] [pipeline_service.py:357]: Starting document compilation for job: 8b2244d1-17bc-4574-bdd9-f668f3e0d83f
[2026-07-22 12:07:38,712] [INFO] [pipeline_service.py:380]: Compilation completed successfully.
[2026-07-22 12:07:54,027] [INFO] [pipeline_service.py:357]: Starting document compilation for job: 8b2244d1-17bc-4574-bdd9-f668f3e0d83f
[2026-07-22 12:07:57,600] [INFO] [pipeline_service.py:380]: Compilation completed successfully.
[2026-07-22 12:08:04,534] [INFO] [pipeline_service.py:357]: Starting document compilation for job: 8b2244d1-17bc-4574-bdd9-f668f3e0d83f
[2026-07-22 12:08:08,244] [INFO] [pipeline_service.py:380]: Compilation completed successfully.
[2026-07-22 12:08:17,256] [INFO] [pipeline_service.py:357]: Starting document compilation for job: 8b2244d1-17bc-4574-bdd9-f668f3e0d83f
[2026-07-22 12:08:20,892] [INFO] [pipeline_service.py:380]: Compilation completed successfully.
[2026-07-22 12:08:29,978] [INFO] [pipeline_service.py:357]: Starting document compilation for job: 8b2244d1-17bc-4574-bdd9-f668f3e0d83f
[2026-07-22 12:08:33,938] [INFO] [pipeline_service.py:380]: Compilation completed successfully.
[2026-07-22 12:08:43,706] [INFO] [pipeline_service.py:357]: Starting document compilation for job: 8b2244d1-17bc-4574-bdd9-f668f3e0d83f
[2026-07-22 12:08:47,032] [INFO] [pipeline_service.py:380]: Compilation completed successfully.
[2026-07-22 12:08:56,316] [INFO] [pipeline_service.py:357]: Starting document compilation for job: 8b2244d1-17bc-4574-bdd9-f668f3e0d83f
[2026-07-22 12:09:00,080] [INFO] [pipeline_service.py:380]: Compilation completed successfully.
[2026-07-22 12:09:09,574] [INFO] [pipeline_service.py:357]: Starting document compilation for job: 8b2244d1-17bc-4574-bdd9-f668f3e0d83f
[2026-07-22 12:09:13,194] [INFO] [pipeline_service.py:380]: Compilation completed successfully.
[2026-07-22 12:09:22,766] [INFO] [pipeline_service.py:357]: Starting document compilation for job: 8b2244d1-17bc-4574-bdd9-f668f3e0d83f
[2026-07-22 12:09:26,237] [INFO] [pipeline_service.py:380]: Compilation completed successfully.
[2026-07-22 12:09:35,351] [INFO] [pipeline_service.py:357]: Starting document compilation for job: 8b2244d1-17bc-4574-bdd9-f668f3e0d83f
[2026-07-22 12:09:38,828] [INFO] [pipeline_service.py:380]: Compilation completed successfully.
[2026-07-22 12:09:48,207] [INFO] [job_manager.py:180]: Job status updated to: COMPLETED
[2026-07-22 12:09:48,227] [INFO] [job_manager.py:204]: Progress updated to 100%: Pipeline process completed successfully
