[2026-07-18 18:33:31,325] [INFO] [job_manager.py:117]: Job 2ccd9bdf-b75a-4105-a36f-29ebdaf2715e workspace created successfully
[2026-07-18 18:33:31,327] [INFO] [pipeline_service.py:36]: Starting validation for job: 2ccd9bdf-b75a-4105-a36f-29ebdaf2715e
[2026-07-18 18:33:31,345] [INFO] [job_manager.py:161]: Job status updated to: VALIDATING
[2026-07-18 18:33:31,356] [INFO] [job_manager.py:185]: Progress updated to 10%: Validating input Word Document
[2026-07-18 18:33:31,371] [INFO] [pipeline_service.py:51]: Validation successful.
[2026-07-18 18:33:31,383] [INFO] [job_manager.py:185]: Progress updated to 20%: Input document validated successfully
[2026-07-18 18:33:31,383] [INFO] [pipeline_service.py:58]: Starting document analysis for job: 2ccd9bdf-b75a-4105-a36f-29ebdaf2715e
[2026-07-18 18:33:31,396] [INFO] [job_manager.py:161]: Job status updated to: ANALYZING_DOCUMENT
[2026-07-18 18:33:31,409] [INFO] [job_manager.py:185]: Progress updated to 30%: Analyzing document structure and content blocks
[2026-07-18 18:33:31,409] [INFO] [document_analyzer.py:33]: Starting improved document analysis for: G:\work\Journal2LaTeX\temp\2ccd9bdf-b75a-4105-a36f-29ebdaf2715e\input\style_ieee.docx
[2026-07-18 18:33:31,617] [INFO] [document_analyzer.py:416]: Parsed document: title='Test Document Title', authors=2, sections=1, references=2
[2026-07-18 18:33:31,618] [INFO] [pipeline_service.py:86]: Document analysis completed. Saved structure to: G:\work\Journal2LaTeX\temp\2ccd9bdf-b75a-4105-a36f-29ebdaf2715e\intermediate\document_structure.json, report to: G:\work\Journal2LaTeX\temp\2ccd9bdf-b75a-4105-a36f-29ebdaf2715e\intermediate\conversion_report.json
[2026-07-18 18:33:31,629] [INFO] [job_manager.py:185]: Progress updated to 45%: Document structure extracted successfully
[2026-07-18 18:33:31,629] [INFO] [pipeline_service.py:99]: Starting asset extraction for job: 2ccd9bdf-b75a-4105-a36f-29ebdaf2715e
[2026-07-18 18:33:31,640] [INFO] [job_manager.py:161]: Job status updated to: EXTRACTING_ASSETS
[2026-07-18 18:33:31,652] [INFO] [job_manager.py:185]: Progress updated to 50%: Extracting images and figure assets from document
[2026-07-18 18:33:31,924] [INFO] [pipeline_service.py:111]: Assets extracted to: G:\work\Journal2LaTeX\temp\2ccd9bdf-b75a-4105-a36f-29ebdaf2715e\intermediate\media
[2026-07-18 18:33:31,938] [INFO] [job_manager.py:185]: Progress updated to 60%: Document assets extracted successfully
[2026-07-18 18:33:31,938] [INFO] [pipeline_service.py:123]: Classifying extracted assets for job: 2ccd9bdf-b75a-4105-a36f-29ebdaf2715e
[2026-07-18 18:33:31,938] [INFO] [asset_analyzer.py:23]: Starting extended asset analysis for job: 2ccd9bdf-b75a-4105-a36f-29ebdaf2715e
[2026-07-18 18:33:31,940] [INFO] [asset_analyzer.py:153]: Extended asset classification completed. Assets classified: 0
[2026-07-18 18:33:31,952] [INFO] [job_manager.py:185]: Progress updated to 65%: Extracted assets analyzed and mapped successfully
[2026-07-18 18:33:31,952] [INFO] [pipeline_service.py:139]: Loading template default for job: 2ccd9bdf-b75a-4105-a36f-29ebdaf2715e
[2026-07-18 18:33:31,966] [INFO] [job_manager.py:161]: Job status updated to: LOADING_TEMPLATE
[2026-07-18 18:33:31,980] [INFO] [job_manager.py:185]: Progress updated to 70%: Loading template styles: default
[2026-07-18 18:33:31,985] [INFO] [pipeline_service.py:157]: Template loaded and workspace prepared at: G:\work\Journal2LaTeX\temp\2ccd9bdf-b75a-4105-a36f-29ebdaf2715e\rendered
[2026-07-18 18:33:31,998] [INFO] [job_manager.py:185]: Progress updated to 80%: Template workspace initialized
[2026-07-18 18:33:31,998] [INFO] [pipeline_service.py:170]: Starting LaTeX rendering for job: 2ccd9bdf-b75a-4105-a36f-29ebdaf2715e
[2026-07-18 18:33:32,015] [INFO] [job_manager.py:161]: Job status updated to: RENDERING_LATEX
[2026-07-18 18:33:32,028] [INFO] [job_manager.py:185]: Progress updated to 85%: Rendering document content to LaTeX
[2026-07-18 18:33:32,029] [INFO] [latex_renderer.py:70]: Starting LaTeX rendering inside workspace: G:\work\Journal2LaTeX\temp\2ccd9bdf-b75a-4105-a36f-29ebdaf2715e\rendered
[2026-07-18 18:33:32,096] [INFO] [latex_renderer.py:337]: LaTeX document main.tex rendered successfully.
[2026-07-18 18:33:32,108] [INFO] [job_manager.py:185]: Progress updated to 90%: LaTeX document rendering completed
[2026-07-18 18:33:32,108] [INFO] [pipeline_service.py:204]: Starting document compilation for job: 2ccd9bdf-b75a-4105-a36f-29ebdaf2715e
[2026-07-18 18:33:32,120] [INFO] [job_manager.py:161]: Job status updated to: COMPILING
[2026-07-18 18:33:32,132] [INFO] [job_manager.py:185]: Progress updated to 92%: Compiling LaTeX source to PDF
[2026-07-18 18:33:35,220] [INFO] [pipeline_service.py:226]: Compilation completed successfully.
