STDOUT:
Initial Win CP for (console input, console output, system): (CP437, CP65001, CP1252)
I changed them all to CP1252
Rc files read (in order):
  NONE
Latexmk: This is Latexmk, John Collins, 9 March 2026. Version 4.88.
Latexmk: Getting log file 'main.log'
Latexmk: Examining 'main.log'
Latexmk: Log file says output to 'main.pdf'
Force everything to be remade.
Latexmk: applying rule 'pdflatex'...
Rule 'pdflatex':  Reasons for rerun
Category 'other':
  Rerun of 'pdflatex' forced or previously required:
    Reason or flag: 'go_mode'

------------
Run number 1 of rule 'pdflatex'
------------
------------
Running 'pdflatex  -interaction=nonstopmode -file-line-error -recorder  "G:/work/Journal2LaTeX/backend/temp/f0550c93-0758-4281-8336-96b7c3481c86/rendered/main.tex"'
------------
This is pdfTeX, Version 3.141592653-2.6-1.40.29 (MiKTeX 26.5) (preloaded format=pdflatex.fmt)
 restricted \write18 enabled.
entering extended mode

(G:/work/Journal2LaTeX/backend/temp/f0550c93-0758-4281-8336-96b7c3481c86/render
ed/main.tex
LaTeX2e <2026-06-01>
L3 programming layer <2026-06-18>
(C:\Users\asus\AppData\Local\Programs\MiKTeX\tex/latex/xcolor\xcolor.sty
(C:\Users\asus\AppData\Local\Programs\MiKTeX\tex/latex/graphics-cfg\color.cfg)
(C:\Users\asus\AppData\Local\Programs\MiKTeX\tex/latex/graphics-def\pdftex.def)
 (C:\Users\asus\AppData\Local\Programs\MiKTeX\tex/latex/graphics\mathcolor.ltx)
) (C:\Users\asus\AppData\Local\Programs\MiKTeX\tex/latex/graphics\dvipsnam.def)
 (C:\Users\asus\AppData\Local\Programs\MiKTeX\tex/latex/xcolor\svgnam.def)
(C:\Users\asus\AppData\Local\Programs\MiKTeX\tex/latex/xcolor\x11nam.def)
(C:\Users\asus\AppData\Local\Programs\MiKTeX\tex/latex/colortbl\colortbl.sty
(C:\Users\asus\AppData\Local\Programs\MiKTeX\tex/latex/tools\array.sty)
new hooks used!!
) (NSP1.cls
Document Class: NSP1 2012/01/01
(C:\Users\asus\AppData\Local\Programs\MiKTeX\tex/latex/base\fleqn.clo)
(C:\Users\asus\AppData\Local\Programs\MiKTeX\tex/latex/graphics\graphicx.sty
(C:\Users\asus\AppData\Local\Programs\MiKTeX\tex/latex/graphics\keyval.sty)
(C:\Users\asus\AppData\Local\Programs\MiKTeX\tex/latex/graphics\graphics.sty
(C:\Users\asus\AppData\Local\Programs\MiKTeX\tex/latex/graphics\trig.sty)
(C:\Users\asus\AppData\Local\Programs\MiKTeX\tex/latex/graphics-cfg\graphics.cf
g)))
(C:\Users\asus\AppData\Local\Programs\MiKTeX\tex/latex/lastpage\lastpage.sty
(C:\Users\asus\AppData\Local\Programs\MiKTeX\tex/latex/lastpage\lastpage2e.sty
(C:\Users\asus\AppData\Local\Programs\MiKTeX\tex/latex/lastpage\lastpagemodern.
sty) 
)) (C:\Users\asus\AppData\Local\Programs\MiKTeX\tex/latex/hyperref\hyperref.sty
(C:\Users\asus\AppData\Local\Programs\MiKTeX\tex/generic/iftex\iftex.sty)
(C:\Users\asus\AppData\Local\Programs\MiKTeX\tex/latex/kvsetkeys\kvsetkeys.sty)

(C:\Users\asus\AppData\Local\Programs\MiKTeX\tex/generic/kvdefinekeys\kvdefinek
eys.sty)
(C:\Users\asus\AppData\Local\Programs\MiKTeX\tex/generic/pdfescape\pdfescape.st
y (C:\Users\asus\AppData\Local\Programs\MiKTeX\tex/generic/ltxcmds\ltxcmds.sty)

(C:\Users\asus\AppData\Local\Programs\MiKTeX\tex/generic/pdftexcmds\pdftexcmds.
sty
(C:\Users\asus\AppData\Local\Programs\MiKTeX\tex/generic/infwarerr\infwarerr.st
y))) (C:\Users\asus\AppData\Local\Programs\MiKTeX\tex/latex/hycolor\hycolor.sty
) (C:\Users\asus\AppData\Local\Programs\MiKTeX\tex/latex/hyperref\nameref.sty
(C:\Users\asus\AppData\Local\Programs\MiKTeX\tex/latex/refcount\refcount.sty)
(C:\Users\asus\AppData\Local\Programs\MiKTeX\tex/generic/gettitlestring\gettitl
estring.sty
(C:\Users\asus\AppData\Local\Programs\MiKTeX\tex/latex/kvoptions\kvoptions.sty)
)) (C:\Users\asus\AppData\Local\Programs\MiKTeX\tex/latex/etoolbox\etoolbox.sty
)
(C:\Users\asus\AppData\Local\Programs\MiKTeX\tex/generic/stringenc\stringenc.st
y) (C:\Users\asus\AppData\Local\Programs\MiKTeX\tex/latex/hyperref\pd1enc.def)
(C:\Users\asus\AppData\Local\Programs\MiKTeX\tex/generic/intcalc\intcalc.sty)
(C:\Users\asus\AppData\Local\Programs\MiKTeX\tex/latex/hyperref\puenc.def)
(C:\Users\asus\AppData\Local\Programs\MiKTeX\tex/latex/url\url.sty)
(C:\Users\asus\AppData\Local\Programs\MiKTeX\tex/generic/bitset\bitset.sty
(C:\Users\asus\AppData\Local\Programs\MiKTeX\tex/generic/bigintcalc\bigintcalc.
sty))

Package hyperref Warning: Option `pdfpagelabels' is turned off
(hyperref)                because \thepage is undefined.

) (C:\Users\asus\AppData\Local\Programs\MiKTeX\tex/latex/hyperref\hpdftex.def
(C:\Users\asus\AppData\Local\Programs\MiKTeX\tex/latex/rerunfilecheck\rerunfile
check.sty
(C:\Users\asus\AppData\Local\Programs\MiKTeX\tex/generic/uniquecounter\uniqueco
unter.sty))))
(C:\Users\asus\AppData\Local\Programs\MiKTeX\tex/latex/makecell\makecell.sty)
(C:\Users\asus\AppData\Local\Programs\MiKTeX\tex/latex/floatflt\floatflt.sty)
(C:\Users\asus\AppData\Local\Programs\MiKTeX\tex/latex/psnfss\helvet.sty)
(C:\Users\asus\AppData\Local\Programs\MiKTeX\tex/latex/psnfss\times.sty)
(C:\Users\asus\AppData\Local\Programs\MiKTeX\tex/latex/float\float.sty)
(C:\Users\asus\AppData\Local\Programs\MiKTeX\tex/latex/psnfss\mathptmx.sty)
(C:\Users\asus\AppData\Local\Programs\MiKTeX\tex/latex/amsmath\amsmath.sty
For additional information on amsmath, use the `?' option.
(C:\Users\asus\AppData\Local\Programs\MiKTeX\tex/latex/amsmath\amstext.sty
(C:\Users\asus\AppData\Local\Programs\MiKTeX\tex/latex/amsmath\amsgen.sty))
(C:\Users\asus\AppData\Local\Programs\MiKTeX\tex/latex/amsmath\amsbsy.sty)
(C:\Users\asus\AppData\Local\Programs\MiKTeX\tex/latex/amsmath\amsopn.sty))
(C:\Users\asus\AppData\Local\Programs\MiKTeX\tex/latex/amsfonts\amssymb.sty
(C:\Users\asus\AppData\Local\Programs\MiKTeX\tex/latex/amsfonts\amsfonts.sty))
(C:\Users\asus\AppData\Local\Programs\MiKTeX\tex/latex/tools\bm.sty)
(C:\Users\asus\AppData\Local\Programs\MiKTeX\tex/latex/caption\caption.sty
(C:\Users\asus\AppData\Local\Programs\MiKTeX\tex/latex/caption\caption3.sty)

Package caption Warning: Unknown document class (or package),
(caption)                standard defaults will be used.
See the caption package documentation for explanation.

) (C:\Users\asus\AppData\Local\Programs\MiKTeX\tex/latex/multirow\multirow.sty)

(C:\Users\asus\AppData\Local\Programs\MiKTeX\tex/latex/newunicodechar\newunicod
echar.sty)
(C:\Users\asus\AppData\Local\Programs\MiKTeX\tex/latex/sttools\cuted.sty)

Package newunicodechar Warning: Redefining Unicode character on input line 118.



Package newunicodechar Warning: Redefining Unicode character on input line 119.



Package newunicodechar Warning: Redefining Unicode character on input line 120.



Package newunicodechar Warning: Redefining Unicode character on input line 121.



Package newunicodechar Warning: Redefining Unicode character on input line 122.



Package newunicodechar Warning: Redefining Unicode character on input line 123.



Package newunicodechar Warning: Redefining Unicode character on input line 124.



Package newunicodechar Warning: Redefining Unicode character on input line 125.



Package newunicodechar Warning: Redefining Unicode character on input line 126.



Package newunicodechar Warning: Redefining Unicode character on input line 127.


(C:\Users\asus\AppData\Local\Programs\MiKTeX\tex/latex/type1cm\type1cm.sty)
(C:\Users\asus\AppData\Local\Programs\MiKTeX\tex/latex/base\fix-cm.sty
(C:\Users\asus\AppData\Local\Programs\MiKTeX\tex/latex/base\ts1enc.def))
(C:\Users\asus\AppData\Local\Programs\MiKTeX\tex/latex/psnfss\ot1ptm.fd)
(C:\Users\asus\AppData\Local\Programs\MiKTeX\tex/latex/l3backend\l3backend-pdft
ex.def) (main.aux)
(C:\Users\asus\AppData\Local\Programs\MiKTeX\tex/context/base/mkii\supp-pdf.mki
i
[Loading MPS to PDF converter (version 2006.09.02).]
)
(C:\Users\asus\AppData\Local\Programs\MiKTeX\tex/latex/epstopdf-pkg\epstopdf-ba
se.sty
(C:\Users\asus\AppData\Local\Programs\MiKTeX\tex/latex/00miktex\epstopdf-sys.cf
g)) (main.out) (main.out)
Overfull \hbox (12.0pt too wide) in paragraph at lines 199--199
[][] [] 
(C:\Users\asus\AppData\Local\Programs\MiKTeX\tex/latex/psnfss\ot1ztmcm.fd)
(C:\Users\asus\AppData\Local\Programs\MiKTeX\tex/latex/psnfss\omlztmcm.fd)
(C:\Users\asus\AppData\Local\Programs\MiKTeX\tex/latex/psnfss\omsztmcm.fd)
(C:\Users\asus\AppData\Local\Programs\MiKTeX\tex/latex/psnfss\omxztmcm.fd)

Package mathptmx Warning: There are no bold math fonts on input line 199.

(C:\Users\asus\AppData\Local\Programs\MiKTeX\tex/latex/psnfss\ot1phv.fd)
(C:\Users\asus\AppData\Local\Programs\MiKTeX\tex/latex/psnfss\ts1ptm.fd)
[1{C:/Users/asus/AppData/Local/MiKTeX/fonts/map/pdftex/pdftex.map}{C:/Users/asu
s/AppData/Local/Programs/MiKTeX/fonts/enc/dvips/base/8r.enc} <./logo7pt-eps-con
verted-to.pdf>]
Overfull \hbox (180.33179pt too wide) has occurred while \output is active
[] [] \OT1/ptm/m/n/9 Amal Salem Bashib et al.: The Role of Social Media in the 
Spread and Countering of Cyber-Extremism: An Islamic Jurisprudential and Educat
ional Perspective
[2] [3]
Overfull \hbox (180.33179pt too wide) has occurred while \output is active
[] [] \OT1/ptm/m/n/9 Amal Salem Bashib et al.: The Role of Social Media in the 
Spread and Countering of Cyber-Extremism: An Islamic Jurisprudential and Educat
ional Perspective
[4] [5]
Overfull \hbox (180.33179pt too wide) has occurred while \output is active
[] [] \OT1/ptm/m/n/9 Amal Salem Bashib et al.: The Role of Social Media in the 
Spread and Countering of Cyber-Extremism: An Islamic Jurisprudential and Educat
ional Perspective
[6] [7]
Overfull \hbox (180.33179pt too wide) has occurred while \output is active
[] [] \OT1/ptm/m/n/9 Amal Salem Bashib et al.: The Role of Social Media in the 
Spread and Countering of Cyber-Extremism: An Islamic Jurisprudential and Educat
ional Perspective
[8] [9]
Overfull \hbox (180.33179pt too wide) has occurred while \output is active
[] [] \OT1/ptm/m/n/9 Amal Salem Bashib et al.: The Role of Social Media in the 
Spread and Countering of Cyber-Extremism: An Islamic Jurisprudential and Educat
ional Perspective
[10] [11]
Overfull \hbox (180.33179pt too wide) has occurred while \output is active
[] [] \OT1/ptm/m/n/9 Amal Salem Bashib et al.: The Role of Social Media in the 
Spread and Countering of Cyber-Extremism: An Islamic Jurisprudential and Educat
ional Perspective
[12] [13]

Package caption Warning: The option `hypcap=true' will be ignored for this
(caption)                particular \caption on input line 461.
See the caption package documentation for explanation.


Overfull \hbox (180.33179pt too wide) has occurred while \output is active
[] [] \OT1/ptm/m/n/9 Amal Salem Bashib et al.: The Role of Social Media in the 
Spread and Countering of Cyber-Extremism: An Islamic Jurisprudential and Educat
ional Perspective
[14]

Package caption Warning: The option `hypcap=true' will be ignored for this
(caption)                particular \caption on input line 482.
See the caption package documentation for explanation.

[15 <./media/image5.png (PNG copy)>]
Overfull \hbox (180.33179pt too wide) has occurred while \output is active
[] [] \OT1/ptm/m/n/9 Amal Salem Bashib et al.: The Role of Social Media in the 
Spread and Countering of Cyber-Extremism: An Islamic Jurisprudential and Educat
ional Perspective
[16 <./media/office_obj_1.png (PNG copy)> <./media/image6.png (PNG copy)>]

Package caption Warning: The option `hypcap=true' will be ignored for this
(caption)                particular \caption on input line 546.
See the caption package documentation for explanation.

[17]

Package caption Warning: The option `hypcap=true' will be ignored for this
(caption)                particular \caption on input line 565.
See the caption package documentation for explanation.

(C:\Users\asus\AppData\Local\Programs\MiKTeX\tex/latex/psnfss\omlptm.fd)

Package caption Warning: The option `hypcap=true' will be ignored for this
(caption)                particular \caption on input line 608.
See the caption package documentation for explanation.


Overfull \hbox (180.33179pt too wide) has occurred while \output is active
[] [] \OT1/ptm/m/n/9 Amal Salem Bashib et al.: The Role of Social Media in the 
Spread and Countering of Cyber-Extremism: An Islamic Jurisprudential and Educat
ional Perspective
[18]

Package caption Warning: The option `hypcap=true' will be ignored for this
(caption)                particular \caption on input line 649.
See the caption package documentation for explanation.

[19]

Package caption Warning: The option `hypcap=true' will be ignored for this
(caption)                particular \caption on input line 684.
See the caption package documentation for explanation.


Overfull \hbox (180.33179pt too wide) has occurred while \output is active
[] [] \OT1/ptm/m/n/9 Amal Salem Bashib et al.: The Role of Social Media in the 
Spread and Countering of Cyber-Extremism: An Islamic Jurisprudential and Educat
ional Perspective
[20 <./media/image7.png (PNG copy)>]

Package caption Warning: The option `hypcap=true' will be ignored for this
(caption)                particular \caption on input line 711.
See the caption package documentation for explanation.


Package caption Warning: The option `hypcap=true' will be ignored for this
(caption)                particular \caption on input line 736.
See the caption package documentation for explanation.

[21]

Package caption Warning: The option `hypcap=true' will be ignored for this
(caption)                particular \caption on input line 759.
See the caption package documentation for explanation.


Overfull \hbox (180.33179pt too wide) has occurred while \output is active
[] [] \OT1/ptm/m/n/9 Amal Salem Bashib et al.: The Role of Social Media in the 
Spread and Countering of Cyber-Extremism: An Islamic Jurisprudential and Educat
ional Perspective
[22] [23]
Overfull \hbox (180.33179pt too wide) has occurred while \output is active
[] [] \OT1/ptm/m/n/9 Amal Salem Bashib et al.: The Role of Social Media in the 
Spread and Countering of Cyber-Extremism: An Islamic Jurisprudential and Educat
ional Perspective
[24] [25]
Overfull \hbox (180.33179pt too wide) has occurred while \output is active
[] [] \OT1/ptm/m/n/9 Amal Salem Bashib et al.: The Role of Social Media in the 
Spread and Countering of Cyber-Extremism: An Islamic Jurisprudential and Educat
ional Perspective
[26 <./media/image8.jpeg> <./media/image9.jpeg> <./media/image10.jpeg>]

enddocument/afterlastpage (AED): lastpage setting LastPage.
(main.aux)

LaTeX Warning: Label(s) may have changed. Rerun to get cross-references right.

 )
(see the transcript file for additional information)<C:/Users/asus/AppData/Loca
l/Programs/MiKTeX/fonts/type1/public/amsfonts/cm/cmmi12.pfb><C:/Users/asus/AppD
ata/Local/Programs/MiKTeX/fonts/type1/public/amsfonts/cm/cmmi9.pfb><C:/Users/as
us/AppData/Local/Programs/MiKTeX/fonts/type1/public/amsfonts/cm/cmmib10.pfb><C:
/Users/asus/AppData/Local/Programs/MiKTeX/fonts/type1/public/amsfonts/cm/cmsy10
.pfb><C:/Users/asus/AppData/Local/Programs/MiKTeX/fonts/type1/urw/helvetic/uhvb
8a.pfb><C:/Users/asus/AppData/Local/Programs/MiKTeX/fonts/type1/urw/symbol/usyr
.pfb><C:/Users/asus/AppData/Local/Programs/MiKTeX/fonts/type1/urw/times/utmb8a.
pfb><C:/Users/asus/AppData/Local/Programs/MiKTeX/fonts/type1/urw/times/utmr8a.p
fb><C:/Users/asus/AppData/Local/Programs/MiKTeX/fonts/type1/urw/times/utmri8a.p
fb>
Output written on main.pdf (26 pages, 411805 bytes).
Transcript written on main.log.
Latexmk: Getting log file 'main.log'
Latexmk: Examining 'main.fls'
Latexmk: Examining 'main.log'
Latexmk: References changed.
Latexmk: Log file says output to 'main.pdf'
Latexmk: applying rule 'pdflatex'...
Rule 'pdflatex':  Reasons for rerun
Changed files or newly in use/created:
  main.aux

------------
Run number 2 of rule 'pdflatex'
------------
------------
Running 'pdflatex  -interaction=nonstopmode -file-line-error -recorder  "G:/work/Journal2LaTeX/backend/temp/f0550c93-0758-4281-8336-96b7c3481c86/rendered/main.tex"'
------------
This is pdfTeX, Version 3.141592653-2.6-1.40.29 (MiKTeX 26.5) (preloaded format=pdflatex.fmt)
 restricted \write18 enabled.
entering extended mode

(G:/work/Journal2LaTeX/backend/temp/f0550c93-0758-4281-8336-96b7c3481c86/render
ed/main.tex
LaTeX2e <2026-06-01>
L3 programming layer <2026-06-18>
(C:\Users\asus\AppData\Local\Programs\MiKTeX\tex/latex/xcolor\xcolor.sty
(C:\Users\asus\AppData\Local\Programs\MiKTeX\tex/latex/graphics-cfg\color.cfg)
(C:\Users\asus\AppData\Local\Programs\MiKTeX\tex/latex/graphics-def\pdftex.def)
 (C:\Users\asus\AppData\Local\Programs\MiKTeX\tex/latex/graphics\mathcolor.ltx)
) (C:\Users\asus\AppData\Local\Programs\MiKTeX\tex/latex/graphics\dvipsnam.def)
 (C:\Users\asus\AppData\Local\Programs\MiKTeX\tex/latex/xcolor\svgnam.def)
(C:\Users\asus\AppData\Local\Programs\MiKTeX\tex/latex/xcolor\x11nam.def)
(C:\Users\asus\AppData\Local\Programs\MiKTeX\tex/latex/colortbl\colortbl.sty
(C:\Users\asus\AppData\Local\Programs\MiKTeX\tex/latex/tools\array.sty)
new hooks used!!
) (NSP1.cls
Document Class: NSP1 2012/01/01
(C:\Users\asus\AppData\Local\Programs\MiKTeX\tex/latex/base\fleqn.clo)
(C:\Users\asus\AppData\Local\Programs\MiKTeX\tex/latex/graphics\graphicx.sty
(C:\Users\asus\AppData\Local\Programs\MiKTeX\tex/latex/graphics\keyval.sty)
(C:\Users\asus\AppData\Local\Programs\MiKTeX\tex/latex/graphics\graphics.sty
(C:\Users\asus\AppData\Local\Programs\MiKTeX\tex/latex/graphics\trig.sty)
(C:\Users\asus\AppData\Local\Programs\MiKTeX\tex/latex/graphics-cfg\graphics.cf
g)))
(C:\Users\asus\AppData\Local\Programs\MiKTeX\tex/latex/lastpage\lastpage.sty
(C:\Users\asus\AppData\Local\Programs\MiKTeX\tex/latex/lastpage\lastpage2e.sty
(C:\Users\asus\AppData\Local\Programs\MiKTeX\tex/latex/lastpage\lastpagemodern.
sty) 
)) (C:\Users\asus\AppData\Local\Programs\MiKTeX\tex/latex/hyperref\hyperref.sty
(C:\Users\asus\AppData\Local\Programs\MiKTeX\tex/generic/iftex\iftex.sty)
(C:\Users\asus\AppData\Local\Programs\MiKTeX\tex/latex/kvsetkeys\kvsetkeys.sty)

(C:\Users\asus\AppData\Local\Programs\MiKTeX\tex/generic/kvdefinekeys\kvdefinek
eys.sty)
(C:\Users\asus\AppData\Local\Programs\MiKTeX\tex/generic/pdfescape\pdfescape.st
y (C:\Users\asus\AppData\Local\Programs\MiKTeX\tex/generic/ltxcmds\ltxcmds.sty)

(C:\Users\asus\AppData\Local\Programs\MiKTeX\tex/generic/pdftexcmds\pdftexcmds.
sty
(C:\Users\asus\AppData\Local\Programs\MiKTeX\tex/generic/infwarerr\infwarerr.st
y))) (C:\Users\asus\AppData\Local\Programs\MiKTeX\tex/latex/hycolor\hycolor.sty
) (C:\Users\asus\AppData\Local\Programs\MiKTeX\tex/latex/hyperref\nameref.sty
(C:\Users\asus\AppData\Local\Programs\MiKTeX\tex/latex/refcount\refcount.sty)
(C:\Users\asus\AppData\Local\Programs\MiKTeX\tex/generic/gettitlestring\gettitl
estring.sty
(C:\Users\asus\AppData\Local\Programs\MiKTeX\tex/latex/kvoptions\kvoptions.sty)
)) (C:\Users\asus\AppData\Local\Programs\MiKTeX\tex/latex/etoolbox\etoolbox.sty
)
(C:\Users\asus\AppData\Local\Programs\MiKTeX\tex/generic/stringenc\stringenc.st
y) (C:\Users\asus\AppData\Local\Programs\MiKTeX\tex/latex/hyperref\pd1enc.def)
(C:\Users\asus\AppData\Local\Programs\MiKTeX\tex/generic/intcalc\intcalc.sty)
(C:\Users\asus\AppData\Local\Programs\MiKTeX\tex/latex/hyperref\puenc.def)
(C:\Users\asus\AppData\Local\Programs\MiKTeX\tex/latex/url\url.sty)
(C:\Users\asus\AppData\Local\Programs\MiKTeX\tex/generic/bitset\bitset.sty
(C:\Users\asus\AppData\Local\Programs\MiKTeX\tex/generic/bigintcalc\bigintcalc.
sty))

Package hyperref Warning: Option `pdfpagelabels' is turned off
(hyperref)                because \thepage is undefined.

) (C:\Users\asus\AppData\Local\Programs\MiKTeX\tex/latex/hyperref\hpdftex.def
(C:\Users\asus\AppData\Local\Programs\MiKTeX\tex/latex/rerunfilecheck\rerunfile
check.sty
(C:\Users\asus\AppData\Local\Programs\MiKTeX\tex/generic/uniquecounter\uniqueco
unter.sty))))
(C:\Users\asus\AppData\Local\Programs\MiKTeX\tex/latex/makecell\makecell.sty)
(C:\Users\asus\AppData\Local\Programs\MiKTeX\tex/latex/floatflt\floatflt.sty)
(C:\Users\asus\AppData\Local\Programs\MiKTeX\tex/latex/psnfss\helvet.sty)
(C:\Users\asus\AppData\Local\Programs\MiKTeX\tex/latex/psnfss\times.sty)
(C:\Users\asus\AppData\Local\Programs\MiKTeX\tex/latex/float\float.sty)
(C:\Users\asus\AppData\Local\Programs\MiKTeX\tex/latex/psnfss\mathptmx.sty)
(C:\Users\asus\AppData\Local\Programs\MiKTeX\tex/latex/amsmath\amsmath.sty
For additional information on amsmath, use the `?' option.
(C:\Users\asus\AppData\Local\Programs\MiKTeX\tex/latex/amsmath\amstext.sty
(C:\Users\asus\AppData\Local\Programs\MiKTeX\tex/latex/amsmath\amsgen.sty))
(C:\Users\asus\AppData\Local\Programs\MiKTeX\tex/latex/amsmath\amsbsy.sty)
(C:\Users\asus\AppData\Local\Programs\MiKTeX\tex/latex/amsmath\amsopn.sty))
(C:\Users\asus\AppData\Local\Programs\MiKTeX\tex/latex/amsfonts\amssymb.sty
(C:\Users\asus\AppData\Local\Programs\MiKTeX\tex/latex/amsfonts\amsfonts.sty))
(C:\Users\asus\AppData\Local\Programs\MiKTeX\tex/latex/tools\bm.sty)
(C:\Users\asus\AppData\Local\Programs\MiKTeX\tex/latex/caption\caption.sty
(C:\Users\asus\AppData\Local\Programs\MiKTeX\tex/latex/caption\caption3.sty)

Package caption Warning: Unknown document class (or package),
(caption)                standard defaults will be used.
See the caption package documentation for explanation.

) (C:\Users\asus\AppData\Local\Programs\MiKTeX\tex/latex/multirow\multirow.sty)

(C:\Users\asus\AppData\Local\Programs\MiKTeX\tex/latex/newunicodechar\newunicod
echar.sty)
(C:\Users\asus\AppData\Local\Programs\MiKTeX\tex/latex/sttools\cuted.sty)

Package newunicodechar Warning: Redefining Unicode character on input line 118.



Package newunicodechar Warning: Redefining Unicode character on input line 119.



Package newunicodechar Warning: Redefining Unicode character on input line 120.



Package newunicodechar Warning: Redefining Unicode character on input line 121.



Package newunicodechar Warning: Redefining Unicode character on input line 122.



Package newunicodechar Warning: Redefining Unicode character on input line 123.



Package newunicodechar Warning: Redefining Unicode character on input line 124.



Package newunicodechar Warning: Redefining Unicode character on input line 125.



Package newunicodechar Warning: Redefining Unicode character on input line 126.



Package newunicodechar Warning: Redefining Unicode character on input line 127.


(C:\Users\asus\AppData\Local\Programs\MiKTeX\tex/latex/type1cm\type1cm.sty)
(C:\Users\asus\AppData\Local\Programs\MiKTeX\tex/latex/base\fix-cm.sty
(C:\Users\asus\AppData\Local\Programs\MiKTeX\tex/latex/base\ts1enc.def))
(C:\Users\asus\AppData\Local\Programs\MiKTeX\tex/latex/psnfss\ot1ptm.fd)
(C:\Users\asus\AppData\Local\Programs\MiKTeX\tex/latex/l3backend\l3backend-pdft
ex.def) (main.aux)
(C:\Users\asus\AppData\Local\Programs\MiKTeX\tex/context/base/mkii\supp-pdf.mki
i
[Loading MPS to PDF converter (version 2006.09.02).]
)
(C:\Users\asus\AppData\Local\Programs\MiKTeX\tex/latex/epstopdf-pkg\epstopdf-ba
se.sty
(C:\Users\asus\AppData\Local\Programs\MiKTeX\tex/latex/00miktex\epstopdf-sys.cf
g)) (main.out) (main.out)
Overfull \hbox (12.0pt too wide) in paragraph at lines 199--199
[][] [] 
(C:\Users\asus\AppData\Local\Programs\MiKTeX\tex/latex/psnfss\ot1ztmcm.fd)
(C:\Users\asus\AppData\Local\Programs\MiKTeX\tex/latex/psnfss\omlztmcm.fd)
(C:\Users\asus\AppData\Local\Programs\MiKTeX\tex/latex/psnfss\omsztmcm.fd)
(C:\Users\asus\AppData\Local\Programs\MiKTeX\tex/latex/psnfss\omxztmcm.fd)

Package mathptmx Warning: There are no bold math fonts on input line 199.

(C:\Users\asus\AppData\Local\Programs\MiKTeX\tex/latex/psnfss\ot1phv.fd)
(C:\Users\asus\AppData\Local\Programs\MiKTeX\tex/latex/psnfss\ts1ptm.fd)
[1{C:/Users/asus/AppData/Local/MiKTeX/fonts/map/pdftex/pdftex.map}{C:/Users/asu
s/AppData/Local/Programs/MiKTeX/fonts/enc/dvips/base/8r.enc} <./logo7pt-eps-con
verted-to.pdf>]
Overfull \hbox (180.33179pt too wide) has occurred while \output is active
[] [] \OT1/ptm/m/n/9 Amal Salem Bashib et al.: The Role of Social Media in the 
Spread and Countering of Cyber-Extremism: An Islamic Jurisprudential and Educat
ional Perspective
[2] [3]
Overfull \hbox (180.33179pt too wide) has occurred while \output is active
[] [] \OT1/ptm/m/n/9 Amal Salem Bashib et al.: The Role of Social Media in the 
Spread and Countering of Cyber-Extremism: An Islamic Jurisprudential and Educat
ional Perspective
[4] [5]
Overfull \hbox (180.33179pt too wide) has occurred while \output is active
[] [] \OT1/ptm/m/n/9 Amal Salem Bashib et al.: The Role of Social Media in the 
Spread and Countering of Cyber-Extremism: An Islamic Jurisprudential and Educat
ional Perspective
[6] [7]
Overfull \hbox (180.33179pt too wide) has occurred while \output is active
[] [] \OT1/ptm/m/n/9 Amal Salem Bashib et al.: The Role of Social Media in the 
Spread and Countering of Cyber-Extremism: An Islamic Jurisprudential and Educat
ional Perspective
[8] [9]
Overfull \hbox (180.33179pt too wide) has occurred while \output is active
[] [] \OT1/ptm/m/n/9 Amal Salem Bashib et al.: The Role of Social Media in the 
Spread and Countering of Cyber-Extremism: An Islamic Jurisprudential and Educat
ional Perspective
[10] [11]
Overfull \hbox (180.33179pt too wide) has occurred while \output is active
[] [] \OT1/ptm/m/n/9 Amal Salem Bashib et al.: The Role of Social Media in the 
Spread and Countering of Cyber-Extremism: An Islamic Jurisprudential and Educat
ional Perspective
[12] [13]

Package caption Warning: The option `hypcap=true' will be ignored for this
(caption)                particular \caption on input line 461.
See the caption package documentation for explanation.


Overfull \hbox (180.33179pt too wide) has occurred while \output is active
[] [] \OT1/ptm/m/n/9 Amal Salem Bashib et al.: The Role of Social Media in the 
Spread and Countering of Cyber-Extremism: An Islamic Jurisprudential and Educat
ional Perspective
[14]

Package caption Warning: The option `hypcap=true' will be ignored for this
(caption)                particular \caption on input line 482.
See the caption package documentation for explanation.

[15 <./media/image5.png (PNG copy)>]
Overfull \hbox (180.33179pt too wide) has occurred while \output is active
[] [] \OT1/ptm/m/n/9 Amal Salem Bashib et al.: The Role of Social Media in the 
Spread and Countering of Cyber-Extremism: An Islamic Jurisprudential and Educat
ional Perspective
[16 <./media/office_obj_1.png (PNG copy)> <./media/image6.png (PNG copy)>]

Package caption Warning: The option `hypcap=true' will be ignored for this
(caption)                particular \caption on input line 546.
See the caption package documentation for explanation.

[17]

Package caption Warning: The option `hypcap=true' will be ignored for this
(caption)                particular \caption on input line 565.
See the caption package documentation for explanation.

(C:\Users\asus\AppData\Local\Programs\MiKTeX\tex/latex/psnfss\omlptm.fd)

Package caption Warning: The option `hypcap=true' will be ignored for this
(caption)                particular \caption on input line 608.
See the caption package documentation for explanation.


Overfull \hbox (180.33179pt too wide) has occurred while \output is active
[] [] \OT1/ptm/m/n/9 Amal Salem Bashib et al.: The Role of Social Media in the 
Spread and Countering of Cyber-Extremism: An Islamic Jurisprudential and Educat
ional Perspective
[18]

Package caption Warning: The option `hypcap=true' will be ignored for this
(caption)                particular \caption on input line 649.
See the caption package documentation for explanation.

[19]

Package caption Warning: The option `hypcap=true' will be ignored for this
(caption)                particular \caption on input line 684.
See the caption package documentation for explanation.


Overfull \hbox (180.33179pt too wide) has occurred while \output is active
[] [] \OT1/ptm/m/n/9 Amal Salem Bashib et al.: The Role of Social Media in the 
Spread and Countering of Cyber-Extremism: An Islamic Jurisprudential and Educat
ional Perspective
[20 <./media/image7.png (PNG copy)>]

Package caption Warning: The option `hypcap=true' will be ignored for this
(caption)                particular \caption on input line 711.
See the caption package documentation for explanation.


Package caption Warning: The option `hypcap=true' will be ignored for this
(caption)                particular \caption on input line 736.
See the caption package documentation for explanation.

[21]

Package caption Warning: The option `hypcap=true' will be ignored for this
(caption)                particular \caption on input line 759.
See the caption package documentation for explanation.


Overfull \hbox (180.33179pt too wide) has occurred while \output is active
[] [] \OT1/ptm/m/n/9 Amal Salem Bashib et al.: The Role of Social Media in the 
Spread and Countering of Cyber-Extremism: An Islamic Jurisprudential and Educat
ional Perspective
[22] [23]
Overfull \hbox (180.33179pt too wide) has occurred while \output is active
[] [] \OT1/ptm/m/n/9 Amal Salem Bashib et al.: The Role of Social Media in the 
Spread and Countering of Cyber-Extremism: An Islamic Jurisprudential and Educat
ional Perspective
[24] [25]
Overfull \hbox (180.33179pt too wide) has occurred while \output is active
[] [] \OT1/ptm/m/n/9 Amal Salem Bashib et al.: The Role of Social Media in the 
Spread and Countering of Cyber-Extremism: An Islamic Jurisprudential and Educat
ional Perspective
[26 <./media/image8.jpeg> <./media/image9.jpeg> <./media/image10.jpeg>]

enddocument/afterlastpage (AED): lastpage setting LastPage.
(main.aux) )
(see the transcript file for additional information)<C:/Users/asus/AppData/Loca
l/Programs/MiKTeX/fonts/type1/public/amsfonts/cm/cmmi12.pfb><C:/Users/asus/AppD
ata/Local/Programs/MiKTeX/fonts/type1/public/amsfonts/cm/cmmi9.pfb><C:/Users/as
us/AppData/Local/Programs/MiKTeX/fonts/type1/public/amsfonts/cm/cmmib10.pfb><C:
/Users/asus/AppData/Local/Programs/MiKTeX/fonts/type1/public/amsfonts/cm/cmsy10
.pfb><C:/Users/asus/AppData/Local/Programs/MiKTeX/fonts/type1/urw/helvetic/uhvb
8a.pfb><C:/Users/asus/AppData/Local/Programs/MiKTeX/fonts/type1/urw/symbol/usyr
.pfb><C:/Users/asus/AppData/Local/Programs/MiKTeX/fonts/type1/urw/times/utmb8a.
pfb><C:/Users/asus/AppData/Local/Programs/MiKTeX/fonts/type1/urw/times/utmr8a.p
fb><C:/Users/asus/AppData/Local/Programs/MiKTeX/fonts/type1/urw/times/utmri8a.p
fb>
Output written on main.pdf (26 pages, 411803 bytes).
Transcript written on main.log.
Latexmk: Getting log file 'main.log'
Latexmk: Examining 'main.fls'
Latexmk: Examining 'main.log'
Latexmk: Log file says output to 'main.pdf'
Latexmk: All targets (main.pdf) are up-to-date



STDERR:
Reverting Windows console CPs to (in,out) = (437,65001)
