STDOUT:
Initial Win CP for (console input, console output, system): (CP437, CP65001, CP1252)
I changed them all to CP1252
Rc files read (in order):
  NONE
Latexmk: This is Latexmk, John Collins, 9 March 2026. Version 4.88.
No existing .aux file, so I'll make a simple one, and require run of *latex.
Force everything to be remade.
Latexmk: applying rule 'pdflatex'...
Rule 'pdflatex':  Reasons for rerun
Category 'other':
  Rerun of 'pdflatex' forced or previously required:
    Reason or flag: 'go_mode'

------------
Run number 1 of rule 'pdflatex'
------------
------------
Running 'pdflatex  -interaction=nonstopmode -file-line-error -recorder  "G:/work/Journal2LaTeX/backend/temp/3bf82a27-64f6-4e0b-91ce-bf906b36b211/rendered/main.tex"'
------------
This is pdfTeX, Version 3.141592653-2.6-1.40.29 (MiKTeX 26.5) (preloaded format=pdflatex.fmt)
 restricted \write18 enabled.
entering extended mode

(G:/work/Journal2LaTeX/backend/temp/3bf82a27-64f6-4e0b-91ce-bf906b36b211/render
ed/main.tex
LaTeX2e <2026-06-01>
L3 programming layer <2026-06-18>
(C:\Users\asus\AppData\Local\Programs\MiKTeX\tex/latex/xcolor\xcolor.sty
(C:\Users\asus\AppData\Local\Programs\MiKTeX\tex/latex/graphics-cfg\color.cfg)
(C:\Users\asus\AppData\Local\Programs\MiKTeX\tex/latex/graphics-def\pdftex.def)
 (C:\Users\asus\AppData\Local\Programs\MiKTeX\tex/latex/graphics\mathcolor.ltx)
) (C:\Users\asus\AppData\Local\Programs\MiKTeX\tex/latex/graphics\dvipsnam.def)
 (C:\Users\asus\AppData\Local\Programs\MiKTeX\tex/latex/xcolor\svgnam.def)
(C:\Users\asus\AppData\Local\Programs\MiKTeX\tex/latex/xcolor\x11nam.def)
(C:\Users\asus\AppData\Local\Programs\MiKTeX\tex/latex/colortbl\colortbl.sty
(C:\Users\asus\AppData\Local\Programs\MiKTeX\tex/latex/tools\array.sty)
new hooks used!!
) (NSP1.cls

LaTeX Warning: You have requested document class `NSP1',
               but the document class provides `NSP'.

Document Class: NSP 2012/01/01
(C:\Users\asus\AppData\Local\Programs\MiKTeX\tex/latex/base\fleqn.clo)
(C:\Users\asus\AppData\Local\Programs\MiKTeX\tex/latex/graphics\graphicx.sty
(C:\Users\asus\AppData\Local\Programs\MiKTeX\tex/latex/graphics\keyval.sty)
(C:\Users\asus\AppData\Local\Programs\MiKTeX\tex/latex/graphics\graphics.sty
(C:\Users\asus\AppData\Local\Programs\MiKTeX\tex/latex/graphics\trig.sty)
(C:\Users\asus\AppData\Local\Programs\MiKTeX\tex/latex/graphics-cfg\graphics.cf
g)))
(C:\Users\asus\AppData\Local\Programs\MiKTeX\tex/latex/lastpage\lastpage.sty
(C:\Users\asus\AppData\Local\Programs\MiKTeX\tex/latex/lastpage\lastpage2e.sty
(C:\Users\asus\AppData\Local\Programs\MiKTeX\tex/latex/lastpage\lastpagemodern.
sty) 
)) (C:\Users\asus\AppData\Local\Programs\MiKTeX\tex/latex/hyperref\hyperref.sty
(C:\Users\asus\AppData\Local\Programs\MiKTeX\tex/generic/iftex\iftex.sty)
(C:\Users\asus\AppData\Local\Programs\MiKTeX\tex/latex/kvsetkeys\kvsetkeys.sty)

(C:\Users\asus\AppData\Local\Programs\MiKTeX\tex/generic/kvdefinekeys\kvdefinek
eys.sty)
(C:\Users\asus\AppData\Local\Programs\MiKTeX\tex/generic/pdfescape\pdfescape.st
y (C:\Users\asus\AppData\Local\Programs\MiKTeX\tex/generic/ltxcmds\ltxcmds.sty)

(C:\Users\asus\AppData\Local\Programs\MiKTeX\tex/generic/pdftexcmds\pdftexcmds.
sty
(C:\Users\asus\AppData\Local\Programs\MiKTeX\tex/generic/infwarerr\infwarerr.st
y))) (C:\Users\asus\AppData\Local\Programs\MiKTeX\tex/latex/hycolor\hycolor.sty
) (C:\Users\asus\AppData\Local\Programs\MiKTeX\tex/latex/hyperref\nameref.sty
(C:\Users\asus\AppData\Local\Programs\MiKTeX\tex/latex/refcount\refcount.sty)
(C:\Users\asus\AppData\Local\Programs\MiKTeX\tex/generic/gettitlestring\gettitl
estring.sty
(C:\Users\asus\AppData\Local\Programs\MiKTeX\tex/latex/kvoptions\kvoptions.sty)
)) (C:\Users\asus\AppData\Local\Programs\MiKTeX\tex/latex/etoolbox\etoolbox.sty
)
(C:\Users\asus\AppData\Local\Programs\MiKTeX\tex/generic/stringenc\stringenc.st
y) (C:\Users\asus\AppData\Local\Programs\MiKTeX\tex/latex/hyperref\pd1enc.def)
(C:\Users\asus\AppData\Local\Programs\MiKTeX\tex/generic/intcalc\intcalc.sty)
(C:\Users\asus\AppData\Local\Programs\MiKTeX\tex/latex/hyperref\puenc.def)
(C:\Users\asus\AppData\Local\Programs\MiKTeX\tex/latex/url\url.sty)
(C:\Users\asus\AppData\Local\Programs\MiKTeX\tex/generic/bitset\bitset.sty
(C:\Users\asus\AppData\Local\Programs\MiKTeX\tex/generic/bigintcalc\bigintcalc.
sty))

Package hyperref Warning: Option `pdfpagelabels' is turned off
(hyperref)                because \thepage is undefined.

) (C:\Users\asus\AppData\Local\Programs\MiKTeX\tex/latex/hyperref\hpdftex.def
(C:\Users\asus\AppData\Local\Programs\MiKTeX\tex/latex/rerunfilecheck\rerunfile
check.sty
(C:\Users\asus\AppData\Local\Programs\MiKTeX\tex/generic/uniquecounter\uniqueco
unter.sty))))
(C:\Users\asus\AppData\Local\Programs\MiKTeX\tex/latex/floatflt\floatflt.sty)
(C:\Users\asus\AppData\Local\Programs\MiKTeX\tex/latex/psnfss\helvet.sty)
(C:\Users\asus\AppData\Local\Programs\MiKTeX\tex/latex/psnfss\times.sty)
(psfig.sty
psfig/tex 1.10-dvips
) (C:\Users\asus\AppData\Local\Programs\MiKTeX\tex/latex/psnfss\mathptmx.sty)
(C:\Users\asus\AppData\Local\Programs\MiKTeX\tex/latex/amsmath\amsmath.sty
For additional information on amsmath, use the `?' option.
(C:\Users\asus\AppData\Local\Programs\MiKTeX\tex/latex/amsmath\amstext.sty
(C:\Users\asus\AppData\Local\Programs\MiKTeX\tex/latex/amsmath\amsgen.sty))
(C:\Users\asus\AppData\Local\Programs\MiKTeX\tex/latex/amsmath\amsbsy.sty)
(C:\Users\asus\AppData\Local\Programs\MiKTeX\tex/latex/amsmath\amsopn.sty))
(C:\Users\asus\AppData\Local\Programs\MiKTeX\tex/latex/amsfonts\amssymb.sty
(C:\Users\asus\AppData\Local\Programs\MiKTeX\tex/latex/amsfonts\amsfonts.sty))
(C:\Users\asus\AppData\Local\Programs\MiKTeX\tex/latex/tools\bm.sty)
(C:\Users\asus\AppData\Local\Programs\MiKTeX\tex/latex/float\float.sty)
(C:\Users\asus\AppData\Local\Programs\MiKTeX\tex/latex/caption\caption.sty
(C:\Users\asus\AppData\Local\Programs\MiKTeX\tex/latex/caption\caption3.sty)

Package caption Warning: Unknown document class (or package),
(caption)                standard defaults will be used.
See the caption package documentation for explanation.

)

LaTeX Warning: Package "xcolor" has already been loaded: ignoring load-time
(LaTeX)        option "xcdraw".

(C:\Users\asus\AppData\Local\Programs\MiKTeX\tex/latex/sttools\cuted.sty)
(C:\Users\asus\AppData\Local\Programs\MiKTeX\tex/latex/newunicodechar\newunicod
echar.sty)
(C:\Users\asus\AppData\Local\Programs\MiKTeX\tex/latex/psnfss\ot1ptm.fd)
(C:\Users\asus\AppData\Local\Programs\MiKTeX\tex/latex/l3backend\l3backend-pdft
ex.def) (main.aux)
(C:\Users\asus\AppData\Local\Programs\MiKTeX\tex/context/base/mkii\supp-pdf.mki
i
[Loading MPS to PDF converter (version 2006.09.02).]
)
(C:\Users\asus\AppData\Local\Programs\MiKTeX\tex/latex/epstopdf-pkg\epstopdf-ba
se.sty
(C:\Users\asus\AppData\Local\Programs\MiKTeX\tex/latex/00miktex\epstopdf-sys.cf
g))
Runaway argument?
{{\large \bf \rm Progress in Fractional Differentiation 
G:/work/Journal2LaTeX/backend/temp/3bf82a27-64f6-4e0b-91ce-bf906b36b211/rendere
d/main.tex:131: Paragraph ended before \titlefigurecaption was complete.
<to be read again> 
                   \par 
l.131 
      
G:/work/Journal2LaTeX/backend/temp/3bf82a27-64f6-4e0b-91ce-bf906b36b211/rendere
d/main.tex:132: Too many }'s.
l.132 and Applications}
                       \\ {\it\small An International Journal}}
G:/work/Journal2LaTeX/backend/temp/3bf82a27-64f6-4e0b-91ce-bf906b36b211/rendere
d/main.tex:132: Too many }'s.
l.132 ...}\\ {\it\small An International Journal}}
                                                  

LaTeX Warning: Reference `LastPage' on page 1 undefined on input line 176.

(C:\Users\asus\AppData\Local\Programs\MiKTeX\tex/latex/psnfss\ot1ztmcm.fd)
(C:\Users\asus\AppData\Local\Programs\MiKTeX\tex/latex/psnfss\omlztmcm.fd)
(C:\Users\asus\AppData\Local\Programs\MiKTeX\tex/latex/psnfss\omsztmcm.fd)
(C:\Users\asus\AppData\Local\Programs\MiKTeX\tex/latex/psnfss\omxztmcm.fd)
(C:\Users\asus\AppData\Local\Programs\MiKTeX\tex/latex/psnfss\ts1ptm.fd)
[1{C:/Users/asus/AppData/Local/MiKTeX/fonts/map/pdftex/pdftex.map}{C:/Users/asu
s/AppData/Local/Programs/MiKTeX/fonts/enc/dvips/base/8r.enc} <./logo7pt-eps-con
verted-to.pdf>]

Package mathptmx Warning: There are no bold math fonts on input line 176.

(C:\Users\asus\AppData\Local\Programs\MiKTeX\tex/latex/psnfss\ot1phv.fd)

LaTeX Warning: Citation `ref10' on page 2 undefined on input line 182.


LaTeX Warning: Reference `LastPage' on page 2 undefined on input line 206.

[2]

G:/work/Journal2LaTeX/backend/temp/3bf82a27-64f6-4e0b-91ce-bf906b36b211/rendere
d/main.tex:215: LaTeX Error: Unicode character ξ (U+03BE)
               not set up for use with LaTeX.

See the LaTeX manual or LaTeX Companion for explanation.
Type  H <return>  for immediate help.
 ...                                              
                                                  
l.215 ξ
         – Natural exit rate.

LaTeX Warning: Reference `LastPage' on page 3 undefined on input line 243.

[3 <./media/image1.png>]
G:/work/Journal2LaTeX/backend/temp/3bf82a27-64f6-4e0b-91ce-bf906b36b211/rendere
d/main.tex:245: Missing $ inserted.
<inserted text> 
                $
l.245 
      
G:/work/Journal2LaTeX/backend/temp/3bf82a27-64f6-4e0b-91ce-bf906b36b211/rendere
d/main.tex:245: Display math should end with $$.
<to be read again> 
                   \tex_par:D 
l.245 
      

G:/work/Journal2LaTeX/backend/temp/3bf82a27-64f6-4e0b-91ce-bf906b36b211/rendere
d/main.tex:246: LaTeX Error: Bad math environment delimiter.

See the LaTeX manual or LaTeX Companion for explanation.
Type  H <return>  for immediate help.
 ...                                              
                                                  
l.246 \end{equation}
                    
G:/work/Journal2LaTeX/backend/temp/3bf82a27-64f6-4e0b-91ce-bf906b36b211/rendere
d/main.tex:246: You can't use `\eqno' in vertical mode.
\veqno ->\@kernel@eqno 
                       \aftergroup \ignorespaces 
l.246 \end{equation}
                    
G:/work/Journal2LaTeX/backend/temp/3bf82a27-64f6-4e0b-91ce-bf906b36b211/rendere
d/main.tex:246: Missing $ inserted.
<inserted text> 
                $
l.246 \end{equation}
                    
G:/work/Journal2LaTeX/backend/temp/3bf82a27-64f6-4e0b-91ce-bf906b36b211/rendere
d/main.tex:246: Display math should end with $$.
<to be read again> 
                   \endgroup 
l.246 \end{equation}
                    
(C:\Users\asus\AppData\Local\Programs\MiKTeX\tex/latex/psnfss\omlptm.fd)

LaTeX Font Warning: Font shape `OML/cmm/m/it' in size <10.50003> not available
(Font)              size <10.95> substituted on input line 264.


Overfull \hbox (160.0889pt too wide) has occurred while \output is active
[] [] \OT1/ptm/m/n/9 G.M. Vijayalakshmi et al.: Optimal control strategies for 
overwhelming social media scrolling addiction by using fractional order mathema
tical modelling
[4]
G:/work/Journal2LaTeX/backend/temp/3bf82a27-64f6-4e0b-91ce-bf906b36b211/rendere
d/main.tex:328: Missing $ inserted.
<inserted text> 
                $
l.328 
      
G:/work/Journal2LaTeX/backend/temp/3bf82a27-64f6-4e0b-91ce-bf906b36b211/rendere
d/main.tex:328: Display math should end with $$.
<to be read again> 
                   \tex_par:D 
l.328 
      

G:/work/Journal2LaTeX/backend/temp/3bf82a27-64f6-4e0b-91ce-bf906b36b211/rendere
d/main.tex:329: LaTeX Error: Bad math environment delimiter.

See the LaTeX manual or LaTeX Companion for explanation.
Type  H <return>  for immediate help.
 ...                                              
                                                  
l.329 \end{equation}
                    
G:/work/Journal2LaTeX/backend/temp/3bf82a27-64f6-4e0b-91ce-bf906b36b211/rendere
d/main.tex:329: You can't use `\eqno' in vertical mode.
\veqno ->\@kernel@eqno 
                       \aftergroup \ignorespaces 
l.329 \end{equation}
                    
G:/work/Journal2LaTeX/backend/temp/3bf82a27-64f6-4e0b-91ce-bf906b36b211/rendere
d/main.tex:329: Missing $ inserted.
<inserted text> 
                $
l.329 \end{equation}
                    
G:/work/Journal2LaTeX/backend/temp/3bf82a27-64f6-4e0b-91ce-bf906b36b211/rendere
d/main.tex:329: Display math should end with $$.
<to be read again> 
                   \endgroup 
l.329 \end{equation}
                    
G:/work/Journal2LaTeX/backend/temp/3bf82a27-64f6-4e0b-91ce-bf906b36b211/rendere
d/main.tex:335: Missing $ inserted.
<inserted text> 
                $
l.335 
      
G:/work/Journal2LaTeX/backend/temp/3bf82a27-64f6-4e0b-91ce-bf906b36b211/rendere
d/main.tex:335: Display math should end with $$.
<to be read again> 
                   \tex_par:D 
l.335 
      

G:/work/Journal2LaTeX/backend/temp/3bf82a27-64f6-4e0b-91ce-bf906b36b211/rendere
d/main.tex:336: LaTeX Error: Bad math environment delimiter.

See the LaTeX manual or LaTeX Companion for explanation.
Type  H <return>  for immediate help.
 ...                                              
                                                  
l.336 \end{equation}
                    
G:/work/Journal2LaTeX/backend/temp/3bf82a27-64f6-4e0b-91ce-bf906b36b211/rendere
d/main.tex:336: You can't use `\eqno' in vertical mode.
\veqno ->\@kernel@eqno 
                       \aftergroup \ignorespaces 
l.336 \end{equation}
                    
G:/work/Journal2LaTeX/backend/temp/3bf82a27-64f6-4e0b-91ce-bf906b36b211/rendere
d/main.tex:336: Missing $ inserted.
<inserted text> 
                $
l.336 \end{equation}
                    
G:/work/Journal2LaTeX/backend/temp/3bf82a27-64f6-4e0b-91ce-bf906b36b211/rendere
d/main.tex:336: Display math should end with $$.
<to be read again> 
                   \endgroup 
l.336 \end{equation}
                    
G:/work/Journal2LaTeX/backend/temp/3bf82a27-64f6-4e0b-91ce-bf906b36b211/rendere
d/main.tex:340: Missing $ inserted.
<inserted text> 
                $
l.340 
      
G:/work/Journal2LaTeX/backend/temp/3bf82a27-64f6-4e0b-91ce-bf906b36b211/rendere
d/main.tex:340: Display math should end with $$.
<to be read again> 
                   \tex_par:D 
l.340 
      

G:/work/Journal2LaTeX/backend/temp/3bf82a27-64f6-4e0b-91ce-bf906b36b211/rendere
d/main.tex:341: LaTeX Error: Bad math environment delimiter.

See the LaTeX manual or LaTeX Companion for explanation.
Type  H <return>  for immediate help.
 ...                                              
                                                  
l.341 \end{equation}
                    
G:/work/Journal2LaTeX/backend/temp/3bf82a27-64f6-4e0b-91ce-bf906b36b211/rendere
d/main.tex:341: You can't use `\eqno' in vertical mode.
\veqno ->\@kernel@eqno 
                       \aftergroup \ignorespaces 
l.341 \end{equation}
                    
G:/work/Journal2LaTeX/backend/temp/3bf82a27-64f6-4e0b-91ce-bf906b36b211/rendere
d/main.tex:341: Missing $ inserted.
<inserted text> 
                $
l.341 \end{equation}
                    
G:/work/Journal2LaTeX/backend/temp/3bf82a27-64f6-4e0b-91ce-bf906b36b211/rendere
d/main.tex:341: Display math should end with $$.
<to be read again> 
                   \endgroup 
l.341 \end{equation}
                    
G:/work/Journal2LaTeX/backend/temp/3bf82a27-64f6-4e0b-91ce-bf906b36b211/rendere
d/main.tex:345: Missing $ inserted.
<inserted text> 
                $
l.345 
      
G:/work/Journal2LaTeX/backend/temp/3bf82a27-64f6-4e0b-91ce-bf906b36b211/rendere
d/main.tex:345: Display math should end with $$.
<to be read again> 
                   \tex_par:D 
l.345 
      

G:/work/Journal2LaTeX/backend/temp/3bf82a27-64f6-4e0b-91ce-bf906b36b211/rendere
d/main.tex:346: LaTeX Error: Bad math environment delimiter.

See the LaTeX manual or LaTeX Companion for explanation.
Type  H <return>  for immediate help.
 ...                                              
                                                  
l.346 \end{equation}
                    
G:/work/Journal2LaTeX/backend/temp/3bf82a27-64f6-4e0b-91ce-bf906b36b211/rendere
d/main.tex:346: You can't use `\eqno' in vertical mode.
\veqno ->\@kernel@eqno 
                       \aftergroup \ignorespaces 
l.346 \end{equation}
                    
G:/work/Journal2LaTeX/backend/temp/3bf82a27-64f6-4e0b-91ce-bf906b36b211/rendere
d/main.tex:346: Missing $ inserted.
<inserted text> 
                $
l.346 \end{equation}
                    
G:/work/Journal2LaTeX/backend/temp/3bf82a27-64f6-4e0b-91ce-bf906b36b211/rendere
d/main.tex:346: Display math should end with $$.
<to be read again> 
                   \endgroup 
l.346 \end{equation}
                    

LaTeX Warning: Reference `LastPage' on page 5 undefined on input line 360.

[5 <./media/office_obj_1.png (PNG copy)>]
Overfull \hbox (30.87828pt too wide) in paragraph at lines 370--371
[]$
G:/work/Journal2LaTeX/backend/temp/3bf82a27-64f6-4e0b-91ce-bf906b36b211/rendere
d/main.tex:376: Missing $ inserted.
<inserted text> 
                $
l.376 
      
G:/work/Journal2LaTeX/backend/temp/3bf82a27-64f6-4e0b-91ce-bf906b36b211/rendere
d/main.tex:376: Display math should end with $$.
<to be read again> 
                   \tex_par:D 
l.376 
      

G:/work/Journal2LaTeX/backend/temp/3bf82a27-64f6-4e0b-91ce-bf906b36b211/rendere
d/main.tex:377: LaTeX Error: Bad math environment delimiter.

See the LaTeX manual or LaTeX Companion for explanation.
Type  H <return>  for immediate help.
 ...                                              
                                                  
l.377 \end{equation}
                    
G:/work/Journal2LaTeX/backend/temp/3bf82a27-64f6-4e0b-91ce-bf906b36b211/rendere
d/main.tex:377: You can't use `\eqno' in vertical mode.
\veqno ->\@kernel@eqno 
                       \aftergroup \ignorespaces 
l.377 \end{equation}
                    
G:/work/Journal2LaTeX/backend/temp/3bf82a27-64f6-4e0b-91ce-bf906b36b211/rendere
d/main.tex:377: Missing $ inserted.
<inserted text> 
                $
l.377 \end{equation}
                    
G:/work/Journal2LaTeX/backend/temp/3bf82a27-64f6-4e0b-91ce-bf906b36b211/rendere
d/main.tex:377: Display math should end with $$.
<to be read again> 
                   \endgroup 
l.377 \end{equation}
                    
G:/work/Journal2LaTeX/backend/temp/3bf82a27-64f6-4e0b-91ce-bf906b36b211/rendere
d/main.tex:381: Missing $ inserted.
<inserted text> 
                $
l.381 
      
G:/work/Journal2LaTeX/backend/temp/3bf82a27-64f6-4e0b-91ce-bf906b36b211/rendere
d/main.tex:381: Display math should end with $$.
<to be read again> 
                   \tex_par:D 
l.381 
      

G:/work/Journal2LaTeX/backend/temp/3bf82a27-64f6-4e0b-91ce-bf906b36b211/rendere
d/main.tex:382: LaTeX Error: Bad math environment delimiter.

See the LaTeX manual or LaTeX Companion for explanation.
Type  H <return>  for immediate help.
 ...                                              
                                                  
l.382 \end{equation}
                    
G:/work/Journal2LaTeX/backend/temp/3bf82a27-64f6-4e0b-91ce-bf906b36b211/rendere
d/main.tex:382: You can't use `\eqno' in vertical mode.
\veqno ->\@kernel@eqno 
                       \aftergroup \ignorespaces 
l.382 \end{equation}
                    
G:/work/Journal2LaTeX/backend/temp/3bf82a27-64f6-4e0b-91ce-bf906b36b211/rendere
d/main.tex:382: Missing $ inserted.
<inserted text> 
                $
l.382 \end{equation}
                    
G:/work/Journal2LaTeX/backend/temp/3bf82a27-64f6-4e0b-91ce-bf906b36b211/rendere
d/main.tex:382: Display math should end with $$.
<to be read again> 
                   \endgroup 
l.382 \end{equation}
                    
G:/work/Journal2LaTeX/backend/temp/3bf82a27-64f6-4e0b-91ce-bf906b36b211/rendere
d/main.tex:392: Missing $ inserted.
<inserted text> 
                $
l.392 
      
G:/work/Journal2LaTeX/backend/temp/3bf82a27-64f6-4e0b-91ce-bf906b36b211/rendere
d/main.tex:392: Display math should end with $$.
<to be read again> 
                   \tex_par:D 
l.392 
      

G:/work/Journal2LaTeX/backend/temp/3bf82a27-64f6-4e0b-91ce-bf906b36b211/rendere
d/main.tex:393: LaTeX Error: Bad math environment delimiter.

See the LaTeX manual or LaTeX Companion for explanation.
Type  H <return>  for immediate help.
 ...                                              
                                                  
l.393 \end{equation}
                    
G:/work/Journal2LaTeX/backend/temp/3bf82a27-64f6-4e0b-91ce-bf906b36b211/rendere
d/main.tex:393: You can't use `\eqno' in vertical mode.
\veqno ->\@kernel@eqno 
                       \aftergroup \ignorespaces 
l.393 \end{equation}
                    
G:/work/Journal2LaTeX/backend/temp/3bf82a27-64f6-4e0b-91ce-bf906b36b211/rendere
d/main.tex:393: Missing $ inserted.
<inserted text> 
                $
l.393 \end{equation}
                    
G:/work/Journal2LaTeX/backend/temp/3bf82a27-64f6-4e0b-91ce-bf906b36b211/rendere
d/main.tex:393: Display math should end with $$.
<to be read again> 
                   \endgroup 
l.393 \end{equation}
                    
G:/work/Journal2LaTeX/backend/temp/3bf82a27-64f6-4e0b-91ce-bf906b36b211/rendere
d/main.tex:399: Missing $ inserted.
<inserted text> 
                $
l.399 
      
G:/work/Journal2LaTeX/backend/temp/3bf82a27-64f6-4e0b-91ce-bf906b36b211/rendere
d/main.tex:399: Display math should end with $$.
<to be read again> 
                   \tex_par:D 
l.399 
      

G:/work/Journal2LaTeX/backend/temp/3bf82a27-64f6-4e0b-91ce-bf906b36b211/rendere
d/main.tex:400: LaTeX Error: Bad math environment delimiter.

See the LaTeX manual or LaTeX Companion for explanation.
Type  H <return>  for immediate help.
 ...                                              
                                                  
l.400 \end{equation}
                    
G:/work/Journal2LaTeX/backend/temp/3bf82a27-64f6-4e0b-91ce-bf906b36b211/rendere
d/main.tex:400: You can't use `\eqno' in vertical mode.
\veqno ->\@kernel@eqno 
                       \aftergroup \ignorespaces 
l.400 \end{equation}
                    
G:/work/Journal2LaTeX/backend/temp/3bf82a27-64f6-4e0b-91ce-bf906b36b211/rendere
d/main.tex:400: Missing $ inserted.
<inserted text> 
                $
l.400 \end{equation}
                    
G:/work/Journal2LaTeX/backend/temp/3bf82a27-64f6-4e0b-91ce-bf906b36b211/rendere
d/main.tex:400: Display math should end with $$.
<to be read again> 
                   \endgroup 
l.400 \end{equation}
                    
G:/work/Journal2LaTeX/backend/temp/3bf82a27-64f6-4e0b-91ce-bf906b36b211/rendere
d/main.tex:430: Missing $ inserted.
<inserted text> 
                $
l.430 
      
G:/work/Journal2LaTeX/backend/temp/3bf82a27-64f6-4e0b-91ce-bf906b36b211/rendere
d/main.tex:430: Display math should end with $$.
<to be read again> 
                   \tex_par:D 
l.430 
      

Overfull \hbox (515.24577pt too wide) detected at line 430
[][][]\OML/ztmcm/m/it/10.50003 V[] \OT1/ztmcm/m/n/10.50003 = \OML/ztmcm/m/it/10
.50003 x[] [] [] \OT1/ztmcm/m/n/10.50003 + \OML/ztmcm/m/it/10.50003 x[] [] [] \
OT1/ztmcm/m/n/10.50003 + \OML/ztmcm/m/it/10.50003 x[] [] [] \OT1/ztmcm/m/n/10.5
0003 + \OML/ztmcm/m/it/10.50003 x[] [] \OT1/ztmcm/m/n/10.50003 + \OML/ztmcm/m/i
t/10.50003 x[] [] \OT1/ztmcm/m/n/10.50003 (\OML/ztmcm/m/it/10.50003 ^^NT \OMS/z
tmcm/m/n/10.50003 ^^@ \OML/ztmcm/m/it/10.50003 ^^X R \OMS/ztmcm/m/n/10.50003 ^^
@ \OML/ztmcm/m/it/10.50003 ^^ZR\OT1/ztmcm/m/n/10.50003 ) + \OML/ztmcm/m/it/10.5
0003 x[] [] \OT1/ztmcm/m/n/10.50003 (\OML/ztmcm/m/it/10.50003 ^^ZR \OMS/ztmcm/m
/n/10.50003 ^^@ \OML/ztmcm/m/it/10.50003 ^^X L \OMS/ztmcm/m/n/10.50003 ^^@ \OML
/ztmcm/m/it/10.50003 ^^[ L \OMS/ztmcm/m/n/10.50003 ^^@ \OML/ztmcm/m/it/10.50003
 ^^\ E\OT1/ztmcm/m/n/10.50003 )\OML/ztmcm/m/it/10.50003 :

Overfull \hbox (160.0889pt too wide) has occurred while \output is active
[] [] \OT1/ptm/m/n/9 G.M. Vijayalakshmi et al.: Optimal control strategies for 
overwhelming social media scrolling addiction by using fractional order mathema
tical modelling
[6]

G:/work/Journal2LaTeX/backend/temp/3bf82a27-64f6-4e0b-91ce-bf906b36b211/rendere
d/main.tex:431: LaTeX Error: Bad math environment delimiter.

See the LaTeX manual or LaTeX Companion for explanation.
Type  H <return>  for immediate help.
 ...                                              
                                                  
l.431 \end{equation}
                    
G:/work/Journal2LaTeX/backend/temp/3bf82a27-64f6-4e0b-91ce-bf906b36b211/rendere
d/main.tex:431: You can't use `\eqno' in vertical mode.
\veqno ->\@kernel@eqno 
                       \aftergroup \ignorespaces 
l.431 \end{equation}
                    
G:/work/Journal2LaTeX/backend/temp/3bf82a27-64f6-4e0b-91ce-bf906b36b211/rendere
d/main.tex:431: Missing $ inserted.
<inserted text> 
                $
l.431 \end{equation}
                    
G:/work/Journal2LaTeX/backend/temp/3bf82a27-64f6-4e0b-91ce-bf906b36b211/rendere
d/main.tex:431: Display math should end with $$.
<to be read again> 
                   \endgroup 
l.431 \end{equation}
                    
G:/work/Journal2LaTeX/backend/temp/3bf82a27-64f6-4e0b-91ce-bf906b36b211/rendere
d/main.tex:435: Missing $ inserted.
<inserted text> 
                $
l.435 
      
G:/work/Journal2LaTeX/backend/temp/3bf82a27-64f6-4e0b-91ce-bf906b36b211/rendere
d/main.tex:435: Display math should end with $$.
<to be read again> 
                   \tex_par:D 
l.435 
      

Overfull \hbox (464.55867pt too wide) detected at line 435
[][][]\OML/ztmcm/m/it/10.50003 V[] \OT1/ztmcm/m/n/10.50003 = \OML/ztmcm/m/it/10
.50003 x[] [] [] \OT1/ztmcm/m/n/10.50003 + \OML/ztmcm/m/it/10.50003 x[] [] [] \
OT1/ztmcm/m/n/10.50003 + \OML/ztmcm/m/it/10.50003 x[] [] [] \OT1/ztmcm/m/n/10.5
0003 + \OML/ztmcm/m/it/10.50003 x[] [] \OT1/ztmcm/m/n/10.50003 + \OML/ztmcm/m/i
t/10.50003 x[] [] \OT1/ztmcm/m/n/10.50003 (\OML/ztmcm/m/it/10.50003 ^^NT \OMS/z
tmcm/m/n/10.50003 ^^@ \OML/ztmcm/m/it/10.50003 ^^X R \OMS/ztmcm/m/n/10.50003 ^^
@ \OML/ztmcm/m/it/10.50003 ^^ZR\OT1/ztmcm/m/n/10.50003 ) + \OML/ztmcm/m/it/10.5
0003 x[] [] \OT1/ztmcm/m/n/10.50003 (\OML/ztmcm/m/it/10.50003 ^^ZR \OMS/ztmcm/m
/n/10.50003 ^^@ \OML/ztmcm/m/it/10.50003 ^^X L \OMS/ztmcm/m/n/10.50003 ^^@ \OML
/ztmcm/m/it/10.50003 ^^[ L \OMS/ztmcm/m/n/10.50003 ^^@ \OML/ztmcm/m/it/10.50003
 ^^\ E\OT1/ztmcm/m/n/10.50003 )

G:/work/Journal2LaTeX/backend/temp/3bf82a27-64f6-4e0b-91ce-bf906b36b211/rendere
d/main.tex:436: LaTeX Error: Bad math environment delimiter.

See the LaTeX manual or LaTeX Companion for explanation.
Type  H <return>  for immediate help.
 ...                                              
                                                  
l.436 \end{equation}
                    
G:/work/Journal2LaTeX/backend/temp/3bf82a27-64f6-4e0b-91ce-bf906b36b211/rendere
d/main.tex:436: You can't use `\eqno' in vertical mode.
\veqno ->\@kernel@eqno 
                       \aftergroup \ignorespaces 
l.436 \end{equation}
                    
G:/work/Journal2LaTeX/backend/temp/3bf82a27-64f6-4e0b-91ce-bf906b36b211/rendere
d/main.tex:436: Missing $ inserted.
<inserted text> 
                $
l.436 \end{equation}
                    
G:/work/Journal2LaTeX/backend/temp/3bf82a27-64f6-4e0b-91ce-bf906b36b211/rendere
d/main.tex:436: Display math should end with $$.
<to be read again> 
                   \endgroup 
l.436 \end{equation}
                    
G:/work/Journal2LaTeX/backend/temp/3bf82a27-64f6-4e0b-91ce-bf906b36b211/rendere
d/main.tex:440: Missing $ inserted.
<inserted text> 
                $
l.440 
      
G:/work/Journal2LaTeX/backend/temp/3bf82a27-64f6-4e0b-91ce-bf906b36b211/rendere
d/main.tex:440: Display math should end with $$.
<to be read again> 
                   \tex_par:D 
l.440 
      

Overfull \hbox (464.55867pt too wide) detected at line 440
[][][]\OML/ztmcm/m/it/10.50003 V[] \OT1/ztmcm/m/n/10.50003 = \OML/ztmcm/m/it/10
.50003 x[] [] [] \OT1/ztmcm/m/n/10.50003 + \OML/ztmcm/m/it/10.50003 x[] [] [] \
OT1/ztmcm/m/n/10.50003 + \OML/ztmcm/m/it/10.50003 x[] [] [] \OT1/ztmcm/m/n/10.5
0003 + \OML/ztmcm/m/it/10.50003 x[] [] \OT1/ztmcm/m/n/10.50003 + \OML/ztmcm/m/i
t/10.50003 x[] [] \OT1/ztmcm/m/n/10.50003 (\OML/ztmcm/m/it/10.50003 ^^NT \OMS/z
tmcm/m/n/10.50003 ^^@ \OML/ztmcm/m/it/10.50003 ^^X R \OMS/ztmcm/m/n/10.50003 ^^
@ \OML/ztmcm/m/it/10.50003 ^^ZR\OT1/ztmcm/m/n/10.50003 ) + \OML/ztmcm/m/it/10.5
0003 x[] [] \OT1/ztmcm/m/n/10.50003 (\OML/ztmcm/m/it/10.50003 ^^ZR \OMS/ztmcm/m
/n/10.50003 ^^@ \OML/ztmcm/m/it/10.50003 ^^X L \OMS/ztmcm/m/n/10.50003 ^^@ \OML
/ztmcm/m/it/10.50003 ^^[ L \OMS/ztmcm/m/n/10.50003 ^^@ \OML/ztmcm/m/it/10.50003
 ^^\ E\OT1/ztmcm/m/n/10.50003 )

G:/work/Journal2LaTeX/backend/temp/3bf82a27-64f6-4e0b-91ce-bf906b36b211/rendere
d/main.tex:441: LaTeX Error: Bad math environment delimiter.

See the LaTeX manual or LaTeX Companion for explanation.
Type  H <return>  for immediate help.
 ...                                              
                                                  
l.441 \end{equation}
                    
G:/work/Journal2LaTeX/backend/temp/3bf82a27-64f6-4e0b-91ce-bf906b36b211/rendere
d/main.tex:441: You can't use `\eqno' in vertical mode.
\veqno ->\@kernel@eqno 
                       \aftergroup \ignorespaces 
l.441 \end{equation}
                    
G:/work/Journal2LaTeX/backend/temp/3bf82a27-64f6-4e0b-91ce-bf906b36b211/rendere
d/main.tex:441: Missing $ inserted.
<inserted text> 
                $
l.441 \end{equation}
                    
G:/work/Journal2LaTeX/backend/temp/3bf82a27-64f6-4e0b-91ce-bf906b36b211/rendere
d/main.tex:441: Display math should end with $$.
<to be read again> 
                   \endgroup 
l.441 \end{equation}
                    

LaTeX Warning: Reference `LastPage' on page 7 undefined on input line 465.

[7 <./media/office_obj_3.png (PNG copy)>]
G:/work/Journal2LaTeX/backend/temp/3bf82a27-64f6-4e0b-91ce-bf906b36b211/rendere
d/main.tex:467: Missing $ inserted.
<inserted text> 
                $
l.467 
      
G:/work/Journal2LaTeX/backend/temp/3bf82a27-64f6-4e0b-91ce-bf906b36b211/rendere
d/main.tex:467: Display math should end with $$.
<to be read again> 
                   \tex_par:D 
l.467 
      

G:/work/Journal2LaTeX/backend/temp/3bf82a27-64f6-4e0b-91ce-bf906b36b211/rendere
d/main.tex:468: LaTeX Error: Bad math environment delimiter.

See the LaTeX manual or LaTeX Companion for explanation.
Type  H <return>  for immediate help.
 ...                                              
                                                  
l.468 \end{equation}
                    
G:/work/Journal2LaTeX/backend/temp/3bf82a27-64f6-4e0b-91ce-bf906b36b211/rendere
d/main.tex:468: You can't use `\eqno' in vertical mode.
\veqno ->\@kernel@eqno 
                       \aftergroup \ignorespaces 
l.468 \end{equation}
                    
G:/work/Journal2LaTeX/backend/temp/3bf82a27-64f6-4e0b-91ce-bf906b36b211/rendere
d/main.tex:468: Missing $ inserted.
<inserted text> 
                $
l.468 \end{equation}
                    
G:/work/Journal2LaTeX/backend/temp/3bf82a27-64f6-4e0b-91ce-bf906b36b211/rendere
d/main.tex:468: Display math should end with $$.
<to be read again> 
                   \endgroup 
l.468 \end{equation}
                    
G:/work/Journal2LaTeX/backend/temp/3bf82a27-64f6-4e0b-91ce-bf906b36b211/rendere
d/main.tex:472: Missing $ inserted.
<inserted text> 
                $
l.472 
      
G:/work/Journal2LaTeX/backend/temp/3bf82a27-64f6-4e0b-91ce-bf906b36b211/rendere
d/main.tex:472: Display math should end with $$.
<to be read again> 
                   \tex_par:D 
l.472 
      

G:/work/Journal2LaTeX/backend/temp/3bf82a27-64f6-4e0b-91ce-bf906b36b211/rendere
d/main.tex:473: LaTeX Error: Bad math environment delimiter.

See the LaTeX manual or LaTeX Companion for explanation.
Type  H <return>  for immediate help.
 ...                                              
                                                  
l.473 \end{equation}
                    
G:/work/Journal2LaTeX/backend/temp/3bf82a27-64f6-4e0b-91ce-bf906b36b211/rendere
d/main.tex:473: You can't use `\eqno' in vertical mode.
\veqno ->\@kernel@eqno 
                       \aftergroup \ignorespaces 
l.473 \end{equation}
                    
G:/work/Journal2LaTeX/backend/temp/3bf82a27-64f6-4e0b-91ce-bf906b36b211/rendere
d/main.tex:473: Missing $ inserted.
<inserted text> 
                $
l.473 \end{equation}
                    
G:/work/Journal2LaTeX/backend/temp/3bf82a27-64f6-4e0b-91ce-bf906b36b211/rendere
d/main.tex:473: Display math should end with $$.
<to be read again> 
                   \endgroup 
l.473 \end{equation}
                    

LaTeX Warning: Citation `ref38' on page 8 undefined on input line 499.

G:/work/Journal2LaTeX/backend/temp/3bf82a27-64f6-4e0b-91ce-bf906b36b211/rendere
d/main.tex:509: Missing $ inserted.
<inserted text> 
                $
l.509 
      
G:/work/Journal2LaTeX/backend/temp/3bf82a27-64f6-4e0b-91ce-bf906b36b211/rendere
d/main.tex:509: Display math should end with $$.
<to be read again> 
                   \tex_par:D 
l.509 
      

G:/work/Journal2LaTeX/backend/temp/3bf82a27-64f6-4e0b-91ce-bf906b36b211/rendere
d/main.tex:510: LaTeX Error: Bad math environment delimiter.

See the LaTeX manual or LaTeX Companion for explanation.
Type  H <return>  for immediate help.
 ...                                              
                                                  
l.510 \end{equation}
                    
G:/work/Journal2LaTeX/backend/temp/3bf82a27-64f6-4e0b-91ce-bf906b36b211/rendere
d/main.tex:510: You can't use `\eqno' in vertical mode.
\veqno ->\@kernel@eqno 
                       \aftergroup \ignorespaces 
l.510 \end{equation}
                    
G:/work/Journal2LaTeX/backend/temp/3bf82a27-64f6-4e0b-91ce-bf906b36b211/rendere
d/main.tex:510: Missing $ inserted.
<inserted text> 
                $
l.510 \end{equation}
                    
G:/work/Journal2LaTeX/backend/temp/3bf82a27-64f6-4e0b-91ce-bf906b36b211/rendere
d/main.tex:510: Display math should end with $$.
<to be read again> 
                   \endgroup 
l.510 \end{equation}
                    
G:/work/Journal2LaTeX/backend/temp/3bf82a27-64f6-4e0b-91ce-bf906b36b211/rendere
d/main.tex:518: Missing $ inserted.
<inserted text> 
                $
l.518 
      
G:/work/Journal2LaTeX/backend/temp/3bf82a27-64f6-4e0b-91ce-bf906b36b211/rendere
d/main.tex:518: Display math should end with $$.
<to be read again> 
                   \tex_par:D 
l.518 
      

G:/work/Journal2LaTeX/backend/temp/3bf82a27-64f6-4e0b-91ce-bf906b36b211/rendere
d/main.tex:519: LaTeX Error: Bad math environment delimiter.

See the LaTeX manual or LaTeX Companion for explanation.
Type  H <return>  for immediate help.
 ...                                              
                                                  
l.519 \end{equation}
                    
G:/work/Journal2LaTeX/backend/temp/3bf82a27-64f6-4e0b-91ce-bf906b36b211/rendere
d/main.tex:519: You can't use `\eqno' in vertical mode.
\veqno ->\@kernel@eqno 
                       \aftergroup \ignorespaces 
l.519 \end{equation}
                    
G:/work/Journal2LaTeX/backend/temp/3bf82a27-64f6-4e0b-91ce-bf906b36b211/rendere
d/main.tex:519: Missing $ inserted.
<inserted text> 
                $
l.519 \end{equation}
                    
G:/work/Journal2LaTeX/backend/temp/3bf82a27-64f6-4e0b-91ce-bf906b36b211/rendere
d/main.tex:519: Display math should end with $$.
<to be read again> 
                   \endgroup 
l.519 \end{equation}
                    
G:/work/Journal2LaTeX/backend/temp/3bf82a27-64f6-4e0b-91ce-bf906b36b211/rendere
d/main.tex:523: Missing $ inserted.
<inserted text> 
                $
l.523 
      
G:/work/Journal2LaTeX/backend/temp/3bf82a27-64f6-4e0b-91ce-bf906b36b211/rendere
d/main.tex:523: Display math should end with $$.
<to be read again> 
                   \tex_par:D 
l.523 
      

G:/work/Journal2LaTeX/backend/temp/3bf82a27-64f6-4e0b-91ce-bf906b36b211/rendere
d/main.tex:524: LaTeX Error: Bad math environment delimiter.

See the LaTeX manual or LaTeX Companion for explanation.
Type  H <return>  for immediate help.
 ...                                              
                                                  
l.524 \end{equation}
                    
G:/work/Journal2LaTeX/backend/temp/3bf82a27-64f6-4e0b-91ce-bf906b36b211/rendere
d/main.tex:524: You can't use `\eqno' in vertical mode.
\veqno ->\@kernel@eqno 
                       \aftergroup \ignorespaces 
l.524 \end{equation}
                    
G:/work/Journal2LaTeX/backend/temp/3bf82a27-64f6-4e0b-91ce-bf906b36b211/rendere
d/main.tex:524: Missing $ inserted.
<inserted text> 
                $
l.524 \end{equation}
                    
G:/work/Journal2LaTeX/backend/temp/3bf82a27-64f6-4e0b-91ce-bf906b36b211/rendere
d/main.tex:524: Display math should end with $$.
<to be read again> 
                   \endgroup 
l.524 \end{equation}
                    
G:/work/Journal2LaTeX/backend/temp/3bf82a27-64f6-4e0b-91ce-bf906b36b211/rendere
d/main.tex:528: Missing $ inserted.
<inserted text> 
                $
l.528 
      
G:/work/Journal2LaTeX/backend/temp/3bf82a27-64f6-4e0b-91ce-bf906b36b211/rendere
d/main.tex:528: Display math should end with $$.
<to be read again> 
                   \tex_par:D 
l.528 
      

Overfull \hbox (160.0889pt too wide) has occurred while \output is active
[] [] \OT1/ptm/m/n/9 G.M. Vijayalakshmi et al.: Optimal control strategies for 
overwhelming social media scrolling addiction by using fractional order mathema
tical modelling
[8]

G:/work/Journal2LaTeX/backend/temp/3bf82a27-64f6-4e0b-91ce-bf906b36b211/rendere
d/main.tex:529: LaTeX Error: Bad math environment delimiter.

See the LaTeX manual or LaTeX Companion for explanation.
Type  H <return>  for immediate help.
 ...                                              
                                                  
l.529 \end{equation}
                    
G:/work/Journal2LaTeX/backend/temp/3bf82a27-64f6-4e0b-91ce-bf906b36b211/rendere
d/main.tex:529: You can't use `\eqno' in vertical mode.
\veqno ->\@kernel@eqno 
                       \aftergroup \ignorespaces 
l.529 \end{equation}
                    
G:/work/Journal2LaTeX/backend/temp/3bf82a27-64f6-4e0b-91ce-bf906b36b211/rendere
d/main.tex:529: Missing $ inserted.
<inserted text> 
                $
l.529 \end{equation}
                    
G:/work/Journal2LaTeX/backend/temp/3bf82a27-64f6-4e0b-91ce-bf906b36b211/rendere
d/main.tex:529: Display math should end with $$.
<to be read again> 
                   \endgroup 
l.529 \end{equation}
                    
G:/work/Journal2LaTeX/backend/temp/3bf82a27-64f6-4e0b-91ce-bf906b36b211/rendere
d/main.tex:547: Missing $ inserted.
<inserted text> 
                $
l.547 
      
G:/work/Journal2LaTeX/backend/temp/3bf82a27-64f6-4e0b-91ce-bf906b36b211/rendere
d/main.tex:547: Display math should end with $$.
<to be read again> 
                   \tex_par:D 
l.547 
      

G:/work/Journal2LaTeX/backend/temp/3bf82a27-64f6-4e0b-91ce-bf906b36b211/rendere
d/main.tex:548: LaTeX Error: Bad math environment delimiter.

See the LaTeX manual or LaTeX Companion for explanation.
Type  H <return>  for immediate help.
 ...                                              
                                                  
l.548 \end{equation}
                    
G:/work/Journal2LaTeX/backend/temp/3bf82a27-64f6-4e0b-91ce-bf906b36b211/rendere
d/main.tex:548: You can't use `\eqno' in vertical mode.
\veqno ->\@kernel@eqno 
                       \aftergroup \ignorespaces 
l.548 \end{equation}
                    
G:/work/Journal2LaTeX/backend/temp/3bf82a27-64f6-4e0b-91ce-bf906b36b211/rendere
d/main.tex:548: Missing $ inserted.
<inserted text> 
                $
l.548 \end{equation}
                    
G:/work/Journal2LaTeX/backend/temp/3bf82a27-64f6-4e0b-91ce-bf906b36b211/rendere
d/main.tex:548: Display math should end with $$.
<to be read again> 
                   \endgroup 
l.548 \end{equation}
                    
G:/work/Journal2LaTeX/backend/temp/3bf82a27-64f6-4e0b-91ce-bf906b36b211/rendere
d/main.tex:558: Missing $ inserted.
<inserted text> 
                $
l.558 
      
G:/work/Journal2LaTeX/backend/temp/3bf82a27-64f6-4e0b-91ce-bf906b36b211/rendere
d/main.tex:558: Display math should end with $$.
<to be read again> 
                   \tex_par:D 
l.558 
      

G:/work/Journal2LaTeX/backend/temp/3bf82a27-64f6-4e0b-91ce-bf906b36b211/rendere
d/main.tex:559: LaTeX Error: Bad math environment delimiter.

See the LaTeX manual or LaTeX Companion for explanation.
Type  H <return>  for immediate help.
 ...                                              
                                                  
l.559 \end{equation}
                    
G:/work/Journal2LaTeX/backend/temp/3bf82a27-64f6-4e0b-91ce-bf906b36b211/rendere
d/main.tex:559: You can't use `\eqno' in vertical mode.
\veqno ->\@kernel@eqno 
                       \aftergroup \ignorespaces 
l.559 \end{equation}
                    
G:/work/Journal2LaTeX/backend/temp/3bf82a27-64f6-4e0b-91ce-bf906b36b211/rendere
d/main.tex:559: Missing $ inserted.
<inserted text> 
                $
l.559 \end{equation}
                    
G:/work/Journal2LaTeX/backend/temp/3bf82a27-64f6-4e0b-91ce-bf906b36b211/rendere
d/main.tex:559: Display math should end with $$.
<to be read again> 
                   \endgroup 
l.559 \end{equation}
                    
G:/work/Journal2LaTeX/backend/temp/3bf82a27-64f6-4e0b-91ce-bf906b36b211/rendere
d/main.tex:563: Missing $ inserted.
<inserted text> 
                $
l.563 
      
G:/work/Journal2LaTeX/backend/temp/3bf82a27-64f6-4e0b-91ce-bf906b36b211/rendere
d/main.tex:563: Display math should end with $$.
<to be read again> 
                   \tex_par:D 
l.563 
      

G:/work/Journal2LaTeX/backend/temp/3bf82a27-64f6-4e0b-91ce-bf906b36b211/rendere
d/main.tex:564: LaTeX Error: Bad math environment delimiter.

See the LaTeX manual or LaTeX Companion for explanation.
Type  H <return>  for immediate help.
 ...                                              
                                                  
l.564 \end{equation}
                    
G:/work/Journal2LaTeX/backend/temp/3bf82a27-64f6-4e0b-91ce-bf906b36b211/rendere
d/main.tex:564: You can't use `\eqno' in vertical mode.
\veqno ->\@kernel@eqno 
                       \aftergroup \ignorespaces 
l.564 \end{equation}
                    
G:/work/Journal2LaTeX/backend/temp/3bf82a27-64f6-4e0b-91ce-bf906b36b211/rendere
d/main.tex:564: Missing $ inserted.
<inserted text> 
                $
l.564 \end{equation}
                    
G:/work/Journal2LaTeX/backend/temp/3bf82a27-64f6-4e0b-91ce-bf906b36b211/rendere
d/main.tex:564: Display math should end with $$.
<to be read again> 
                   \endgroup 
l.564 \end{equation}
                    
G:/work/Journal2LaTeX/backend/temp/3bf82a27-64f6-4e0b-91ce-bf906b36b211/rendere
d/main.tex:568: Missing $ inserted.
<inserted text> 
                $
l.568 
      
G:/work/Journal2LaTeX/backend/temp/3bf82a27-64f6-4e0b-91ce-bf906b36b211/rendere
d/main.tex:568: Display math should end with $$.
<to be read again> 
                   \tex_par:D 
l.568 
      

G:/work/Journal2LaTeX/backend/temp/3bf82a27-64f6-4e0b-91ce-bf906b36b211/rendere
d/main.tex:569: LaTeX Error: Bad math environment delimiter.

See the LaTeX manual or LaTeX Companion for explanation.
Type  H <return>  for immediate help.
 ...                                              
                                                  
l.569 \end{equation}
                    
G:/work/Journal2LaTeX/backend/temp/3bf82a27-64f6-4e0b-91ce-bf906b36b211/rendere
d/main.tex:569: You can't use `\eqno' in vertical mode.
\veqno ->\@kernel@eqno 
                       \aftergroup \ignorespaces 
l.569 \end{equation}
                    
G:/work/Journal2LaTeX/backend/temp/3bf82a27-64f6-4e0b-91ce-bf906b36b211/rendere
d/main.tex:569: Missing $ inserted.
<inserted text> 
                $
l.569 \end{equation}
                    
G:/work/Journal2LaTeX/backend/temp/3bf82a27-64f6-4e0b-91ce-bf906b36b211/rendere
d/main.tex:569: Display math should end with $$.
<to be read again> 
                   \endgroup 
l.569 \end{equation}
                    
G:/work/Journal2LaTeX/backend/temp/3bf82a27-64f6-4e0b-91ce-bf906b36b211/rendere
d/main.tex:573: Missing $ inserted.
<inserted text> 
                $
l.573 
      
G:/work/Journal2LaTeX/backend/temp/3bf82a27-64f6-4e0b-91ce-bf906b36b211/rendere
d/main.tex:573: Display math should end with $$.
<to be read again> 
                   \tex_par:D 
l.573 
      

G:/work/Journal2LaTeX/backend/temp/3bf82a27-64f6-4e0b-91ce-bf906b36b211/rendere
d/main.tex:574: LaTeX Error: Bad math environment delimiter.

See the LaTeX manual or LaTeX Companion for explanation.
Type  H <return>  for immediate help.
 ...                                              
                                                  
l.574 \end{equation}
                    
G:/work/Journal2LaTeX/backend/temp/3bf82a27-64f6-4e0b-91ce-bf906b36b211/rendere
d/main.tex:574: You can't use `\eqno' in vertical mode.
\veqno ->\@kernel@eqno 
                       \aftergroup \ignorespaces 
l.574 \end{equation}
                    
G:/work/Journal2LaTeX/backend/temp/3bf82a27-64f6-4e0b-91ce-bf906b36b211/rendere
d/main.tex:574: Missing $ inserted.
<inserted text> 
                $
l.574 \end{equation}
                    
G:/work/Journal2LaTeX/backend/temp/3bf82a27-64f6-4e0b-91ce-bf906b36b211/rendere
d/main.tex:574: Display math should end with $$.
<to be read again> 
                   \endgroup 
l.574 \end{equation}
                    

G:/work/Journal2LaTeX/backend/temp/3bf82a27-64f6-4e0b-91ce-bf906b36b211/rendere
d/main.tex:580: LaTeX Error: strip used only in twocolumn mode!.

See the LaTeX manual or LaTeX Companion for explanation.
Type  H <return>  for immediate help.
 ...                                              
                                                  
l.580 \begin{strip}
                   
Runaway argument?
{Parameters 
G:/work/Journal2LaTeX/backend/temp/3bf82a27-64f6-4e0b-91ce-bf906b36b211/rendere
d/main.tex:605: Paragraph ended before \text@command was complete.
<to be read again> 
                   \par 
l.605 σ}
          & \textbf{Values/ day

G:/work/Journal2LaTeX/backend/temp/3bf82a27-64f6-4e0b-91ce-bf906b36b211/rendere
d/main.tex:605: LaTeX Error: Unicode character ξ (U+03BE)
               not set up for use with LaTeX.

See the LaTeX manual or LaTeX Companion for explanation.
Type  H <return>  for immediate help.
 ...                                              
                                                  
l.605 σ}
          & \textbf{Values/ day
G:/work/Journal2LaTeX/backend/temp/3bf82a27-64f6-4e0b-91ce-bf906b36b211/rendere
d/main.tex:605: Missing \endgroup inserted.
<inserted text> 
                \endgroup 
l.605 σ}
          & \textbf{Values/ day
G:/work/Journal2LaTeX/backend/temp/3bf82a27-64f6-4e0b-91ce-bf906b36b211/rendere
d/main.tex:605: Missing \endgroup inserted.
<inserted text> 
                \endgroup 
l.605 σ}
          & \textbf{Values/ day
G:/work/Journal2LaTeX/backend/temp/3bf82a27-64f6-4e0b-91ce-bf906b36b211/rendere
d/main.tex:605: Missing } inserted.
<inserted text> 
                }
l.605 σ}
          & \textbf{Values/ day
G:/work/Journal2LaTeX/backend/temp/3bf82a27-64f6-4e0b-91ce-bf906b36b211/rendere
d/main.tex:605: Missing } inserted.
<inserted text> 
                }
l.605 σ}
          & \textbf{Values/ day
G:/work/Journal2LaTeX/backend/temp/3bf82a27-64f6-4e0b-91ce-bf906b36b211/rendere
d/main.tex:605: Missing } inserted.
<inserted text> 
                }
l.605 σ}
          & \textbf{Values/ day
G:/work/Journal2LaTeX/backend/temp/3bf82a27-64f6-4e0b-91ce-bf906b36b211/rendere
d/main.tex:605: Missing } inserted.
<inserted text> 
                }
l.605 σ}
          & \textbf{Values/ day
G:/work/Journal2LaTeX/backend/temp/3bf82a27-64f6-4e0b-91ce-bf906b36b211/rendere
d/main.tex:605: Missing \cr inserted.
<inserted text> 
                \cr 
l.605 σ}
          & \textbf{Values/ day
G:/work/Journal2LaTeX/backend/temp/3bf82a27-64f6-4e0b-91ce-bf906b36b211/rendere
d/main.tex:605: Misplaced \cr.
<inserted text> \cr 
                    
l.605 σ}
          & \textbf{Values/ day
G:/work/Journal2LaTeX/backend/temp/3bf82a27-64f6-4e0b-91ce-bf906b36b211/rendere
d/main.tex:605: Missing \cr inserted.
<inserted text> 
                \cr 
l.605 σ}
          & \textbf{Values/ day
G:/work/Journal2LaTeX/backend/temp/3bf82a27-64f6-4e0b-91ce-bf906b36b211/rendere
d/main.tex:605: Misplaced \cr.
<inserted text> \cr 
                    
l.605 σ}
          & \textbf{Values/ day
G:/work/Journal2LaTeX/backend/temp/3bf82a27-64f6-4e0b-91ce-bf906b36b211/rendere
d/main.tex:605: Missing \cr inserted.
<inserted text> 
                \cr 
l.605 σ}
          & \textbf{Values/ day
G:/work/Journal2LaTeX/backend/temp/3bf82a27-64f6-4e0b-91ce-bf906b36b211/rendere
d/main.tex:605: Misplaced \cr.
<inserted text> \cr 
                    
l.605 σ}
          & \textbf{Values/ day
G:/work/Journal2LaTeX/backend/temp/3bf82a27-64f6-4e0b-91ce-bf906b36b211/rendere
d/main.tex:605: Missing \cr inserted.
<inserted text> 
                \cr 
l.605 σ}
          & \textbf{Values/ day
G:/work/Journal2LaTeX/backend/temp/3bf82a27-64f6-4e0b-91ce-bf906b36b211/rendere
d/main.tex:605: Misplaced \cr.
<inserted text> \cr 
                    
l.605 σ}
          & \textbf{Values/ day
G:/work/Journal2LaTeX/backend/temp/3bf82a27-64f6-4e0b-91ce-bf906b36b211/rendere
d/main.tex:605: Missing \cr inserted.
<inserted text> 
                \cr 
l.605 σ}
          & \textbf{Values/ day
G:/work/Journal2LaTeX/backend/temp/3bf82a27-64f6-4e0b-91ce-bf906b36b211/rendere
d/main.tex:605: Misplaced \cr.
<inserted text> \cr 
                    
l.605 σ}
          & \textbf{Values/ day
G:/work/Journal2LaTeX/backend/temp/3bf82a27-64f6-4e0b-91ce-bf906b36b211/rendere
d/main.tex:605: Missing \cr inserted.
<inserted text> 
                \cr 
l.605 σ}
          & \textbf{Values/ day
G:/work/Journal2LaTeX/backend/temp/3bf82a27-64f6-4e0b-91ce-bf906b36b211/rendere
d/main.tex:605: Misplaced \cr.
<inserted text> \cr 
                    
l.605 σ}
          & \textbf{Values/ day
G:/work/Journal2LaTeX/backend/temp/3bf82a27-64f6-4e0b-91ce-bf906b36b211/rendere
d/main.tex:605: Missing \cr inserted.
<inserted text> 
                \cr 
l.605 σ}
          & \textbf{Values/ day
G:/work/Journal2LaTeX/backend/temp/3bf82a27-64f6-4e0b-91ce-bf906b36b211/rendere
d/main.tex:605: Misplaced \cr.
<inserted text> \cr 
                    
l.605 σ}
          & \textbf{Values/ day
G:/work/Journal2LaTeX/backend/temp/3bf82a27-64f6-4e0b-91ce-bf906b36b211/rendere
d/main.tex:605: Missing \cr inserted.
<inserted text> 
                \cr 
l.605 σ}
          & \textbf{Values/ day
G:/work/Journal2LaTeX/backend/temp/3bf82a27-64f6-4e0b-91ce-bf906b36b211/rendere
d/main.tex:605: Misplaced \cr.
<inserted text> \cr 
                    
l.605 σ}
          & \textbf{Values/ day
G:/work/Journal2LaTeX/backend/temp/3bf82a27-64f6-4e0b-91ce-bf906b36b211/rendere
d/main.tex:605: Missing \cr inserted.
<inserted text> 
                \cr 
l.605 σ}
          & \textbf{Values/ day
G:/work/Journal2LaTeX/backend/temp/3bf82a27-64f6-4e0b-91ce-bf906b36b211/rendere
d/main.tex:605: Misplaced \cr.
<inserted text> \cr 
                    
l.605 σ}
          & \textbf{Values/ day
G:/work/Journal2LaTeX/backend/temp/3bf82a27-64f6-4e0b-91ce-bf906b36b211/rendere
d/main.tex:605: Missing \cr inserted.
<inserted text> 
                \cr 
l.605 σ}
          & \textbf{Values/ day
G:/work/Journal2LaTeX/backend/temp/3bf82a27-64f6-4e0b-91ce-bf906b36b211/rendere
d/main.tex:605: Misplaced \cr.
<inserted text> \cr 
                    
l.605 σ}
          & \textbf{Values/ day
G:/work/Journal2LaTeX/backend/temp/3bf82a27-64f6-4e0b-91ce-bf906b36b211/rendere
d/main.tex:605: Missing \cr inserted.
<inserted text> 
                \cr 
l.605 σ}
          & \textbf{Values/ day
G:/work/Journal2LaTeX/backend/temp/3bf82a27-64f6-4e0b-91ce-bf906b36b211/rendere
d/main.tex:605: Misplaced \cr.
<inserted text> \cr 
                    
l.605 σ}
          & \textbf{Values/ day
G:/work/Journal2LaTeX/backend/temp/3bf82a27-64f6-4e0b-91ce-bf906b36b211/rendere
d/main.tex:605: Missing \cr inserted.
<inserted text> 
                \cr 
l.605 σ}
          & \textbf{Values/ day
G:/work/Journal2LaTeX/backend/temp/3bf82a27-64f6-4e0b-91ce-bf906b36b211/rendere
d/main.tex:605: Misplaced \cr.
<inserted text> \cr 
                    
l.605 σ}
          & \textbf{Values/ day
G:/work/Journal2LaTeX/backend/temp/3bf82a27-64f6-4e0b-91ce-bf906b36b211/rendere
d/main.tex:605: Missing \cr inserted.
<inserted text> 
                \cr 
l.605 σ}
          & \textbf{Values/ day
G:/work/Journal2LaTeX/backend/temp/3bf82a27-64f6-4e0b-91ce-bf906b36b211/rendere
d/main.tex:605: Misplaced \cr.
<inserted text> \cr 
                    
l.605 σ}
          & \textbf{Values/ day
G:/work/Journal2LaTeX/backend/temp/3bf82a27-64f6-4e0b-91ce-bf906b36b211/rendere
d/main.tex:605: Missing \cr inserted.
<inserted text> 
                \cr 
l.605 σ}
          & \textbf{Values/ day
G:/work/Journal2LaTeX/backend/temp/3bf82a27-64f6-4e0b-91ce-bf906b36b211/rendere
d/main.tex:605: Misplaced \cr.
<inserted text> \cr 
                    
l.605 σ}
          & \textbf{Values/ day
G:/work/Journal2LaTeX/backend/temp/3bf82a27-64f6-4e0b-91ce-bf906b36b211/rendere
d/main.tex:605: Missing \cr inserted.
<inserted text> 
                \cr 
l.605 σ}
          & \textbf{Values/ day
G:/work/Journal2LaTeX/backend/temp/3bf82a27-64f6-4e0b-91ce-bf906b36b211/rendere
d/main.tex:605: Misplaced \cr.
<inserted text> \cr 
                    
l.605 σ}
          & \textbf{Values/ day
G:/work/Journal2LaTeX/backend/temp/3bf82a27-64f6-4e0b-91ce-bf906b36b211/rendere
d/main.tex:605: Missing \cr inserted.
<inserted text> 
                \cr 
l.605 σ}
          & \textbf{Values/ day
G:/work/Journal2LaTeX/backend/temp/3bf82a27-64f6-4e0b-91ce-bf906b36b211/rendere
d/main.tex:605: Misplaced \cr.
<inserted text> \cr 
                    
l.605 σ}
          & \textbf{Values/ day
G:/work/Journal2LaTeX/backend/temp/3bf82a27-64f6-4e0b-91ce-bf906b36b211/rendere
d/main.tex:605: Missing \cr inserted.
<inserted text> 
                \cr 
l.605 σ}
          & \textbf{Values/ day
G:/work/Journal2LaTeX/backend/temp/3bf82a27-64f6-4e0b-91ce-bf906b36b211/rendere
d/main.tex:605: Misplaced \cr.
<inserted text> \cr 
                    
l.605 σ}
          & \textbf{Values/ day
G:/work/Journal2LaTeX/backend/temp/3bf82a27-64f6-4e0b-91ce-bf906b36b211/rendere
d/main.tex:605: Missing \cr inserted.
<inserted text> 
                \cr 
l.605 σ}
          & \textbf{Values/ day
G:/work/Journal2LaTeX/backend/temp/3bf82a27-64f6-4e0b-91ce-bf906b36b211/rendere
d/main.tex:605: Misplaced \cr.
<inserted text> \cr 
                    
l.605 σ}
          & \textbf{Values/ day
G:/work/Journal2LaTeX/backend/temp/3bf82a27-64f6-4e0b-91ce-bf906b36b211/rendere
d/main.tex:605: Missing \cr inserted.
<inserted text> 
                \cr 
l.605 σ}
          & \textbf{Values/ day
G:/work/Journal2LaTeX/backend/temp/3bf82a27-64f6-4e0b-91ce-bf906b36b211/rendere
d/main.tex:605: Misplaced \cr.
<inserted text> \cr 
                    
l.605 σ}
          & \textbf{Values/ day
G:/work/Journal2LaTeX/backend/temp/3bf82a27-64f6-4e0b-91ce-bf906b36b211/rendere
d/main.tex:605: Missing \cr inserted.
<inserted text> 
                \cr 
l.605 σ}
          & \textbf{Values/ day
G:/work/Journal2LaTeX/backend/temp/3bf82a27-64f6-4e0b-91ce-bf906b36b211/rendere
d/main.tex:605: Misplaced \cr.
<inserted text> \cr 
                    
l.605 σ}
          & \textbf{Values/ day
G:/work/Journal2LaTeX/backend/temp/3bf82a27-64f6-4e0b-91ce-bf906b36b211/rendere
d/main.tex:605: Missing \cr inserted.
<inserted text> 
                \cr 
l.605 σ}
          & \textbf{Values/ day
G:/work/Journal2LaTeX/backend/temp/3bf82a27-64f6-4e0b-91ce-bf906b36b211/rendere
d/main.tex:605: Misplaced \cr.
<inserted text> \cr 
                    
l.605 σ}
          & \textbf{Values/ day
G:/work/Journal2LaTeX/backend/temp/3bf82a27-64f6-4e0b-91ce-bf906b36b211/rendere
d/main.tex:605: Missing \cr inserted.
<inserted text> 
                \cr 
l.605 σ}
          & \textbf{Values/ day
G:/work/Journal2LaTeX/backend/temp/3bf82a27-64f6-4e0b-91ce-bf906b36b211/rendere
d/main.tex:605: Misplaced \cr.
<inserted text> \cr 
                    
l.605 σ}
          & \textbf{Values/ day
G:/work/Journal2LaTeX/backend/temp/3bf82a27-64f6-4e0b-91ce-bf906b36b211/rendere
d/main.tex:605: Missing \cr inserted.
<inserted text> 
                \cr 
l.605 σ}
          & \textbf{Values/ day
G:/work/Journal2LaTeX/backend/temp/3bf82a27-64f6-4e0b-91ce-bf906b36b211/rendere
d/main.tex:605: Misplaced \cr.
<inserted text> \cr 
                    
l.605 σ}
          & \textbf{Values/ day
G:/work/Journal2LaTeX/backend/temp/3bf82a27-64f6-4e0b-91ce-bf906b36b211/rendere
d/main.tex:605: Missing \cr inserted.
<inserted text> 
                \cr 
l.605 σ}
          & \textbf{Values/ day
G:/work/Journal2LaTeX/backend/temp/3bf82a27-64f6-4e0b-91ce-bf906b36b211/rendere
d/main.tex:605: Misplaced \cr.
<inserted text> \cr 
                    
l.605 σ}
          & \textbf{Values/ day
G:/work/Journal2LaTeX/backend/temp/3bf82a27-64f6-4e0b-91ce-bf906b36b211/rendere
d/main.tex:605: Missing \cr inserted.
<inserted text> 
                \cr 
l.605 σ}
          & \textbf{Values/ day
G:/work/Journal2LaTeX/backend/temp/3bf82a27-64f6-4e0b-91ce-bf906b36b211/rendere
d/main.tex:605: Misplaced \cr.
<inserted text> \cr 
                    
l.605 σ}
          & \textbf{Values/ day
G:/work/Journal2LaTeX/backend/temp/3bf82a27-64f6-4e0b-91ce-bf906b36b211/rendere
d/main.tex:605: Missing \cr inserted.
<inserted text> 
                \cr 
l.605 σ}
          & \textbf{Values/ day
G:/work/Journal2LaTeX/backend/temp/3bf82a27-64f6-4e0b-91ce-bf906b36b211/rendere
d/main.tex:605: Misplaced \cr.
<inserted text> \cr 
                    
l.605 σ}
          & \textbf{Values/ day
G:/work/Journal2LaTeX/backend/temp/3bf82a27-64f6-4e0b-91ce-bf906b36b211/rendere
d/main.tex:605: Missing \cr inserted.
<inserted text> 
                \cr 
l.605 σ}
          & \textbf{Values/ day
G:/work/Journal2LaTeX/backend/temp/3bf82a27-64f6-4e0b-91ce-bf906b36b211/rendere
d/main.tex:605: Misplaced \cr.
<inserted text> \cr 
                    
l.605 σ}
          & \textbf{Values/ day
G:/work/Journal2LaTeX/backend/temp/3bf82a27-64f6-4e0b-91ce-bf906b36b211/rendere
d/main.tex:605: Missing \cr inserted.
<inserted text> 
                \cr 
l.605 σ}
          & \textbf{Values/ day
G:/work/Journal2LaTeX/backend/temp/3bf82a27-64f6-4e0b-91ce-bf906b36b211/rendere
d/main.tex:605: Misplaced \cr.
<inserted text> \cr 
                    
l.605 σ}
          & \textbf{Values/ day
G:/work/Journal2LaTeX/backend/temp/3bf82a27-64f6-4e0b-91ce-bf906b36b211/rendere
d/main.tex:605: Missing \cr inserted.
<inserted text> 
                \cr 
l.605 σ}
          & \textbf{Values/ day
G:/work/Journal2LaTeX/backend/temp/3bf82a27-64f6-4e0b-91ce-bf906b36b211/rendere
d/main.tex:605: Misplaced \cr.
<inserted text> \cr 
                    
l.605 σ}
          & \textbf{Values/ day
G:/work/Journal2LaTeX/backend/temp/3bf82a27-64f6-4e0b-91ce-bf906b36b211/rendere
d/main.tex:605: Missing \cr inserted.
<inserted text> 
                \cr 
l.605 σ}
          & \textbf{Values/ day
G:/work/Journal2LaTeX/backend/temp/3bf82a27-64f6-4e0b-91ce-bf906b36b211/rendere
d/main.tex:605: Misplaced \cr.
<inserted text> \cr 
                    
l.605 σ}
          & \textbf{Values/ day
G:/work/Journal2LaTeX/backend/temp/3bf82a27-64f6-4e0b-91ce-bf906b36b211/rendere
d/main.tex:605: Missing \cr inserted.
<inserted text> 
                \cr 
l.605 σ}
          & \textbf{Values/ day
G:/work/Journal2LaTeX/backend/temp/3bf82a27-64f6-4e0b-91ce-bf906b36b211/rendere
d/main.tex:605: Misplaced \cr.
<inserted text> \cr 
                    
l.605 σ}
          & \textbf{Values/ day
G:/work/Journal2LaTeX/backend/temp/3bf82a27-64f6-4e0b-91ce-bf906b36b211/rendere
d/main.tex:605: Missing \cr inserted.
<inserted text> 
                \cr 
l.605 σ}
          & \textbf{Values/ day
G:/work/Journal2LaTeX/backend/temp/3bf82a27-64f6-4e0b-91ce-bf906b36b211/rendere
d/main.tex:605: Misplaced \cr.
<inserted text> \cr 
                    
l.605 σ}
          & \textbf{Values/ day
G:/work/Journal2LaTeX/backend/temp/3bf82a27-64f6-4e0b-91ce-bf906b36b211/rendere
d/main.tex:605: Missing \cr inserted.
<inserted text> 
                \cr 
l.605 σ}
          & \textbf{Values/ day
G:/work/Journal2LaTeX/backend/temp/3bf82a27-64f6-4e0b-91ce-bf906b36b211/rendere
d/main.tex:605: Misplaced \cr.
<inserted text> \cr 
                    
l.605 σ}
          & \textbf{Values/ day
G:/work/Journal2LaTeX/backend/temp/3bf82a27-64f6-4e0b-91ce-bf906b36b211/rendere
d/main.tex:605: Missing \cr inserted.
<inserted text> 
                \cr 
l.605 σ}
          & \textbf{Values/ day
G:/work/Journal2LaTeX/backend/temp/3bf82a27-64f6-4e0b-91ce-bf906b36b211/rendere
d/main.tex:605: Misplaced \cr.
<inserted text> \cr 
                    
l.605 σ}
          & \textbf{Values/ day
G:/work/Journal2LaTeX/backend/temp/3bf82a27-64f6-4e0b-91ce-bf906b36b211/rendere
d/main.tex:605: Missing \cr inserted.
<inserted text> 
                \cr 
l.605 σ}
          & \textbf{Values/ day
G:/work/Journal2LaTeX/backend/temp/3bf82a27-64f6-4e0b-91ce-bf906b36b211/rendere
d/main.tex:605: Misplaced \cr.
<inserted text> \cr 
                    
l.605 σ}
          & \textbf{Values/ day
G:/work/Journal2LaTeX/backend/temp/3bf82a27-64f6-4e0b-91ce-bf906b36b211/rendere
d/main.tex:605: Missing \cr inserted.
<inserted text> 
                \cr 
l.605 σ}
          & \textbf{Values/ day
G:/work/Journal2LaTeX/backend/temp/3bf82a27-64f6-4e0b-91ce-bf906b36b211/rendere
d/main.tex:605: Misplaced \cr.
<inserted text> \cr 
                    
l.605 σ}
          & \textbf{Values/ day
G:/work/Journal2LaTeX/backend/temp/3bf82a27-64f6-4e0b-91ce-bf906b36b211/rendere
d/main.tex:605: Missing \cr inserted.
<inserted text> 
                \cr 
l.605 σ}
          & \textbf{Values/ day
G:/work/Journal2LaTeX/backend/temp/3bf82a27-64f6-4e0b-91ce-bf906b36b211/rendere
d/main.tex:605: Misplaced \cr.
<inserted text> \cr 
                    
l.605 σ}
          & \textbf{Values/ day
G:/work/Journal2LaTeX/backend/temp/3bf82a27-64f6-4e0b-91ce-bf906b36b211/rendere
d/main.tex:605: Missing \cr inserted.
<inserted text> 
                \cr 
l.605 σ}
          & \textbf{Values/ day
G:/work/Journal2LaTeX/backend/temp/3bf82a27-64f6-4e0b-91ce-bf906b36b211/rendere
d/main.tex:605: Misplaced \cr.
<inserted text> \cr 
                    
l.605 σ}
          & \textbf{Values/ day
G:/work/Journal2LaTeX/backend/temp/3bf82a27-64f6-4e0b-91ce-bf906b36b211/rendere
d/main.tex:605: Missing \cr inserted.
<inserted text> 
                \cr 
l.605 σ}
          & \textbf{Values/ day
G:/work/Journal2LaTeX/backend/temp/3bf82a27-64f6-4e0b-91ce-bf906b36b211/rendere
d/main.tex:605: Misplaced \cr.
<inserted text> \cr 
                    
l.605 σ}
          & \textbf{Values/ day
G:/work/Journal2LaTeX/backend/temp/3bf82a27-64f6-4e0b-91ce-bf906b36b211/rendere
d/main.tex:605: Missing \cr inserted.
<inserted text> 
                \cr 
l.605 σ}
          & \textbf{Values/ day
G:/work/Journal2LaTeX/backend/temp/3bf82a27-64f6-4e0b-91ce-bf906b36b211/rendere
d/main.tex:605: Misplaced \cr.
<inserted text> \cr 
                    
l.605 σ}
          & \textbf{Values/ day
G:/work/Journal2LaTeX/backend/temp/3bf82a27-64f6-4e0b-91ce-bf906b36b211/rendere
d/main.tex:605: Missing \cr inserted.
<inserted text> 
                \cr 
l.605 σ}
          & \textbf{Values/ day
G:/work/Journal2LaTeX/backend/temp/3bf82a27-64f6-4e0b-91ce-bf906b36b211/rendere
d/main.tex:605: Misplaced \cr.
<inserted text> \cr 
                    
l.605 σ}
          & \textbf{Values/ day
G:/work/Journal2LaTeX/backend/temp/3bf82a27-64f6-4e0b-91ce-bf906b36b211/rendere
d/main.tex:605: Missing \cr inserted.
<inserted text> 
                \cr 
l.605 σ}
          & \textbf{Values/ day
G:/work/Journal2LaTeX/backend/temp/3bf82a27-64f6-4e0b-91ce-bf906b36b211/rendere
d/main.tex:605: Misplaced \cr.
<inserted text> \cr 
                    
l.605 σ}
          & \textbf{Values/ day
G:/work/Journal2LaTeX/backend/temp/3bf82a27-64f6-4e0b-91ce-bf906b36b211/rendere
d/main.tex:605: Missing \cr inserted.
<inserted text> 
                \cr 
l.605 σ}
          & \textbf{Values/ day
G:/work/Journal2LaTeX/backend/temp/3bf82a27-64f6-4e0b-91ce-bf906b36b211/rendere
d/main.tex:605: Misplaced \cr.
<inserted text> \cr 
                    
l.605 σ}
          & \textbf{Values/ day
G:/work/Journal2LaTeX/backend/temp/3bf82a27-64f6-4e0b-91ce-bf906b36b211/rendere
d/main.tex:605: Missing \cr inserted.
<inserted text> 
                \cr 
l.605 σ}
          & \textbf{Values/ day
G:/work/Journal2LaTeX/backend/temp/3bf82a27-64f6-4e0b-91ce-bf906b36b211/rendere
d/main.tex:605: Misplaced \cr.
<inserted text> \cr 
                    
l.605 σ}
          & \textbf{Values/ day
G:/work/Journal2LaTeX/backend/temp/3bf82a27-64f6-4e0b-91ce-bf906b36b211/rendere
d/main.tex:605: Missing \cr inserted.
<inserted text> 
                \cr 
l.605 σ}
          & \textbf{Values/ day
G:/work/Journal2LaTeX/backend/temp/3bf82a27-64f6-4e0b-91ce-bf906b36b211/rendere
d/main.tex:605: Misplaced \cr.
<inserted text> \cr 
                    
l.605 σ}
          & \textbf{Values/ day
G:/work/Journal2LaTeX/backend/temp/3bf82a27-64f6-4e0b-91ce-bf906b36b211/rendere
d/main.tex:605: Missing \cr inserted.
<inserted text> 
                \cr 
l.605 σ}
          & \textbf{Values/ day
G:/work/Journal2LaTeX/backend/temp/3bf82a27-64f6-4e0b-91ce-bf906b36b211/rendere
d/main.tex:605: Misplaced \cr.
<inserted text> \cr 
                    
l.605 σ}
          & \textbf{Values/ day
G:/work/Journal2LaTeX/backend/temp/3bf82a27-64f6-4e0b-91ce-bf906b36b211/rendere
d/main.tex:605: Missing \cr inserted.
<inserted text> 
                \cr 
l.605 σ}
          & \textbf{Values/ day
G:/work/Journal2LaTeX/backend/temp/3bf82a27-64f6-4e0b-91ce-bf906b36b211/rendere
d/main.tex:605: Misplaced \cr.
<inserted text> \cr 
                    
l.605 σ}
          & \textbf{Values/ day
G:/work/Journal2LaTeX/backend/temp/3bf82a27-64f6-4e0b-91ce-bf906b36b211/rendere
d/main.tex:605: Missing \cr inserted.
<inserted text> 
                \cr 
l.605 σ}
          & \textbf{Values/ day
G:/work/Journal2LaTeX/backend/temp/3bf82a27-64f6-4e0b-91ce-bf906b36b211/rendere
d/main.tex:605: Misplaced \cr.
<inserted text> \cr 
                    
l.605 σ}
          & \textbf{Values/ day
(That makes 100 errors; please try again.)
G:/work/Journal2LaTeX/backend/temp/3bf82a27-64f6-4e0b-91ce-bf906b36b211/rendere
d/main.tex:605:  ==> Fatal error occurred, no output PDF file produced!
Transcript written on main.log.
Latexmk: Getting log file 'main.log'
Latexmk: Examining 'main.fls'
Latexmk: Examining 'main.log'
Latexmk: Summary of warnings from last run of *latex:
  Latex failed to resolve 5 reference(s)
  Latex failed to resolve 2 citation(s)
Latexmk: Errors, so I did not complete making targets
Collected error summary (may duplicate other messages):
  pdflatex: Command for 'pdflatex' gave return code 1
      Refer to 'main.log' and/or above output for details



STDERR:
Latexmk: ====Problematic refs and citations with line #s in .tex file:
  Reference `LastPage' on page 1 undefined on input line 176
  Citation `ref10' on page 2 undefined on input line 182
  Reference `LastPage' on page 2 undefined on input line 206
  Reference `LastPage' on page 3 undefined on input line 243
  Reference `LastPage' on page 5 undefined on input line 360
  Reference `LastPage' on page 7 undefined on input line 465
  Citation `ref38' on page 8 undefined on input line 499
Latexmk: Sometimes, the -f option can be used to get latexmk
  to try to force complete processing.
  But normally, you will need to correct the file(s) that caused the
  error, and then rerun latexmk.
  In some cases, it is best to clean out generated files before rerunning
  latexmk after you've corrected the files.
Reverting Windows console CPs to (in,out) = (437,65001)
