[2026-07-23 00:04:02,884] [INFO] [job_manager.py:136]: Job 3bf82a27-64f6-4e0b-91ce-bf906b36b211 workspace created successfully
[2026-07-23 00:04:02,917] [INFO] [pipeline_service.py:45]: Starting validation for job: 3bf82a27-64f6-4e0b-91ce-bf906b36b211
[2026-07-23 00:04:02,934] [INFO] [job_manager.py:180]: Job status updated to: VALIDATING
[2026-07-23 00:04:02,951] [INFO] [job_manager.py:204]: Progress updated to 10%: Validating input Word Document
[2026-07-23 00:04:02,972] [INFO] [pipeline_service.py:60]: Validation successful.
[2026-07-23 00:04:02,987] [INFO] [job_manager.py:204]: Progress updated to 20%: Input document validated successfully
[2026-07-23 00:04:02,987] [INFO] [pipeline_service.py:67]: Starting document analysis for job: 3bf82a27-64f6-4e0b-91ce-bf906b36b211
[2026-07-23 00:04:03,004] [INFO] [job_manager.py:180]: Job status updated to: ANALYZING_DOCUMENT
[2026-07-23 00:04:03,020] [INFO] [job_manager.py:204]: Progress updated to 30%: Analyzing document structure and content blocks
[2026-07-23 00:04:03,020] [INFO] [document_analyzer.py:33]: Starting improved document analysis for: G:\work\Journal2LaTeX\backend\temp\3bf82a27-64f6-4e0b-91ce-bf906b36b211\input\Zakaria- Optimal   control strategies. July.docx
[2026-07-23 00:04:05,888] [INFO] [document_analyzer.py:517]: Parsed document: title='Optimal control strategies for overwhelming social media scrolling addiction by using fractional order mathematical modelling', authors=21, sections=10, references=47
[2026-07-23 00:04:05,893] [INFO] [pipeline_service.py:95]: Document analysis completed. Saved structure to: G:\work\Journal2LaTeX\backend\temp\3bf82a27-64f6-4e0b-91ce-bf906b36b211\intermediate\document_structure.json, report to: G:\work\Journal2LaTeX\backend\temp\3bf82a27-64f6-4e0b-91ce-bf906b36b211\intermediate\conversion_report.json
[2026-07-23 00:04:05,908] [INFO] [job_manager.py:204]: Progress updated to 45%: Document structure extracted successfully
[2026-07-23 00:04:05,908] [INFO] [pipeline_service.py:108]: Starting asset extraction for job: 3bf82a27-64f6-4e0b-91ce-bf906b36b211
[2026-07-23 00:04:05,922] [INFO] [job_manager.py:180]: Job status updated to: EXTRACTING_ASSETS
[2026-07-23 00:04:05,940] [INFO] [job_manager.py:204]: Progress updated to 50%: Extracting images and figure assets from document
[2026-07-23 00:04:15,648] [INFO] [pipeline_service.py:223]: Office object fig:office1 placed=True
[2026-07-23 00:04:15,649] [INFO] [pipeline_service.py:223]: Office object fig:office2 placed=True
[2026-07-23 00:04:15,649] [INFO] [pipeline_service.py:223]: Office object fig:office3 placed=True
[2026-07-23 00:04:15,690] [INFO] [pipeline_service.py:141]: Assets extracted to: G:\work\Journal2LaTeX\backend\temp\3bf82a27-64f6-4e0b-91ce-bf906b36b211\intermediate\media
[2026-07-23 00:04:15,706] [INFO] [job_manager.py:204]: Progress updated to 60%: Document assets extracted successfully
[2026-07-23 00:04:15,706] [INFO] [pipeline_service.py:231]: Classifying extracted assets for job: 3bf82a27-64f6-4e0b-91ce-bf906b36b211
[2026-07-23 00:04:15,706] [INFO] [asset_analyzer.py:23]: Starting extended asset analysis for job: 3bf82a27-64f6-4e0b-91ce-bf906b36b211
[2026-07-23 00:04:15,709] [INFO] [asset_analyzer.py:153]: Extended asset classification completed. Assets classified: 10
[2026-07-23 00:04:15,724] [INFO] [job_manager.py:204]: Progress updated to 65%: Extracted assets analyzed and mapped successfully
[2026-07-23 00:04:15,811] [INFO] [pipeline_service.py:247]: Loading template c704c48f-1ba5-4b01-8265-6bea52755333 for job: 3bf82a27-64f6-4e0b-91ce-bf906b36b211
[2026-07-23 00:04:15,836] [INFO] [job_manager.py:180]: Job status updated to: LOADING_TEMPLATE
[2026-07-23 00:04:15,857] [INFO] [job_manager.py:204]: Progress updated to 70%: Loading template styles: c704c48f-1ba5-4b01-8265-6bea52755333
[2026-07-23 00:04:15,920] [INFO] [pipeline_service.py:269]: Template loaded and workspace prepared at: G:\work\Journal2LaTeX\backend\temp\3bf82a27-64f6-4e0b-91ce-bf906b36b211\rendered
[2026-07-23 00:04:15,944] [INFO] [job_manager.py:204]: Progress updated to 80%: Template workspace initialized
[2026-07-23 00:04:15,950] [INFO] [pipeline_service.py:294]: Starting LaTeX rendering for job: 3bf82a27-64f6-4e0b-91ce-bf906b36b211
[2026-07-23 00:04:15,971] [INFO] [job_manager.py:180]: Job status updated to: RENDERING_LATEX
[2026-07-23 00:04:15,991] [INFO] [job_manager.py:204]: Progress updated to 85%: Rendering document content to LaTeX
[2026-07-23 00:04:16,012] [INFO] [latex_renderer.py:72]: Starting LaTeX rendering inside workspace: G:\work\Journal2LaTeX\backend\temp\3bf82a27-64f6-4e0b-91ce-bf906b36b211\rendered
[2026-07-23 00:04:16,156] [INFO] [latex_renderer.py:386]: LaTeX document main.tex rendered successfully.
[2026-07-23 00:04:16,358] [INFO] [header_reconstructor.py:124]: Template class draws its own header; skipping fancyhdr injection.
[2026-07-23 00:04:16,361] [INFO] [job_manager.py:204]: Progress updated to 90%: LaTeX document rendering completed
[2026-07-23 00:04:16,362] [INFO] [pipeline_service.py:357]: Starting document compilation for job: 3bf82a27-64f6-4e0b-91ce-bf906b36b211
[2026-07-23 00:04:16,380] [INFO] [job_manager.py:180]: Job status updated to: COMPILING
[2026-07-23 00:04:16,399] [INFO] [job_manager.py:204]: Progress updated to 92%: Compiling LaTeX source to PDF
[2026-07-23 00:04:25,195] [ERROR] [pipeline_service.py:385]: LaTeX compilation failed: LaTeX compilation failed. PDF not generated.
[2026-07-23 00:04:25,212] [ERROR] [job_manager.py:228]: Job error added: LaTeX compilation failed: LaTeX compilation failed. PDF not generated.
