[2026-07-22 13:58:33,490] [INFO] [latex_compiler.py:337]: Starting LaTeX compilation for: G:\work\Journal2LaTeX\backend\temp\aac8e5eb-4c37-4423-bbe3-8290f32d5636\rendered\main.tex
[2026-07-22 13:58:33,645] [INFO] [latex_compiler.py:364]: Applied template compatibility layer to main.tex
[2026-07-22 13:58:33,650] [INFO] [latex_compiler.py:126]: Rendered working directory tree before compilation:
  author1.jpg
  author2.jpg
  author3.jpg
  fig2_qol.png
  fig3_bdds.png
  fig4_sads.png
  fig5_model.png
  logo7pt.eps
  logo7pt.pdf
  main.pdf
  main.tex
  media/
    image1.jpeg
    image10.jpeg
    image4.jpeg
    image5.png
    image6.png
    image7.png
    image8.jpeg
    image9.jpeg
    office_obj_1.png
  NSP1.cls
  nsplogo.jpg
  template.json
[2026-07-22 13:58:33,654] [INFO] [latex_compiler.py:132]: Template resource manifest (23 files):
  author1.jpg                              template resource (graphic (JPEG))
  author2.jpg                              template resource (graphic (JPEG))
  author3.jpg                              template resource (graphic (JPEG))
  fig2_qol.png                             template resource (graphic (PNG))
  fig3_bdds.png                            template resource (graphic (PNG))
  fig4_sads.png                            template resource (graphic (PNG))
  fig5_model.png                           template resource (graphic (PNG))
  logo7pt.eps                              template resource (graphic (EPS))
  logo7pt.pdf                              template resource (graphic (PDF))
  main.pdf                                 generated document / build artefact
  main.tex                                 generated document / build artefact
  media\image1.jpeg                        renderer-generated media
  media\image10.jpeg                       renderer-generated media
  media\image4.jpeg                        renderer-generated media
  media\image5.png                         renderer-generated media
  media\image6.png                         renderer-generated media
  media\image7.png                         renderer-generated media
  media\image8.jpeg                        renderer-generated media
  media\image9.jpeg                        renderer-generated media
  media\office_obj_1.png                   renderer-generated media
  NSP1.cls                                 template resource (document class)
  nsplogo.jpg                              template resource (graphic (JPEG))
  template.json                            template metadata
[2026-07-22 13:58:39,321] [INFO] [latex_compiler.py:154]: Dependency resolution (18 references):
  [LOCAL  ] documentclass   NSP1
  [SYSTEM ] usepackage      xcolor
  [SYSTEM ] usepackage      amsmath
  [SYSTEM ] usepackage      amssymb
  [SYSTEM ] usepackage      multirow
  [SYSTEM ] usepackage      tikz
  [SYSTEM ] usepackage      graphicx
  [SYSTEM ] usepackage      array
  [SYSTEM ] usepackage      float
  [SYSTEM ] usepackage      cuted
  [SYSTEM ] usepackage      capt-of
  [SYSTEM ] usepackage      newunicodechar
  [DYNAMIC] includegraphics #1
  [LOCAL  ] includegraphics nsplogo.jpg
  [LOCAL  ] includegraphics media/office_obj_1.png
  [LOCAL  ] includegraphics media/image5.png
  [LOCAL  ] includegraphics media/image6.png
  [LOCAL  ] includegraphics media/image7.png
[2026-07-22 13:58:40,039] [INFO] [latex_compiler.py:395]: Using latexmk compiler.
[2026-07-22 13:58:43,281] [INFO] [latex_compiler.py:462]: Compilation completed successfully. PDF generated at: G:\work\Journal2LaTeX\backend\temp\aac8e5eb-4c37-4423-bbe3-8290f32d5636\output\paper.pdf
[2026-07-22 13:58:43,337] [INFO] [latex_compiler.py:337]: Starting LaTeX compilation for: G:\work\Journal2LaTeX\backend\temp\aac8e5eb-4c37-4423-bbe3-8290f32d5636\rendered\main.tex
[2026-07-22 13:58:43,482] [INFO] [latex_compiler.py:364]: Applied template compatibility layer to main.tex
[2026-07-22 13:58:43,490] [INFO] [latex_compiler.py:126]: Rendered working directory tree before compilation:
  author1.jpg
  author2.jpg
  author3.jpg
  fig2_qol.png
  fig3_bdds.png
  fig4_sads.png
  fig5_model.png
  logo7pt.eps
  logo7pt.pdf
  main.aux
  main.fdb_latexmk
  main.fls
  main.log
  main.out
  main.pdf
  main.tex
  media/
    image1.jpeg
    image10.jpeg
    image4.jpeg
    image5.png
    image6.png
    image7.png
    image8.jpeg
    image9.jpeg
    office_obj_1.png
  NSP1.cls
  nsplogo.jpg
  template.json
[2026-07-22 13:58:43,499] [INFO] [latex_compiler.py:132]: Template resource manifest (28 files):
  author1.jpg                              template resource (graphic (JPEG))
  author2.jpg                              template resource (graphic (JPEG))
  author3.jpg                              template resource (graphic (JPEG))
  fig2_qol.png                             template resource (graphic (PNG))
  fig3_bdds.png                            template resource (graphic (PNG))
  fig4_sads.png                            template resource (graphic (PNG))
  fig5_model.png                           template resource (graphic (PNG))
  logo7pt.eps                              template resource (graphic (EPS))
  logo7pt.pdf                              template resource (graphic (PDF))
  main.aux                                 generated document / build artefact
  main.fdb_latexmk                         generated document / build artefact
  main.fls                                 generated document / build artefact
  main.log                                 generated document / build artefact
  main.out                                 generated document / build artefact
  main.pdf                                 generated document / build artefact
  main.tex                                 generated document / build artefact
  media\image1.jpeg                        renderer-generated media
  media\image10.jpeg                       renderer-generated media
  media\image4.jpeg                        renderer-generated media
  media\image5.png                         renderer-generated media
  media\image6.png                         renderer-generated media
  media\image7.png                         renderer-generated media
  media\image8.jpeg                        renderer-generated media
  media\image9.jpeg                        renderer-generated media
  media\office_obj_1.png                   renderer-generated media
  NSP1.cls                                 template resource (document class)
  nsplogo.jpg                              template resource (graphic (JPEG))
  template.json                            template metadata
[2026-07-22 13:58:44,207] [INFO] [latex_compiler.py:154]: Dependency resolution (19 references):
  [LOCAL  ] documentclass   NSP1
  [SYSTEM ] usepackage      xcolor
  [SYSTEM ] usepackage      amsmath
  [SYSTEM ] usepackage      amssymb
  [SYSTEM ] usepackage      multirow
  [SYSTEM ] usepackage      tikz
  [SYSTEM ] usepackage      graphicx
  [SYSTEM ] usepackage      array
  [SYSTEM ] usepackage      float
  [SYSTEM ] usepackage      cuted
  [SYSTEM ] usepackage      capt-of
  [SYSTEM ] usepackage      newunicodechar
  [SYSTEM ] usepackage      geometry
  [DYNAMIC] includegraphics #1
  [LOCAL  ] includegraphics nsplogo.jpg
  [LOCAL  ] includegraphics media/office_obj_1.png
  [LOCAL  ] includegraphics media/image5.png
  [LOCAL  ] includegraphics media/image6.png
  [LOCAL  ] includegraphics media/image7.png
[2026-07-22 13:58:44,209] [INFO] [latex_compiler.py:395]: Using latexmk compiler.
[2026-07-22 13:58:46,621] [ERROR] [latex_compiler.py:450]: LaTeX compilation failed. PDF not generated. Check raw logs for details.
[2026-07-22 13:58:46,625] [INFO] [latex_compiler.py:337]: Starting LaTeX compilation for: G:\work\Journal2LaTeX\backend\temp\aac8e5eb-4c37-4423-bbe3-8290f32d5636\rendered\main.tex
[2026-07-22 13:58:46,757] [INFO] [latex_compiler.py:364]: Applied template compatibility layer to main.tex
[2026-07-22 13:58:46,762] [INFO] [latex_compiler.py:126]: Rendered working directory tree before compilation:
  author1.jpg
  author2.jpg
  author3.jpg
  fig2_qol.png
  fig3_bdds.png
  fig4_sads.png
  fig5_model.png
  logo7pt.eps
  logo7pt.pdf
  main.aux
  main.fdb_latexmk
  main.fls
  main.log
  main.out
  main.tex
  media/
    image1.jpeg
    image10.jpeg
    image4.jpeg
    image5.png
    image6.png
    image7.png
    image8.jpeg
    image9.jpeg
    office_obj_1.png
  NSP1.cls
  nsplogo.jpg
  template.json
[2026-07-22 13:58:46,768] [INFO] [latex_compiler.py:132]: Template resource manifest (27 files):
  author1.jpg                              template resource (graphic (JPEG))
  author2.jpg                              template resource (graphic (JPEG))
  author3.jpg                              template resource (graphic (JPEG))
  fig2_qol.png                             template resource (graphic (PNG))
  fig3_bdds.png                            template resource (graphic (PNG))
  fig4_sads.png                            template resource (graphic (PNG))
  fig5_model.png                           template resource (graphic (PNG))
  logo7pt.eps                              template resource (graphic (EPS))
  logo7pt.pdf                              template resource (graphic (PDF))
  main.aux                                 generated document / build artefact
  main.fdb_latexmk                         generated document / build artefact
  main.fls                                 generated document / build artefact
  main.log                                 generated document / build artefact
  main.out                                 generated document / build artefact
  main.tex                                 generated document / build artefact
  media\image1.jpeg                        renderer-generated media
  media\image10.jpeg                       renderer-generated media
  media\image4.jpeg                        renderer-generated media
  media\image5.png                         renderer-generated media
  media\image6.png                         renderer-generated media
  media\image7.png                         renderer-generated media
  media\image8.jpeg                        renderer-generated media
  media\image9.jpeg                        renderer-generated media
  media\office_obj_1.png                   renderer-generated media
  NSP1.cls                                 template resource (document class)
  nsplogo.jpg                              template resource (graphic (JPEG))
  template.json                            template metadata
[2026-07-22 13:58:46,932] [INFO] [latex_compiler.py:154]: Dependency resolution (18 references):
  [LOCAL  ] documentclass   NSP1
  [SYSTEM ] usepackage      xcolor
  [SYSTEM ] usepackage      amsmath
  [SYSTEM ] usepackage      amssymb
  [SYSTEM ] usepackage      multirow
  [SYSTEM ] usepackage      tikz
  [SYSTEM ] usepackage      graphicx
  [SYSTEM ] usepackage      array
  [SYSTEM ] usepackage      float
  [SYSTEM ] usepackage      cuted
  [SYSTEM ] usepackage      capt-of
  [SYSTEM ] usepackage      newunicodechar
  [DYNAMIC] includegraphics #1
  [LOCAL  ] includegraphics nsplogo.jpg
  [LOCAL  ] includegraphics media/office_obj_1.png
  [LOCAL  ] includegraphics media/image5.png
  [LOCAL  ] includegraphics media/image6.png
  [LOCAL  ] includegraphics media/image7.png
[2026-07-22 13:58:46,933] [INFO] [latex_compiler.py:395]: Using latexmk compiler.
[2026-07-22 13:58:49,408] [ERROR] [latex_compiler.py:450]: LaTeX compilation failed. PDF not generated. Check raw logs for details.
