[2026-07-22 13:58:22,853] [INFO] [job_manager.py:136]: Job aac8e5eb-4c37-4423-bbe3-8290f32d5636 workspace created successfully
[2026-07-22 13:58:22,892] [INFO] [pipeline_service.py:45]: Starting validation for job: aac8e5eb-4c37-4423-bbe3-8290f32d5636
[2026-07-22 13:58:22,908] [INFO] [job_manager.py:180]: Job status updated to: VALIDATING
[2026-07-22 13:58:22,927] [INFO] [job_manager.py:204]: Progress updated to 10%: Validating input Word Document
[2026-07-22 13:58:22,950] [INFO] [pipeline_service.py:60]: Validation successful.
[2026-07-22 13:58:22,968] [INFO] [job_manager.py:204]: Progress updated to 20%: Input document validated successfully
[2026-07-22 13:58:22,968] [INFO] [pipeline_service.py:67]: Starting document analysis for job: aac8e5eb-4c37-4423-bbe3-8290f32d5636
[2026-07-22 13:58:22,984] [INFO] [job_manager.py:180]: Job status updated to: ANALYZING_DOCUMENT
[2026-07-22 13:58:23,003] [INFO] [job_manager.py:204]: Progress updated to 30%: Analyzing document structure and content blocks
[2026-07-22 13:58:23,003] [INFO] [document_analyzer.py:33]: Starting improved document analysis for: G:\work\Journal2LaTeX\backend\temp\aac8e5eb-4c37-4423-bbe3-8290f32d5636\input\The role.docx
[2026-07-22 13:58:24,569] [INFO] [document_analyzer.py:517]: Parsed document: title='The Role of Social Media in the Spread and Countering of Cyber-Extremism: An Islamic Jurisprudential and Educational Perspective', authors=3, sections=41, references=42
[2026-07-22 13:58:24,588] [INFO] [pipeline_service.py:95]: Document analysis completed. Saved structure to: G:\work\Journal2LaTeX\backend\temp\aac8e5eb-4c37-4423-bbe3-8290f32d5636\intermediate\document_structure.json, report to: G:\work\Journal2LaTeX\backend\temp\aac8e5eb-4c37-4423-bbe3-8290f32d5636\intermediate\conversion_report.json
[2026-07-22 13:58:24,607] [INFO] [job_manager.py:204]: Progress updated to 45%: Document structure extracted successfully
[2026-07-22 13:58:24,607] [INFO] [pipeline_service.py:108]: Starting asset extraction for job: aac8e5eb-4c37-4423-bbe3-8290f32d5636
[2026-07-22 13:58:24,624] [INFO] [job_manager.py:180]: Job status updated to: EXTRACTING_ASSETS
[2026-07-22 13:58:24,644] [INFO] [job_manager.py:204]: Progress updated to 50%: Extracting images and figure assets from document
[2026-07-22 13:58:32,792] [INFO] [pipeline_service.py:223]: Office object fig:office1 placed=True
[2026-07-22 13:58:32,861] [INFO] [pipeline_service.py:141]: Assets extracted to: G:\work\Journal2LaTeX\backend\temp\aac8e5eb-4c37-4423-bbe3-8290f32d5636\intermediate\media
[2026-07-22 13:58:32,880] [INFO] [job_manager.py:204]: Progress updated to 60%: Document assets extracted successfully
[2026-07-22 13:58:32,880] [INFO] [pipeline_service.py:231]: Classifying extracted assets for job: aac8e5eb-4c37-4423-bbe3-8290f32d5636
[2026-07-22 13:58:32,881] [INFO] [asset_analyzer.py:23]: Starting extended asset analysis for job: aac8e5eb-4c37-4423-bbe3-8290f32d5636
[2026-07-22 13:58:32,885] [INFO] [asset_analyzer.py:153]: Extended asset classification completed. Assets classified: 8
[2026-07-22 13:58:32,904] [INFO] [job_manager.py:204]: Progress updated to 65%: Extracted assets analyzed and mapped successfully
[2026-07-22 13:58:32,964] [INFO] [pipeline_service.py:247]: Loading template c3ce9377-eec0-46e8-b783-a201967cf745 for job: aac8e5eb-4c37-4423-bbe3-8290f32d5636
[2026-07-22 13:58:32,983] [INFO] [job_manager.py:180]: Job status updated to: LOADING_TEMPLATE
[2026-07-22 13:58:33,001] [INFO] [job_manager.py:204]: Progress updated to 70%: Loading template styles: c3ce9377-eec0-46e8-b783-a201967cf745
[2026-07-22 13:58:33,099] [INFO] [pipeline_service.py:269]: Template loaded and workspace prepared at: G:\work\Journal2LaTeX\backend\temp\aac8e5eb-4c37-4423-bbe3-8290f32d5636\rendered
[2026-07-22 13:58:33,117] [INFO] [job_manager.py:204]: Progress updated to 80%: Template workspace initialized
[2026-07-22 13:58:33,120] [INFO] [pipeline_service.py:294]: Starting LaTeX rendering for job: aac8e5eb-4c37-4423-bbe3-8290f32d5636
[2026-07-22 13:58:33,135] [INFO] [job_manager.py:180]: Job status updated to: RENDERING_LATEX
[2026-07-22 13:58:33,153] [INFO] [job_manager.py:204]: Progress updated to 85%: Rendering document content to LaTeX
[2026-07-22 13:58:33,178] [INFO] [latex_renderer.py:72]: Starting LaTeX rendering inside workspace: G:\work\Journal2LaTeX\backend\temp\aac8e5eb-4c37-4423-bbe3-8290f32d5636\rendered
[2026-07-22 13:58:33,305] [INFO] [latex_renderer.py:386]: LaTeX document main.tex rendered successfully.
[2026-07-22 13:58:33,449] [INFO] [header_reconstructor.py:124]: Template class draws its own header; skipping fancyhdr injection.
[2026-07-22 13:58:33,454] [INFO] [job_manager.py:204]: Progress updated to 90%: LaTeX document rendering completed
[2026-07-22 13:58:33,455] [INFO] [pipeline_service.py:357]: Starting document compilation for job: aac8e5eb-4c37-4423-bbe3-8290f32d5636
[2026-07-22 13:58:33,472] [INFO] [job_manager.py:180]: Job status updated to: COMPILING
[2026-07-22 13:58:33,489] [INFO] [job_manager.py:204]: Progress updated to 92%: Compiling LaTeX source to PDF
[2026-07-22 13:58:43,299] [INFO] [pipeline_service.py:380]: Compilation completed successfully.
[2026-07-22 13:58:43,303] [INFO] [pipeline_service.py:395]: Running E2E publication fidelity checker for job: aac8e5eb-4c37-4423-bbe3-8290f32d5636
[2026-07-22 13:58:43,304] [INFO] [fidelity_checker.py:24]: Generating advanced fidelity report and scores for job: aac8e5eb-4c37-4423-bbe3-8290f32d5636
[2026-07-22 13:58:43,310] [INFO] [fidelity_checker.py:163]: Fidelity report written to G:\work\Journal2LaTeX\backend\temp\aac8e5eb-4c37-4423-bbe3-8290f32d5636\intermediate\fidelity_report.json. Overall Score: 85.3%, Critical missing: 2
[2026-07-22 13:58:43,336] [INFO] [pipeline_service.py:357]: Starting document compilation for job: aac8e5eb-4c37-4423-bbe3-8290f32d5636
[2026-07-22 13:58:46,621] [ERROR] [pipeline_service.py:385]: LaTeX compilation failed: LaTeX compilation failed. PDF not generated.
[2026-07-22 13:58:46,623] [WARNING] [job_manager.py:250]: Job warning added: LaTeX compilation failed: LaTeX compilation failed. PDF not generated.
[2026-07-22 13:58:46,625] [INFO] [pipeline_service.py:357]: Starting document compilation for job: aac8e5eb-4c37-4423-bbe3-8290f32d5636
[2026-07-22 13:58:49,408] [ERROR] [pipeline_service.py:385]: LaTeX compilation failed: LaTeX compilation failed. PDF not generated.
[2026-07-22 13:58:49,430] [WARNING] [job_manager.py:250]: Job warning added: LaTeX compilation failed: LaTeX compilation failed. PDF not generated.
[2026-07-22 13:58:49,452] [INFO] [job_manager.py:180]: Job status updated to: COMPLETED
[2026-07-22 13:58:49,470] [INFO] [job_manager.py:204]: Progress updated to 100%: Pipeline process completed successfully
