[2026-07-23 14:53:18,666] [INFO] [job_manager.py:136]: Job d659dbfe-fc01-4c26-bf55-51f5e4b11847 workspace created successfully
[2026-07-23 14:53:18,696] [INFO] [pipeline_service.py:45]: Starting validation for job: d659dbfe-fc01-4c26-bf55-51f5e4b11847
[2026-07-23 14:53:18,713] [INFO] [job_manager.py:180]: Job status updated to: VALIDATING
[2026-07-23 14:53:18,727] [INFO] [job_manager.py:204]: Progress updated to 10%: Validating input Word Document
[2026-07-23 14:53:18,744] [INFO] [pipeline_service.py:60]: Validation successful.
[2026-07-23 14:53:18,759] [INFO] [job_manager.py:204]: Progress updated to 20%: Input document validated successfully
[2026-07-23 14:53:18,759] [INFO] [pipeline_service.py:67]: Starting document analysis for job: d659dbfe-fc01-4c26-bf55-51f5e4b11847
[2026-07-23 14:53:18,773] [INFO] [job_manager.py:180]: Job status updated to: ANALYZING_DOCUMENT
[2026-07-23 14:53:18,787] [INFO] [job_manager.py:204]: Progress updated to 30%: Analyzing document structure and content blocks
[2026-07-23 14:53:18,787] [INFO] [document_analyzer.py:33]: Starting improved document analysis for: G:\work\Journal2LaTeX\backend\temp\d659dbfe-fc01-4c26-bf55-51f5e4b11847\input\The role.docx
[2026-07-23 14:53:20,120] [INFO] [document_analyzer.py:517]: Parsed document: title='The Role of Social Media in the Spread and Countering of Cyber-Extremism: An Islamic Jurisprudential and Educational Perspective', authors=3, sections=41, references=42
[2026-07-23 14:53:20,131] [INFO] [pipeline_service.py:95]: Document analysis completed. Saved structure to: G:\work\Journal2LaTeX\backend\temp\d659dbfe-fc01-4c26-bf55-51f5e4b11847\intermediate\document_structure.json, report to: G:\work\Journal2LaTeX\backend\temp\d659dbfe-fc01-4c26-bf55-51f5e4b11847\intermediate\conversion_report.json
[2026-07-23 14:53:20,152] [INFO] [job_manager.py:204]: Progress updated to 45%: Document structure extracted successfully
[2026-07-23 14:53:20,152] [INFO] [pipeline_service.py:108]: Starting asset extraction for job: d659dbfe-fc01-4c26-bf55-51f5e4b11847
[2026-07-23 14:53:20,171] [INFO] [job_manager.py:180]: Job status updated to: EXTRACTING_ASSETS
[2026-07-23 14:53:20,188] [INFO] [job_manager.py:204]: Progress updated to 50%: Extracting images and figure assets from document
[2026-07-23 14:53:26,160] [INFO] [pipeline_service.py:223]: Office object fig:office1 placed=True
[2026-07-23 14:53:26,223] [INFO] [pipeline_service.py:141]: Assets extracted to: G:\work\Journal2LaTeX\backend\temp\d659dbfe-fc01-4c26-bf55-51f5e4b11847\intermediate\media
[2026-07-23 14:53:26,243] [INFO] [job_manager.py:204]: Progress updated to 60%: Document assets extracted successfully
[2026-07-23 14:53:26,243] [INFO] [pipeline_service.py:231]: Classifying extracted assets for job: d659dbfe-fc01-4c26-bf55-51f5e4b11847
[2026-07-23 14:53:26,244] [INFO] [asset_analyzer.py:23]: Starting extended asset analysis for job: d659dbfe-fc01-4c26-bf55-51f5e4b11847
[2026-07-23 14:53:26,247] [INFO] [asset_analyzer.py:153]: Extended asset classification completed. Assets classified: 8
[2026-07-23 14:53:26,266] [INFO] [job_manager.py:204]: Progress updated to 65%: Extracted assets analyzed and mapped successfully
[2026-07-23 14:53:26,315] [INFO] [pipeline_service.py:247]: Loading template e5714c5d-f26b-469c-aee9-a97ae10b6274 for job: d659dbfe-fc01-4c26-bf55-51f5e4b11847
[2026-07-23 14:53:26,327] [INFO] [job_manager.py:180]: Job status updated to: LOADING_TEMPLATE
[2026-07-23 14:53:26,342] [INFO] [job_manager.py:204]: Progress updated to 70%: Loading template styles: e5714c5d-f26b-469c-aee9-a97ae10b6274
[2026-07-23 14:53:26,424] [INFO] [pipeline_service.py:269]: Template loaded and workspace prepared at: G:\work\Journal2LaTeX\backend\temp\d659dbfe-fc01-4c26-bf55-51f5e4b11847\rendered
[2026-07-23 14:53:26,439] [INFO] [job_manager.py:204]: Progress updated to 80%: Template workspace initialized
[2026-07-23 14:53:26,440] [INFO] [pipeline_service.py:294]: Starting LaTeX rendering for job: d659dbfe-fc01-4c26-bf55-51f5e4b11847
[2026-07-23 14:53:26,455] [INFO] [job_manager.py:180]: Job status updated to: RENDERING_LATEX
[2026-07-23 14:53:26,469] [INFO] [job_manager.py:204]: Progress updated to 85%: Rendering document content to LaTeX
[2026-07-23 14:53:26,488] [INFO] [latex_renderer.py:72]: Starting LaTeX rendering inside workspace: G:\work\Journal2LaTeX\backend\temp\d659dbfe-fc01-4c26-bf55-51f5e4b11847\rendered
[2026-07-23 14:53:26,672] [INFO] [latex_renderer.py:386]: LaTeX document main.tex rendered successfully.
[2026-07-23 14:53:26,796] [INFO] [header_reconstructor.py:124]: Template class draws its own header; skipping fancyhdr injection.
[2026-07-23 14:53:26,801] [INFO] [job_manager.py:204]: Progress updated to 90%: LaTeX document rendering completed
[2026-07-23 14:53:26,802] [INFO] [pipeline_service.py:357]: Starting document compilation for job: d659dbfe-fc01-4c26-bf55-51f5e4b11847
[2026-07-23 14:53:26,820] [INFO] [job_manager.py:180]: Job status updated to: COMPILING
[2026-07-23 14:53:26,836] [INFO] [job_manager.py:204]: Progress updated to 92%: Compiling LaTeX source to PDF
[2026-07-23 14:53:32,023] [INFO] [pipeline_service.py:380]: Compilation completed successfully.
[2026-07-23 14:53:32,027] [INFO] [pipeline_service.py:395]: Running E2E publication fidelity checker for job: d659dbfe-fc01-4c26-bf55-51f5e4b11847
[2026-07-23 14:53:32,027] [INFO] [fidelity_checker.py:24]: Generating advanced fidelity report and scores for job: d659dbfe-fc01-4c26-bf55-51f5e4b11847
[2026-07-23 14:53:32,030] [INFO] [fidelity_checker.py:163]: Fidelity report written to G:\work\Journal2LaTeX\backend\temp\d659dbfe-fc01-4c26-bf55-51f5e4b11847\intermediate\fidelity_report.json. Overall Score: 92.9%, Critical missing: 2
[2026-07-23 14:53:32,049] [INFO] [pipeline_service.py:357]: Starting document compilation for job: d659dbfe-fc01-4c26-bf55-51f5e4b11847
[2026-07-23 14:53:34,691] [ERROR] [pipeline_service.py:385]: LaTeX compilation failed: LaTeX compilation failed. PDF not generated.
[2026-07-23 14:53:34,697] [WARNING] [job_manager.py:250]: Job warning added: LaTeX compilation failed: LaTeX compilation failed. PDF not generated.
[2026-07-23 14:53:34,698] [INFO] [pipeline_service.py:357]: Starting document compilation for job: d659dbfe-fc01-4c26-bf55-51f5e4b11847
[2026-07-23 14:53:36,582] [ERROR] [pipeline_service.py:385]: LaTeX compilation failed: LaTeX compilation failed. PDF not generated.
[2026-07-23 14:53:36,596] [WARNING] [job_manager.py:250]: Job warning added: LaTeX compilation failed: LaTeX compilation failed. PDF not generated.
[2026-07-23 14:53:36,612] [INFO] [job_manager.py:180]: Job status updated to: COMPLETED
[2026-07-23 14:53:36,627] [INFO] [job_manager.py:204]: Progress updated to 100%: Pipeline process completed successfully
