STDOUT:
Initial Win CP for (console input, console output, system): (CP437, CP65001, CP1252)
I changed them all to CP1252
Rc files read (in order):
  NONE
Latexmk: This is Latexmk, John Collins, 9 March 2026. Version 4.88.
No existing .aux file, so I'll make a simple one, and require run of *latex.
Latexmk: applying rule 'pdflatex'...
Rule 'pdflatex':  Reasons for rerun
Category 'other':
  Rerun of 'pdflatex' forced or previously required:
    Reason or flag: 'Initial setup'

------------
Run number 1 of rule 'pdflatex'
------------
------------
Running 'pdflatex  -interaction=nonstopmode -file-line-error -recorder  "G:/work/Journal2LaTeX/backend/temp/3fa4f4dc-b9c9-4c9d-9f04-1760d5869241/rendered/main.tex"'
------------
This is pdfTeX, Version 3.141592653-2.6-1.40.29 (MiKTeX 26.5) (preloaded format=pdflatex.fmt)
 restricted \write18 enabled.
entering extended mode

(G:/work/Journal2LaTeX/backend/temp/3fa4f4dc-b9c9-4c9d-9f04-1760d5869241/render
ed/main.tex
LaTeX2e <2026-06-01>
L3 programming layer <2026-06-18>
(default.cls
Document Class: default 2026/07/17 Minimal Default Journal Class
(C:\Users\asus\AppData\Local\Programs\MiKTeX\tex/latex/base\article.cls
Document Class: article 2025/01/22 v1.4n Standard LaTeX document class
(C:\Users\asus\AppData\Local\Programs\MiKTeX\tex/latex/base\size10.clo))
(C:\Users\asus\AppData\Local\Programs\MiKTeX\tex/latex/graphics\graphicx.sty
(C:\Users\asus\AppData\Local\Programs\MiKTeX\tex/latex/graphics\keyval.sty)
(C:\Users\asus\AppData\Local\Programs\MiKTeX\tex/latex/graphics\graphics.sty
(C:\Users\asus\AppData\Local\Programs\MiKTeX\tex/latex/graphics\trig.sty)
(C:\Users\asus\AppData\Local\Programs\MiKTeX\tex/latex/graphics-cfg\graphics.cf
g)
(C:\Users\asus\AppData\Local\Programs\MiKTeX\tex/latex/graphics-def\pdftex.def)
)) (C:\Users\asus\AppData\Local\Programs\MiKTeX\tex/latex/geometry\geometry.sty
(C:\Users\asus\AppData\Local\Programs\MiKTeX\tex/generic/iftex\ifvtex.sty
(C:\Users\asus\AppData\Local\Programs\MiKTeX\tex/generic/iftex\iftex.sty))
(C:\Users\asus\AppData\Local\Programs\MiKTeX\tex/latex/geometry\geometry.cfg))
(C:\Users\asus\AppData\Local\Programs\MiKTeX\tex/latex/hyperref\hyperref.sty
(C:\Users\asus\AppData\Local\Programs\MiKTeX\tex/latex/kvsetkeys\kvsetkeys.sty)

(C:\Users\asus\AppData\Local\Programs\MiKTeX\tex/generic/kvdefinekeys\kvdefinek
eys.sty)
(C:\Users\asus\AppData\Local\Programs\MiKTeX\tex/generic/pdfescape\pdfescape.st
y (C:\Users\asus\AppData\Local\Programs\MiKTeX\tex/generic/ltxcmds\ltxcmds.sty)

(C:\Users\asus\AppData\Local\Programs\MiKTeX\tex/generic/pdftexcmds\pdftexcmds.
sty
(C:\Users\asus\AppData\Local\Programs\MiKTeX\tex/generic/infwarerr\infwarerr.st
y))) (C:\Users\asus\AppData\Local\Programs\MiKTeX\tex/latex/hycolor\hycolor.sty
) (C:\Users\asus\AppData\Local\Programs\MiKTeX\tex/latex/hyperref\nameref.sty
(C:\Users\asus\AppData\Local\Programs\MiKTeX\tex/latex/refcount\refcount.sty)
(C:\Users\asus\AppData\Local\Programs\MiKTeX\tex/generic/gettitlestring\gettitl
estring.sty
(C:\Users\asus\AppData\Local\Programs\MiKTeX\tex/latex/kvoptions\kvoptions.sty)
)) (C:\Users\asus\AppData\Local\Programs\MiKTeX\tex/latex/etoolbox\etoolbox.sty
)
(C:\Users\asus\AppData\Local\Programs\MiKTeX\tex/generic/stringenc\stringenc.st
y) (C:\Users\asus\AppData\Local\Programs\MiKTeX\tex/latex/hyperref\pd1enc.def)
(C:\Users\asus\AppData\Local\Programs\MiKTeX\tex/generic/intcalc\intcalc.sty)
(C:\Users\asus\AppData\Local\Programs\MiKTeX\tex/latex/hyperref\puenc.def)
(C:\Users\asus\AppData\Local\Programs\MiKTeX\tex/latex/url\url.sty)
(C:\Users\asus\AppData\Local\Programs\MiKTeX\tex/generic/bitset\bitset.sty
(C:\Users\asus\AppData\Local\Programs\MiKTeX\tex/generic/bigintcalc\bigintcalc.
sty)))
(C:\Users\asus\AppData\Local\Programs\MiKTeX\tex/latex/hyperref\hpdftex.def
(C:\Users\asus\AppData\Local\Programs\MiKTeX\tex/latex/rerunfilecheck\rerunfile
check.sty
(C:\Users\asus\AppData\Local\Programs\MiKTeX\tex/generic/uniquecounter\uniqueco
unter.sty)))) (default.sty
(C:\Users\asus\AppData\Local\Programs\MiKTeX\tex/latex/fancyhdr\fancyhdr.sty)
(C:\Users\asus\AppData\Local\Programs\MiKTeX\tex/latex/amsmath\amsmath.sty
For additional information on amsmath, use the `?' option.
(C:\Users\asus\AppData\Local\Programs\MiKTeX\tex/latex/amsmath\amstext.sty
(C:\Users\asus\AppData\Local\Programs\MiKTeX\tex/latex/amsmath\amsgen.sty))
(C:\Users\asus\AppData\Local\Programs\MiKTeX\tex/latex/amsmath\amsbsy.sty)
(C:\Users\asus\AppData\Local\Programs\MiKTeX\tex/latex/amsmath\amsopn.sty))
(C:\Users\asus\AppData\Local\Programs\MiKTeX\tex/latex/amsfonts\amssymb.sty
(C:\Users\asus\AppData\Local\Programs\MiKTeX\tex/latex/amsfonts\amsfonts.sty)))

(C:\Users\asus\AppData\Local\Programs\MiKTeX\tex/latex/l3backend\l3backend-pdft
ex.def) (main.aux)
(C:\Users\asus\AppData\Local\Programs\MiKTeX\tex/context/base/mkii\supp-pdf.mki
i
[Loading MPS to PDF converter (version 2006.09.02).]
)
(C:\Users\asus\AppData\Local\Programs\MiKTeX\tex/latex/epstopdf-pkg\epstopdf-ba
se.sty
(C:\Users\asus\AppData\Local\Programs\MiKTeX\tex/latex/00miktex\epstopdf-sys.cf
g))
*geometry* driver: auto-detecting
*geometry* detected driver: pdftex
(C:\Users\asus\AppData\Local\Programs\MiKTeX\tex/latex/amsfonts\umsa.fd)
(C:\Users\asus\AppData\Local\Programs\MiKTeX\tex/latex/amsfonts\umsb.fd)
Overfull \hbox (2.2222pt too wide) in paragraph at lines 6--6
[] [] 
[1{C:/Users/asus/AppData/Local/MiKTeX/fonts/map/pdftex/pdftex.map} <./logo.png>
]
G:/work/Journal2LaTeX/backend/temp/3fa4f4dc-b9c9-4c9d-9f04-1760d5869241/rendere
d/main.tex:12: Missing $ inserted.
<inserted text> 
                $
l.12 
     
G:/work/Journal2LaTeX/backend/temp/3fa4f4dc-b9c9-4c9d-9f04-1760d5869241/rendere
d/main.tex:12: Extra }, or forgotten $.
<template> \unskip \hfil }
                          \hskip \tabcolsep \endtemplate 
l.12 
     
G:/work/Journal2LaTeX/backend/temp/3fa4f4dc-b9c9-4c9d-9f04-1760d5869241/rendere
d/main.tex:12: Missing $ inserted.
<inserted text> 
                $
l.12 
     
G:/work/Journal2LaTeX/backend/temp/3fa4f4dc-b9c9-4c9d-9f04-1760d5869241/rendere
d/main.tex:12: Missing } inserted.
<inserted text> 
                }
l.12 
     
[2] [3]
G:/work/Journal2LaTeX/backend/temp/3fa4f4dc-b9c9-4c9d-9f04-1760d5869241/rendere
d/main.tex:114: Extra alignment tab has been changed to \cr.
<recently read> \endtemplate 
                             
l.114 BDDS & - & - & -.626* & .000 & .675* &
                                             .000 \\
G:/work/Journal2LaTeX/backend/temp/3fa4f4dc-b9c9-4c9d-9f04-1760d5869241/rendere
d/main.tex:115: Extra alignment tab has been changed to \cr.
<recently read> \endtemplate 
                             
l.115 QOL & - & - & - & - & -.644* &
                                     .000 \\
G:/work/Journal2LaTeX/backend/temp/3fa4f4dc-b9c9-4c9d-9f04-1760d5869241/rendere
d/main.tex:116: Extra alignment tab has been changed to \cr.
<recently read> \endtemplate 
                             
l.116 SADS & - & - & - & - & - &
                                 - \\
G:/work/Journal2LaTeX/backend/temp/3fa4f4dc-b9c9-4c9d-9f04-1760d5869241/rendere
d/main.tex:137: Extra alignment tab has been changed to \cr.
<recently read> \endtemplate 
                             
l.137 BDDS & -.945 & .143 & .789 &
                                   .285 \\
G:/work/Journal2LaTeX/backend/temp/3fa4f4dc-b9c9-4c9d-9f04-1760d5869241/rendere
d/main.tex:138: Extra alignment tab has been changed to \cr.
<recently read> \endtemplate 
                             
l.138 QOL & .398 & .143 & .954 &
                                 .285 \\
G:/work/Journal2LaTeX/backend/temp/3fa4f4dc-b9c9-4c9d-9f04-1760d5869241/rendere
d/main.tex:139: Extra alignment tab has been changed to \cr.
<recently read> \endtemplate 
                             
l.139 SADS & -.426 & .143 & -.745 &
                                    .285 \\

LaTeX Warning: File `media/image5.png' not found on input line 150.


G:/work/Journal2LaTeX/backend/temp/3fa4f4dc-b9c9-4c9d-9f04-1760d5869241/rendere
d/main.tex:150: Package pdftex.def Error: File `media/image5.png' not found: us
ing draft setting.

See the pdftex.def package documentation for explanation.
Type  H <return>  for immediate help.
 ...                                              
                                                  
l.150 \includegraphics{media/image5.png}
                                        

LaTeX Warning: File `media/image6.png' not found on input line 161.


G:/work/Journal2LaTeX/backend/temp/3fa4f4dc-b9c9-4c9d-9f04-1760d5869241/rendere
d/main.tex:161: Package pdftex.def Error: File `media/image6.png' not found: us
ing draft setting.

See the pdftex.def package documentation for explanation.
Type  H <return>  for immediate help.
 ...                                              
                                                  
l.161 \includegraphics{media/image6.png}
                                        

LaTeX Warning: File `media/image7.png' not found on input line 172.


G:/work/Journal2LaTeX/backend/temp/3fa4f4dc-b9c9-4c9d-9f04-1760d5869241/rendere
d/main.tex:172: Package pdftex.def Error: File `media/image7.png' not found: us
ing draft setting.

See the pdftex.def package documentation for explanation.
Type  H <return>  for immediate help.
 ...                                              
                                                  
l.172 \includegraphics{media/image7.png}
                                        
[4]

LaTeX Warning: File `media/image8.png' not found on input line 204.


G:/work/Journal2LaTeX/backend/temp/3fa4f4dc-b9c9-4c9d-9f04-1760d5869241/rendere
d/main.tex:204: Package pdftex.def Error: File `media/image8.png' not found: us
ing draft setting.

See the pdftex.def package documentation for explanation.
Type  H <return>  for immediate help.
 ...                                              
                                                  
l.204 \includegraphics{media/image8.png}
                                        
[5] [6]
Overfull \hbox (790.47874pt too wide) in paragraph at lines 315--323
 [][] 
[7] [8] (main.aux)

Package rerunfilecheck Warning: File `main.out' has changed.
(rerunfilecheck)                Rerun to get outlines right
(rerunfilecheck)                or use package `bookmark'.

 )
(see the transcript file for additional information) <C:\Users\asus\AppData\Loc
al\MiKTeX\fonts/pk/ljfour/jknappen/ec/dpi600\tcrm1000.pk><C:/Users/asus/AppData
/Local/Programs/MiKTeX/fonts/type1/public/amsfonts/cm/cmbx12.pfb><C:/Users/asus
/AppData/Local/Programs/MiKTeX/fonts/type1/public/amsfonts/cm/cmbx9.pfb><C:/Use
rs/asus/AppData/Local/Programs/MiKTeX/fonts/type1/public/amsfonts/cm/cmr10.pfb>
<C:/Users/asus/AppData/Local/Programs/MiKTeX/fonts/type1/public/amsfonts/cm/cmr
12.pfb><C:/Users/asus/AppData/Local/Programs/MiKTeX/fonts/type1/public/amsfonts
/cm/cmr17.pfb><C:/Users/asus/AppData/Local/Programs/MiKTeX/fonts/type1/public/a
msfonts/cm/cmr8.pfb><C:/Users/asus/AppData/Local/Programs/MiKTeX/fonts/type1/pu
blic/amsfonts/cm/cmr9.pfb><C:/Users/asus/AppData/Local/Programs/MiKTeX/fonts/ty
pe1/public/amsfonts/cm/cmtt10.pfb>
Output written on main.pdf (8 pages, 144256 bytes).
Transcript written on main.log.
Latexmk: Getting log file 'main.log'
Latexmk: Examining 'main.fls'
Latexmk: Examining 'main.log'
Latexmk: References changed.
Latexmk: Log file says output to 'main.pdf'
Latexmk: Errors, so I did not complete making targets
Collected error summary (may duplicate other messages):
  pdflatex: Command for 'pdflatex' gave return code 1
      Refer to 'main.log' and/or above output for details



STDERR:
Latexmk: Missing input file 'media/image5.png' message in .log file:
  LaTeX Warning: File `media/image5.png' not found on input line 150.
Latexmk: Missing input file 'media/image6.png' message in .log file:
  LaTeX Warning: File `media/image6.png' not found on input line 161.
Latexmk: Missing input file 'media/image7.png' message in .log file:
  LaTeX Warning: File `media/image7.png' not found on input line 172.
Latexmk: Missing input file 'media/image8.png' message in .log file:
  LaTeX Warning: File `media/image8.png' not found on input line 204.
Latexmk: Sometimes, the -f option can be used to get latexmk
  to try to force complete processing.
  But normally, you will need to correct the file(s) that caused the
  error, and then rerun latexmk.
  In some cases, it is best to clean out generated files before rerunning
  latexmk after you've corrected the files.
Reverting Windows console CPs to (in,out) = (437,65001)
