[2026-07-18 00:20:09,296] [INFO] [job_manager.py:92]: Job 3fa4f4dc-b9c9-4c9d-9f04-1760d5869241 workspace created successfully
[2026-07-18 00:20:09,324] [INFO] [pipeline_service.py:30]: Starting validation for job: 3fa4f4dc-b9c9-4c9d-9f04-1760d5869241
[2026-07-18 00:20:09,325] [INFO] [job_manager.py:136]: Job status updated to: VALIDATING
[2026-07-18 00:20:09,341] [INFO] [job_manager.py:160]: Progress updated to 10%: Validating input Word Document
[2026-07-18 00:20:09,360] [INFO] [pipeline_service.py:45]: Validation successful.
[2026-07-18 00:20:09,375] [INFO] [job_manager.py:160]: Progress updated to 20%: Input document validated successfully
[2026-07-18 00:20:09,375] [INFO] [pipeline_service.py:52]: Starting document analysis for job: 3fa4f4dc-b9c9-4c9d-9f04-1760d5869241
[2026-07-18 00:20:09,398] [INFO] [job_manager.py:136]: Job status updated to: ANALYZING_DOCUMENT
[2026-07-18 00:20:09,412] [INFO] [job_manager.py:160]: Progress updated to 30%: Analyzing document structure and content blocks
[2026-07-18 00:20:09,412] [INFO] [document_analyzer.py:33]: Starting improved document analysis for: G:\work\Journal2LaTeX\backend\temp\3fa4f4dc-b9c9-4c9d-9f04-1760d5869241\input\test.docx
[2026-07-18 00:20:09,774] [INFO] [document_analyzer.py:254]: Parsed document: title='Statistical Analysis of Body Dysmorphic Disorder, Quality of Life, and Social Anxiety in Fire Victims: Path Analysis', authors=3, sections=1, references=0
[2026-07-18 00:20:09,777] [INFO] [pipeline_service.py:80]: Document analysis completed. Saved structure to: G:\work\Journal2LaTeX\backend\temp\3fa4f4dc-b9c9-4c9d-9f04-1760d5869241\intermediate\document_structure.json, report to: G:\work\Journal2LaTeX\backend\temp\3fa4f4dc-b9c9-4c9d-9f04-1760d5869241\intermediate\conversion_report.json
[2026-07-18 00:20:09,792] [INFO] [job_manager.py:160]: Progress updated to 45%: Document structure extracted successfully
[2026-07-18 00:20:09,792] [INFO] [pipeline_service.py:93]: Starting asset extraction for job: 3fa4f4dc-b9c9-4c9d-9f04-1760d5869241
[2026-07-18 00:20:09,805] [INFO] [job_manager.py:136]: Job status updated to: EXTRACTING_ASSETS
[2026-07-18 00:20:09,818] [INFO] [job_manager.py:160]: Progress updated to 50%: Extracting images and figure assets from document
[2026-07-18 00:20:10,196] [INFO] [pipeline_service.py:104]: Assets extracted to: G:\work\Journal2LaTeX\backend\temp\3fa4f4dc-b9c9-4c9d-9f04-1760d5869241\intermediate\media
[2026-07-18 00:20:10,209] [INFO] [job_manager.py:160]: Progress updated to 60%: Document assets extracted successfully
[2026-07-18 00:20:10,229] [INFO] [pipeline_service.py:116]: Loading template default for job: 3fa4f4dc-b9c9-4c9d-9f04-1760d5869241
[2026-07-18 00:20:10,230] [INFO] [job_manager.py:136]: Job status updated to: LOADING_TEMPLATE
[2026-07-18 00:20:10,243] [INFO] [job_manager.py:160]: Progress updated to 70%: Loading template styles: default
[2026-07-18 00:20:10,256] [INFO] [pipeline_service.py:134]: Template loaded and workspace prepared at: G:\work\Journal2LaTeX\backend\temp\3fa4f4dc-b9c9-4c9d-9f04-1760d5869241\rendered
[2026-07-18 00:20:10,270] [INFO] [job_manager.py:160]: Progress updated to 80%: Template workspace initialized
[2026-07-18 00:20:10,270] [INFO] [pipeline_service.py:147]: Starting LaTeX rendering for job: 3fa4f4dc-b9c9-4c9d-9f04-1760d5869241
[2026-07-18 00:20:10,288] [INFO] [job_manager.py:136]: Job status updated to: RENDERING_LATEX
[2026-07-18 00:20:10,302] [INFO] [job_manager.py:160]: Progress updated to 85%: Rendering document content to LaTeX
[2026-07-18 00:20:10,318] [INFO] [latex_renderer.py:29]: Starting LaTeX rendering inside workspace: G:\work\Journal2LaTeX\backend\temp\3fa4f4dc-b9c9-4c9d-9f04-1760d5869241\rendered
[2026-07-18 00:20:10,324] [INFO] [latex_renderer.py:105]: LaTeX document main.tex rendered successfully.
[2026-07-18 00:20:10,338] [INFO] [job_manager.py:160]: Progress updated to 90%: LaTeX document rendering completed
[2026-07-18 00:20:10,338] [INFO] [pipeline_service.py:181]: Starting document compilation for job: 3fa4f4dc-b9c9-4c9d-9f04-1760d5869241
[2026-07-18 00:20:10,351] [INFO] [job_manager.py:136]: Job status updated to: COMPILING
[2026-07-18 00:20:10,368] [INFO] [job_manager.py:160]: Progress updated to 92%: Compiling LaTeX source to PDF
[2026-07-18 00:20:12,920] [INFO] [pipeline_service.py:203]: Compilation completed successfully.
[2026-07-18 00:20:12,939] [INFO] [job_manager.py:136]: Job status updated to: COMPLETED
[2026-07-18 00:20:12,958] [INFO] [job_manager.py:160]: Progress updated to 100%: Pipeline process completed successfully
