[2026-07-21 19:55:30,461] [INFO] [job_manager.py:136]: Job 98b5403d-6ae4-42aa-9780-3abec39d6eaf workspace created successfully
[2026-07-21 19:55:30,495] [INFO] [pipeline_service.py:45]: Starting validation for job: 98b5403d-6ae4-42aa-9780-3abec39d6eaf
[2026-07-21 19:55:30,515] [INFO] [job_manager.py:180]: Job status updated to: VALIDATING
[2026-07-21 19:55:30,530] [INFO] [job_manager.py:204]: Progress updated to 10%: Validating input Word Document
[2026-07-21 19:55:30,552] [INFO] [pipeline_service.py:60]: Validation successful.
[2026-07-21 19:55:30,566] [INFO] [job_manager.py:204]: Progress updated to 20%: Input document validated successfully
[2026-07-21 19:55:30,566] [INFO] [pipeline_service.py:67]: Starting document analysis for job: 98b5403d-6ae4-42aa-9780-3abec39d6eaf
[2026-07-21 19:55:30,580] [INFO] [job_manager.py:180]: Job status updated to: ANALYZING_DOCUMENT
[2026-07-21 19:55:30,594] [INFO] [job_manager.py:204]: Progress updated to 30%: Analyzing document structure and content blocks
[2026-07-21 19:55:30,594] [INFO] [document_analyzer.py:33]: Starting improved document analysis for: G:\work\Journal2LaTeX\backend\temp\98b5403d-6ae4-42aa-9780-3abec39d6eaf\input\The role.docx
[2026-07-21 19:55:31,429] [INFO] [document_analyzer.py:461]: Parsed document: title='The Role of Social Media in the Spread and Countering of Cyber-Extremism: An Islamic Jurisprudential and Educational Perspective', authors=19, sections=1, references=42
[2026-07-21 19:55:31,447] [INFO] [pipeline_service.py:95]: Document analysis completed. Saved structure to: G:\work\Journal2LaTeX\backend\temp\98b5403d-6ae4-42aa-9780-3abec39d6eaf\intermediate\document_structure.json, report to: G:\work\Journal2LaTeX\backend\temp\98b5403d-6ae4-42aa-9780-3abec39d6eaf\intermediate\conversion_report.json
[2026-07-21 19:55:31,463] [INFO] [job_manager.py:204]: Progress updated to 45%: Document structure extracted successfully
[2026-07-21 19:55:31,463] [INFO] [pipeline_service.py:108]: Starting asset extraction for job: 98b5403d-6ae4-42aa-9780-3abec39d6eaf
[2026-07-21 19:55:31,482] [INFO] [job_manager.py:180]: Job status updated to: EXTRACTING_ASSETS
[2026-07-21 19:55:31,496] [INFO] [job_manager.py:204]: Progress updated to 50%: Extracting images and figure assets from document
[2026-07-21 19:55:32,665] [INFO] [pipeline_service.py:141]: Assets extracted to: G:\work\Journal2LaTeX\backend\temp\98b5403d-6ae4-42aa-9780-3abec39d6eaf\intermediate\media
[2026-07-21 19:55:32,686] [INFO] [job_manager.py:204]: Progress updated to 60%: Document assets extracted successfully
[2026-07-21 19:55:32,686] [INFO] [pipeline_service.py:231]: Classifying extracted assets for job: 98b5403d-6ae4-42aa-9780-3abec39d6eaf
[2026-07-21 19:55:32,686] [INFO] [asset_analyzer.py:23]: Starting extended asset analysis for job: 98b5403d-6ae4-42aa-9780-3abec39d6eaf
[2026-07-21 19:55:32,690] [INFO] [asset_analyzer.py:153]: Extended asset classification completed. Assets classified: 7
[2026-07-21 19:55:32,709] [INFO] [job_manager.py:204]: Progress updated to 65%: Extracted assets analyzed and mapped successfully
[2026-07-21 19:55:32,794] [INFO] [pipeline_service.py:247]: Loading template 9c429c40-5458-45c9-9dcd-6e1bc1413e2a for job: 98b5403d-6ae4-42aa-9780-3abec39d6eaf
[2026-07-21 19:55:32,809] [INFO] [job_manager.py:180]: Job status updated to: LOADING_TEMPLATE
[2026-07-21 19:55:32,822] [INFO] [job_manager.py:204]: Progress updated to 70%: Loading template styles: 9c429c40-5458-45c9-9dcd-6e1bc1413e2a
[2026-07-21 19:55:32,904] [INFO] [pipeline_service.py:269]: Template loaded and workspace prepared at: G:\work\Journal2LaTeX\backend\temp\98b5403d-6ae4-42aa-9780-3abec39d6eaf\rendered
[2026-07-21 19:55:32,922] [INFO] [job_manager.py:204]: Progress updated to 80%: Template workspace initialized
[2026-07-21 19:55:32,924] [INFO] [pipeline_service.py:294]: Starting LaTeX rendering for job: 98b5403d-6ae4-42aa-9780-3abec39d6eaf
[2026-07-21 19:55:32,939] [INFO] [job_manager.py:180]: Job status updated to: RENDERING_LATEX
[2026-07-21 19:55:32,952] [INFO] [job_manager.py:204]: Progress updated to 85%: Rendering document content to LaTeX
[2026-07-21 19:55:32,969] [INFO] [latex_renderer.py:72]: Starting LaTeX rendering inside workspace: G:\work\Journal2LaTeX\backend\temp\98b5403d-6ae4-42aa-9780-3abec39d6eaf\rendered
[2026-07-21 19:55:33,084] [INFO] [latex_renderer.py:355]: LaTeX document main.tex rendered successfully.
[2026-07-21 19:55:33,365] [INFO] [job_manager.py:204]: Progress updated to 90%: LaTeX document rendering completed
[2026-07-21 19:55:33,366] [INFO] [pipeline_service.py:357]: Starting document compilation for job: 98b5403d-6ae4-42aa-9780-3abec39d6eaf
[2026-07-21 19:55:33,380] [INFO] [job_manager.py:180]: Job status updated to: COMPILING
[2026-07-21 19:55:33,394] [INFO] [job_manager.py:204]: Progress updated to 92%: Compiling LaTeX source to PDF
[2026-07-21 19:55:33,593] [ERROR] [pipeline_service.py:385]: LaTeX compilation failed: Template is missing required local resource(s); aborting before pdflatex. Ensure the template package ships these files:
  - documentclass -> NSP1
  - includegraphics -> nsplogo.jpg
[2026-07-21 19:55:33,609] [ERROR] [job_manager.py:228]: Job error added: LaTeX compilation failed: Template is missing required local resource(s); aborting before pdflatex. Ensure the template package ships these files:
  - documentclass -> NSP1
  - includegraphics -> nsplogo.jpg
