STDOUT:
Initial Win CP for (console input, console output, system): (CP437, CP65001, CP1252)
I changed them all to CP1252
Rc files read (in order):
  NONE
Latexmk: This is Latexmk, John Collins, 9 March 2026. Version 4.88.
No existing .aux file, so I'll make a simple one, and require run of *latex.
Force everything to be remade.
Latexmk: applying rule 'pdflatex'...
Rule 'pdflatex':  Reasons for rerun
Category 'other':
  Rerun of 'pdflatex' forced or previously required:
    Reason or flag: 'go_mode'

------------
Run number 1 of rule 'pdflatex'
------------
------------
Running 'pdflatex  -interaction=nonstopmode -file-line-error -recorder  "G:/work/Journal2LaTeX/backend/temp/e7f8b62f-058c-4745-bd7d-f5d0a3b96de5/rendered/main.tex"'
------------
This is pdfTeX, Version 3.141592653-2.6-1.40.29 (MiKTeX 26.5) (preloaded format=pdflatex.fmt)
 restricted \write18 enabled.
entering extended mode

(G:/work/Journal2LaTeX/backend/temp/e7f8b62f-058c-4745-bd7d-f5d0a3b96de5/render
ed/main.tex
LaTeX2e <2026-06-01>
L3 programming layer <2026-06-18>
(C:\Users\asus\AppData\Local\Programs\MiKTeX\tex/latex/xcolor\xcolor.sty
(C:\Users\asus\AppData\Local\Programs\MiKTeX\tex/latex/graphics-cfg\color.cfg)
(C:\Users\asus\AppData\Local\Programs\MiKTeX\tex/latex/graphics-def\pdftex.def)
 (C:\Users\asus\AppData\Local\Programs\MiKTeX\tex/latex/graphics\mathcolor.ltx)
) (C:\Users\asus\AppData\Local\Programs\MiKTeX\tex/latex/graphics\dvipsnam.def)
 (C:\Users\asus\AppData\Local\Programs\MiKTeX\tex/latex/xcolor\svgnam.def)
(C:\Users\asus\AppData\Local\Programs\MiKTeX\tex/latex/xcolor\x11nam.def)
(C:\Users\asus\AppData\Local\Programs\MiKTeX\tex/latex/colortbl\colortbl.sty
(C:\Users\asus\AppData\Local\Programs\MiKTeX\tex/latex/tools\array.sty)
new hooks used!!
) (NSP1.cls

LaTeX Warning: You have requested document class `NSP1',
               but the document class provides `NSP'.

Document Class: NSP 2012/01/01
(C:\Users\asus\AppData\Local\Programs\MiKTeX\tex/latex/base\fleqn.clo)
(C:\Users\asus\AppData\Local\Programs\MiKTeX\tex/latex/graphics\graphicx.sty
(C:\Users\asus\AppData\Local\Programs\MiKTeX\tex/latex/graphics\keyval.sty)
(C:\Users\asus\AppData\Local\Programs\MiKTeX\tex/latex/graphics\graphics.sty
(C:\Users\asus\AppData\Local\Programs\MiKTeX\tex/latex/graphics\trig.sty)
(C:\Users\asus\AppData\Local\Programs\MiKTeX\tex/latex/graphics-cfg\graphics.cf
g)))
(C:\Users\asus\AppData\Local\Programs\MiKTeX\tex/latex/lastpage\lastpage.sty
(C:\Users\asus\AppData\Local\Programs\MiKTeX\tex/latex/lastpage\lastpage2e.sty
(C:\Users\asus\AppData\Local\Programs\MiKTeX\tex/latex/lastpage\lastpagemodern.
sty) 
)) (C:\Users\asus\AppData\Local\Programs\MiKTeX\tex/latex/hyperref\hyperref.sty
(C:\Users\asus\AppData\Local\Programs\MiKTeX\tex/generic/iftex\iftex.sty)
(C:\Users\asus\AppData\Local\Programs\MiKTeX\tex/latex/kvsetkeys\kvsetkeys.sty)

(C:\Users\asus\AppData\Local\Programs\MiKTeX\tex/generic/kvdefinekeys\kvdefinek
eys.sty)
(C:\Users\asus\AppData\Local\Programs\MiKTeX\tex/generic/pdfescape\pdfescape.st
y (C:\Users\asus\AppData\Local\Programs\MiKTeX\tex/generic/ltxcmds\ltxcmds.sty)

(C:\Users\asus\AppData\Local\Programs\MiKTeX\tex/generic/pdftexcmds\pdftexcmds.
sty
(C:\Users\asus\AppData\Local\Programs\MiKTeX\tex/generic/infwarerr\infwarerr.st
y))) (C:\Users\asus\AppData\Local\Programs\MiKTeX\tex/latex/hycolor\hycolor.sty
) (C:\Users\asus\AppData\Local\Programs\MiKTeX\tex/latex/hyperref\nameref.sty
(C:\Users\asus\AppData\Local\Programs\MiKTeX\tex/latex/refcount\refcount.sty)
(C:\Users\asus\AppData\Local\Programs\MiKTeX\tex/generic/gettitlestring\gettitl
estring.sty
(C:\Users\asus\AppData\Local\Programs\MiKTeX\tex/latex/kvoptions\kvoptions.sty)
)) (C:\Users\asus\AppData\Local\Programs\MiKTeX\tex/latex/etoolbox\etoolbox.sty
)
(C:\Users\asus\AppData\Local\Programs\MiKTeX\tex/generic/stringenc\stringenc.st
y) (C:\Users\asus\AppData\Local\Programs\MiKTeX\tex/latex/hyperref\pd1enc.def)
(C:\Users\asus\AppData\Local\Programs\MiKTeX\tex/generic/intcalc\intcalc.sty)
(C:\Users\asus\AppData\Local\Programs\MiKTeX\tex/latex/hyperref\puenc.def)
(C:\Users\asus\AppData\Local\Programs\MiKTeX\tex/latex/url\url.sty)
(C:\Users\asus\AppData\Local\Programs\MiKTeX\tex/generic/bitset\bitset.sty
(C:\Users\asus\AppData\Local\Programs\MiKTeX\tex/generic/bigintcalc\bigintcalc.
sty))

Package hyperref Warning: Option `pdfpagelabels' is turned off
(hyperref)                because \thepage is undefined.

) (C:\Users\asus\AppData\Local\Programs\MiKTeX\tex/latex/hyperref\hpdftex.def
(C:\Users\asus\AppData\Local\Programs\MiKTeX\tex/latex/rerunfilecheck\rerunfile
check.sty
(C:\Users\asus\AppData\Local\Programs\MiKTeX\tex/generic/uniquecounter\uniqueco
unter.sty))))
(C:\Users\asus\AppData\Local\Programs\MiKTeX\tex/latex/floatflt\floatflt.sty)
(C:\Users\asus\AppData\Local\Programs\MiKTeX\tex/latex/psnfss\helvet.sty)
(C:\Users\asus\AppData\Local\Programs\MiKTeX\tex/latex/psnfss\times.sty)
(psfig.sty
psfig/tex 1.10-dvips
) (C:\Users\asus\AppData\Local\Programs\MiKTeX\tex/latex/psnfss\mathptmx.sty)
(C:\Users\asus\AppData\Local\Programs\MiKTeX\tex/latex/amsmath\amsmath.sty
For additional information on amsmath, use the `?' option.
(C:\Users\asus\AppData\Local\Programs\MiKTeX\tex/latex/amsmath\amstext.sty
(C:\Users\asus\AppData\Local\Programs\MiKTeX\tex/latex/amsmath\amsgen.sty))
(C:\Users\asus\AppData\Local\Programs\MiKTeX\tex/latex/amsmath\amsbsy.sty)
(C:\Users\asus\AppData\Local\Programs\MiKTeX\tex/latex/amsmath\amsopn.sty))
(C:\Users\asus\AppData\Local\Programs\MiKTeX\tex/latex/amsfonts\amssymb.sty
(C:\Users\asus\AppData\Local\Programs\MiKTeX\tex/latex/amsfonts\amsfonts.sty))
(C:\Users\asus\AppData\Local\Programs\MiKTeX\tex/latex/tools\bm.sty)
(C:\Users\asus\AppData\Local\Programs\MiKTeX\tex/latex/float\float.sty)
(C:\Users\asus\AppData\Local\Programs\MiKTeX\tex/latex/caption\caption.sty
(C:\Users\asus\AppData\Local\Programs\MiKTeX\tex/latex/caption\caption3.sty)

Package caption Warning: Unknown document class (or package),
(caption)                standard defaults will be used.
See the caption package documentation for explanation.

) (C:\Users\asus\AppData\Local\Programs\MiKTeX\tex/latex/sttools\cuted.sty)
(C:\Users\asus\AppData\Local\Programs\MiKTeX\tex/latex/newunicodechar\newunicod
echar.sty)
(C:\Users\asus\AppData\Local\Programs\MiKTeX\tex/latex/type1cm\type1cm.sty)
(C:\Users\asus\AppData\Local\Programs\MiKTeX\tex/latex/base\fix-cm.sty
(C:\Users\asus\AppData\Local\Programs\MiKTeX\tex/latex/base\ts1enc.def))
(C:\Users\asus\AppData\Local\Programs\MiKTeX\tex/latex/psnfss\ot1ptm.fd)
(C:\Users\asus\AppData\Local\Programs\MiKTeX\tex/latex/l3backend\l3backend-pdft
ex.def) (main.aux)
(C:\Users\asus\AppData\Local\Programs\MiKTeX\tex/context/base/mkii\supp-pdf.mki
i
[Loading MPS to PDF converter (version 2006.09.02).]
)
(C:\Users\asus\AppData\Local\Programs\MiKTeX\tex/latex/epstopdf-pkg\epstopdf-ba
se.sty
(C:\Users\asus\AppData\Local\Programs\MiKTeX\tex/latex/00miktex\epstopdf-sys.cf
g))
Overfull \hbox (12.0pt too wide) in paragraph at lines 192--192
[][] [] 
(C:\Users\asus\AppData\Local\Programs\MiKTeX\tex/latex/psnfss\ot1ztmcm.fd)
(C:\Users\asus\AppData\Local\Programs\MiKTeX\tex/latex/psnfss\omlztmcm.fd)
(C:\Users\asus\AppData\Local\Programs\MiKTeX\tex/latex/psnfss\omsztmcm.fd)
(C:\Users\asus\AppData\Local\Programs\MiKTeX\tex/latex/psnfss\omxztmcm.fd)

Package mathptmx Warning: There are no bold math fonts on input line 192.

(C:\Users\asus\AppData\Local\Programs\MiKTeX\tex/latex/psnfss\ot1phv.fd)

LaTeX Warning: Citation `ref1' on page 1 undefined on input line 225.


LaTeX Warning: Citation ` ref2' on page 1 undefined on input line 225.


LaTeX Warning: Citation ` ref3' on page 1 undefined on input line 225.


LaTeX Warning: Citation ` ref4' on page 1 undefined on input line 225.


LaTeX Warning: Citation ` ref5' on page 1 undefined on input line 225.


LaTeX Warning: Citation ` ref6' on page 1 undefined on input line 225.


LaTeX Warning: Citation ` ref7' on page 1 undefined on input line 225.


LaTeX Warning: Citation ` ref8' on page 1 undefined on input line 225.


LaTeX Warning: Citation ` ref9' on page 1 undefined on input line 225.


LaTeX Warning: Citation ` ref10' on page 1 undefined on input line 225.


LaTeX Warning: Reference `LastPage' on page 1 undefined on input line 226.

(C:\Users\asus\AppData\Local\Programs\MiKTeX\tex/latex/psnfss\ts1ptm.fd)
[1{C:/Users/asus/AppData/Local/MiKTeX/fonts/map/pdftex/pdftex.map}{C:/Users/asu
s/AppData/Local/Programs/MiKTeX/fonts/enc/dvips/base/8r.enc} <./logo7pt-eps-con
verted-to.pdf>]

LaTeX Warning: Citation `ref11' on page 2 undefined on input line 227.


LaTeX Warning: Citation ` ref12' on page 2 undefined on input line 227.


LaTeX Warning: Citation ` ref13' on page 2 undefined on input line 227.


LaTeX Warning: Citation ` ref14' on page 2 undefined on input line 227.


LaTeX Warning: Citation `ref8' on page 2 undefined on input line 227.


LaTeX Warning: Citation ` ref11' on page 2 undefined on input line 227.


LaTeX Warning: Citation `ref13' on page 2 undefined on input line 229.


LaTeX Warning: Citation ` ref23' on page 2 undefined on input line 229.


LaTeX Warning: Citation `ref15' on page 2 undefined on input line 231.


LaTeX Warning: Citation `ref16' on page 2 undefined on input line 231.


LaTeX Warning: Citation `ref17' on page 2 undefined on input line 231.


LaTeX Warning: Citation `ref19' on page 2 undefined on input line 233.


LaTeX Warning: Citation `ref18' on page 2 undefined on input line 233.


LaTeX Warning: Citation `ref20' on page 2 undefined on input line 233.


LaTeX Warning: Citation `ref21' on page 2 undefined on input line 233.


LaTeX Warning: Citation `ref20' on page 2 undefined on input line 235.


LaTeX Warning: Citation ` ref21' on page 2 undefined on input line 235.


LaTeX Warning: Citation ` ref22' on page 2 undefined on input line 235.


LaTeX Warning: Citation ` ref23' on page 2 undefined on input line 235.


LaTeX Warning: Citation ` ref24' on page 2 undefined on input line 235.


LaTeX Warning: Citation ` ref25' on page 2 undefined on input line 235.


LaTeX Warning: Citation `ref15' on page 2 undefined on input line 237.


LaTeX Warning: Citation ` ref16' on page 2 undefined on input line 237.


LaTeX Warning: Citation ` ref17' on page 2 undefined on input line 237.


LaTeX Warning: Citation ` ref18' on page 2 undefined on input line 237.


LaTeX Warning: Citation ` ref19' on page 2 undefined on input line 237.


LaTeX Warning: Citation ` ref20' on page 2 undefined on input line 237.


Overfull \hbox (149.4605pt too wide) has occurred while \output is active
[] [] \OT1/ptm/m/n/9 Corresponding Author: Optimal control strategies for overw
helming social media scrolling addiction by using fractional order mathematical
 modelling
[2]

LaTeX Warning: Citation `ref10' on page 3 undefined on input line 257.

G:/work/Journal2LaTeX/backend/temp/e7f8b62f-058c-4745-bd7d-f5d0a3b96de5/rendere
d/main.tex:260: Missing $ inserted.
<inserted text> 
                $
l.260 
      

Overfull \hbox (18.82626pt too wide) in paragraph at lines 259--260
\OML/ztmcm/m/it/10.50003 Individualsthataresusceptibletoscrollingaddiction; fre
quentlyasaresultoftheirsocialmediapresenceorpeerinfluence:$ 

G:/work/Journal2LaTeX/backend/temp/e7f8b62f-058c-4745-bd7d-f5d0a3b96de5/rendere
d/main.tex:290: LaTeX Error: Unicode character ξ (U+03BE)
               not set up for use with LaTeX.

See the LaTeX manual or LaTeX Companion for explanation.
Type  H <return>  for immediate help.
 ...                                              
                                                  
l.290 ξ
         – Natural exit rate.

LaTeX Warning: Reference `LastPage' on page 3 undefined on input line 294.

[3 <./media/image1.png>]
(C:\Users\asus\AppData\Local\Programs\MiKTeX\tex/latex/psnfss\omlptm.fd)
G:/work/Journal2LaTeX/backend/temp/e7f8b62f-058c-4745-bd7d-f5d0a3b96de5/rendere
d/main.tex:343: Missing $ inserted.
<inserted text> 
                $
l.343 
      

Overfull \hbox (149.4605pt too wide) has occurred while \output is active
[] [] \OT1/ptm/m/n/9 Corresponding Author: Optimal control strategies for overw
helming social media scrolling addiction by using fractional order mathematical
 modelling
[4]

G:/work/Journal2LaTeX/backend/temp/e7f8b62f-058c-4745-bd7d-f5d0a3b96de5/rendere
d/main.tex:356: LaTeX Error: Bad math environment delimiter.

See the LaTeX manual or LaTeX Companion for explanation.
Type  H <return>  for immediate help.
 ...                                              
                                                  
l.356 ...he jacobian matrices for \(v(y)\\) and \(
                                                  w(y)\) are given as
G:/work/Journal2LaTeX/backend/temp/e7f8b62f-058c-4745-bd7d-f5d0a3b96de5/rendere
d/main.tex:367: Missing $ inserted.
<inserted text> 
                $
l.367 
      
G:/work/Journal2LaTeX/backend/temp/e7f8b62f-058c-4745-bd7d-f5d0a3b96de5/rendere
d/main.tex:377: Missing $ inserted.
<inserted text> 
                $
l.377 
      

LaTeX Warning: Reference `LastPage' on page 5 undefined on input line 406.

[5]
G:/work/Journal2LaTeX/backend/temp/e7f8b62f-058c-4745-bd7d-f5d0a3b96de5/rendere
d/main.tex:433: Missing $ inserted.
<inserted text> 
                $
l.433 
      

Overfull \hbox (30.87828pt too wide) in paragraph at lines 434--435
[]$

Overfull \hbox (149.4605pt too wide) has occurred while \output is active
[] [] \OT1/ptm/m/n/9 Corresponding Author: Optimal control strategies for overw
helming social media scrolling addiction by using fractional order mathematical
 modelling
[6]
Overfull \hbox (515.24577pt too wide) detected at line 496
\OML/ztmcm/m/it/10.50003 V[] \OT1/ztmcm/m/n/10.50003 = \OML/ztmcm/m/it/10.50003
 x[] [] [] \OT1/ztmcm/m/n/10.50003 + \OML/ztmcm/m/it/10.50003 x[] [] [] \OT1/zt
mcm/m/n/10.50003 + \OML/ztmcm/m/it/10.50003 x[] [] [] \OT1/ztmcm/m/n/10.50003 +
 \OML/ztmcm/m/it/10.50003 x[] [] \OT1/ztmcm/m/n/10.50003 + \OML/ztmcm/m/it/10.5
0003 x[] [] \OT1/ztmcm/m/n/10.50003 (\OML/ztmcm/m/it/10.50003 ^^NT \OMS/ztmcm/m
/n/10.50003 ^^@ \OML/ztmcm/m/it/10.50003 ^^X R \OMS/ztmcm/m/n/10.50003 ^^@ \OML
/ztmcm/m/it/10.50003 ^^ZR\OT1/ztmcm/m/n/10.50003 ) + \OML/ztmcm/m/it/10.50003 x
[] [] \OT1/ztmcm/m/n/10.50003 (\OML/ztmcm/m/it/10.50003 ^^ZR \OMS/ztmcm/m/n/10.
50003 ^^@ \OML/ztmcm/m/it/10.50003 ^^X L \OMS/ztmcm/m/n/10.50003 ^^@ \OML/ztmcm
/m/it/10.50003 ^^[ L \OMS/ztmcm/m/n/10.50003 ^^@ \OML/ztmcm/m/it/10.50003 ^^\ E
\OT1/ztmcm/m/n/10.50003 )\OML/ztmcm/m/it/10.50003 :

Overfull \hbox (464.55867pt too wide) detected at line 500
\OML/ztmcm/m/it/10.50003 V[] \OT1/ztmcm/m/n/10.50003 = \OML/ztmcm/m/it/10.50003
 x[] [] [] \OT1/ztmcm/m/n/10.50003 + \OML/ztmcm/m/it/10.50003 x[] [] [] \OT1/zt
mcm/m/n/10.50003 + \OML/ztmcm/m/it/10.50003 x[] [] [] \OT1/ztmcm/m/n/10.50003 +
 \OML/ztmcm/m/it/10.50003 x[] [] \OT1/ztmcm/m/n/10.50003 + \OML/ztmcm/m/it/10.5
0003 x[] [] \OT1/ztmcm/m/n/10.50003 (\OML/ztmcm/m/it/10.50003 ^^NT \OMS/ztmcm/m
/n/10.50003 ^^@ \OML/ztmcm/m/it/10.50003 ^^X R \OMS/ztmcm/m/n/10.50003 ^^@ \OML
/ztmcm/m/it/10.50003 ^^ZR\OT1/ztmcm/m/n/10.50003 ) + \OML/ztmcm/m/it/10.50003 x
[] [] \OT1/ztmcm/m/n/10.50003 (\OML/ztmcm/m/it/10.50003 ^^ZR \OMS/ztmcm/m/n/10.
50003 ^^@ \OML/ztmcm/m/it/10.50003 ^^X L \OMS/ztmcm/m/n/10.50003 ^^@ \OML/ztmcm
/m/it/10.50003 ^^[ L \OMS/ztmcm/m/n/10.50003 ^^@ \OML/ztmcm/m/it/10.50003 ^^\ E
\OT1/ztmcm/m/n/10.50003 )

Overfull \hbox (464.55867pt too wide) detected at line 504
\OML/ztmcm/m/it/10.50003 V[] \OT1/ztmcm/m/n/10.50003 = \OML/ztmcm/m/it/10.50003
 x[] [] [] \OT1/ztmcm/m/n/10.50003 + \OML/ztmcm/m/it/10.50003 x[] [] [] \OT1/zt
mcm/m/n/10.50003 + \OML/ztmcm/m/it/10.50003 x[] [] [] \OT1/ztmcm/m/n/10.50003 +
 \OML/ztmcm/m/it/10.50003 x[] [] \OT1/ztmcm/m/n/10.50003 + \OML/ztmcm/m/it/10.5
0003 x[] [] \OT1/ztmcm/m/n/10.50003 (\OML/ztmcm/m/it/10.50003 ^^NT \OMS/ztmcm/m
/n/10.50003 ^^@ \OML/ztmcm/m/it/10.50003 ^^X R \OMS/ztmcm/m/n/10.50003 ^^@ \OML
/ztmcm/m/it/10.50003 ^^ZR\OT1/ztmcm/m/n/10.50003 ) + \OML/ztmcm/m/it/10.50003 x
[] [] \OT1/ztmcm/m/n/10.50003 (\OML/ztmcm/m/it/10.50003 ^^ZR \OMS/ztmcm/m/n/10.
50003 ^^@ \OML/ztmcm/m/it/10.50003 ^^X L \OMS/ztmcm/m/n/10.50003 ^^@ \OML/ztmcm
/m/it/10.50003 ^^[ L \OMS/ztmcm/m/n/10.50003 ^^@ \OML/ztmcm/m/it/10.50003 ^^\ E
\OT1/ztmcm/m/n/10.50003 )

LaTeX Warning: Reference `LastPage' on page 7 undefined on input line 522.

[7 <./media/office_obj_1.png (PNG copy)>]
G:/work/Journal2LaTeX/backend/temp/e7f8b62f-058c-4745-bd7d-f5d0a3b96de5/rendere
d/main.tex:545: Missing $ inserted.
<inserted text> 
                $
l.545 
      
G:/work/Journal2LaTeX/backend/temp/e7f8b62f-058c-4745-bd7d-f5d0a3b96de5/rendere
d/main.tex:557: Missing $ inserted.
<inserted text> 
                $
l.557 
      
G:/work/Journal2LaTeX/backend/temp/e7f8b62f-058c-4745-bd7d-f5d0a3b96de5/rendere
d/main.tex:565: Missing $ inserted.
<inserted text> 
                $
l.565 
      

Overfull \hbox (149.4605pt too wide) has occurred while \output is active
[] [] \OT1/ptm/m/n/9 Corresponding Author: Optimal control strategies for overw
helming social media scrolling addiction by using fractional order mathematical
 modelling
[8 <./media/office_obj_3.png (PNG copy)>]
G:/work/Journal2LaTeX/backend/temp/e7f8b62f-058c-4745-bd7d-f5d0a3b96de5/rendere
d/main.tex:601: Missing $ inserted.
<inserted text> 
                $
l.601 
      

G:/work/Journal2LaTeX/backend/temp/e7f8b62f-058c-4745-bd7d-f5d0a3b96de5/rendere
d/main.tex:608: LaTeX Error: Bad math environment delimiter.

See the LaTeX manual or LaTeX Companion for explanation.
Type  H <return>  for immediate help.
 ...                                              
                                                  
l.608 \(\\) \(
              {cD}_{0 +}^{\alpha}\Phi_{6} = \frac{- \partial H}{\ \ \partial...

Runaway argument?
{Parameters 
G:/work/Journal2LaTeX/backend/temp/e7f8b62f-058c-4745-bd7d-f5d0a3b96de5/rendere
d/main.tex:656: Paragraph ended before \text@command was complete.
<to be read again> 
                   \par 
l.656 σ}
          & \textbf{Values/ day

G:/work/Journal2LaTeX/backend/temp/e7f8b62f-058c-4745-bd7d-f5d0a3b96de5/rendere
d/main.tex:656: LaTeX Error: Unicode character ξ (U+03BE)
               not set up for use with LaTeX.

See the LaTeX manual or LaTeX Companion for explanation.
Type  H <return>  for immediate help.
 ...                                              
                                                  
l.656 σ}
          & \textbf{Values/ day
G:/work/Journal2LaTeX/backend/temp/e7f8b62f-058c-4745-bd7d-f5d0a3b96de5/rendere
d/main.tex:656: Missing \endgroup inserted.
<inserted text> 
                \endgroup 
l.656 σ}
          & \textbf{Values/ day
G:/work/Journal2LaTeX/backend/temp/e7f8b62f-058c-4745-bd7d-f5d0a3b96de5/rendere
d/main.tex:656: Missing \endgroup inserted.
<inserted text> 
                \endgroup 
l.656 σ}
          & \textbf{Values/ day
G:/work/Journal2LaTeX/backend/temp/e7f8b62f-058c-4745-bd7d-f5d0a3b96de5/rendere
d/main.tex:656: Missing } inserted.
<inserted text> 
                }
l.656 σ}
          & \textbf{Values/ day
G:/work/Journal2LaTeX/backend/temp/e7f8b62f-058c-4745-bd7d-f5d0a3b96de5/rendere
d/main.tex:656: Missing } inserted.
<inserted text> 
                }
l.656 σ}
          & \textbf{Values/ day
G:/work/Journal2LaTeX/backend/temp/e7f8b62f-058c-4745-bd7d-f5d0a3b96de5/rendere
d/main.tex:656: Missing } inserted.
<inserted text> 
                }
l.656 σ}
          & \textbf{Values/ day
G:/work/Journal2LaTeX/backend/temp/e7f8b62f-058c-4745-bd7d-f5d0a3b96de5/rendere
d/main.tex:656: Missing } inserted.
<inserted text> 
                }
l.656 σ}
          & \textbf{Values/ day
G:/work/Journal2LaTeX/backend/temp/e7f8b62f-058c-4745-bd7d-f5d0a3b96de5/rendere
d/main.tex:656: Missing \cr inserted.
<inserted text> 
                \cr 
l.656 σ}
          & \textbf{Values/ day
G:/work/Journal2LaTeX/backend/temp/e7f8b62f-058c-4745-bd7d-f5d0a3b96de5/rendere
d/main.tex:656: Misplaced \cr.
<inserted text> \cr 
                    
l.656 σ}
          & \textbf{Values/ day
G:/work/Journal2LaTeX/backend/temp/e7f8b62f-058c-4745-bd7d-f5d0a3b96de5/rendere
d/main.tex:656: Missing \cr inserted.
<inserted text> 
                \cr 
l.656 σ}
          & \textbf{Values/ day
G:/work/Journal2LaTeX/backend/temp/e7f8b62f-058c-4745-bd7d-f5d0a3b96de5/rendere
d/main.tex:656: Misplaced \cr.
<inserted text> \cr 
                    
l.656 σ}
          & \textbf{Values/ day
G:/work/Journal2LaTeX/backend/temp/e7f8b62f-058c-4745-bd7d-f5d0a3b96de5/rendere
d/main.tex:656: Missing \cr inserted.
<inserted text> 
                \cr 
l.656 σ}
          & \textbf{Values/ day
G:/work/Journal2LaTeX/backend/temp/e7f8b62f-058c-4745-bd7d-f5d0a3b96de5/rendere
d/main.tex:656: Misplaced \cr.
<inserted text> \cr 
                    
l.656 σ}
          & \textbf{Values/ day
G:/work/Journal2LaTeX/backend/temp/e7f8b62f-058c-4745-bd7d-f5d0a3b96de5/rendere
d/main.tex:656: Missing \cr inserted.
<inserted text> 
                \cr 
l.656 σ}
          & \textbf{Values/ day
G:/work/Journal2LaTeX/backend/temp/e7f8b62f-058c-4745-bd7d-f5d0a3b96de5/rendere
d/main.tex:656: Misplaced \cr.
<inserted text> \cr 
                    
l.656 σ}
          & \textbf{Values/ day
G:/work/Journal2LaTeX/backend/temp/e7f8b62f-058c-4745-bd7d-f5d0a3b96de5/rendere
d/main.tex:656: Missing \cr inserted.
<inserted text> 
                \cr 
l.656 σ}
          & \textbf{Values/ day
G:/work/Journal2LaTeX/backend/temp/e7f8b62f-058c-4745-bd7d-f5d0a3b96de5/rendere
d/main.tex:656: Misplaced \cr.
<inserted text> \cr 
                    
l.656 σ}
          & \textbf{Values/ day
G:/work/Journal2LaTeX/backend/temp/e7f8b62f-058c-4745-bd7d-f5d0a3b96de5/rendere
d/main.tex:656: Missing \cr inserted.
<inserted text> 
                \cr 
l.656 σ}
          & \textbf{Values/ day
G:/work/Journal2LaTeX/backend/temp/e7f8b62f-058c-4745-bd7d-f5d0a3b96de5/rendere
d/main.tex:656: Misplaced \cr.
<inserted text> \cr 
                    
l.656 σ}
          & \textbf{Values/ day
G:/work/Journal2LaTeX/backend/temp/e7f8b62f-058c-4745-bd7d-f5d0a3b96de5/rendere
d/main.tex:656: Missing \cr inserted.
<inserted text> 
                \cr 
l.656 σ}
          & \textbf{Values/ day
G:/work/Journal2LaTeX/backend/temp/e7f8b62f-058c-4745-bd7d-f5d0a3b96de5/rendere
d/main.tex:656: Misplaced \cr.
<inserted text> \cr 
                    
l.656 σ}
          & \textbf{Values/ day
G:/work/Journal2LaTeX/backend/temp/e7f8b62f-058c-4745-bd7d-f5d0a3b96de5/rendere
d/main.tex:656: Missing \cr inserted.
<inserted text> 
                \cr 
l.656 σ}
          & \textbf{Values/ day
G:/work/Journal2LaTeX/backend/temp/e7f8b62f-058c-4745-bd7d-f5d0a3b96de5/rendere
d/main.tex:656: Misplaced \cr.
<inserted text> \cr 
                    
l.656 σ}
          & \textbf{Values/ day
G:/work/Journal2LaTeX/backend/temp/e7f8b62f-058c-4745-bd7d-f5d0a3b96de5/rendere
d/main.tex:656: Missing \cr inserted.
<inserted text> 
                \cr 
l.656 σ}
          & \textbf{Values/ day
G:/work/Journal2LaTeX/backend/temp/e7f8b62f-058c-4745-bd7d-f5d0a3b96de5/rendere
d/main.tex:656: Misplaced \cr.
<inserted text> \cr 
                    
l.656 σ}
          & \textbf{Values/ day
G:/work/Journal2LaTeX/backend/temp/e7f8b62f-058c-4745-bd7d-f5d0a3b96de5/rendere
d/main.tex:656: Missing \cr inserted.
<inserted text> 
                \cr 
l.656 σ}
          & \textbf{Values/ day
G:/work/Journal2LaTeX/backend/temp/e7f8b62f-058c-4745-bd7d-f5d0a3b96de5/rendere
d/main.tex:656: Misplaced \cr.
<inserted text> \cr 
                    
l.656 σ}
          & \textbf{Values/ day
G:/work/Journal2LaTeX/backend/temp/e7f8b62f-058c-4745-bd7d-f5d0a3b96de5/rendere
d/main.tex:656: Missing \cr inserted.
<inserted text> 
                \cr 
l.656 σ}
          & \textbf{Values/ day
G:/work/Journal2LaTeX/backend/temp/e7f8b62f-058c-4745-bd7d-f5d0a3b96de5/rendere
d/main.tex:656: Misplaced \cr.
<inserted text> \cr 
                    
l.656 σ}
          & \textbf{Values/ day
G:/work/Journal2LaTeX/backend/temp/e7f8b62f-058c-4745-bd7d-f5d0a3b96de5/rendere
d/main.tex:656: Missing \cr inserted.
<inserted text> 
                \cr 
l.656 σ}
          & \textbf{Values/ day
G:/work/Journal2LaTeX/backend/temp/e7f8b62f-058c-4745-bd7d-f5d0a3b96de5/rendere
d/main.tex:656: Misplaced \cr.
<inserted text> \cr 
                    
l.656 σ}
          & \textbf{Values/ day
G:/work/Journal2LaTeX/backend/temp/e7f8b62f-058c-4745-bd7d-f5d0a3b96de5/rendere
d/main.tex:656: Missing \cr inserted.
<inserted text> 
                \cr 
l.656 σ}
          & \textbf{Values/ day
G:/work/Journal2LaTeX/backend/temp/e7f8b62f-058c-4745-bd7d-f5d0a3b96de5/rendere
d/main.tex:656: Misplaced \cr.
<inserted text> \cr 
                    
l.656 σ}
          & \textbf{Values/ day
G:/work/Journal2LaTeX/backend/temp/e7f8b62f-058c-4745-bd7d-f5d0a3b96de5/rendere
d/main.tex:656: Missing \cr inserted.
<inserted text> 
                \cr 
l.656 σ}
          & \textbf{Values/ day
G:/work/Journal2LaTeX/backend/temp/e7f8b62f-058c-4745-bd7d-f5d0a3b96de5/rendere
d/main.tex:656: Misplaced \cr.
<inserted text> \cr 
                    
l.656 σ}
          & \textbf{Values/ day
G:/work/Journal2LaTeX/backend/temp/e7f8b62f-058c-4745-bd7d-f5d0a3b96de5/rendere
d/main.tex:656: Missing \cr inserted.
<inserted text> 
                \cr 
l.656 σ}
          & \textbf{Values/ day
G:/work/Journal2LaTeX/backend/temp/e7f8b62f-058c-4745-bd7d-f5d0a3b96de5/rendere
d/main.tex:656: Misplaced \cr.
<inserted text> \cr 
                    
l.656 σ}
          & \textbf{Values/ day
G:/work/Journal2LaTeX/backend/temp/e7f8b62f-058c-4745-bd7d-f5d0a3b96de5/rendere
d/main.tex:656: Missing \cr inserted.
<inserted text> 
                \cr 
l.656 σ}
          & \textbf{Values/ day
G:/work/Journal2LaTeX/backend/temp/e7f8b62f-058c-4745-bd7d-f5d0a3b96de5/rendere
d/main.tex:656: Misplaced \cr.
<inserted text> \cr 
                    
l.656 σ}
          & \textbf{Values/ day
G:/work/Journal2LaTeX/backend/temp/e7f8b62f-058c-4745-bd7d-f5d0a3b96de5/rendere
d/main.tex:656: Missing \cr inserted.
<inserted text> 
                \cr 
l.656 σ}
          & \textbf{Values/ day
G:/work/Journal2LaTeX/backend/temp/e7f8b62f-058c-4745-bd7d-f5d0a3b96de5/rendere
d/main.tex:656: Misplaced \cr.
<inserted text> \cr 
                    
l.656 σ}
          & \textbf{Values/ day
G:/work/Journal2LaTeX/backend/temp/e7f8b62f-058c-4745-bd7d-f5d0a3b96de5/rendere
d/main.tex:656: Missing \cr inserted.
<inserted text> 
                \cr 
l.656 σ}
          & \textbf{Values/ day
G:/work/Journal2LaTeX/backend/temp/e7f8b62f-058c-4745-bd7d-f5d0a3b96de5/rendere
d/main.tex:656: Misplaced \cr.
<inserted text> \cr 
                    
l.656 σ}
          & \textbf{Values/ day
G:/work/Journal2LaTeX/backend/temp/e7f8b62f-058c-4745-bd7d-f5d0a3b96de5/rendere
d/main.tex:656: Missing \cr inserted.
<inserted text> 
                \cr 
l.656 σ}
          & \textbf{Values/ day
G:/work/Journal2LaTeX/backend/temp/e7f8b62f-058c-4745-bd7d-f5d0a3b96de5/rendere
d/main.tex:656: Misplaced \cr.
<inserted text> \cr 
                    
l.656 σ}
          & \textbf{Values/ day
G:/work/Journal2LaTeX/backend/temp/e7f8b62f-058c-4745-bd7d-f5d0a3b96de5/rendere
d/main.tex:656: Missing \cr inserted.
<inserted text> 
                \cr 
l.656 σ}
          & \textbf{Values/ day
G:/work/Journal2LaTeX/backend/temp/e7f8b62f-058c-4745-bd7d-f5d0a3b96de5/rendere
d/main.tex:656: Misplaced \cr.
<inserted text> \cr 
                    
l.656 σ}
          & \textbf{Values/ day
G:/work/Journal2LaTeX/backend/temp/e7f8b62f-058c-4745-bd7d-f5d0a3b96de5/rendere
d/main.tex:656: Missing \cr inserted.
<inserted text> 
                \cr 
l.656 σ}
          & \textbf{Values/ day
G:/work/Journal2LaTeX/backend/temp/e7f8b62f-058c-4745-bd7d-f5d0a3b96de5/rendere
d/main.tex:656: Misplaced \cr.
<inserted text> \cr 
                    
l.656 σ}
          & \textbf{Values/ day
G:/work/Journal2LaTeX/backend/temp/e7f8b62f-058c-4745-bd7d-f5d0a3b96de5/rendere
d/main.tex:656: Missing \cr inserted.
<inserted text> 
                \cr 
l.656 σ}
          & \textbf{Values/ day
G:/work/Journal2LaTeX/backend/temp/e7f8b62f-058c-4745-bd7d-f5d0a3b96de5/rendere
d/main.tex:656: Misplaced \cr.
<inserted text> \cr 
                    
l.656 σ}
          & \textbf{Values/ day
G:/work/Journal2LaTeX/backend/temp/e7f8b62f-058c-4745-bd7d-f5d0a3b96de5/rendere
d/main.tex:656: Missing \cr inserted.
<inserted text> 
                \cr 
l.656 σ}
          & \textbf{Values/ day
G:/work/Journal2LaTeX/backend/temp/e7f8b62f-058c-4745-bd7d-f5d0a3b96de5/rendere
d/main.tex:656: Misplaced \cr.
<inserted text> \cr 
                    
l.656 σ}
          & \textbf{Values/ day
G:/work/Journal2LaTeX/backend/temp/e7f8b62f-058c-4745-bd7d-f5d0a3b96de5/rendere
d/main.tex:656: Missing \cr inserted.
<inserted text> 
                \cr 
l.656 σ}
          & \textbf{Values/ day
G:/work/Journal2LaTeX/backend/temp/e7f8b62f-058c-4745-bd7d-f5d0a3b96de5/rendere
d/main.tex:656: Misplaced \cr.
<inserted text> \cr 
                    
l.656 σ}
          & \textbf{Values/ day
G:/work/Journal2LaTeX/backend/temp/e7f8b62f-058c-4745-bd7d-f5d0a3b96de5/rendere
d/main.tex:656: Missing \cr inserted.
<inserted text> 
                \cr 
l.656 σ}
          & \textbf{Values/ day
G:/work/Journal2LaTeX/backend/temp/e7f8b62f-058c-4745-bd7d-f5d0a3b96de5/rendere
d/main.tex:656: Misplaced \cr.
<inserted text> \cr 
                    
l.656 σ}
          & \textbf{Values/ day
G:/work/Journal2LaTeX/backend/temp/e7f8b62f-058c-4745-bd7d-f5d0a3b96de5/rendere
d/main.tex:656: Missing \cr inserted.
<inserted text> 
                \cr 
l.656 σ}
          & \textbf{Values/ day
G:/work/Journal2LaTeX/backend/temp/e7f8b62f-058c-4745-bd7d-f5d0a3b96de5/rendere
d/main.tex:656: Misplaced \cr.
<inserted text> \cr 
                    
l.656 σ}
          & \textbf{Values/ day
G:/work/Journal2LaTeX/backend/temp/e7f8b62f-058c-4745-bd7d-f5d0a3b96de5/rendere
d/main.tex:656: Missing \cr inserted.
<inserted text> 
                \cr 
l.656 σ}
          & \textbf{Values/ day
G:/work/Journal2LaTeX/backend/temp/e7f8b62f-058c-4745-bd7d-f5d0a3b96de5/rendere
d/main.tex:656: Misplaced \cr.
<inserted text> \cr 
                    
l.656 σ}
          & \textbf{Values/ day
G:/work/Journal2LaTeX/backend/temp/e7f8b62f-058c-4745-bd7d-f5d0a3b96de5/rendere
d/main.tex:656: Missing \cr inserted.
<inserted text> 
                \cr 
l.656 σ}
          & \textbf{Values/ day
G:/work/Journal2LaTeX/backend/temp/e7f8b62f-058c-4745-bd7d-f5d0a3b96de5/rendere
d/main.tex:656: Misplaced \cr.
<inserted text> \cr 
                    
l.656 σ}
          & \textbf{Values/ day
G:/work/Journal2LaTeX/backend/temp/e7f8b62f-058c-4745-bd7d-f5d0a3b96de5/rendere
d/main.tex:656: Missing \cr inserted.
<inserted text> 
                \cr 
l.656 σ}
          & \textbf{Values/ day
G:/work/Journal2LaTeX/backend/temp/e7f8b62f-058c-4745-bd7d-f5d0a3b96de5/rendere
d/main.tex:656: Misplaced \cr.
<inserted text> \cr 
                    
l.656 σ}
          & \textbf{Values/ day
G:/work/Journal2LaTeX/backend/temp/e7f8b62f-058c-4745-bd7d-f5d0a3b96de5/rendere
d/main.tex:656: Missing \cr inserted.
<inserted text> 
                \cr 
l.656 σ}
          & \textbf{Values/ day
G:/work/Journal2LaTeX/backend/temp/e7f8b62f-058c-4745-bd7d-f5d0a3b96de5/rendere
d/main.tex:656: Misplaced \cr.
<inserted text> \cr 
                    
l.656 σ}
          & \textbf{Values/ day
G:/work/Journal2LaTeX/backend/temp/e7f8b62f-058c-4745-bd7d-f5d0a3b96de5/rendere
d/main.tex:656: Missing \cr inserted.
<inserted text> 
                \cr 
l.656 σ}
          & \textbf{Values/ day
G:/work/Journal2LaTeX/backend/temp/e7f8b62f-058c-4745-bd7d-f5d0a3b96de5/rendere
d/main.tex:656: Misplaced \cr.
<inserted text> \cr 
                    
l.656 σ}
          & \textbf{Values/ day
G:/work/Journal2LaTeX/backend/temp/e7f8b62f-058c-4745-bd7d-f5d0a3b96de5/rendere
d/main.tex:656: Missing \cr inserted.
<inserted text> 
                \cr 
l.656 σ}
          & \textbf{Values/ day
G:/work/Journal2LaTeX/backend/temp/e7f8b62f-058c-4745-bd7d-f5d0a3b96de5/rendere
d/main.tex:656: Misplaced \cr.
<inserted text> \cr 
                    
l.656 σ}
          & \textbf{Values/ day
G:/work/Journal2LaTeX/backend/temp/e7f8b62f-058c-4745-bd7d-f5d0a3b96de5/rendere
d/main.tex:656: Missing \cr inserted.
<inserted text> 
                \cr 
l.656 σ}
          & \textbf{Values/ day
G:/work/Journal2LaTeX/backend/temp/e7f8b62f-058c-4745-bd7d-f5d0a3b96de5/rendere
d/main.tex:656: Misplaced \cr.
<inserted text> \cr 
                    
l.656 σ}
          & \textbf{Values/ day
G:/work/Journal2LaTeX/backend/temp/e7f8b62f-058c-4745-bd7d-f5d0a3b96de5/rendere
d/main.tex:656: Missing \cr inserted.
<inserted text> 
                \cr 
l.656 σ}
          & \textbf{Values/ day
G:/work/Journal2LaTeX/backend/temp/e7f8b62f-058c-4745-bd7d-f5d0a3b96de5/rendere
d/main.tex:656: Misplaced \cr.
<inserted text> \cr 
                    
l.656 σ}
          & \textbf{Values/ day
G:/work/Journal2LaTeX/backend/temp/e7f8b62f-058c-4745-bd7d-f5d0a3b96de5/rendere
d/main.tex:656: Missing \cr inserted.
<inserted text> 
                \cr 
l.656 σ}
          & \textbf{Values/ day
G:/work/Journal2LaTeX/backend/temp/e7f8b62f-058c-4745-bd7d-f5d0a3b96de5/rendere
d/main.tex:656: Misplaced \cr.
<inserted text> \cr 
                    
l.656 σ}
          & \textbf{Values/ day
G:/work/Journal2LaTeX/backend/temp/e7f8b62f-058c-4745-bd7d-f5d0a3b96de5/rendere
d/main.tex:656: Missing \cr inserted.
<inserted text> 
                \cr 
l.656 σ}
          & \textbf{Values/ day
G:/work/Journal2LaTeX/backend/temp/e7f8b62f-058c-4745-bd7d-f5d0a3b96de5/rendere
d/main.tex:656: Misplaced \cr.
<inserted text> \cr 
                    
l.656 σ}
          & \textbf{Values/ day
G:/work/Journal2LaTeX/backend/temp/e7f8b62f-058c-4745-bd7d-f5d0a3b96de5/rendere
d/main.tex:656: Missing \cr inserted.
<inserted text> 
                \cr 
l.656 σ}
          & \textbf{Values/ day
G:/work/Journal2LaTeX/backend/temp/e7f8b62f-058c-4745-bd7d-f5d0a3b96de5/rendere
d/main.tex:656: Misplaced \cr.
<inserted text> \cr 
                    
l.656 σ}
          & \textbf{Values/ day
G:/work/Journal2LaTeX/backend/temp/e7f8b62f-058c-4745-bd7d-f5d0a3b96de5/rendere
d/main.tex:656: Missing \cr inserted.
<inserted text> 
                \cr 
l.656 σ}
          & \textbf{Values/ day
G:/work/Journal2LaTeX/backend/temp/e7f8b62f-058c-4745-bd7d-f5d0a3b96de5/rendere
d/main.tex:656: Misplaced \cr.
<inserted text> \cr 
                    
l.656 σ}
          & \textbf{Values/ day
G:/work/Journal2LaTeX/backend/temp/e7f8b62f-058c-4745-bd7d-f5d0a3b96de5/rendere
d/main.tex:656: Missing \cr inserted.
<inserted text> 
                \cr 
l.656 σ}
          & \textbf{Values/ day
G:/work/Journal2LaTeX/backend/temp/e7f8b62f-058c-4745-bd7d-f5d0a3b96de5/rendere
d/main.tex:656: Misplaced \cr.
<inserted text> \cr 
                    
l.656 σ}
          & \textbf{Values/ day
G:/work/Journal2LaTeX/backend/temp/e7f8b62f-058c-4745-bd7d-f5d0a3b96de5/rendere
d/main.tex:656: Missing \cr inserted.
<inserted text> 
                \cr 
l.656 σ}
          & \textbf{Values/ day
G:/work/Journal2LaTeX/backend/temp/e7f8b62f-058c-4745-bd7d-f5d0a3b96de5/rendere
d/main.tex:656: Misplaced \cr.
<inserted text> \cr 
                    
l.656 σ}
          & \textbf{Values/ day
G:/work/Journal2LaTeX/backend/temp/e7f8b62f-058c-4745-bd7d-f5d0a3b96de5/rendere
d/main.tex:656: Missing \cr inserted.
<inserted text> 
                \cr 
l.656 σ}
          & \textbf{Values/ day
G:/work/Journal2LaTeX/backend/temp/e7f8b62f-058c-4745-bd7d-f5d0a3b96de5/rendere
d/main.tex:656: Misplaced \cr.
<inserted text> \cr 
                    
l.656 σ}
          & \textbf{Values/ day
G:/work/Journal2LaTeX/backend/temp/e7f8b62f-058c-4745-bd7d-f5d0a3b96de5/rendere
d/main.tex:656: Missing \cr inserted.
<inserted text> 
                \cr 
l.656 σ}
          & \textbf{Values/ day
G:/work/Journal2LaTeX/backend/temp/e7f8b62f-058c-4745-bd7d-f5d0a3b96de5/rendere
d/main.tex:656: Misplaced \cr.
<inserted text> \cr 
                    
l.656 σ}
          & \textbf{Values/ day
G:/work/Journal2LaTeX/backend/temp/e7f8b62f-058c-4745-bd7d-f5d0a3b96de5/rendere
d/main.tex:656: Missing \cr inserted.
<inserted text> 
                \cr 
l.656 σ}
          & \textbf{Values/ day
G:/work/Journal2LaTeX/backend/temp/e7f8b62f-058c-4745-bd7d-f5d0a3b96de5/rendere
d/main.tex:656: Misplaced \cr.
<inserted text> \cr 
                    
l.656 σ}
          & \textbf{Values/ day
G:/work/Journal2LaTeX/backend/temp/e7f8b62f-058c-4745-bd7d-f5d0a3b96de5/rendere
d/main.tex:656: Missing \cr inserted.
<inserted text> 
                \cr 
l.656 σ}
          & \textbf{Values/ day
G:/work/Journal2LaTeX/backend/temp/e7f8b62f-058c-4745-bd7d-f5d0a3b96de5/rendere
d/main.tex:656: Misplaced \cr.
<inserted text> \cr 
                    
l.656 σ}
          & \textbf{Values/ day
G:/work/Journal2LaTeX/backend/temp/e7f8b62f-058c-4745-bd7d-f5d0a3b96de5/rendere
d/main.tex:656: Missing \cr inserted.
<inserted text> 
                \cr 
l.656 σ}
          & \textbf{Values/ day
G:/work/Journal2LaTeX/backend/temp/e7f8b62f-058c-4745-bd7d-f5d0a3b96de5/rendere
d/main.tex:656: Misplaced \cr.
<inserted text> \cr 
                    
l.656 σ}
          & \textbf{Values/ day
G:/work/Journal2LaTeX/backend/temp/e7f8b62f-058c-4745-bd7d-f5d0a3b96de5/rendere
d/main.tex:656: Missing \cr inserted.
<inserted text> 
                \cr 
l.656 σ}
          & \textbf{Values/ day
G:/work/Journal2LaTeX/backend/temp/e7f8b62f-058c-4745-bd7d-f5d0a3b96de5/rendere
d/main.tex:656: Misplaced \cr.
<inserted text> \cr 
                    
l.656 σ}
          & \textbf{Values/ day
G:/work/Journal2LaTeX/backend/temp/e7f8b62f-058c-4745-bd7d-f5d0a3b96de5/rendere
d/main.tex:656: Missing \cr inserted.
<inserted text> 
                \cr 
l.656 σ}
          & \textbf{Values/ day
G:/work/Journal2LaTeX/backend/temp/e7f8b62f-058c-4745-bd7d-f5d0a3b96de5/rendere
d/main.tex:656: Misplaced \cr.
<inserted text> \cr 
                    
l.656 σ}
          & \textbf{Values/ day
G:/work/Journal2LaTeX/backend/temp/e7f8b62f-058c-4745-bd7d-f5d0a3b96de5/rendere
d/main.tex:656: Missing \cr inserted.
<inserted text> 
                \cr 
l.656 σ}
          & \textbf{Values/ day
G:/work/Journal2LaTeX/backend/temp/e7f8b62f-058c-4745-bd7d-f5d0a3b96de5/rendere
d/main.tex:656: Misplaced \cr.
<inserted text> \cr 
                    
l.656 σ}
          & \textbf{Values/ day
(That makes 100 errors; please try again.)
G:/work/Journal2LaTeX/backend/temp/e7f8b62f-058c-4745-bd7d-f5d0a3b96de5/rendere
d/main.tex:656:  ==> Fatal error occurred, no output PDF file produced!
Transcript written on main.log.
Latexmk: Getting log file 'main.log'
Latexmk: Examining 'main.fls'
Latexmk: Examining 'main.log'
Latexmk: Summary of warnings from last run of *latex:
  Latex failed to resolve 4 reference(s)
  Latex failed to resolve 38 citation(s)
Latexmk: Errors, so I did not complete making targets
Collected error summary (may duplicate other messages):
  pdflatex: Command for 'pdflatex' gave return code 1
      Refer to 'main.log' and/or above output for details



STDERR:
Latexmk: ====Problematic refs and citations with line #s in .tex file:
  Citation `ref1' on page 1 undefined on input line 225
  Citation ` ref2' on page 1 undefined on input line 225
  Citation ` ref3' on page 1 undefined on input line 225
  Citation ` ref4' on page 1 undefined on input line 225
  Citation ` ref5' on page 1 undefined on input line 225
  Citation ` ref6' on page 1 undefined on input line 225
  Citation ` ref7' on page 1 undefined on input line 225
 And 35 more --- see log file 'main.log'
Latexmk: Sometimes, the -f option can be used to get latexmk
  to try to force complete processing.
  But normally, you will need to correct the file(s) that caused the
  error, and then rerun latexmk.
  In some cases, it is best to clean out generated files before rerunning
  latexmk after you've corrected the files.
Reverting Windows console CPs to (in,out) = (437,65001)
