[2026-08-04 11:50:17,531] [INFO] [latex_compiler.py:337]: Starting LaTeX compilation for: G:\work\Journal2LaTeX\backend\temp\e7f8b62f-058c-4745-bd7d-f5d0a3b96de5\rendered\main.tex
[2026-08-04 11:50:17,586] [INFO] [latex_compiler.py:364]: Applied template compatibility layer to main.tex
[2026-08-04 11:50:17,589] [INFO] [latex_compiler.py:126]: Rendered working directory tree before compilation:
  1.eps
  2.eps
  everyshi.sty
  logo7pt.eps
  main.tex
  media/
    image1.png
    image2.png
    image3.png
    image4.png
    image5.png
    image6.png
    image7.png
    office_obj_1.png
    office_obj_2.png
    office_obj_3.png
  NSP1.cls
  paper.aux
  paper.dvi
  paper.log
  paper.out
  paper.pdf
  paper.ps
  paper.tex
  psfig.sty
  template.json
[2026-08-04 11:50:17,592] [INFO] [latex_compiler.py:132]: Template resource manifest (25 files):
  1.eps                                    template resource (graphic (EPS))
  2.eps                                    template resource (graphic (EPS))
  everyshi.sty                             template resource (package / style)
  logo7pt.eps                              template resource (graphic (EPS))
  main.tex                                 generated document / build artefact
  media\image1.png                         renderer-generated media
  media\image2.png                         renderer-generated media
  media\image3.png                         renderer-generated media
  media\image4.png                         renderer-generated media
  media\image5.png                         renderer-generated media
  media\image6.png                         renderer-generated media
  media\image7.png                         renderer-generated media
  media\office_obj_1.png                   renderer-generated media
  media\office_obj_2.png                   renderer-generated media
  media\office_obj_3.png                   renderer-generated media
  NSP1.cls                                 template resource (document class)
  paper.aux                                generated document / build artefact
  paper.dvi                                template resource
  paper.log                                generated document / build artefact
  paper.out                                generated document / build artefact
  paper.pdf                                template resource (graphic (PDF))
  paper.ps                                 template resource
  paper.tex                                template resource (included source)
  psfig.sty                                template resource (package / style)
  template.json                            template metadata
