[2026-07-22 01:58:13,303] [INFO] [job_manager.py:136]: Job 5c71dc7f-72d7-4c48-951c-a1a69e37aa77 workspace created successfully
[2026-07-22 01:58:13,336] [INFO] [pipeline_service.py:45]: Starting validation for job: 5c71dc7f-72d7-4c48-951c-a1a69e37aa77
[2026-07-22 01:58:13,351] [INFO] [job_manager.py:180]: Job status updated to: VALIDATING
[2026-07-22 01:58:13,367] [INFO] [job_manager.py:204]: Progress updated to 10%: Validating input Word Document
[2026-07-22 01:58:13,388] [INFO] [pipeline_service.py:60]: Validation successful.
[2026-07-22 01:58:13,405] [INFO] [job_manager.py:204]: Progress updated to 20%: Input document validated successfully
[2026-07-22 01:58:13,405] [INFO] [pipeline_service.py:67]: Starting document analysis for job: 5c71dc7f-72d7-4c48-951c-a1a69e37aa77
[2026-07-22 01:58:13,422] [INFO] [job_manager.py:180]: Job status updated to: ANALYZING_DOCUMENT
[2026-07-22 01:58:13,438] [INFO] [job_manager.py:204]: Progress updated to 30%: Analyzing document structure and content blocks
[2026-07-22 01:58:13,438] [INFO] [document_analyzer.py:33]: Starting improved document analysis for: G:\work\Journal2LaTeX\backend\temp\5c71dc7f-72d7-4c48-951c-a1a69e37aa77\input\The role.docx
[2026-07-22 01:58:14,591] [INFO] [document_analyzer.py:511]: Parsed document: title='The Role of Social Media in the Spread and Countering of Cyber-Extremism: An Islamic Jurisprudential and Educational Perspective', authors=3, sections=41, references=42
[2026-07-22 01:58:14,599] [INFO] [pipeline_service.py:95]: Document analysis completed. Saved structure to: G:\work\Journal2LaTeX\backend\temp\5c71dc7f-72d7-4c48-951c-a1a69e37aa77\intermediate\document_structure.json, report to: G:\work\Journal2LaTeX\backend\temp\5c71dc7f-72d7-4c48-951c-a1a69e37aa77\intermediate\conversion_report.json
[2026-07-22 01:58:14,617] [INFO] [job_manager.py:204]: Progress updated to 45%: Document structure extracted successfully
[2026-07-22 01:58:14,617] [INFO] [pipeline_service.py:108]: Starting asset extraction for job: 5c71dc7f-72d7-4c48-951c-a1a69e37aa77
[2026-07-22 01:58:14,631] [INFO] [job_manager.py:180]: Job status updated to: EXTRACTING_ASSETS
[2026-07-22 01:58:14,645] [INFO] [job_manager.py:204]: Progress updated to 50%: Extracting images and figure assets from document
[2026-07-22 01:58:20,554] [INFO] [pipeline_service.py:223]: Office object fig:office1 placed=True
[2026-07-22 01:58:20,606] [INFO] [pipeline_service.py:141]: Assets extracted to: G:\work\Journal2LaTeX\backend\temp\5c71dc7f-72d7-4c48-951c-a1a69e37aa77\intermediate\media
[2026-07-22 01:58:20,621] [INFO] [job_manager.py:204]: Progress updated to 60%: Document assets extracted successfully
[2026-07-22 01:58:20,621] [INFO] [pipeline_service.py:231]: Classifying extracted assets for job: 5c71dc7f-72d7-4c48-951c-a1a69e37aa77
[2026-07-22 01:58:20,621] [INFO] [asset_analyzer.py:23]: Starting extended asset analysis for job: 5c71dc7f-72d7-4c48-951c-a1a69e37aa77
[2026-07-22 01:58:20,624] [INFO] [asset_analyzer.py:153]: Extended asset classification completed. Assets classified: 8
[2026-07-22 01:58:20,638] [INFO] [job_manager.py:204]: Progress updated to 65%: Extracted assets analyzed and mapped successfully
[2026-07-22 01:58:20,686] [INFO] [pipeline_service.py:247]: Loading template JSAP for job: 5c71dc7f-72d7-4c48-951c-a1a69e37aa77
[2026-07-22 01:58:20,715] [INFO] [job_manager.py:180]: Job status updated to: LOADING_TEMPLATE
[2026-07-22 01:58:20,747] [INFO] [job_manager.py:204]: Progress updated to 70%: Loading template styles: JSAP
[2026-07-22 01:58:20,835] [INFO] [pipeline_service.py:269]: Template loaded and workspace prepared at: G:\work\Journal2LaTeX\backend\temp\5c71dc7f-72d7-4c48-951c-a1a69e37aa77\rendered
[2026-07-22 01:58:20,852] [INFO] [job_manager.py:204]: Progress updated to 80%: Template workspace initialized
[2026-07-22 01:58:20,854] [INFO] [pipeline_service.py:294]: Starting LaTeX rendering for job: 5c71dc7f-72d7-4c48-951c-a1a69e37aa77
[2026-07-22 01:58:20,870] [INFO] [job_manager.py:180]: Job status updated to: RENDERING_LATEX
[2026-07-22 01:58:20,883] [INFO] [job_manager.py:204]: Progress updated to 85%: Rendering document content to LaTeX
[2026-07-22 01:58:20,899] [INFO] [latex_renderer.py:72]: Starting LaTeX rendering inside workspace: G:\work\Journal2LaTeX\backend\temp\5c71dc7f-72d7-4c48-951c-a1a69e37aa77\rendered
[2026-07-22 01:58:20,947] [INFO] [latex_renderer.py:359]: LaTeX document main.tex rendered successfully.
[2026-07-22 01:58:21,065] [INFO] [header_reconstructor.py:124]: Template class draws its own header; skipping fancyhdr injection.
[2026-07-22 01:58:21,068] [INFO] [job_manager.py:204]: Progress updated to 90%: LaTeX document rendering completed
[2026-07-22 01:58:21,069] [INFO] [pipeline_service.py:357]: Starting document compilation for job: 5c71dc7f-72d7-4c48-951c-a1a69e37aa77
[2026-07-22 01:58:21,084] [INFO] [job_manager.py:180]: Job status updated to: COMPILING
[2026-07-22 01:58:21,099] [INFO] [job_manager.py:204]: Progress updated to 92%: Compiling LaTeX source to PDF
[2026-07-22 01:58:22,123] [ERROR] [pipeline_service.py:385]: LaTeX compilation failed: Template is missing required local resource(s); aborting before pdflatex. Ensure the template package ships these files:
  - usepackage -> newunicodechar
[2026-07-22 01:58:22,140] [ERROR] [job_manager.py:228]: Job error added: LaTeX compilation failed: Template is missing required local resource(s); aborting before pdflatex. Ensure the template package ships these files:
  - usepackage -> newunicodechar
