[2026-07-18 18:34:33,126] [INFO] [job_manager.py:117]: Job 5a599ed8-ebe6-471d-8755-c28a40b8e318 workspace created successfully
[2026-07-18 18:34:33,127] [INFO] [pipeline_service.py:36]: Starting validation for job: 5a599ed8-ebe6-471d-8755-c28a40b8e318
[2026-07-18 18:34:33,140] [INFO] [job_manager.py:161]: Job status updated to: VALIDATING
[2026-07-18 18:34:33,153] [INFO] [job_manager.py:185]: Progress updated to 10%: Validating input Word Document
[2026-07-18 18:34:33,168] [INFO] [pipeline_service.py:51]: Validation successful.
[2026-07-18 18:34:33,182] [INFO] [job_manager.py:185]: Progress updated to 20%: Input document validated successfully
[2026-07-18 18:34:33,183] [INFO] [pipeline_service.py:58]: Starting document analysis for job: 5a599ed8-ebe6-471d-8755-c28a40b8e318
[2026-07-18 18:34:33,196] [INFO] [job_manager.py:161]: Job status updated to: ANALYZING_DOCUMENT
[2026-07-18 18:34:33,210] [INFO] [job_manager.py:185]: Progress updated to 30%: Analyzing document structure and content blocks
[2026-07-18 18:34:33,210] [INFO] [document_analyzer.py:33]: Starting improved document analysis for: G:\work\Journal2LaTeX\temp\5a599ed8-ebe6-471d-8755-c28a40b8e318\input\style_vancouver.docx
[2026-07-18 18:34:33,390] [INFO] [document_analyzer.py:416]: Parsed document: title='Test Document Title', authors=2, sections=1, references=2
[2026-07-18 18:34:33,392] [INFO] [pipeline_service.py:86]: Document analysis completed. Saved structure to: G:\work\Journal2LaTeX\temp\5a599ed8-ebe6-471d-8755-c28a40b8e318\intermediate\document_structure.json, report to: G:\work\Journal2LaTeX\temp\5a599ed8-ebe6-471d-8755-c28a40b8e318\intermediate\conversion_report.json
[2026-07-18 18:34:33,403] [INFO] [job_manager.py:185]: Progress updated to 45%: Document structure extracted successfully
[2026-07-18 18:34:33,403] [INFO] [pipeline_service.py:99]: Starting asset extraction for job: 5a599ed8-ebe6-471d-8755-c28a40b8e318
[2026-07-18 18:34:33,416] [INFO] [job_manager.py:161]: Job status updated to: EXTRACTING_ASSETS
[2026-07-18 18:34:33,430] [INFO] [job_manager.py:185]: Progress updated to 50%: Extracting images and figure assets from document
[2026-07-18 18:34:33,623] [INFO] [pipeline_service.py:111]: Assets extracted to: G:\work\Journal2LaTeX\temp\5a599ed8-ebe6-471d-8755-c28a40b8e318\intermediate\media
[2026-07-18 18:34:33,637] [INFO] [job_manager.py:185]: Progress updated to 60%: Document assets extracted successfully
[2026-07-18 18:34:33,637] [INFO] [pipeline_service.py:123]: Classifying extracted assets for job: 5a599ed8-ebe6-471d-8755-c28a40b8e318
[2026-07-18 18:34:33,637] [INFO] [asset_analyzer.py:23]: Starting extended asset analysis for job: 5a599ed8-ebe6-471d-8755-c28a40b8e318
[2026-07-18 18:34:33,639] [INFO] [asset_analyzer.py:153]: Extended asset classification completed. Assets classified: 0
[2026-07-18 18:34:33,651] [INFO] [job_manager.py:185]: Progress updated to 65%: Extracted assets analyzed and mapped successfully
[2026-07-18 18:34:33,651] [INFO] [pipeline_service.py:139]: Loading template default for job: 5a599ed8-ebe6-471d-8755-c28a40b8e318
[2026-07-18 18:34:33,665] [INFO] [job_manager.py:161]: Job status updated to: LOADING_TEMPLATE
[2026-07-18 18:34:33,678] [INFO] [job_manager.py:185]: Progress updated to 70%: Loading template styles: default
[2026-07-18 18:34:33,686] [INFO] [pipeline_service.py:157]: Template loaded and workspace prepared at: G:\work\Journal2LaTeX\temp\5a599ed8-ebe6-471d-8755-c28a40b8e318\rendered
[2026-07-18 18:34:33,699] [INFO] [job_manager.py:185]: Progress updated to 80%: Template workspace initialized
[2026-07-18 18:34:33,699] [INFO] [pipeline_service.py:170]: Starting LaTeX rendering for job: 5a599ed8-ebe6-471d-8755-c28a40b8e318
[2026-07-18 18:34:33,713] [INFO] [job_manager.py:161]: Job status updated to: RENDERING_LATEX
[2026-07-18 18:34:33,728] [INFO] [job_manager.py:185]: Progress updated to 85%: Rendering document content to LaTeX
[2026-07-18 18:34:33,730] [INFO] [latex_renderer.py:70]: Starting LaTeX rendering inside workspace: G:\work\Journal2LaTeX\temp\5a599ed8-ebe6-471d-8755-c28a40b8e318\rendered
[2026-07-18 18:34:33,738] [INFO] [latex_renderer.py:337]: LaTeX document main.tex rendered successfully.
[2026-07-18 18:34:33,753] [INFO] [job_manager.py:185]: Progress updated to 90%: LaTeX document rendering completed
[2026-07-18 18:34:33,753] [INFO] [pipeline_service.py:204]: Starting document compilation for job: 5a599ed8-ebe6-471d-8755-c28a40b8e318
[2026-07-18 18:34:33,770] [INFO] [job_manager.py:161]: Job status updated to: COMPILING
[2026-07-18 18:34:33,786] [INFO] [job_manager.py:185]: Progress updated to 92%: Compiling LaTeX source to PDF
[2026-07-18 18:34:37,050] [INFO] [pipeline_service.py:226]: Compilation completed successfully.
