[2026-07-26 21:00:52,916] [INFO] [job_manager.py:136]: Job d5e87629-94dc-48e1-ac80-f7ac2d2a17c8 workspace created successfully
[2026-07-26 21:00:52,951] [INFO] [pipeline_service.py:46]: Starting validation for job: d5e87629-94dc-48e1-ac80-f7ac2d2a17c8
[2026-07-26 21:00:52,969] [INFO] [job_manager.py:180]: Job status updated to: VALIDATING
[2026-07-26 21:00:52,987] [INFO] [job_manager.py:204]: Progress updated to 10%: Validating input Word Document
[2026-07-26 21:00:53,007] [INFO] [pipeline_service.py:61]: Validation successful.
[2026-07-26 21:00:53,024] [INFO] [job_manager.py:204]: Progress updated to 20%: Input document validated successfully
[2026-07-26 21:00:53,025] [INFO] [pipeline_service.py:68]: Starting document analysis for job: d5e87629-94dc-48e1-ac80-f7ac2d2a17c8
[2026-07-26 21:00:53,041] [INFO] [job_manager.py:180]: Job status updated to: ANALYZING_DOCUMENT
[2026-07-26 21:00:53,060] [INFO] [job_manager.py:204]: Progress updated to 30%: Analyzing document structure and content blocks
[2026-07-26 21:00:53,060] [INFO] [document_analyzer.py:44]: Starting improved document analysis for: G:\work\Journal2LaTeX\backend\temp\d5e87629-94dc-48e1-ac80-f7ac2d2a17c8\input\The role.docx
[2026-07-26 21:00:54,547] [INFO] [document_analyzer.py:528]: Parsed document: title='The Role of Social Media in the Spread and Countering of Cyber-Extremism: An Islamic Jurisprudential and Educational Perspective', authors=3, sections=43, references=42
[2026-07-26 21:00:54,557] [INFO] [pipeline_service.py:96]: Document analysis completed. Saved structure to: G:\work\Journal2LaTeX\backend\temp\d5e87629-94dc-48e1-ac80-f7ac2d2a17c8\intermediate\document_structure.json, report to: G:\work\Journal2LaTeX\backend\temp\d5e87629-94dc-48e1-ac80-f7ac2d2a17c8\intermediate\conversion_report.json
[2026-07-26 21:00:54,576] [INFO] [job_manager.py:204]: Progress updated to 45%: Document structure extracted successfully
[2026-07-26 21:00:54,576] [INFO] [pipeline_service.py:109]: Starting asset extraction for job: d5e87629-94dc-48e1-ac80-f7ac2d2a17c8
[2026-07-26 21:00:54,592] [INFO] [job_manager.py:180]: Job status updated to: EXTRACTING_ASSETS
[2026-07-26 21:00:54,610] [INFO] [job_manager.py:204]: Progress updated to 50%: Extracting images and figure assets from document
[2026-07-26 21:01:01,941] [INFO] [pipeline_service.py:251]: Office object fig:office1 placed=True
[2026-07-26 21:01:01,999] [INFO] [pipeline_service.py:142]: Assets extracted to: G:\work\Journal2LaTeX\backend\temp\d5e87629-94dc-48e1-ac80-f7ac2d2a17c8\intermediate\media
[2026-07-26 21:01:02,016] [INFO] [job_manager.py:204]: Progress updated to 60%: Document assets extracted successfully
[2026-07-26 21:01:02,016] [INFO] [pipeline_service.py:259]: Classifying extracted assets for job: d5e87629-94dc-48e1-ac80-f7ac2d2a17c8
[2026-07-26 21:01:02,017] [INFO] [asset_analyzer.py:23]: Starting extended asset analysis for job: d5e87629-94dc-48e1-ac80-f7ac2d2a17c8
[2026-07-26 21:01:02,021] [INFO] [asset_analyzer.py:153]: Extended asset classification completed. Assets classified: 8
[2026-07-26 21:01:02,036] [INFO] [job_manager.py:204]: Progress updated to 65%: Extracted assets analyzed and mapped successfully
[2026-07-26 21:01:02,136] [INFO] [pipeline_service.py:275]: Loading template default for job: d5e87629-94dc-48e1-ac80-f7ac2d2a17c8
[2026-07-26 21:01:02,156] [INFO] [job_manager.py:180]: Job status updated to: LOADING_TEMPLATE
[2026-07-26 21:01:02,174] [INFO] [job_manager.py:204]: Progress updated to 70%: Loading template styles: default
[2026-07-26 21:01:02,285] [INFO] [pipeline_service.py:297]: Template loaded and workspace prepared at: G:\work\Journal2LaTeX\backend\temp\d5e87629-94dc-48e1-ac80-f7ac2d2a17c8\rendered
[2026-07-26 21:01:02,305] [INFO] [job_manager.py:204]: Progress updated to 80%: Template workspace initialized
[2026-07-26 21:01:02,307] [INFO] [pipeline_service.py:322]: Starting LaTeX rendering for job: d5e87629-94dc-48e1-ac80-f7ac2d2a17c8
[2026-07-26 21:01:02,326] [INFO] [job_manager.py:180]: Job status updated to: RENDERING_LATEX
[2026-07-26 21:01:02,344] [INFO] [job_manager.py:204]: Progress updated to 85%: Rendering document content to LaTeX
[2026-07-26 21:01:02,366] [INFO] [latex_renderer.py:104]: Starting LaTeX rendering inside workspace: G:\work\Journal2LaTeX\backend\temp\d5e87629-94dc-48e1-ac80-f7ac2d2a17c8\rendered
[2026-07-26 21:01:02,562] [INFO] [latex_renderer.py:479]: LaTeX document main.tex rendered successfully.
[2026-07-26 21:01:02,753] [INFO] [job_manager.py:204]: Progress updated to 90%: LaTeX document rendering completed
[2026-07-26 21:01:02,754] [INFO] [pipeline_service.py:385]: Starting document compilation for job: d5e87629-94dc-48e1-ac80-f7ac2d2a17c8
[2026-07-26 21:01:02,773] [INFO] [job_manager.py:180]: Job status updated to: COMPILING
[2026-07-26 21:01:02,792] [INFO] [job_manager.py:204]: Progress updated to 92%: Compiling LaTeX source to PDF
[2026-07-26 21:01:25,144] [INFO] [pipeline_service.py:408]: Compilation completed successfully.
[2026-07-26 21:01:25,149] [INFO] [pipeline_service.py:423]: Running E2E publication fidelity checker for job: d5e87629-94dc-48e1-ac80-f7ac2d2a17c8
[2026-07-26 21:01:25,149] [INFO] [fidelity_checker.py:24]: Generating advanced fidelity report and scores for job: d5e87629-94dc-48e1-ac80-f7ac2d2a17c8
[2026-07-26 21:01:25,152] [INFO] [fidelity_checker.py:175]: Fidelity report written to G:\work\Journal2LaTeX\backend\temp\d5e87629-94dc-48e1-ac80-f7ac2d2a17c8\intermediate\fidelity_report.json. Overall Score: 93.5%, Critical missing: 0
[2026-07-26 21:01:25,171] [INFO] [job_manager.py:180]: Job status updated to: COMPLETED
[2026-07-26 21:01:25,187] [INFO] [job_manager.py:204]: Progress updated to 100%: Pipeline process completed successfully
