[2026-07-22 12:20:18,407] [INFO] [latex_compiler.py:321]: Starting LaTeX compilation for: G:\work\Journal2LaTeX\backend\temp\b79e3c6a-db72-4136-a008-d38bd6e9aeae\rendered\main.tex
[2026-07-22 12:20:18,412] [INFO] [latex_compiler.py:125]: Rendered working directory tree before compilation:
  csr_family_businesses.pdf
  everyshi.sty
  jsap_paper.pdf
  logo7pt.eps
  main.tex
  media/
    image1.jpeg
    image10.jpeg
    image4.jpeg
    image5.png
    image6.png
    image7.png
    image8.jpeg
    image9.jpeg
    office_obj_1.png
  NSP1.cls
  paper_fire_victims.pdf
  psfig.sty
  Ref. JSAP paper.tex
  template.json
[2026-07-22 12:20:18,414] [INFO] [latex_compiler.py:131]: Template resource manifest (19 files):
  csr_family_businesses.pdf                template resource (graphic (PDF))
  everyshi.sty                             template resource (package / style)
  jsap_paper.pdf                           template resource (graphic (PDF))
  logo7pt.eps                              template resource (graphic (EPS))
  main.tex                                 generated document / build artefact
  media\image1.jpeg                        renderer-generated media
  media\image10.jpeg                       renderer-generated media
  media\image4.jpeg                        renderer-generated media
  media\image5.png                         renderer-generated media
  media\image6.png                         renderer-generated media
  media\image7.png                         renderer-generated media
  media\image8.jpeg                        renderer-generated media
  media\image9.jpeg                        renderer-generated media
  media\office_obj_1.png                   renderer-generated media
  NSP1.cls                                 template resource (document class)
  paper_fire_victims.pdf                   template resource (graphic (PDF))
  psfig.sty                                template resource (package / style)
  Ref. JSAP paper.tex                      template resource (included source)
  template.json                            template metadata
[2026-07-22 12:20:39,514] [INFO] [latex_compiler.py:144]: Dependency resolution (30 references):
  [LOCAL  ] documentclass   NSP1
  [SYSTEM ] usepackage      url
  [SYSTEM ] usepackage      floatflt
  [SYSTEM ] usepackage      helvet
  [SYSTEM ] usepackage      times
  [LOCAL  ] usepackage      psfig
  [SYSTEM ] usepackage      graphics
  [SYSTEM ] usepackage      mathptmx
  [SYSTEM ] usepackage      amsmath
  [SYSTEM ] usepackage      amssymb
  [SYSTEM ] usepackage      bm
  [SYSTEM ] usepackage      float
  [SYSTEM ] usepackage      caption
  [SYSTEM ] usepackage      hyperref
  [SYSTEM ] usepackage      xcolor
  [SYSTEM ] usepackage      tabularx
  [SYSTEM ] usepackage      booktabs
  [SYSTEM ] usepackage      afterpage
  [SYSTEM ] usepackage      algorithm
  [SYSTEM ] usepackage      algpseudocode
  [SYSTEM ] usepackage      longtable
  [SYSTEM ] usepackage      graphicx
  [SYSTEM ] usepackage      multirow
  [SYSTEM ] usepackage      array
  [SYSTEM ] usepackage      newunicodechar
  [DYNAMIC] includegraphics #1
  [LOCAL  ] includegraphics media/office_obj_1.png
  [LOCAL  ] includegraphics media/image5.png
  [LOCAL  ] includegraphics media/image6.png
  [LOCAL  ] includegraphics media/image7.png
[2026-07-22 12:20:39,514] [INFO] [latex_compiler.py:357]: Using latexmk compiler.
[2026-07-22 12:20:48,040] [INFO] [latex_compiler.py:424]: Compilation completed successfully. PDF generated at: G:\work\Journal2LaTeX\backend\temp\b79e3c6a-db72-4136-a008-d38bd6e9aeae\output\paper.pdf
[2026-07-22 12:20:48,103] [INFO] [latex_compiler.py:321]: Starting LaTeX compilation for: G:\work\Journal2LaTeX\backend\temp\b79e3c6a-db72-4136-a008-d38bd6e9aeae\rendered\main.tex
[2026-07-22 12:20:48,108] [INFO] [latex_compiler.py:125]: Rendered working directory tree before compilation:
  csr_family_businesses.pdf
  everyshi.sty
  jsap_paper.pdf
  logo7pt-eps-converted-to.pdf
  logo7pt.eps
  main.aux
  main.fdb_latexmk
  main.fls
  main.log
  main.out
  main.pdf
  main.tex
  media/
    image1.jpeg
    image10.jpeg
    image4.jpeg
    image5.png
    image6.png
    image7.png
    image8.jpeg
    image9.jpeg
    office_obj_1.png
  NSP1.cls
  paper_fire_victims.pdf
  psfig.sty
  Ref. JSAP paper.tex
  template.json
[2026-07-22 12:20:48,113] [INFO] [latex_compiler.py:131]: Template resource manifest (26 files):
  csr_family_businesses.pdf                template resource (graphic (PDF))
  everyshi.sty                             template resource (package / style)
  jsap_paper.pdf                           template resource (graphic (PDF))
  logo7pt-eps-converted-to.pdf             template resource (graphic (PDF))
  logo7pt.eps                              template resource (graphic (EPS))
  main.aux                                 generated document / build artefact
  main.fdb_latexmk                         generated document / build artefact
  main.fls                                 generated document / build artefact
  main.log                                 generated document / build artefact
  main.out                                 generated document / build artefact
  main.pdf                                 generated document / build artefact
  main.tex                                 generated document / build artefact
  media\image1.jpeg                        renderer-generated media
  media\image10.jpeg                       renderer-generated media
  media\image4.jpeg                        renderer-generated media
  media\image5.png                         renderer-generated media
  media\image6.png                         renderer-generated media
  media\image7.png                         renderer-generated media
  media\image8.jpeg                        renderer-generated media
  media\image9.jpeg                        renderer-generated media
  media\office_obj_1.png                   renderer-generated media
  NSP1.cls                                 template resource (document class)
  paper_fire_victims.pdf                   template resource (graphic (PDF))
  psfig.sty                                template resource (package / style)
  Ref. JSAP paper.tex                      template resource (included source)
  template.json                            template metadata
[2026-07-22 12:20:48,259] [INFO] [latex_compiler.py:144]: Dependency resolution (31 references):
  [LOCAL  ] documentclass   NSP1
  [SYSTEM ] usepackage      url
  [SYSTEM ] usepackage      floatflt
  [SYSTEM ] usepackage      helvet
  [SYSTEM ] usepackage      times
  [LOCAL  ] usepackage      psfig
  [SYSTEM ] usepackage      graphics
  [SYSTEM ] usepackage      mathptmx
  [SYSTEM ] usepackage      amsmath
  [SYSTEM ] usepackage      amssymb
  [SYSTEM ] usepackage      bm
  [SYSTEM ] usepackage      float
  [SYSTEM ] usepackage      caption
  [SYSTEM ] usepackage      hyperref
  [SYSTEM ] usepackage      xcolor
  [SYSTEM ] usepackage      tabularx
  [SYSTEM ] usepackage      booktabs
  [SYSTEM ] usepackage      afterpage
  [SYSTEM ] usepackage      algorithm
  [SYSTEM ] usepackage      algpseudocode
  [SYSTEM ] usepackage      longtable
  [SYSTEM ] usepackage      graphicx
  [SYSTEM ] usepackage      multirow
  [SYSTEM ] usepackage      array
  [SYSTEM ] usepackage      newunicodechar
  [SYSTEM ] usepackage      geometry
  [DYNAMIC] includegraphics #1
  [LOCAL  ] includegraphics media/office_obj_1.png
  [LOCAL  ] includegraphics media/image5.png
  [LOCAL  ] includegraphics media/image6.png
  [LOCAL  ] includegraphics media/image7.png
[2026-07-22 12:20:48,260] [INFO] [latex_compiler.py:357]: Using latexmk compiler.
[2026-07-22 12:20:54,876] [INFO] [latex_compiler.py:424]: Compilation completed successfully. PDF generated at: G:\work\Journal2LaTeX\backend\temp\b79e3c6a-db72-4136-a008-d38bd6e9aeae\output\paper.pdf
[2026-07-22 12:21:12,533] [INFO] [latex_compiler.py:321]: Starting LaTeX compilation for: G:\work\Journal2LaTeX\backend\temp\b79e3c6a-db72-4136-a008-d38bd6e9aeae\rendered\main.tex
[2026-07-22 12:21:12,538] [INFO] [latex_compiler.py:125]: Rendered working directory tree before compilation:
  csr_family_businesses.pdf
  everyshi.sty
  jsap_paper.pdf
  logo7pt-eps-converted-to.pdf
  logo7pt.eps
  main.aux
  main.fdb_latexmk
  main.fls
  main.log
  main.out
  main.pdf
  main.tex
  media/
    image1.jpeg
    image10.jpeg
    image4.jpeg
    image5.png
    image6.png
    image7.png
    image8.jpeg
    image9.jpeg
    office_obj_1.png
  NSP1.cls
  paper_fire_victims.pdf
  psfig.sty
  Ref. JSAP paper.tex
  template.json
[2026-07-22 12:21:12,541] [INFO] [latex_compiler.py:131]: Template resource manifest (26 files):
  csr_family_businesses.pdf                template resource (graphic (PDF))
  everyshi.sty                             template resource (package / style)
  jsap_paper.pdf                           template resource (graphic (PDF))
  logo7pt-eps-converted-to.pdf             template resource (graphic (PDF))
  logo7pt.eps                              template resource (graphic (EPS))
  main.aux                                 generated document / build artefact
  main.fdb_latexmk                         generated document / build artefact
  main.fls                                 generated document / build artefact
  main.log                                 generated document / build artefact
  main.out                                 generated document / build artefact
  main.pdf                                 generated document / build artefact
  main.tex                                 generated document / build artefact
  media\image1.jpeg                        renderer-generated media
  media\image10.jpeg                       renderer-generated media
  media\image4.jpeg                        renderer-generated media
  media\image5.png                         renderer-generated media
  media\image6.png                         renderer-generated media
  media\image7.png                         renderer-generated media
  media\image8.jpeg                        renderer-generated media
  media\image9.jpeg                        renderer-generated media
  media\office_obj_1.png                   renderer-generated media
  NSP1.cls                                 template resource (document class)
  paper_fire_victims.pdf                   template resource (graphic (PDF))
  psfig.sty                                template resource (package / style)
  Ref. JSAP paper.tex                      template resource (included source)
  template.json                            template metadata
[2026-07-22 12:21:12,701] [INFO] [latex_compiler.py:144]: Dependency resolution (31 references):
  [LOCAL  ] documentclass   NSP1
  [SYSTEM ] usepackage      url
  [SYSTEM ] usepackage      floatflt
  [SYSTEM ] usepackage      helvet
  [SYSTEM ] usepackage      times
  [LOCAL  ] usepackage      psfig
  [SYSTEM ] usepackage      graphics
  [SYSTEM ] usepackage      mathptmx
  [SYSTEM ] usepackage      amsmath
  [SYSTEM ] usepackage      amssymb
  [SYSTEM ] usepackage      bm
  [SYSTEM ] usepackage      float
  [SYSTEM ] usepackage      caption
  [SYSTEM ] usepackage      hyperref
  [SYSTEM ] usepackage      xcolor
  [SYSTEM ] usepackage      tabularx
  [SYSTEM ] usepackage      booktabs
  [SYSTEM ] usepackage      afterpage
  [SYSTEM ] usepackage      algorithm
  [SYSTEM ] usepackage      algpseudocode
  [SYSTEM ] usepackage      longtable
  [SYSTEM ] usepackage      graphicx
  [SYSTEM ] usepackage      multirow
  [SYSTEM ] usepackage      array
  [SYSTEM ] usepackage      newunicodechar
  [SYSTEM ] usepackage      geometry
  [DYNAMIC] includegraphics #1
  [LOCAL  ] includegraphics media/office_obj_1.png
  [LOCAL  ] includegraphics media/image5.png
  [LOCAL  ] includegraphics media/image6.png
  [LOCAL  ] includegraphics media/image7.png
[2026-07-22 12:21:12,704] [INFO] [latex_compiler.py:357]: Using latexmk compiler.
[2026-07-22 12:21:19,522] [INFO] [latex_compiler.py:424]: Compilation completed successfully. PDF generated at: G:\work\Journal2LaTeX\backend\temp\b79e3c6a-db72-4136-a008-d38bd6e9aeae\output\paper.pdf
[2026-07-22 12:21:28,750] [INFO] [latex_compiler.py:321]: Starting LaTeX compilation for: G:\work\Journal2LaTeX\backend\temp\b79e3c6a-db72-4136-a008-d38bd6e9aeae\rendered\main.tex
[2026-07-22 12:21:28,754] [INFO] [latex_compiler.py:125]: Rendered working directory tree before compilation:
  csr_family_businesses.pdf
  everyshi.sty
  jsap_paper.pdf
  logo7pt-eps-converted-to.pdf
  logo7pt.eps
  main.aux
  main.fdb_latexmk
  main.fls
  main.log
  main.out
  main.pdf
  main.tex
  media/
    image1.jpeg
    image10.jpeg
    image4.jpeg
    image5.png
    image6.png
    image7.png
    image8.jpeg
    image9.jpeg
    office_obj_1.png
  NSP1.cls
  paper_fire_victims.pdf
  psfig.sty
  Ref. JSAP paper.tex
  template.json
[2026-07-22 12:21:28,757] [INFO] [latex_compiler.py:131]: Template resource manifest (26 files):
  csr_family_businesses.pdf                template resource (graphic (PDF))
  everyshi.sty                             template resource (package / style)
  jsap_paper.pdf                           template resource (graphic (PDF))
  logo7pt-eps-converted-to.pdf             template resource (graphic (PDF))
  logo7pt.eps                              template resource (graphic (EPS))
  main.aux                                 generated document / build artefact
  main.fdb_latexmk                         generated document / build artefact
  main.fls                                 generated document / build artefact
  main.log                                 generated document / build artefact
  main.out                                 generated document / build artefact
  main.pdf                                 generated document / build artefact
  main.tex                                 generated document / build artefact
  media\image1.jpeg                        renderer-generated media
  media\image10.jpeg                       renderer-generated media
  media\image4.jpeg                        renderer-generated media
  media\image5.png                         renderer-generated media
  media\image6.png                         renderer-generated media
  media\image7.png                         renderer-generated media
  media\image8.jpeg                        renderer-generated media
  media\image9.jpeg                        renderer-generated media
  media\office_obj_1.png                   renderer-generated media
  NSP1.cls                                 template resource (document class)
  paper_fire_victims.pdf                   template resource (graphic (PDF))
  psfig.sty                                template resource (package / style)
  Ref. JSAP paper.tex                      template resource (included source)
  template.json                            template metadata
[2026-07-22 12:21:28,923] [INFO] [latex_compiler.py:144]: Dependency resolution (31 references):
  [LOCAL  ] documentclass   NSP1
  [SYSTEM ] usepackage      url
  [SYSTEM ] usepackage      floatflt
  [SYSTEM ] usepackage      helvet
  [SYSTEM ] usepackage      times
  [LOCAL  ] usepackage      psfig
  [SYSTEM ] usepackage      graphics
  [SYSTEM ] usepackage      mathptmx
  [SYSTEM ] usepackage      amsmath
  [SYSTEM ] usepackage      amssymb
  [SYSTEM ] usepackage      bm
  [SYSTEM ] usepackage      float
  [SYSTEM ] usepackage      caption
  [SYSTEM ] usepackage      hyperref
  [SYSTEM ] usepackage      xcolor
  [SYSTEM ] usepackage      tabularx
  [SYSTEM ] usepackage      booktabs
  [SYSTEM ] usepackage      afterpage
  [SYSTEM ] usepackage      algorithm
  [SYSTEM ] usepackage      algpseudocode
  [SYSTEM ] usepackage      longtable
  [SYSTEM ] usepackage      graphicx
  [SYSTEM ] usepackage      multirow
  [SYSTEM ] usepackage      array
  [SYSTEM ] usepackage      newunicodechar
  [SYSTEM ] usepackage      geometry
  [DYNAMIC] includegraphics #1
  [LOCAL  ] includegraphics media/office_obj_1.png
  [LOCAL  ] includegraphics media/image5.png
  [LOCAL  ] includegraphics media/image6.png
  [LOCAL  ] includegraphics media/image7.png
[2026-07-22 12:21:28,925] [INFO] [latex_compiler.py:357]: Using latexmk compiler.
[2026-07-22 12:21:34,875] [INFO] [latex_compiler.py:424]: Compilation completed successfully. PDF generated at: G:\work\Journal2LaTeX\backend\temp\b79e3c6a-db72-4136-a008-d38bd6e9aeae\output\paper.pdf
[2026-07-22 12:21:44,276] [INFO] [latex_compiler.py:321]: Starting LaTeX compilation for: G:\work\Journal2LaTeX\backend\temp\b79e3c6a-db72-4136-a008-d38bd6e9aeae\rendered\main.tex
[2026-07-22 12:21:44,281] [INFO] [latex_compiler.py:125]: Rendered working directory tree before compilation:
  csr_family_businesses.pdf
  everyshi.sty
  jsap_paper.pdf
  logo7pt-eps-converted-to.pdf
  logo7pt.eps
  main.aux
  main.fdb_latexmk
  main.fls
  main.log
  main.out
  main.pdf
  main.tex
  media/
    image1.jpeg
    image10.jpeg
    image4.jpeg
    image5.png
    image6.png
    image7.png
    image8.jpeg
    image9.jpeg
    office_obj_1.png
  NSP1.cls
  paper_fire_victims.pdf
  psfig.sty
  Ref. JSAP paper.tex
  template.json
[2026-07-22 12:21:44,284] [INFO] [latex_compiler.py:131]: Template resource manifest (26 files):
  csr_family_businesses.pdf                template resource (graphic (PDF))
  everyshi.sty                             template resource (package / style)
  jsap_paper.pdf                           template resource (graphic (PDF))
  logo7pt-eps-converted-to.pdf             template resource (graphic (PDF))
  logo7pt.eps                              template resource (graphic (EPS))
  main.aux                                 generated document / build artefact
  main.fdb_latexmk                         generated document / build artefact
  main.fls                                 generated document / build artefact
  main.log                                 generated document / build artefact
  main.out                                 generated document / build artefact
  main.pdf                                 generated document / build artefact
  main.tex                                 generated document / build artefact
  media\image1.jpeg                        renderer-generated media
  media\image10.jpeg                       renderer-generated media
  media\image4.jpeg                        renderer-generated media
  media\image5.png                         renderer-generated media
  media\image6.png                         renderer-generated media
  media\image7.png                         renderer-generated media
  media\image8.jpeg                        renderer-generated media
  media\image9.jpeg                        renderer-generated media
  media\office_obj_1.png                   renderer-generated media
  NSP1.cls                                 template resource (document class)
  paper_fire_victims.pdf                   template resource (graphic (PDF))
  psfig.sty                                template resource (package / style)
  Ref. JSAP paper.tex                      template resource (included source)
  template.json                            template metadata
[2026-07-22 12:21:44,446] [INFO] [latex_compiler.py:144]: Dependency resolution (31 references):
  [LOCAL  ] documentclass   NSP1
  [SYSTEM ] usepackage      url
  [SYSTEM ] usepackage      floatflt
  [SYSTEM ] usepackage      helvet
  [SYSTEM ] usepackage      times
  [LOCAL  ] usepackage      psfig
  [SYSTEM ] usepackage      graphics
  [SYSTEM ] usepackage      mathptmx
  [SYSTEM ] usepackage      amsmath
  [SYSTEM ] usepackage      amssymb
  [SYSTEM ] usepackage      bm
  [SYSTEM ] usepackage      float
  [SYSTEM ] usepackage      caption
  [SYSTEM ] usepackage      hyperref
  [SYSTEM ] usepackage      xcolor
  [SYSTEM ] usepackage      tabularx
  [SYSTEM ] usepackage      booktabs
  [SYSTEM ] usepackage      afterpage
  [SYSTEM ] usepackage      algorithm
  [SYSTEM ] usepackage      algpseudocode
  [SYSTEM ] usepackage      longtable
  [SYSTEM ] usepackage      graphicx
  [SYSTEM ] usepackage      multirow
  [SYSTEM ] usepackage      array
  [SYSTEM ] usepackage      newunicodechar
  [SYSTEM ] usepackage      geometry
  [DYNAMIC] includegraphics #1
  [LOCAL  ] includegraphics media/office_obj_1.png
  [LOCAL  ] includegraphics media/image5.png
  [LOCAL  ] includegraphics media/image6.png
  [LOCAL  ] includegraphics media/image7.png
[2026-07-22 12:21:44,448] [INFO] [latex_compiler.py:357]: Using latexmk compiler.
[2026-07-22 12:21:51,426] [INFO] [latex_compiler.py:424]: Compilation completed successfully. PDF generated at: G:\work\Journal2LaTeX\backend\temp\b79e3c6a-db72-4136-a008-d38bd6e9aeae\output\paper.pdf
[2026-07-22 12:22:01,468] [INFO] [latex_compiler.py:321]: Starting LaTeX compilation for: G:\work\Journal2LaTeX\backend\temp\b79e3c6a-db72-4136-a008-d38bd6e9aeae\rendered\main.tex
[2026-07-22 12:22:01,472] [INFO] [latex_compiler.py:125]: Rendered working directory tree before compilation:
  csr_family_businesses.pdf
  everyshi.sty
  jsap_paper.pdf
  logo7pt-eps-converted-to.pdf
  logo7pt.eps
  main.aux
  main.fdb_latexmk
  main.fls
  main.log
  main.out
  main.pdf
  main.tex
  media/
    image1.jpeg
    image10.jpeg
    image4.jpeg
    image5.png
    image6.png
    image7.png
    image8.jpeg
    image9.jpeg
    office_obj_1.png
  NSP1.cls
  paper_fire_victims.pdf
  psfig.sty
  Ref. JSAP paper.tex
  template.json
[2026-07-22 12:22:01,474] [INFO] [latex_compiler.py:131]: Template resource manifest (26 files):
  csr_family_businesses.pdf                template resource (graphic (PDF))
  everyshi.sty                             template resource (package / style)
  jsap_paper.pdf                           template resource (graphic (PDF))
  logo7pt-eps-converted-to.pdf             template resource (graphic (PDF))
  logo7pt.eps                              template resource (graphic (EPS))
  main.aux                                 generated document / build artefact
  main.fdb_latexmk                         generated document / build artefact
  main.fls                                 generated document / build artefact
  main.log                                 generated document / build artefact
  main.out                                 generated document / build artefact
  main.pdf                                 generated document / build artefact
  main.tex                                 generated document / build artefact
  media\image1.jpeg                        renderer-generated media
  media\image10.jpeg                       renderer-generated media
  media\image4.jpeg                        renderer-generated media
  media\image5.png                         renderer-generated media
  media\image6.png                         renderer-generated media
  media\image7.png                         renderer-generated media
  media\image8.jpeg                        renderer-generated media
  media\image9.jpeg                        renderer-generated media
  media\office_obj_1.png                   renderer-generated media
  NSP1.cls                                 template resource (document class)
  paper_fire_victims.pdf                   template resource (graphic (PDF))
  psfig.sty                                template resource (package / style)
  Ref. JSAP paper.tex                      template resource (included source)
  template.json                            template metadata
[2026-07-22 12:22:01,609] [INFO] [latex_compiler.py:144]: Dependency resolution (31 references):
  [LOCAL  ] documentclass   NSP1
  [SYSTEM ] usepackage      url
  [SYSTEM ] usepackage      floatflt
  [SYSTEM ] usepackage      helvet
  [SYSTEM ] usepackage      times
  [LOCAL  ] usepackage      psfig
  [SYSTEM ] usepackage      graphics
  [SYSTEM ] usepackage      mathptmx
  [SYSTEM ] usepackage      amsmath
  [SYSTEM ] usepackage      amssymb
  [SYSTEM ] usepackage      bm
  [SYSTEM ] usepackage      float
  [SYSTEM ] usepackage      caption
  [SYSTEM ] usepackage      hyperref
  [SYSTEM ] usepackage      xcolor
  [SYSTEM ] usepackage      tabularx
  [SYSTEM ] usepackage      booktabs
  [SYSTEM ] usepackage      afterpage
  [SYSTEM ] usepackage      algorithm
  [SYSTEM ] usepackage      algpseudocode
  [SYSTEM ] usepackage      longtable
  [SYSTEM ] usepackage      graphicx
  [SYSTEM ] usepackage      multirow
  [SYSTEM ] usepackage      array
  [SYSTEM ] usepackage      newunicodechar
  [SYSTEM ] usepackage      geometry
  [DYNAMIC] includegraphics #1
  [LOCAL  ] includegraphics media/office_obj_1.png
  [LOCAL  ] includegraphics media/image5.png
  [LOCAL  ] includegraphics media/image6.png
  [LOCAL  ] includegraphics media/image7.png
[2026-07-22 12:22:01,610] [INFO] [latex_compiler.py:357]: Using latexmk compiler.
[2026-07-22 12:22:07,836] [INFO] [latex_compiler.py:424]: Compilation completed successfully. PDF generated at: G:\work\Journal2LaTeX\backend\temp\b79e3c6a-db72-4136-a008-d38bd6e9aeae\output\paper.pdf
[2026-07-22 12:22:17,328] [INFO] [latex_compiler.py:321]: Starting LaTeX compilation for: G:\work\Journal2LaTeX\backend\temp\b79e3c6a-db72-4136-a008-d38bd6e9aeae\rendered\main.tex
[2026-07-22 12:22:17,334] [INFO] [latex_compiler.py:125]: Rendered working directory tree before compilation:
  csr_family_businesses.pdf
  everyshi.sty
  jsap_paper.pdf
  logo7pt-eps-converted-to.pdf
  logo7pt.eps
  main.aux
  main.fdb_latexmk
  main.fls
  main.log
  main.out
  main.pdf
  main.tex
  media/
    image1.jpeg
    image10.jpeg
    image4.jpeg
    image5.png
    image6.png
    image7.png
    image8.jpeg
    image9.jpeg
    office_obj_1.png
  NSP1.cls
  paper_fire_victims.pdf
  psfig.sty
  Ref. JSAP paper.tex
  template.json
[2026-07-22 12:22:17,338] [INFO] [latex_compiler.py:131]: Template resource manifest (26 files):
  csr_family_businesses.pdf                template resource (graphic (PDF))
  everyshi.sty                             template resource (package / style)
  jsap_paper.pdf                           template resource (graphic (PDF))
  logo7pt-eps-converted-to.pdf             template resource (graphic (PDF))
  logo7pt.eps                              template resource (graphic (EPS))
  main.aux                                 generated document / build artefact
  main.fdb_latexmk                         generated document / build artefact
  main.fls                                 generated document / build artefact
  main.log                                 generated document / build artefact
  main.out                                 generated document / build artefact
  main.pdf                                 generated document / build artefact
  main.tex                                 generated document / build artefact
  media\image1.jpeg                        renderer-generated media
  media\image10.jpeg                       renderer-generated media
  media\image4.jpeg                        renderer-generated media
  media\image5.png                         renderer-generated media
  media\image6.png                         renderer-generated media
  media\image7.png                         renderer-generated media
  media\image8.jpeg                        renderer-generated media
  media\image9.jpeg                        renderer-generated media
  media\office_obj_1.png                   renderer-generated media
  NSP1.cls                                 template resource (document class)
  paper_fire_victims.pdf                   template resource (graphic (PDF))
  psfig.sty                                template resource (package / style)
  Ref. JSAP paper.tex                      template resource (included source)
  template.json                            template metadata
[2026-07-22 12:22:17,496] [INFO] [latex_compiler.py:144]: Dependency resolution (31 references):
  [LOCAL  ] documentclass   NSP1
  [SYSTEM ] usepackage      url
  [SYSTEM ] usepackage      floatflt
  [SYSTEM ] usepackage      helvet
  [SYSTEM ] usepackage      times
  [LOCAL  ] usepackage      psfig
  [SYSTEM ] usepackage      graphics
  [SYSTEM ] usepackage      mathptmx
  [SYSTEM ] usepackage      amsmath
  [SYSTEM ] usepackage      amssymb
  [SYSTEM ] usepackage      bm
  [SYSTEM ] usepackage      float
  [SYSTEM ] usepackage      caption
  [SYSTEM ] usepackage      hyperref
  [SYSTEM ] usepackage      xcolor
  [SYSTEM ] usepackage      tabularx
  [SYSTEM ] usepackage      booktabs
  [SYSTEM ] usepackage      afterpage
  [SYSTEM ] usepackage      algorithm
  [SYSTEM ] usepackage      algpseudocode
  [SYSTEM ] usepackage      longtable
  [SYSTEM ] usepackage      graphicx
  [SYSTEM ] usepackage      multirow
  [SYSTEM ] usepackage      array
  [SYSTEM ] usepackage      newunicodechar
  [SYSTEM ] usepackage      geometry
  [DYNAMIC] includegraphics #1
  [LOCAL  ] includegraphics media/office_obj_1.png
  [LOCAL  ] includegraphics media/image5.png
  [LOCAL  ] includegraphics media/image6.png
  [LOCAL  ] includegraphics media/image7.png
[2026-07-22 12:22:17,498] [INFO] [latex_compiler.py:357]: Using latexmk compiler.
[2026-07-22 12:22:24,902] [INFO] [latex_compiler.py:424]: Compilation completed successfully. PDF generated at: G:\work\Journal2LaTeX\backend\temp\b79e3c6a-db72-4136-a008-d38bd6e9aeae\output\paper.pdf
[2026-07-22 12:22:34,859] [INFO] [latex_compiler.py:321]: Starting LaTeX compilation for: G:\work\Journal2LaTeX\backend\temp\b79e3c6a-db72-4136-a008-d38bd6e9aeae\rendered\main.tex
[2026-07-22 12:22:34,862] [INFO] [latex_compiler.py:125]: Rendered working directory tree before compilation:
  csr_family_businesses.pdf
  everyshi.sty
  jsap_paper.pdf
  logo7pt-eps-converted-to.pdf
  logo7pt.eps
  main.aux
  main.fdb_latexmk
  main.fls
  main.log
  main.out
  main.pdf
  main.tex
  media/
    image1.jpeg
    image10.jpeg
    image4.jpeg
    image5.png
    image6.png
    image7.png
    image8.jpeg
    image9.jpeg
    office_obj_1.png
  NSP1.cls
  paper_fire_victims.pdf
  psfig.sty
  Ref. JSAP paper.tex
  template.json
[2026-07-22 12:22:34,865] [INFO] [latex_compiler.py:131]: Template resource manifest (26 files):
  csr_family_businesses.pdf                template resource (graphic (PDF))
  everyshi.sty                             template resource (package / style)
  jsap_paper.pdf                           template resource (graphic (PDF))
  logo7pt-eps-converted-to.pdf             template resource (graphic (PDF))
  logo7pt.eps                              template resource (graphic (EPS))
  main.aux                                 generated document / build artefact
  main.fdb_latexmk                         generated document / build artefact
  main.fls                                 generated document / build artefact
  main.log                                 generated document / build artefact
  main.out                                 generated document / build artefact
  main.pdf                                 generated document / build artefact
  main.tex                                 generated document / build artefact
  media\image1.jpeg                        renderer-generated media
  media\image10.jpeg                       renderer-generated media
  media\image4.jpeg                        renderer-generated media
  media\image5.png                         renderer-generated media
  media\image6.png                         renderer-generated media
  media\image7.png                         renderer-generated media
  media\image8.jpeg                        renderer-generated media
  media\image9.jpeg                        renderer-generated media
  media\office_obj_1.png                   renderer-generated media
  NSP1.cls                                 template resource (document class)
  paper_fire_victims.pdf                   template resource (graphic (PDF))
  psfig.sty                                template resource (package / style)
  Ref. JSAP paper.tex                      template resource (included source)
  template.json                            template metadata
[2026-07-22 12:22:34,999] [INFO] [latex_compiler.py:144]: Dependency resolution (31 references):
  [LOCAL  ] documentclass   NSP1
  [SYSTEM ] usepackage      url
  [SYSTEM ] usepackage      floatflt
  [SYSTEM ] usepackage      helvet
  [SYSTEM ] usepackage      times
  [LOCAL  ] usepackage      psfig
  [SYSTEM ] usepackage      graphics
  [SYSTEM ] usepackage      mathptmx
  [SYSTEM ] usepackage      amsmath
  [SYSTEM ] usepackage      amssymb
  [SYSTEM ] usepackage      bm
  [SYSTEM ] usepackage      float
  [SYSTEM ] usepackage      caption
  [SYSTEM ] usepackage      hyperref
  [SYSTEM ] usepackage      xcolor
  [SYSTEM ] usepackage      tabularx
  [SYSTEM ] usepackage      booktabs
  [SYSTEM ] usepackage      afterpage
  [SYSTEM ] usepackage      algorithm
  [SYSTEM ] usepackage      algpseudocode
  [SYSTEM ] usepackage      longtable
  [SYSTEM ] usepackage      graphicx
  [SYSTEM ] usepackage      multirow
  [SYSTEM ] usepackage      array
  [SYSTEM ] usepackage      newunicodechar
  [SYSTEM ] usepackage      geometry
  [DYNAMIC] includegraphics #1
  [LOCAL  ] includegraphics media/office_obj_1.png
  [LOCAL  ] includegraphics media/image5.png
  [LOCAL  ] includegraphics media/image6.png
  [LOCAL  ] includegraphics media/image7.png
[2026-07-22 12:22:35,000] [INFO] [latex_compiler.py:357]: Using latexmk compiler.
[2026-07-22 12:22:40,978] [INFO] [latex_compiler.py:424]: Compilation completed successfully. PDF generated at: G:\work\Journal2LaTeX\backend\temp\b79e3c6a-db72-4136-a008-d38bd6e9aeae\output\paper.pdf
[2026-07-22 12:22:50,235] [INFO] [latex_compiler.py:321]: Starting LaTeX compilation for: G:\work\Journal2LaTeX\backend\temp\b79e3c6a-db72-4136-a008-d38bd6e9aeae\rendered\main.tex
[2026-07-22 12:22:50,242] [INFO] [latex_compiler.py:125]: Rendered working directory tree before compilation:
  csr_family_businesses.pdf
  everyshi.sty
  jsap_paper.pdf
  logo7pt-eps-converted-to.pdf
  logo7pt.eps
  main.aux
  main.fdb_latexmk
  main.fls
  main.log
  main.out
  main.pdf
  main.tex
  media/
    image1.jpeg
    image10.jpeg
    image4.jpeg
    image5.png
    image6.png
    image7.png
    image8.jpeg
    image9.jpeg
    office_obj_1.png
  NSP1.cls
  paper_fire_victims.pdf
  psfig.sty
  Ref. JSAP paper.tex
  template.json
[2026-07-22 12:22:50,246] [INFO] [latex_compiler.py:131]: Template resource manifest (26 files):
  csr_family_businesses.pdf                template resource (graphic (PDF))
  everyshi.sty                             template resource (package / style)
  jsap_paper.pdf                           template resource (graphic (PDF))
  logo7pt-eps-converted-to.pdf             template resource (graphic (PDF))
  logo7pt.eps                              template resource (graphic (EPS))
  main.aux                                 generated document / build artefact
  main.fdb_latexmk                         generated document / build artefact
  main.fls                                 generated document / build artefact
  main.log                                 generated document / build artefact
  main.out                                 generated document / build artefact
  main.pdf                                 generated document / build artefact
  main.tex                                 generated document / build artefact
  media\image1.jpeg                        renderer-generated media
  media\image10.jpeg                       renderer-generated media
  media\image4.jpeg                        renderer-generated media
  media\image5.png                         renderer-generated media
  media\image6.png                         renderer-generated media
  media\image7.png                         renderer-generated media
  media\image8.jpeg                        renderer-generated media
  media\image9.jpeg                        renderer-generated media
  media\office_obj_1.png                   renderer-generated media
  NSP1.cls                                 template resource (document class)
  paper_fire_victims.pdf                   template resource (graphic (PDF))
  psfig.sty                                template resource (package / style)
  Ref. JSAP paper.tex                      template resource (included source)
  template.json                            template metadata
[2026-07-22 12:22:50,384] [INFO] [latex_compiler.py:144]: Dependency resolution (31 references):
  [LOCAL  ] documentclass   NSP1
  [SYSTEM ] usepackage      url
  [SYSTEM ] usepackage      floatflt
  [SYSTEM ] usepackage      helvet
  [SYSTEM ] usepackage      times
  [LOCAL  ] usepackage      psfig
  [SYSTEM ] usepackage      graphics
  [SYSTEM ] usepackage      mathptmx
  [SYSTEM ] usepackage      amsmath
  [SYSTEM ] usepackage      amssymb
  [SYSTEM ] usepackage      bm
  [SYSTEM ] usepackage      float
  [SYSTEM ] usepackage      caption
  [SYSTEM ] usepackage      hyperref
  [SYSTEM ] usepackage      xcolor
  [SYSTEM ] usepackage      tabularx
  [SYSTEM ] usepackage      booktabs
  [SYSTEM ] usepackage      afterpage
  [SYSTEM ] usepackage      algorithm
  [SYSTEM ] usepackage      algpseudocode
  [SYSTEM ] usepackage      longtable
  [SYSTEM ] usepackage      graphicx
  [SYSTEM ] usepackage      multirow
  [SYSTEM ] usepackage      array
  [SYSTEM ] usepackage      newunicodechar
  [SYSTEM ] usepackage      geometry
  [DYNAMIC] includegraphics #1
  [LOCAL  ] includegraphics media/office_obj_1.png
  [LOCAL  ] includegraphics media/image5.png
  [LOCAL  ] includegraphics media/image6.png
  [LOCAL  ] includegraphics media/image7.png
[2026-07-22 12:22:50,385] [INFO] [latex_compiler.py:357]: Using latexmk compiler.
[2026-07-22 12:22:56,391] [INFO] [latex_compiler.py:424]: Compilation completed successfully. PDF generated at: G:\work\Journal2LaTeX\backend\temp\b79e3c6a-db72-4136-a008-d38bd6e9aeae\output\paper.pdf
