[2026-07-18 00:53:54,386] [INFO] [job_manager.py:92]: Job 910ed6ff-3407-40d9-8d9f-65de08c6515e workspace created successfully
[2026-07-18 00:53:54,411] [INFO] [pipeline_service.py:34]: Starting validation for job: 910ed6ff-3407-40d9-8d9f-65de08c6515e
[2026-07-18 00:53:54,412] [INFO] [job_manager.py:136]: Job status updated to: VALIDATING
[2026-07-18 00:53:54,425] [INFO] [job_manager.py:160]: Progress updated to 10%: Validating input Word Document
[2026-07-18 00:53:54,444] [INFO] [pipeline_service.py:49]: Validation successful.
[2026-07-18 00:53:54,457] [INFO] [job_manager.py:160]: Progress updated to 20%: Input document validated successfully
[2026-07-18 00:53:54,457] [INFO] [pipeline_service.py:56]: Starting document analysis for job: 910ed6ff-3407-40d9-8d9f-65de08c6515e
[2026-07-18 00:53:54,479] [INFO] [job_manager.py:136]: Job status updated to: ANALYZING_DOCUMENT
[2026-07-18 00:53:54,492] [INFO] [job_manager.py:160]: Progress updated to 30%: Analyzing document structure and content blocks
[2026-07-18 00:53:54,492] [INFO] [document_analyzer.py:33]: Starting improved document analysis for: G:\work\Journal2LaTeX\backend\temp\910ed6ff-3407-40d9-8d9f-65de08c6515e\input\test.docx
[2026-07-18 00:53:54,862] [INFO] [document_analyzer.py:303]: Parsed document: title='Statistical Analysis of Body Dysmorphic Disorder, Quality of Life, and Social Anxiety in Fire Victims: Path Analysis', authors=3, sections=1, references=0
[2026-07-18 00:53:54,863] [INFO] [pipeline_service.py:84]: Document analysis completed. Saved structure to: G:\work\Journal2LaTeX\backend\temp\910ed6ff-3407-40d9-8d9f-65de08c6515e\intermediate\document_structure.json, report to: G:\work\Journal2LaTeX\backend\temp\910ed6ff-3407-40d9-8d9f-65de08c6515e\intermediate\conversion_report.json
[2026-07-18 00:53:54,878] [INFO] [job_manager.py:160]: Progress updated to 45%: Document structure extracted successfully
[2026-07-18 00:53:54,878] [INFO] [pipeline_service.py:97]: Starting asset extraction for job: 910ed6ff-3407-40d9-8d9f-65de08c6515e
[2026-07-18 00:53:54,891] [INFO] [job_manager.py:136]: Job status updated to: EXTRACTING_ASSETS
[2026-07-18 00:53:54,904] [INFO] [job_manager.py:160]: Progress updated to 50%: Extracting images and figure assets from document
[2026-07-18 00:53:55,294] [INFO] [pipeline_service.py:108]: Assets extracted to: G:\work\Journal2LaTeX\backend\temp\910ed6ff-3407-40d9-8d9f-65de08c6515e\intermediate\media
[2026-07-18 00:53:55,304] [INFO] [job_manager.py:160]: Progress updated to 60%: Document assets extracted successfully
[2026-07-18 00:53:55,304] [INFO] [pipeline_service.py:120]: Classifying extracted assets for job: 910ed6ff-3407-40d9-8d9f-65de08c6515e
[2026-07-18 00:53:55,304] [INFO] [asset_analyzer.py:23]: Starting extended asset analysis for job: 910ed6ff-3407-40d9-8d9f-65de08c6515e
[2026-07-18 00:53:55,306] [INFO] [asset_analyzer.py:153]: Extended asset classification completed. Assets classified: 8
[2026-07-18 00:53:55,319] [INFO] [job_manager.py:160]: Progress updated to 65%: Extracted assets analyzed and mapped successfully
[2026-07-18 00:53:55,339] [INFO] [pipeline_service.py:136]: Loading template JSAP for job: 910ed6ff-3407-40d9-8d9f-65de08c6515e
[2026-07-18 00:53:55,340] [INFO] [job_manager.py:136]: Job status updated to: LOADING_TEMPLATE
[2026-07-18 00:53:55,354] [INFO] [job_manager.py:160]: Progress updated to 70%: Loading template styles: JSAP
[2026-07-18 00:53:55,374] [INFO] [pipeline_service.py:154]: Template loaded and workspace prepared at: G:\work\Journal2LaTeX\backend\temp\910ed6ff-3407-40d9-8d9f-65de08c6515e\rendered
[2026-07-18 00:53:55,383] [INFO] [job_manager.py:160]: Progress updated to 80%: Template workspace initialized
[2026-07-18 00:53:55,383] [INFO] [pipeline_service.py:167]: Starting LaTeX rendering for job: 910ed6ff-3407-40d9-8d9f-65de08c6515e
[2026-07-18 00:53:55,396] [INFO] [job_manager.py:136]: Job status updated to: RENDERING_LATEX
[2026-07-18 00:53:55,410] [INFO] [job_manager.py:160]: Progress updated to 85%: Rendering document content to LaTeX
[2026-07-18 00:53:55,427] [INFO] [latex_renderer.py:29]: Starting LaTeX rendering inside workspace: G:\work\Journal2LaTeX\backend\temp\910ed6ff-3407-40d9-8d9f-65de08c6515e\rendered
[2026-07-18 00:53:55,433] [INFO] [latex_renderer.py:105]: LaTeX document main.tex rendered successfully.
[2026-07-18 00:53:55,447] [INFO] [job_manager.py:160]: Progress updated to 90%: LaTeX document rendering completed
[2026-07-18 00:53:55,447] [INFO] [pipeline_service.py:201]: Starting document compilation for job: 910ed6ff-3407-40d9-8d9f-65de08c6515e
[2026-07-18 00:53:55,462] [INFO] [job_manager.py:136]: Job status updated to: COMPILING
[2026-07-18 00:53:55,477] [INFO] [job_manager.py:160]: Progress updated to 92%: Compiling LaTeX source to PDF
[2026-07-18 00:54:00,053] [INFO] [pipeline_service.py:223]: Compilation completed successfully.
[2026-07-18 00:54:00,055] [INFO] [pipeline_service.py:235]: Running E2E publication fidelity checker for job: 910ed6ff-3407-40d9-8d9f-65de08c6515e
[2026-07-18 00:54:00,055] [INFO] [fidelity_checker.py:24]: Generating advanced fidelity report and scores for job: 910ed6ff-3407-40d9-8d9f-65de08c6515e
[2026-07-18 00:54:00,058] [INFO] [fidelity_checker.py:160]: Fidelity report written to G:\work\Journal2LaTeX\backend\temp\910ed6ff-3407-40d9-8d9f-65de08c6515e\intermediate\fidelity_report.json. Overall Score: 97.3%, Critical missing: 0
[2026-07-18 00:54:00,070] [INFO] [job_manager.py:136]: Job status updated to: COMPLETED
[2026-07-18 00:54:00,083] [INFO] [job_manager.py:160]: Progress updated to 100%: Pipeline process completed successfully
